>>> [PID 3859515] START u=2500, v_perp=-1000, out=bounce/dat195.dat, dt=5.00E-09, steps=30000000
 outer boundary:   8.3000000000000462E-002
 rk4
 istep=            1
 grad_b=  -0.5028820227222444        4.9315798323904952E-003 
  -7.9825355861705971E-003
 bsub=   8.6924825456463593E-003   4.2252284537356750E-002 
    1.020727285774361     
 bsup=    0.000000000000000        0.5003076739325789      
   0.9181486290678463     
 b_abs=   0.9787596349319281     
 g=  -1.6418757938736199E-002
 j=    0.000000000000000         576.0999285308154      
    59.09034214850524     
 v_perp_2=    999999.9365549805     
 b_n=   8.9311117813989629E-006   0.5011611100065095      
   0.9181132284126814     
 b_para_n=   0.9787596378363208     
 dxdt=   2.4637307242608802E-002    1280.266795114806      
    2345.086488474149     
 dudt=    2537.576703391743     
 ---------------------
 rk4
 istep=      1000001
 grad_b=  -0.7234193782766317        5.6438682962778944E-002 
  -5.3096914942262173E-002
 bsub=  -1.9139881077718881E-002  -3.0925267843933589E-002 
    1.080928134506672     
 bsup=    0.000000000000000       -0.4615079423173521      
   0.9090499599756142     
 b_abs=   0.9985696776183247     
 g=  -1.9934498829895703E-002
 j=    0.000000000000000        -1164.240768840860      
    342.1472643623046     
 v_perp_2=    1020239.004688811     
 b_n=   7.7981952381577909E-005  -0.4604794408779885      
   0.9090807784755101     
 b_para_n=   0.9985696909732423     
 dxdt=   0.2108784779463755        -1150.768904730552      
    2272.275536899665     
 dudt=    38018.06483773797     
 ---------------------
 rk4
 istep=      2000001
 grad_b=  -0.4683356537212379        1.3068787067267608E-002 
  -4.7434969042507574E-003
 bsub=  -1.6690120872241102E-002  -0.2490498864333408      
    1.511733930381486     
 bsup=    0.000000000000000        -1.261831446793893      
   0.8992667303930141     
 b_abs=    1.293804609408028     
 g=  -1.6993588563907213E-002
 j=    0.000000000000000         470.3533969116899      
    99.36474271023539     
 v_perp_2=    1321879.794385128     
 b_n=   1.6632787124856243E-005   -1.261197399658426      
   0.8993713703599516     
 b_para_n=    1.293804610040415     
 dxdt=   3.4790551231854074E-002   -2373.277545145178      
    1692.522685602527     
 dudt=    8195.473891753021     
 ---------------------
 rk4
 istep=      3000001
 grad_b=   -1.057173821524742       -1.0389744604307992E-002 
   7.6931466858344538E-002
 bsub=   3.5172316958900262E-003  -7.5089886392711552E-002 
    1.075584003396046     
 bsup=    0.000000000000000       -0.6142719716033452      
   0.8964661449525663     
 b_abs=    1.005013708267134     
 g=  -1.9140335947453221E-002
 j=    0.000000000000000         1115.219938824406      
   -858.7014892967416     
 v_perp_2=    1026821.483713582     
 b_n=  -7.2872465155577286E-006  -0.6127366004241488      
   0.8965733272893026     
 b_para_n=    1.005013675559609     
 dxdt=  -1.9580573053496950E-002   -1520.611233373057      
    2225.482877285515     
 dudt=   -38299.72781568281     
 ---------------------
 rk4
 istep=      4000001
 grad_b=   0.1330832434266578       -3.0916536641230549E-002 
  -0.1032247697440153     
 bsub=   3.4050393097592654E-002   2.0116999943177925E-002 
   0.9910264894841343     
 bsup=    0.000000000000000        0.1454692939239777      
    1.105575505155013     
 b_abs=    1.048460207813666     
 g=  -1.2279536241750280E-002
 j=    0.000000000000000         310.6504505151073      
   -79.71798761556656     
 v_perp_2=    1071209.743042315     
 b_n=  -5.5024868138532213E-005   0.1452084521106209      
    1.105582688318784     
 b_para_n=    1.048460205650914     
 dxdt=  -0.1417627972151804         344.2104393503361      
    2621.146225087690     
 dudt=    57796.26709060960     
 ---------------------
 rk4
 istep=      5000001
 grad_b=   0.6892180789211619       -3.7290320384512993E-002 
  -0.1723306386606597     
 bsub=  -3.0188964511102416E-002   0.1359263817895850      
    1.655540159267150     
 bsup=    0.000000000000000       -0.6569209513745465      
    1.090369861958715     
 b_abs=    1.309999205521766     
 g=  -8.6010672125334201E-003
 j=    0.000000000000000        -676.3559017191327      
    163.7912298950962     
 v_perp_2=    1338422.557712582     
 b_n=  -6.6020844841644107E-005  -0.6588783039697055      
    1.090529367076648     
 b_para_n=    1.309999208860045     
 dxdt=  -0.1364069038488697        -1223.296946924896      
    2024.068537473674     
 dudt=    63722.56583217391     
 ---------------------
 rk4
 istep=      6000001
 grad_b=   0.4012649991554278        6.3483539288773191E-002 
   0.1782816256494121     
 bsub=  -1.9023092197086519E-002   0.1807807898919551      
    2.109720672451822     
 bsup=    0.000000000000000        -1.598694623550632      
    1.079365693597886     
 b_abs=    1.409856385816794     
 g=  -7.1935032714456146E-003
 j=    0.000000000000000        -1424.610285076787      
    179.8031532112393     
 v_perp_2=    1440445.048465615     
 b_n=   1.7935351339921571E-004   -1.600193547360065      
    1.079495754050704     
 b_para_n=    1.409856387758340     
 dxdt=   0.3446370270843277        -2736.021460076010      
    1845.542202117588     
 dudt=   -32951.33263677392     
 ---------------------
 rk4
 istep=      7000001
 grad_b=   0.5730900694952865        7.7097115969252727E-002 
   0.1713285622495141     
 bsub=  -2.3761355967297566E-002   8.8891059142680251E-002 
    1.304524576922715     
 bsup=    0.000000000000000       -0.4544426642328780      
    1.135578315616106     
 b_abs=    1.200344034706336     
 g=  -7.8215915796335453E-003
 j=    0.000000000000000        -168.7944832125908      
    480.9013594048956     
 v_perp_2=    1226385.992442009     
 b_n=   1.9444600620860500E-004  -0.4561552532047762      
    1.135698566787234     
 b_para_n=    1.200344048418890     
 dxdt=   0.4380501676378449        -933.0425629367109      
    2322.151670472065     
 dudt=   -67889.46432516701     
 ---------------------
 rk4
 istep=      8000001
 grad_b=  -0.6388126506457585        1.2842083397257634E-002 
   1.4611699755391346E-002
 bsub=  -1.0532081445222012E-002  -9.1981112425648798E-002 
   0.8348169188234590     
 bsup=    0.000000000000000       -0.3677061879602369      
    1.113405715987240     
 b_abs=   0.9810823675154817     
 g=  -1.1138510932845328E-002
 j=    0.000000000000000        -490.3001630507357      
    219.6827324451640     
 v_perp_2=    1002366.587010956     
 b_n=   2.9426312199026535E-005  -0.3664058685825003      
    1.113549367120187     
 b_para_n=   0.9810823753160532     
 dxdt=   8.0984186370250039E-002   -933.2350879369726      
    2837.045265338184     
 dudt=   -6012.305917159048     
 ---------------------
 rk4
 istep=      9000001
 grad_b=  -0.1901584518370319       -0.1695039764890406      
  -0.3066713117027301     
 bsub=   5.7255050786294240E-002   1.8532254973848798E-003 
    1.474505670276121     
 bsup=    0.000000000000000        -1.256888655766635      
   0.9801265169967340     
 b_abs=    1.200803171528812     
 g=  -1.2348058231985128E-002
 j=    0.000000000000000         71.65312214179562      
   -301.6150832831803     
 v_perp_2=    1226853.293034203     
 b_n=  -3.5958658417194607E-004   -1.256509650715910      
   0.9801399952904397     
 b_para_n=    1.200803161580620     
 dxdt=  -0.8097740694583023        -2567.984423043777      
    2003.219863415683     
 dudt=    37236.73324016009     
 ---------------------
 rk4
 istep=     10000001
 grad_b=   0.1664437367456327       -6.9337106022951026E-002 
   1.0679678970923298E-002
 bsub=   9.2901676280006812E-002   8.8757088659686553E-002 
    1.899092174197631     
 bsup=    0.000000000000000        -1.044590840739599      
    1.045342208933175     
 b_abs=    1.375988187394171     
 g=  -1.2395997064726570E-002
 j=    0.000000000000000         702.5151211219140      
   -83.95835185617908     
 v_perp_2=    1405837.662227265     
 b_n=  -1.4291359925065449E-004   -1.044930367573124      
    1.045365067267426     
 b_para_n=    1.375988185764428     
 dxdt=  -0.2812842508783668        -1835.907324753211      
    1836.604127934471     
 dudt=   -31034.48468801100     
 ---------------------
 rk4
 istep=     11000001
 grad_b=   0.7189557365565963       -1.2330709630186398E-002 
   0.1597667343526387     
 bsub=   1.3436919579705799E-002   5.7764598278793114E-002 
    1.216935251098213     
 bsup=    0.000000000000000        0.4844880571529427      
    1.074818005118362     
 b_abs=    1.155961233543157     
 g=  -1.0003476914355576E-002
 j=    0.000000000000000        -1292.400222806776      
   -53.45139110985303     
 v_perp_2=    1181036.705469514     
 b_n=  -4.6725168571782202E-005   0.4828052738116549      
    1.074898394959916     
 b_para_n=    1.155961230157217     
 dxdt=  -0.1092674279926968         1028.581444449498      
    2290.786218599012     
 dudt=   -73246.93671960477     
 ---------------------
 rk4
 istep=     12000001
 grad_b=  -0.5354043751223398       -1.3826949321241646E-003 
   1.0947325680052022E-002
 bsub=  -2.9183559474948322E-002  -4.6794271489127875E-002 
   0.9464549772156007     
 bsup=    0.000000000000000       -0.3342993571987827      
    1.001776599657026     
 b_abs=   0.9815483091999494     
 g=  -1.6849612083417991E-002
 j=    0.000000000000000         76.94759352988854      
   -32.90638924995295     
 v_perp_2=    1002839.514807841     
 b_n=  -1.2827685479196359E-006  -0.3334836508645130      
    1.001816888720630     
 b_para_n=   0.9815483080149501     
 dxdt=  -3.5286428539910864E-003   -849.0219700271637      
    2551.052540859546     
 dudt=   -5948.213990889021     
 ---------------------
 rk4
 istep=     13000001
 grad_b=  -0.9476283476141029        0.1433803702285112      
  -0.1423638260332539     
 bsub=   2.2828385996198221E-002  -0.1764789018136517      
    1.409750243493546     
 bsup=    0.000000000000000       -0.9696755133222004      
   0.8729576740167876     
 b_abs=    1.183959389752587     
 g=  -1.9434941861716813E-002
 j=    0.000000000000000         451.2279242946383      
    55.88943693391688     
 v_perp_2=    1209640.222638452     
 b_n=   1.6705508045978198E-004  -0.9684177537612945      
   0.8731124208637714     
 b_para_n=    1.183959389733178     
 dxdt=   0.3815033110377529        -2010.022219415755      
    1812.476861363011     
 dudt=    113611.1652164190     
 ---------------------
 rk4
 istep=     14000001
 grad_b=   -1.114219845780240       -9.8345077677575693E-002 
   0.1279731141736991     
 bsub=  -1.0660796949483497E-002  -0.1044946598074377      
    1.248233073274418     
 bsup=    0.000000000000000       -0.7545276055415733      
   0.8670727030106717     
 b_abs=    1.077569586323588     
 g=  -2.0596663250555893E-002
 j=    0.000000000000000        -1216.117520587818      
    394.5311611462549     
 v_perp_2=    1100942.001450965     
 b_n=  -1.1865095798179362E-004  -0.7530205025151219      
   0.8671978703776995     
 b_para_n=    1.077569603717310     
 dxdt=  -0.2974855141395326        -1732.558640332202      
    1995.642646268580     
 dudt=   -87781.77087869460     
 ---------------------
 rk4
 istep=     15000001
 grad_b=  -0.1682561578863944        6.1903080079347833E-003 
  -6.0771440218963718E-002
 bsub=   3.4689060460599497E-002  -2.4869957330680426E-003 
   0.9585771103793140     
 bsup=    0.000000000000000       -1.5104972297610320E-002 
    1.049292137630812     
 b_abs=    1.002948651972226     
 g=  -1.4939361752060456E-002
 j=    0.000000000000000        -801.6132143590402      
    228.1675351469721     
 v_perp_2=    1024701.637773462     
 b_n=   1.0044340410564455E-005  -1.4828513758888728E-002 
    1.049292498937874     
 b_para_n=    1.002948659169210     
 dxdt=   2.7044007997210483E-002   -36.83257222595508      
    2610.345320567004     
 dudt=    32526.90073006254     
 ---------------------
 rk4
 istep=     16000001
 grad_b=   0.7276976435938993        8.2692720509952258E-002 
  -0.1690165872322426     
 bsub=  -5.6169909360778571E-002   9.6109360718349690E-003 
    1.438054446921329     
 bsup=    0.000000000000000       -0.1852164659859932      
    1.006125460904127     
 b_abs=    1.202264323570942     
 g=  -1.3217963054734615E-002
 j=    0.000000000000000        -349.6061625478222      
    347.3175781251265     
 v_perp_2=    1228339.298507690     
 b_n=   1.6196644382475620E-004  -0.1866098197442174      
    1.006141108702554     
 b_para_n=    1.202264334643172     
 dxdt=   0.3643026078812209        -381.1740089122150      
    2053.608998946973     
 dudt=    78763.27142872418     
 ---------------------
 rk4
 istep=     17000001
 grad_b=  -0.7437114551730881        4.5862882302555849E-002 
   0.1581905574602033     
 bsub=  -8.9533119577427350E-002  -9.3320206781467380E-002 
    1.665882987684820     
 bsup=    0.000000000000000        -1.205965613969946      
   0.9552427253244390     
 b_abs=    1.305523972627566     
 g=  -1.7827330518933954E-002
 j=    0.000000000000000         1466.565812001329      
   -341.8305436470185     
 v_perp_2=    1333837.504557366     
 b_n=   7.6346044152666079E-005   -1.204939888244118      
   0.9553042777488681     
 b_para_n=    1.305523959376466     
 dxdt=   0.1582744564307508        -2244.703096701160      
    1779.836372737486     
 dudt=   -37486.45987061091     
 ---------------------
 rk4
 istep=     18000001
 grad_b=   -1.089683061634429        6.2095688561526835E-002 
   0.1415122278365011     
 bsub=  -1.9062559181269388E-002  -8.6920565958585022E-002 
    1.105634960155088     
 bsup=    0.000000000000000       -0.6886559082255159      
   0.8987126104624169     
 b_abs=    1.026392322379617     
 g=  -1.7015069167993967E-002
 j=    0.000000000000000        -1105.719062583037      
    905.0238347986361     
 v_perp_2=    1048651.475918784     
 b_n=   1.1765903167154434E-004  -0.6869088447697540      
   0.8988520177836492     
 b_para_n=    1.026392356461576     
 dxdt=   0.3096025910531925        -1666.231596181347      
    2180.838735029485     
 dudt=   -42014.58239491160     
 ---------------------
 rk4
 istep=     19000001
 grad_b=  -6.8524939019490694E-002  -5.5084323217945458E-002 
  -9.0580244217145389E-002
 bsub=   4.0392935569302804E-002  -8.0505814323454591E-003 
   0.9385707375021999     
 bsup=    0.000000000000000        1.5244677292466369E-002 
    1.129859056288104     
 b_abs=    1.029390137839187     
 g=  -1.1342814067103014E-002
 j=    0.000000000000000         156.6832500862486      
    68.78117099638280     
 v_perp_2=    1051713.406770552     
 b_n=  -1.1361332610300080E-004   1.5376123078715744E-002 
    1.129865075443623     
 b_para_n=    1.029390139794196     
 dxdt=  -0.2980920851741419         37.21495697904117      
    2732.641146652407     
 dudt=    51205.26518626022     
 ---------------------
 rk4
 istep=     20000001
 grad_b=   0.6277774937194006       -5.7423502268357192E-002 
  -0.1577673439645462     
 bsub=   7.1388286122643640E-004   0.1304851754095340      
    1.569488349451799     
 bsup=    0.000000000000000       -0.6506890818870745      
    1.111499433160671     
 b_abs=    1.288569396591049     
 g=  -7.7791719429377727E-003
 j=    0.000000000000000         353.7122461975252      
   -87.25402643160605     
 v_perp_2=    1316512.172456845     
 b_n=  -1.3719309508843425E-004  -0.6526331611384093      
    1.111661122290594     
 b_para_n=    1.288569394840060     
 dxdt=  -0.2881175975228816        -1234.126990428301      
    2101.486677308845     
 dudt=    54706.41120792452     
 ---------------------
 rk4
 istep=     21000001
 grad_b=   0.4194570993915291        1.0122192184721053E-002 
   5.5347289811351105E-002
 bsub=   7.7779157296142681E-003   0.1934154736023618      
    2.159170436659469     
 bsup=    0.000000000000000        -1.492700495138859      
    1.078227743467606     
 b_abs=    1.428186516666656     
 g=  -7.0509833410953883E-003
 j=    0.000000000000000         1741.227701040416      
    122.8491295071984     
 v_perp_2=    1459155.580169068     
 b_n=   1.9518335558770534E-005   -1.494285042581178      
    1.078369620881461     
 b_para_n=    1.428186526004086     
 dxdt=   3.7030758293797005E-002   -2518.126160974164      
    1817.024822869299     
 dudt=   -15941.18873796092     
 ---------------------
 rk4
 istep=     22000001
 grad_b=   0.7576487093109378        3.4807203166768629E-002 
   0.1616552576209113     
 bsub=   8.2215380085589630E-003   9.8361945334826131E-002 
    1.385648572362965     
 bsup=    0.000000000000000       -0.2821348042662400      
    1.120917107075573     
 b_abs=    1.234872048326794     
 g=  -8.1186183733830165E-003
 j=    0.000000000000000         6.125386955644842      
    101.1183049836666     
 v_perp_2=    1261648.129120730     
 b_n=   6.6853998887743860E-005  -0.2843029817497620      
    1.121070623762698     
 b_para_n=    1.234872051295467     
 dxdt=   0.1464386243699317        -563.8477690200082      
    2221.625908204763     
 dudt=   -70897.10221547954     
 ---------------------
 rk4
 istep=     23000001
 grad_b=  -0.2911704919909369        2.2250761255304494E-002 
   4.9307393152528800E-002
 bsub=  -3.5787081575306454E-002  -3.7469893866640278E-002 
   0.9064517621520409     
 bsup=    0.000000000000000       -0.1458476802755463      
    1.091571948846265     
 b_abs=   0.9977655447985366     
 g=  -1.3424884529502398E-002
 j=    0.000000000000000        -22.90575049001109      
   -213.5259817667266     
 v_perp_2=    1019399.552764894     
 b_n=   4.3017750584326265E-005  -0.1453354421307036      
    1.091594814543240     
 b_para_n=   0.9977655384469891     
 dxdt=   0.1164215740238893        -363.4818672083598      
    2730.855115799947     
 dudt=   -25894.83784220590     
 ---------------------
 rk4
 istep=     24000001
 grad_b=   -1.275308215288317        3.9076033682014066E-002 
  -0.1501011155432900     
 bsub=   1.9291438590442807E-002  -9.6176826559969480E-002 
    1.237812113340537     
 bsup=    0.000000000000000       -0.7941535951177511      
   0.8626524919686920     
 b_abs=    1.069879245566439     
 g=  -2.0522866820973346E-002
 j=    0.000000000000000        -15.98988691319585      
   -536.7059746976877     
 v_perp_2=    1093075.878080553     
 b_n=   3.7496188321139886E-005  -0.7924124171727868      
   0.8627871791343170     
 b_para_n=    1.069879226677684     
 dxdt=   9.4682492755655462E-002   -1837.442256704169      
    2001.044963563389     
 dudt=    76643.24238805886     
 ---------------------
 rk4
 istep=     25000001
 grad_b=  -0.3345991884219188       -0.1755655447452854      
   9.5410872412745873E-002
 bsub=   2.2483544610241706E-002  -0.2175635132051854      
    1.446671227624782     
 bsup=    0.000000000000000        -1.106617609868704      
   0.8945279008909703     
 b_abs=    1.238982985467748     
 g=  -1.8507472775562257E-002
 j=    0.000000000000000         114.6731231610944      
    179.4008450067408     
 v_perp_2=    1265845.177998269     
 b_n=  -2.1008746927690672E-004   -1.106179646181530      
   0.8945970351327229     
 b_para_n=    1.238982990382232     
 dxdt=  -0.4586691364302005        -2183.954283232864      
    1766.310580348400     
 dudt=   -115293.6016710383     
 ---------------------
 rk4
 istep=     26000001
 grad_b=  -0.1663272699297962       -0.1097604446890753      
   0.1112423858423277     
 bsub=   1.2097301199859748E-002   1.5063529421892763E-002 
    1.134381060134127     
 bsup=    0.000000000000000        0.1365443851064304      
   0.9231878825317207     
 b_abs=    1.024390138511802     
 g=  -1.8186029113806259E-002
 j=    0.000000000000000        -257.0552314926108      
   -218.1178191823393     
 v_perp_2=    1046599.107914554     
 b_n=  -1.7228736044817272E-004   0.1368038256985543      
   0.9231862676322411     
 b_para_n=    1.024390130670568     
 dxdt=  -0.4542293163632894         332.6727705395298      
    2244.599233842111     
 dudt=   -43739.16400471605     
 ---------------------
 rk4
 istep=     27000001
 grad_b=  -0.4518535654581722       -8.8330884987919481E-003 
   1.3387230066250116E-002
 bsub=  -3.0763977477729444E-002  -9.7378678835964225E-003 
   0.9821944754953013     
 bsup=    0.000000000000000       -0.1978098867809703      
   0.9775201370046790     
 b_abs=   0.9809289078522373     
 g=  -1.7523759571564001E-002
 j=    0.000000000000000         691.9714365325328      
   -290.2069874867797     
 v_perp_2=    1002194.771098807     
 b_n=  -1.3252341677636304E-005  -0.1971222415358313      
   0.9775265295569454     
 b_para_n=   0.9809288978879203     
 dxdt=  -3.6477453260881490E-002   -502.1579232048685      
    2490.892546413644     
 dudt=   -7724.891001917954     
 ---------------------
 rk4
 istep=     28000001
 grad_b=  -0.8209015091964103        0.1604133500341296      
  -0.1316080370237286     
 bsub=   1.3209050249868775E-002  -0.1807920209096581      
    1.401196432137152     
 bsup=    0.000000000000000       -0.9594037844637835      
   0.8750132164785289     
 b_abs=    1.182885218300699     
 g=  -1.9116014683165941E-002
 j=    0.000000000000000         253.5031647255848      
    1.998211011887420     
 v_perp_2=    1208528.452387002     
 b_n=   1.9321081392321691E-004  -0.9582996520604189      
   0.8751538570177070     
 b_para_n=    1.182885217306946     
 dxdt=   0.4416320892743729        -1991.040263038935      
    1818.528679705205     
 dudt=    116196.1539049846     
 ---------------------
 rk4
 istep=     29000001
 grad_b=   -1.193870892830458       -8.1473107933570890E-002 
   0.1383266604711292     
 bsub=  -1.6348258254796161E-002  -0.1061436832921131      
    1.261059429638865     
 bsup=    0.000000000000000       -0.7807404829587852      
   0.8637443606294120     
 b_abs=    1.082785197164360     
 g=  -2.0709036070016180E-002
 j=    0.000000000000000        -671.2043990897062      
    148.7811359999432     
 v_perp_2=    1106257.650602680     
 b_n=  -9.4047389642683138E-005  -0.7791350098249694      
   0.8638782806550576     
 b_para_n=    1.082785204359067     
 dxdt=  -0.2346712092125126        -1783.225749148402      
    1977.574260452491     
 dudt=   -86377.62254289437     
 ---------------------
 Elapsed time (seconds):     154.7428990000000     

real	2m34.753s
user	2m34.507s
sys	0m0.016s
>>> [PID 3859515] DONE  u=2500, v_perp=-1000, out=bounce/dat195.dat
