>>> [PID 3858249] START u=9000, v_perp=-2000, out=bounce/dat187.dat, dt=5.00E-09, steps=30000000
 outer boundary:   8.3000000000000462E-002
 rk4
 istep=            1
 grad_b=  -0.5028802978091401        4.9299252050539755E-003 
  -7.9790302695365023E-003
 bsub=   8.6929356647838310E-003   4.2252029365563271E-002 
    1.020728281563033     
 bsup=    0.000000000000000        0.5002753048682556      
   0.9181489310402343     
 b_abs=   0.9787594735298447     
 g=  -1.6418921949327883E-002
 j=    0.000000000000000         576.0999247367299      
    59.06595870715639     
 v_perp_2=    3999999.086600941     
 b_n=   3.2140712454316823E-005   0.5033476376787055      
   0.9180214911868352     
 b_para_n=   0.9787594839825769     
 dxdt=   0.3028412997020030         4629.136742930186      
    8441.466244692921     
 dudt=    10145.65734409502     
 ---------------------
 rk4
 istep=      1000001
 grad_b=   0.6554089038454540        5.5163376912841615E-002 
   0.1888830077997478     
 bsub=   3.1796709317175285E-002   0.1688892797566232      
    1.887777343907430     
 bsup=    0.000000000000000       -0.9214288772839401      
    1.076804329618163     
 b_abs=    1.369973853967661     
 g=  -8.6970721671144665E-003
 j=    0.000000000000000        -381.4010555099638      
    87.65674613838564     
 v_perp_2=    5598757.503349789     
 b_n=   4.1253924724777983E-004  -0.9284606414912805      
    1.077426479707673     
 b_para_n=    1.369973860275530     
 dxdt=    2.777885802436143        -6040.610223343560      
    7008.060698791329     
 dudt=   -227551.0302647114     
 ---------------------
 rk4
 istep=      2000001
 grad_b=   0.5295249342758566        6.4254933253504246E-002 
  -0.1106109360442692     
 bsub=  -0.1015781222007232        1.7519924938832105E-002 
    1.747184129959522     
 bsup=    0.000000000000000        -1.021481891444425      
    1.018864695321811     
 b_abs=    1.327616748820466     
 g=  -1.3279807638587606E-002
 j=    0.000000000000000        -93.31719727486950      
   -94.17597682349910     
 v_perp_2=    5425599.103343805     
 b_n=   4.5532736386707975E-004   -1.025125783077550      
    1.018927698027557     
 b_para_n=    1.327616737763901     
 dxdt=    3.163710200820836        -6888.802776971097      
    6846.336693580179     
 dudt=    274476.7234255515     
 ---------------------
 rk4
 istep=      3000001
 grad_b=  -4.4531610084177775E-002  -2.0908057740011976E-003 
   7.5578295100488177E-002
 bsub=  -3.4544537916811967E-002   8.1533734174826424E-003 
   0.9717828681012342     
 bsup=    0.000000000000000        9.5495613329290796E-002 
    1.064932979780018     
 b_abs=    1.017478378464428     
 g=  -1.4142269225549642E-002
 j=    0.000000000000000        -158.9722627481337      
    69.12928704634422     
 v_perp_2=    4158107.533369967     
 b_n=  -1.7012480174924727E-005   9.5756845775359312E-002 
    1.064930191132087     
 b_para_n=    1.017478385986616     
 dxdt=  -0.1542014349973162         846.2396036269648      
    9410.531519606815     
 dudt=   -161233.2066096756     
 ---------------------
 rk4
 istep=      4000001
 grad_b=   0.6039915293369353        6.4332084056187067E-002 
   0.1580495269846239     
 bsub=  -1.4987233188450584E-002   0.1230581057545266      
    1.570812181911389     
 bsup=    0.000000000000000       -0.7807540254131342      
    1.107447576871344     
 b_abs=    1.282539010465456     
 g=  -7.6843891924672017E-003
 j=    0.000000000000000         232.4851136919319      
    96.54655955366576     
 v_perp_2=    5241268.862652360     
 b_n=   6.0318190480352035E-004  -0.7877842912088636      
    1.108004096442399     
 b_para_n=    1.282539023332160     
 dxdt=    4.338174271585747        -5487.230090279450      
    7715.553075196040     
 dudt=   -198834.8087738426     
 ---------------------
 rk4
 istep=      5000001
 grad_b=  -0.5640914573765496        0.1608531325240034      
  -0.1142837027868775     
 bsub=  -1.3755941929775228E-003  -0.2116669728416398      
    1.455900962420476     
 bsup=    0.000000000000000        -1.098283307460512      
   0.8894543003234876     
 b_abs=    1.235741651371059     
 g=  -1.7876013601281805E-002
 j=    0.000000000000000         3.413892213006022      
   -64.89299518061769     
 v_perp_2=    5049976.813952166     
 b_n=   7.1959972870356908E-004   -1.095468529120189      
   0.8898642021281661     
 b_para_n=    1.235741644042832     
 dxdt=    5.371264078788258        -7925.857788781484      
    6438.899829237987     
 dudt=    460193.1823758719     
 ---------------------
 rk4
 istep=      6000001
 grad_b=  -0.4513805673599899        6.5609674170441813E-003 
   2.6548975257489268E-002
 bsub=  -3.1723234410008183E-002  -5.0582244392300510E-002 
   0.9138113927549323     
 bsup=    0.000000000000000       -0.2794166487666121      
    1.055294374287146     
 b_abs=   0.9890433254150952     
 g=  -1.4740487315116218E-002
 j=    0.000000000000000         669.8304562371657      
   -147.0045706282296     
 v_perp_2=    4041776.296299257     
 b_n=   4.7905505449786310E-005  -0.2767293922309690      
    1.055444763160954     
 b_para_n=   0.9890433050740445     
 dxdt=   0.4466922352101521        -2516.895498724744      
    9601.790637285325     
 dudt=   -54093.21839658076     
 ---------------------
 rk4
 istep=      7000001
 grad_b=  -0.9276060585949731        6.2342102940106531E-002 
   8.7943967654609170E-002
 bsub=  -1.8872949991798602E-002  -9.3364233497112800E-002 
   0.9948240906788082     
 bsup=    0.000000000000000       -0.5191721928430644      
   0.9660745419438330     
 b_abs=    1.004313009867208     
 g=  -1.4458538288598183E-002
 j=    0.000000000000000        -331.7866349219913      
    356.2804713108867     
 v_perp_2=    4104137.691778345     
 b_n=   4.5312831566029257E-004  -0.5132289675473108      
   0.9666409555677681     
 b_para_n=    1.004313055048440     
 dxdt=    4.160968927311693        -4594.916398201563      
    8656.965621070196     
 dudt=   -107001.5543347854     
 ---------------------
 rk4
 istep=      8000001
 grad_b=  -0.5044660538603436        2.7626389519715376E-002 
  -2.3660044400303802E-002
 bsub=   4.4352029513277068E-003  -0.2395940881711641      
    1.523538835489522     
 bsup=    0.000000000000000        -1.269089798501868      
   0.9028593028998041     
 b_abs=    1.296067450700553     
 g=  -1.6579389527847530E-002
 j=    0.000000000000000         752.4406659850877      
   -11.01917839751553     
 v_perp_2=    5296338.897304187     
 b_n=   1.2214185671982012E-004   -1.266512590514425      
   0.9032642313556645     
 b_para_n=    1.296067436931396     
 dxdt=   0.8693027652619727        -8723.518468971619      
    6222.040268517230     
 dudt=    88948.81349504841     
 ---------------------
 rk4
 istep=      9000001
 grad_b=  -0.8311089171120269       -8.9347535338019826E-002 
  -0.1068928507279186     
 bsub=   3.0726532432364933E-002  -8.8100378355501080E-002 
   0.9899952261259347     
 bsup=    0.000000000000000       -0.5338931827738714      
   0.9904586677311006     
 b_abs=    1.013191715080727     
 g=  -1.3069946453628162E-002
 j=    0.000000000000000        -468.7810161971968      
   -296.3710492964901     
 v_perp_2=    4140332.013662105     
 b_n=  -6.8621318757520566E-004  -0.5281473214574078      
   0.9909912643327133     
 b_para_n=    1.013191686049030     
 dxdt=   -6.246148271769062        -4686.066617831133      
    8795.289958646250     
 dudt=    117308.3412042232     
 ---------------------
 rk4
 istep=     10000001
 grad_b=  -0.5059878085296485       -2.5062639049140828E-003 
  -1.8194292410991852E-002
 bsub=   3.0126557234356054E-002  -5.2595765293854575E-002 
   0.9230413577847757     
 bsup=    0.000000000000000       -0.3123930562476176      
    1.037957764573091     
 b_abs=   0.9869331616525980     
 g=  -1.5363998810656055E-002
 j=    0.000000000000000         373.5256563586113      
   -43.74657244719873     
 v_perp_2=    4032989.902414345     
 b_n=  -2.0571313826607859E-005  -0.3094585937146807      
    1.038125636629465     
 b_para_n=   0.9869331543626817     
 dxdt=  -0.1922259532777552        -2820.760961139063      
    9464.942451346426     
 dudt=    37475.53192052802     
 ---------------------
 rk4
 istep=     11000001
 grad_b=  -0.4249833165419588       -0.1377906133088861      
   9.0165380327147882E-002
 bsub=   1.3882801733263953E-002  -0.2284774432613473      
    1.481917086494127     
 bsup=    0.000000000000000        -1.179559482985105      
   0.8964930121300926     
 b_abs=    1.264099282243181     
 g=  -1.7539643862215071E-002
 j=    0.000000000000000        -468.5720483399303      
   -28.88288817537267     
 v_perp_2=    5165540.785568985     
 b_n=  -6.1230216270849154E-004   -1.177454940947823      
   0.8968232241431187     
 b_para_n=    1.264099286966567     
 dxdt=   -4.467940001658937        -8322.104985898333      
    6339.076998453762     
 dudt=   -393349.2615918128     
 ---------------------
 rk4
 istep=     12000001
 grad_b=   0.6442131301631402       -6.0376776865290707E-002 
  -0.1600732513557871     
 bsub=   8.0387079219815631E-003   0.1212780553150501      
    1.538184349722036     
 bsup=    0.000000000000000       -0.6750274951852802      
    1.112320938643906     
 b_abs=    1.276604394431048     
 g=  -7.8023731054278405E-003
 j=    0.000000000000000         263.7112005339295      
    42.35231160105977     
 v_perp_2=    5216591.286313703     
 b_n=  -5.3981871601478280E-004  -0.6823189374517981      
    1.112898658939770     
 b_para_n=    1.276604401429380     
 dxdt=   -3.900487093878305        -4775.722461171930      
    7786.870382795921     
 dudt=    219738.5903579908     
 ---------------------
 rk4
 istep=     13000001
 grad_b=  -0.1121777223414090        8.0725869123373165E-003 
  -6.6940342088464277E-002
 bsub=   3.4599812092203933E-002   4.7651531252656705E-003 
   0.9681225852762410     
 bsup=    0.000000000000000        5.2037944199526120E-002 
    1.053019462671444     
 b_abs=    1.009654844871993     
 g=  -1.4614602980784715E-002
 j=    0.000000000000000        -626.7092386883792      
    157.3229627546782     
 v_perp_2=    4125710.408509837     
 b_n=   5.1367149611711398E-005   5.2709057690624721E-002 
    1.053014341659361     
 b_para_n=    1.009654862189610     
 dxdt=   0.4691982680405071         469.6329793263126      
    9379.215844943496     
 dudt=    141792.2928267423     
 ---------------------
 rk4
 istep=     14000001
 grad_b=   0.5059481496332789       -4.4531967438373239E-002 
   0.1026710123290414     
 bsub=   9.7011867708566582E-002   6.8940777757924607E-002 
    1.824138874224472     
 bsup=    0.000000000000000        -1.016836527216796      
    1.039303647553427     
 b_abs=    1.351357934493799     
 g=  -1.2199426803132284E-002
 j=    0.000000000000000         1360.292807886715      
   -514.5458463801266     
 v_perp_2=    5521940.723696319     
 b_n=  -3.6970320520339804E-004   -1.020658414526764      
    1.039467711932756     
 b_para_n=    1.351357880274353     
 dxdt=   -2.523696547460834        -6734.264340825564      
    6857.512912266323     
 dudt=   -229788.8293688217     
 ---------------------
 rk4
 istep=     15000001
 grad_b=   0.6894390517239211       -4.3301800775068650E-002 
  -0.1858906845662780     
 bsub=  -4.0940609778801165E-002   0.1601169183313514      
    1.846472942068709     
 bsup=    0.000000000000000       -0.8607576570992270      
    1.076406416804074     
 b_abs=    1.359908199401191     
 g=  -9.0545884500421291E-003
 j=    0.000000000000000        -655.5657790303227      
    234.4716423024273     
 v_perp_2=    5556822.693007244     
 b_n=  -2.7948968458068983E-004  -0.8678041825108086      
    1.077011274687534     
 b_para_n=    1.359908220181911     
 dxdt=   -1.895892913776454        -5689.364481355441      
    7059.069914659031     
 dudt=    244619.4539243655     
 ---------------------
 rk4
 istep=     16000001
 grad_b=  -0.4021182867717619       -3.7117460574230592E-002 
   4.9705520747967052E-002
 bsub=  -1.2379763692650342E-002   3.8922049776390848E-002 
    1.020402035408590     
 bsup=    0.000000000000000        0.4371465980975102      
   0.9390353667359577     
 b_abs=   0.9876728580556114     
 g=  -1.5745732150736651E-002
 j=    0.000000000000000         1025.066125214204      
    250.9755193063243     
 v_perp_2=    4035762.092604997     
 b_n=  -2.4397160020398048E-004   0.4396576085996061      
   0.9389366619778958     
 b_para_n=   0.9876728939485478     
 dxdt=   -2.278054076199161         4005.990230309328      
    8553.988064467436     
 dudt=   -62986.63958275709     
 ---------------------
 rk4
 istep=     17000001
 grad_b=   0.7264389785062357        4.0689640777417803E-002 
   0.1660712542205461     
 bsub=   2.2907871899594499E-002   0.1274891405814491      
    1.604988417968043     
 bsup=    0.000000000000000       -0.6297551851546063      
    1.095143903140901     
 b_abs=    1.295382551730940     
 g=  -8.4863007867234698E-003
 j=    0.000000000000000        -107.9350191320808      
   -82.16916392620931     
 v_perp_2=    5293049.158512996     
 b_n=   2.8947061759186676E-004  -0.6373774181046646      
    1.095745220611822     
 b_para_n=    1.295382541544036     
 dxdt=    2.061295351847352        -4394.597864301270      
    7552.096950520493     
 dudt=   -246428.4634831192     
 ---------------------
 rk4
 istep=     18000001
 grad_b=  -0.3719146267779350        5.8305533002899326E-002 
   6.1873962422952726E-002
 bsub=  -0.1030409679801508       -7.7359946037060076E-002 
    1.716954954553967     
 bsup=    0.000000000000000        -1.203300404188892      
   0.9791990786150557     
 b_abs=    1.331983662582962     
 g=  -1.6288408685204630E-002
 j=    0.000000000000000        -554.9195755131736      
   -145.0326153067323     
 v_perp_2=    5442550.611066179     
 b_n=   3.3869850026895692E-004   -1.201259163306061      
   0.9793113657562508     
 b_para_n=    1.331983648962331     
 dxdt=    2.345640812642940        -8043.646972855214      
    6557.888530681757     
 dudt=    14681.95999782372     
 ---------------------
 rk4
 istep=     19000001
 grad_b=  -0.4386964552452909       -2.7063212396451226E-003 
   2.3022059866579389E-002
 bsub=  -3.3532309952932549E-002  -3.6485851383609352E-002 
   0.9398227556463594     
 bsup=    0.000000000000000       -0.2556033572438475      
    1.027940235848553     
 b_abs=   0.9876201831871543     
 g=  -1.5942342116894413E-002
 j=    0.000000000000000         782.2355366639365      
   -121.3236730266503     
 v_perp_2=    4035421.848235820     
 b_n=  -1.0312160632734365E-005  -0.2531120666390175      
    1.028036566770767     
 b_para_n=   0.9876201658976886     
 dxdt=  -9.6293637048536829E-002   -2305.493454259899      
    9366.280428908332     
 dudt=   -50385.22194305579     
 ---------------------
 rk4
 istep=     20000001
 grad_b=   0.5330685250832113        8.3054992744401118E-002 
   0.1754005563533697     
 bsub=  -3.2478875341386208E-002   8.1124083299797672E-002 
    1.298710706827289     
 bsup=    0.000000000000000       -0.5291108470736774      
    1.129426555707799     
 b_abs=    1.193369766706181     
 g=  -7.8902324434407846E-003
 j=    0.000000000000000         233.6436483453276      
    429.3529861012161     
 v_perp_2=    4876064.081278159     
 b_n=   7.8032735855779612E-004  -0.5349277328516374      
    1.129809466645695     
 b_para_n=    1.193369814347245     
 dxdt=    6.031156834261608        -4013.699730513183      
    8474.533027907928     
 dudt=   -263906.3057601202     
 ---------------------
 rk4
 istep=     21000001
 grad_b=  -0.5510545235397410       -4.3595480519374535E-002 
   4.1724571841550678E-002
 bsub=  -2.0559119301327276E-002  -0.2379261769138075      
    1.521206910373423     
 bsup=    0.000000000000000        -1.263166590900653      
   0.9017259298316671     
 b_abs=    1.293249677471290     
 g=  -1.6968369248231148E-002
 j=    0.000000000000000         711.4201315393655      
   -51.27711933529022     
 v_perp_2=    5284119.047338937     
 b_n=  -1.8559616064395815E-004   -1.260410380526779      
   0.9021544951088691     
 b_para_n=    1.293249660117958     
 dxdt=   -1.323791637238957        -8701.027610294141      
    6228.418804647557     
 dudt=   -146427.0411018946     
 ---------------------
 rk4
 istep=     22000001
 grad_b=  -0.8281927071814342       -6.2935576911705825E-003 
  -3.0046768821892146E-002
 bsub=  -1.4065599122643555E-002  -7.3495248687925271E-002 
   0.9773831798695736     
 bsup=    0.000000000000000       -0.4610997662177739      
   0.9647079616441480     
 b_abs=   0.9886093424522322     
 g=  -1.7127883414495476E-002
 j=    0.000000000000000         706.0340526003231      
   -130.5321292957447     
 v_perp_2=    4039337.118685826     
 b_n=  -4.7006862164135912E-005  -0.4565455742282761      
   0.9650497199495470     
 b_para_n=   0.9886093207309286     
 dxdt=  -0.4385051630986788        -4154.209354736985      
    8783.464551095296     
 dudt=    53902.89020217595     
 ---------------------
 rk4
 istep=     23000001
 grad_b=  -0.6174146559462254       -6.6423385323395312E-003 
  -1.0408272853780667E-002
 bsub=   1.7875796584846924E-002  -8.0026393837278609E-002 
   0.8807159797404692     
 bsup=    0.000000000000000       -0.3878107231257751      
    1.065234788018753     
 b_abs=   0.9840150287239054     
 g=  -1.3347463002868034E-002
 j=    0.000000000000000        -378.7362898761447      
    291.6397131789423     
 v_perp_2=    4020528.189220875     
 b_n=  -4.8679927903865553E-005  -0.3838512181635803      
    1.065595596300848     
 b_para_n=   0.9840150638084001     
 dxdt=  -0.4562313203125065        -3509.436765227735      
    9744.998803499322     
 dudt=    17670.33985706831     
 ---------------------
 rk4
 istep=     24000001
 grad_b=  -0.8047518699112390       -0.1457604049099293      
   0.1338969028629297     
 bsub=  -1.7787444339450915E-002  -0.1963586802330577      
    1.454765625557799     
 bsup=    0.000000000000000        -1.067248642127477      
   0.8856145602328728     
 b_abs=    1.223768971696951     
 g=  -1.8209706567079230E-002
 j=    0.000000000000000         195.1652254690699      
   -162.7447303339413     
 v_perp_2=    5000070.483565263     
 b_n=  -6.3735421586851298E-004   -1.063239863812943      
   0.8861478386333983     
 b_para_n=    1.223768950099236     
 dxdt=   -4.803859379148330        -7770.079284916534      
    6476.788604709232     
 dudt=   -457637.7949288211     
 ---------------------
 rk4
 istep=     25000001
 grad_b=  -0.1093360368798829       -0.1723903914397659      
  -0.2503595857806682     
 bsub=   5.7302390902329886E-002   6.5916079534131186E-003 
    1.317633868710125     
 bsup=    0.000000000000000       -0.8242397750128345      
    1.019489134985243     
 b_abs=    1.156561575199579     
 g=  -1.1029554703320201E-002
 j=    0.000000000000000        -474.5458908902874      
   -91.29899754060649     
 v_perp_2=    4725426.277205655     
 b_n=  -1.4326198821376576E-003  -0.8234156996751053      
    1.019547305919341     
 b_para_n=    1.156561564331150     
 dxdt=   -11.42481856119187        -6378.618058207156      
    7898.204229608512     
 dudt=    199857.9699850355     
 ---------------------
 rk4
 istep=     26000001
 grad_b=  -0.1240886844112457       -1.7977402552197701E-002 
  -6.5950477490324649E-002
 bsub=   3.8691319823224518E-002  -1.0446783721975196E-002 
   0.9415384810778606     
 bsup=    0.000000000000000        8.0762753047538549E-003 
    1.090534492630297     
 b_abs=    1.013068202950667     
 g=  -1.3464089277638917E-002
 j=    0.000000000000000        -582.5638447194630      
    118.3439767538128     
 v_perp_2=    4139105.678020379     
 b_n=  -1.1992328527116383E-004   8.8542282876721695E-003 
    1.090548067018915     
 b_para_n=    1.013068216486279     
 dxdt=   -1.091715806547189         78.76928536246116      
    9680.003859456643     
 dudt=    145322.7845701856     
 ---------------------
 rk4
 istep=     27000001
 grad_b=  -0.4628756186938308       -0.1950403522256131      
   0.1092001550442957     
 bsub=   1.5247298409808598E-002  -0.1625126685831362      
    1.357879804603180     
 bsup=    0.000000000000000       -0.8886202335273221      
   0.8890791787732820     
 b_abs=    1.162810395500308     
 g=  -1.9814832177321898E-002
 j=    0.000000000000000         176.0872845912426      
   -244.0056548590258     
 v_perp_2=    4750859.093749670     
 b_n=  -8.6431543391062916E-004  -0.8864158533338802      
   0.8893526799528382     
 b_para_n=    1.162810364149629     
 dxdt=   -6.855707516939816        -6828.366870027719      
    6851.556978486140     
 dudt=   -475044.3951289562     
 ---------------------
 rk4
 istep=     28000001
 grad_b=   0.4968523965633332       -7.5223706459220691E-002 
  -0.1972944631652947     
 bsub=   3.4044386224633093E-003   0.1587053692689154      
    1.832984151416414     
 bsup=    0.000000000000000        -1.066673387854703      
    1.078112676915062     
 b_abs=    1.343683710966083     
 g=  -7.7176869600788641E-003
 j=    0.000000000000000        -708.5664461983664      
    539.8286317344416     
 v_perp_2=    5489793.664590118     
 b_n=  -7.1346127900714950E-004   -1.072774897142104      
    1.078642331103912     
 b_para_n=    1.343683767909695     
 dxdt=   -4.898067838444258        -7120.463046558122      
    7158.123564316335     
 dudt=    201390.7425261806     
 ---------------------
 rk4
 istep=     29000001
 grad_b=   0.2333408230482396        3.4664415979247160E-002 
  -0.1314323114041391     
 bsub=   1.0034540377224319E-002   4.0710722696762909E-002 
    1.067089303130405     
 bsup=    0.000000000000000        0.5312423331397755      
    1.032642874351744     
 b_abs=    1.059862443647761     
 g=  -1.2849200679485298E-002
 j=    0.000000000000000        -967.8404920061810      
    310.8099089705537     
 v_perp_2=    4330158.852068162     
 b_n=   2.7563557003439370E-004   0.5296126941761111      
    1.032702485542067     
 b_para_n=    1.059862474368588     
 dxdt=    2.398521734200431         4487.749489370763      
    8751.489576658581     
 dudt=    226100.9506217919     
 ---------------------
 Elapsed time (seconds):     153.7796390000000     

real	2m33.790s
user	2m33.551s
sys	0m0.019s
>>> [PID 3858249] DONE  u=9000, v_perp=-2000, out=bounce/dat187.dat
