>>> [PID 3854605] START u=7500, v_perp=-3000, out=bounce/dat163.dat, dt=5.00E-09, steps=30000000
 outer boundary:   8.3000000000000462E-002
 rk4
 istep=            1
 grad_b=  -0.5028806988925530        4.9303060628951220E-003 
  -7.9798381702477911E-003
 bsub=   8.6928309651422182E-003   4.2252088311675796E-002 
    1.020728051813821     
 bsup=    0.000000000000000        0.5002827786897949      
   0.9181488610988457     
 b_abs=   0.9787595107699207     
 g=  -1.6418884097094744E-002
 j=    0.000000000000000         576.0999215171557      
    59.07157213058183     
 v_perp_2=    8999998.287286278     
 b_n=   2.6786093245054650E-005   0.5028430631989350      
   0.9180426607374468     
 b_para_n=   0.9787595194811222     
 dxdt=   0.2216758598820567         3854.735603765444      
    7034.676240204163     
 dudt=    22830.14102364648     
 ---------------------
 rk4
 istep=      1000001
 grad_b=   -1.084248135444216       -8.5840768166891394E-003 
   8.0994741685245106E-002
 bsub=   2.5728414017314790E-003  -7.3692588929919034E-002 
    1.081843286671639     
 bsup=    0.000000000000000       -0.6180980696582932      
   0.9018526429265803     
 b_abs=    1.010391511575931     
 g=  -1.8884026443980708E-002
 j=    0.000000000000000         938.6299998826742      
   -789.1756606595418     
 v_perp_2=    9290803.446464714     
 b_n=  -1.3468624882111083E-005  -0.6133355509743552      
   0.9021770033568151     
 b_para_n=    1.010391422669433     
 dxdt=  -0.1079949263766868        -4537.996876574447      
    6679.605319696374     
 dudt=   -356523.2991829994     
 ---------------------
 rk4
 istep=      2000001
 grad_b=   0.4099620757037366        6.5865508173931608E-002 
   0.1836989181682889     
 bsub=  -2.4824332588557901E-002   0.1717399573082269      
    2.088536536353883     
 bsup=    0.000000000000000        -1.607739272461612      
    1.076339434558855     
 b_abs=    1.403880708805269     
 g=  -7.5083086368530911E-003
 j=    0.000000000000000        -1910.148552809204      
    364.6533848216019     
 v_perp_2=    12908935.85221789     
 b_n=   5.4222394869013523E-004   -1.612141987621370      
    1.076707927912721     
 b_para_n=    1.403880729727087     
 dxdt=    3.138856440326593        -8310.756907110184      
    5548.905123798519     
 dudt=   -300727.8132603167     
 ---------------------
 rk4
 istep=      3000001
 grad_b=   0.1220653852283636       -0.1570556277847124      
  -0.2863703720870113     
 bsub=   5.8214663084103918E-002   4.0901133745792628E-002 
    1.552987448509183     
 bsup=    0.000000000000000        -1.314176551246299      
    1.022366447667253     
 b_abs=    1.238381638683821     
 g=  -1.0734484699219617E-002
 j=    0.000000000000000        -75.20756839699698      
    87.05721460737448     
 v_perp_2=    11387065.35431058     
 b_n=  -1.0829277622435305E-003   -1.315138430085842      
    1.022432381557285     
 b_para_n=    1.238381646996092     
 dxdt=   -7.096251344394272        -7794.630663079772      
    6059.378120983897     
 dudt=    320678.6110161771     
 ---------------------
 rk4
 istep=      4000001
 grad_b=  -0.5487562497208370       -2.0213356251186157E-003 
   8.7025921874803458E-003
 bsub=  -2.9745680506203093E-002  -4.6933875260544537E-002 
   0.9462053782976942     
 bsup=    0.000000000000000       -0.3290716781629380      
    1.008511285074544     
 b_abs=   0.9845521930649537     
 g=  -1.6549420884853606E-002
 j=    0.000000000000000        -24.29477746093792      
   -18.51839600857875     
 v_perp_2=    9053007.880235720     
 b_n=  -7.3533369408217110E-006  -0.3265345607309834      
    1.008636898800688     
 b_para_n=   0.9845521913994287     
 dxdt=  -6.0498686174990914E-002   -2484.706314905800      
    7679.925387033146     
 dudt=   -44090.12029526436     
 ---------------------
 rk4
 istep=      5000001
 grad_b=  -0.1907173720355335        1.7960423846548321E-002 
  -5.8301950399361785E-002
 bsub=   3.2954217644206987E-002   6.3703421848741969E-003 
   0.9734504298487170     
 bsup=    0.000000000000000        2.5180500042873200E-002 
    1.029744927271523     
 b_abs=    1.001138884630715     
 g=  -1.5313651605416605E-002
 j=    0.000000000000000        -726.1946640948837      
    164.2199156496703     
 v_perp_2=    9205459.662705308     
 b_n=   9.1107715753537121E-005   2.6117951592135362E-002 
    1.029735723916116     
 b_para_n=    1.001138899873723     
 dxdt=   0.7372342387863215         195.8798866385020      
    7700.125075979140     
 dudt=    273625.5213726962     
 ---------------------
 rk4
 istep=      6000001
 grad_b=   -1.153236090862995        2.6022465242583559E-002 
   0.1154825948124412     
 bsub=  -1.0419046274712476E-002  -8.3240471999904336E-002 
    1.103525963009790     
 bsup=    0.000000000000000       -0.6757775221611328      
   0.8945524774117561     
 b_abs=    1.021276381853620     
 g=  -1.8102824975862006E-002
 j=    0.000000000000000        -442.6340001923259      
    29.96285112475379     
 v_perp_2=    9390563.665239569     
 b_n=   1.5872398450775884E-004  -0.6705125239452623      
   0.8949511281274993     
 b_para_n=    1.021276388439386     
 dxdt=    1.259212062098552        -4903.714065357544      
    6549.687259684249     
 dudt=   -385882.5370879415     
 ---------------------
 rk4
 istep=      7000001
 grad_b=   0.4187477953390384        2.1066793680964369E-002 
   8.6731795098896031E-002
 bsub=  -7.1913690370002854E-004   0.1924576216641432      
    2.158132404036265     
 bsup=    0.000000000000000        -1.520737900403111      
    1.077170694525837     
 b_abs=    1.425993795989832     
 g=  -7.1017359289291017E-003
 j=    0.000000000000000         1282.854571991987      
   -198.7465945864043     
 v_perp_2=    13111811.62013656     
 b_n=   1.5050666832468060E-004   -1.525465354733599      
    1.077592323306819     
 b_para_n=    1.425993787492488     
 dxdt=   0.8579352104152402        -7727.373193162145      
    5456.776806570720     
 dudt=   -197915.3926512786     
 ---------------------
 rk4
 istep=      8000001
 grad_b=   -1.274653852725232       -2.6662512420520021E-002 
  -0.1836831694236901     
 bsub=   2.7403690367728717E-002  -8.6733958802028735E-002 
    1.239043982434121     
 bsup=    0.000000000000000       -0.8564061728225618      
   0.8717966542527864     
 b_abs=    1.074528927595868     
 g=  -1.9265285997295548E-002
 j=    0.000000000000000         561.2699749998042      
   -491.9027670803549     
 v_perp_2=    9880067.538902286     
 b_n=  -1.7136830331968740E-004  -0.8508965942325005      
   0.8721860704271600     
 b_para_n=    1.074528871832968     
 dxdt=   -1.292601493933933        -5889.043098512936      
    6040.117062976215     
 dudt=    587445.4481993676     
 ---------------------
 rk4
 istep=      9000001
 grad_b=  -0.4502596796276392       -7.4820836751158561E-003 
   1.7514043762147491E-002
 bsub=  -3.2867575785108703E-002  -2.5355936300890291E-002 
   0.9605215747497267     
 bsup=    0.000000000000000       -0.2415888632852942      
    1.002550586580716     
 b_abs=   0.9844466071815350     
 g=  -1.6839543246620150E-002
 j=    0.000000000000000         699.5794121322419      
   -149.7524986700959     
 v_perp_2=    9051720.389653385     
 b_n=  -3.2402001039917012E-005  -0.2395132344988135      
    1.002604253631847     
 b_para_n=   0.9844465907503696     
 dxdt=  -0.2666118872748057        -1822.618078740408      
    7634.854527942016     
 dudt=   -90440.55196983089     
 ---------------------
 rk4
 istep=     10000001
 grad_b=  -0.2678575359347417       -1.7455995636349586E-003 
  -4.5985339108568099E-002
 bsub=   3.6810424734059786E-002  -2.1437194269063983E-002 
   0.9366509296497441     
 bsup=    0.000000000000000       -0.1181416374026453      
    1.059202623026442     
 b_abs=   0.9976663589560111     
 g=  -1.4779060116816118E-002
 j=    0.000000000000000        -20.20769791082819      
   -27.91172271366585     
 v_perp_2=    9173208.864879863     
 b_n=  -1.3957471190973661E-005  -0.1168145136920133      
    1.059233542818789     
 b_para_n=   0.9976663564130770     
 dxdt=  -0.1133330591616512        -875.9903205686218      
    7950.583666557421     
 dudt=    223499.8135484054     
 ---------------------
 rk4
 istep=     11000001
 grad_b=  -0.2810762211783104        0.1750158902559022      
   0.2584181746538837     
 bsub=  -5.6175477094220855E-002  -1.0912056980150398E-002 
    1.309338802875536     
 bsup=    0.000000000000000       -0.8816998506828505      
   0.9939754027825308     
 b_abs=    1.144845738832802     
 g=  -1.1817986080421870E-002
 j=    0.000000000000000         84.07575767623911      
   -664.9873642887503     
 v_perp_2=    10526399.98943244     
 b_n=   1.1590107318050526E-003  -0.8799336241798551      
   0.9940397918500167     
 b_para_n=    1.144845674159882     
 dxdt=    8.209349864662379        -5684.685560636678      
    6423.132192372707     
 dudt=   -411803.1078606783     
 ---------------------
 rk4
 istep=     12000001
 grad_b=   0.4149454370364305       -2.4650180547195460E-002 
  -4.8678424576759249E-002
 bsub=   2.4746385294149895E-002   0.1801555583979572      
    2.134977903868616     
 bsup=    0.000000000000000        -1.483992859380857      
    1.075952789775888     
 b_abs=    1.424993301926076     
 g=  -7.6653438568462561E-003
 j=    0.000000000000000         608.9870172807734      
    201.8285178461234     
 v_perp_2=    13102153.86496157     
 b_n=  -2.1286544722662730E-004   -1.488298400500437      
    1.076318587861996     
 b_para_n=    1.424993327200680     
 dxdt=   -1.214239342173185        -7544.894616066344      
    5454.622991288024     
 dudt=    50957.32896154718     
 ---------------------
 rk4
 istep=     13000001
 grad_b=   -1.258106049585749        4.3484773633526479E-002 
  -0.1349346897396186     
 bsub=   1.3620078502672319E-002  -8.8639184121180895E-002 
    1.207595795407068     
 bsup=    0.000000000000000       -0.7612272374605029      
   0.8722518356443731     
 b_abs=    1.058778738491056     
 g=  -2.0045626595385502E-002
 j=    0.000000000000000        -689.7882352702270      
   -337.5443386221398     
 v_perp_2=    9734906.203057745     
 b_n=   1.4066275905813433E-004  -0.7559636746787023      
   0.8726365753236461     
 b_para_n=    1.058778708216825     
 dxdt=    1.076663515160537        -5316.625314185655      
    6141.161819225791     
 dudt=    654774.1098866480     
 ---------------------
 rk4
 istep=     14000001
 grad_b=  -0.4620992839545923       -4.1204425344085194E-004 
   2.3082510791267996E-003
 bsub=  -2.2117307165296845E-002   2.2991341101155777E-002 
    1.019656106504748     
 bsup=    0.000000000000000        2.4998322457122191E-002 
   0.9410260061113445     
 b_abs=   0.9800389435453707     
 g=  -1.7737964748032398E-002
 j=    0.000000000000000        -936.2141542812476      
    39.01838847902511     
 v_perp_2=    9010876.391659949     
 b_n=  -2.1791248398981573E-006   2.7167765960450362E-002 
   0.9409770437457997     
 b_para_n=   0.9800389454197264     
 dxdt=  -1.8010547106716648E-002    209.2181817815455      
    7200.342511191706     
 dudt=   -10140.76320663995     
 ---------------------
 rk4
 istep=     15000001
 grad_b=  -0.3637432081465022       -8.5188221763319184E-003 
  -3.6797675242578778E-002
 bsub=   3.4873992589713493E-002  -4.0111154160157800E-002 
   0.9166693012866179     
 bsup=    0.000000000000000       -0.2108474118427031      
    1.065848779621974     
 b_abs=   0.9929367255129105     
 g=  -1.4479951235315158E-002
 j=    0.000000000000000         646.2167818861017      
   -239.5341758489287     
 v_perp_2=    9129402.799853332     
 b_n=  -5.0971382602168213E-005  -0.2090239551088255      
    1.065930482129459     
 b_para_n=   0.9929367009903743     
 dxdt=  -0.4158409442689394        -1575.895380309604      
    8042.131472786295     
 dudt=    173271.3878578002     
 ---------------------
 rk4
 istep=     16000001
 grad_b=   0.5577412978699434        6.9307611864955126E-002 
   0.1615283676281947     
 bsub=  -2.4177467579734553E-002   0.1219447198920616      
    1.600455033507471     
 bsup=    0.000000000000000       -0.9081423650025333      
    1.101012097175172     
 b_abs=    1.285550794202484     
 g=  -7.6485721343259785E-003
 j=    0.000000000000000         1024.658253941561      
    108.9045968817210     
 v_perp_2=    11819707.61143009     
 b_n=   5.5188788015051251E-004  -0.9135660868434905      
    1.101433702185424     
 b_para_n=    1.285550811602661     
 dxdt=    3.485108766499095        -5197.920052288248      
    6262.983625555583     
 dudt=   -410894.6012085070     
 ---------------------
 rk4
 istep=     17000001
 grad_b=   0.1327648403825708       -0.1129176201133689      
  -0.1759270506346019     
 bsub=   6.6627888358797377E-002   0.1110647274437996      
    1.944213698327348     
 bsup=    0.000000000000000        -1.305280876407455      
    1.051590475416713     
 b_abs=    1.377975392241287     
 g=  -1.1343063069286112E-002
 j=    0.000000000000000         322.4285242211453      
   -185.3604054941395     
 v_perp_2=    12669401.38732504     
 b_n=  -7.0439899345878243E-004   -1.306231262084158      
    1.051668895031898     
 b_para_n=    1.377975375946667     
 dxdt=   -4.153293559783378        -6874.315292917182      
    5534.192192498369     
 dudt=    125485.3483936886     
 ---------------------
 rk4
 istep=     18000001
 grad_b=   -1.193225873296934        5.6719125868180474E-002 
  -0.1204465727532782     
 bsub=   7.1302228107670510E-003  -8.3977181698708464E-002 
    1.187149527348301     
 bsup=    0.000000000000000       -0.7245504039264046      
   0.8771692186668124     
 b_abs=    1.049840517348098     
 g=  -1.9999274250083240E-002
 j=    0.000000000000000        -696.9169512670131      
   -55.18463703042872     
 v_perp_2=    9652386.684660640     
 b_n=   2.0249126207406363E-004  -0.7195405777214311      
   0.8775223895316533     
 b_para_n=    1.049840516726662     
 dxdt=    1.563014970013846        -5107.371736007575      
    6232.727268299084     
 dudt=    642587.2187938784     
 ---------------------
 rk4
 istep=     19000001
 grad_b=   0.3787313126666754        7.8637407613386043E-002 
  -0.1740035059363850     
 bsub=  -1.1296592067536422E-002   2.2870205027351626E-002 
    1.167321465610413     
 bsup=    0.000000000000000        0.7440788103807402      
   0.9885529125671029     
 b_abs=    1.082261468544627     
 g=  -1.2359083553222858E-002
 j=    0.000000000000000        -336.7622270939486      
    283.6865492639870     
 v_perp_2=    9950402.154348563     
 b_n=   5.1470362252830097E-004   0.7417134420874953      
   0.9886042609523111     
 b_para_n=    1.082261495541419     
 dxdt=    3.854782957766210         5094.954466292480      
    6792.869720778272     
 dudt=    482104.0354737239     
 ---------------------
 rk4
 istep=     20000001
 grad_b=  -0.4904645824659012       -1.1654160053401311E-002 
  -2.5469482724102932E-002
 bsub=   2.7984801999489977E-002  -6.2445606554108579E-002 
   0.8951384032271440     
 bsup=    0.000000000000000       -0.3117780887392082      
    1.067863588632002     
 b_abs=   0.9873073466456409     
 g=  -1.3959407251454604E-002
 j=    0.000000000000000         309.4150239926968      
   -67.18004828113484     
 v_perp_2=    9077326.857277712     
 b_n=  -6.9276128141772792E-005  -0.3092523713031654      
    1.068041941728992     
 b_para_n=   0.9873073386141434     
 dxdt=  -0.5683796489339423        -2346.046085594256      
    8107.824663720884     
 dudt=    109718.6410324612     
 ---------------------
 rk4
 istep=     21000001
 grad_b=   0.6028391532154348        6.6021450498478254E-002 
   0.1736874242210892     
 bsub=   5.4373991219858215E-003   0.1467937163287353      
    1.706539251786388     
 bsup=    0.000000000000000       -0.8266844605936364      
    1.090807371364009     
 b_abs=    1.319379080982493     
 g=  -8.0219098012711595E-003
 j=    0.000000000000000        -362.6459633507193      
    46.02751905220006     
 v_perp_2=    12130309.51759431     
 b_n=   4.7597495950376284E-004  -0.8322965958589500      
    1.091288602583132     
 b_para_n=    1.319379082375808     
 dxdt=    2.929524496590166        -4601.193796213250      
    6028.644278108033     
 dudt=   -469949.3043807170     
 ---------------------
 rk4
 istep=     22000001
 grad_b=  -0.9882066694822232        4.2004144870915090E-003 
  -0.1878689231046258     
 bsub=   7.3220157551723453E-002  -0.1420651134914750      
    1.561873726157899     
 bsup=    0.000000000000000        -1.187068289474296      
   0.9144900403930247     
 b_abs=    1.263821682132189     
 g=  -1.9694644873235391E-002
 j=    0.000000000000000         207.6360757714482      
   -141.8023404296350     
 v_perp_2=    11619435.59320788     
 b_n=  -4.9023832871872890E-005   -1.183342738970129      
   0.9148311954815412     
 b_para_n=    1.263821667004532     
 dxdt=  -0.3148446495608200        -6854.610698571460      
    5301.257467704185     
 dudt=    643048.8568616938     
 ---------------------
 rk4
 istep=     23000001
 grad_b=   -1.111826294273950        6.6677045112733646E-002 
  -0.1070373673568392     
 bsub=   9.9629865459274075E-004  -7.8210418528246409E-002 
    1.167561196855371     
 bsup=    0.000000000000000       -0.6888984205282663      
   0.8813991764754745     
 b_abs=    1.040601823165005     
 g=  -2.0023502975013634E-002
 j=    0.000000000000000         26.68909630646375      
    113.9700433882328     
 v_perp_2=    9567110.671488799     
 b_n=   2.5014738616746860E-004  -0.6842250606416039      
   0.8817120239389364     
 b_para_n=    1.040601835030935     
 dxdt=    1.947893014943139        -4903.660207163736      
    6322.899724780075     
 dudt=    619681.0489603059     
 ---------------------
 rk4
 istep=     24000001
 grad_b=   0.5862219495967989        1.8796637730705782E-003 
  -0.1456144021050110     
 bsub=   3.7957299115092061E-003   5.2801699562793770E-002 
    1.127790623262947     
 bsup=    0.000000000000000        0.4736798532674053      
    1.076189973642029     
 b_abs=    1.112892575980659     
 g=  -1.0999296707121489E-002
 j=    0.000000000000000         854.7631325473828      
   -350.3707467205691     
 v_perp_2=    10231669.17500153     
 b_n=   5.5870653490603094E-005   0.4699108756248589      
    1.076366217071298     
 b_para_n=    1.112892548423382     
 dxdt=   0.4070036197053525         3129.622427923584      
    7174.095316634846     
 dudt=    643621.8552742442     
 ---------------------
 rk4
 istep=     25000001
 grad_b=  -0.8028319805838501        2.9950104755048793E-002 
   3.3087721820578606E-002
 bsub=  -1.0901232244269306E-002  -9.8397646529901767E-002 
   0.8658866377132692     
 bsup=    0.000000000000000       -0.5011750198255714      
    1.065105892526116     
 b_abs=   0.9859229244339343     
 g=  -1.1759670202058705E-002
 j=    0.000000000000000         280.4300117185272      
   -61.08673449976695     
 v_perp_2=    9064279.314932948     
 b_n=   2.0023950570568949E-004  -0.4964086122075418      
    1.065650049329341     
 b_para_n=   0.9859229162744332     
 dxdt=    1.645168020772732        -3771.141506590507      
    8102.191695889622     
 dudt=   -94329.82611851844     
 ---------------------
 rk4
 istep=     26000001
 grad_b=   0.6923539527523762        4.9810666709023080E-002 
   0.1888773840511421     
 bsub=   3.3984394315421898E-002   0.1548221493918486      
    1.787822873123095     
 bsup=    0.000000000000000       -0.8100974810713193      
    1.080400240301795     
 b_abs=    1.343819341244209     
 g=  -8.8243229866171568E-003
 j=    0.000000000000000        -860.4161166117104      
    215.8488263461047     
 v_perp_2=    12354579.88426588     
 b_n=   2.8557348179417027E-004  -0.8159769959329923      
    1.080903977041449     
 b_para_n=    1.343819354623039     
 dxdt=    1.726055257391993        -4419.888871083900      
    5850.310187625823     
 dudt=   -560008.2543518647     
 ---------------------
 rk4
 istep=     27000001
 grad_b=  -0.7695230565314795        0.1038513427303882      
  -0.1072463662356328     
 bsub=   3.4269265051865033E-002  -0.2200174849914369      
    1.503600125062260     
 bsup=    0.000000000000000        -1.200147047113500      
   0.8944011544983781     
 b_abs=    1.268486255060401     
 g=  -1.8061211716362782E-002
 j=    0.000000000000000         83.49840373693047      
   -242.2498880001941     
 v_perp_2=    11661911.71027453     
 b_n=   3.4930728808339745E-004   -1.197107664690284      
   0.8948379180590454     
 b_para_n=    1.268486232176273     
 dxdt=    2.235185811814792        -6906.556819155461      
    5164.351794678189     
 dudt=    799270.0344699464     
 ---------------------
 rk4
 istep=     28000001
 grad_b=  -0.9165121339296576        9.7440354039326604E-002 
  -9.2285046653963559E-002
 bsub=  -7.2647270682103665E-003  -6.9973325182158042E-002 
    1.162355277231315     
 bsup=    0.000000000000000       -0.6403867328753897      
   0.8864752697260088     
 b_abs=    1.036991107108980     
 g=  -2.0314806920685179E-002
 j=    0.000000000000000         1038.092284404384      
    353.6791243375148     
 v_perp_2=    9533580.068939921     
 b_n=   3.8177542468513189E-004  -0.6365761905594931      
   0.8867070765103460     
 b_para_n=    1.036991137994703     
 dxdt=    2.983158479592414        -4579.778567994276      
    6382.729551481732     
 dudt=    639244.8487294499     
 ---------------------
 rk4
 istep=     29000001
 grad_b=   0.4525357594629219       -2.2352426127391474E-002 
  -0.1322991150640156     
 bsub=   2.0039393831360268E-002   4.9405714524098629E-002 
    1.085756052974988     
 bsup=    0.000000000000000        0.2339961758328312      
    1.102309364208262     
 b_abs=    1.098920164592170     
 g=  -1.1029945017130845E-002
 j=    0.000000000000000        -305.2420937721157      
    14.49270037661219     
 v_perp_2=    10102856.75698900     
 b_n=  -1.0342684492703864E-004   0.2311149412792911      
    1.102442379466050     
 b_para_n=    1.098920164645108     
 dxdt=  -0.7629428018209552         1560.009247545552      
    7449.996468595793     
 dudt=    631898.9036902658     
 ---------------------
 Elapsed time (seconds):     153.8202490000000     

real	2m33.830s
user	2m33.606s
sys	0m0.012s
>>> [PID 3854605] DONE  u=7500, v_perp=-3000, out=bounce/dat163.dat
