>>> [PID 3847404] START u=8500, v_perp=-6000, out=bounce/dat102.dat, dt=5.00E-09, steps=30000000
 outer boundary:   8.3000000000000462E-002
 rk4
 istep=            1
 grad_b=  -0.5028804221277801        4.9300552656927898E-003 
  -7.9793027723210341E-003
 bsub=   8.6929011835045547E-003   4.2252048845332381E-002 
    1.020728204795579     
 bsup=    0.000000000000000        0.5002777830982710      
   0.9181489085293124     
 b_abs=   0.9787594859427298     
 g=  -1.6418909344407720E-002
 j=    0.000000000000000         576.0999494471657      
    59.06787132450970     
 v_perp_2=    35999992.23596991     
 b_n=   3.0355955686507084E-005   0.5031794335334187      
   0.9180285484823363     
 b_para_n=   0.9787594958149836     
 dxdt=   0.3293034043609286         4376.120962350656      
    7972.324376282613     
 dudt=    91314.15947105888     
 ---------------------
 rk4
 istep=      1000001
 grad_b=  -0.9965409545652411        2.4784243902056882E-002 
  -6.6326203564895034E-002
 bsub=  -1.0254980090834868E-002  -6.2492525562398003E-002 
    1.075053253262220     
 bsup=    0.000000000000000       -0.5789457744942039      
   0.9098759490976764     
 b_abs=    1.007150883478692     
 g=  -1.9115609114983761E-002
 j=    0.000000000000000         1146.492399067173      
   -690.9508344695810     
 v_perp_2=    37043941.42893516     
 b_n=   1.0243546650937362E-004  -0.5740649894656199      
   0.9101605613682876     
 b_para_n=    1.007150794406244     
 dxdt=    1.081498158605572        -4799.141167531810      
    7626.360325102050     
 dudt=    1363969.640652927     
 ---------------------
 rk4
 istep=      2000001
 grad_b=  -0.4949050289774607       -0.1251242130046901      
   9.2101504629992212E-002
 bsub=   5.0795523660691318E-003  -0.2279863756341713      
    1.492415483915867     
 bsup=    0.000000000000000        -1.191724742638437      
   0.8968805083121232     
 b_abs=    1.268874499357366     
 g=  -1.7193009403370589E-002
 j=    0.000000000000000        -380.0798037169773      
   -141.4954625313051     
 v_perp_2=    46669987.92662434     
 b_n=  -4.9153323774605814E-004   -1.189532909189301      
   0.8972170063012340     
 b_para_n=    1.268874491378935     
 dxdt=   -4.191776414093519        -7351.472440386156      
    5549.584058582127     
 dudt=   -3358358.444220499     
 ---------------------
 rk4
 istep=      3000001
 grad_b=   0.7631477498185183       -5.8100184744608839E-002 
   0.1781302104031154     
 bsub=   4.2849530529404066E-002   3.0218436836039433E-002 
    1.357799385087655     
 bsup=    0.000000000000000        0.1142823182387905      
    1.025079264696137     
 b_abs=    1.181160504944231     
 g=  -1.1824737806617747E-002
 j=    0.000000000000000         810.4098073614566      
   -17.87248397722274     
 v_perp_2=    43443462.14546692     
 b_n=  -4.3020525726727581E-004   0.1090315385738841      
    1.025209699625473     
 b_para_n=    1.181160504961076     
 dxdt=   -3.914847489872504         731.1140980741761      
    6987.659268292038     
 dudt=   -2739572.651238654     
 ---------------------
 rk4
 istep=      4000001
 grad_b=  -0.6231834603278847       -1.8504649678996021E-003 
   7.6508327278471122E-004
 bsub=  -2.6081855583633431E-002  -5.8051650269828857E-002 
   0.9412054326889473     
 bsup=    0.000000000000000       -0.3676884427587820      
    1.010421376532598     
 b_abs=   0.9859567779764334     
 g=  -1.6214154905250872E-002
 j=    0.000000000000000        -397.4535980788717      
    57.70610294982038     
 v_perp_2=    36263492.28540377     
 b_n=  -9.5578138878594279E-006  -0.3643855721898238      
    1.010624835362731     
 b_para_n=   0.9859567868557438     
 dxdt=  -0.1029645910315406        -3128.500102282033      
    8697.204043736969     
 dudt=   -27109.67196536443     
 ---------------------
 rk4
 istep=      5000001
 grad_b=  -0.9345151092399142       -7.2938688212517991E-002 
  -0.2530962099680422     
 bsub=   6.9322141586491859E-002  -7.9147526288965112E-002 
    1.558157562393085     
 bsup=    0.000000000000000        -1.140790684072813      
   0.9213719808187671     
 b_abs=    1.235275287915357     
 g=  -1.9016101232249526E-002
 j=    0.000000000000000        -616.1566152540884      
    4.928116927960247     
 v_perp_2=    45433050.55352412     
 b_n=  -3.8199571031844359E-004   -1.136680007037135      
   0.9215977830412984     
 b_para_n=    1.235275291769704     
 dxdt=   -3.337281759609657        -7283.574013113253      
    5913.635689448937     
 dudt=    2232916.809725066     
 ---------------------
 rk4
 istep=      6000001
 grad_b=   0.7532475231324546        2.4887328691139271E-002 
   0.1698474777246483     
 bsub=   3.9573493562319192E-002   0.1171562780148930      
    1.615696919056252     
 bsup=    0.000000000000000       -0.6298319702308062      
    1.082689954361782     
 b_abs=    1.294558339306864     
 g=  -8.9638366340903507E-003
 j=    0.000000000000000        -937.3874910131457      
    288.0108269757058     
 v_perp_2=    47613070.27844020     
 b_n=   1.1014726587481823E-004  -0.6363953138445395      
    1.083163190462829     
 b_para_n=    1.294558361023496     
 dxdt=   0.9226756344414896        -3843.517473146349      
    6516.514188217428     
 dudt=   -2389582.066056630     
 ---------------------
 rk4
 istep=      7000001
 grad_b=  -0.3410573460210811        2.9251570023573377E-002 
   4.6492888383764031E-002
 bsub=  -3.5360820946922895E-002  -4.7150728817007242E-002 
   0.8872214460891017     
 bsup=    0.000000000000000       -0.1413187084179053      
    1.117562365326577     
 b_abs=   0.9994648595094954     
 g=  -1.2138551249348152E-002
 j=    0.000000000000000         317.4159118483013      
   -65.76976026752874     
 v_perp_2=    36759396.32817014     
 b_n=   2.0531328758914642E-004  -0.1391232793996778      
    1.117687213492752     
 b_para_n=   0.9994648513509889     
 dxdt=    2.183439033322681        -1172.171781170331      
    9455.613489352063     
 dudt=   -879947.1445983181     
 ---------------------
 rk4
 istep=      8000001
 grad_b=   0.4827539598489939       -7.0465136025289449E-002 
  -0.1892326281362458     
 bsub=   3.1717801352274380E-002   0.1318267928281209      
    1.751100700606434     
 bsup=    0.000000000000000        -1.241387734733098      
    1.080283342610896     
 b_abs=    1.315238809243721     
 g=  -7.9606887482933306E-003
 j=    0.000000000000000        -51.59057173399796      
   -268.7736040291437     
 v_perp_2=    48372898.07293378     
 b_n=  -5.7871311153660288E-004   -1.246392421087129      
    1.080670567817324     
 b_para_n=    1.315238781166383     
 dxdt=   -4.780093460547149        -7344.874975411164      
    6358.899503592081     
 dudt=    1635179.252989219     
 ---------------------
 rk4
 istep=      9000001
 grad_b=   0.5060412091553842        7.6504588730194556E-002 
   0.2028397212402573     
 bsub=  -7.7671558074392591E-004   0.1615693950568333      
    1.859875916967283     
 bsup=    0.000000000000000        -1.084270827488289      
    1.075654915789879     
 b_abs=    1.350439746751821     
 g=  -7.7736496682045218E-003
 j=    0.000000000000000        -763.1168896138859      
    503.2735953653976     
 v_perp_2=    49667105.28947423     
 b_n=   6.1856509400523715E-004   -1.089587668046976      
    1.076117086255540     
 b_para_n=    1.350439791594094     
 dxdt=    4.992017414159410        -6188.277393929717      
    6100.265928344836     
 dudt=   -1841503.690879145     
 ---------------------
 rk4
 istep=     10000001
 grad_b=  -0.7134259187542438        2.9134783537123538E-002 
   2.6208275190328756E-002
 bsub=  -1.7473173373461173E-002  -9.2496448459941025E-002 
   0.8206528982357669     
 bsup=    0.000000000000000       -0.3732060072120825      
    1.145992669102492     
 b_abs=   0.9866556322099457     
 g=  -9.7972344685775311E-003
 j=    0.000000000000000        -658.3082195060277      
   -122.7265156862434     
 v_perp_2=    36287390.80677075     
 b_n=   2.4503455382048306E-004  -0.3677625126024525      
    1.146611421500180     
 b_para_n=   0.9866556276476752     
 dxdt=    2.637930741884148        -3150.152060898583      
    9859.688690476047     
 dudt=   -357122.5147526892     
 ---------------------
 rk4
 istep=     11000001
 grad_b=   0.7306751623012622       -4.6584154558829652E-002 
  -0.1599478412781201     
 bsub=  -1.0731973423199294E-002   0.1207544444448235      
    1.543946960328363     
 bsup=    0.000000000000000       -0.5883550082067632      
    1.105895093708148     
 b_abs=    1.279459076297107     
 g=  -8.2284239982003959E-003
 j=    0.000000000000000         456.7861112970280      
   -284.6882816118364     
 v_perp_2=    47055783.57796790     
 b_n=  -3.1962637906809158E-004  -0.5951984599752214      
    1.106428088765495     
 b_para_n=    1.279459052149466     
 dxdt=   -2.705566540560917        -3655.158769384110      
    6766.006706134993     
 dudt=    2148362.859513732     
 ---------------------
 rk4
 istep=     12000001
 grad_b=   0.3568765485512712        9.1773174819332684E-002 
   0.2194060419379479     
 bsub=  -4.6960824440073087E-002   0.1273734895393622      
    1.955510985446753     
 bsup=    0.000000000000000        -1.631475458491201      
    1.064503355379311     
 b_abs=    1.368646745411504     
 g=  -8.9459973565624538E-003
 j=    0.000000000000000        -548.1287634187186      
    220.4079839737369     
 v_perp_2=    50335469.55099898     
 b_n=   7.1984645542001019E-004   -1.634840010198586      
    1.064739807989833     
 b_para_n=    1.368646764702597     
 dxdt=    5.741995271469627        -9098.418010596450      
    5920.900918548875     
 dudt=   -1126353.053669923     
 ---------------------
 rk4
 istep=     13000001
 grad_b=  -0.7322839113740844        5.6787890574485807E-003 
   1.1772811534144917E-002
 bsub=   1.6076048898574714E-002  -7.7012887615733702E-002 
   0.9320664295276412     
 bsup=    0.000000000000000       -0.4235543887438510      
    1.006633962967521     
 b_abs=   0.9855362667115422     
 g=  -1.5593443523174500E-002
 j=    0.000000000000000        -315.4945181050061      
    164.3600878115309     
 v_perp_2=    36245327.04605539     
 b_n=   3.6337735490991178E-005  -0.4195528005036131      
    1.006963992865637     
 b_para_n=   0.9855362870969481     
 dxdt=   0.3916168765906985        -3603.715907536545      
    8670.766365245559     
 dudt=   -176241.3532908503     
 ---------------------
 rk4
 istep=     14000001
 grad_b=   0.8210827772629296       -6.9872903438598505E-003 
  -0.1620662713688694     
 bsub=  -1.9379718750705294E-002   7.0730562302349420E-002 
    1.309194583539885     
 bsup=    0.000000000000000        8.3313391140544646E-002 
    1.091437629747711     
 b_abs=    1.197519574614696     
 g=  -9.1591586025945061E-003
 j=    0.000000000000000        -1132.197747527199      
    153.4059165109071     
 v_perp_2=    44041110.51628608     
 b_n=   1.4776902825567617E-005   7.6472701818618607E-002 
    1.091807431764362     
 b_para_n=    1.197519583485270     
 dxdt=   0.1327881600189612         496.0090573171062      
    7306.534583978410     
 dudt=    2725107.676427475     
 ---------------------
 rk4
 istep=     15000001
 grad_b=  -0.4877127014465276        3.1758507184241225E-002 
   4.7459826690606527E-002
 bsub=  -7.4292198172644874E-002  -0.1977364131717411      
    1.567565096814086     
 bsup=    0.000000000000000        -1.271486057739880      
   0.9261295622417232     
 b_abs=    1.304891290265832     
 g=  -1.8583847175311242E-002
 j=    0.000000000000000         307.5513369431167      
   -271.2298569117900     
 v_perp_2=    47989521.34313257     
 b_n=   1.5185034066982566E-004   -1.269532996499323      
   0.9263830985147616     
 b_para_n=    1.304891261138791     
 dxdt=    1.263054428324689        -7547.790635646667      
    5511.628257960630     
 dudt=   -50356.48074498018     
 ---------------------
 rk4
 istep=     16000001
 grad_b=   -1.083871644524136       -1.5383979577910279E-002 
   7.9826977443898745E-002
 bsub=   4.2027454859429152E-003  -7.0083721033804156E-002 
    1.087047922692985     
 bsup=    0.000000000000000       -0.6151340906881212      
   0.9046296106847189     
 b_abs=    1.013025883332882     
 g=  -1.8930796176825228E-002
 j=    0.000000000000000         1014.766618786838      
   -773.5842536696746     
 v_perp_2=    37255386.39655179     
 b_n=  -5.0493769315140617E-005  -0.6097864975559442      
   0.9049744820586637     
 b_para_n=    1.013025784888117     
 dxdt=  -0.5301764189341026        -5060.221998710295      
    7527.867507685015     
 dudt=   -1482574.969794892     
 ---------------------
 rk4
 istep=     17000001
 grad_b=   0.3852196317829363        5.6783908273598027E-002 
  -0.1577388208461768     
 bsub=  -3.7548490511690319E-003   3.6445730205976773E-002 
    1.120538761111087     
 bsup=    0.000000000000000        0.7761809632156211      
    1.020061003357884     
 b_abs=    1.082371644640824     
 g=  -1.1779299412619562E-002
 j=    0.000000000000000         1450.439301840396      
   -92.18431340209048     
 v_perp_2=    39805316.91260598     
 b_n=   4.3512346414893038E-004   0.7734775678371445      
    1.020150385338397     
 b_para_n=    1.082371639958680     
 dxdt=    4.292992499676160         5906.082945169899      
    7797.739413797239     
 dudt=    1984766.218853758     
 ---------------------
 rk4
 istep=     18000001
 grad_b=  -0.9817931822776377        0.1311767269055908      
  -0.1273910945080501     
 bsub=   8.6310368408073265E-003  -0.1233477750666584      
    1.299573906518815     
 bsup=    0.000000000000000       -0.7993125558160010      
   0.8750174998016144     
 b_abs=    1.111499273765330     
 g=  -2.0019785366193314E-002
 j=    0.000000000000000        -836.5693585205369      
    302.6730586998016     
 v_perp_2=    40876171.54668269     
 b_n=   5.3730912106085050E-004  -0.7948866429587040      
   0.8754340495423446     
 b_para_n=    1.111499317134726     
 dxdt=    5.171583848752388        -5860.132304440438      
    6465.803852312903     
 dudt=    3578680.424990699     
 ---------------------
 rk4
 istep=     19000001
 grad_b=   -1.095851674579416       -0.1105443939788991      
   0.1347490701750035     
 bsub=  -1.4248708197337229E-002  -0.1180289095639676      
    1.298914122749855     
 bsup=    0.000000000000000       -0.8057157324410893      
   0.8735742863204898     
 b_abs=    1.108907633661745     
 g=  -2.0079825466109882E-002
 j=    0.000000000000000        -773.2349858998294      
    418.6028280758619     
 v_perp_2=    40780530.86507193     
 b_n=  -4.4435879981994162E-004  -0.8007687680063079      
   0.8740189770847173     
 b_para_n=    1.108907689423735     
 dxdt=   -4.286214828253748        -5920.437215071610      
    6475.091065866926     
 dudt=   -3428775.664870922     
 ---------------------
 rk4
 istep=     20000001
 grad_b=  -0.2602024245189628       -5.8632668769657614E-002 
   9.5633649070346660E-002
 bsub=  -2.9610111143586228E-004   3.5506308544208040E-002 
    1.056580829483730     
 bsup=    0.000000000000000        0.8024453477565716      
   0.9254916703146875     
 b_abs=    1.002947898595387     
 g=  -1.4787214739203762E-002
 j=    0.000000000000000        -391.0909425100191      
    66.29833129597554     
 v_perp_2=    36883507.56638242     
 b_n=  -3.8825568803023012E-004   0.8040786188839629      
   0.9254366814574254     
 b_para_n=    1.002947904796215     
 dxdt=   -4.115364771971730         6776.340446770177      
    7794.869361295826     
 dudt=   -760080.6856859559     
 ---------------------
 rk4
 istep=     21000001
 grad_b=   -1.043539882479830        2.2899592683695385E-002 
  -7.3618374495631092E-002
 bsub=  -7.4031007964407520E-003  -6.5992687603405292E-002 
    1.084115872857051     
 bsup=    0.000000000000000       -0.6000013798280357      
   0.9063286078022669     
 b_abs=    1.010958279487469     
 g=  -1.9083781061055665E-002
 j=    0.000000000000000         1177.462213480975      
   -725.3864593810873     
 v_perp_2=    37177764.22857000     
 b_n=   9.0290077106173163E-005  -0.5948831428450446      
   0.9066406961303378     
 b_para_n=    1.010958185783656     
 dxdt=   0.9498636980774769        -4949.599759521254      
    7561.206752421720     
 dudt=    1463458.231116637     
 ---------------------
 rk4
 istep=     22000001
 grad_b=  -0.3965187120015513       -0.1190825071472880      
   7.6595781230638038E-002
 bsub=   1.9073871800153810E-002  -0.2322649938743616      
    1.493780474638641     
 bsup=    0.000000000000000        -1.210407449002416      
   0.8996913331542582     
 b_abs=    1.274796967647311     
 g=  -1.7442527491080134E-002
 j=    0.000000000000000        -497.8098001598305      
   -53.69884359826645     
 v_perp_2=    46879981.44117458     
 b_n=  -4.6286501695794814E-004   -1.208690753476288      
   0.8999641709449606     
 b_para_n=    1.274796969891308     
 dxdt=   -3.930806837487256        -7423.635547269856      
    5531.114007855026     
 dudt=   -3072957.564806551     
 ---------------------
 rk4
 istep=     23000001
 grad_b=   0.8201134241960033       -2.8997141819232918E-002 
   0.1710147473578068     
 bsub=   3.4889577282822715E-002   5.3823118752982527E-002 
    1.339198292232552     
 bsup=    0.000000000000000        0.1665066272978216      
    1.057584709263403     
 b_abs=    1.193836510688458     
 g=  -1.0281640140002820E-002
 j=    0.000000000000000         67.16738299156499      
   -258.2051628026458     
 v_perp_2=    43902347.77810352     
 b_n=  -2.7510012228850811E-004   0.1602511095723597      
    1.057843266474015     
 b_para_n=    1.193836485370519     
 dxdt=   -2.479042224714934         1062.430373745393      
    7108.517621860901     
 dudt=   -2711211.225683192     
 ---------------------
 rk4
 istep=     24000001
 grad_b=  -0.6677784174313637       -2.5880041501941103E-003 
  -4.2259599770220896E-003
 bsub=  -2.3118669881092992E-002  -6.4164379842634692E-002 
   0.9406977708107070     
 bsup=    0.000000000000000       -0.3904082035262469      
    1.006498262865726     
 b_abs=   0.9858158206983697     
 g=  -1.6161918137375393E-002
 j=    0.000000000000000        -431.6065037257594      
    79.03025775142260     
 v_perp_2=    36252243.83630057     
 b_n=  -1.5291454519358687E-005  -0.3868574911946862      
    1.006740091101807     
 b_para_n=   0.9858158324104319     
 dxdt=  -0.1647530303877228        -3322.079244530551      
    8665.773190033893     
 dudt=    60487.56984119042     
 ---------------------
 rk4
 istep=     25000001
 grad_b=  -0.3228412315474608       -0.1509611546312337      
  -0.2764997142901872     
 bsub=   6.9483204946677826E-002   1.3174980924889661E-002 
    1.694105198642503     
 bsup=    0.000000000000000        -1.281181117051901      
   0.9856218310555075     
 b_abs=    1.285936576606034     
 g=  -1.4716137298093403E-002
 j=    0.000000000000000         397.4960912190086      
    77.21088779020246     
 v_perp_2=    47288461.91156784     
 b_n=  -8.4618701462942764E-004   -1.279409790630796      
   0.9856427680391114     
 b_para_n=    1.285936585050320     
 dxdt=   -7.130484668346234        -7763.987171984552      
    5984.550312148880     
 dudt=    1131224.716362460     
 ---------------------
 rk4
 istep=     26000001
 grad_b=   0.7504479870922981        3.2869822221622602E-002 
   0.1659015371203831     
 bsub=   2.8369116781235139E-002   0.1199700113990071      
    1.585713232355078     
 bsup=    0.000000000000000       -0.5996636199364352      
    1.092319630100286     
 b_abs=    1.288704098055468     
 g=  -8.6345406944115001E-003
 j=    0.000000000000000        -125.5618395772551      
    31.24643128732575     
 v_perp_2=    47389829.66009439     
 b_n=   1.8336991597823693E-004  -0.6064095552531980      
    1.092826727236284     
 b_para_n=    1.288704100185014     
 dxdt=    1.542224377428258        -3686.857128623996      
    6616.725703526407     
 dudt=   -2304292.174935284     
 ---------------------
 rk4
 istep=     27000001
 grad_b=  -0.4633274788798336        2.8772701499487491E-002 
   3.6860175961030958E-002
 bsub=  -2.7773077975966322E-002  -6.7142806442321679E-002 
   0.8586553750309391     
 bsup=    0.000000000000000       -0.2162597986076067      
    1.128495072640222     
 b_abs=   0.9922240940969839     
 g=  -1.1328432068020372E-002
 j=    0.000000000000000         598.9974307837015      
    60.07640104929010     
 v_perp_2=    36486987.87034450     
 b_n=   2.1598248283228157E-004  -0.2131065758885321      
    1.128748627213040     
 b_para_n=   0.9922240953827618     
 dxdt=    2.312768692315008        -1812.594903496142      
    9637.460139049173     
 dudt=   -655501.6814043454     
 ---------------------
 rk4
 istep=     28000001
 grad_b=   0.4697863317777065       -6.8668251554546866E-002 
  -0.1933934783848999     
 bsub=   1.9542970655985453E-002   0.1468399889437859      
    1.802334927809995     
 bsup=    0.000000000000000        -1.189398720830370      
    1.078825467772911     
 b_abs=    1.330661148818526     
 g=  -7.6660314529553861E-003
 j=    0.000000000000000        -1061.482428843229      
    244.2816817124094     
 v_perp_2=    48931932.31264891     
 b_n=  -5.6607595480657254E-004   -1.194447210158728      
    1.079242928785437     
 b_para_n=    1.330661165081826     
 dxdt=   -4.627808122023911        -6925.472485165233      
    6247.618560716058     
 dudt=    1754319.916141035     
 ---------------------
 rk4
 istep=     29000001
 grad_b=   0.4767915897055921        7.0956717018729618E-002 
   0.1968984092683607     
 bsub=  -1.1103509466132195E-002   0.1539005368773836      
    1.826248219696885     
 bsup=    0.000000000000000        -1.135610781344597      
    1.077395974439309     
 b_abs=    1.338766712060507     
 g=  -7.6509424000880642E-003
 j=    0.000000000000000        -1020.069432227610      
    505.8836764219350     
 v_perp_2=    49229556.38780789     
 b_n=   5.8189226474113101E-004   -1.140727091910698      
    1.077830702771530     
 b_para_n=    1.338766755274568     
 dxdt=    4.731788045096100        -6558.275647921403      
    6186.142323356295     
 dudt=   -1806771.638815827     
 ---------------------
 Elapsed time (seconds):     153.4902170000000     

real	2m33.503s
user	2m33.112s
sys	0m0.029s
>>> [PID 3847404] DONE  u=8500, v_perp=-6000, out=bounce/dat102.dat
