>>> [PID 3856078] START u=2000, v_perp=-2000, out=bounce/dat173.dat, dt=5.00E-09, steps=30000000
 outer boundary:   8.3000000000000462E-002
 rk4
 istep=            1
 grad_b=  -0.5028821521125918        4.9317081920763756E-003 
  -7.9828063440171709E-003
 bsub=   8.6924478367346632E-003   4.2252304103819777E-002 
    1.020727209115925     
 bsup=    0.000000000000000        0.5003101593597891      
   0.9181486061195395     
 b_abs=   0.9787596473505351     
 g=  -1.6418745326737108E-002
 j=    0.000000000000000         576.0999358555064      
    59.09223244000975     
 v_perp_2=    3999999.796972346     
 b_n=   7.1450840904387276E-006   0.5009929088615551      
   0.9181202855522282     
 b_para_n=   0.9787596496741024     
 dxdt=   2.1900425155230590E-002    1024.427782136590      
    1876.060477322296     
 dudt=    10150.66552092820     
 ---------------------
 rk4
 istep=      1000001
 grad_b=   -1.202001546117102        5.9965120468844543E-002 
   0.2297083294928017     
 bsub=  -3.8257339545011759E-002  -8.4595893761691812E-002 
    1.316033886274972     
 bsup=    0.000000000000000       -0.9488701330276748      
   0.8751141536787518     
 b_abs=    1.109881180378077     
 g=  -1.9278172145624071E-002
 j=    0.000000000000000         1219.226511082519      
   -174.0426188258354     
 v_perp_2=    4535866.358713747     
 b_n=   8.0638548494232464E-005  -0.9475802906899978      
   0.8751994045674306     
 b_para_n=    1.109881173779748     
 dxdt=   0.2237587129547304        -1587.631338195809      
    1467.761675760770     
 dudt=   -265342.4801294778     
 ---------------------
 rk4
 istep=      2000001
 grad_b=   0.4122324966762436       -8.2774774761957728E-002 
  -0.2276002689313714     
 bsub=   4.3460444623439898E-002   0.1205075272997851      
    1.859491388119925     
 bsup=    0.000000000000000        -1.616481570292483      
    1.069754496039873     
 b_abs=    1.339674408850158     
 g=  -8.5737203107423346E-003
 j=    0.000000000000000         317.8704111147536      
   -57.97606703087541     
 v_perp_2=    5474983.661340483     
 b_n=  -1.3665382743849140E-004   -1.617320378892497      
    1.069812049789951     
 b_para_n=    1.339674408041200     
 dxdt=  -0.3378184269880191        -1919.433294228223      
    1269.011770695877     
 dudt=    167283.1953456727     
 ---------------------
 rk4
 istep=      3000001
 grad_b=  -0.3507705507284385       -9.2918591295349309E-003 
   3.2929577539522664E-002
 bsub=  -3.3926184488768454E-002  -1.9242497994138165E-002 
   0.9528727486887588     
 bsup=    0.000000000000000       -0.1793439048678575      
    1.018841709226503     
 b_abs=   0.9873100585076966     
 g=  -1.6255853477175512E-002
 j=    0.000000000000000         601.5534249765194      
   -54.73300921145089     
 v_perp_2=    4034938.433941105     
 b_n=  -1.0806692374767726E-005  -0.1789059550988221      
    1.018850166733557     
 b_para_n=   0.9873100567962588     
 dxdt=  -3.2885098716993008E-002   -360.3752499911756      
    2054.866264477764     
 dudt=   -72886.21579510545     
 ---------------------
 rk4
 istep=      4000001
 grad_b=  -0.4634452528575862       -9.0812261087057020E-003 
  -2.7649052674969560E-002
 bsub=   2.9654722630274168E-002  -5.6629629118254636E-002 
   0.9070317872866336     
 bsup=    0.000000000000000       -0.3059772983609505      
    1.052027563083836     
 b_abs=   0.9854549088127078     
 g=  -1.4778420793555045E-002
 j=    0.000000000000000         566.7231120400763      
   -126.1232294249594     
 v_perp_2=    4027355.519081718     
 b_n=  -1.4242333859296207E-005  -0.3053677355335146      
    1.052066081881825     
 b_para_n=   0.9854549048600988     
 dxdt=  -4.3407491259447178E-002   -617.0020425122302      
    2127.914504557271     
 dudt=    54553.11327787615     
 ---------------------
 rk4
 istep=      5000001
 grad_b=   0.5351352082863521        4.9845049038669861E-002 
   0.1616740693339620     
 bsub=   2.2155395217675594E-002   0.1860345948996317      
    2.014311715491622     
 bsup=    0.000000000000000        -1.100778131913918      
    1.077698140902027     
 b_abs=    1.402178656748163     
 g=  -8.0740477982266887E-003
 j=    0.000000000000000         400.7508004805890      
   -71.80677043782464     
 v_perp_2=    5730418.407754442     
 b_n=   6.9821677487525859E-005   -1.101844761524354      
    1.077795882522230     
 b_para_n=    1.402178656042147     
 dxdt=   0.1697214250884045        -1185.278442396289      
    1158.125933593634     
 dudt=   -173954.4517523360     
 ---------------------
 rk4
 istep=      6000001
 grad_b=   -1.059655638695360        0.1247597482236051      
  -0.1426937733923066     
 bsub=   2.0814795448550361E-002  -0.1436531218415300      
    1.349906812104220     
 bsup=    0.000000000000000       -0.8661817813517959      
   0.8668597772657695     
 b_abs=    1.137817421176047     
 g=  -2.0267635447284087E-002
 j=    0.000000000000000         131.5953363094947      
    314.7712391277920     
 v_perp_2=    4650025.848141684     
 b_n=   1.0794013722429376E-004  -0.8651400975637462      
   0.8669689721826959     
 b_para_n=    1.137817428722037     
 dxdt=   0.2941404985978405        -1390.501655727461      
    1394.728452739506     
 dudt=    416216.8106446210     
 ---------------------
 rk4
 istep=      7000001
 grad_b=   0.7616220704231753       -1.6428976435891987E-002 
  -0.1601056948537014     
 bsub=  -1.1260105014471784E-002   7.6908415428817323E-002 
    1.286600451667203     
 bsup=    0.000000000000000        8.8602388657424924E-002 
    1.104944435883400     
 b_abs=    1.194803324763722     
 g=  -8.8584369577814105E-003
 j=    0.000000000000000        -1248.836480655287      
    400.6556226844781     
 v_perp_2=    4882913.943529924     
 b_n=  -1.2888102725388392E-005   8.7173785112302268E-002 
    1.105029726279041     
 b_para_n=    1.194803331583265     
 dxdt=  -3.3960912441903066E-002    127.1608202119378      
    1632.969917096628     
 dudt=    305044.2179645204     
 ---------------------
 rk4
 istep=      8000001
 grad_b=   0.6809282689770029        5.1737207930516650E-002 
   0.1597649739223039     
 bsub=  -8.4814832575032320E-003   8.3599937972499150E-002 
    1.263644113614541     
 bsup=    0.000000000000000       -0.1926152519254724      
    1.132260407485959     
 b_abs=    1.189701188199268     
 g=  -8.3411808690934536E-003
 j=    0.000000000000000        -381.9076639058858      
   -8.730483713381801     
 v_perp_2=    4862059.816735030     
 b_n=   8.1657250588573473E-005  -0.1939680324873731      
    1.132350451908695     
 b_para_n=    1.189701187492439     
 dxdt=   0.2157790170519920        -290.3720425047772      
    1686.133850321881     
 dudt=   -293584.2781062427     
 ---------------------
 rk4
 istep=      9000001
 grad_b=  -0.8712751416614903       -0.1558816534753614      
   0.1311078070139694     
 bsub=  -1.2410223817172220E-002  -0.1637373371714279      
    1.370777910611759     
 bsup=    0.000000000000000       -0.9003781616488381      
   0.8723206117533754     
 b_abs=    1.158843145798865     
 g=  -1.9578876461487975E-002
 j=    0.000000000000000        -37.76468221255874      
    97.10752732034111     
 v_perp_2=    4735947.836787522     
 b_n=  -1.3817138798498545E-004  -0.8995207924983978      
   0.8724217743543347     
 b_para_n=    1.158843148262494     
 dxdt=  -0.3716886179472652        -1401.408305933603      
    1360.244304418245     
 dudt=   -449149.2921241118     
 ---------------------
 rk4
 istep=     10000001
 grad_b=   0.2728608874661517        5.8088409414919377E-002 
  -4.0618297681992280E-002
 bsub=  -9.1633515670845461E-002   9.5010654838176695E-002 
    1.895551178284571     
 bsup=    0.000000000000000        -1.027296658379638      
    1.048189188364761     
 b_abs=    1.374836552829727     
 g=  -1.2101173673777136E-002
 j=    0.000000000000000         1517.744698695734      
   -221.2441774643978     
 v_perp_2=    5618665.122490394     
 b_n=   8.0438267117086877E-005   -1.027659060261206      
    1.048211239376245     
 b_para_n=    1.374836549876290     
 dxdt=   0.1967998229419228        -1153.955006115522      
    1176.572677309267     
 dudt=    151971.8645563071     
 ---------------------
 rk4
 istep=     11000001
 grad_b=  -0.6860992849915389        3.9620294618478713E-003 
   4.6390941429698546E-003
 bsub=  -5.6607323831929166E-003  -9.5308518674135742E-002 
   0.8380414765318418     
 bsup=    0.000000000000000       -0.4106258863428953      
    1.101355229493526     
 b_abs=   0.9803548209908957     
 g=  -1.1321429918727990E-002
 j=    0.000000000000000        -770.5963939993292      
    253.9123219932623     
 v_perp_2=    4006500.011397849     
 b_n=   7.2290425385655466E-006  -0.4095212230385143      
    1.101480918278912     
 b_para_n=   0.9803548288150417     
 dxdt=   2.2127715671280319E-002   -833.6464504382711      
    2245.408624611855     
 dudt=   -7258.461170420305     
 ---------------------
 rk4
 istep=     12000001
 grad_b=  -0.2633027428974234       -0.1579322751072112      
   0.1101246211972700     
 bsub=   2.0495423969177494E-002  -3.1407752067123998E-002 
    1.202333011271120     
 bsup=    0.000000000000000       -0.3367523901595761      
   0.9123901854196012     
 b_abs=    1.052397490258498     
 g=  -2.0182941665416142E-002
 j=    0.000000000000000        -457.4826797918687      
   -302.4584436731006     
 v_perp_2=    4300921.576495538     
 b_n=  -1.6780744950697820E-004  -0.3364654125798534      
   0.9124005354753361     
 b_para_n=    1.052397482284499     
 dxdt=  -0.4849602136501768        -614.5992019971486      
    1667.459776936030     
 dudt=   -298355.5607648858     
 ---------------------
 rk4
 istep=     13000001
 grad_b=  -0.8648643241313232       -7.7348411121000840E-002 
   0.1206768410795468     
 bsub=  -5.2352576712646176E-002  -0.2085420632957770      
    1.514993832560051     
 bsup=    0.000000000000000        -1.211907368120630      
   0.8969115942699423     
 b_abs=    1.269411789419000     
 g=  -1.9210421598787941E-002
 j=    0.000000000000000        -102.9080623108635      
   -53.52908160286796     
 v_perp_2=    5187810.116740299     
 b_n=  -5.2148393370983041E-005   -1.211168383383850      
   0.8970115143224470     
 b_para_n=    1.269411788603115     
 dxdt=  -0.1324340115553110        -1599.115514012579      
    1185.120284216367     
 dudt=   -325122.7814093172     
 ---------------------
 rk4
 istep=     14000001
 grad_b=   0.5648994002216646       -7.5107470014732849E-002 
  -0.1645788360415715     
 bsub=   2.6872532469136724E-002   0.1153512574275578      
    1.545159276461838     
 bsup=    0.000000000000000       -0.8279878435518858      
    1.109282261113542     
 b_abs=    1.272329932857242     
 g=  -7.5610889092973966E-003
 j=    0.000000000000000         394.1966443168276      
    75.55282778863271     
 v_perp_2=    5199733.928592286     
 b_n=  -1.3883249424132969E-004  -0.8292425704009950      
    1.109378346939428     
 b_para_n=    1.272329935061640     
 dxdt=  -0.3521245628774591        -1092.172337274172      
    1459.198956492467     
 dudt=    193327.1892648519     
 ---------------------
 rk4
 istep=     15000001
 grad_b=   0.2979673034998991       -4.5213446031014265E-003 
   0.1228778814480358     
 bsub=  -1.8318352945924290E-002   4.2448766909366567E-002 
    1.053115234951547     
 bsup=    0.000000000000000        0.3628147695799596      
    1.069601856675330     
 b_abs=    1.068457793935058     
 g=  -1.2566867521811274E-002
 j=    0.000000000000000        -955.3983433198014      
   -112.8420413572556     
 v_perp_2=    4366550.866078618     
 b_n=  -1.3868721111093850E-005   0.3623754454891490      
    1.069619320078102     
 b_para_n=    1.068457790436289     
 dxdt=  -3.9609360032325888E-002    646.0177672001209      
    1908.251763586933     
 dudt=   -248218.7286638198     
 ---------------------
 rk4
 istep=     16000001
 grad_b=   -1.052731942460576       -1.2223657073213129E-002 
   7.6421989648711122E-002
 bsub=   3.9517951041716810E-003  -7.4187940152047924E-002 
    1.076650848596401     
 bsup=    0.000000000000000       -0.6135560329910590      
   0.8969309382343564     
 b_abs=    1.005444030602293     
 g=  -1.9169048464554188E-002
 j=    0.000000000000000         1144.382062015198      
   -863.8587011174242     
 v_perp_2=    4109026.324822627     
 b_n=  -7.9771950299982395E-006  -0.6123486968049878      
   0.8970141361729699     
 b_para_n=    1.005444004566287     
 dxdt=  -2.3913904227176215E-002   -1200.100730832311      
    1759.915510858439     
 dudt=   -154548.3282571320     
 ---------------------
 rk4
 istep=     17000001
 grad_b=   0.4031799620840910       -1.9593538251914587E-002 
  -4.0330351043061430E-002
 bsub=   6.4831174218859290E-003   0.1952004689664108      
    2.177328029818464     
 bsup=    0.000000000000000        -1.571123117734810      
    1.080960868684135     
 b_abs=    1.431561340594252     
 g=  -6.9329899934670609E-003
 j=    0.000000000000000         530.9768853969798      
   -438.4090473424048     
 v_perp_2=    5850469.984757636     
 b_n=  -3.7555221699713697E-005   -1.572071048328786      
    1.081045958533863     
 b_para_n=    1.431561332591424     
 dxdt=  -9.0803912587235594E-002   -1611.351166478891      
    1107.267302378282     
 dudt=    18287.17478332588     
 ---------------------
 rk4
 istep=     18000001
 grad_b=  -0.9815429908477731        1.5024517067608375E-002 
  -6.2093246305722292E-002
 bsub=  -8.8363533820385500E-003  -6.9011807463530833E-002 
    1.058287373962382     
 bsup=    0.000000000000000       -0.5769437555431404      
   0.9060071007479101     
 b_abs=   0.9992979655985953     
 g=  -1.9148478925927147E-002
 j=    0.000000000000000         1223.946386779064      
   -905.0076176827992     
 v_perp_2=    4083904.402337618     
 b_n=   1.2575386319736416E-005  -0.5758184943310251      
   0.9060805593372216     
 b_para_n=   0.9992979384464370     
 dxdt=   3.7888183180059563E-002   -1139.133215960058      
    1794.389949568610     
 dudt=    132760.6312774972     
 ---------------------
 rk4
 istep=     19000001
 grad_b=   0.2321226964085116       -1.3152489645534990E-002 
  -0.1113605052582295     
 bsub=   2.7072166137938367E-002   3.4037898201249389E-002 
    1.024311092118126     
 bsup=    0.000000000000000        0.2393780276661529      
    1.090421231036650     
 b_abs=    1.060981847265530     
 g=  -1.2445560631860624E-002
 j=    0.000000000000000        -381.0511396762669      
   -150.2819500295415     
 v_perp_2=    4335991.129132127     
 b_n=  -1.3838810866175588E-005   0.2390338543135476      
    1.090433029820793     
 b_para_n=    1.060981843534406     
 dxdt=  -3.9740248671833907E-002    430.8832088332570      
    1967.306766450454     
 dudt=    239930.3908036581     
 ---------------------
 rk4
 istep=     20000001
 grad_b=   0.5864283045680896        6.1272576937287333E-002 
   0.1573118626355005     
 bsub=  -5.3113990757613187E-003   0.1349074771300147      
    1.611232390696255     
 bsup=    0.000000000000000       -0.7485665988117290      
    1.106128418957879     
 b_abs=    1.297187795163147     
 g=  -7.6773984842563358E-003
 j=    0.000000000000000         159.4765357416582      
    26.31381525140686     
 v_perp_2=    5301308.202485029     
 b_n=   1.0310153723102957E-004  -0.7498246819404392      
    1.106234098001673     
 b_para_n=    1.297187795983426     
 dxdt=   0.2588130605274874        -951.1491819415526      
    1401.075629364502     
 dudt=   -201852.2298463783     
 ---------------------
 rk4
 istep=     21000001
 grad_b=  -0.5719787878232180        5.9960995960892667E-002 
  -5.4763509489181822E-002
 bsub=   2.4602768921895068E-002  -0.2419928443436524      
    1.511014108509631     
 bsup=    0.000000000000000        -1.246866207205907      
   0.8975426134503626     
 b_abs=    1.287719774723316     
 g=  -1.7338944317218212E-002
 j=    0.000000000000000         543.6008049079526      
   -47.14268139673948     
 v_perp_2=    5262612.557069136     
 b_n=   4.6564706521902408E-005   -1.246346716565868      
   0.8976250507823671     
 b_para_n=    1.287719772063458     
 dxdt=   0.1173373108858201        -1600.706135854763      
    1153.400337065896     
 dudt=    196632.8426713300     
 ---------------------
 rk4
 istep=     22000001
 grad_b=   0.6912596010952193        7.9877567808408934E-002 
  -0.1514876990288055     
 bsub=  -7.7619566816079177E-002   6.6785445188449061E-004 
    1.565853303628293     
 bsup=    0.000000000000000       -0.6067635625594339      
    1.004806789622863     
 b_abs=    1.254253834318255     
 g=  -1.3668733206913680E-002
 j=    0.000000000000000        -767.2703306821521      
    676.4183690952254     
 v_perp_2=    5125843.195317884     
 b_n=   1.0324750381247684E-004  -0.6076466583926825      
    1.004812296280398     
 b_para_n=    1.254253849316725     
 dxdt=   0.2640004735724323        -822.4004576437483      
    1358.178481149730     
 dudt=    326945.0547256122     
 ---------------------
 rk4
 istep=     23000001
 grad_b=  -0.5436458790564092        8.2253803165817471E-002 
   8.6675455521549025E-002
 bsub=  -4.3870575052981940E-002  -5.4398833039123282E-002 
   0.8744692662911806     
 bsup=    0.000000000000000       -0.3970147269175144      
    1.145845350877135     
 b_abs=    1.011763296603326     
 g=  -9.2253748119278944E-003
 j=    0.000000000000000         177.0864871527547      
   -51.63180760524062     
 v_perp_2=    4134838.953998131     
 b_n=   1.6692196687718034E-004  -0.3959876256988437      
    1.145917617191520     
 b_para_n=    1.011763295220130     
 dxdt=   0.4978451965420073        -768.3932636552627      
    2226.757495751986     
 dudt=   -134629.5307669049     
 ---------------------
 rk4
 istep=     24000001
 grad_b=   0.2680195215833620       -0.1371341028930794      
   8.7503056068484658E-002
 bsub=   8.4988245836748910E-002  -0.1333868552728046      
    1.571684024510291     
 bsup=    0.000000000000000        -1.073286096619361      
   0.9562162041215281     
 b_abs=    1.282923994666963     
 g=  -1.7333693219470016E-002
 j=    0.000000000000000         546.0846851545896      
   -302.0446698577825     
 v_perp_2=    5243006.625599006     
 b_n=  -1.2412313718392027E-004   -1.073538039051709      
   0.9562015280688113     
 b_para_n=    1.282923987405010     
 dxdt=  -0.3133968421397365        -1389.732708738468      
    1237.542245697028     
 dudt=   -367696.2109829999     
 ---------------------
 rk4
 istep=     25000001
 grad_b=  -0.5950147048392855        0.1837751941261115      
  -0.1146087827304513     
 bsub=  -3.2748921400796438E-003  -0.1871462037442453      
    1.394575978268014     
 bsup=    0.000000000000000       -0.9678694501394252      
   0.8816059901236784     
 b_abs=    1.187694021607549     
 g=  -1.9052185388787127E-002
 j=    0.000000000000000         226.9898986826573      
   -85.90563302991391     
 v_perp_2=    4853822.658229021     
 b_n=   1.6214587848811519E-004  -0.9672962533767484      
   0.8816832891908791     
 b_para_n=    1.187694018924925     
 dxdt=   0.4289493654335813        -1443.936098139600      
    1316.827871846598     
 dudt=    479854.8682644053     
 ---------------------
 rk4
 istep=     26000001
 grad_b=   0.5247452039550845       -7.5998628612656285E-002 
  -0.1639234505409461     
 bsub=   2.5305519727597516E-002   7.6054079324161819E-002 
    1.217889857823685     
 bsup=    0.000000000000000       -0.3481527931589300      
    1.138874297721543     
 b_abs=    1.166744584458103     
 g=  -8.2504730745054065E-003
 j=    0.000000000000000         93.43636718932022      
   -35.54502942110923     
 v_perp_2=    4768205.588230707     
 b_n=  -1.3411306273226531E-004  -0.3492298866236431      
    1.138944345451292     
 b_para_n=    1.166744583829914     
 dxdt=  -0.3590812837128035        -539.3174442541574      
    1754.964258190365     
 dudt=    280617.7643485250     
 ---------------------
 rk4
 istep=     27000001
 grad_b=   0.8006536182421786       -4.5695300903887091E-003 
   0.1662501978200699     
 bsub=   2.5947273499355016E-002   6.8814832732436576E-002 
    1.328131329955448     
 bsup=    0.000000000000000        0.1588124668238237      
    1.080959763528490     
 b_abs=    1.202614947298590     
 g=  -9.3955699648423409E-003
 j=    0.000000000000000        -618.0127728015904      
   -185.8462467042733     
 v_perp_2=    4914796.474629953     
 b_n=  -2.3677380526192544E-005   0.1573803253359288      
    1.081034425862147     
 b_para_n=    1.202614942678734     
 dxdt=  -6.2126747102092220E-002    228.1951905572001      
    1578.987637734475     
 dudt=   -304113.9007379386     
 ---------------------
 rk4
 istep=     28000001
 grad_b=   -1.081749553846029       -0.1215090968494075      
   0.1483956130938804     
 bsub=  -2.5029317689336035E-002  -0.1498649063037109      
    1.369685443300444     
 bsup=    0.000000000000000       -0.8979319191207811      
   0.8670800556363648     
 b_abs=    1.149946334395376     
 g=  -2.0270728276850340E-002
 j=    0.000000000000000         526.2844923384280      
    209.9302875081759     
 v_perp_2=    4699551.075376853     
 b_n=  -1.0223354221001549E-004  -0.8968840176269883      
   0.8671928473418843     
 b_para_n=    1.149946338164072     
 dxdt=  -0.2764997429295609        -1415.741004756102      
    1370.139646166094     
 dudt=   -422514.6541364401     
 ---------------------
 rk4
 istep=     29000001
 grad_b=   0.4818915226357374       -7.4681483422270573E-002 
  -0.2026992658954116     
 bsub=  -5.2479246093063365E-003   0.1811376423541409      
    1.984109502617896     
 bsup=    0.000000000000000        -1.169424630183062      
    1.075613529413003     
 b_abs=    1.385880962056449     
 g=  -7.5342894041134914E-003
 j=    0.000000000000000        -583.2189202914279      
    102.3636082847139     
 v_perp_2=    5663756.023118634     
 b_n=  -1.2316278959630209E-004   -1.170479979695185      
    1.075709551626617     
 b_para_n=    1.385880963076048     
 dxdt=  -0.3004881641517025        -1292.324401359472      
    1186.520322458849     
 dudt=    192695.2185825579     
 ---------------------
 Elapsed time (seconds):     153.5960910000000     

real	2m33.606s
user	2m33.326s
sys	0m0.016s
>>> [PID 3856078] DONE  u=2000, v_perp=-2000, out=bounce/dat173.dat
