>>> [PID 3850348] START u=10000, v_perp=-5000, out=bounce/dat126.dat, dt=5.00E-09, steps=30000000
 outer boundary:   8.3000000000000462E-002
 rk4
 istep=            1
 grad_b=  -0.5028800210247096        4.9296744051283425E-003 
  -7.9784948724961058E-003
 bsub=   8.6930058834887788E-003   4.2251989896588203E-002 
    1.020728434548792     
 bsup=    0.000000000000000        0.5002703093165844      
   0.9181489784709924     
 b_abs=   0.9787594487052740     
 g=  -1.6418947196510859E-002
 j=    0.000000000000000         576.0999510655378      
    59.06225804179817     
 v_perp_2=    24999993.65717324     
 b_n=   3.5710000322622600E-005   0.5036840061122283      
   0.9180073790622540     
 b_para_n=   0.9787594603189017     
 dxdt=   0.4104558165987859         5150.506788821382      
    9379.114526870559     
 dudt=    63405.91071996478     
 ---------------------
 rk4
 istep=      1000001
 grad_b=   0.4577490814175234       -2.6071396084963429E-002 
  -0.1315019476729117     
 bsub=   2.2014736038632993E-002   4.8339342585592263E-002 
    1.085973762219941     
 bsup=    0.000000000000000        0.1903051578065220      
    1.107148809780849     
 b_abs=    1.100390025878556     
 g=  -1.0850453032805525E-002
 j=    0.000000000000000        -214.3624571612701      
    95.13784016063977     
 v_perp_2=    28106409.10862509     
 b_n=  -1.7209119976131852E-004   0.1863861669218941      
    1.107326752309051     
 b_para_n=    1.100390035812771     
 dxdt=   -1.762704799283730         1662.218501515913      
    9905.736931383257     
 dudt=    1747335.486165611     
 ---------------------
 rk4
 istep=      2000001
 grad_b=  -0.8729394593812660       -8.6387194967241732E-002 
  -0.1098675583004033     
 bsub=   2.8669981101240159E-002  -8.8138417844962874E-002 
    1.007828094996925     
 bsup=    0.000000000000000       -0.5341504860483028      
   0.9762914881507213     
 b_abs=    1.014763975516728     
 g=  -1.3616312311572863E-002
 j=    0.000000000000000        -572.4510971165989      
   -63.71713221334406     
 v_perp_2=    25918998.31030216     
 b_n=  -7.1852107338051159E-004  -0.5276400516309691      
   0.9768812887357937     
 b_para_n=    1.014763973768006     
 dxdt=   -7.969929232845775        -5167.332817877831      
    9583.104861730388     
 dudt=    769193.5919852091     
 ---------------------
 rk4
 istep=      3000001
 grad_b=   -1.187011188403314        7.5828061757644519E-002 
  -0.1280640733182001     
 bsub=   1.0104002620286361E-002  -9.2206110299812766E-002 
    1.227387220575850     
 bsup=    0.000000000000000       -0.7516887030881844      
   0.8770206808477639     
 b_abs=    1.070455291482331     
 g=  -2.0035591790939226E-002
 j=    0.000000000000000        -1147.705693827840      
    224.7491435452530     
 v_perp_2=    27341131.14180027     
 b_n=   3.6593258516569663E-004  -0.7451339805281515      
   0.8775101224844833     
 b_para_n=    1.070455334756040     
 dxdt=    3.851120255908444        -6870.471358346591      
    8101.647335411050     
 dudt=    2019971.678335759     
 ---------------------
 rk4
 istep=      4000001
 grad_b=  -0.4821196783938497        7.8535260512311772E-002 
   0.1141443684565270     
 bsub=  -0.1006814839972942       -2.2958160874591994E-002 
    1.775862685585836     
 bsup=    0.000000000000000        -1.166188116180126      
   0.9947111066947649     
 b_abs=    1.338831568324816     
 g=  -1.5558968581374354E-002
 j=    0.000000000000000        -813.4006038219203      
    576.6007496768123     
 v_perp_2=    34195487.40174823     
 b_n=   5.0789742999764978E-004   -1.163168846862348      
   0.9947789893625655     
 b_para_n=    1.338831641193619     
 dxdt=    4.295629515038267        -8274.813032232771      
    7080.434798338448     
 dudt=   -209409.3243890060     
 ---------------------
 rk4
 istep=      5000001
 grad_b=   0.4844072569443511        2.4445923456029292E-002 
   8.5013615435536233E-002
 bsub=   1.8920879393740556E-002   0.1841936248860491      
    2.108722634127624     
 bsup=    0.000000000000000        -1.342480934980919      
    1.073274244381340     
 b_abs=    1.420246307496480     
 g=  -7.7060461106964566E-003
 j=    0.000000000000000         738.9775901864576      
   -288.8490082241017     
 v_perp_2=    36274479.71021909     
 b_n=   2.2753266690497530E-004   -1.348946449650426      
    1.073836935845158     
 b_para_n=    1.420246278459405     
 dxdt=    1.817532170489806        -8955.310278920877      
    7122.713482420220     
 dudt=   -525339.4877716516     
 ---------------------
 rk4
 istep=      6000001
 grad_b=  -0.7212350006704213       -0.1662812596934545      
   0.1123310028979560     
 bsub=   6.3854209115727749E-003  -0.1177344936716192      
    1.276805505862284     
 bsup=    0.000000000000000       -0.7570018104608617      
   0.8835757605457986     
 b_abs=    1.103257626602342     
 g=  -2.0333416549715246E-002
 j=    0.000000000000000         128.7830372114154      
   -419.2080195241708     
 v_perp_2=    28177938.63458749     
 b_n=  -8.2804667727948774E-004  -0.7531686169612886      
   0.8839333106849978     
 b_para_n=    1.103257568106453     
 dxdt=   -8.459895146310556        -6712.444636673375      
    7884.157884538278     
 dudt=   -2605861.029433811     
 ---------------------
 rk4
 istep=      7000001
 grad_b=  -0.8487796444919166        2.5282508785908382E-003 
   3.4500005061944401E-002
 bsub=   1.5770176805791070E-002  -6.6852044271834221E-002 
   0.9952553804499102     
 bsup=    0.000000000000000       -0.4686292996935797      
   0.9561297620222713     
 b_abs=   0.9916166595952074     
 g=  -1.7617395298845269E-002
 j=    0.000000000000000         775.0698408562382      
   -334.1345015695923     
 v_perp_2=    25326257.83794539     
 b_n=   2.9076579812102513E-005  -0.4635327610060361      
   0.9564715884719124     
 b_para_n=   0.9916166082911250     
 dxdt=   0.3299372808225742        -4660.365314595798      
    9630.268253453354     
 dudt=   -409545.9507209260     
 ---------------------
 rk4
 istep=      8000001
 grad_b=  -9.4636061793238052E-003   8.6780187274449652E-002 
   0.1212762938335155     
 bsub=  -4.8342498455515304E-002   1.1568676331397409E-002 
   0.9932522160179531     
 bsup=    0.000000000000000       -0.2902286170468744      
    1.146105173741596     
 b_abs=    1.065744971490502     
 g=  -9.2090289009311693E-003
 j=    0.000000000000000         323.2055346795383      
   -61.60265884949911     
 v_perp_2=    27219168.27604396     
 b_n=   8.3860168029961288E-004  -0.2901935966706368      
    1.146145574309583     
 b_para_n=    1.065744964915425     
 dxdt=    8.863865096241419        -2692.490084852328      
    10634.46109740846     
 dudt=   -1363684.333405696     
 ---------------------
 rk4
 istep=      9000001
 grad_b=  -0.1123991759546122        2.9161583408132061E-003 
   6.5341309457603636E-002
 bsub=  -3.7136538686577056E-002  -2.1062925809325929E-003 
   0.9566503689035566     
 bsup=    0.000000000000000        3.1956626223571538E-002 
    1.070526354521883     
 b_abs=    1.011844390724499     
 g=  -1.4138211438858210E-002
 j=    0.000000000000000        -694.2262789297384      
    160.3784591255538     
 v_perp_2=    25842240.29325440     
 b_n=   2.1067632640475698E-005   3.2712918488188684E-002 
    1.070528858457235     
 b_para_n=    1.011844410528865     
 dxdt=   0.2343485432333769         322.9055085525179      
    10535.32958425231     
 dudt=   -883964.0891918510     
 ---------------------
 rk4
 istep=     10000001
 grad_b=   0.7184386479370715        8.3042627992731016E-002 
  -0.1786993429403330     
 bsub=  -4.3323297146775762E-002   1.2572693704932969E-002 
    1.354754277050005     
 bsup=    0.000000000000000        6.1252756931916175E-002 
    1.004894156085091     
 b_abs=    1.167165897857649     
 g=  -1.2974275300070968E-002
 j=    0.000000000000000         269.2305160952342      
   -65.89272048955860     
 v_perp_2=    29808747.18997722     
 b_n=   6.6266783581679178E-004   5.5676711482615895E-002 
    1.004967088446857     
 b_para_n=    1.167165889771359     
 dxdt=    6.406712234287138         458.1159027054525      
    8400.839916693118     
 dudt=    1909040.648761475     
 ---------------------
 rk4
 istep=     11000001
 grad_b=   0.6104710538385180       -6.2080875127216079E-002 
  -0.1619258188045531     
 bsub=   2.8444934430476299E-003   0.1346451315311832      
    1.641020494683247     
 bsup=    0.000000000000000       -0.8038696612978351      
    1.097085814238152     
 b_abs=    1.301341882189897     
 g=  -7.9234958467234058E-003
 j=    0.000000000000000         66.70734230166164      
    27.14473908189581     
 v_perp_2=    33235134.93775249     
 b_n=  -5.9803087673235766E-004  -0.8113550321392503      
    1.097701025943079     
 b_para_n=    1.301341886170361     
 dxdt=   -5.199398665299708        -5982.499979078223      
    8081.183190288330     
 dudt=    1253483.178588657     
 ---------------------
 rk4
 istep=     12000001
 grad_b=   -1.205762527493136        8.6822331832573901E-002 
  -0.1721342300458331     
 bsub=   4.2005534188588059E-002  -0.1511209829181649      
    1.424825631755254     
 bsup=    0.000000000000000       -0.9987969691768670      
   0.8753538231533694     
 b_abs=    1.182560857166880     
 g=  -2.0364768455825889E-002
 j=    0.000000000000000         669.7061648574131      
   -137.8386009987428     
 v_perp_2=    30201177.67563204     
 b_n=   3.4941173067484105E-004  -0.9926781393051360      
   0.8759924796497148     
 b_para_n=    1.182560829927481     
 dxdt=    3.335096304397275        -8165.068146307564      
    7213.213619152478     
 dudt=    2563446.837760579     
 ---------------------
 rk4
 istep=     13000001
 grad_b=  -0.7587841254752357       -0.1118449173114535      
   0.1123083676842743     
 bsub=  -2.8166998480168726E-002  -0.2154813852713026      
    1.502279805516559     
 bsup=    0.000000000000000        -1.188395314687966      
   0.8954424814783921     
 b_abs=    1.265455686589724     
 g=  -1.7708510706402898E-002
 j=    0.000000000000000         120.5482565666448      
   -299.7354778893298     
 v_perp_2=    32317843.60120558     
 b_n=  -5.1079175552660072E-004   -1.184358098332811      
   0.8960119558642979     
 b_para_n=    1.265455648949100     
 dxdt=   -4.563428684778001        -9004.839760881998      
    6817.310334239590     
 dudt=   -2355961.729053886     
 ---------------------
 rk4
 istep=     14000001
 grad_b=   0.4896700018933178        6.9963008289404438E-002 
   0.1866548840977227     
 bsub=  -3.1222360086515841E-002   0.1307245284730619      
    1.736939682591646     
 bsup=    0.000000000000000        -1.211509572325251      
    1.081316538990688     
 b_abs=    1.312158532249155     
 g=  -7.9480724673995952E-003
 j=    0.000000000000000         50.88672183322797      
   -282.5960533483774     
 v_perp_2=    33510136.80348299     
 b_n=   7.1016997058761307E-004   -1.217771412857313      
    1.081800552880442     
 b_para_n=    1.312158496886482     
 dxdt=    6.124869923831912        -8885.354213126466      
    7886.475829375421     
 dudt=   -1139267.778620502     
 ---------------------
 rk4
 istep=     15000001
 grad_b=   0.8140502147118336       -1.3863016975877055E-002 
   0.1609112114874421     
 bsub=   5.1224524158705265E-002   7.4177630977348336E-002 
    1.499596750616076     
 bsup=    0.000000000000000       -0.3544027155742396      
    1.061001547613234     
 b_abs=    1.251157030429986     
 g=  -1.0007461496777219E-002
 j=    0.000000000000000         648.8034561741254      
   -254.1139955190837     
 v_perp_2=    31951890.64704698     
 b_n=  -2.1080532955137065E-004  -0.3622132780871976      
    1.061395075860551     
 b_para_n=    1.251157003458507     
 dxdt=   -1.904311473008548        -2802.923701188955      
    8183.643104621783     
 dudt=   -1792521.388278795     
 ---------------------
 rk4
 istep=     16000001
 grad_b=  -0.3186489123274652        1.3434120706188421E-002 
  -3.6771607195954709E-002
 bsub=   3.4835466558180275E-002  -9.2610511642230164E-003 
   0.9614441743454007     
 bsup=    0.000000000000000       -0.1089968619823833      
    1.021106725111136     
 b_abs=   0.9915437696170731     
 g=  -1.5956113885077824E-002
 j=    0.000000000000000         165.8663503423416      
    25.35111431031086     
 v_perp_2=    25321613.97838589     
 b_n=   8.3728861455997501E-005  -0.1069655924662494      
    1.021123260631800     
 b_para_n=   0.9915437726659029     
 dxdt=   0.9501544189215332        -1074.444329503158      
    10281.76491311244     
 dudt=    502385.1813796613     
 ---------------------
 rk4
 istep=     17000001
 grad_b=   9.1121209348743681E-002  -5.0893957482230058E-002 
  -0.1009539351569380     
 bsub=   4.0438229349032948E-002   1.0719162926024893E-002 
   0.9763795229556431     
 bsup=    0.000000000000000        4.9881541558058573E-002 
    1.127606980438541     
 b_abs=    1.049824283149678     
 g=  -1.1216318126971027E-002
 j=    0.000000000000000         388.9468824126191      
   -25.82689215471090     
 v_perp_2=    26809640.72765499     
 b_n=  -4.0763364703597793E-004   4.9101275363448320E-002 
    1.127632426662128     
 b_para_n=    1.049824280661901     
 dxdt=   -4.372851160580726         462.4527149774886      
    10643.55492730301     
 dudt=    1415434.748535746     
 ---------------------
 rk4
 istep=     18000001
 grad_b=  -0.6778742708610647       -2.4945747725341298E-003 
  -3.6733450067303122E-003
 bsub=  -2.0362857610968906E-002  -7.1113081777477646E-002 
   0.9268618662554453     
 bsup=    0.000000000000000       -0.3995523440883940      
    1.017451638519756     
 b_abs=   0.9856122658455572     
 g=  -1.5497268936032167E-002
 j=    0.000000000000000        -444.3396554739675      
    161.8380705249012     
 v_perp_2=    25169513.26712730     
 b_n=  -1.7867317390816090E-005  -0.3951894907495129      
    1.017786010155593     
 b_para_n=   0.9856122904006329     
 dxdt=  -0.2039608716688608        -4000.608304617097      
    10318.10505890695     
 dudt=    35505.86898031450     
 ---------------------
 rk4
 istep=     19000001
 grad_b=   -1.009694485525852        6.5748809538251657E-002 
  -8.7954842634610994E-002
 bsub=  -6.5347979708745537E-003  -6.6306293006001424E-002 
    1.135603455407685     
 bsup=    0.000000000000000       -0.6361241090889186      
   0.8912351744930593     
 b_abs=    1.026806968684623     
 g=  -1.9875039868161720E-002
 j=    0.000000000000000         1155.602759546629      
    144.6865658757927     
 v_perp_2=    26221188.76835043     
 b_n=   3.4153637612689458E-004  -0.6304318029722883      
   0.8915695154499158     
 b_para_n=    1.026806979550758     
 dxdt=    3.744600676750399        -6094.813639406727      
    8630.181129307115     
 dudt=    1494851.752428058     
 ---------------------
 rk4
 istep=     20000001
 grad_b=   0.5244194650601497        1.0209780404033010E-002 
  -9.2585257961508599E-002
 bsub=  -6.0318949678449425E-002   0.1625812558584954      
    1.980175844170980     
 bsup=    0.000000000000000        -1.003015522943172      
    1.070376637919982     
 b_abs=    1.398719224439123     
 g=  -9.8585436401649271E-003
 j=    0.000000000000000         129.1069364184165      
    19.76385029941864     
 v_perp_2=    35718149.10833871     
 b_n=   1.8076194643962647E-004   -1.008309034715461      
    1.070816767772548     
 b_para_n=    1.398719228256728     
 dxdt=    1.465380661668720        -6818.683579903048      
    7234.389963000526     
 dudt=    998124.4451310268     
 ---------------------
 rk4
 istep=     21000001
 grad_b=   0.2890282301124949       -8.9499849794378222E-002 
  -0.1425954449581903     
 bsub=   5.6664106684996343E-002   0.1407687837643049      
    2.018494336266094     
 bsup=    0.000000000000000        -1.356727607425731      
    1.064429104546851     
 b_abs=    1.398904439853049     
 g=  -9.9284890225877932E-003
 j=    0.000000000000000        -722.1617630050220      
    264.3007096359531     
 v_perp_2=    35722449.90191681     
 b_n=  -8.1696796529292333E-004   -1.359736862481691      
    1.064661921786083     
 b_para_n=    1.398904467263475     
 dxdt=   -6.622051714535901        -9188.194717311460      
    7191.405772967811     
 dudt=    277062.3344653215     
 ---------------------
 rk4
 istep=     22000001
 grad_b=  -0.9939697095306284       -0.1329545132772585      
   0.1358027697098415     
 bsub=  -1.4521186909528342E-002  -0.1401839411702840      
    1.346496774053067     
 bsup=    0.000000000000000       -0.8600075750161791      
   0.8752930945858698     
 b_abs=    1.139679814238660     
 g=  -1.9705871557318459E-002
 j=    0.000000000000000        -251.4792045819549      
    287.1379694135567     
 v_perp_2=    29102529.08142279     
 b_n=  -6.4035254170431396E-004  -0.8546585526106089      
   0.8758431115140815     
 b_para_n=    1.139679856054121     
 dxdt=   -6.337134629134546        -7336.699210393940      
    7526.419173861940     
 dudt=   -2612622.790267299     
 ---------------------
 rk4
 istep=     23000001
 grad_b=   -1.096173193005746        2.2173481642321892E-002 
   9.1829678097531453E-002
 bsub=  -5.2088101236314622E-003  -8.1837390824001086E-002 
    1.067600437305749     
 bsup=    0.000000000000000       -0.6091932571449310      
   0.9114945649973049     
 b_abs=    1.011275369798251     
 g=  -1.7731416540464236E-002
 j=    0.000000000000000         101.3514382683709      
   -8.570534060232461     
 v_perp_2=    25823333.28518521     
 b_n=   1.7918420364458829E-004  -0.6024723158224827      
   0.9120106338940466     
 b_para_n=    1.011275367565069     
 dxdt=    1.994278369513645        -5924.357063086550      
    8981.879403166866     
 dudt=   -886224.8310246357     
 ---------------------
 rk4
 istep=     24000001
 grad_b=   0.6053819000831694        4.7744384707172197E-002 
   0.1496798585794704     
 bsub=  -1.7911967405775574E-002   6.5291323224950751E-002 
    1.171477333452346     
 bsup=    0.000000000000000       -7.3684400967144958E-002 
    1.126725616041956     
 b_abs=    1.147170523433989     
 g=  -9.1979231320721971E-003
 j=    0.000000000000000         597.2935235909714      
   -127.8454633789401     
 v_perp_2=    29293085.39941864     
 b_n=   3.9027938669916433E-004  -7.9703334734937112E-002 
    1.127067033149870     
 b_para_n=    1.147170512608587     
 dxdt=    3.837616484080936        -687.5597462238950      
    9611.995589917449     
 dudt=   -1837819.198459849     
 ---------------------
 rk4
 istep=     25000001
 grad_b=   1.8470446508163554E-002  -4.2480844592344830E-002 
   0.1081140985015366     
 bsub=  -1.4933160240816042E-002   3.6187580403650742E-002 
    1.038875757084241     
 bsup=    0.000000000000000        0.4414806779168789      
    1.010132646245173     
 b_abs=    1.032342460171440     
 g=  -1.3867194521639307E-002
 j=    0.000000000000000        -517.8451264649052      
    100.1295223178866     
 v_perp_2=    26360632.83293734     
 b_n=  -3.3777765781237628E-004   0.4413343573253246      
    1.010132898139074     
 b_para_n=    1.032342470619704     
 dxdt=   -3.683833813416454         4245.705346704657      
    9718.066650326324     
 dudt=   -1118689.390420781     
 ---------------------
 rk4
 istep=     26000001
 grad_b=   0.7358634405655547       -2.0842099911568546E-003 
  -0.1539638395224672     
 bsub=  -7.2291290161576906E-003   6.0177228255705942E-002 
    1.206610786374928     
 bsup=    0.000000000000000        0.3442328493726969      
    1.087399625519351     
 b_abs=    1.154593058968393     
 g=  -9.8249175629704453E-003
 j=    0.000000000000000        -720.9673356552553      
   -99.90746849675354     
 v_perp_2=    29481916.80764126     
 b_n=   5.2695635523772249E-005   0.3373101235529811      
    1.087745182808594     
 b_para_n=    1.154593043168158     
 dxdt=   0.5148935859870850         2846.200734737637      
    9207.936675835404     
 dudt=    1859240.437040870     
 ---------------------
 rk4
 istep=     27000001
 grad_b=   0.4749154190164502       -0.1070457393711958      
  -0.1913424111246819     
 bsub=   4.3470988481630717E-002   8.0101991436373365E-002 
    1.394756162218283     
 bsup=    0.000000000000000       -0.7125962827020356      
    1.103956199883255     
 b_abs=    1.217121642416885     
 g=  -8.1881579202119307E-003
 j=    0.000000000000000        -786.2691778236273      
   -159.3879309884867     
 v_perp_2=    31078182.29114901     
 b_n=  -1.1198293095550382E-003  -0.7182024496384466      
    1.104313047462020     
 b_para_n=    1.217121617880724     
 dxdt=   -10.39187541285097        -5726.070005304561      
    8793.559181483957     
 dudt=    1415607.654041066     
 ---------------------
 rk4
 istep=     28000001
 grad_b=   -1.190909061010669        9.5290300366424635E-002 
  -0.1500404760234456     
 bsub=   2.4670507265609085E-002  -0.1251054322282259      
    1.335918807580611     
 bsup=    0.000000000000000       -0.8586345719559864      
   0.8717112417764236     
 b_abs=    1.127858821164004     
 g=  -2.0197479493050223E-002
 j=    0.000000000000000         534.3915128676078      
    152.8209481170988     
 v_perp_2=    28798558.47364478     
 b_n=   4.3343827182730591E-004  -0.8522954109970983      
   0.8722968956516745     
 b_para_n=    1.127858835081516     
 dxdt=    4.333513371268490        -7403.591327811311      
    7586.544529319137     
 dudt=    2406698.078103011     
 ---------------------
 rk4
 istep=     29000001
 grad_b=  -0.6788433749948449       -3.7607952937021516E-002 
   6.8902714856145228E-002
 bsub=  -5.2406209705845364E-002  -0.2214858108696758      
    1.532505606556245     
 bsup=    0.000000000000000        -1.266064692671178      
   0.9062292588452527     
 b_abs=    1.291881728147227     
 g=  -1.8458536923597037E-002
 j=    0.000000000000000         301.2851676172045      
    21.73717429273604     
 v_perp_2=    32986315.40244632     
 b_n=  -1.3802997600146833E-004   -1.262687582353799      
   0.9067126144192569     
 b_para_n=    1.291881725622188     
 dxdt=   -1.208596585155334        -9371.111732120771      
    6733.092952109492     
 dudt=   -1087601.241701910     
 ---------------------
 Elapsed time (seconds):     153.7004770000000     

real	2m33.711s
user	2m33.364s
sys	0m0.016s
>>> [PID 3850348] DONE  u=10000, v_perp=-5000, out=bounce/dat126.dat
