>>> [PID 3855656] START u=0, v_perp=-2000, out=bounce/dat169.dat, dt=5.00E-09, steps=30000000
 outer boundary:   8.3000000000000462E-002
 rk4
 istep=            1
 grad_b=  -0.5028826702791789        4.9322214143884061E-003 
  -7.9838891585773536E-003
 bsub=   8.6923089730991249E-003   4.2252382376843908E-002 
    1.020726902501510     
 bsup=    0.000000000000000        0.5003201020236164      
   0.9181485142719940     
 b_abs=   0.9787596970293544     
 g=  -1.6418694877677841E-002
 j=    0.000000000000000         576.0999607477356      
    59.09979101611394     
 v_perp_2=    3999999.999999997     
 b_n=   1.8136375482210493E-013   0.5003201020409448      
   0.9181485142712752     
 b_para_n=   0.9787596970293545     
 dxdt=   7.3009357752642839E-003   0.6975787039022456      
  -2.8889337265534113E-002
 dudt=    10152.10013623343     
 ---------------------
 rk4
 istep=      1000001
 grad_b=  -0.4950091844333530        1.2007430208561126E-004 
   1.6178161687073339E-003
 bsub=   1.0091554834978353E-002   4.1166846957997237E-002 
    1.024043427475023     
 bsup=    0.000000000000000        0.4095619220131544      
   0.9191368161133513     
 b_abs=   0.9785961924308806     
 g=  -1.6878628189472791E-002
 j=    0.000000000000000         381.6283063877242      
    19.61438088998403     
 v_perp_2=    3999331.788593145     
 b_n=   9.4294673623143222E-010   0.4095704032965658      
   0.9191364751661104     
 b_para_n=   0.9785961924435833     
 dxdt=   7.4564006749730548E-005    11.48929951539549      
    24.25219473837955     
 dudt=   -3207.674677637917     
 ---------------------
 rk4
 istep=      2000001
 grad_b=  -0.4912458917601433       -1.7242545928738834E-003 
   4.8878998262310291E-003
 bsub=   1.0683242597578742E-002   4.0543977197419048E-002 
    1.025506694280339     
 bsup=    0.000000000000000        0.3760010356257474      
   0.9196159458257425     
 b_abs=   0.9787002786024466     
 g=  -1.7044536166165979E-002
 j=    0.000000000000000         213.0731300825342      
    26.56467742057558     
 v_perp_2=    3999757.168476911     
 b_n=   1.9635334698006921E-008   0.3759960046684114      
   0.9196161445155618     
 b_para_n=   0.9787002785947725     
 dxdt=  -2.5750900736125465E-003   -5.326977511112274      
   -14.66835846874253     
 dudt=   -8031.358938347568     
 ---------------------
 rk4
 istep=      3000001
 grad_b=  -0.4997073168439221        5.1487520113160518E-003 
  -7.1014987848010414E-003
 bsub=   9.1604050512854203E-003   4.1988774372770182E-002 
    1.021250184572935     
 bsup=    0.000000000000000        0.4750553800176585      
   0.9187859854485090     
 b_abs=   0.9787127104749921     
 g=  -1.6520274357793428E-002
 j=    0.000000000000000         590.8941036796862      
    57.05659560383059     
 v_perp_2=    3999807.975115250     
 b_n=  -5.0902233134407552E-008   0.4750507053561098      
   0.9187861780889931     
 b_para_n=   0.9787127104591916     
 dxdt=   7.5067801082690216E-003   -6.036791865345404      
   -13.03723069187703     
 dudt=    8515.942490851929     
 ---------------------
 rk4
 istep=      4000001
 grad_b=  -0.4955726324175311        3.0887568710994406E-003 
  -2.6847610416943779E-003
 bsub=   9.8618371632288176E-003   4.1473879640606899E-002 
    1.022710253007607     
 bsup=    0.000000000000000        0.4310196487289805      
   0.9193112333258177     
 b_abs=   0.9785890787775497     
 g=  -1.6739686019596321E-002
 j=    0.000000000000000         501.0890824224837      
    37.91743380720779     
 v_perp_2=    3999302.716478711     
 b_n=   5.6355218697357746E-008   0.4310283824468337      
   0.9193108786253544     
 b_para_n=   0.9785890787991406     
 dxdt=   4.3624932669090498E-003    12.30664974551271      
    24.77912191160032     
 dudt=    2373.798014589259     
 ---------------------
 rk4
 istep=      5000001
 grad_b=  -0.4873547889779771       -2.0337515272364076E-003 
   5.9716941440839943E-003
 bsub=   1.1210449927927645E-002   4.0023534863065480E-002 
    1.026250312244718     
 bsup=    0.000000000000000        0.3517042616243028      
   0.9202050386716755     
 b_abs=   0.9787588416229203     
 g=  -1.7146374738377212E-002
 j=    0.000000000000000         79.51660920813140      
    46.21606400429131     
 v_perp_2=    3999996.504119739     
 b_n=   2.7700527433748743E-009   0.3517036659496668      
   0.9202050618713565     
 b_para_n=   0.9787588416216216     
 dxdt=  -3.0273625963160053E-003  -2.0857602825464023E-002 
   -1.783227700169861     
 dudt=   -9979.238227313053     
 ---------------------
 rk4
 istep=      6000001
 grad_b=  -0.4950075501437592        4.2755797771566670E-003 
  -4.1813714253066264E-003
 bsub=   9.9021870166672750E-003   4.1481811062014422E-002 
    1.022370505253331     
 bsup=    0.000000000000000        0.4332609286619674      
   0.9195858669037585     
 b_abs=   0.9786241892417863     
 g=  -1.6708436696720019E-002
 j=    0.000000000000000         533.3275619728689      
    47.75575298551988     
 v_perp_2=    3999446.206098319     
 b_n=  -6.9920715580116950E-008   0.4332531429774936      
   0.9195861834565445     
 b_para_n=   0.9786241892188678     
 dxdt=   6.0730373530056090E-003   -9.742340036291926      
   -22.14063638407667     
 dudt=    4160.805018441985     
 ---------------------
 rk4
 istep=      7000001
 grad_b=  -0.4949770209550076        5.7419542260102735E-003 
  -6.6135850005264729E-003
 bsub=   9.6896915591064593E-003   4.1671009527139369E-002 
    1.021713213905258     
 bsup=    0.000000000000000        0.4489694627727236      
   0.9195312079153000     
 b_abs=   0.9786727365159755     
 g=  -1.6619693040004581E-002
 j=    0.000000000000000         587.0828026542085      
    61.07093203517002     
 v_perp_2=    3999644.609339769     
 b_n=   7.6098690805272607E-008   0.4489757277682155      
   0.9195309516946112     
 b_para_n=   0.9786727365384511     
 dxdt=   8.2500251068336160E-003    9.327517010765586      
    17.68480755078901     
 dudt=    7314.936812915910     
 ---------------------
 rk4
 istep=      8000001
 grad_b=  -0.4856769749266446       -9.4750783517149467E-004 
   4.9461945318072242E-003
 bsub=   1.1425210662488243E-002   3.9899134392148108E-002 
    1.025998387227214     
 bsup=    0.000000000000000        0.3458988204437189      
   0.9206260219595721     
 b_abs=   0.9787191071514731     
 g=  -1.7150685942340930E-002
 j=    0.000000000000000         69.37722871808074      
    57.18646253780472     
 v_perp_2=    3999834.117083327     
 b_n=  -9.5917152900855598E-009   0.3459029078173507      
   0.9206258631265222     
 b_para_n=   0.9787191071623337     
 dxdt=  -1.5218974398099573E-003    5.200424048569671      
    12.08986903541646     
 dudt=   -8822.878391175680     
 ---------------------
 rk4
 istep=      9000001
 grad_b=  -0.4892843225962693        2.5411789533844389E-003 
  -1.9094099910026141E-004
 bsub=   1.0809334965818283E-002   4.0695763473654535E-002 
    1.023945606288607     
 bsup=    0.000000000000000        0.3842575656813841      
   0.9204459931100836     
 b_abs=   0.9786018876067607     
 g=  -1.6937437931704016E-002
 j=    0.000000000000000         344.0670778036493      
    48.85058174683834     
 v_perp_2=    3999355.063664592     
 b_n=  -4.2746658519552403E-008   0.3842493595656739      
   0.9204463196844279     
 b_para_n=   0.9786018875844412     
 dxdt=   3.4406279505739988E-003   -9.311337405807491      
   -23.91268606901191     
 dudt=   -1671.962649186253     
 ---------------------
 rk4
 istep=     10000001
 grad_b=  -0.4930491580668298        7.4693479252082307E-003 
  -8.8263273972653544E-003
 bsub=   9.7462093832027911E-003   4.1668180368269719E-002 
    1.021321790689609     
 bsup=    0.000000000000000        0.4520278608490211      
   0.9199056489597381     
 b_abs=   0.9787537548142555     
 g=  -1.6576813405516075E-002
 j=    0.000000000000000         630.3705766996682      
    77.33428491606264     
 v_perp_2=    3999975.715323588     
 b_n=   2.5960217835018362E-008   0.4520294954221547      
   0.9199055820310424     
 b_para_n=   0.9787537548213733     
 dxdt=   1.0764685922579929E-002    2.953701055478311      
    4.603898063124833     
 dudt=    9902.316707571284     
 ---------------------
 rk4
 istep=     11000001
 grad_b=  -0.4856741715836377        1.5530670070849698E-003 
   1.8326164700316755E-003
 bsub=   1.1331698198925755E-002   4.0171789064666591E-002 
    1.024860784149273     
 bsup=    0.000000000000000        0.3577409431062272      
   0.9209039013410412     
 b_abs=   0.9786202363371674     
 g=  -1.7061312407276451E-002
 j=    0.000000000000000         196.4569381960779      
    59.59389944083300     
 v_perp_2=    3999430.051346675     
 b_n=   2.3203944934206093E-008   0.3577485517116644      
   0.9209036028691715     
 b_para_n=   0.9786202363597691     
 dxdt=   1.9866512767737084E-003    9.378567897559940      
    22.44004228282296     
 dudt=   -4684.025006976446     
 ---------------------
 rk4
 istep=     12000001
 grad_b=  -0.4837865171339042        6.2501533676156268E-004 
   3.3692042610931061E-003
 bsub=   1.1681654931332625E-002   3.9766180728823146E-002 
    1.025561876805624     
 bsup=    0.000000000000000        0.3400792415724528      
   0.9212142520924718     
 b_abs=   0.9786798202747076     
 g=  -1.7144595500928863E-002
 j=    0.000000000000000         73.61104100074584      
    70.30741983667815     
 v_perp_2=    3999673.559278990     
 b_n=  -5.8359007343865630E-009   0.3400735301864972      
   0.9212144736002853     
 b_para_n=   0.9786798202561007     
 dxdt=   6.6013161979589906E-004   -5.632249042751197      
   -17.03184126595675     
 dudt=   -6924.188665954111     
 ---------------------
 rk4
 istep=     13000001
 grad_b=  -0.4899721779727494        7.8159011996939004E-003 
  -8.3220608330128315E-003
 bsub=   1.0160006070875433E-002   4.1401297969765001E-002 
    1.021648385637499     
 bsup=    0.000000000000000        0.4321871536712094      
   0.9205042304472084     
 b_abs=   0.9787300584817467     
 g=  -1.6652010339281719E-002
 j=    0.000000000000000         621.4774012532584      
    78.38855870417584     
 v_perp_2=    3999878.873033162     
 b_n=  -6.0124421321650473E-008   0.4321835409464964      
   0.9205043774319404     
 b_para_n=   0.9787300584657640     
 dxdt=   1.1163765580895066E-002   -4.189137115330071      
   -10.37831717510164     
 dudt=    8941.172191005237     
 ---------------------
 rk4
 istep=     14000001
 grad_b=  -0.4861042046258452        4.8497361129522451E-003 
  -2.6963852971974150E-003
 bsub=   1.1042155973276752E-002   4.0621657303290690E-002 
    1.023375871401824     
 bsup=    0.000000000000000        0.3808266882263356      
   0.9210883339581144     
 b_abs=   0.9785856952483746     
 g=  -1.6912630602239739E-002
 j=    0.000000000000000         399.8861611237562      
    65.21135122817046     
 v_perp_2=    3999288.888652377     
 b_n=   8.7375547380940481E-008   0.3808352566740570      
   0.9210879929303021     
 b_para_n=   0.9785856952787519     
 dxdt=   6.6977577983124712E-003    11.03441126271268      
    25.07371239406401     
 dudt=    1329.504990320782     
 ---------------------
 rk4
 istep=     15000001
 grad_b=  -0.4800074872561609       -3.6753392682276759E-004 
   5.1061948103821864E-003
 bsub=   1.2301082225381094E-002   3.9043626420005750E-002 
    1.026536028460307     
 bsup=    0.000000000000000        0.3115461162353931      
   0.9217999158083977     
 b_abs=   0.9787566573257741     
 g=  -1.7270796261488558E-002
 j=    0.000000000000000        -127.6425668343695      
    97.26063501300922     
 v_perp_2=    3999987.577320811     
 b_n=   1.2851547305799715E-009   0.3115450179444305      
   0.9217999575614014     
 b_para_n=   0.9787566573211860     
 dxdt=  -7.4508256270834346E-004  -0.4851530950994645      
   -3.343685714253684     
 dudt=   -9587.769619710027     
 ---------------------
 rk4
 istep=     16000001
 grad_b=  -0.4857976356664649        6.5655335829357120E-003 
  -5.0613496205766106E-003
 bsub=   1.0951949948886618E-002   4.0770343167986098E-002 
    1.022731384052027     
 bsup=    0.000000000000000        0.3904688975891142      
   0.9213073677393361     
 b_abs=   0.9786326306829269     
 g=  -1.6842215123656815E-002
 j=    0.000000000000000         487.8325779435298      
    73.46605592064918     
 v_perp_2=    3999480.704619461     
 b_n=  -1.0229209482744030E-007   0.3904615551152463      
   0.9213076615079567     
 b_para_n=   0.9786326306532026     
 dxdt=   9.1749039032099772E-003   -8.433748262343235      
   -21.47955105825697     
 dudt=    4383.630870250881     
 ---------------------
 rk4
 istep=     17000001
 grad_b=  -0.4857402275201166        7.8983497875896383E-003 
  -7.1020581479530887E-003
 bsub=   1.0780982506291094E-002   4.0957213796280562E-002 
    1.022203028927682     
 bsup=    0.000000000000000        0.4023532647194302      
   0.9212959702577324     
 b_abs=   0.9786711157039208     
 g=  -1.6772674442672254E-002
 j=    0.000000000000000         571.2051290793549      
    79.95079995895217     
 v_perp_2=    3999637.985394445     
 b_n=   1.0364029914312911E-007   0.4023594160373327      
   0.9212957227224460     
 b_para_n=   0.9786711157313736     
 dxdt=   1.1132639349147138E-002    8.483023114738021      
    17.88464002008685     
 dudt=    7026.260540810020     
 ---------------------
 rk4
 istep=     18000001
 grad_b=  -0.4784864927265209        5.4424508520665993E-004 
   4.2231300214443934E-003
 bsub=   1.2525984313644715E-002   3.8883775571435172E-002 
    1.026299170191775     
 bsup=    0.000000000000000        0.3052762020320691      
   0.9222207217471498     
 b_abs=   0.9787177442850730     
 g=  -1.7278380743762194E-002
 j=    0.000000000000000        -144.5726598933330      
    108.1237330809448     
 v_perp_2=    3999828.547311565     
 b_n=   3.2638424621574777E-009   0.3052802668240721      
   0.9222205677210928     
 b_para_n=   0.9787177443040043     
 dxdt=   5.0938738648954396E-004    4.718601410497144      
    12.31409451514357     
 dudt=   -8478.292317724456     
 ---------------------
 rk4
 istep=     19000001
 grad_b=  -0.4807780615177819        4.0138082374599621E-003 
  -3.7874276757682290E-004
 bsub=   1.1967711662792278E-002   3.9730651762370839E-002 
    1.024439194191461     
 bsup=    0.000000000000000        0.3384985854398117      
   0.9221592267292225     
 b_abs=   0.9786099052676406     
 g=  -1.7090033034330893E-002
 j=    0.000000000000000         166.7892457585415      
    88.01200680310870     
 v_perp_2=    3999387.830278423     
 b_n=  -6.5267871450207509E-008   0.3384907961090464      
   0.9221595295525878     
 b_para_n=   0.9786099052347667     
 dxdt=   5.3920061109932332E-003   -7.914715465268074      
   -23.33984853733654     
 dudt=   -2107.709437719413     
 ---------------------
 rk4
 istep=     20000001
 grad_b=  -0.4837481496689992        9.6391240337404538E-003 
  -9.3177721951179515E-003
 bsub=   1.0823338610397790E-002   4.0977077342595328E-002 
    1.021773366599190     
 bsup=    0.000000000000000        0.4058302361798168      
   0.9216871743651928     
 b_abs=   0.9787575527839363     
 g=  -1.6727133575154179E-002
 j=    0.000000000000000         639.5814453640537      
    93.03000400600537     
 v_perp_2=    3999991.236882383     
 b_n=   1.9772619294830271E-008   0.4058311912841167      
   0.9216871358570772     
 b_para_n=   0.9787575527888626     
 dxdt=   1.3648681671396108E-002    1.886708938245094      
    2.761062733649386     
 dudt=    9762.791589621402     
 ---------------------
 rk4
 istep=     21000001
 grad_b=  -0.4781360351145698        3.4578576902744712E-003 
   6.8722212172972474E-004
 bsub=   1.2352452012194558E-002   3.9311246820529486E-002 
    1.024943214880296     
 bsup=    0.000000000000000        0.3208983317909041      
   0.9225144324720853     
 b_abs=   0.9786094577258726     
 g=  -1.7168199946318925E-002
 j=    0.000000000000000         45.36026099457104      
    102.1568740632185     
 v_perp_2=    3999386.001261797     
 b_n=   5.5452398218772795E-008   0.3209060585296755      
   0.9225141354826947     
 b_para_n=   0.9786094577620946     
 dxdt=   4.5742915315895643E-003    8.762725294347266      
    23.33413553929612     
 dudt=   -3640.739856907804     
 ---------------------
 rk4
 istep=     22000001
 grad_b=  -0.4759149104858942        1.3636605640069827E-003 
   3.4952081187355211E-003
 bsub=   1.2897521345191156E-002   3.8548507299771634E-002 
    1.026168272187355     
 bsup=    0.000000000000000        0.2933327654393717      
   0.9228515798182091     
 b_abs=   0.9787048519319315     
 g=  -1.7305789907724543E-002
 j=    0.000000000000000        -206.1675422934903      
    126.5011224956179     
 v_perp_2=    3999775.858777683     
 b_n=  -1.1948655484473090E-008   0.2933281507076850      
   0.9228517532991322     
 b_para_n=   0.9787048519068912     
 dxdt=   1.6310255372592661E-003   -3.857211172110193      
   -14.14063769339936     
 dudt=   -7569.685417479699     
 ---------------------
 rk4
 istep=     23000001
 grad_b=  -0.4800818774682993        9.3078930254983164E-003 
  -7.8872491223914848E-003
 bsub=   1.1363860168930373E-002   4.0546122478596833E-002 
    1.022259092916053     
 bsup=    0.000000000000000        0.3802415275174625      
   0.9223530421015674     
 b_abs=   0.9787067605005670     
 g=  -1.6833494430217866E-002
 j=    0.000000000000000         554.0272453579707      
    96.41783029211926     
 v_perp_2=    3999783.658725203     
 b_n=  -9.3854592287235442E-008   0.3802368448450403      
   0.9223532288515311     
 b_para_n=   0.9787067604761353     
 dxdt=   1.3040274420073576E-002   -5.063877961323939      
   -13.88757947860781     
 dudt=    7799.368845350518     
 ---------------------
 rk4
 istep=     24000001
 grad_b=  -0.4773162750380697        7.2810686806423774E-003 
  -4.4047128957654946E-003
 bsub=   1.1963129334737966E-002   3.9938761958083810E-002 
    1.023287595171454     
 bsup=    0.000000000000000        0.3482304362829668      
   0.9227263567953866     
 b_abs=   0.9786049864251138     
 g=  -1.6995388989670734E-002
 j=    0.000000000000000         340.4645117841617      
    99.44530751840256     
 v_perp_2=    3999367.727926917     
 b_n=   1.2326232538708323E-007   0.3482383297151843      
   0.9227260473129424     
 b_para_n=   0.9786049864649332     
 dxdt=   1.0020042664029390E-002    9.589348538663087      
    23.68407215040851     
 dudt=    3192.366759134532     
 ---------------------
 rk4
 istep=     25000001
 grad_b=  -0.4727204898431980        4.3743124146002066E-004 
   4.7163896264832972E-003
 bsub=   1.3438845020327838E-002   3.7830926663355767E-002 
    1.026888775335961     
 bsup=    0.000000000000000        0.2699239161142389      
   0.9233437604261215     
 b_abs=   0.9787578717768178     
 g=  -1.7406567053712269E-002
 j=    0.000000000000000        -399.3897141352422      
    157.0664339228332     
 v_perp_2=    3999992.540542850     
 b_n=   4.6396310892492036E-010   0.2699247479991626      
   0.9233437297783524     
 b_para_n=   0.9787578717822968     
 dxdt=   3.4712458673830316E-004    1.375620949760925      
    2.553634774074248     
 dudt=   -9338.346473609376     
 ---------------------
 rk4
 istep=     26000001
 grad_b=  -0.4752025417663132        6.7324036822466321E-003 
  -3.2872931135833061E-003
 bsub=   1.2362400614491773E-002   3.9527009143208926E-002 
    1.023702535411772     
 bsup=    0.000000000000000        0.3304336287721321      
   0.9231913206431177     
 b_abs=   0.9786110220540049     
 g=  -1.7069992234631438E-002
 j=    0.000000000000000         217.0429845602863      
    110.7107631181795     
 v_perp_2=    3999392.394364869     
 b_n=  -1.1076674392543986E-007   0.3304259556147672      
   0.9231916182158241     
 b_para_n=   0.9786110220127523     
 dxdt=   9.1851097655348806E-003   -7.686823276696906      
   -23.27840228105740     
 dudt=    1691.724205385203     
 ---------------------
 rk4
 istep=     27000001
 grad_b=  -0.4750123245004579        1.0241369151697793E-002 
  -8.5163218204157426E-003
 bsub=   1.1726569165614081E-002   4.0284758136477694E-002 
    1.022239837863609     
 bsup=    0.000000000000000        0.3670540302121462      
   0.9230131191755502     
 b_abs=   0.9787224237142279     
 g=  -1.6868004761060464E-002
 j=    0.000000000000000         544.1586308318313      
    109.4459883329073     
 v_perp_2=    3999847.671223936     
 b_n=   8.6401088779201049E-008   0.3670579097773137      
   0.9230129653189452     
 b_para_n=   0.9787224237368920     
 dxdt=   1.4305901637001269E-002    5.271071512206367      
    11.61415576885846     
 dudt=    8563.305357082285     
 ---------------------
 rk4
 istep=     28000001
 grad_b=  -0.4711010526635931        2.3793272113784986E-003 
   2.5401612775198534E-003
 bsub=   1.3455628778247943E-002   3.8011847214587016E-002 
    1.025998300517679     
 bsup=    0.000000000000000        0.2750370881219329      
   0.9237348397951576     
 b_abs=   0.9786634586940781     
 g=  -1.7352610436599965E-002
 j=    0.000000000000000        -309.2650661961317      
    156.9255257779631     
 v_perp_2=    3999606.692685922     
 b_n=   2.9268811172960195E-008   0.2750431222755537      
   0.9237346158928420     
 b_para_n=   0.9786634587347055     
 dxdt=   3.0163268130471714E-003    6.195311578218831      
    18.69580561501433     
 dudt=   -6265.607657126385     
 ---------------------
 rk4
 istep=     29000001
 grad_b=  -0.4708704050803836        2.9970495311756190E-003 
   1.8338222940305071E-003
 bsub=   1.3472197577248199E-002   3.8051123157377770E-002 
    1.025718197560414     
 bsup=    0.000000000000000        0.2764545417212828      
   0.9239144597833814     
 b_abs=   0.9786578942857771     
 g=  -1.7333943958301234E-002
 j=    0.000000000000000        -282.2861626376620      
    157.1556957781273     
 v_perp_2=    3999583.952034323     
 b_n=  -3.8615293544428120E-008   0.2764483336716031      
   0.9239146905507322     
 b_para_n=   0.9786578942436535     
 dxdt=   3.8692955226103426E-003   -5.139822957906430      
   -19.27941498049373     
 dudt=   -5267.605224777953     
 ---------------------
 Elapsed time (seconds):     153.4654700000000     

real	2m33.476s
user	2m33.204s
sys	0m0.014s
>>> [PID 3855656] DONE  u=0, v_perp=-2000, out=bounce/dat169.dat
