>>> [PID 3853538] START u=4000, v_perp=-3000, out=bounce/dat156.dat, dt=5.00E-09, steps=30000000
 outer boundary:   8.3000000000000462E-002
 rk4
 istep=            1
 grad_b=  -0.5028816271756102        4.9311971872115917E-003 
  -7.9817258247996681E-003
 bsub=   8.6925870009717694E-003   4.2252225702543604E-002 
    1.020727515609785     
 bsup=    0.000000000000000        0.5003002074680555      
   0.9181486985425542     
 b_abs=   0.9787595976787298     
 g=  -1.6418795784385355E-002
 j=    0.000000000000000         576.0999249650467      
    59.08470396065933     
 v_perp_2=    8999999.086440016     
 b_n=   1.4288618946198652E-005   0.5016657014247591      
   0.9180920577495713     
 b_para_n=   0.9787596023254416     
 dxdt=   7.4818344666104653E-002    2051.779623977066      
    3751.998552712264     
 dudt=    22835.77441154709     
 ---------------------
 rk4
 istep=      1000001
 grad_b=   0.5454583620278061       -8.2050627740194032E-002 
  -0.1727225422106743     
 bsub=   3.2765941788450971E-002   0.1086582072184034      
    1.534041179748913     
 bsup=    0.000000000000000       -0.8576956781511648      
    1.104657452245859     
 b_abs=    1.265206814745189     
 g=  -7.7542203027836619E-003
 j=    0.000000000000000         598.9704132104148      
   -49.15126234727762     
 v_perp_2=    11633950.53969768     
 b_n=  -3.3001341413314947E-004  -0.8602914054054642      
    1.104848359688333     
 b_para_n=    1.265206814435420     
 dxdt=   -1.368629215920204        -2489.175457949173      
    3192.826670957147     
 dudt=    437613.4001336240     
 ---------------------
 rk4
 istep=      2000001
 grad_b=   -1.109160359355666       -0.1159180226804468      
   0.1516520723096710     
 bsub=  -2.7134665676248192E-002  -0.1487238056019037      
    1.375876042813573     
 bsup=    0.000000000000000       -0.9087877110327371      
   0.8686660540842255     
 b_abs=    1.153492130431199     
 g=  -2.0233371266259362E-002
 j=    0.000000000000000         668.2852394763871      
    152.9345474022041     
 v_perp_2=    10606681.23155446     
 b_n=  -2.0187959685735696E-004  -0.9065439016719831      
   0.8689046182588616     
 b_para_n=    1.153492134593123     
 dxdt=  -0.9086350780656384        -2978.917204269640      
    2858.129291741659     
 dudt=   -944960.1231347568     
 ---------------------
 rk4
 istep=      3000001
 grad_b=   0.3485590440782462        2.8118559607319099E-002 
   0.1237915472565071     
 bsub=  -2.5541949114951612E-002   4.3238734633824702E-002 
    1.056653654472796     
 bsup=    0.000000000000000        0.1940734512760717      
    1.106345738423916     
 b_abs=    1.084984828197235     
 g=  -1.1327315114623787E-002
 j=    0.000000000000000        -772.7385340933550      
    177.3669712326584     
 v_perp_2=    9976716.532160029     
 b_n=   7.4073658289524976E-005   0.1929438115099331      
    1.106393761172035     
 b_para_n=    1.084984834863325     
 dxdt=   0.3524846103390910         687.9304680212979      
    3952.526033445280     
 dudt=   -603475.8380560823     
 ---------------------
 rk4
 istep=      4000001
 grad_b=   0.7062309199646974       -1.4844401839384250E-002 
  -0.1749721843517648     
 bsub=  -6.0238721761548819E-002   0.1330117569601914      
    1.788076578723339     
 bsup=    0.000000000000000       -0.8266947261744398      
    1.069019202995640     
 b_abs=    1.341933942354687     
 g=  -9.8247163252437562E-003
 j=    0.000000000000000        -478.8992455167878      
    513.2441898184616     
 v_perp_2=    12339408.66783942     
 b_n=  -6.8791012868371224E-006  -0.8293294590941369      
    1.069214980872325     
 b_para_n=    1.341933964538663     
 dxdt=  -2.7128822779895284E-002   -2202.392823388811      
    2835.304009071751     
 dudt=    598806.7578582846     
 ---------------------
 rk4
 istep=      5000001
 grad_b=  -0.5987694753634110       -0.1865256690346661      
   0.1129877441667300     
 bsub=   6.1907531866362674E-003  -0.1662119377078018      
    1.359067817662701     
 bsup=    0.000000000000000       -0.8959632798540806      
   0.8821912008363476     
 b_abs=    1.161074114942936     
 g=  -1.9624467721819427E-002
 j=    0.000000000000000         65.29964490493926      
   -259.4022401549810     
 v_perp_2=    10676337.79714298     
 b_n=  -3.5128358305829791E-004  -0.8947443447085712      
   0.8823418634503303     
 b_para_n=    1.161074101530831     
 dxdt=   -1.571789561539392        -2915.046634344847      
    2876.283040252295     
 dudt=   -1056456.583415056     
 ---------------------
 rk4
 istep=      6000001
 grad_b=  -0.5534779511435326       -3.1007993223791136E-002 
  -3.1896861336962790E-002
 bsub=   2.0852431072816070E-002  -8.1059008936638643E-002 
   0.8314838559274791     
 bsup=    0.000000000000000       -0.2319555134090955      
    1.148645877855733     
 b_abs=   0.9874776407831081     
 g=  -1.0278851219646164E-002
 j=    0.000000000000000         664.5356616129613      
    4.454541392173113     
 v_perp_2=    9080063.751556247     
 b_n=  -1.1814064479162686E-004  -0.2300416894545144      
    1.148835410733580     
 b_para_n=   0.9874776380847257     
 dxdt=  -0.6134884855138574        -927.2959337756224      
    4642.176388642978     
 dudt=    137096.6523051530     
 ---------------------
 rk4
 istep=      7000001
 grad_b=   -1.065922556102874        8.2275874018760548E-002 
  -0.1071841550211970     
 bsub=   4.8784298089756591E-004  -8.1256682470431663E-002 
    1.178290557269374     
 bsup=    0.000000000000000       -0.6882412530672763      
   0.8777143672347898     
 b_abs=    1.044044127127669     
 g=  -2.0300906150342839E-002
 j=    0.000000000000000         2.512500781861576      
    271.8889454658387     
 v_perp_2=    9600184.680766344     
 b_n=   1.6369830359861179E-004  -0.6859112256401939      
   0.8778749950687015     
 b_para_n=    1.044044142280488     
 dxdt=   0.8070811898383859        -2575.412006017540      
    3299.866272649432     
 dudt=    663642.4457214953     
 ---------------------
 rk4
 istep=      8000001
 grad_b=   0.5817503596299933        6.4789801110729156E-002 
   0.1894817536646067     
 bsub=   2.1573558556766265E-002   0.1787287361231507      
    1.942173309738023     
 bsup=    0.000000000000000        -1.009482785201572      
    1.077579098053842     
 b_abs=    1.382663401905347     
 g=  -8.2167032889096207E-003
 j=    0.000000000000000         116.8462989371064      
    12.71853253788531     
 v_perp_2=    12713830.11970119     
 b_n=   2.1468764134575667E-004   -1.012110777104562      
    1.077818555373052     
 b_para_n=    1.382663403004118     
 dxdt=   0.8258475955306235        -2569.229540187794      
    2732.671111281743     
 dudt=   -461457.4169526508     
 ---------------------
 rk4
 istep=      9000001
 grad_b=   9.3230904810854331E-002  -1.0579197451174902E-002 
  -9.4912601979480982E-002
 bsub=   3.2556040665531569E-002   1.8437698437013650E-002 
   0.9881938787300470     
 bsup=    0.000000000000000        0.1706597185563006      
    1.084233336482543     
 b_abs=    1.036717854544805     
 g=  -1.3225729139225947E-002
 j=    0.000000000000000         649.6098835596713      
   -176.4952826556473     
 v_perp_2=    9532783.730532674     
 b_n=  -2.5193991367005534E-005   0.1703841436312175      
    1.084239299971360     
 b_para_n=    1.036717846730888     
 dxdt=  -0.1250270122632518         646.0381172195008      
    4113.120057886002     
 dudt=    464375.6123184292     
 ---------------------
 rk4
 istep=     10000001
 grad_b=   -1.291292098180200        2.8205653469227994E-002 
  -0.1538071029123624     
 bsub=   2.0390957032051644E-002  -9.3703422688703783E-002 
    1.235123199164320     
 bsup=    0.000000000000000       -0.8025339226356776      
   0.8652526644231091     
 b_abs=    1.069723242348001     
 g=  -2.0276715440924298E-002
 j=    0.000000000000000         136.6750875940584      
   -635.0477161275753     
 v_perp_2=    9836252.169296997     
 b_n=   3.5861268534873944E-005  -0.7997391906751198      
   0.8654640656463365     
 b_para_n=    1.069723206685061     
 dxdt=   0.1728842664099941        -2907.955307401737      
    3150.759900603236     
 dudt=    669262.9367682945     
 ---------------------
 rk4
 istep=     11000001
 grad_b=  -0.6008455937382187        0.1571870323717982      
   0.3010101099705687     
 bsub=  -5.2655600285412926E-002  -3.6873766169421326E-002 
    1.413235354244638     
 bsup=    0.000000000000000        -1.163590729545230      
   0.9323082525817412     
 b_abs=    1.166325724986173     
 g=  -1.4967563639657623E-002
 j=    0.000000000000000        -193.9783798683471      
    303.4504937737584     
 v_perp_2=    10724509.38701601     
 b_n=   4.5280083355335525E-004   -1.161973047460817      
   0.9323673447198586     
 b_para_n=    1.166325740906364     
 dxdt=    2.017824067587915        -3762.223087071160      
    3020.459743324355     
 dudt=   -385254.4237693712     
 ---------------------
 rk4
 istep=     12000001
 grad_b=   0.2514032883131471       -3.4375371787065880E-002 
   0.1352498757962474     
 bsub=  -9.0284018145981651E-003   4.1882875612863510E-002 
    1.071604352159260     
 bsup=    0.000000000000000        0.5420805676720719      
    1.033597128992696     
 b_abs=    1.063008603335180     
 g=  -1.2773759983735186E-002
 j=    0.000000000000000        -882.7760608276392      
    308.1882565220222     
 v_perp_2=    9774476.993617443     
 b_n=  -1.2019709797986404E-004   0.5413151758367423      
    1.033626044306509     
 b_para_n=    1.063008616649078     
 dxdt=  -0.5828309023099001         1986.105820582888      
    3794.168957748830     
 dudt=   -524019.0968828454     
 ---------------------
 rk4
 istep=     13000001
 grad_b=   0.5206572752298256       -7.3787256105321553E-002 
  -0.1822531784705677     
 bsub=   1.5457170340342653E-003   0.1550196472379382      
    1.771554547733501     
 bsup=    0.000000000000000       -0.9538395630983215      
    1.085758300555750     
 b_abs=    1.332341357451348     
 g=  -7.7271982007757669E-003
 j=    0.000000000000000        -291.7211266032552      
    378.0943835234902     
 v_perp_2=    12250999.02197752     
 b_n=  -2.7903478716812408E-004  -0.9563521569598744      
    1.085978420635373     
 b_para_n=    1.332341373967542     
 dxdt=   -1.107083570956830        -2566.186856151416      
    2910.623614757503     
 dudt=    439973.9956761735     
 ---------------------
 rk4
 istep=     14000001
 grad_b=   -1.145508662609616       -9.5455927885369912E-002 
   0.1339737078737557     
 bsub=  -1.4150823594900426E-002  -0.1086531526720774      
    1.268029110942025     
 bsup=    0.000000000000000       -0.7785585059171589      
   0.8680700045975087     
 b_abs=    1.088774703194676     
 g=  -2.0478794911192873E-002
 j=    0.000000000000000        -950.2056781992324      
    363.5841596848367     
 v_perp_2=    10011362.98085447     
 b_n=  -1.7765700743523178E-004  -0.7761383158561979      
   0.8682754207531876     
 b_para_n=    1.088774727421949     
 dxdt=  -0.8426932346812357        -2756.954845992498      
    3087.698279753589     
 dudt=   -804908.4457848816     
 ---------------------
 rk4
 istep=     15000001
 grad_b=  -1.2247505898125455E-002   4.6610058801081850E-002 
   9.1938680134127510E-002
 bsub=  -3.9718398357498727E-002  -1.2609472124191293E-003 
   0.9512577872605359     
 bsup=    0.000000000000000        5.2144219872991338E-002 
    1.121854178244666     
 b_abs=    1.032773171610403     
 g=  -1.1785071692257561E-002
 j=    0.000000000000000         266.3502419428576      
    43.32012864095336     
 v_perp_2=    9496404.435369795     
 b_n=   1.4567413264494206E-004   5.2170445188610068E-002 
    1.121860297574904     
 b_para_n=    1.032773173593969     
 dxdt=   0.7254786913111981         198.9310760680453      
    4277.113456624502     
 dudt=   -469967.8945694324     
 ---------------------
 rk4
 istep=     16000001
 grad_b=   0.3158916883272951        8.4629108765391481E-002 
  -7.1829760920204114E-002
 bsub=  -0.1036504443245006       -4.8155978460525932E-002 
    1.703730200254594     
 bsup=    0.000000000000000        -1.098347499690864      
   0.9947581913545258     
 b_abs=    1.322083122862845     
 g=  -1.4964046191056821E-002
 j=    0.000000000000000        -717.6991941942102      
    463.0936394711617     
 v_perp_2=    12156604.77563798     
 b_n=   2.0171794831135630E-004   -1.099108305083322      
   0.9947489763830124     
 b_para_n=    1.322083145061040     
 dxdt=   0.8055753766513191        -2980.326804731890      
    2696.452340094647     
 dudt=    571717.6720886910     
 ---------------------
 rk4
 istep=     17000001
 grad_b=   0.3811506462196182       -8.2377786860969152E-002 
   8.3806316059172853E-002
 bsub=   0.1032878493570742       -3.3500198044342774E-002 
    1.711017027367446     
 bsup=    0.000000000000000        -1.074241689029982      
   0.9999078987818613     
 b_abs=    1.321766339816663     
 g=  -1.4590259645697616E-002
 j=    0.000000000000000        -565.2032920429443      
    505.5164466571347     
 v_perp_2=    12153667.98520724     
 b_n=  -2.0320770647994034E-004   -1.075188298318353      
   0.9999016503328767     
 b_para_n=    1.321766363655255     
 dxdt=  -0.8116886256736948        -2916.756897955888      
    2711.383026781143     
 dudt=   -599284.3887345847     
 ---------------------
 rk4
 istep=     18000001
 grad_b=   4.3523036643265789E-002  -4.7643346033269647E-002 
  -9.7695558454455642E-002
 bsub=   3.9115129009771557E-002   6.1206027208202708E-003 
   0.9645921111373207     
 bsup=    0.000000000000000        6.7331560807556867E-002 
    1.122058580251198     
 b_abs=    1.040597819149729     
 g=  -1.1661951483456690E-002
 j=    0.000000000000000         382.3114930675947      
   -3.207168913024958     
 v_perp_2=    9568302.040526211     
 b_n=  -1.4761290668801157E-004   6.7182518968004062E-002 
    1.122065511767948     
 b_para_n=    1.040597819113787     
 dxdt=  -0.7300065527567799         253.4436375727395      
    4235.873594080821     
 dudt=    498490.6217101769     
 ---------------------
 rk4
 istep=     19000001
 grad_b=   -1.132878625833535        0.1023345406937374      
  -0.1368720017346224     
 bsub=   1.6163292708252293E-002  -0.1162183800680165      
    1.289227461800942     
 bsup=    0.000000000000000       -0.7976631193647036      
   0.8675071395743065     
 b_abs=    1.100531780024997     
 g=  -2.0466170842159435E-002
 j=    0.000000000000000        -666.1714388583489      
    390.6229128850861     
 v_perp_2=    10119373.62084118     
 b_n=   1.8889416551377510E-004  -0.7952889361151989      
   0.8677188146753259     
 b_para_n=    1.100531804352926     
 dxdt=   0.8872329588343990        -2784.786361022863      
    3041.746669564727     
 dudt=    837035.1704644420     
 ---------------------
 rk4
 istep=     20000001
 grad_b=   0.5354732938777486        7.1068071876122324E-002 
   0.1751130471827991     
 bsub=  -1.8263895809715359E-003   0.1510031796512227      
    1.738887878419000     
 bsup=    0.000000000000000       -0.9120564260795416      
    1.089066015529417     
 b_abs=    1.325209505208878     
 g=  -7.7471914113847774E-003
 j=    0.000000000000000        -210.5021234306424      
    288.6759694365687     
 v_perp_2=    12185259.07076686     
 b_n=   2.6737553935286937E-004  -0.9146203065307117      
    1.089288950621714     
 b_para_n=    1.325209517808696     
 dxdt=    1.065646507859120        -2473.942667230470      
    2942.765946435346     
 dudt=   -436748.8792354010     
 ---------------------
 rk4
 istep=     21000001
 grad_b=   0.2811217123724518        4.1577680573617132E-002 
  -0.1435522373154365     
 bsub=   5.1178134981888258E-003   4.1576166672089583E-002 
    1.085063864850658     
 bsup=    0.000000000000000        0.6197297179315314      
    1.028604857917345     
 b_abs=    1.068422920231955     
 g=  -1.2488093927764258E-002
 j=    0.000000000000000        -273.7777633255669      
    279.5654545767632     
 v_perp_2=    9824097.486825969     
 b_n=   1.4603795641971855E-004   0.6188555556179679      
    1.028637677108049     
 b_para_n=    1.068422933330591     
 dxdt=   0.7048247538197274         2255.406108033829      
    3750.601935448693     
 dudt=    524506.6116367703     
 ---------------------
 rk4
 istep=     22000001
 grad_b=  -0.5115241787334046       -0.1618447767825514      
  -0.3073148441876060     
 bsub=   5.4791677156593999E-002  -2.7552778497229927E-002 
    1.449440035299667     
 bsup=    0.000000000000000        -1.208326751340408      
   0.9421815552301409     
 b_abs=    1.182691927570150     
 g=  -1.4583743867538577E-002
 j=    0.000000000000000        -300.8208837219402      
    213.1882745386163     
 v_perp_2=    10874774.74228975     
 b_n=  -4.6846854688891424E-004   -1.206930166113534      
   0.9422258214533624     
 b_para_n=    1.182691938777939     
 dxdt=   -2.061760036780155        -3833.669798444243      
    2994.255863919726     
 dudt=    365347.4831067724     
 ---------------------
 rk4
 istep=     23000001
 grad_b=   -1.280574641903855       -2.5135082155334953E-002 
   0.1475581416138445     
 bsub=  -1.7694133570877339E-002  -9.0550469203653852E-002 
    1.215015787969588     
 bsup=    0.000000000000000       -0.7854756387810180      
   0.8670019933661361     
 b_abs=    1.060575391846972     
 g=  -2.0105039449988316E-002
 j=    0.000000000000000        -243.9345126612268      
   -609.4679966874761     
 v_perp_2=    9751906.511583367     
 b_n=  -3.1030612835560022E-005  -0.7826697414279468      
   0.8672106256247644     
 b_para_n=    1.060575359059170     
 dxdt=  -0.1507842897735463        -2878.370012951290      
    3193.186208198614     
 dudt=   -640156.0334770503     
 ---------------------
 rk4
 istep=     24000001
 grad_b=   4.5448053761357299E-002   1.2048209141453006E-002 
   8.9297331240680899E-002
 bsub=  -3.4139752099333440E-002   1.2762515229707744E-002 
   0.9774871886491268     
 bsup=    0.000000000000000        0.1364459493093683      
    1.083886211747255     
 b_abs=    1.030070973584441     
 g=  -1.3386965709273403E-002
 j=    0.000000000000000         477.7518188014192      
   -81.03731122148275     
 v_perp_2=    9471400.431104563     
 b_n=   3.0872940260748051E-005   0.1363081898491035      
    1.083889084904657     
 b_para_n=    1.030070970014605     
 dxdt=   0.1541260737925808         521.2991887793312      
    4146.524083118195     
 dudt=   -439324.8339817834     
 ---------------------
 rk4
 istep=     25000001
 grad_b=   0.5683373317688735       -6.1178308612996987E-002 
  -0.1831106802947081     
 bsub=  -2.1723565172620061E-002   0.1810239657323328      
    1.967889895007215     
 bsup=    0.000000000000000        -1.043056670461646      
    1.077047421555100     
 b_abs=    1.389300035529089     
 g=  -8.1730629451229504E-003
 j=    0.000000000000000         267.9896791339831      
   -9.265673523415600     
 v_perp_2=    12774453.23465504     
 b_n=  -2.0229863290229639E-004   -1.045640784890480      
    1.077282898650264     
 b_para_n=    1.389300036250174     
 dxdt=  -0.7751290704632613        -2635.002240386831      
    2711.549004471993     
 dudt=    441466.3048140417     
 ---------------------
 rk4
 istep=     26000001
 grad_b=   -1.048361400398321       -7.5286476244161765E-002 
   9.9896215506894370E-002
 bsub=   1.9230835163647768E-003  -7.5857990288336785E-002 
    1.159601615699276     
 bsup=    0.000000000000000       -0.6698901569324266      
   0.8807200226896600     
 b_abs=    1.035389061699003     
 g=  -2.0223936181068759E-002
 j=    0.000000000000000         544.5542837731172      
    214.5092366392704     
 v_perp_2=    9520265.301606786     
 b_n=  -1.5135492828705335E-004  -0.6675818214897632      
   0.8808712876723960     
 b_para_n=    1.035389071707434     
 dxdt=  -0.7520013767031525        -2534.081998638629      
    3347.445885708076     
 dudt=   -614598.7303794357     
 ---------------------
 rk4
 istep=     27000001
 grad_b=  -0.6042991797739439        2.2284521789785981E-002 
   2.3973832950288453E-002
 bsub=  -1.4664512744013231E-002  -8.7985927471909087E-002 
   0.8247155019438763     
 bsup=    0.000000000000000       -0.2766012244955599      
    1.144472287969920     
 b_abs=   0.9842622924576090     
 g=  -1.0297226121325106E-002
 j=    0.000000000000000         562.2915201856039      
   4.1137284999926749E-002
 v_perp_2=    9050142.671535758     
 b_n=   8.5807875920553957E-005  -0.2745153469269750      
    1.144696345315117     
 b_para_n=   0.9842622897781950     
 dxdt=   0.4469513561108627        -1111.468025194383      
    4644.959884059938     
 dudt=   -99366.89203188190     
 ---------------------
 rk4
 istep=     28000001
 grad_b=  -0.6018153982317139        0.1852972880650552      
  -0.1138069842492681     
 bsub=  -5.0504842868870949E-003  -0.1729045906209362      
    1.371393309722381     
 bsup=    0.000000000000000       -0.9197057016451775      
   0.8819059052817724     
 b_abs=    1.169884829181352     
 g=  -1.9424984171021956E-002
 j=    0.000000000000000         94.18161478749153      
   -198.4937763509255     
 v_perp_2=    10756895.58368073     
 b_n=   3.4816036415147392E-004  -0.9184791638328437      
   0.8820618198251463     
 b_para_n=    1.169884818722972     
 dxdt=    1.547275676164524        -2961.484574759015      
    2845.687700937429     
 dudt=    1064139.610997156     
 ---------------------
 rk4
 istep=     29000001
 grad_b=   0.7161790148005153        1.6691347956181761E-002 
   0.1772202946944465     
 bsub=   5.7772220521777919E-002   0.1303621862817527      
    1.762449557437126     
 bsup=    0.000000000000000       -0.8005388850341892      
    1.070026210700086     
 b_abs=    1.334467619102321     
 g=  -9.7031472398290668E-003
 j=    0.000000000000000        -950.3140064423839      
    580.7016643025338     
 v_perp_2=    12270182.93905752     
 b_n=   1.3640827563072889E-005  -0.8032433749143499      
    1.070225823091814     
 b_para_n=    1.334467642796267     
 dxdt=   5.4047554023529926E-002   -2151.068954715006      
    2861.656435267939     
 dudt=   -607265.1692421276     
 ---------------------
 Elapsed time (seconds):     153.5307970000000     

real	2m33.540s
user	2m33.262s
sys	0m0.013s
>>> [PID 3853538] DONE  u=4000, v_perp=-3000, out=bounce/dat156.dat
