>>> [PID 3857748] START u=7500, v_perp=-2000, out=bounce/dat184.dat, dt=5.00E-09, steps=30000000
 outer boundary:   8.3000000000000462E-002
 rk4
 istep=            1
 grad_b=  -0.5028807004913129        4.9303055331960596E-003 
  -7.9798376243319924E-003
 bsub=   8.6928308937804961E-003   4.2252088340546029E-002 
    1.020728051845132     
 bsup=    0.000000000000000        0.5002827809120549      
   0.9181488609619864     
 b_abs=   0.9787595107699258     
 g=  -1.6418884094969166E-002
 j=    0.000000000000000         576.0999171676685      
    59.07156505659954     
 v_perp_2=    3999999.238793935     
 b_n=   2.6786090211699219E-005   0.5028430654081172      
   0.9180426606010865     
 b_para_n=   0.9787595194811265     
 dxdt=   0.2125533710249922         3853.863659103969      
    7034.712350040123     
 dudt=    10146.72882549432     
 ---------------------
 rk4
 istep=      1000001
 grad_b=   -1.213375385724577       -3.3980778650419846E-002 
   0.1181199662597869     
 bsub=  -7.1755048782686723E-003  -8.1019524395835013E-002 
    1.162537872803366     
 bsup=    0.000000000000000       -0.7175842691797567      
   0.8789511164939496     
 b_abs=    1.039112556190847     
 g=  -1.9719719529615320E-002
 j=    0.000000000000000        -358.9215240285817      
   -408.4651230949472     
 v_perp_2=    4246622.046866621     
 b_n=  -1.1006295901266421E-004  -0.7124008536510218      
   0.8793116431554825     
 b_para_n=    1.039112515574075     
 dxdt=  -0.8227104468899804        -5129.194231469329      
    6332.775778317315     
 dudt=   -252112.2886788908     
 ---------------------
 rk4
 istep=      2000001
 grad_b=   0.4280771677495575        3.4730386077357116E-002 
   2.2648036967453988E-002
 bsub=  -3.8319304401182662E-002   0.1749991453632884      
    2.090768774848478     
 bsup=    0.000000000000000        -1.305440995926185      
    1.075407480643716     
 b_abs=    1.421897578042643     
 g=  -8.5555954256863655E-003
 j=    0.000000000000000        -400.3231880658050      
    159.9896468853462     
 v_perp_2=    5810934.366621624     
 b_n=   3.0634040447202743E-004   -1.309438756973970      
    1.075747719873505     
 b_para_n=    1.421897590729691     
 dxdt=    1.674451832714796        -6795.837150326037      
    5582.192101257368     
 dudt=    30153.57704152144     
 ---------------------
 rk4
 istep=      3000001
 grad_b=   0.1093852259926457       -0.1474638082375470      
  -0.2082781832785612     
 bsub=   5.5488386126766688E-002   3.0276327840563708E-002 
    1.242578342818703     
 bsup=    0.000000000000000       -0.6463470793538522      
    1.076607818249797     
 b_abs=    1.148903973652088     
 g=  -9.3146589621488484E-003
 j=    0.000000000000000         525.6039451274709      
   -8.976105490053726     
 v_perp_2=    4695246.348004404     
 b_n=  -1.1220771084171064E-003  -0.6472823241543098      
    1.076680713800023     
 b_para_n=    1.148903974005427     
 dxdt=   -7.587082616170829        -4199.495753633300      
    6984.978243340206     
 dudt=    229290.7690766776     
 ---------------------
 rk4
 istep=      4000001
 grad_b=   0.2405531985506818        1.5298830832868877E-002 
   0.1091868492444345     
 bsub=  -2.8800699888957258E-002   3.1972028164386906E-002 
    1.022135637307919     
 bsup=    0.000000000000000        0.2257208255928038      
    1.094749208642514     
 b_abs=    1.061540404496540     
 g=  -1.2297620743968684E-002
 j=    0.000000000000000        -362.2704401943507      
   -111.9036823336086     
 v_perp_2=    4338184.341001232     
 b_n=   6.8565743580243431E-005   0.2243150911518742      
    1.094795100064695     
 b_para_n=    1.061540393508280     
 dxdt=   0.5017093533890776         1579.676547602430      
    7711.676887069715     
 dudt=   -236732.0326265265     
 ---------------------
 rk4
 istep=      5000001
 grad_b=  -0.9932013260342629       -8.7866785060176963E-002 
   9.7804403828078118E-002
 bsub=   4.1001012883619733E-003  -7.4314726053078151E-002 
    1.165339219764773     
 bsup=    0.000000000000000       -0.6611640844883949      
   0.8835790622897000     
 b_abs=    1.038655653990636     
 g=  -2.0232594513216511E-002
 j=    0.000000000000000         748.5453238788823      
    317.0686493969222     
 v_perp_2=    4244631.849762412     
 b_n=  -3.4120635335759501E-004  -0.6570110646952450      
   0.8838451300864080     
 b_para_n=    1.038655682613973     
 dxdt=   -2.551606032130159        -4732.731545342711      
    6368.312311253864     
 dudt=   -284295.1401611131     
 ---------------------
 rk4
 istep=      6000001
 grad_b=  -0.4992903423636550       -6.7280918827262309E-004 
   1.0509532866039709E-002
 bsub=  -2.8019178920262115E-002  -0.2418416051071967      
    1.519529647025271     
 bsup=    0.000000000000000        -1.271828922558637      
   0.9025236976451898     
 b_abs=    1.295833794558823     
 g=  -1.7295476180188053E-002
 j=    0.000000000000000         399.5355515614682      
    44.27032570948206     
 v_perp_2=    5295594.423896425     
 b_n=   4.0570175018240599E-006   -1.269803728054120      
   0.9028460919842803     
 b_para_n=    1.295833792855175     
 dxdt=   2.4327383967492646E-002   -7263.654522733335      
    5165.033592159301     
 dudt=   -16305.72763669512     
 ---------------------
 rk4
 istep=      7000001
 grad_b=   0.7643977711232955       -2.5015014345174894E-002 
  -0.1606721669346159     
 bsub=  -2.3905610023412519E-002   0.1042196751757141      
    1.484526501032323     
 bsup=    0.000000000000000       -0.4240909743962782      
    1.100582289883061     
 b_abs=    1.260885435430890     
 g=  -8.4748288022635510E-003
 j=    0.000000000000000         764.5494177302120      
   -52.28284568393939     
 v_perp_2=    5152736.004756411     
 b_n=  -1.1751730124165499E-004  -0.4306089116466910      
    1.101037982751923     
 b_para_n=    1.260885435557688     
 dxdt=  -0.7241666856505560        -2536.761786412610      
    6481.866685491112     
 dudt=    269372.2396855493     
 ---------------------
 rk4
 istep=      8000001
 grad_b=  -0.3672205534473958        6.7843050944115718E-002 
   7.4000567914129609E-002
 bsub=  -4.0854437273535216E-002  -4.0772300123036925E-002 
   0.8839068195106605     
 bsup=    0.000000000000000       -0.1400224072166729      
    1.155873470197551     
 b_abs=    1.012980457718900     
 g=  -9.7743347754291818E-003
 j=    0.000000000000000        -627.6333092826906      
    89.71656656863408     
 v_perp_2=    4139615.892316349     
 b_n=   4.9210715939778044E-004  -0.1375100140922380      
    1.156012117169955     
 b_para_n=    1.012980467785077     
 dxdt=    3.773219748262977        -1016.159940397638      
    8548.400421400462     
 dudt=   -153371.4476957387     
 ---------------------
 rk4
 istep=      9000001
 grad_b=   0.7649029526937569       -8.9180968875265561E-003 
   0.1656721200875413     
 bsub=   6.0018801451240403E-002   8.6846525224398702E-002 
    1.603272261145322     
 bsup=    0.000000000000000       -0.5957249721545166      
    1.058493694507362     
 b_abs=    1.282736470721455     
 g=  -1.0123943997083716E-002
 j=    0.000000000000000        -1497.747540410177      
   -105.3360567821609     
 v_perp_2=    5241956.375330955     
 b_n=  -1.3361576359982203E-004  -0.6013909066798906      
    1.058805596279450     
 b_para_n=    1.282736453005990     
 dxdt=  -0.8093722851838262        -3478.783707153074      
    6122.065711634591     
 dudt=   -287797.0449761084     
 ---------------------
 rk4
 istep=     10000001
 grad_b=  -0.5243587651062870        4.3305766731106053E-002 
  -3.8381886705810012E-002
 bsub=   1.2691850829341881E-002  -0.2401790721426611      
    1.519540708561980     
 bsup=    0.000000000000000        -1.261088214631331      
   0.9012047752147975     
 b_abs=    1.293256743883856     
 g=  -1.6761813236591792E-002
 j=    0.000000000000000         720.6436383551944      
   -37.37206191884292     
 v_perp_2=    5284909.659630938     
 b_n=   1.5655288240395851E-004   -1.258885108757947      
   0.9015516798101092     
 b_para_n=    1.293256730488134     
 dxdt=   0.9406157711109009        -7216.195368468976      
    5168.415098936840     
 dudt=    140933.7922222196     
 ---------------------
 rk4
 istep=     11000001
 grad_b=  -0.2737305705356592        0.1853979463035495      
  -0.1104748643343253     
 bsub=  -2.3257280448404249E-002  -6.9990864507507536E-002 
    1.255111515487175     
 bsup=    0.000000000000000       -0.5391522874895405      
   0.9074925392042930     
 b_abs=    1.084700660538251     
 g=  -2.0556461723229363E-002
 j=    0.000000000000000        -388.1019645009496      
   -60.83075271745912     
 v_perp_2=    4432610.949664709     
 b_n=   7.2698230532682018E-004  -0.5380337751493045      
   0.9075683801332773     
 b_para_n=    1.084700656432328     
 dxdt=    5.206064005966101        -3705.514726795383      
    6251.088588179268     
 dudt=    377141.6552248204     
 ---------------------
 rk4
 istep=     12000001
 grad_b=   5.6752569620169668E-002  -3.6022227496920578E-002 
  -9.4212340099328606E-002
 bsub=   3.8244834859180316E-002   7.4797581530099688E-003 
   0.9679672228207236     
 bsup=    0.000000000000000        9.8511969873541716E-002 
    1.112293338484057     
 b_abs=    1.037957536772530     
 g=  -1.2203911402913804E-002
 j=    0.000000000000000         400.0326182830565      
   -23.07174593800374     
 v_perp_2=    4241567.074871820     
 b_n=  -2.0343663947604913E-004   9.8163428945394621E-002 
    1.112304067741240     
 b_para_n=    1.037957535006319     
 dxdt=   -1.522360142825673         707.6824826517591      
    8019.934270551540     
 dudt=    213269.6985679984     
 ---------------------
 rk4
 istep=     13000001
 grad_b=   0.6645768044265149        6.3387862150023982E-002 
   0.1652714437095646     
 bsub=  -1.0274051011598395E-002   0.1124028536507886      
    1.469466534438091     
 bsup=    0.000000000000000       -0.5788248364549644      
    1.121650512136682     
 b_abs=    1.257883503891728     
 g=  -7.7711945263303044E-003
 j=    0.000000000000000         1.548056265689638      
    223.8597821944525     
 v_perp_2=    5140245.023433215     
 b_n=   4.7097998495715653E-004  -0.5850035971410685      
    1.122126449985359     
 b_para_n=    1.257883524192153     
 dxdt=    2.909189721240019        -3454.189939766761      
    6622.534062631173     
 dudt=   -241514.1073190435     
 ---------------------
 rk4
 istep=     14000001
 grad_b=  -0.2744827716222272       -0.1291000975858907      
  -0.1895808335355244     
 bsub=   8.3229987186735896E-002   4.2585606586841129E-002 
    1.826180000746846     
 bsup=    0.000000000000000        -1.188904294571016      
    1.016144402129311     
 b_abs=    1.343458256739125     
 g=  -1.4202799552654594E-002
 j=    0.000000000000000         161.4414785115923      
    169.5358920473207     
 v_perp_2=    5489902.732626717     
 b_n=  -6.8761237956791626E-004   -1.187438147411611      
    1.016141563482750     
 b_para_n=    1.343458273797347     
 dxdt=   -3.977346163847022        -6540.215218345748      
    5597.087261370514     
 dudt=    59547.15692784348     
 ---------------------
 rk4
 istep=     15000001
 grad_b=   -1.105003416043205        3.5527283214521976E-002 
  -9.1078401560293495E-002
 bsub=  -2.3254920421502314E-003  -7.1557251920694856E-002 
    1.118688304348560     
 bsup=    0.000000000000000       -0.6516206805201190      
   0.8908190520695812     
 b_abs=    1.021234431733231     
 g=  -1.9544700674520160E-002
 j=    0.000000000000000         872.5288326928332      
   -471.8795620886690     
 v_perp_2=    4173137.286386361     
 b_n=   1.2770112575378770E-004  -0.6468688257174082      
   0.8911232205599233     
 b_para_n=    1.021234376010019     
 dxdt=   0.9712421562757096        -4742.025971541798      
    6534.460034604481     
 dudt=    208643.0744867279     
 ---------------------
 rk4
 istep=     16000001
 grad_b=   0.1241139865226687        3.6381302434941920E-002 
  -0.1183422874817667     
 bsub=   1.4110091981333138E-002   3.8232195314153311E-002 
    1.047712942806966     
 bsup=    0.000000000000000        0.4563515657432539      
    1.025342739391403     
 b_abs=    1.044910899632723     
 g=  -1.3457997657541717E-002
 j=    0.000000000000000        -779.6661195459167      
    184.9560773373025     
 v_perp_2=    4269858.402895857     
 b_n=   2.2714773822148440E-004   0.4556499096764854      
    1.025365299207784     
 b_para_n=    1.044910914404605     
 dxdt=    1.688499682808633         3262.447382832759      
    7342.039399336688     
 dudt=    204801.8427399297     
 ---------------------
 rk4
 istep=     17000001
 grad_b=  -0.9881024641440310        1.6287567806948861E-002 
   6.3329915105678702E-002
 bsub=   2.0024637064641063E-003  -8.2541346942096055E-002 
    1.021807970269004     
 bsup=    0.000000000000000       -0.5380002865864909      
   0.9300641343746046     
 b_abs=   0.9974288732112339     
 g=  -1.7464279116143268E-002
 j=    0.000000000000000         980.3464278618417      
   -78.69643742008881     
 v_perp_2=    4075804.243843187     
 b_n=   9.8696362016643637E-005  -0.5334432201755798      
   0.9304320438424238     
 b_para_n=   0.9974288572329284     
 dxdt=   0.7685356295224778        -4007.191432504529      
    6991.613170543499     
 dudt=   -102703.9353568336     
 ---------------------
 rk4
 istep=     18000001
 grad_b=   0.4102739293141580        3.1514042285141194E-002 
   0.1029059104673855     
 bsub=  -5.7029091103465417E-003   0.1918745091430177      
    2.156410869726272     
 bsup=    0.000000000000000        -1.540477038423082      
    1.077972879705621     
 b_abs=    1.425076375606641     
 g=  -7.0924861924086266E-003
 j=    0.000000000000000         662.8993406489711      
   -326.7295597437766     
 v_perp_2=    5823259.574671936     
 b_n=   2.5833590480823886E-004   -1.545220737047166      
    1.078395632544524     
 b_para_n=    1.425076348033252     
 dxdt=    1.408918251850636        -8000.734834519125      
    5582.840998712923     
 dudt=   -89438.90946783670     
 ---------------------
 rk4
 istep=     19000001
 grad_b=   -1.064754618487338       -8.3889222190977525E-002 
  -0.1794622698188001     
 bsub=   2.8033531819860867E-002  -8.0980812499420712E-002 
    1.156511528058763     
 bsup=    0.000000000000000       -0.7769586561105845      
   0.8984977260201732     
 b_abs=    1.049977853929850     
 g=  -1.6618080545917169E-002
 j=    0.000000000000000        -824.5097434156492      
    893.1633440714312     
 v_perp_2=    4290470.058371867     
 b_n=  -4.7650679490457849E-004  -0.7717201502318374      
   0.8988761741569481     
 b_para_n=    1.049977952029263     
 dxdt=   -3.525037086936734        -5496.720553940894      
    6404.182895102007     
 dudt=    186936.7352864711     
 ---------------------
 rk4
 istep=     20000001
 grad_b=  -8.6229354717155871E-002  -3.6594712205398269E-003 
   7.0691571067816567E-002
 bsub=  -3.4767157345979058E-002   4.9468400976324760E-003 
   0.9672849397596648     
 bsup=    0.000000000000000        6.2844882265654101E-002 
    1.060190447169165     
 b_abs=    1.012656188640240     
 g=  -1.4386167997808234E-002
 j=    0.000000000000000        -495.9299110643334      
    139.4233085106211     
 v_perp_2=    4137937.042371222     
 b_n=  -2.0660636836390082E-005   6.3274841011596333E-002 
    1.060187519001448     
 b_para_n=    1.012656201355556     
 dxdt=  -0.1584655760695273         468.1725693410601      
    7842.395385348487     
 dudt=   -150745.8817630165     
 ---------------------
 rk4
 istep=     21000001
 grad_b=  -0.8469031935314583       -1.2760759422120483E-002 
   3.9837745505463720E-002
 bsub=   1.7911009073482170E-002  -5.6025340239849022E-002 
    1.026017459283423     
 bsup=    0.000000000000000       -0.4935810039756427      
   0.9319313541535131     
 b_abs=   0.9919332133159388     
 g=  -1.8750250549138300E-002
 j=    0.000000000000000         145.0498179442396      
   -526.0590131352508     
 v_perp_2=    4053229.992919516     
 b_n=  -4.6168261390157839E-005  -0.4898841963786731      
   0.9321339699951107     
 b_para_n=   0.9919331584407083     
 dxdt=  -0.3614954710457220        -3701.250626727130      
    7044.578447785078     
 dudt=   -89441.82364091111     
 ---------------------
 rk4
 istep=     22000001
 grad_b=   -1.019720377585463        5.0117184592945292E-002 
   0.2446542530838982     
 bsub=  -6.7022714797636496E-002  -9.5637535216780437E-002 
    1.534381512731885     
 bsup=    0.000000000000000        -1.124396664047468      
   0.9106548081927696     
 b_abs=    1.226686880300192     
 g=  -1.9637340094016027E-002
 j=    0.000000000000000        -712.8066103297911      
   -88.44517918622574     
 v_perp_2=    5012443.190549966     
 b_n=   2.6390738172854181E-004   -1.120322893766830      
   0.9109202491897189     
 b_para_n=    1.226686875914869     
 dxdt=    1.671497414402731        -6786.643944908176      
    5519.117117447980     
 dudt=   -277216.0218860180     
 ---------------------
 rk4
 istep=     23000001
 grad_b=   0.6108467328396947       -6.3556469783238229E-002 
  -0.1699437629025345     
 bsub=  -5.0910789338173869E-003   0.1439023594308097      
    1.683606818552305     
 bsup=    0.000000000000000       -0.7970521519863527      
    1.093540937795384     
 b_abs=    1.314238705454281     
 g=  -8.0159685014405905E-003
 j=    0.000000000000000        -272.8468537036960      
    1.310829498755396     
 v_perp_2=    5370156.048174274     
 b_n=  -4.6207140594261333E-004  -0.8028039984258323      
    1.094031164537533     
 b_para_n=    1.314238703364853     
 dxdt=   -2.732035804561973        -4526.827237761977      
    6166.963753943114     
 dudt=    210150.5782514208     
 ---------------------
 rk4
 istep=     24000001
 grad_b=  -0.2968764917167342        2.7320329606805561E-002 
   4.9330665529020837E-002
 bsub=  -3.6511851809794091E-002  -4.0266365453348350E-002 
   0.8984587275257077     
 bsup=    0.000000000000000       -0.1259654742899977      
    1.108006192897657     
 b_abs=    1.000565144844036     
 g=  -1.2657199709072572E-002
 j=    0.000000000000000         79.07796292895853      
   -126.8262029665179     
 v_perp_2=    4088412.039519725     
 b_n=   1.6415979882776025E-004  -0.1243263150884452      
    1.108086313693517     
 b_para_n=    1.000565133317153     
 dxdt=    1.274289032798342        -930.7411668503394      
    8299.445138269115     
 dudt=   -104580.2018544170     
 ---------------------
 rk4
 istep=     25000001
 grad_b=   0.6278078166170071       -0.1146544986065550      
   0.1734955836239892     
 bsub=   4.3807268301674064E-002  -6.8110893591834532E-003 
    1.360544135571928     
 bsup=    0.000000000000000       -5.9345530476211161E-002 
   0.9846049901138090     
 b_abs=    1.157543718223369     
 g=  -1.4365993376942655E-002
 j=    0.000000000000000        -401.9748659322250      
    104.3985571807561     
 v_perp_2=    4729810.608331881     
 b_n=  -6.2692084272972172E-004  -6.2773787784024135E-002 
   0.9846080225581026     
 b_para_n=    1.157543728807513     
 dxdt=   -4.207426066965242        -405.0190873171643      
    6337.989128206197     
 dudt=   -313509.2103958065     
 ---------------------
 rk4
 istep=     26000001
 grad_b=  -0.8229158069703738       -0.1403953555446817      
   0.1337646677455616     
 bsub=  -2.2122934976723782E-002  -0.2009025520731925      
    1.464039479470340     
 bsup=    0.000000000000000        -1.090169284837468      
   0.8859855748246057     
 b_abs=    1.231231615736939     
 g=  -1.8223256725439663E-002
 j=    0.000000000000000         166.2524090430533      
   -218.9831613820901     
 v_perp_2=    5030868.937398829     
 b_n=  -5.0279272098535026E-004   -1.086787254326544      
   0.8864420565191873     
 b_para_n=    1.231231592924304     
 dxdt=   -3.172781925659954        -6558.250485476483      
    5350.145264719808     
 dudt=   -450619.1392555137     
 ---------------------
 rk4
 istep=     27000001
 grad_b=   0.6175287486815939        5.8498199544004675E-002 
  -0.1336106694571518     
 bsub=  -9.6496035968801352E-002   2.7978334173371325E-002 
    1.725951864065908     
 bsup=    0.000000000000000       -0.9584049140540842      
    1.022117360028932     
 b_abs=    1.318144159868358     
 g=  -1.2916729348413035E-002
 j=    0.000000000000000         197.1761691268936      
   -159.3349116530276     
 v_perp_2=    5385958.831051436     
 b_n=   3.6151158951381224E-004  -0.9620403836609985      
    1.022196492543454     
 b_para_n=    1.318144144765354     
 dxdt=    2.131148983285239        -5406.981004119515      
    5744.034357268301     
 dudt=    298562.0542850436     
 ---------------------
 rk4
 istep=     28000001
 grad_b=   0.2595638997755512       -6.7320020648283477E-002 
  -0.1289569155261465     
 bsub=   3.7232413503912987E-002   3.7270711469020446E-002 
    1.047645387703206     
 bsup=    0.000000000000000       -9.8167197411646034E-002 
    1.135537685597168     
 b_abs=    1.088849034567586     
 g=  -9.8805533240381698E-003
 j=    0.000000000000000        -413.1359768812918      
    353.3366459560582     
 v_perp_2=    4449024.634281681     
 b_n=  -4.3843593794612294E-004  -0.1000133573544083      
    1.135618976194927     
 b_para_n=    1.088849063953768     
 dxdt=   -3.127781746249560        -686.6425043006573      
    7790.890363099914     
 dudt=    262356.5160675206     
 ---------------------
 rk4
 istep=     29000001
 grad_b=   0.7600791506277266        3.5363862111443420E-002 
   0.1591031667666178     
 bsub=   1.0046410944144907E-003   8.3540881904559827E-002 
    1.297171019574288     
 bsup=    0.000000000000000       -0.1545283002696445      
    1.122251505788454     
 b_abs=    1.201101244919701     
 g=  -8.4547634385077185E-003
 j=    0.000000000000000        -718.6163791177372      
    271.5328166785465     
 v_perp_2=    4907648.112948062     
 b_n=   2.0789005472625696E-004  -0.1608183519415657      
    1.122656457327285     
 b_para_n=    1.201101264727772     
 dxdt=    1.344696596879564        -997.7857300064913      
    6953.492739732171     
 dudt=   -294409.5117420693     
 ---------------------
 Elapsed time (seconds):     154.2933710000000     

real	2m34.304s
user	2m34.004s
sys	0m0.015s
>>> [PID 3857748] DONE  u=7500, v_perp=-2000, out=bounce/dat184.dat
