>>> [PID 3852730] START u=10000, v_perp=-4000, out=bounce/dat147.dat, dt=5.00E-09, steps=30000000
 outer boundary:   8.3000000000000462E-002
 rk4
 istep=            1
 grad_b=  -0.5028800239023024        4.9296734516681984E-003 
  -7.9784938898548596E-003
 bsub=   8.6930057550358986E-003   4.2251989948555710E-002 
    1.020728434605167     
 bsup=    0.000000000000000        0.5002703133166121      
   0.9181489782246376     
 b_abs=   0.9787594487052869     
 g=  -1.6418947192685315E-002
 j=    0.000000000000000         576.0999432366136      
    59.06224530926540     
 v_perp_2=    15999995.94059108     
 b_n=   3.5709993178601792E-005   0.5036840100938641      
   0.9180073788165580     
 b_para_n=   0.9787594603189127     
 dxdt=   0.3940375021984086         5148.937305793193      
    9379.179523467596     
 dudt=    40579.77912865464     
 ---------------------
 rk4
 istep=      1000001
 grad_b=   0.1456092902975963       -2.4276297336272241E-002 
  -9.8885411191699552E-002
 bsub=   3.5272515207660282E-002   1.8576851976275729E-002 
   0.9912750552023708     
 bsup=    0.000000000000000        0.1574611542557740      
    1.103431919308881     
 b_abs=    1.047557355475633     
 g=  -1.2378193237055798E-002
 j=    0.000000000000000         395.3846550754344      
   -113.5263158504613     
 v_perp_2=    17124440.48248788     
 b_n=  -1.7022321843613994E-004   0.1563291130187299      
    1.103459177976247     
 b_para_n=    1.047557342945002     
 dxdt=   -1.755713777044833         1482.975927235790      
    10474.27259684729     
 dudt=    881180.7286763251     
 ---------------------
 rk4
 istep=      2000001
 grad_b=  -0.7423397950073043       -1.6881012245636956E-002 
  -1.6006169132259822E-002
 bsub=   7.7352322862451013E-003  -9.6067610496221201E-002 
   0.8293671165475296     
 bsup=    0.000000000000000       -0.4187674846871767      
    1.120619619516626     
 b_abs=   0.9840510502404884     
 g=  -1.0467406584216549E-002
 j=    0.000000000000000        -456.7057630967097      
    73.09687942428778     
 v_perp_2=    16086095.72681823     
 b_n=  -1.6030113637137167E-004  -0.4124172018391917      
    1.121356700126604     
 b_para_n=   0.9840510644211080     
 dxdt=   -1.759367777818966        -4184.017071956118      
    11391.00627131880     
 dudt=    90265.04479227131     
 ---------------------
 rk4
 istep=      3000001
 grad_b=  -0.5572956917127275       -2.3966788124736432E-003 
   7.4061930441605694E-003
 bsub=  -3.0010816297890829E-002  -4.6839383905097037E-002 
   0.9465247415920224     
 bsup=    0.000000000000000       -0.3266398585704222      
    1.011380591805924     
 b_abs=   0.9860163599225719     
 g=  -1.6417739119528488E-002
 j=    0.000000000000000        -69.48832526135286      
   -13.37552156131312     
 v_perp_2=    16118023.65497872     
 b_n=  -1.2587068795916570E-005  -0.3231861010144428      
    1.011551102799989     
 b_para_n=   0.9860163586515232     
 dxdt=  -0.1378742928383583        -3272.935789509351      
    10253.05242309679     
 dudt=   -68579.41141008676     
 ---------------------
 rk4
 istep=      4000001
 grad_b=   0.2654498081564083        0.1644271439159062      
  -0.1509069977202436     
 bsub=  -3.2991833239588465E-002  -3.6050691658984488E-002 
    1.301123617697903     
 bsup=    0.000000000000000       -0.2495668162220398      
   0.9424082770817246     
 b_abs=    1.111424495163428     
 g=  -1.7835844651955889E-002
 j=    0.000000000000000         395.7673610453837      
    10.03038038778504     
 v_perp_2=    18167797.49486140     
 b_n=   9.7924021210022316E-004  -0.2511655133847429      
   0.9423888113286486     
 b_para_n=    1.111424495035328     
 dxdt=    9.523832398746627        -2236.544615576329      
    8386.683226821180     
 dudt=    1347606.910112264     
 ---------------------
 rk4
 istep=      5000001
 grad_b=   0.7209766129662190       -4.7128769959009942E-002 
  -0.1614056935207426     
 bsub=  -1.2854027859374735E-002   0.1247481048268167      
    1.571763184296721     
 bsup=    0.000000000000000       -0.6203308607422153      
    1.102185148595332     
 b_abs=    1.286734662645923     
 g=  -8.2777990965092075E-003
 j=    0.000000000000000         334.9784088296051      
   -244.7598956475323     
 v_perp_2=    21033238.89466452     
 b_n=  -4.0123793922800590E-004  -0.6287448134240268      
    1.102849646272673     
 b_para_n=    1.286734636111925     
 dxdt=   -3.375292510521708        -4768.857705376764      
    8352.992820165493     
 dudt=    944288.0676710682     
 ---------------------
 rk4
 istep=      6000001
 grad_b=   -1.178940220696043       -6.7762205514508372E-002 
  -0.2106108279835413     
 bsub=   3.3385434158069757E-002  -7.9828641928380392E-002 
    1.251216553929994     
 bsup=    0.000000000000000       -0.9051036908264867      
   0.8816894788604521     
 b_abs=    1.084206137551126     
 g=  -1.8154558804396047E-002
 j=    0.000000000000000         342.6474338489292      
    98.35138502496972     
 v_perp_2=    17722428.51569993     
 b_n=  -4.9374104660357258E-004  -0.8979691521409087      
   0.8821578516578780     
 b_para_n=    1.084206148161924     
 dxdt=   -4.921608545635562        -8204.753332104856      
    8066.449812615638     
 dudt=    937470.9965705774     
 ---------------------
 rk4
 istep=      7000001
 grad_b=  -0.9879327281017440        0.1347704024573815      
  -0.1428607558377657     
 bsub=   2.0228084731541453E-002  -0.1587967457956296      
    1.393704597884882     
 bsup=    0.000000000000000       -0.9334729048859309      
   0.8773458139223655     
 b_abs=    1.170833796660794     
 g=  -1.9327617460001185E-002
 j=    0.000000000000000         320.2257880128589      
    139.3825677479391     
 v_perp_2=    19138216.94055258     
 b_n=   6.4175229709781943E-004  -0.9281335060999926      
   0.8779448745701933     
 b_para_n=    1.170833810195952     
 dxdt=    5.927396770505114        -7797.305176896876      
    7380.359153558270     
 dudt=    1753095.716422186     
 ---------------------
 rk4
 istep=      8000001
 grad_b=  -0.3295719681539881        0.1073720458819158      
   0.1354591857283772     
 bsub=  -9.4470280175739510E-002   3.2120843849442471E-002 
    1.837438494595522     
 bsup=    0.000000000000000        -1.141600424593321      
    1.016092794247576     
 b_abs=    1.352726866600428     
 g=  -1.4378114646578710E-002
 j=    0.000000000000000        -1654.555081562250      
    491.7581222303982     
 v_perp_2=    22111132.65961064     
 b_n=   7.4336159164629457E-004   -1.139316725531561      
    1.016091135046516     
 b_para_n=    1.352726925801758     
 dxdt=    5.951717695820347        -8159.036276254446      
    7278.292277676083     
 dudt=   -91007.20506462765     
 ---------------------
 rk4
 istep=      9000001
 grad_b=   0.4318942086078746       -1.7115899634216270E-002 
  -2.2835712650105536E-002
 bsub=   1.7382470135165688E-002   0.1849462259533470      
    2.151380630650257     
 bsup=    0.000000000000000        -1.509463888342253      
    1.075232577574634     
 b_abs=    1.426344926790031     
 g=  -7.4166165188293640E-003
 j=    0.000000000000000         1253.600442752593      
    205.2663010515250     
 v_perp_2=    23314178.11105649     
 b_n=  -2.1759965912387081E-004   -1.515668583701294      
    1.075767758170344     
 b_para_n=    1.426344968685991     
 dxdt=   -1.653445674946485        -10235.51917598152      
    7261.523942374562     
 dudt=   -7346.375256847833     
 ---------------------
 rk4
 istep=     10000001
 grad_b=  -0.3663574438820603       -0.1467071859823524      
   8.8781069389177458E-002
 bsub=   2.1558275703918085E-002  -0.2250506318398763      
    1.476518871959241     
 bsup=    0.000000000000000        -1.170077451245574      
   0.8982088852457951     
 b_abs=    1.260794924516920     
 g=  -1.7855300134424462E-002
 j=    0.000000000000000        -423.8215200087434      
    44.23654480482466     
 v_perp_2=    20607932.18329660     
 b_n=  -7.0787869950110385E-004   -1.168123269921542      
   0.8985170877076264     
 b_para_n=    1.260794937497149     
 dxdt=   -6.075983989512339        -9047.359836684782      
    6960.719073460755     
 dudt=   -1629604.153402931     
 ---------------------
 rk4
 istep=     11000001
 grad_b=   -1.215932374171738       -8.7226809643777450E-002 
   0.1488094248895013     
 bsub=  -2.3453332974630394E-002  -0.1178511190824042      
    1.316456634766264     
 bsup=    0.000000000000000       -0.8397387786392156      
   0.8706643051057000     
 b_abs=    1.115954075803352     
 g=  -2.0297071230104744E-002
 j=    0.000000000000000         388.8546233690130      
    106.4950145401846     
 v_perp_2=    18240271.18184600     
 b_n=  -3.9813630835191382E-004  -0.8332026371070429      
   0.8712423453862289     
 b_para_n=    1.115954085653063     
 dxdt=   -3.856568595374272        -7376.772001634543      
    7719.683985898922     
 dudt=   -1485238.520130728     
 ---------------------
 rk4
 istep=     12000001
 grad_b=   0.5002454423150675        8.8376850062578546E-002 
   0.1904841355331321     
 bsub=  -4.1352921594600682E-002   0.1007968016034656      
    1.558188278483857     
 bsup=    0.000000000000000       -0.9748980063149681      
    1.089668379986568     
 b_abs=    1.264545572703686     
 g=  -8.2940119419817968E-003
 j=    0.000000000000000         575.3017857004224      
   -277.8927093755826     
 v_perp_2=    20668724.81040062     
 b_n=   9.1269699928853793E-004  -0.9809618243517799      
    1.090084836773840     
 b_para_n=    1.264545542600662     
 dxdt=    7.811025703821251        -7579.250470659240      
    8417.081101830630     
 dudt=   -784609.7720323385     
 ---------------------
 rk4
 istep=     13000001
 grad_b=   0.7953529662637758        8.2239731163805743E-003 
   0.1620357198842272     
 bsub=   4.2406613485378497E-002   9.2523060740902316E-002 
    1.520041063888147     
 bsup=    0.000000000000000       -0.4453232031070247      
    1.077835844903516     
 b_abs=    1.264065179929183     
 g=  -9.2032865827343796E-003
 j=    0.000000000000000         403.8062604051535      
   -163.7886516485568     
 v_perp_2=    20660624.17425094     
 b_n=  -1.7304952995931158E-005  -0.4536732391698817      
    1.078344570140358     
 b_para_n=    1.264065162930020     
 dxdt=  -0.1481545563264027        -3511.357872235531      
    8330.027697107013     
 dudt=   -1105431.232238323     
 ---------------------
 rk4
 istep=     14000001
 grad_b=  -0.6402910554408214       -1.0281766650796640E-002 
   1.8291759600318466E-002
 bsub=   2.7094009630378002E-002  -2.3048819052989111E-002 
    1.012375016173444     
 bsup=    0.000000000000000       -0.3373234401264215      
   0.9487489579848172     
 b_abs=   0.9837427928606575     
 g=  -1.8535010596313684E-002
 j=    0.000000000000000        -302.3972236641142      
   -27.38653160262970     
 v_perp_2=    16078674.97748805     
 b_n=  -5.8226675986116050E-005  -0.3335414910598459      
   0.9488366174783853     
 b_para_n=   0.9837427900422335     
 dxdt=  -0.6392589978791849        -3386.109616493670      
    9641.446478107355     
 dudt=   -172978.0402316782     
 ---------------------
 rk4
 istep=     15000001
 grad_b=  -0.4714066527101958       -7.1375563125488720E-003 
  -2.4550064357739848E-002
 bsub=   3.0822443568716783E-002  -5.3688526149441723E-002 
   0.9104063928352539     
 bsup=    0.000000000000000       -0.2901721024085863      
    1.058070481130227     
 b_abs=   0.9891664142086102     
 g=  -1.4556634816792490E-002
 j=    0.000000000000000         544.9014110334099      
   -112.6837734217646     
 v_perp_2=    16167124.99659394     
 b_n=  -5.7362157029623758E-005  -0.2870279173786139      
    1.058257822954302     
 b_para_n=   0.9891663965090953     
 dxdt=  -0.6263354174718743        -2896.717894247610      
    10689.69091570725     
 dudt=    197490.2719767062     
 ---------------------
 rk4
 istep=     16000001
 grad_b=   6.1784956676670111E-002   6.7955587596894004E-002 
   0.1094954581859590     
 bsub=  -4.3250079937604408E-002   1.1949483169956667E-002 
   0.9816054898072009     
 bsup=    0.000000000000000       -7.2662375309086147E-002 
    1.140044618177074     
 b_abs=    1.057874408870958     
 g=  -1.0204259913526475E-002
 j=    0.000000000000000         472.6875242894943      
   -86.08637499894508     
 v_perp_2=    17289873.42492785     
 b_n=   5.9523224717455785E-004  -7.3257430655185113E-002 
    1.140078078371094     
 b_para_n=    1.057874399667621     
 dxdt=    6.079863595222002        -688.5053191068496      
    10707.36133185710     
 dudt=   -926149.5227130038     
 ---------------------
 rk4
 istep=     17000001
 grad_b=   4.0954440680668197E-002  -2.4164580499951710E-003 
   8.5966776350599849E-002
 bsub=  -3.2671673691211364E-002   1.6224050712959712E-002 
   0.9855569694436417     
 bsup=    0.000000000000000        0.1635763037185961      
    1.069091227143954     
 b_abs=    1.027700594189611     
 g=  -1.3768739203863780E-002
 j=    0.000000000000000         608.5391059717767      
   -123.8142182458406     
 v_perp_2=    16796513.31618709     
 b_n=  -2.7058107821543802E-005   0.1632670450344409      
    1.069095406613667     
 b_para_n=    1.027700580285366     
 dxdt=  -0.2844372784161696         1582.070142764562      
    10361.28153307850     
 dudt=   -727658.4945229378     
 ---------------------
 rk4
 istep=     18000001
 grad_b=   0.5062077534226216        4.3193537174202358E-002 
  -0.1556267730601740     
 bsub=  -4.4543870597085582E-003   4.1374000165439517E-002 
    1.132144746764088     
 bsup=    0.000000000000000        0.7088978166169637      
    1.038914389720651     
 b_abs=    1.098253960667220     
 g=  -1.1427595313229481E-002
 j=    0.000000000000000         1377.596547437666      
   -94.11899578080397     
 v_perp_2=    17949397.22868399     
 b_n=   4.1591268745172684E-004   0.7045960210540135      
    1.039073229173495     
 b_para_n=    1.098253955318448     
 dxdt=    4.093180667158010         6349.211137156700      
    9368.597712143073     
 dudt=    975207.5557575971     
 ---------------------
 rk4
 istep=     19000001
 grad_b=   0.6231035804757414       -5.8208498745293158E-002 
  -0.1547267870281651     
 bsub=   1.8178258034052146E-002   7.2254694872914776E-002 
    1.209449269755254     
 bsup=    0.000000000000000       -0.2090259502429760      
    1.132526816164789     
 b_abs=    1.164322362070486     
 g=  -8.6847202973570053E-003
 j=    0.000000000000000         229.9184060321195      
   -130.3584100304388     
 v_perp_2=    19028965.12100320     
 b_n=  -5.1818771544063504E-004  -0.2156447496796366      
    1.132930010753498     
 b_para_n=    1.164322348600987     
 dxdt=   -4.812642917333041        -1829.332278038584      
    9582.217581197750     
 dudt=    1144464.761644035     
 ---------------------
 rk4
 istep=     20000001
 grad_b=  -0.9209816022536378       -1.2758158623849332E-002 
  -4.7366479953911869E-002
 bsub=  -6.7256426215644063E-003  -7.9734765798881307E-002 
   0.9971070723108271     
 bsup=    0.000000000000000       -0.4967562892039710      
   0.9501081388923066     
 b_abs=   0.9936732223543445     
 g=  -1.7091149192241063E-002
 j=    0.000000000000000         1158.746911882599      
   -80.08617472089480     
 v_perp_2=    16239762.13870258     
 b_n=  -1.0215230218298209E-004  -0.4910681293424134      
   0.9505622870033829     
 b_para_n=   0.9936731994483436     
 dxdt=   -1.110368990478202        -4931.366405281776      
    9555.042653192098     
 dudt=    317971.2928326597     
 ---------------------
 rk4
 istep=     21000001
 grad_b=   -1.043590346439967        5.9448609614368139E-002 
  -9.0282075801144016E-002
 bsub=  -5.1262379807487189E-003  -6.8095818121652704E-002 
    1.134945505969087     
 bsup=    0.000000000000000       -0.6446691577251910      
   0.8907646458876177     
 b_abs=    1.027055628842980     
 g=  -1.9799194599724686E-002
 j=    0.000000000000000         1048.687148549207      
    29.49275294388700     
 v_perp_2=    16785135.83581757     
 b_n=   3.0596618787018801E-004  -0.6387571651303640      
   0.8911207383949523     
 b_para_n=    1.027055624133344     
 dxdt=    3.218352107694796        -6189.991411163694      
    8642.624342641686     
 dudt=    944765.1058449948     
 ---------------------
 rk4
 istep=     22000001
 grad_b=   0.6810483978548798        9.0190115970516863E-003 
  -0.1521361934113071     
 bsub=  -7.9915003816010466E-002   0.1117260869988177      
    1.822865353566038     
 bsup=    0.000000000000000       -0.9195880914872407      
    1.056563556836307     
 b_abs=    1.350148510233678     
 g=  -1.0808990930415877E-002
 j=    0.000000000000000         1192.087181846282      
   -126.8979054040837     
 v_perp_2=    22065165.13125891     
 b_n=   1.7206880530248634E-004  -0.9259138445060227      
    1.056958809974046     
 b_para_n=    1.350148503374678     
 dxdt=    1.380263435199764        -6651.976764033627      
    7587.678771542291     
 dudt=    1023042.206311893     
 ---------------------
 rk4
 istep=     23000001
 grad_b=   0.4258385016237903       -7.6314895124268187E-002 
  -0.2186279810430756     
 bsub=   2.7924967786146879E-002   0.1532467368778405      
    1.923518322256711     
 bsup=    0.000000000000000        -1.454147768006718      
    1.073487895926986     
 b_abs=    1.356617669236820     
 g=  -7.7911040144491052E-003
 j=    0.000000000000000        -689.9688508613175      
    449.9544159150977     
 v_perp_2=    22170621.29439984     
 b_n=  -8.0064487113711219E-004   -1.459979841125678      
    1.073964197849155     
 b_para_n=    1.356617721806731     
 dxdt=   -6.392186948068710        -10429.50516958484      
    7668.748426639399     
 dudt=    745210.5615398973     
 ---------------------
 rk4
 istep=     24000001
 grad_b=  -0.8887983217071946        0.1201557080724565      
  -0.1329802526604943     
 bsub=   3.4387084314433249E-002  -0.2025468917025414      
    1.486820331776815     
 bsup=    0.000000000000000        -1.142052409001054      
   0.8901311885769327     
 b_abs=    1.246950296945504     
 g=  -1.8432001259331601E-002
 j=    0.000000000000000         38.51670950245992      
   -232.8380780013724     
 v_perp_2=    20378109.34640205     
 b_n=   5.4154360895926693E-004   -1.137351725961475      
   0.8907590049434596     
 b_para_n=    1.246950267678556     
 dxdt=    4.699336773398290        -8915.239541662693      
    6985.900059977707     
 dudt=    1674903.301015015     
 ---------------------
 rk4
 istep=     25000001
 grad_b=  -0.7165614725132080       -9.1930651242528971E-002 
   9.3690726583106065E-002
 bsub=  -3.2066389894229830E-002  -0.2233343317218033      
    1.512468167342175     
 bsup=    0.000000000000000        -1.223279727108504      
   0.8979796968522502     
 b_abs=    1.277328330038522     
 g=  -1.7698202084414444E-002
 j=    0.000000000000000         246.9806701806096      
   -218.6797735498282     
 v_perp_2=    20874311.56625485     
 b_n=  -4.1737510118906271E-004   -1.219460741449792      
   0.8985347420278559     
 b_para_n=    1.277328299711413     
 dxdt=   -3.536599876495066        -9308.183672034955      
    6861.367496716234     
 dudt=   -1257576.316240369     
 ---------------------
 rk4
 istep=     26000001
 grad_b=   0.4087987091479285        7.5709724261039932E-002 
   0.2207076358742658     
 bsub=  -2.5947479453999660E-002   0.1629701447089278      
    2.005019011619474     
 bsup=    0.000000000000000        -1.533850454384468      
    1.073519846065588     
 b_abs=    1.378455816057974     
 g=  -7.6672000201576506E-003
 j=    0.000000000000000        -1123.759538718941      
    536.9797534568810     
 v_perp_2=    22526661.77369252     
 b_n=   8.0415804567479307E-004   -1.539580756053960      
    1.073996059182900     
 b_para_n=    1.378455875825666     
 dxdt=    6.319799214708613        -10803.09539525357      
    7533.154874313053     
 dudt=   -716094.8769472991     
 ---------------------
 rk4
 istep=     27000001
 grad_b=   0.5354353968287994       -2.7403499033709294E-002 
   0.1103657195216463     
 bsub=   8.7383670087440884E-002   0.1092835283659921      
    1.874454535839536     
 bsup=    0.000000000000000       -0.9769448082650179      
    1.053861723988997     
 b_abs=    1.367114803018313     
 g=  -1.1325978227598040E-002
 j=    0.000000000000000         2209.464671794555      
   -373.2736242502197     
 v_perp_2=    22341057.15567131     
 b_n=  -3.0336451604987371E-004  -0.9816987647162764      
    1.054153006378210     
 b_para_n=    1.367114771825755     
 dxdt=   -2.403634360522074        -6953.423250844899      
    7462.556212639366     
 dudt=   -855159.0438958824     
 ---------------------
 rk4
 istep=     28000001
 grad_b=   -1.104563931971039       -7.8176913933842546E-002 
   0.1120913623415344     
 bsub=  -1.9969752952460722E-003  -8.1834934888051603E-002 
    1.187600136948124     
 bsup=    0.000000000000000       -0.7021226941127130      
   0.8814278484069366     
 b_abs=    1.050789255754642     
 g=  -2.0025034263309177E-002
 j=    0.000000000000000        -371.2129410341094      
    258.5234654138136     
 v_perp_2=    17171534.65083170     
 b_n=  -3.9355216456897089E-004  -0.6959536672584343      
   0.8818523161594939     
 b_para_n=    1.050789295690409     
 dxdt=   -4.046757961619611        -6579.170551779449      
    8343.329673219567     
 dudt=   -1195063.873188322     
 ---------------------
 rk4
 istep=     29000001
 grad_b=   -1.034155656687712        1.8533074225088899E-002 
   7.4066623446377849E-002
 bsub=  -7.1169674582604106E-004  -8.1563961184445602E-002 
    1.039630394710481     
 bsup=    0.000000000000000       -0.5620130863199054      
   0.9242020382267212     
 b_abs=    1.003286391589606     
 g=  -1.7528974688083385E-002
 j=    0.000000000000000         694.4486663265941      
   -65.49874015260403     
 v_perp_2=    16395067.74200675     
 b_n=   1.4976163387354940E-004  -0.5556512825470821      
   0.9247012388957253     
 b_para_n=    1.003286375330738     
 dxdt=    1.612366750539415        -5522.152749109076      
    9198.907306963933     
 dudt=   -472644.7087356815     
 ---------------------
 Elapsed time (seconds):     149.6527520000000     

real	2m29.663s
user	2m29.358s
sys	0m0.013s
>>> [PID 3852730] DONE  u=10000, v_perp=-4000, out=bounce/dat147.dat
