>>> [PID 3854379] START u=6500, v_perp=-3000, out=bounce/dat161.dat, dt=5.00E-09, steps=30000000
 outer boundary:   8.3000000000000462E-002
 rk4
 istep=            1
 grad_b=  -0.5028809657318891        4.9305601424170231E-003 
  -7.9803769534457919E-003
 bsub=   8.6927611894508858E-003   4.2252127597269665E-002 
    1.020727898640603     
 bsup=    0.000000000000000        0.5002877605298784      
   0.9181488145171055     
 b_abs=   0.9787595355988230     
 g=  -1.6418858862873611E-002
 j=    0.000000000000000         576.0999194865929      
    59.07531688918748     
 v_perp_2=    8999998.515595840     
 b_n=   2.3215866439336565E-005   0.5025066779006180      
   0.9180567739249937     
 b_para_n=   0.9787595431488727     
 dxdt=   0.1705992634376678         3338.746094812875      
    6096.804320459736     
 dudt=    22831.74940439962     
 ---------------------
 rk4
 istep=      1000001
 grad_b=   0.4071044814327294       -6.4077922888661459E-002 
  -0.1741856043819999     
 bsub=   2.6081026874758988E-002   0.1708323743341179      
    2.093906851360396     
 bsup=    0.000000000000000        -1.616946691453066      
    1.076661132605981     
 b_abs=    1.406190678443227     
 g=  -7.5431890407867061E-003
 j=    0.000000000000000        -1729.496882781055      
    427.8165607133628     
 v_perp_2=    12930294.86931633     
 b_n=  -4.5335027055689881E-004   -1.620667585972239      
    1.076970366911024     
 b_para_n=    1.406190703151155     
 dxdt=   -2.332436391642120        -7137.218500273507      
    4741.236809750726     
 dudt=    274409.3555548177     
 ---------------------
 rk4
 istep=      2000001
 grad_b=   1.5284579253864727E-003  -1.2303351931710740E-002 
  -8.2810906726502251E-002
 bsub=   3.5704035038515367E-002   7.2705055718194078E-003 
   0.9685228094324665     
 bsup=    0.000000000000000        0.1057270881863908      
    1.083792662697489     
 b_abs=    1.024697962609906     
 g=  -1.3498394466620846E-002
 j=    0.000000000000000         152.2202754089922      
    19.67012577313142     
 v_perp_2=    9422317.934079474     
 b_n=  -5.4009558090876224E-005   0.1057059197996797      
    1.083794814362449     
 b_para_n=    1.024697964242157     
 dxdt=  -0.3792787739129558         667.1531387778970      
    6840.426668493466     
 dudt=    408526.5479010594     
 ---------------------
 rk4
 istep=      3000001
 grad_b=  -0.9128795889763492        6.6436414658200785E-002 
  -0.1317735892040300     
 bsub=   5.8064542214982008E-002  -0.1976270131978978      
    1.523759488169821     
 bsup=    0.000000000000000        -1.212355669160891      
   0.9000574799349066     
 b_abs=    1.269187118199525     
 g=  -1.9395348431104159E-002
 j=    0.000000000000000        -150.6144187255831      
    6.372931513247238     
 v_perp_2=    11670384.05293055     
 b_n=   1.5839801187763551E-004   -1.209441489687167      
   0.9004294059863285     
 b_para_n=    1.269187120226401     
 dxdt=   0.9009194880524546        -5992.950488725820      
    4463.610057755288     
 dudt=    721410.2069835117     
 ---------------------
 rk4
 istep=      4000001
 grad_b=  -4.7635508914870950E-002  -5.1979069213896480E-002 
  -9.0102419762054645E-002
 bsub=   4.1059089570006493E-002  -6.1182319901417620E-003 
   0.9430266858013390     
 bsup=    0.000000000000000        2.4754580873848631E-002 
    1.129144709370103     
 b_abs=    1.031531067935109     
 g=  -1.1392275052880135E-002
 j=    0.000000000000000         187.6790756297972      
    29.28005426608956     
 v_perp_2=    9485052.646866132     
 b_n=  -2.7646281721815756E-004   2.4984505718955975E-002 
    1.129158240508639     
 b_para_n=    1.031531070048095     
 dxdt=   -1.928729548513209         156.6924192065316      
    7074.228030370995     
 dudt=    459188.2352042320     
 ---------------------
 rk4
 istep=      5000001
 grad_b=  -0.5103757564807481       -5.5542923739854609E-002 
   4.5633011326910361E-002
 bsub=  -5.0700843067186894E-003  -0.2403162969304657      
    1.516743347640073     
 bsup=    0.000000000000000        -1.254702710448891      
   0.9006024767923287     
 b_abs=    1.291375079951916     
 g=  -1.6690225480731961E-002
 j=    0.000000000000000         558.6329855105924      
   -53.18410671722575     
 v_perp_2=    11874284.09239529     
 b_n=  -1.7282926093133640E-004   -1.252877451655581      
   0.9008910882090316     
 b_para_n=    1.291375069320700     
 dxdt=  -0.9664335083909064        -6086.603595831199      
    4377.791791787618     
 dudt=   -394421.6743173882     
 ---------------------
 rk4
 istep=      6000001
 grad_b=  -0.3343050752290473        4.0570345668898479E-002 
   5.4708510727928872E-002
 bsub=  -3.5929384834547863E-002  -4.7324918468331187E-002 
   0.8804033222483378     
 bsup=    0.000000000000000       -0.1081501248089978      
    1.135139857373381     
 b_abs=    1.002455683987177     
 g=  -1.1221701228663911E-002
 j=    0.000000000000000         156.6746793068559      
    196.9877684874562     
 v_perp_2=    9217599.529667357     
 b_n=   2.3039947079500793E-004  -0.1063917266974357      
    1.135243796410312     
 b_para_n=    1.002455698067509     
 dxdt=    1.653460520169808        -686.8264596157060      
    7342.101843966296     
 dudt=   -264690.7482744032     
 ---------------------
 rk4
 istep=      7000001
 grad_b=   -1.011276136786421       -0.1077921476847943      
   0.1487367787502440     
 bsub=  -4.4051517836036454E-002  -0.1914265237417664      
    1.480149518088491     
 bsup=    0.000000000000000        -1.122794889370610      
   0.8856656557801101     
 b_abs=    1.235294970448940     
 g=  -1.9445671488326863E-002
 j=    0.000000000000000        -141.9793358885447      
   -112.0757932889620     
 v_perp_2=    11358508.34116404     
 b_n=  -2.9187476046441888E-004   -1.119476394396955      
   0.8860861410752913     
 b_para_n=    1.235294962901253     
 dxdt=   -1.704792736190268        -5721.383865437338      
    4530.798536898194     
 dudt=   -940708.8460295635     
 ---------------------
 rk4
 istep=      8000001
 grad_b=  -0.1987652143731446        1.1864868375595791E-002 
   5.6124639762280965E-002
 bsub=  -3.7781096253127922E-002  -1.7576875316101616E-002 
   0.9346107406970956     
 bsup=    0.000000000000000       -5.6895666313996118E-002 
    1.079034973421827     
 b_abs=    1.004872868849428     
 g=  -1.3990988721957301E-002
 j=    0.000000000000000        -602.8650641498795      
    38.97646819671917     
 v_perp_2=    9239730.971984666     
 b_n=   5.7957504123394716E-005  -5.6014285286418129E-002 
    1.079053896390663     
 b_para_n=    1.004872872817542     
 dxdt=   0.4149420103003353        -360.6726618669247      
    6960.021540458169     
 dudt=   -273985.2178270646     
 ---------------------
 rk4
 istep=      9000001
 grad_b=   0.4056750614531236        7.3564552818301210E-002 
   0.2194388731247084     
 bsub=  -3.5690995600389061E-002   0.1465901240001564      
    1.979216960569535     
 bsup=    0.000000000000000        -1.636427101646728      
    1.073594728874713     
 b_abs=    1.372343325257112     
 g=  -8.0287115209378441E-003
 j=    0.000000000000000        -1650.985567181656      
    340.3294168329006     
 v_perp_2=    12618526.62285503     
 b_n=   4.8779089319337423E-004   -1.639913647370793      
    1.073861768122569     
 b_para_n=    1.372343343981179     
 dxdt=    2.570042723939701        -7429.842427897900      
    4863.779442943746     
 dudt=   -385944.6891852572     
 ---------------------
 rk4
 istep=     10000001
 grad_b=  -0.3764471977981569       -2.1503805548015772E-002 
   3.3663606120539452E-002
 bsub=  -2.4861205904319592E-002   2.2937577316339157E-002 
    1.002735983433455     
 bsup=    0.000000000000000        8.1084316338744467E-002 
   0.9676276199778874     
 b_abs=   0.9857620797880041     
 g=  -1.6593227105176800E-002
 j=    0.000000000000000        -765.1595702297172      
   -12.89167675774947     
 v_perp_2=    9063914.122258792     
 b_n=  -9.4121329320042023E-005   8.2671453777107454E-002 
   0.9675889780042393     
 b_para_n=   0.9857620771098776     
 dxdt=  -0.6867772930423278         545.8369012603288      
    6375.313696573348     
 dudt=   -143786.3501179368     
 ---------------------
 rk4
 istep=     11000001
 grad_b=   0.5441966040915480        4.4958196671961943E-002 
   0.1529836275718476     
 bsub=   2.3905954436354893E-002   0.1834903868355638      
    2.026369168014448     
 bsup=    0.000000000000000        -1.131036944203027      
    1.075534257887798     
 b_abs=    1.404350686758762     
 g=  -8.1340693932395198E-003
 j=    0.000000000000000         466.0367519298231      
   -93.26445994215516     
 v_perp_2=    12912697.12672122     
 b_n=   2.5450806073337446E-004   -1.135474841154164      
    1.075933109777851     
 b_para_n=    1.404350682488041     
 dxdt=    1.311087113136430        -5009.547383836479      
    4744.031815980904     
 dudt=   -372182.8595989199     
 ---------------------
 rk4
 istep=     12000001
 grad_b=   0.7065212675435859        1.3146914910526952E-002 
  -0.1563582449124170     
 bsub=  -1.0261531156901725E-002   5.4835555143066830E-002 
    1.194734483726101     
 bsup=    0.000000000000000        0.5071057831633413      
    1.072688283564595     
 b_abs=    1.144542779513279     
 g=  -1.0227394590708578E-002
 j=    0.000000000000000        -449.8075081495290      
   -119.9066445887805     
 v_perp_2=    10523765.56564793     
 b_n=   1.2099632618426724E-004   0.5029074371244232      
    1.072882006887688     
 b_para_n=    1.144542768758857     
 dxdt=   0.7618138330380821         2801.073361358110      
    5982.286339933199     
 dudt=    646930.8047593546     
 ---------------------
 rk4
 istep=     13000001
 grad_b=   0.1311064127391341       -0.1212941882557192      
   5.8208121372494856E-002
 bsub=   8.7361069379916334E-002  -0.1480222871622786      
    1.586234342426232     
 bsup=    0.000000000000000        -1.153143378519090      
   0.9534701539817247     
 b_abs=    1.297406723484205     
 g=  -1.7498168526891109E-002
 j=    0.000000000000000         431.0739135672692      
   -287.5119090346989     
 v_perp_2=    11929243.78084981     
 b_n=  -4.0932880733710058E-004   -1.153595209669558      
   0.9534505133087209     
 b_para_n=    1.297406698024139     
 dxdt=   -2.278468525266084        -5575.888011837170      
    4608.202934963098     
 dudt=   -692285.7151228660     
 ---------------------
 rk4
 istep=     14000001
 grad_b=   0.6608145359650565       -4.7567834573527666E-002 
  -0.1544953599531896     
 bsub=   1.1912603109930933E-002   7.4368525182999690E-002 
    1.217316541527133     
 bsup=    0.000000000000000       -0.1169017670331722      
    1.128640121372159     
 b_abs=    1.168926578292130     
 g=  -8.7618038137966380E-003
 j=    0.000000000000000         150.3043079553050      
   -83.10459355833922     
 v_perp_2=    10747858.39050549     
 b_n=  -2.5812533875300557E-004  -0.1213855231430901      
    1.128916564533540     
 b_para_n=    1.168926572782162     
 dxdt=   -1.591808531430857        -664.1129819297126      
    6146.497631053022     
 dudt=    663918.1126573826     
 ---------------------
 rk4
 istep=     15000001
 grad_b=   -1.074105841753180       -0.1151275638579894      
   0.1332216569238586     
 bsub=  -1.3602960570228240E-002  -0.1201826005361716      
    1.296440519577620     
 bsup=    0.000000000000000       -0.7999257892566403      
   0.8706278421908575     
 b_abs=    1.106663271613784     
 g=  -2.0251553444044657E-002
 j=    0.000000000000000        -773.5729397854451      
    437.9013359846782     
 v_perp_2=    10175314.94960978     
 b_n=  -3.6020148144355802E-004  -0.7961663634472940      
   0.8709726077681038     
 b_para_n=    1.106663317066053     
 dxdt=   -2.344393117237086        -4608.094196776568      
    5044.259190674425     
 dudt=   -864400.1027383170     
 ---------------------
 rk4
 istep=     16000001
 grad_b=  -0.8003792916113061       -8.7558972876682628E-002 
  -0.1009767204819195     
 bsub=   3.1905968940384402E-002  -8.8501152100538993E-002 
   0.9650107393666261     
 bsup=    0.000000000000000       -0.5400649577247265      
    1.008024761793423     
 b_abs=    1.009966850118686     
 g=  -1.2502066813527536E-002
 j=    0.000000000000000        -169.2028595019725      
   -401.0554650599577     
 v_perp_2=    9286179.287376514     
 b_n=  -4.9651580852120886E-004  -0.5359775400908765      
    1.008416002637419     
 b_para_n=    1.009966819056735     
 dxdt=   -3.537030883540359        -3434.870646406379      
    6468.279514901935     
 dudt=    248076.7855283563     
 ---------------------
 rk4
 istep=     17000001
 grad_b=   -1.262836188889557       -4.4657306040354505E-002 
   0.1385640905416818     
 bsub=  -1.5166402244874266E-002  -9.0951432405803709E-002 
    1.217454788254086     
 bsup=    0.000000000000000       -0.7703219457632110      
   0.8699211979627273     
 b_abs=    1.062756519089504     
 g=  -2.0168503993618050E-002
 j=    0.000000000000000        -610.7050506425969      
   -359.4503654811278     
 v_perp_2=    9771511.688534526     
 b_n=  -1.2353381884119805E-004  -0.7657807752752770      
   0.8702588876759666     
 b_para_n=    1.062756490448173     
 dxdt=  -0.8368037603417557        -4637.444090338260      
    5274.071493031556     
 dudt=   -670234.5472535921     
 ---------------------
 rk4
 istep=     18000001
 grad_b=  -0.8212913510536631       -8.3679307713368373E-004 
  -3.0861588297538767E-002
 bsub=  -1.6721503163718291E-002  -6.6695710824847265E-002 
   0.9917660386940426     
 bsup=    0.000000000000000       -0.4669801394239682      
   0.9530879782201950     
 b_abs=   0.9883076789765640     
 g=  -1.7821212854625488E-002
 j=    0.000000000000000         587.7535019532761      
   -331.4192857006490     
 v_perp_2=    9086937.369818449     
 b_n=  -1.1271298524649024E-005  -0.4637993906126772      
   0.9533016597192487     
 b_para_n=   0.9883076468246216     
 dxdt=  -8.2033903616965692E-002   -3044.970067723101      
    6263.466508895861     
 dudt=    135003.9820860818     
 ---------------------
 rk4
 istep=     19000001
 grad_b=   0.3812664803156024        0.1239899753538255      
   0.2277837053945910     
 bsub=  -5.1228042047499603E-002   7.3311267438918776E-002 
    1.489298882572807     
 bsup=    0.000000000000000       -0.9533094550858825      
    1.072799381745210     
 b_abs=    1.235600758302409     
 g=  -9.1131045976567040E-003
 j=    0.000000000000000        -1189.371803120989      
    305.2228683312046     
 v_perp_2=    11360600.97019112     
 b_n=   7.9763794956888253E-004  -0.9560615285893467      
    1.072962306807929     
 b_para_n=    1.235600778282009     
 dxdt=    4.657736461545293        -4888.936489985301      
    5484.593295098325     
 dudt=   -469411.9215018447     
 ---------------------
 rk4
 istep=     20000001
 grad_b=  -0.8455982277946628        3.1066598471377285E-002 
  -4.8072394991491428E-002
 bsub=  -1.7432264282855055E-002  -4.8967867182661426E-002 
    1.055278211564454     
 bsup=    0.000000000000000       -0.5156230854870840      
   0.9161017297173499     
 b_abs=   0.9960809384684134     
 g=  -1.9377960265896534E-002
 j=    0.000000000000000        -294.2019102448540      
   -278.9911051497375     
 v_perp_2=    9158314.058407487     
 b_n=   1.0742313198589208E-004  -0.5124700236680112      
   0.9162497924395766     
 b_para_n=   0.9960809143979886     
 dxdt=   0.7758017586371452        -3335.655671976422      
    5967.948506754965     
 dudt=    277183.2556551666     
 ---------------------
 rk4
 istep=     21000001
 grad_b=   0.7125384239613078        4.2568778089186271E-002 
   0.1629550169179105     
 bsub=   1.8424634249546115E-002   0.1274069795783797      
    1.586845873399626     
 bsup=    0.000000000000000       -0.6080366584989432      
    1.099989102531336     
 b_abs=    1.291799617202642     
 g=  -8.3319636979617955E-003
 j=    0.000000000000000         68.11159527610907      
   -187.1087927402400     
 v_perp_2=    11877191.39157827     
 b_n=   2.2090009951382440E-004  -0.6133607422960217      
    1.100413993844046     
 b_para_n=    1.291799602954416     
 dxdt=    1.234837827410171        -2983.233489341124      
    5345.452174263289     
 dudt=   -545782.3687561797     
 ---------------------
 rk4
 istep=     22000001
 grad_b=   0.7261837973446073        6.3543800784994553E-002 
  -0.1561510289442812     
 bsub=  -7.6445552974466771E-002   1.8949807225510540E-002 
    1.567072586756733     
 bsup=    0.000000000000000       -0.5743881009242127      
    1.014433307821576     
 b_abs=    1.256489063848881     
 g=  -1.2961327237433751E-002
 j=    0.000000000000000        -782.8997439994912      
    626.4795669104650     
 v_perp_2=    11552477.15989975     
 b_n=   3.3028655567939014E-004  -0.5780153168093716      
    1.014493322731543     
 b_para_n=    1.256489114577558     
 dxdt=    1.897193182778020        -2901.073199330144      
    5087.165910956037     
 dudt=    713098.0468219972     
 ---------------------
 rk4
 istep=     23000001
 grad_b=   0.7306314970326188       -7.3893325562901541E-002 
   0.1573257215796389     
 bsub=   7.1395019140148591E-002   1.0081487811411181E-002 
    1.525731947785826     
 bsup=    0.000000000000000       -0.4706037844333737      
    1.008859362889292     
 b_abs=    1.238860674507923     
 g=  -1.3269522955383075E-002
 j=    0.000000000000000        -963.9770295241050      
    604.0272330102021     
 v_perp_2=    11390337.45867038     
 b_n=  -3.7077772195863272E-004  -0.4741826820504074      
    1.008900401150912     
 b_para_n=    1.238860723820632     
 dxdt=   -2.159526634839731        -2419.123776499785      
    5141.562750209040     
 dudt=   -718004.9379932383     
 ---------------------
 rk4
 istep=     24000001
 grad_b=   0.6902414631655338       -4.8657337700481626E-002 
  -0.1667069785588096     
 bsub=  -1.7408987728443584E-002   0.1347860232358112      
    1.627346825546146     
 bsup=    0.000000000000000       -0.6646002849660134      
    1.096905997349179     
 b_abs=    1.302335923793409     
 g=  -8.3223167368228681E-003
 j=    0.000000000000000        -135.4517288510968      
   -132.1376388542504     
 v_perp_2=    11973881.63497802     
 b_n=  -2.6342071503335885E-004  -0.6698041826376762      
    1.097334186359018     
 b_para_n=    1.302335912461004     
 dxdt=   -1.460853584489580        -3227.031053996880      
    5280.876422443183     
 dudt=    531332.6151907614     
 ---------------------
 rk4
 istep=     25000001
 grad_b=  -0.8004073716528495       -2.1844949399951300E-002 
   3.8566666141738537E-002
 bsub=   2.0164645889205107E-002  -4.6065560825235011E-002 
    1.035380963607352     
 bsup=    0.000000000000000       -0.4782634348173321      
   0.9270664676452411     
 b_abs=   0.9908973706594697     
 g=  -1.9107428144331993E-002
 j=    0.000000000000000        -723.5330506215781      
   -247.6178962787560     
 v_perp_2=    9110417.969580250     
 b_n=  -7.5440698159771351E-005  -0.4752608758893259      
   0.9272015064290411     
 b_para_n=   0.9908973512732054     
 dxdt=  -0.5476464677588719        -3111.371058710542      
    6074.316420187911     
 dudt=   -214341.5703317048     
 ---------------------
 rk4
 istep=     26000001
 grad_b=   0.3399315231059394       -0.1337779652478403      
  -0.2399116115946789     
 bsub=   5.3482559640776799E-002   6.7564153259511775E-002 
    1.511083164160978     
 bsup=    0.000000000000000        -1.048545328608537      
    1.062327073224665     
 b_abs=    1.238664309466501     
 g=  -9.4573013393550523E-003
 j=    0.000000000000000        -1425.491878165685      
    397.9454760411857     
 v_perp_2=    11388355.38183227     
 b_n=  -8.4639454791272668E-004   -1.050942018490385      
    1.062464214260133     
 b_para_n=    1.238664336786599     
 dxdt=   -4.930439513952669        -5358.511659682957      
    5415.596390063209     
 dudt=    425285.2966486944     
 ---------------------
 rk4
 istep=     27000001
 grad_b=  -0.7657905551591753        2.1246004727318510E-003 
   2.1279442044201270E-002
 bsub=   1.9161951616999233E-002  -6.5686177275247004E-002 
   0.9741452723700545     
 bsup=    0.000000000000000       -0.4396749356091423      
   0.9679312201973824     
 b_abs=   0.9859630791044048     
 g=  -1.7426163588330310E-002
 j=    0.000000000000000         148.9423336068953      
   -133.3689249037569     
 v_perp_2=    9064958.874678567     
 b_n=   1.3907877512293685E-005  -0.4366811169713500      
   0.9681328060457063     
 b_para_n=   0.9859630668335857     
 dxdt=   0.1014613717095803        -2874.504423684195      
    6377.687635038697     
 dudt=   -91677.31566338065     
 ---------------------
 rk4
 istep=     28000001
 grad_b=   -1.261344974470330        5.6759377738584735E-002 
  -0.1437804812865033     
 bsub=   1.8260957064175982E-002  -9.7891974883557942E-002 
    1.247882394322428     
 bsup=    0.000000000000000       -0.7899146707535318      
   0.8676686850935419     
 b_abs=    1.077274710838181     
 g=  -2.0392970093620205E-002
 j=    0.000000000000000        -310.9928686800077      
   -242.5579409582677     
 v_perp_2=    9904419.915272871     
 b_n=   1.6131493772086596E-004  -0.7854482701294826      
   0.8680166807478693     
 b_para_n=    1.077274691008307     
 dxdt=    1.078186929059333        -4685.001931426327      
    5181.279424834374     
 dudt=    723678.3096576345     
 ---------------------
 rk4
 istep=     29000001
 grad_b=  -0.7779468663739284        8.6931764090754343E-002 
   9.7973778453069399E-002
 bsub=  -3.3790733431971996E-002  -8.6828968340067425E-002 
   0.9453787790672682     
 bsup=    0.000000000000000       -0.5526144829393383      
    1.026193946695957     
 b_abs=    1.008980912138896     
 g=  -1.1952061618960147E-002
 j=    0.000000000000000         309.8990561110123      
   -394.1431762402397     
 v_perp_2=    9276486.737948135     
 b_n=   5.0516901679920284E-004  -0.5485362262135779      
    1.026586537622344     
 b_para_n=    1.008980878714034     
 dxdt=    3.602147626498388        -3519.274072491408      
    6592.021936717618     
 dudt=   -239193.3440188038     
 ---------------------
 Elapsed time (seconds):     153.4833250000000     

real	2m33.493s
user	2m33.263s
sys	0m0.014s
>>> [PID 3854379] DONE  u=6500, v_perp=-3000, out=bounce/dat161.dat
