>>> [PID 3856674] START u=4000, v_perp=-2000, out=bounce/dat177.dat, dt=5.00E-09, steps=30000000
 outer boundary:   8.3000000000000462E-002
 rk4
 istep=            1
 grad_b=  -0.5028816287745106        4.9311966575136257E-003 
  -7.9817252788776244E-003
 bsub=   8.6925869296114663E-003   4.2252225731412851E-002 
    1.020727515641085     
 bsup=    0.000000000000000        0.5003002096903449      
   0.9181486984056999     
 b_abs=   0.9787595976787327     
 g=  -1.6418795782259431E-002
 j=    0.000000000000000         576.0999206154099      
    59.08469688618528     
 v_perp_2=    3999999.593973354     
 b_n=   1.4288617222609512E-005   0.5016657036299659      
   0.9180920576134024     
 b_para_n=   0.9787596023254439     
 dxdt=   6.5694147963933427E-002    2050.907665883399      
    3752.034663406305     
 dudt=    10149.23255345173     
 ---------------------
 rk4
 istep=      1000001
 grad_b=   0.5316056081275871       -8.3706945382764492E-002 
  -0.1771738891276748     
 bsub=   3.1230176892045897E-002   8.4689068346181728E-002 
    1.310759748879603     
 bsup=    0.000000000000000       -0.5312744047094513      
    1.130565833917293     
 b_abs=    1.198688429820125     
 g=  -7.7850137340836388E-003
 j=    0.000000000000000         130.4472284482476      
    487.7883650409899     
 v_perp_2=    4898796.963423271     
 b_n=  -3.4423019233619889E-004  -0.5338269701775252      
    1.130738979668694     
 b_para_n=    1.198688452945771     
 dxdt=   -1.296967214629512        -1731.955233189800      
    3665.832358764307     
 dudt=    265652.4413054245     
 ---------------------
 rk4
 istep=      2000001
 grad_b=  -0.6238166351142549        0.1358717935680103      
  -0.1093452784762491     
 bsub=   1.0752277648779330E-002  -0.2248402186517217      
    1.480997309209483     
 bsup=    0.000000000000000        -1.155575442669007      
   0.8904296599327510     
 b_abs=    1.256282048844757     
 g=  -1.7472696307244340E-002
 j=    0.000000000000000        -127.3375247362586      
   -256.9232535743653     
 v_perp_2=    5134159.692136658     
 b_n=   2.5837310678995394E-004   -1.154225816628592      
   0.8906326703742333     
 b_para_n=    1.256282037543897     
 dxdt=   0.9298989670173237        -3541.690972711670      
    2733.526561988825     
 dudt=    413751.7106424893     
 ---------------------
 rk4
 istep=      3000001
 grad_b=   0.6306743233301738        6.1936404790784272E-002 
   0.1787872386893830     
 bsub=   1.4506995858457699E-002   0.1511959718249274      
    1.716568775221993     
 bsup=    0.000000000000000       -0.7744398332094053      
    1.091047425000616     
 b_abs=    1.325177441978862     
 g=  -8.1945314268803606E-003
 j=    0.000000000000000        -523.6483688166225      
   -20.35112610540018     
 v_perp_2=    5415708.786559475     
 b_n=   2.2012249513535563E-004  -0.7774382665308787      
    1.091309665236674     
 b_para_n=    1.325177438716624     
 dxdt=   0.7521362230069274        -2242.050675767211      
    3145.111221161262     
 dudt=   -226823.0896246558     
 ---------------------
 rk4
 istep=      4000001
 grad_b=  -0.1172726550965568        5.1965720338474283E-003 
  -6.7540049727632889E-002
 bsub=   3.4444652049694435E-002   2.7164445164011286E-003 
   0.9644658121099829     
 bsup=    0.000000000000000        3.3987173775402724E-002 
    1.054792006260684     
 b_abs=    1.008545304364735     
 g=  -1.4638773366332644E-002
 j=    0.000000000000000        -681.2719073107335      
    188.3609203048603     
 v_perp_2=    4121695.031434304     
 b_n=   1.4545233644644746E-005   3.4297280475361049E-002 
    1.054790623056420     
 b_para_n=    1.008545313625532     
 dxdt=   6.4926980724876224E-002    135.6674790916583      
    4167.473430484438     
 dudt=    143981.2108617651     
 ---------------------
 rk4
 istep=      5000001
 grad_b=  -0.9316187101510363       -5.4021666568163498E-002 
  -7.9179928845998337E-002
 bsub=   1.4842445807566058E-002  -9.6013733593216674E-002 
   0.9875104422187881     
 bsup=    0.000000000000000       -0.5143112493093902      
   0.9612646586032093     
 b_abs=   0.9989849764880674     
 g=  -1.4810421428505076E-002
 j=    0.000000000000000        -148.6034715922932      
    470.5127148406759     
 v_perp_2=    4082615.200783451     
 b_n=  -1.7211384748771512E-004  -0.5117166494027033      
   0.9615195389039815     
 b_para_n=   0.9989850016574675     
 dxdt=  -0.7755249009693987        -2042.320732746023      
    3840.163945473370     
 dudt=    98854.85544146734     
 ---------------------
 rk4
 istep=      6000001
 grad_b=  -0.3507910497030305        0.1004260070931345      
  -5.4871714676491740E-002
 bsub=  -2.9129311934315904E-002  -0.2393083760365913      
    1.496747343534902     
 bsup=    0.000000000000000        -1.233265753241864      
   0.9014452184910655     
 b_abs=    1.282381449998057     
 g=  -1.7749046391250904E-002
 j=    0.000000000000000        -553.7104182946302      
   -22.38275106472564     
 v_perp_2=    5240781.181702565     
 b_n=   1.8889171118719291E-004   -1.232540611907215      
   0.9015648369295490     
 b_para_n=    1.282381453038704     
 dxdt=   0.6663526532570885        -3692.073414662301      
    2700.981768512930     
 dudt=    276166.2555127685     
 ---------------------
 rk4
 istep=      7000001
 grad_b=   0.7056178717238130        1.7502594792217469E-002 
   0.1768190959947271     
 bsub=   5.7579464080254730E-002   0.1344134532144939      
    1.779049125453844     
 bsup=    0.000000000000000       -0.8121078224378986      
    1.070612443239967     
 b_abs=    1.339692385707876     
 g=  -9.7030100277237311E-003
 j=    0.000000000000000        -665.0218875247542      
    573.0318074356167     
 v_perp_2=    5474985.139937185     
 b_n=   1.6876057033425064E-005  -0.8149585959527194      
    1.070827302614049     
 b_para_n=    1.339692411671610     
 dxdt=   5.7057316838773561E-002   -2319.930423627236      
    3046.414909129799     
 dudt=   -267057.7030119894     
 ---------------------
 rk4
 istep=      8000001
 grad_b=  -0.2003369840331906       -1.6172462795600088E-002 
  -5.7567131350903078E-002
 bsub=   3.7429331391429774E-002  -1.9869466915553025E-002 
   0.9300552651576974     
 bsup=    0.000000000000000       -6.3856249622368355E-002 
    1.083382954212385     
 b_abs=    1.004537689694550     
 g=  -1.3822221825335768E-002
 j=    0.000000000000000        -576.9235449354665      
    17.01258601592734     
 v_perp_2=    4105284.632843474     
 b_n=  -4.8398085779733319E-005  -6.3305559778249990E-002 
    1.083396668284825     
 b_para_n=    1.004537691111769     
 dxdt=  -0.2168883122510407        -250.9653802659933      
    4299.800904436310     
 dudt=    124763.1743396622     
 ---------------------
 rk4
 istep=      9000001
 grad_b=  -0.8087683725703541       -2.9950278333159344E-003 
  -2.7874262594949024E-002
 bsub=  -1.5519465421748799E-002  -7.1852496814815689E-002 
   0.9804053191977895     
 bsup=    0.000000000000000       -0.4648737144249627      
   0.9562807343254320     
 b_abs=   0.9856216356201851     
 g=  -1.7585989551643984E-002
 j=    0.000000000000000         628.7766115697168      
   -208.0397606447362     
 v_perp_2=    4027970.324108480     
 b_n=  -1.2087702376524111E-005  -0.4629320981931231      
   0.9564228276983653     
 b_para_n=   0.9856216221456552     
 dxdt=  -5.5193566010895416E-002   -1876.106065795613      
    3878.179457389048     
 dudt=    52375.27341369954     
 ---------------------
 rk4
 istep=     10000001
 grad_b=  -4.4472602560657548E-002   0.1046856444643263      
   0.1003620321828399     
 bsub=  -8.5280930423901113E-002   8.9956671733040061E-002 
    1.916177698355860     
 bsup=    0.000000000000000        -1.112487461532417      
    1.043181252731974     
 b_abs=    1.378101621048027     
 g=  -1.2717575488483370E-002
 j=    0.000000000000000        -1291.971179921145      
   -202.3778675831649     
 v_perp_2=    5631920.312351034     
 b_n=   3.1452276035753499E-004   -1.112361647893110      
    1.043189334859457     
 b_para_n=    1.378101607823346     
 dxdt=    1.034657843711434        -3059.528482920507      
    2869.339407609393     
 dudt=    17445.40167590194     
 ---------------------
 rk4
 istep=     11000001
 grad_b=   0.3510239628913644       -0.1582763006586590      
   0.1156831441602265     
 bsub=   7.3689747377644610E-002  -0.1169118064315172      
    1.515395901549556     
 bsup=    0.000000000000000       -0.8999733527424956      
   0.9518782370019088     
 b_abs=    1.243942860990108     
 g=  -1.7570758072400786E-002
 j=    0.000000000000000        -206.4006371868651      
   -700.0009838820198     
 v_perp_2=    5083640.376446412     
 b_n=  -3.3633490925007100E-004  -0.9007511884115356      
   0.9518345546538847     
 b_para_n=    1.243942826975291     
 dxdt=   -1.222190395534159        -2797.046895553754      
    2955.214952179656     
 dudt=   -414866.5417609807     
 ---------------------
 rk4
 istep=     12000001
 grad_b=  -0.3247058146627760       -2.6756087455867154E-002 
  -4.7262830010210505E-002
 bsub=   3.5043944312946912E-002  -4.4748151829782576E-002 
   0.8939099180508747     
 bsup=    0.000000000000000       -0.1574643041571901      
    1.103925303267489     
 b_abs=   0.9972643141851408     
 g=  -1.2797437329453407E-002
 j=    0.000000000000000         150.0884978318201      
   -197.7994057218548     
 v_perp_2=    4075528.316974953     
 b_n=  -8.5388721857721157E-005  -0.1565176583182887      
    1.103976028014741     
 b_para_n=   0.9972643045039730     
 dxdt=  -0.3854057268722735        -625.8198494301689      
    4417.580163372442     
 dudt=    98271.27460040817     
 ---------------------
 rk4
 istep=     13000001
 grad_b=  -0.7488064862922670        2.6106182212212517E-003 
  -2.1611336623885480E-002
 bsub=  -2.1198880617003896E-002  -5.8091902773543522E-002 
   0.9872763249034031     
 bsup=    0.000000000000000       -0.4409256440703064      
   0.9555642135269447     
 b_abs=   0.9844170408141715     
 g=  -1.8098545426142913E-002
 j=    0.000000000000000        -142.1917657912055      
   -200.9468604415976     
 v_perp_2=    4023016.065318563     
 b_n=   3.1518063261169303E-006  -0.4391619737664094      
   0.9556680462908418     
 b_para_n=   0.9844170305044763     
 dxdt=   1.4408799017907377E-002   -1782.269466440157      
    3880.442810980582     
 dudt=    45254.54677600800     
 ---------------------
 rk4
 istep=     14000001
 grad_b=   0.4714456435519243       -1.9587998891475999E-002 
  -7.7819000185498963E-002
 bsub=  -2.0221134644922555E-002   0.1877344879812616      
    2.107169317769465     
 bsup=    0.000000000000000        -1.313809194363651      
    1.076953763133306     
 b_abs=    1.422811597819358     
 g=  -7.6954878143442630E-003
 j=    0.000000000000000         392.5418203622336      
   -293.9295288713637     
 v_perp_2=    5814591.783042924     
 b_n=  -6.7443944563590387E-005   -1.316317766588587      
    1.077176603669175     
 b_para_n=    1.422811584473115     
 dxdt=  -0.2151223164184090        -3485.811236534087      
    2851.535958725801     
 dudt=    83399.94063490994     
 ---------------------
 rk4
 istep=     15000001
 grad_b=  -0.9916779571116016       -0.1178162909587208      
   0.1157997054194662     
 bsub=  -2.5777336523748083E-003  -9.8871454109306270E-002 
    1.230346321693240     
 bsup=    0.000000000000000       -0.7230035621594941      
   0.8741454630909522     
 b_abs=    1.070860831762313     
 g=  -2.0470787600567364E-002
 j=    0.000000000000000        -666.8151078174513      
    279.8207106819417     
 v_perp_2=    4376269.121565825     
 b_n=  -2.3517302705373412E-004  -0.7208548739324531      
   0.8743176565762274     
 b_para_n=    1.070860850350367     
 dxdt=  -0.9896265250276527        -2659.658225177504      
    3227.309081722090     
 dudt=   -355688.3735182452     
 ---------------------
 rk4
 istep=     16000001
 grad_b=  -0.6982991161124223        5.3298238674870255E-002 
   5.3688006213492442E-002
 bsub=  -2.9823123924627611E-002  -8.5802597941530265E-002 
   0.8358343834321750     
 bsup=    0.000000000000000       -0.4382077575691257      
    1.134751506271528     
 b_abs=   0.9925390287108886     
 g=  -9.7321628949015825E-003
 j=    0.000000000000000        -398.0492924885966      
   -82.46510559450248     
 v_perp_2=    4056184.621729342     
 b_n=   2.1416885628022147E-004  -0.4356717351641081      
    1.135019481196320     
 b_para_n=   0.9925390268579727     
 dxdt=   0.9711956725599596        -1751.403573215398      
    4566.304772571706     
 dudt=   -77338.70876753960     
 ---------------------
 rk4
 istep=     17000001
 grad_b=  -0.6748428624535948        1.1285841280282576E-002 
  -2.0585676974364406E-002
 bsub=  -2.5406609644390402E-002  -3.3498108594227582E-002 
    1.009756066285982     
 bsup=    0.000000000000000       -0.3898698546479318      
   0.9447605019208232     
 b_abs=   0.9830988890893577     
 g=  -1.8751801202834827E-002
 j=    0.000000000000000        -812.9409321596323      
   -5.565877631806359     
 v_perp_2=    4017597.605008690     
 b_n=   2.4707119245293641E-005  -0.3882961602885118      
   0.9448133311791276     
 b_para_n=   0.9830988902645906     
 dxdt=   0.1131003787422660        -1578.213056889654      
    3842.137377507505     
 dudt=    49568.30975642351     
 ---------------------
 rk4
 istep=     18000001
 grad_b=   0.4009699844040843       -6.0281421724348333E-002 
  -0.1892578995304911     
 bsub=   1.1557878714203752E-002   0.1846063257789943      
    2.089138565608727     
 bsup=    0.000000000000000        -1.492292060817790      
    1.076359543339946     
 b_abs=    1.404460941705516     
 g=  -7.1360485334855022E-003
 j=    0.000000000000000         191.3242754696327      
    258.8212841347166     
 v_perp_2=    5739553.385293174     
 b_n=  -2.5539822868043082E-004   -1.494649260121057      
    1.076569259503829     
 b_para_n=    1.404460956203280     
 dxdt=  -0.8249065471630684        -4020.073535687435      
    2894.782189872930     
 dudt=    165496.3836156789     
 ---------------------
 rk4
 istep=     19000001
 grad_b=   -1.157491417766527       -8.0645747894437014E-002 
   0.1260105355756648     
 bsub=  -9.4584779332295404E-003  -9.4684854601171847E-002 
    1.222479183469795     
 bsup=    0.000000000000000       -0.7413751521096050      
   0.8700111289926548     
 b_abs=    1.064829642527671     
 g=  -2.0433642077572312E-002
 j=    0.000000000000000        -1154.975724342668      
    234.6966558473389     
 v_perp_2=    4351587.566801856     
 b_n=  -1.5478413734207108E-004  -0.7388498746470730      
   0.8702055379146585     
 b_para_n=    1.064829660702606     
 dxdt=  -0.6549697020662267        -2743.498739148028      
    3232.885581455025     
 dudt=   -325101.6060837788     
 ---------------------
 rk4
 istep=     20000001
 grad_b=   0.2844845181907627        5.9830988959650500E-002 
   0.1282197814030800     
 bsub=  -3.3857882702006292E-002   3.9956397653397757E-002 
    1.049951115833924     
 bsup=    0.000000000000000       -2.0126534920106409E-002 
    1.130129310629161     
 b_abs=    1.088825356342771     
 g=  -1.0224089743865846E-002
 j=    0.000000000000000        -417.8810137743367      
    458.2460466589901     
 v_perp_2=    4449639.393704732     
 b_n=   1.9636964704317043E-004  -2.1157937642880754E-002 
    1.130174914572094     
 b_para_n=    1.088825376651777     
 dxdt=   0.8129424047618378        -77.16204204136261      
    4093.173630328071     
 dudt=   -269672.2975648850     
 ---------------------
 rk4
 istep=     21000001
 grad_b=   0.2818791823388095        0.1562464737565037      
  -0.1563538603679349     
 bsub=  -2.9120876655464839E-002  -2.3589083676539113E-002 
    1.279445739419497     
 bsup=    0.000000000000000       -0.1346873590417407      
   0.9447599109565645     
 b_abs=    1.100819187321046     
 g=  -1.7384900286138767E-002
 j=    0.000000000000000        -54.12429451800858      
    53.19364320133903     
 v_perp_2=    4498645.370095422     
 b_n=   3.8363811493694012E-004  -0.1353835777504128      
   0.9447558091623987     
 b_para_n=    1.100819190282551     
 dxdt=    1.571216425316388        -484.5725127450466      
    3378.999529369803     
 dudt=    313251.9567739774     
 ---------------------
 rk4
 istep=     22000001
 grad_b=   0.3029803950873980       -0.1180473541658264      
  -0.2473807619795406     
 bsub=   5.3890537402232569E-002   9.6386527570927139E-002 
    1.854146157427599     
 bsup=    0.000000000000000        -1.589746028358323      
    1.049321982574631     
 b_abs=    1.338661087177469     
 g=  -1.0052694842364446E-002
 j=    0.000000000000000         724.8637864998589      
   -229.2053467614400     
 v_perp_2=    5470608.336955193     
 b_n=  -4.3172199923638643E-004   -1.591019037542425      
    1.049400699870833     
 b_para_n=    1.338661077247328     
 dxdt=   -1.460726176425853        -4530.997999698475      
    2988.137395146074     
 dudt=    109772.8127377732     
 ---------------------
 rk4
 istep=     23000001
 grad_b=   -1.237615258431443       -5.6202414719171000E-002 
   0.1361980118753360     
 bsub=  -1.4270027521427871E-002  -9.3820020633936685E-002 
    1.223035051807337     
 bsup=    0.000000000000000       -0.7642981138528344      
   0.8670313864923351     
 b_abs=    1.064161751200430     
 g=  -2.0414033328742431E-002
 j=    0.000000000000000        -747.2541421605830      
   -199.5267736034397     
 v_perp_2=    4348824.107155222     
 b_n=  -1.0018415086576750E-004  -0.7615917480767879      
   0.8672378181574736     
 b_para_n=    1.064161743212834     
 dxdt=  -0.4241911541657589        -2829.916422924800      
    3224.173579403089     
 dudt=   -309220.3987913830     
 ---------------------
 rk4
 istep=     24000001
 grad_b=   0.4554495604313074        2.6822873030662730E-002 
   0.1360383828352301     
 bsub=  -1.9419959171623834E-002   5.2314844656331974E-002 
    1.092246050850855     
 bsup=    0.000000000000000        0.2152877755296601      
    1.105368828734079     
 b_abs=    1.103561068488632     
 g=  -1.0846285154478885E-002
 j=    0.000000000000000        -106.3044798252043      
    27.41918462369890     
 v_perp_2=    4509823.640228116     
 b_n=   6.9138386413450229E-005   0.2137288933639503      
    1.105444724166540     
 b_para_n=    1.103561069524736     
 dxdt=   0.2824702468863977         761.4365002206754      
    3942.513430276359     
 dudt=   -289114.5804171978     
 ---------------------
 rk4
 istep=     25000001
 grad_b=   0.8167158256375827        3.3464292957475356E-003 
  -0.1647795253055608     
 bsub=  -3.0499884830820900E-002   7.2450329460126833E-002 
    1.369245445216855     
 bsup=    0.000000000000000        2.4949418864353978E-002 
    1.079986338067743     
 b_abs=    1.216821088376105     
 g=  -9.3455411134375985E-003
 j=    0.000000000000000         560.8641191156541      
   -327.7722487990729     
 v_perp_2=    4972663.739884596     
 b_n=   4.8417285608997628E-005   2.1686753962711271E-002 
    1.080160040142104     
 b_para_n=    1.216821074327586     
 dxdt=   0.1797670007470683         67.36922756088919      
    3441.231917450928     
 dudt=    298692.5327303224     
 ---------------------
 rk4
 istep=     26000001
 grad_b=   -1.195917363786174        7.1270276969639071E-002 
  -0.1829504375482952     
 bsub=   4.7257571664221912E-002  -0.1530258273771100      
    1.442113674786190     
 bsup=    0.000000000000000        -1.032296843014044      
   0.8755468276638571     
 b_abs=    1.191940843240967     
 g=  -2.0730445199900357E-002
 j=    0.000000000000000         318.7237003523415      
   -159.7741503482139     
 v_perp_2=    4870977.244239179     
 b_n=   1.0332151518939491E-004   -1.029925991423281      
   0.8757950097812350     
 b_para_n=    1.191940833192609     
 dxdt=   0.3914415260183707        -3359.663577510828      
    2858.071034116477     
 dudt=    400716.0106870270     
 ---------------------
 rk4
 istep=     27000001
 grad_b=   -1.134607578481361        7.8548865004318236E-002 
   0.2183894073377569     
 bsub=  -3.3441811752956921E-002  -7.9540531608272888E-002 
    1.251854651904060     
 bsup=    0.000000000000000       -0.9122941448248642      
   0.8807685650200547     
 b_abs=    1.084085699150777     
 g=  -1.8043967343534525E-002
 j=    0.000000000000000         220.9162854973297      
    225.2037222580993     
 v_perp_2=    4430210.227279489     
 b_n=   2.2522756467831115E-004  -0.9095434593407141      
   0.8809493652850101     
 b_para_n=    1.084085710818889     
 dxdt=   0.9364136585051640        -3309.133677754573      
    3206.574842842311     
 dudt=   -227478.6222578283     
 ---------------------
 rk4
 istep=     28000001
 grad_b=   0.5626303220091233       -9.7080126721202364E-003 
   0.1486739595400113     
 bsub=  -1.8695929317839033E-003   5.1683962786221602E-002 
    1.125882383586231     
 bsup=    0.000000000000000        0.5388517266317434      
    1.067540117723801     
 b_abs=    1.108973280268326     
 g=  -1.1199053141286034E-002
 j=    0.000000000000000         920.1064373853826      
   -305.7747178384761     
 v_perp_2=    4531905.590153791     
 b_n=  -5.5607622513113585E-005   0.5369585628017508      
    1.067626919340960     
 b_para_n=    1.108973267794000     
 dxdt=  -0.2261010435449940         1903.328413832720      
    3786.361003821762     
 dudt=   -282794.7950908398     
 ---------------------
 rk4
 istep=     29000001
 grad_b=   0.7604840232839252       -3.2665719288726060E-002 
  -0.1604319842971755     
 bsub=  -4.7491856101075439E-003   8.7404219777650283E-002 
    1.320200879285833     
 bsup=    0.000000000000000       -0.1554383648231938      
    1.121005471786654     
 b_abs=    1.210686236665097     
 g=  -8.3506238297586868E-003
 j=    0.000000000000000        -633.5919593113617      
    331.6878360685033     
 v_perp_2=    4947554.222802751     
 b_n=  -9.6505879982740646E-005  -0.1587651266684149      
    1.121225385906235     
 b_para_n=    1.210686249975652     
 dxdt=  -0.3600867173384811        -510.5285384706964      
    3593.178941567343     
 dudt=    294957.4320797278     
 ---------------------
 Elapsed time (seconds):     160.8210890000000     

real	2m40.831s
user	2m40.538s
sys	0m0.016s
>>> [PID 3856674] DONE  u=4000, v_perp=-2000, out=bounce/dat177.dat
