>>> [PID 3859205] START u=1500, v_perp=-1000, out=bounce/dat193.dat, dt=5.00E-09, steps=30000000
 outer boundary:   8.3000000000000462E-002
 rk4
 istep=            1
 grad_b=  -0.5028822830984979        4.9318360216098825E-003 
  -7.9830765560919836E-003
 bsub=   8.6924130565190980E-003   4.2252323698713949E-002 
    1.020727132489461     
 bsup=    0.000000000000000        0.5003126470159146      
   0.9181485830344235     
 b_abs=   0.9787596597695831     
 g=  -1.6418732712590579E-002
 j=    0.000000000000000         576.0999385637873      
    59.09411568070330     
 v_perp_2=    999999.9619316437     
 b_n=   5.3589583057447907E-006   0.5008247096068589      
   0.9181273425772666     
 b_para_n=   0.9787596615122982     
 dxdt=   1.0037966758433511E-002    767.7142652817786      
    1407.070600804420     
 dudt=    2537.755927315912     
 ---------------------
 rk4
 istep=      1000001
 grad_b=  -0.7091765102737128        3.1306440582214712E-003 
   1.0914919207969248E-003
 bsub=  -1.1507441514918603E-003  -9.8967482728111067E-002 
   0.8197965241109746     
 bsup=    0.000000000000000       -0.3909259455119556      
    1.125694139940004     
 b_abs=   0.9799018555156194     
 g=  -1.0424410695676525E-002
 j=    0.000000000000000        -418.3145431753018      
    58.06377432110474     
 v_perp_2=    1001166.707369241     
 b_n=   4.1918249855336381E-006  -0.3900147452386005      
    1.125804149935113     
 b_para_n=   0.9799018573429193     
 dxdt=   7.8430049268154410E-003   -596.5559169466525      
    1722.932811478541     
 dudt=   -2.521180079736647     
 ---------------------
 rk4
 istep=      2000001
 grad_b=   0.3759597313182749       -7.4382538562608166E-002 
   0.1745603219261784     
 bsub=   1.0287916361549692E-002   2.5061322132570854E-002 
    1.160400888470398     
 bsup=    0.000000000000000        0.8057291770886174      
   0.9930299427595837     
 b_abs=    1.082996934331812     
 g=  -1.2072776552498971E-002
 j=    0.000000000000000        -123.2097332551044      
    283.2414975823472     
 v_perp_2=    1106498.724648152     
 b_n=  -9.8095214575818771E-005   0.8052592216968097      
   0.9930409671265298     
 b_para_n=    1.082996939674739     
 dxdt=  -0.1668397175799184         1088.441086959229      
    1342.465250636155     
 dudt=   -53496.21326327929     
 ---------------------
 rk4
 istep=      3000001
 grad_b=  -0.4738976920913034       -1.9403265937522965E-002 
  -3.1852348341239511E-002
 bsub=   2.6702113868268363E-002  -6.8018056136294996E-002 
   0.8774344886235325     
 bsup=    0.000000000000000       -0.3060173426319193      
    1.084057728782206     
 b_abs=   0.9857486489299034     
 g=  -1.3175757764193908E-002
 j=    0.000000000000000         212.3318981186270      
   -95.35950157426888     
 v_perp_2=    1007139.873780799     
 b_n=  -2.3485584990573811E-005  -0.3055095303310573      
    1.084097806487360     
 b_para_n=   0.9857486469419486     
 dxdt=  -4.3692073895778741E-002   -463.9781857804875      
    1647.050730586378     
 dudt=    14817.42653017285     
 ---------------------
 rk4
 istep=      4000001
 grad_b=   0.6976208666892401       -1.6256870937259346E-002 
   0.1587874043199126     
 bsub=   1.1804948103493479E-002   5.5355199485216534E-002 
    1.199721690470491     
 bsup=    0.000000000000000        0.5427717389466924      
    1.070560443519362     
 b_abs=    1.146723721952165     
 g=  -1.0220216201892771E-002
 j=    0.000000000000000        -715.5180690820846      
   -109.6473238979110     
 v_perp_2=    1171607.778785437     
 b_n=  -3.1751780400707897E-005   0.5418345779820424      
    1.070603994229423     
 b_para_n=    1.146723719485335     
 dxdt=  -5.1169554740913441E-002    680.8632741893900      
    1345.980590431241     
 dudt=   -71798.00898197714     
 ---------------------
 rk4
 istep=      5000001
 grad_b=  -0.4631872575571847       -9.4102794309569270E-003 
  -2.8027597423423797E-002
 bsub=   2.9383763668900217E-002  -5.7347956582137441E-002 
   0.9063977256422306     
 bsup=    0.000000000000000       -0.3097996244688699      
    1.050692736415286     
 b_abs=   0.9847184423558273     
 g=  -1.4822248053068017E-002
 j=    0.000000000000000         571.7936120325768      
   -130.0563132701814     
 v_perp_2=    1006086.759495937     
 b_n=  -1.1052519904067050E-005  -0.3093427522553935      
    1.050721997785315     
 b_para_n=   0.9847184392958139     
 dxdt=  -2.0582495169611300E-002   -470.4214236821530      
    1598.385372690399     
 dudt=    13764.77914903615     
 ---------------------
 rk4
 istep=      6000001
 grad_b=   0.7177677757577162        1.2300750250457029E-002 
   0.1567927223873409     
 bsub=   6.4890415241806061E-003   6.9882270570325228E-002 
    1.229194701752071     
 bsup=    0.000000000000000        0.2537835372661169      
    1.099987007698003     
 b_abs=    1.170371692431109     
 g=  -9.3303113160807562E-003
 j=    0.000000000000000        -1055.276229757962      
    73.03565965952797     
 v_perp_2=    1195768.240499553     
 b_n=   4.8840746387085736E-006   0.2527496146301091      
    1.100045762772689     
 b_para_n=    1.170371692651613     
 dxdt=   7.7219354945415016E-003    309.1534116226658      
    1347.157626821208     
 dudt=   -76643.07999982867     
 ---------------------
 rk4
 istep=      7000001
 grad_b=  -0.5078339106068684       -2.3471568428637323E-003 
  -1.8368396000150625E-002
 bsub=   2.8931819158662213E-002  -5.3638221791610576E-002 
   0.9269703994284503     
 bsup=    0.000000000000000       -0.3312557670124641      
    1.022271506783223     
 b_abs=   0.9823275047393653     
 g=  -1.5998357751592942E-002
 j=    0.000000000000000         292.0820472066794      
   -42.76174394154174     
 v_perp_2=    1003643.376804473     
 b_n=  -3.2104897948349412E-006  -0.3307781826562994      
    1.022299240734190     
 b_para_n=   0.9823275036100833     
 dxdt=  -5.9926726745351206E-003   -504.5216493676019      
    1559.781333779064     
 dudt=    9360.711689053764     
 ---------------------
 rk4
 istep=      8000001
 grad_b=   0.7242737670253047        2.8401955405254687E-002 
   0.1578829374351242     
 bsub=   1.8384686995011543E-003   7.9822193750327175E-002 
    1.262487406341437     
 bsup=    0.000000000000000        5.9350451408448079E-003 
    1.118503508445443     
 b_abs=    1.188543825758424     
 g=  -8.6741889678736868E-003
 j=    0.000000000000000        -748.1695020549325      
    290.3158327016662     
 v_perp_2=    1214334.010235294     
 b_n=   2.8326851935297227E-005   4.8215535801230834E-003 
    1.118573872793107     
 b_para_n=    1.188543829832075     
 dxdt=   4.4146825653012284E-002    5.389276381644034      
    1342.798592880004     
 dudt=   -75973.87551410592     
 ---------------------
 rk4
 istep=      9000001
 grad_b=  -0.5676662625696725        8.7980042901154853E-004 
  -6.7233329061377189E-003
 bsub=   2.7792864465718485E-002  -5.0301654378270756E-002 
   0.9490113715682857     
 bsup=    0.000000000000000       -0.3551367812729505      
   0.9948879758161205     
 b_abs=   0.9806520068121833     
 g=  -1.7047109281597209E-002
 j=    0.000000000000000        -142.0478107012180      
    2.135986530491579     
 v_perp_2=    1001930.958700165     
 b_n=   4.7528586064142336E-007  -0.3546215145670470      
   0.9949152734263886     
 b_para_n=   0.9806520070001844     
 dxdt=   8.8861849578676427E-004   -542.0187832397953      
    1521.173160928841     
 dudt=    3647.234190382326     
 ---------------------
 rk4
 istep=     10000001
 grad_b=   0.7001832461835189        5.1087347396583521E-002 
   0.1621681933010195     
 bsub=  -5.6510590498625411E-003   8.8589044479131712E-002 
    1.293413400002283     
 bsup=    0.000000000000000       -0.2235248519128026      
    1.132428472834922     
 b_abs=    1.202155438277492     
 g=  -8.1745292342234200E-003
 j=    0.000000000000000        -582.6211588382699      
    37.01202620006448     
 v_perp_2=    1228240.283814650     
 b_n=   6.5111528591413134E-005  -0.2246663336103829      
    1.132506940139951     
 b_para_n=    1.202155438229092     
 dxdt=   0.1004056199608611        -266.1410542945327      
    1339.535279604581     
 dudt=   -73185.80878158569     
 ---------------------
 rk4
 istep=     11000001
 grad_b=  -0.6304042396671840       -1.4839762523987769E-003 
   6.8930270921044312E-003
 bsub=   2.6470452362308057E-002  -4.3781212687299779E-002 
   0.9779182783926404     
 bsup=    0.000000000000000       -0.3793683364829750      
   0.9663354908642000     
 b_abs=   0.9803806186991572     
 g=  -1.8077534806076483E-002
 j=    0.000000000000000        -459.6475662285492      
   -23.17034949311861     
 v_perp_2=    1001653.121636697     
 b_n=  -1.0377173986784203E-006  -0.3788116092900152      
   0.9663604434702261     
 b_para_n=   0.9803806186471709     
 dxdt=  -1.9406841476811898E-003   -579.1859511634631      
    1478.014120755636     
 dudt=   -3764.199609741582     
 ---------------------
 rk4
 istep=     12000001
 grad_b=   0.5817729993601395        7.6505580448843924E-002 
   0.1712644023908211     
 bsub=  -2.2477930191040538E-002   9.0401966638851153E-002 
    1.309660769842182     
 bsup=    0.000000000000000       -0.4477898079022649      
    1.135993021031470     
 b_abs=    1.202900992770963     
 g=  -7.8019094526796265E-003
 j=    0.000000000000000        -253.2719041091664      
    478.0665994653806     
 v_perp_2=    1229001.331913150     
 b_n=   1.1160213565044326E-004  -0.4487986463039724      
    1.136064580731962     
 b_para_n=    1.202901000562034     
 dxdt=   0.1719976197301504        -530.7639225523322      
    1342.655095302110     
 dudt=   -68074.89100666728     
 ---------------------
 rk4
 istep=     13000001
 grad_b=  -0.6856050785994208       -2.2219034264576238E-002 
   2.9120660999154627E-002
 bsub=   2.3893492776673714E-002  -2.7800016383623449E-002 
    1.030253305316110     
 bsup=    0.000000000000000       -0.3975663617839651      
   0.9309126928156863     
 b_abs=   0.9847185783650481     
 g=  -1.9205469926267038E-002
 j=    0.000000000000000        -1020.566730471268      
    37.68931309959805     
 v_perp_2=    1006084.664122295     
 b_n=  -1.8581575538983639E-005  -0.3969714107960815      
   0.9309291790232910     
 b_para_n=   0.9847185797298291     
 dxdt=  -3.4603427186969078E-002   -603.6766611644409      
    1416.150689764543     
 dudt=   -18646.03174021057     
 ---------------------
 rk4
 istep=     14000001
 grad_b=   7.5384103402844183E-002   0.1523076240188726      
   0.2108569538167493     
 bsub=  -5.5266509690616916E-002   2.6712895781146717E-002 
    1.235066445421655     
 bsup=    0.000000000000000       -0.6448086046625738      
    1.073359212862231     
 b_abs=    1.144676795354099     
 g=  -9.3885674731745746E-003
 j=    0.000000000000000         576.8830331297579      
    20.90745306187533     
 v_perp_2=    1169513.216914157     
 b_n=   2.2383241420815137E-004  -0.6449370941163953      
    1.073372008485311     
 b_para_n=    1.144676795950806     
 dxdt=   0.3613220180298408        -812.7206186327138      
    1352.543750286354     
 dudt=   -57175.82006832060     
 ---------------------
 rk4
 istep=     15000001
 grad_b=  -0.3193882147063036       -0.1667332851008069      
   0.1067329382411863     
 bsub=   2.0838006457198008E-002  -4.7405838803913136E-002 
    1.216349927834585     
 bsup=    0.000000000000000       -0.4425991500060645      
   0.9078515407143307     
 b_abs=    1.060707432002652     
 g=  -2.0520801389363085E-002
 j=    0.000000000000000        -577.0842157820337      
   -246.8835599994886     
 v_perp_2=    1083721.713259399     
 b_n=  -1.3187918902290115E-004  -0.4423385903747475      
   0.9078639509328185     
 b_para_n=    1.060707427308699     
 dxdt=  -0.2287675452548457        -613.6946625309258      
    1259.748269989201     
 dudt=   -82207.88887967099     
 ---------------------
 rk4
 istep=     16000001
 grad_b=   -1.013643352781011        7.8504019548222614E-002 
   0.1390755600562166     
 bsub=  -2.2876648568709610E-002  -8.8559397501993348E-002 
    1.078528438550452     
 bsup=    0.000000000000000       -0.6305956421684110      
   0.9181761753134884     
 b_abs=    1.022745131419254     
 g=  -1.5834474133302374E-002
 j=    0.000000000000000        -1045.450104776162      
    1042.316900252031     
 v_perp_2=    1044935.515601853     
 b_n=   9.0965002866687865E-005  -0.6295732649983630      
   0.9182620750469446     
 b_para_n=    1.022745154127545     
 dxdt=   0.1633676669029457        -913.7394055742396      
    1333.274240566739     
 dudt=   -39055.69347083756     
 ---------------------
 rk4
 istep=     17000001
 grad_b=   0.6901097937661917       -7.2333400080099960E-002 
   0.1517612057373401     
 bsub=   7.9619157649116534E-002   8.3410395293213382E-003 
    1.588355213281659     
 bsup=    0.000000000000000       -0.6490376988625675      
    1.009314001787025     
 b_abs=    1.264016383657529     
 g=  -1.3406313683053851E-002
 j=    0.000000000000000        -549.1081018688370      
    732.7426902590034     
 v_perp_2=    1291441.136830624     
 b_n=  -7.9395384983360899E-005  -0.6497786788987979      
    1.009321883406308     
 b_para_n=    1.264016397006748     
 dxdt=  -0.1168857918925214        -719.6880820499907      
    1117.497119981702     
 dudt=   -80878.53174246600     
 ---------------------
 rk4
 istep=     18000001
 grad_b=   -1.134044287335775        2.3157498846215659E-003 
   0.1002823754871050     
 bsub=  -4.0249430157478523E-003  -8.1634250796367658E-002 
    1.099420473600355     
 bsup=    0.000000000000000       -0.6629111104496691      
   0.8861322948009818     
 b_abs=    1.013810806232085     
 g=  -1.9002783325555439E-002
 j=    0.000000000000000         313.1175339896340      
   -561.2424896424411     
 v_perp_2=    1035806.816289244     
 b_n=   8.5540617223778646E-006  -0.6619176994106264      
   0.8862060776694061     
 b_para_n=    1.013810794001628     
 dxdt=   1.5491865276823683E-002   -971.1858740949840      
    1300.750575229072     
 dudt=   -44003.75611705040     
 ---------------------
 rk4
 istep=     19000001
 grad_b=   0.7175500393752186        8.2028384105176932E-003 
   0.1737592550341115     
 bsub=   5.8450772141150326E-002   0.1147920885466833      
    1.704502441296371     
 bsup=    0.000000000000000       -0.7444768662689538      
    1.067087745954610     
 b_abs=    1.316413931744062     
 g=  -9.7895065452857487E-003
 j=    0.000000000000000        -1909.523457089407      
    337.4957586182871     
 v_perp_2=    1344974.797582180     
 b_n=  -5.0765651468999507E-006  -0.7455092484155313      
    1.067157450131571     
 b_para_n=    1.316413935472269     
 dxdt=  -7.2015809413019686E-003   -782.0295653366078      
    1118.913220688336     
 dudt=   -69582.86662102981     
 ---------------------
 rk4
 istep=     20000001
 grad_b=   -1.166030318682677       -3.3588869381182627E-002 
   0.1088579674242497     
 bsub=  -4.1000513243636821E-003  -8.0496583827948498E-002 
    1.142830615063371     
 bsup=    0.000000000000000       -0.6944340311496946      
   0.8752737808950622     
 b_abs=    1.027557165453371     
 g=  -1.9940370031548589E-002
 j=    0.000000000000000         81.51547436422535      
   -494.5737305847663     
 v_perp_2=    1049850.838959744     
 b_n=  -2.1833154740670424E-005  -0.6934522285158136      
   0.8753428474648300     
 b_para_n=    1.027557154893805     
 dxdt=  -3.9035771358876169E-002   -1000.667733663136      
    1263.590752959910     
 dudt=   -58964.56672741332     
 ---------------------
 rk4
 istep=     21000001
 grad_b=   0.6738421227936617        4.3887192382183624E-002 
   0.1827492801551228     
 bsub=   3.3152808328582424E-002   0.1501574042145218      
    1.738065061877927     
 bsup=    0.000000000000000       -0.7411683422541808      
    1.085369689401023     
 b_abs=    1.332253090966457     
 g=  -8.7304706522901791E-003
 j=    0.000000000000000        -925.3775947651069      
    243.2529895251266     
 v_perp_2=    1361156.842527936     
 b_n=   4.5314572818263471E-005  -0.7422494275963664      
    1.085462225932734     
 b_para_n=    1.332253093855807     
 dxdt=   6.3589952041658515E-002   -766.1061291995683      
    1119.796911536781     
 dudt=   -63584.09404808207     
 ---------------------
 rk4
 istep=     22000001
 grad_b=   -1.167594604325077       -6.3677499590774816E-002 
   0.1198142356891194     
 bsub=  -7.0002284339283245E-003  -8.7328749856692783E-002 
    1.188499900506399     
 bsup=    0.000000000000000       -0.7196065915704808      
   0.8693259783445200     
 b_abs=    1.046922884039236     
 g=  -2.0428201850455671E-002
 j=    0.000000000000000        -775.1289504758954      
   -26.41908670756403     
 v_perp_2=    1069636.103529675     
 b_n=  -4.4995114377676281E-005  -0.7186497863889665      
   0.8693960181460952     
 b_para_n=    1.046922884682000     
 dxdt=  -7.9028734410884316E-002   -1013.270137953704      
    1226.241547154868     
 dudt=   -73183.07794589657     
 ---------------------
 rk4
 istep=     23000001
 grad_b=   0.5907216094234807        7.0235759956413318E-002 
   0.1865504422131437     
 bsub=   1.2089760419480799E-002   0.1607314387858356      
    1.770119422409761     
 bsup=    0.000000000000000       -0.8383574274914183      
    1.088355675632466     
 b_abs=    1.338548580045875     
 g=  -8.0485103073597419E-003
 j=    0.000000000000000        -559.0899917595391      
    40.00830523013541     
 v_perp_2=    1367588.147027765     
 b_n=   9.3901208820427524E-005  -0.8393959616854653      
    1.088449335751328     
 b_para_n=    1.338548579854163     
 dxdt=   0.1312112765757884        -860.7661959257766      
    1115.693698549914     
 dudt=   -55013.99148920449     
 ---------------------
 rk4
 istep=     24000001
 grad_b=   -1.121326673632421       -9.3948063885821886E-002 
   0.1262762689122960     
 bsub=  -9.7631324309062385E-003  -0.1010001211797291      
    1.236599001212353     
 bsup=    0.000000000000000       -0.7450400770144741      
   0.8666655213735172     
 b_abs=    1.070975821550401     
 g=  -2.0638026889294836E-002
 j=    0.000000000000000        -1213.989305403233      
    357.0120695976948     
 v_perp_2=    1094210.245348729     
 b_n=  -6.7109767167770808E-005  -0.7441411254650427      
   0.8667384222739075     
 b_para_n=    1.070975831043358     
 dxdt=  -0.1153538023047295        -1019.871999650131      
    1188.285643654444     
 dudt=   -85588.72541190291     
 ---------------------
 rk4
 istep=     25000001
 grad_b=   0.4656364537494674        7.2302839280010203E-002 
   0.1866891309945445     
 bsub=  -8.5633497808692560E-003   0.1569366830703918      
    1.798434228449326     
 bsup=    0.000000000000000        -1.049191710530643      
    1.084661017088688     
 b_abs=    1.336150465824998     
 g=  -7.4633105365436219E-003
 j=    0.000000000000000        -397.3171748158970      
    558.8592903258889     
 v_perp_2=    1365137.243032970     
 b_n=   1.0858456157730740E-004   -1.050096122818711      
    1.084740462888910     
 b_para_n=    1.336150475355532     
 dxdt=   0.1519748185486350        -1079.316911655309      
    1114.607224940397     
 dudt=   -48415.97963968219     
 ---------------------
 rk4
 istep=     26000001
 grad_b=  -0.9965849666638487       -0.1305033192059966      
   0.1268912818555704     
 bsub=  -9.9428723368833426E-003  -0.1237312769822611      
    1.289106485681454     
 bsup=    0.000000000000000       -0.7843904569242444      
   0.8678745051100445     
 b_abs=    1.102500894101920     
 g=  -2.0451708366282090E-002
 j=    0.000000000000000        -947.0131274672739      
    384.4455043730611     
 v_perp_2=    1126418.591403123     
 b_n=  -9.3541660264754063E-005  -0.7836033917193052      
   0.8679493361336118     
 b_para_n=    1.102500903759709     
 dxdt=  -0.1564319228272115        -1035.466615942356      
    1147.254600680598     
 dudt=   -98458.32468636057     
 ---------------------
 rk4
 istep=     27000001
 grad_b=   0.4587566119963206        7.2074599735961600E-002 
   0.1945790383680906     
 bsub=  -3.2693135790882948E-002   0.1354636394686612      
    1.787448900234232     
 bsup=    0.000000000000000        -1.333169987551331      
    1.081437775966582     
 b_abs=    1.324206980777820     
 g=  -7.8524846434735885E-003
 j=    0.000000000000000         226.1537158156127      
   -190.7165611674999     
 v_perp_2=    1352933.909033778     
 b_n=   1.0723115043355703E-004   -1.334034735178878      
    1.081505270674225     
 b_para_n=    1.324206977574043     
 dxdt=   0.1513050978214788        -1387.883046088248      
    1124.925247302831     
 dudt=   -44108.57928250528     
 ---------------------
 rk4
 istep=     28000001
 grad_b=  -0.6281497461743701       -0.1852924252569439      
   0.1140855167427384     
 bsub=   3.4585842760278922E-003  -0.1700015494308195      
    1.362491613002471     
 bsup=    0.000000000000000       -0.9026321932135810      
   0.8796579824331718     
 b_abs=    1.162792205365340     
 g=  -1.9581208387536339E-002
 j=    0.000000000000000         49.23053210713006      
   -234.3164233621482     
 v_perp_2=    1188017.180717999     
 b_n=  -1.3224268347690444E-004  -0.9021463533514871      
   0.8797189336948946     
 b_para_n=    1.162792200791094     
 dxdt=  -0.2103553442321909        -1113.909806905632      
    1086.408159792233     
 dudt=   -117567.0413573734     
 ---------------------
 rk4
 istep=     29000001
 grad_b=  -0.1790915103702793        0.1653135505309531      
   0.3100559827168521     
 bsub=  -5.8944085099584390E-002   9.5399734629644135E-003 
    1.575476189932885     
 bsup=    0.000000000000000        -1.356069816563532      
   0.9799020537565022     
 b_abs=    1.237309570999746     
 g=  -1.3074358271236264E-002
 j=    0.000000000000000        -89.67951016304087      
   -207.6744514358561     
 v_perp_2=    1264150.767779086     
 b_n=   1.8964971016589689E-004   -1.355875462626347      
   0.9799079692286821     
 b_para_n=    1.237309567030101     
 dxdt=   0.2847460931273183        -1544.168724686321      
    1116.042903370800     
 dudt=   -32884.07572125792     
 ---------------------
 Elapsed time (seconds):     154.3578720000000     

real	2m34.370s
user	2m34.111s
sys	0m0.019s
>>> [PID 3859205] DONE  u=1500, v_perp=-1000, out=bounce/dat193.dat
