>>> [PID 3860183] START u=4500, v_perp=-1000, out=bounce/dat199.dat, dt=5.00E-09, steps=30000000
 outer boundary:   8.3000000000000462E-002
 rk4
 istep=            1
 grad_b=  -0.5028814980913650        4.9310687197656952E-003 
  -7.9814549583832467E-003
 bsub=   8.6926216958341622E-003   4.2252206140103658E-002 
    1.020727592277199     
 bsup=    0.000000000000000        0.5002977225117466      
   0.9181487214636632     
 b_abs=   0.9787595852618795     
 g=  -1.6418808395874108E-002
 j=    0.000000000000000         576.0999157036465      
    59.08281235001547     
 v_perp_2=    999999.8858070257     
 b_n=   1.6074257890527048E-005   0.5018339017598067      
   0.9180850006690124     
 b_para_n=   0.9787595904893105     
 dxdt=   7.5728697916243093E-002    2307.434092033820      
    4221.031879860158     
 dudt=    2537.218564512213     
 ---------------------
 rk4
 istep=      1000001
 grad_b=  -0.8862940197443213        1.2325698947351946E-002 
   4.1161164129754957E-002
 bsub=   7.1940152554969532E-003  -8.3644984997898408E-002 
   0.9833313206994636     
 bsup=    0.000000000000000       -0.4895573334867526      
   0.9510943728335587     
 b_abs=   0.9883127678370189     
 g=  -1.7020535079296847E-002
 j=    0.000000000000000         1024.099732712458      
    30.07073761794902     
 v_perp_2=    1009758.059497492     
 b_n=   4.4059577688301451E-005  -0.4870891453759603      
   0.9513039982478668     
 b_para_n=   0.9883127644406028     
 dxdt=   0.2055673036668260        -2217.006674844177      
    4330.471198023088     
 dudt=   -17116.30574831554     
 ---------------------
 rk4
 istep=      2000001
 grad_b=   0.6319289101052343        5.4740689418225782E-002 
   0.1876359343103408     
 bsub=   3.0539914178705795E-002   0.1729499355767943      
    1.890837309732925     
 bsup=    0.000000000000000       -0.9095017929030653      
    1.079213869862573     
 b_abs=    1.372250234403217     
 g=  -8.6230458263241421E-003
 j=    0.000000000000000        -261.3244683526262      
    71.22720036985780     
 v_perp_2=    1402022.359320608     
 b_n=   2.0394659705338169E-004  -0.9129150046591455      
    1.079522775371227     
 b_para_n=    1.372250237186377     
 dxdt=   0.6855126081607417        -2964.234151878254      
    3504.782042560615     
 dudt=   -56850.23361957725     
 ---------------------
 rk4
 istep=      3000001
 grad_b=  -0.5288888785623043        5.6767272921302042E-002 
  -4.8025714517350965E-002
 bsub=   1.2980494675340369E-002  -0.2429669665656025      
    1.512847671289858     
 bsup=    0.000000000000000        -1.249423626145285      
   0.8986315438149499     
 b_abs=    1.289675329324732     
 g=  -1.6872816251401610E-002
 j=    0.000000000000000         589.6565553017201      
   -38.47582709620121     
 v_perp_2=    1317652.459248669     
 b_n=   1.2350909174423875E-004   -1.248092996556058      
   0.8988441803300580     
 b_para_n=    1.289675322215116     
 dxdt=   0.4416929198496801        -4320.464866949957      
    3111.620632092571     
 dudt=    45189.20696643339     
 ---------------------
 rk4
 istep=      4000001
 grad_b=   0.5461381087879233        4.8939112989586128E-002 
  -0.1155447328656437     
 bsub=  -9.6094979679752779E-002   5.3286739109352318E-002 
    1.787056481756493     
 bsup=    0.000000000000000        -1.003669811271240      
    1.033421825416139     
 b_abs=    1.339297839608061     
 g=  -1.2442197035101892E-002
 j=    0.000000000000000         484.4988107128860      
   -695.9806048787618     
 v_perp_2=    1368347.954407064     
 b_n=   1.9566442162506140E-004   -1.005686497576987      
    1.033492450883407     
 b_para_n=    1.339297799806159     
 dxdt=   0.6738367011095547        -3348.433411683986      
    3440.783995373977     
 dudt=    64280.29827588127     
 ---------------------
 rk4
 istep=      5000001
 grad_b=  -9.7205450440973534E-002  -0.1471176108585604      
  -0.1973040316173754     
 bsub=   5.6704751184129751E-002   4.7926094126169300E-003 
    1.143715860504209     
 bsup=    0.000000000000000       -0.6244205737268060      
    1.074813497147291     
 b_abs=    1.107463355753536     
 g=  -9.5604844822118513E-003
 j=    0.000000000000000        -101.8154568300807      
   -1.506722139075677     
 v_perp_2=    1131481.958017924     
 b_n=  -6.6956236007530525E-004  -0.6240204494439731      
    1.074845016872719     
 b_para_n=    1.107463355647225     
 dxdt=   -2.788069958187132        -2527.316422870180      
    4353.262281530037     
 dudt=    55446.06589937032     
 ---------------------
 rk4
 istep=      6000001
 grad_b=  -4.5930764781588418E-002  -3.5607319753394318E-003 
   7.7348942232710216E-002
 bsub=  -3.3367032994890439E-002   9.4794892850406740E-003 
   0.9734797702189941     
 bsup=    0.000000000000000        9.3796298518642685E-002 
    1.060710239838469     
 b_abs=    1.016407962042852     
 g=  -1.4287901976593973E-002
 j=    0.000000000000000        -123.4451846197279      
    60.10439648322108     
 v_perp_2=    1038449.040968574     
 b_n=  -1.3381113233982771E-005   9.3930537329711170E-002 
    1.060708477429812     
 b_para_n=    1.016407965323271     
 dxdt=  -6.0707156936811474E-002    415.4841993021013      
    4691.673505950749     
 dudt=   -41067.46861642947     
 ---------------------
 rk4
 istep=      7000001
 grad_b=  -0.4864370177126365       -1.4912916631071131E-003 
  -2.0107619787527758E-002
 bsub=   3.0496623157432127E-002  -4.9123350877065264E-002 
   0.9288556549905229     
 bsup=    0.000000000000000       -0.3094114804229182      
    1.027488311124331     
 b_abs=   0.9845017160647862     
 g=  -1.5862620021725157E-002
 j=    0.000000000000000         460.4927016123168      
   -74.00091155725107     
 v_perp_2=    1005848.363464738     
 b_n=  -7.2648494615903710E-006  -0.3080300403137700      
    1.027561602417063     
 b_para_n=   0.9845017104895218     
 dxdt=  -3.4026497899022581E-002   -1407.595922249887      
    4696.149918270752     
 dudt=    10480.88489001501     
 ---------------------
 rk4
 istep=      8000001
 grad_b=   0.6067331995963414        6.0494311224317865E-002 
   0.1573276185007710     
 bsub=  -6.5231588603853422E-003   0.1299194659419413      
    1.582190761093879     
 bsup=    0.000000000000000       -0.7181254699682688      
    1.109215977690548     
 b_abs=    1.289562354593201     
 g=  -7.6983717628902144E-003
 j=    0.000000000000000         206.9464439065476      
    22.38763598956282     
 v_perp_2=    1317519.639370074     
 b_n=   2.7462262923922998E-004  -0.7216314787380732      
    1.109505002908696     
 b_para_n=    1.289562356792302     
 dxdt=   0.9821906169759202        -2498.754122673662      
    3841.238994513700     
 dudt=   -51920.35605755278     
 ---------------------
 rk4
 istep=      9000001
 grad_b=  -0.2947404471116647       -0.1048730635582558      
   4.9243745892029643E-002
 bsub=   3.9842603578551537E-002  -0.2340917637923789      
    1.499601448387824     
 bsup=    0.000000000000000        -1.233472867592753      
   0.9057863136793404     
 b_abs=    1.283423143440830     
 g=  -1.8138258304103285E-002
 j=    0.000000000000000        -517.2330803388478      
   -77.13751187117161     
 v_perp_2=    1311243.924052416     
 b_n=  -2.2787129550372922E-004   -1.232778747719358      
   0.9059007220633275     
 b_para_n=    1.283423143633436     
 dxdt=  -0.8188783188747486        -4289.002126221715      
    3151.821204646752     
 dudt=   -69241.76033376176     
 ---------------------
 rk4
 istep=     10000001
 grad_b=  -0.4492029011262291        0.1604333601971504      
  -0.1004802336063503     
 bsub=  -1.0976139462794680E-002  -0.2235560046152059      
    1.460476216804325     
 bsup=    0.000000000000000        -1.131751982139881      
   0.8917021059141007     
 b_abs=    1.247061517482209     
 g=  -1.7905551596967273E-002
 j=    0.000000000000000        -253.1133765256624      
    48.37949952718597     
 v_perp_2=    1274091.260701212     
 b_n=   3.5571878583798771E-004   -1.130648543831070      
   0.8918736873961967     
 b_para_n=    1.247061522289659     
 dxdt=    1.315545712207794        -4052.093929064529      
    3196.475712925122     
 dudt=    111080.2506433393     
 ---------------------
 rk4
 istep=     11000001
 grad_b=   0.6609665621354956       -5.4376807006617137E-002 
  -0.1582275853173008     
 bsub=  -2.9378548344953896E-003   0.1274575889283739      
    1.555792119681711     
 bsup=    0.000000000000000       -0.6162968788173955      
    1.111149939738961     
 b_abs=    1.284841954386910     
 g=  -7.9126295125246833E-003
 j=    0.000000000000000         328.1498450621973      
   -183.9701039221299     
 v_perp_2=    1312687.182056997     
 b_n=  -2.3041411409955722E-004  -0.6199725986360988      
    1.111450629201885     
 b_para_n=    1.284841945696690     
 dxdt=  -0.8271029117293263        -2154.968160662386      
    3862.581438488214     
 dudt=    56577.61494520128     
 ---------------------
 rk4
 istep=     12000001
 grad_b=  -0.4397239709867137        5.3484928730369134E-003 
   2.7964059025799640E-002
 bsub=  -3.1661160627185020E-002  -4.8599896988228662E-002 
   0.9183694348415200     
 bsup=    0.000000000000000       -0.2825071127991002      
    1.045479357356328     
 b_abs=   0.9867480891110986     
 g=  -1.5186288992396064E-002
 j=    0.000000000000000         729.0213276330870      
   -151.9618898280596     
 v_perp_2=    1008130.016573508     
 b_n=   1.9961368974121755E-005  -0.2812244378000009      
    1.045547912974131     
 b_para_n=   0.9867480784812745     
 dxdt=   9.3280684319387880E-002   -1282.102524713821      
    4767.203319389289     
 dudt=   -14353.01165685522     
 ---------------------
 rk4
 istep=     13000001
 grad_b=  -0.1116285217707277        1.5980296256446896E-002 
  -7.0198973041107060E-002
 bsub=   3.1919506897940063E-002   1.1085991491955464E-002 
   0.9779792291216103     
 bsup=    0.000000000000000        7.7941696405571692E-002 
    1.039410860320065     
 b_abs=    1.008440262077868     
 g=  -1.4908555233474478E-002
 j=    0.000000000000000        -367.5514039812443      
    80.34542117372524     
 v_perp_2=    1030289.646530105     
 b_n=   5.0905788751430504E-005   7.8273451766319557E-002 
    1.039405442661520     
 b_para_n=    1.008440266408570     
 dxdt=   0.2327718996754186         349.0588631908748      
    4634.706270097520     
 dudt=    36330.40323492786     
 ---------------------
 rk4
 istep=     14000001
 grad_b=  -0.6476630076991161        0.1354727692276936      
   0.1595948419482526     
 bsub=  -4.5523353297891395E-002  -6.5092272174883115E-002 
    1.053781386850699     
 bsup=    0.000000000000000       -0.5757374758622387      
    1.000441360545109     
 b_abs=    1.044544839702368     
 g=  -1.2165054897971060E-002
 j=    0.000000000000000        -190.6029748509616      
   -355.5712875136200     
 v_perp_2=    1067173.881327706     
 b_n=   5.4228533611008702E-004  -0.5733465347186425      
    1.000612456710259     
 b_para_n=    1.044544820091510     
 dxdt=    2.394001039949484        -2465.660161830440      
    4303.598804819854     
 dudt=   -39939.72183027648     
 ---------------------
 rk4
 istep=     15000001
 grad_b=   0.5853590696081346       -1.5893481558072218E-002 
   0.1312746126482479     
 bsub=   7.8954584382186804E-002   0.1204342204105556      
    1.863138982458995     
 bsup=    0.000000000000000       -0.9407076192776067      
    1.059155629209778     
 b_abs=    1.363853764551993     
 g=  -1.0897773925606601E-002
 j=    0.000000000000000         1960.129832886333      
   -205.8213926192491     
 v_perp_2=    1393396.556159252     
 b_n=  -1.0445736686150661E-004  -0.9431917889543662      
    1.059320630370575     
 b_para_n=    1.363853759909602     
 dxdt=  -0.3532647937804470        -3081.944545723818      
    3461.102649966689     
 dudt=   -57677.26923225635     
 ---------------------
 rk4
 istep=     16000001
 grad_b=  -0.4819411990024009        2.1069006924542399E-005 
   7.5058500534625112E-004
 bsub=  -2.9781376345831964E-003  -0.2467749105057508      
    1.516509868216974     
 bsup=    0.000000000000000        -1.263523188568921      
   0.9001469713951102     
 b_abs=    1.295019837123526     
 g=  -1.6646449322513659E-002
 j=    0.000000000000000         768.5265951400421      
    75.50007384645990     
 v_perp_2=    1323068.210620688     
 b_n=   3.6329198695966215E-007   -1.262300565692612      
   0.9003459218492822     
 b_para_n=    1.295019834493621     
 dxdt=   1.2938477317980860E-003   -4351.035327486763      
    3103.533121172993     
 dudt=   -256.0086014449467     
 ---------------------
 rk4
 istep=     17000001
 grad_b=   0.6652765749854516       -3.4492947150635722E-002 
  -0.1792894536222616     
 bsub=  -4.5228848948143684E-002   0.1613908788076858      
    1.855604055247897     
 bsup=    0.000000000000000       -0.8534327924215065      
    1.076824960137289     
 b_abs=    1.363793311475678     
 g=  -9.2119360018698727E-003
 j=    0.000000000000000        -480.1072852734632      
    241.3477169525209     
 v_perp_2=    1393327.569993743     
 b_n=  -9.5418387243164862E-005  -0.8567695885702588      
    1.077112860299107     
 b_para_n=    1.363793323140752     
 dxdt=  -0.3227101547958776        -2799.806753336690      
    3519.410777006698     
 dudt=    61288.52112054565     
 ---------------------
 rk4
 istep=     18000001
 grad_b=  -0.8847556919708526       -2.2906784454502928E-002 
  -4.3144939146564830E-002
 bsub=  -6.1290009357348185E-004  -9.2559702134783955E-002 
   0.9614691812133930     
 bsup=    0.000000000000000       -0.4824904209421668      
   0.9685923973619360     
 b_abs=   0.9881581777333813     
 g=  -1.5725733451351174E-002
 j=    0.000000000000000         523.6182275490546      
    346.0596868389473     
 v_perp_2=    1009554.699837190     
 b_n=  -7.9746323198990796E-005  -0.4798829465333716      
   0.9688433832455633     
 b_para_n=   0.9881581949512260     
 dxdt=  -0.3721279308545669        -2184.540084085100      
    4411.029253435058     
 dudt=    15889.73131210022     
 ---------------------
 rk4
 istep=     19000001
 grad_b=  -0.2914018090908510       -4.0876385822431541E-002 
   6.4927985493036938E-002
 bsub=  -1.7120225967174014E-002   3.4801946370687196E-002 
    1.017731988673466     
 bsup=    0.000000000000000        0.3196885477830740      
   0.9644409845273331     
 b_abs=   0.9965615704568007     
 g=  -1.5521224189362708E-002
 j=    0.000000000000000         1170.720893021153      
   -69.23953809029354     
 v_perp_2=    1018137.733858847     
 b_n=  -1.3389270255745206E-004   0.3205905515814649      
   0.9644078859068494     
 b_para_n=   0.9965615686870091     
 dxdt=  -0.6195310539655712         1447.089044525317      
    4352.854722777335     
 dudt=   -25399.46484260646     
 ---------------------
 rk4
 istep=     20000001
 grad_b=  -0.4986187155121768       -7.7016345114598317E-003 
  -2.2914318274163070E-002
 bsub=   2.8263441755879484E-002  -6.0065799617972593E-002 
   0.9073767018848689     
 bsup=    0.000000000000000       -0.3254220119023699      
    1.048172107543061     
 b_abs=   0.9849017786918340     
 g=  -1.4831669456323648E-002
 j=    0.000000000000000         354.2963032856152      
   -41.89698281583088     
 v_perp_2=    1006223.093300872     
 b_n=  -2.7366175711866757E-005  -0.3239439022821469      
    1.048270802756636     
 b_para_n=   0.9849017750760529     
 dxdt=  -0.1281233828562290        -1479.699100781568      
    4788.807250159905     
 dudt=    11157.24015941415     
 ---------------------
 rk4
 istep=     21000001
 grad_b=   0.6961541752801165        4.2560272648333231E-002 
   0.1637634140319119     
 bsub=   1.9346278038254731E-002   0.1307083389677622      
    1.599523005293478     
 bsup=    0.000000000000000       -0.6118820856393365      
    1.099718775452253     
 b_abs=    1.296042768992613     
 g=  -8.3063528540309947E-003
 j=    0.000000000000000        -84.63657634340726      
   -169.6111340953764     
 v_perp_2=    1324095.794849195     
 b_n=   1.5620771880441793E-004  -0.6155984247298308      
    1.100020566476869     
 b_para_n=    1.296042759128019     
 dxdt=   0.5558879522749582        -2120.675851083465      
    3788.736944494196     
 dudt=   -60717.89792753210     
 ---------------------
 rk4
 istep=     22000001
 grad_b=  -0.6563886223403673       -0.1559531283110824      
   0.1206088023924308     
 bsub=  -8.4889907555625605E-003  -0.2130656472984014      
    1.457078409466630     
 bsup=    0.000000000000000        -1.094674206136754      
   0.8858980973979126     
 b_abs=    1.234333370441960     
 g=  -1.7914855618945229E-002
 j=    0.000000000000000        -2.847027195444724      
   -163.9895505471769     
 v_perp_2=    1261047.386614415     
 b_n=  -3.4535907229974388E-004   -1.093037043028479      
   0.8861354766055179     
 b_para_n=    1.234333361247387     
 dxdt=   -1.290389912917788        -3958.921708690551      
    3209.714069163348     
 dudt=   -114868.0816996673     
 ---------------------
 rk4
 istep=     23000001
 grad_b=  -0.4010122341280524        5.6245192283116967E-002 
   6.6914900214321407E-002
 bsub=  -0.1014017862022674       -8.4535990616415951E-002 
    1.707644208388631     
 bsup=    0.000000000000000        -1.208301651076643      
   0.9759055421581947     
 b_abs=    1.329879809917621     
 g=  -1.6495487990080927E-002
 j=    0.000000000000000        -328.2600964544158      
   -211.8184055473706     
 v_perp_2=    1358658.419676241     
 b_n=   1.6265760628412081E-004   -1.207217317278170      
   0.9759688716733549     
 b_para_n=    1.329879798846060     
 dxdt=   0.5641289720962853        -4048.477990954663      
    3273.079675558400     
 dudt=    1021.170326106970     
 ---------------------
 rk4
 istep=     24000001
 grad_b=   0.5620926259201577       -8.1651003463047794E-002 
  -0.1712026187190566     
 bsub=   3.0869235263373651E-002   0.1077325797018926      
    1.509132655634836     
 bsup=    0.000000000000000       -0.7984100315828880      
    1.110004735926901     
 b_abs=    1.260332680981026     
 g=  -7.6644662415946774E-003
 j=    0.000000000000000        -33.98390518300994      
    14.12859551947324     
 v_perp_2=    1287603.090632882     
 b_n=  -4.0227306262328495E-004  -0.8016870833791448      
    1.110246904120229     
 b_para_n=    1.260332681634084     
 dxdt=   -1.472066103752435        -2842.387478442863      
    3935.897419617957     
 dudt=    50600.24519622701     
 ---------------------
 rk4
 istep=     25000001
 grad_b=  -0.4405040711702108       -1.5779759784318812E-003 
   2.3831961510907884E-002
 bsub=  -3.2465827227909867E-002  -3.8995836519298506E-002 
   0.9376440430431563     
 bsup=    0.000000000000000       -0.2716966731900338      
    1.024117992961433     
 b_abs=   0.9852958872419588     
 g=  -1.6103954705912773E-002
 j=    0.000000000000000         721.9175509931105      
   -117.0990526118076     
 v_perp_2=    1006612.303797138     
 b_n=  -1.6566027346012061E-006  -0.2704554184696454      
    1.024169549521954     
 b_para_n=   0.9852958788370478     
 dxdt=  -7.7528075499068722E-003   -1234.869486849524      
    4676.784223599838     
 dudt=   -12875.70626655170     
 ---------------------
 rk4
 istep=     26000001
 grad_b=  -0.1017669682606248       -1.1876241473664617E-002 
  -6.9966807349333332E-002
 bsub=   3.6674575435620353E-002  -4.2364216320398412E-003 
   0.9512388605611176     
 bsup=    0.000000000000000        2.3726590615000376E-002 
    1.078748261882011     
 b_abs=    1.012753502804146     
 g=  -1.3888049255200196E-002
 j=    0.000000000000000        -613.6524548630229      
    147.8661942113504     
 v_perp_2=    1034661.320109617     
 b_n=  -3.8282885212393489E-005   2.4037738917152076E-002 
    1.078751132375441     
 b_para_n=    1.012753511059798     
 dxdt=  -0.1743073226211249         106.7515579534183      
    4789.145674620955     
 dudt=    38211.31300151077     
 ---------------------
 rk4
 istep=     27000001
 grad_b=   0.5537563228601069        7.9353551867449509E-002 
   0.1728537195267229     
 bsub=  -2.7329048393194815E-002   8.6205860623349742E-002 
    1.302292811218609     
 bsup=    0.000000000000000       -0.4864581037403038      
    1.133598312619180     
 b_abs=    1.197622292777289     
 g=  -7.8287499016606883E-003
 j=    0.000000000000000         37.49265566859901      
    529.8980069973391     
 v_perp_2=    1223525.667391293     
 b_n=   3.6873806450286742E-004  -0.4894845234767751      
    1.133806412083483     
 b_para_n=    1.197622321215289     
 dxdt=    1.419934816425099        -1829.377573102404      
    4236.660959651918     
 dudt=   -67111.02222916146     
 ---------------------
 rk4
 istep=     28000001
 grad_b=   0.2288516317212033       -0.1635915572700085      
   9.7593777851696956E-002
 bsub=   7.2506769305580393E-002  -0.1494399000201733      
    1.516934392651039     
 bsup=    0.000000000000000        -1.017964217898086      
   0.9420111461251216     
 b_abs=    1.257256764731548     
 g=  -1.8146700562543173E-002
 j=    0.000000000000000         164.7348345455924      
   -408.9176469703826     
 v_perp_2=    1284446.772242854     
 b_n=  -3.8064012790254773E-004   -1.018518412518015      
   0.9419747240260897     
 b_para_n=    1.257256740765066     
 dxdt=   -1.396307311449445        -3619.871776953704      
    3347.768442621949     
 dudt=   -105011.7617273546     
 ---------------------
 rk4
 istep=     29000001
 grad_b=  -0.5681330159141119       -6.0351033279646887E-002 
   5.4696288647980117E-002
 bsub=  -2.2586229366175242E-002  -0.2408835947038245      
    1.512662303757634     
 bsup=    0.000000000000000        -1.248129140435655      
   0.8982410367330547     
 b_abs=    1.288278408850524     
 g=  -1.7211782133020614E-002
 j=    0.000000000000000         568.4295056810917      
   -64.74533753894507     
 v_perp_2=    1316136.222353461     
 b_n=  -1.2772706669851540E-004   -1.246725932142895      
   0.8984625761232038     
 b_para_n=    1.288278400544418     
 dxdt=  -0.4572719270861047        -4320.568290432097      
    3113.791615727990     
 dudt=   -49347.78577755075     
 ---------------------
 Elapsed time (seconds):     150.8660500000000     

real	2m30.877s
user	2m30.566s
sys	0m0.012s
>>> [PID 3860183] DONE  u=4500, v_perp=-1000, out=bounce/dat199.dat
