>>> [PID 3853847] START u=5000, v_perp=-3000, out=bounce/dat158.dat, dt=5.00E-09, steps=30000000
 outer boundary:   8.3000000000000462E-002
 rk4
 istep=            1
 grad_b=  -0.5028813635675453        4.9309420528388798E-003 
  -7.9811859482512432E-003
 bsub=   8.6926566333784261E-003   4.2252186479069781E-002 
    1.020727668838869     
 bsup=    0.000000000000000        0.5002952300062891      
   0.9181487448501257     
 b_abs=   0.9787595728454550     
 g=  -1.6418821014569422E-002
 j=    0.000000000000000         576.0999209641870      
    59.08094481616023     
 v_perp_2=    8999998.858090289     
 b_n=   1.7859806585659496E-005   0.5020020942814013      
   0.9180779440731307     
 b_para_n=   0.9787595786535808     
 dxdt=   0.1076595957024272         2566.050669131292      
    4689.942454762639     
 dudt=    22834.16371350203     
 ---------------------
 rk4
 istep=      1000001
 grad_b=  -0.8786733809256109       -0.1203383565881397      
   0.1307827928946239     
 bsub=  -3.5809939682731766E-002  -0.2078480788316366      
    1.484716441389922     
 bsup=    0.000000000000000        -1.145523748088336      
   0.8877987850107064     
 b_abs=    1.247533204642428     
 g=  -1.8660711338679470E-002
 j=    0.000000000000000        -69.50151846644999      
   -242.9865856427042     
 v_perp_2=    11471423.07767289     
 b_n=  -2.5900109994148659E-004   -1.143301260717691      
   0.8881036564203482     
 b_para_n=    1.247533190757391     
 dxdt=   -1.236289940461089        -4347.708924864848      
    3379.219366046575     
 dudt=   -935934.4492928045     
 ---------------------
 rk4
 istep=      2000001
 grad_b=   0.7277398402045231       -3.0510140480383186E-002 
  -0.1561921932602136     
 bsub=   9.6397766203874108E-004   7.7118200937178930E-002 
    1.251255458757444     
 bsup=    0.000000000000000       -2.2110982547911495E-002 
    1.119300065891108     
 b_abs=    1.182882012491439     
 g=  -8.7580658787208086E-003
 j=    0.000000000000000        -557.1749076565978      
    204.1526908761838     
 v_perp_2=    10876903.96382066     
 b_n=  -1.0727035161903286E-004  -2.5849726695927819E-002 
    1.119530586351253     
 b_para_n=    1.182882022091237     
 dxdt=  -0.5386383500798652        -108.6588803646092      
    4551.332396244164     
 dudt=    676893.7702346114     
 ---------------------
 rk4
 istep=      3000001
 grad_b=   0.6580266179278809        5.7492813837531506E-002 
   0.1591519870440909     
 bsub=  -2.5011595741579254E-003   0.1228580580175183      
    1.530496570132788     
 bsup=    0.000000000000000       -0.6153334202108374      
    1.114698250152828     
 b_abs=    1.277028749103765     
 g=  -7.8328859505036458E-003
 j=    0.000000000000000         401.3878463068928      
   -67.01626126441720     
 v_perp_2=    11742567.39640796     
 b_n=   2.6443401099205473E-004  -0.6192261662404086      
    1.115011164295946     
 b_para_n=    1.277028747078423     
 dxdt=    1.234607275627014        -2291.425587873886      
    4119.535267792870     
 dudt=   -511338.4384840818     
 ---------------------
 rk4
 istep=      4000001
 grad_b=   -1.241737035420777       -4.7265815940430424E-002 
  -0.2157366605696190     
 bsub=   3.5579747760997274E-002  -8.6295566674550850E-002 
    1.295854545483808     
 bsup=    0.000000000000000       -0.9232156872942098      
   0.8731481728662299     
 b_abs=    1.100520757448279     
 g=  -1.9351200818098883E-002
 j=    0.000000000000000         1292.322388798837      
   -338.9223836647729     
 v_perp_2=    10119505.21486801     
 b_n=  -1.7421263058978203E-004  -0.9197224161017445      
   0.8733855607053078     
 b_para_n=    1.100520728236433     
 dxdt=  -0.9374804338838285        -4080.661513360477      
    3878.416565614536     
 dudt=    604648.8552255619     
 ---------------------
 rk4
 istep=      5000001
 grad_b=   0.3703309791986671       -5.9341165524481945E-002 
   0.1609376122502471     
 bsub=   4.2300751016584020E-003   3.6006348661736257E-002 
    1.122163976626767     
 bsup=    0.000000000000000        0.7966784668145721      
    1.016719772426868     
 b_abs=    1.081588641661891     
 g=  -1.1799044571818408E-002
 j=    0.000000000000000         1590.492222981287      
   -92.83256049482488     
 v_perp_2=    9945393.978471300     
 b_n=  -2.6907590389328939E-004   0.7951362973521723      
    1.016770267102892     
 b_para_n=    1.081588639076625     
 dxdt=   -1.472380550365010         3604.162910984018      
    4610.672810265187     
 dudt=   -494587.2123472606     
 ---------------------
 rk4
 istep=      6000001
 grad_b=  -0.6819751222812992       -0.1172423401425744      
   0.1051180799985448     
 bsub=  -2.0986449983500414E-002  -0.2248937984623444      
    1.495372264411340     
 bsup=    0.000000000000000        -1.184853269300856      
   0.8930412186113980     
 b_abs=    1.265663879488616     
 g=  -1.7519015307019933E-002
 j=    0.000000000000000         52.88092971195147      
   -303.7747896435969     
 v_perp_2=    11637962.69950291     
 b_n=  -2.6738405303318398E-004   -1.183059429594858      
   0.8933072320291048     
 b_para_n=    1.265663861398142     
 dxdt=   -1.258977062492033        -4418.475765721762      
    3337.888361811002     
 dudt=   -845614.7657208329     
 ---------------------
 rk4
 istep=      7000001
 grad_b=   0.7642144351767177       -8.7093121713708310E-003 
  -0.1594654481898659     
 bsub=  -1.2299221379422031E-002   6.9485906224414626E-002 
    1.261768831029208     
 bsup=    0.000000000000000        0.2063887364527658      
    1.095605874734119     
 b_abs=    1.181617225880047     
 g=  -9.2361390461073497E-003
 j=    0.000000000000000        -1650.390837155514      
    208.7033386727543     
 v_perp_2=    10865108.67859892     
 b_n=   3.5688584666868871E-007   0.2026337613993363      
    1.095812671876800     
 b_para_n=    1.181617232612451     
 dxdt=   1.7938678161588562E-003    821.2489658600172      
    4460.797186252835     
 dudt=    686780.7239593703     
 ---------------------
 rk4
 istep=      8000001
 grad_b=   0.5273532527839880        9.4063326431629027E-002 
   0.1823453648377011     
 bsub=  -3.7424337645858251E-002   9.6200190432545074E-002 
    1.465253304990596     
 bsup=    0.000000000000000       -0.7739198069883364      
    1.106975427341476     
 b_abs=    1.243293900850329     
 g=  -7.8930236474644908E-003
 j=    0.000000000000000        -361.1456745193629      
   -68.18808904177453     
 v_perp_2=    11432194.94130648     
 b_n=   4.8996079273558638E-004  -0.7770951125445942      
    1.107196409401225     
 b_para_n=    1.243293895409987     
 dxdt=    2.346291808588348        -2972.311191132141      
    4230.751165161521     
 dudt=   -477225.7444951769     
 ---------------------
 rk4
 istep=      9000001
 grad_b=   0.3437121398424123       -0.1280737838070476      
  -0.2450872920627618     
 bsub=   5.3558689754020568E-002   7.4394739298043133E-002 
    1.603047779750666     
 bsup=    0.000000000000000        -1.280286652251845      
    1.056290549434786     
 b_abs=    1.264543487858019     
 g=  -9.5299877358446927E-003
 j=    0.000000000000000         454.5792453362532      
    338.9520466970670     
 v_perp_2=    11627556.02553397     
 b_n=  -6.0744847514948846E-004   -1.282118352793457      
    1.056395868447976     
 b_para_n=    1.264543510302145     
 dxdt=   -2.862568897470023        -4797.469919077000      
    3951.489944119267     
 dudt=    345075.1664695780     
 ---------------------
 rk4
 istep=     10000001
 grad_b=   0.5294383891170242        5.1419584724817016E-003 
   0.1413108711027247     
 bsub=  -9.3039154319417700E-003   5.2774097599768519E-002 
    1.109309074571028     
 bsup=    0.000000000000000        0.4087471903866748      
    1.082097102624396     
 b_abs=    1.105085715482136     
 g=  -1.1207146860581050E-002
 j=    0.000000000000000         291.1177413834620      
   -314.6956413380321     
 v_perp_2=    10161299.96158918     
 b_n=  -6.5443200585845272E-006   0.4065504108294103      
    1.082201539511634     
 b_para_n=    1.105085697941210     
 dxdt=  -3.5076445667298027E-002    1794.152267084478      
    4781.480703167785     
 dudt=   -644906.1173246761     
 ---------------------
 rk4
 istep=     11000001
 grad_b=  -0.5691050412201953       -0.1026750203621277      
   8.4560086231236758E-002
 bsub=  -9.9752896586384338E-003  -0.2337880358061177      
    1.502386074426874     
 bsup=    0.000000000000000        -1.213027791287255      
   0.8961863581823417     
 b_abs=    1.276709092023780     
 g=  -1.7031048941055775E-002
 j=    0.000000000000000         99.04933112089265      
   -213.2652577584469     
 v_perp_2=    11739346.51289308     
 b_n=  -2.3912492658097954E-004   -1.211509039615066      
   0.8964210940765425     
 b_para_n=    1.276709078950092     
 dxdt=   -1.116705003829784        -4475.690927590264      
    3312.981893578371     
 dudt=   -721395.0065755644     
 ---------------------
 rk4
 istep=     12000001
 grad_b=   0.7285588160730760        4.6648439205171394E-002 
  -0.1763890201937927     
 bsub=  -2.8612694154674177E-002   4.1184019856353948E-002 
    1.280130074703080     
 bsup=    0.000000000000000        0.4215360360117723      
    1.041556835074614     
 b_abs=    1.161843466404630     
 g=  -1.0839391633127013E-002
 j=    0.000000000000000        -812.5432478023697      
    176.5672165688819     
 v_perp_2=    10683124.48274757     
 b_n=   2.3124891053527175E-004   0.4183334584784199      
    1.041665044541111     
 b_para_n=    1.161843475460372     
 dxdt=    1.181271278412160         1735.592790787955      
    4329.382710498547     
 dudt=    649178.7600935935     
 ---------------------
 rk4
 istep=     13000001
 grad_b=  -0.8527732643701400        0.1268324431771524      
   0.2114218385329973     
 bsub=  -3.9572209216096957E-002  -6.9507460502328297E-002 
    1.176519992724568     
 bsup=    0.000000000000000       -0.7850915808169998      
   0.9248877250607465     
 b_abs=    1.069442916519928     
 g=  -1.4750862087668553E-002
 j=    0.000000000000000         189.6150070481115      
    169.7098276787865     
 v_perp_2=    9833475.981991705     
 b_n=   4.9968123024142464E-004  -0.7820586066460032      
   0.9250837260581952     
 b_para_n=    1.069442927057669     
 dxdt=    2.764211655364312        -3592.079813416323      
    4252.548172688309     
 dudt=   -412553.2966599252     
 ---------------------
 rk4
 istep=     14000001
 grad_b=   0.4836054474752948       -6.6583739671128267E-002 
  -0.1767448620610941     
 bsub=   1.6108268079946156E-002   0.1444159615552572      
    1.745803041054686     
 bsup=    0.000000000000000        -1.065628223219531      
    1.086693057669424     
 b_abs=    1.320646703482569     
 g=  -7.5435170067789234E-003
 j=    0.000000000000000         96.24753465489633      
    416.4160840509274     
 v_perp_2=    12143246.10989830     
 b_n=  -3.3723470725834380E-004   -1.068777348472343      
    1.086956690328519     
 b_para_n=    1.320646729590578     
 dxdt=   -1.525452271968780        -3786.593978664895      
    3848.111690358980     
 dudt=    421624.8426596266     
 ---------------------
 rk4
 istep=     15000001
 grad_b=   0.4766414866420550        2.5969564502283542E-002 
   0.1370542851466795     
 bsub=  -1.8675258552728238E-002   5.2883507877297606E-002 
    1.097708104290474     
 bsup=    0.000000000000000        0.2153737191031090      
    1.105368375560315     
 b_abs=    1.106358394806092     
 g=  -1.0761796973992202E-002
 j=    0.000000000000000         38.94251115170965      
   -8.290654733069118     
 v_perp_2=    10172847.71804991     
 b_n=   8.2413943242200233E-005   0.2133354871185043      
    1.105467971755398     
 b_para_n=    1.106358394436941     
 dxdt=   0.4412354113742469         939.3267227094781      
    4877.471628327770     
 dudt=   -652776.1526815622     
 ---------------------
 rk4
 istep=     16000001
 grad_b=  -0.4696080772681522       -7.4334117102334882E-002 
   5.4262885832039739E-002
 bsub=   5.6190375680715225E-003  -0.2422702959880424      
    1.508000388655841     
 bsup=    0.000000000000000        -1.242513560381037      
   0.8989210078219707     
 b_abs=    1.287112376558057     
 g=  -1.6853412302064864E-002
 j=    0.000000000000000         114.4374735769388      
   -44.67156551009805     
 v_perp_2=    11834824.61689358     
 b_n=  -1.7455216265915073E-004   -1.241263770233105      
   0.8991224423003439     
 b_para_n=    1.287112373005495     
 dxdt=  -0.8089284744364921        -4539.065458383845      
    3289.000453870236     
 dudt=   -504133.6291877871     
 ---------------------
 rk4
 istep=     17000001
 grad_b=  -0.2383292462555872        9.8440722041950077E-002 
  -9.8531392027017106E-002
 bsub=  -1.1296200514042707E-002   1.9489308308892249E-002 
    1.116183161916821     
 bsup=    0.000000000000000        0.1531543298515281      
   0.9202236433629813     
 b_abs=    1.014992880293892     
 g=  -1.8325389263059502E-002
 j=    0.000000000000000        -172.7283439347186      
   -132.2469990396109     
 v_perp_2=    9332694.756828768     
 b_n=   3.0768960556188486E-004   0.1538895165182659      
   0.9202139117448009     
 b_para_n=    1.014992870725136     
 dxdt=    1.790421357457563         753.7012169485045      
    4502.832465982735     
 dudt=    342405.6194676028     
 ---------------------
 rk4
 istep=     18000001
 grad_b=   -1.195184545762625       -1.1223148061187474E-003 
   0.1165160551000252     
 bsub=  -8.1616009232204460E-003  -8.1657794272027934E-002 
    1.130484519212059     
 bsup=    0.000000000000000       -0.7041769409072560      
   0.8821542651936385     
 b_abs=    1.026782004236444     
 g=  -1.9114719785016748E-002
 j=    0.000000000000000        -150.7769046869338      
   -520.5709994912814     
 v_perp_2=    9441069.870367339     
 b_n=   2.1213065017753783E-005  -0.7007034247227520      
   0.8824052869800388     
 b_para_n=    1.026781968630975     
 dxdt=   0.1220628301710412        -3378.677354119356      
    4259.104926111905     
 dudt=   -463756.9992265436     
 ---------------------
 rk4
 istep=     19000001
 grad_b=   0.5902527304812020       -7.2763765814130021E-002 
  -0.1891048763325715     
 bsub=  -1.0494528286178787E-002   0.1593895368586282      
    1.785494435762211     
 bsup=    0.000000000000000       -0.8850989201322725      
    1.084669047669405     
 b_abs=    1.339872510586665     
 g=  -8.0632740324570514E-003
 j=    0.000000000000000        -595.7196023638835      
    101.0044295004797     
 v_perp_2=    12319838.91230150     
 b_n=  -3.3575610538153123E-004  -0.8886386535740997      
    1.084983065322907     
 b_para_n=    1.339872513498217     
 dxdt=   -1.498303696544946        -3091.606521785880      
    3770.738761040266     
 dudt=    482817.8598090403     
 ---------------------
 rk4
 istep=     20000001
 grad_b=   0.3985755471972822        4.8885744016215232E-002 
   0.1360558072563944     
 bsub=  -2.7304485866493276E-002   4.9726301136076845E-002 
    1.084187822510053     
 bsup=    0.000000000000000        3.9436310086481408E-002 
    1.123287729638702     
 b_abs=    1.104203393981110     
 g=  -1.0228070526970398E-002
 j=    0.000000000000000        -186.7798053222969      
    377.0426692642418     
 v_perp_2=    10152878.13205093     
 b_n=   1.8940903362310007E-004   3.7650817999207213E-002 
    1.123374412829856     
 b_para_n=    1.104203415015981     
 dxdt=    1.015979957880840         164.8302321038904      
    4968.217029939221     
 dudt=   -644335.2819736768     
 ---------------------
 rk4
 istep=     21000001
 grad_b=  -0.5775447475882248        1.2697899962866150E-002 
  -4.4492603661617190E-002
 bsub=   5.1017995435539899E-002  -0.2289132620030349      
    1.529168001355216     
 bsup=    0.000000000000000        -1.273291090587140      
   0.9070822301991135     
 b_abs=    1.295475108347222     
 g=  -1.8393412588837900E-002
 j=    0.000000000000000         232.3749750141960      
    1.464625219760677     
 v_perp_2=    11911538.35635231     
 b_n=   1.4705081640349538E-005   -1.271888001340360      
   0.9072917775360368     
 b_para_n=    1.295475106471323     
 dxdt=   6.7732832660384379E-002   -4612.892520477284      
    3291.756354371236     
 dudt=    200600.8244825715     
 ---------------------
 rk4
 istep=     22000001
 grad_b=  -0.3874396033324318       -1.4631848871278802E-002 
   2.4329996962045200E-002
 bsub=  -3.1284303983743433E-002  -8.1482736595367422E-004 
   0.9809491744205001     
 bsup=    0.000000000000000       -0.1155345145366728      
   0.9868246552681068     
 b_abs=   0.9840655008399574     
 g=  -1.6952534132648505E-002
 j=    0.000000000000000         123.6218893586748      
   -173.2999204357378     
 v_perp_2=    9048186.598414287     
 b_n=  -4.5625777419827716E-005  -0.1143271242404194      
   0.9868241915263735     
 b_para_n=   0.9840654893051205     
 dxdt=  -0.2735913408990814        -579.2205322828252      
    5009.181947750113     
 dudt=   -120064.6343907287     
 ---------------------
 rk4
 istep=     23000001
 grad_b=   -1.174271222572737       -3.3618403906072160E-002 
   0.1082170337920496     
 bsub=  -3.7886975657259198E-003  -7.8490317420697633E-002 
    1.143805207991601     
 bsup=    0.000000000000000       -0.6936135707342947      
   0.8809175656050283     
 b_abs=    1.030404949291705     
 g=  -1.9715511198360926E-002
 j=    0.000000000000000         77.49270142548565      
   -452.0118522236525     
 v_perp_2=    9474238.463383051     
 b_n=  -7.4149777427285604E-005  -0.6902902497456416      
   0.8811453443691974     
 b_para_n=    1.030404917215498     
 dxdt=  -0.4252140066193146        -3314.599299312281      
    4235.186750422302     
 dudt=   -529370.0752206241     
 ---------------------
 rk4
 istep=     24000001
 grad_b=   0.6882667761653158       -4.2162613104530358E-002 
  -0.1864724059382938     
 bsub=  -4.0113151525634869E-002   0.1560799321772428      
    1.807395492222100     
 bsup=    0.000000000000000       -0.8155845084034989      
    1.078847206730882     
 b_abs=    1.349867913219224     
 g=  -9.0174932506315968E-003
 j=    0.000000000000000        -796.1444217928863      
    290.7846333525477     
 v_perp_2=    12411556.04262197     
 b_n=  -1.3933455997895304E-004  -0.8192424241303138      
    1.079160008357211     
 b_para_n=    1.349867926671764     
 dxdt=  -0.6174639823002558        -2823.507082101252      
    3714.851159285497     
 dudt=    568040.8459982851     
 ---------------------
 rk4
 istep=     25000001
 grad_b=   0.1323629364332302        8.6165543170644218E-002 
   0.1321555622984586     
 bsub=  -4.4253562142655432E-002   2.8754737329642649E-002 
    1.032963056855949     
 bsup=    0.000000000000000       -0.2758080627500910      
    1.143606644338152     
 b_abs=    1.083003289579777     
 g=  -9.1864555492349211E-003
 j=    0.000000000000000        -317.1716504536292      
    125.0489314313990     
 v_perp_2=    9957797.678251887     
 b_n=   4.0564374673943495E-004  -0.2764868435919242      
    1.143642924910577     
 b_para_n=    1.083003296177570     
 dxdt=    2.216876868815075        -1252.427378213415      
    5177.864074739431     
 dudt=   -540674.3206071509     
 ---------------------
 rk4
 istep=     26000001
 grad_b=  -0.2989741597941482       -0.1308185956524126      
  -0.1971863034834580     
 bsub=   8.2280891163174177E-002   3.6463992932602683E-002 
    1.812350124636567     
 bsup=    0.000000000000000        -1.192371671409001      
    1.012169326120459     
 b_abs=    1.338195327267957     
 g=  -1.4419319248793581E-002
 j=    0.000000000000000         377.8924371963312      
    171.7814380363933     
 v_perp_2=    12304155.81668797     
 b_n=  -4.3384820909337675E-004   -1.191379740653384      
    1.012169073706626     
 b_para_n=    1.338195338384830     
 dxdt=   -1.938308362587268        -4145.877177563475      
    3523.074246632096     
 dudt=    149790.7114637749     
 ---------------------
 rk4
 istep=     27000001
 grad_b=  -0.3729970431802803       -4.2268930451917104E-003 
   3.1414206907042386E-002
 bsub=  -3.4425536163289451E-002  -2.8554587791148844E-002 
   0.9418092298587778     
 bsup=    0.000000000000000       -0.2103970924034460      
    1.030642096034043     
 b_abs=   0.9884661361295535     
 g=  -1.5875745405959447E-002
 j=    0.000000000000000         833.9028265106708      
   -112.8072305355062     
 v_perp_2=    9088511.944203569     
 b_n=  -1.0381015305919595E-005  -0.2092181618452950      
    1.030677451252363     
 b_para_n=   0.9884661273956501     
 dxdt=  -6.1979510911723566E-002   -1055.336126084873      
    5204.314538059355     
 dudt=   -154718.0958439191     
 ---------------------
 rk4
 istep=     28000001
 grad_b=   -1.140589620079417       -5.3328100764223660E-002 
   0.1068783134142821     
 bsub=  -2.0599447544679787E-003  -7.8099166453410071E-002 
    1.156553388568611     
 bsup=    0.000000000000000       -0.6898629381914807      
   0.8800598565792582     
 b_abs=    1.035152334358635     
 g=  -1.9976340943146001E-002
 j=    0.000000000000000         63.94537283385083      
   -126.3781114984661     
 v_perp_2=    9517744.561953072     
 b_n=  -1.2896346814381942E-004  -0.6866734513409162      
   0.8802749967628023     
 b_para_n=    1.035152325182663     
 dxdt=  -0.7362590287938381        -3279.286960371317      
    4207.851929474187     
 dudt=   -581115.6937921653     
 ---------------------
 rk4
 istep=     29000001
 grad_b=   0.6652556655419748        2.0840458330317647E-002 
  -0.1481875397504470     
 bsub=  -8.3843462396454557E-002   9.2826031819449623E-002 
    1.795256886220892     
 bsup=    0.000000000000000       -0.9297312081914179      
    1.049742190634375     
 b_abs=    1.340956496218912     
 g=  -1.1241526986155858E-002
 j=    0.000000000000000         721.8730228247978      
   -577.8554435583858     
 v_perp_2=    12329431.98925130     
 b_n=   1.2327903391735906E-004  -0.9325785875646682      
    1.049895150795546     
 b_para_n=    1.340956463192718     
 dxdt=   0.5497120685227675        -3240.283161767331      
    3644.889793954609     
 dudt=    599736.8680476006     
 ---------------------
 Elapsed time (seconds):     154.1198840000000     

real	2m34.131s
user	2m33.817s
sys	0m0.017s
>>> [PID 3853847] DONE  u=5000, v_perp=-3000, out=bounce/dat158.dat
