>>> [PID 3853252] START u=3000, v_perp=-3000, out=bounce/dat154.dat, dt=5.00E-09, steps=30000000
 outer boundary:   8.3000000000000462E-002
 rk4
 istep=            1
 grad_b=  -0.5028818894909983        4.9314527435233430E-003 
  -7.9822661386953903E-003
 bsub=   8.6925174258773476E-003   4.2252264901170407E-002 
    1.020727362358371     
 bsup=    0.000000000000000        0.5003051831784606      
   0.9181486523446442     
 b_abs=   0.9787596225137554     
 g=  -1.6418770555816541E-002
 j=    0.000000000000000         576.0999313786872      
    59.08846886008427     
 v_perp_2=    8999999.314805826     
 b_n=   1.0717045404906132E-005   0.5013293055495852      
   0.9181061716213351     
 b_para_n=   0.9787596259989478     
 dxdt=   4.9273287999384172E-002    1538.195980489857      
    2814.025856701819     
 dudt=    22837.38603650305     
 ---------------------
 rk4
 istep=      1000001
 grad_b=  -7.1622056627650060E-002  -5.3847019416017147E-002 
   0.1081620626333828     
 bsub=  -1.1062939185372093E-002   3.6921472050199550E-002 
    1.044489502912827     
 bsup=    0.000000000000000        0.5265478169165432      
   0.9862948684123025     
 b_abs=    1.024589523052285     
 g=  -1.3999899819859076E-002
 j=    0.000000000000000        -1296.027736292463      
    227.2844563839968     
 v_perp_2=    9421410.347859548     
 b_n=  -1.2558472406375612E-004   0.5267012396692794      
   0.9862881217606623     
 b_para_n=    1.024589530004556     
 dxdt=  -0.5561356340886969         1505.885174517742      
    2819.422770546331     
 dudt=   -351475.6278665920     
 ---------------------
 rk4
 istep=      2000001
 grad_b=  -0.3540685746624836       -9.5957486363234604E-003 
   3.2160907930770255E-002
 bsub=  -3.4092556990590515E-002  -1.8810887507231588E-002 
   0.9538152405911056     
 bsup=    0.000000000000000       -0.1767948923299927      
    1.018653282675420     
 b_abs=   0.9876312288787242     
 g=  -1.6245542866962392E-002
 j=    0.000000000000000         616.0815786064318      
   -59.74291866371360     
 v_perp_2=    9081558.913196376     
 b_n=  -1.6852371594178805E-005  -0.1761311914351587      
    1.018665766787689     
 b_para_n=   0.9876312261187014     
 dxdt=  -7.6902697275063839E-002   -531.5595692379974      
    3080.236644375773     
 dudt=   -160406.4099821191     
 ---------------------
 rk4
 istep=      3000001
 grad_b=  -0.9683306318350400        2.5888021468665586E-002 
  -6.2620917295675704E-002
 bsub=  -1.0475786846618316E-002  -6.3743805621333416E-002 
    1.069348158232148     
 bsup=    0.000000000000000       -0.5782870755794374      
   0.9045435456210296     
 b_abs=    1.002083938021268     
 g=  -1.9380187239994941E-002
 j=    0.000000000000000         1152.224320080258      
   -737.3780181179468     
 v_perp_2=    9214446.434478557     
 b_n=   3.7749346137815276E-005  -0.5766360855742573      
   0.9046422995409314     
 b_para_n=    1.002083904573260     
 dxdt=   0.1702125468122179        -1703.059214743362      
    2675.976147361762     
 dudt=    328571.4237597703     
 ---------------------
 rk4
 istep=      4000001
 grad_b=   -1.070155864083864        0.1223486819576604      
  -0.1435723085388646     
 bsub=   2.1237939280957199E-002  -0.1423282908989768      
    1.351437735445453     
 bsup=    0.000000000000000       -0.8688362857060697      
   0.8682589828111333     
 b_abs=    1.138887930661297     
 g=  -2.0194075319034579E-002
 j=    0.000000000000000         174.1552275446923      
    302.4218015830110     
 v_perp_2=    10472388.43272280     
 b_n=   1.5879765640283621E-004  -0.8672547935153876      
   0.8684230530443263     
 b_para_n=    1.138887941337339     
 dxdt=   0.6486570102806072        -2086.618616855664      
    2092.358111449464     
 dudt=    932372.7329909615     
 ---------------------
 rk4
 istep=      5000001
 grad_b=  -0.4924391874583344        1.9395982958379236E-002 
  -1.7285816006580919E-002
 bsub=   8.6816508415111238E-003  -0.2461095753142006      
    1.516236553642879     
 bsup=    0.000000000000000        -1.262232731323301      
   0.8999915668846683     
 b_abs=    1.294393541953803     
 g=  -1.6716564185723422E-002
 j=    0.000000000000000         753.4157381712739      
    59.47576165208029     
 v_perp_2=    11902294.58291775     
 b_n=   2.3201655448817221E-005   -1.261544167609974      
   0.9001031974249706     
 b_para_n=    1.294393540108396     
 dxdt=   8.7461148322098253E-002   -2405.403522424198      
    1717.361608452194     
 dudt=    142218.1382530330     
 ---------------------
 rk4
 istep=      6000001
 grad_b=  -0.8542270220482380       -0.1571226971564603      
   0.1306336278580010     
 bsub=  -1.1578969254454926E-002  -0.1655376318467709      
    1.375899879204356     
 bsup=    0.000000000000000       -0.9097645468755630      
   0.8740333040368599     
 b_abs=    1.163145991573403     
 g=  -1.9441250236082008E-002
 j=    0.000000000000000         16.39631184262237      
    62.89147023915678     
 v_perp_2=    10695428.34783316     
 b_n=  -2.0914881908691663E-004  -0.9085027130096355      
   0.8741833598844712     
 b_para_n=    1.163145993774673     
 dxdt=  -0.8417678486451152        -2108.859022493662      
    2031.516039329273     
 dudt=   -1016340.434504298     
 ---------------------
 rk4
 istep=      7000001
 grad_b=  -0.8385287208653873       -0.1097365829234135      
   8.9645058188416102E-002
 bsub=   9.3010130837808576E-003  -6.7887235224984160E-002 
    1.165343205595159     
 bsup=    0.000000000000000       -0.6249989115901938      
   0.8870512850052860     
 b_abs=    1.037484413573346     
 g=  -2.0520692437299655E-002
 j=    0.000000000000000         949.6603250980460      
    318.7016829435040     
 v_perp_2=    9539929.397419291     
 b_n=  -1.6778680019665688E-004  -0.6236515575693922      
   0.8871311241791124     
 b_para_n=    1.037484424476829     
 dxdt=  -0.7356138582919788        -1746.296969466434      
    2487.226050817594     
 dudt=   -656327.9152262353     
 ---------------------
 rk4
 istep=      8000001
 grad_b=  -0.1215224775758987       -0.1752572377572666      
   0.1212982153634774     
 bsub=   2.4095109528845846E-002  -4.3263546901012750E-002 
    1.241679157045930     
 bsup=    0.000000000000000       -0.3716324358648325      
   0.9176451227622215     
 b_abs=    1.075050063489069     
 g=  -1.9909502137105295E-002
 j=    0.000000000000000        -244.0781676942429      
   -182.2231997699118     
 v_perp_2=    9885345.287486250     
 b_n=  -2.7504107808357765E-004  -0.3714332342996835      
   0.9176573946902077     
 b_para_n=    1.075050056499664     
 dxdt=   -1.172702329180208        -983.8869448134344      
    2431.590534219466     
 dudt=   -754571.7679844635     
 ---------------------
 rk4
 istep=      9000001
 grad_b=   0.6752996193527256       -6.8597047437110509E-002 
   0.1836090328934572     
 bsub=   3.2621848515352131E-002   2.3544108480044235E-002 
    1.298919117846780     
 bsup=    0.000000000000000        0.3261273764534640      
    1.014265971607610     
 b_abs=    1.150962138670203     
 g=  -1.2085399351965013E-002
 j=    0.000000000000000         62.22740498247362      
   -106.3109885997644     
 v_perp_2=    10583364.58865166     
 b_n=  -1.6625685886969063E-004   0.3245770643718470      
    1.014298244650201     
 b_para_n=    1.150962134977745     
 dxdt=  -0.6740666314143412         765.3810289000692      
    2400.037143843469     
 dudt=   -654539.7198644308     
 ---------------------
 rk4
 istep=     10000001
 grad_b=   0.3034724623419232       -3.2504589043875626E-003 
   0.1220130582096883     
 bsub=  -1.8847064210445429E-002   4.2023295268185538E-002 
    1.052651764259763     
 bsup=    0.000000000000000        0.3566068967038948      
    1.071647153332639     
 b_abs=    1.069039971786505     
 g=  -1.2509813203813726E-002
 j=    0.000000000000000        -958.0338541501487      
   -114.4931161231494     
 v_perp_2=    9830061.983058041     
 b_n=  -1.7880596406774602E-005   0.3559339077625961      
    1.071673694460278     
 b_para_n=    1.069039966500070     
 dxdt=  -7.6568671496265533E-002    950.5840922293505      
    2865.394884246606     
 dudt=   -557350.8053118103     
 ---------------------
 rk4
 istep=     11000001
 grad_b=  -0.3549503562543429        1.4883721017483996E-003 
   3.6173583851276767E-002
 bsub=  -3.4637447144652111E-002  -3.3348681144094873E-002 
   0.9301927025632309     
 bsup=    0.000000000000000       -0.2093617431536189      
    1.046174503802730     
 b_abs=   0.9902478033513499     
 g=  -1.5302828429452041E-002
 j=    0.000000000000000         759.4801529821032      
   -150.2465747389164     
 v_perp_2=    9105541.381788146     
 b_n=   5.3868261376735141E-006  -0.2086778234641080      
    1.046199216821003     
 b_para_n=   0.9902477967506753     
 dxdt=   2.4527994566796305E-002   -627.4267445255231      
    3150.906510652821     
 dudt=   -174257.9588032991     
 ---------------------
 rk4
 istep=     12000001
 grad_b=  -0.9901188433080533        1.3264692962131255E-002 
  -6.3010748445922860E-002
 bsub=  -8.5631244470239804E-003  -6.9085202975502816E-002 
    1.058321051614183     
 bsup=    0.000000000000000       -0.5759687369521849      
   0.9082999644974589     
 b_abs=    1.000508507216848     
 g=  -1.9028757312793920E-002
 j=    0.000000000000000         1207.123013592074      
   -894.4149551475839     
 v_perp_2=    9199881.236609474     
 b_n=   1.5779636190709179E-005  -0.5742605752503666      
   0.9084115598148540     
 b_para_n=    1.000508467090040     
 dxdt=   7.1242445252235193E-002   -1700.030594395770      
    2693.605845608578     
 dudt=    298107.6512269915     
 ---------------------
 rk4
 istep=     13000001
 grad_b=   -1.163733458427346        0.1013038358216280      
  -0.1507588486655245     
 bsub=   2.5130772717224796E-002  -0.1319966082667307      
    1.339797527680168     
 bsup=    0.000000000000000       -0.8610524753691651      
   0.8654234919492506     
 b_abs=    1.128436255208909     
 g=  -2.0579535310625254E-002
 j=    0.000000000000000         571.2276880051343      
    156.0041166254379     
 v_perp_2=    10376193.51257785     
 b_n=   1.2767398896233289E-004  -0.8593379912101944      
   0.8655900110249353     
 b_para_n=    1.128436259017720     
 dxdt=   0.5249930184909686        -2099.823888266572      
    2118.253759068297     
 dudt=    886971.7799976972     
 ---------------------
 rk4
 istep=     14000001
 grad_b=  -0.6203089944705715        7.0337583117985727E-002 
  -6.7319295950553332E-002
 bsub=   2.9338568799362280E-002  -0.2367761504218882      
    1.511851500517318     
 bsup=    0.000000000000000        -1.242102574403652      
   0.8976387218501900     
 b_abs=    1.285095219072284     
 g=  -1.7570030145277193E-002
 j=    0.000000000000000         447.2150680528341      
   -95.13786643937041     
 v_perp_2=    11816692.96559065     
 b_n=   8.1046439926345945E-005   -1.241263556536403      
   0.8977685462950251     
 b_para_n=    1.285095214129101     
 dxdt=   0.3066720247713842        -2400.261255770563      
    1737.398699990966     
 dudt=    528755.9559330676     
 ---------------------
 rk4
 istep=     15000001
 grad_b=  -0.2445486144332483       -0.1483897036570175      
   7.5504550771064244E-002
 bsub=   3.6142414310102081E-002  -0.2255216766415681      
    1.477110089050799     
 bsup=    0.000000000000000        -1.177254089463502      
   0.9033262902125228     
 b_abs=    1.264923514307740     
 g=  -1.8385722852162160E-002
 j=    0.000000000000000        -172.9522860393181      
    61.17850300541525     
 v_perp_2=    11631199.03333098     
 b_n=  -1.8143090947025714E-004   -1.176927459027462      
   0.9033806009835892     
 b_para_n=    1.264923516990281     
 dxdt=  -0.6925034484484893        -2347.492385109388      
    1802.433174452105     
 dudt=   -882853.0190331078     
 ---------------------
 rk4
 istep=     16000001
 grad_b=   0.2389855982693392       -9.6716183573091807E-002 
   6.3332901284786899E-002
 bsub=   9.9854818847381496E-002  -8.9636351300662359E-002 
    1.659453250032689     
 bsup=    0.000000000000000        -1.125291482930278      
   0.9788869957596682     
 b_abs=    1.313614278103827     
 g=  -1.5997077457634158E-002
 j=    0.000000000000000        -247.0599846486818      
    218.4710767413435     
 v_perp_2=    12078908.34551527     
 b_n=  -1.4277275960771470E-004   -1.125651384486745      
   0.9788761522205227     
 b_para_n=    1.313614285235316     
 dxdt=  -0.5342288464883447        -2085.828249211355      
    1813.242408490041     
 dudt=   -597894.6922969237     
 ---------------------
 rk4
 istep=     17000001
 grad_b=   0.7216391068275236       -3.1442250776905808E-002 
   0.1645187933911660     
 bsub=   7.8837819239542944E-002   6.5500028644746161E-002 
    1.676878068391100     
 bsup=    0.000000000000000       -0.7746345437898783      
    1.038963947931846     
 b_abs=    1.300330878885638     
 g=  -1.1503404709664758E-002
 j=    0.000000000000000        -947.3031261030120      
   -428.6019712159516     
 v_perp_2=    11956754.34305456     
 b_n=  -8.3960812399862066E-005  -0.7762174141355977      
    1.039029711768679     
 b_para_n=    1.300330863962776     
 dxdt=  -0.3157551396854167        -1470.414747586935      
    1964.429360989720     
 dudt=   -690469.6746277685     
 ---------------------
 rk4
 istep=     18000001
 grad_b=   0.8067148450594559        8.5313464245605555E-004 
   0.1648291451029842     
 bsub=   2.3896800675410720E-002   7.0901956555867049E-002 
    1.325901298972524     
 bsup=    0.000000000000000        0.1252612569412262      
    1.085614396376738     
 b_abs=    1.203244793773325     
 g=  -9.2533908860246445E-003
 j=    0.000000000000000        -709.4323966726530      
   -66.36499419817936     
 v_perp_2=    11064021.41819846     
 b_n=  -2.1708094986368346E-005   0.1230695905459730      
    1.085731982965097     
 b_para_n=    1.203244790466173     
 dxdt=  -8.5410243154543333E-002    265.5448762556617      
    2376.621523584038     
 dudt=   -684137.2063110191     
 ---------------------
 rk4
 istep=     19000001
 grad_b=   0.2893491401143964        1.9648084471836434E-002 
   0.1165371543081887     
 bsub=  -2.6410597502891410E-002   3.8127901556012707E-002 
    1.038373864840229     
 bsup=    0.000000000000000        0.2289140209499798      
    1.098154506576254     
 b_abs=    1.072055485633908     
 g=  -1.1926494679612269E-002
 j=    0.000000000000000        -790.8782326825494      
    2.429154580383170     
 v_perp_2=    9857706.258139735     
 b_n=   3.4755301626846718E-005   0.2282529579775363      
    1.098179663108224     
 b_para_n=    1.072055484732004     
 dxdt=   0.1485059454813346         606.4716504702985      
    2923.045253527221     
 dudt=   -568119.5354531599     
 ---------------------
 rk4
 istep=     20000001
 grad_b=  -0.3889457858451832        8.5370446783969330E-003 
   3.4910552004612266E-002
 bsub=  -3.3290874370573570E-002  -4.4654433241326563E-002 
   0.9143095514469083     
 bsup=    0.000000000000000       -0.2435543462303392      
    1.059274525845026     
 b_abs=   0.9897323176080377     
 g=  -1.4701617430651875E-002
 j=    0.000000000000000         756.2515101824532      
   -230.7490276282418     
 v_perp_2=    9100723.705725189     
 b_n=   2.0293346685741916E-005  -0.2427861878788699      
    1.059312770617859     
 b_para_n=   0.9897323078094437     
 dxdt=   9.2441951360735047E-002   -730.6013029979177      
    3192.947848319779     
 dudt=   -162122.5393276921     
 ---------------------
 rk4
 istep=     21000001
 grad_b=   -1.010613514966946       -5.2276905972956957E-004 
  -6.6166432422039262E-002
 bsub=  -5.1434382390563114E-003  -7.5954189499975150E-002 
    1.048359086729824     
 bsup=    0.000000000000000       -0.5739560352380875      
   0.9115955879486743     
 b_abs=   0.9996008467640928     
 g=  -1.8549855867409013E-002
 j=    0.000000000000000         1171.447344003096      
   -743.9071218420328     
 v_perp_2=    9191456.649363404     
 b_n=  -9.3367503896540581E-006  -0.5721806176152890      
   0.9117241397694659     
 b_para_n=   0.9996008128364282     
 dxdt=  -4.2185233178726564E-002   -1696.113699267427      
    2707.203206087267     
 dudt=    276042.3190309299     
 ---------------------
 rk4
 istep=     22000001
 grad_b=   -1.297674424461278        3.9691256884525364E-002 
  -0.1734771352817971     
 bsub=   3.0473617689940388E-002  -0.1087408723114539      
    1.311136417673660     
 bsup=    0.000000000000000       -0.8664230628956638      
   0.8626487643496549     
 b_abs=    1.107078702531286     
 g=  -2.0836831912778929E-002
 j=    0.000000000000000         1727.232389664512      
   -693.6145772445288     
 v_perp_2=    10179719.68237247     
 b_n=   3.8005875368772144E-005  -0.8644799686995394      
   0.8628090063668522     
 b_para_n=    1.107078669618572     
 dxdt=   0.1584865505342519        -2180.478571714312      
    2179.715677319778     
 dudt=    764293.6065540633     
 ---------------------
 rk4
 istep=     23000001
 grad_b=   -1.047029954989445       -3.7668623904090030E-002 
  -0.2386117263135740     
 bsub=   6.6063582343530713E-002  -0.1043453624599624      
    1.527121162979433     
 bsup=    0.000000000000000        -1.119872661846117      
   0.9065631769081141     
 b_abs=    1.225247978891238     
 g=  -1.9903884498369169E-002
 j=    0.000000000000000        -657.3637757436926      
   -115.6222042089282     
 v_perp_2=    11266290.48425057     
 b_n=  -7.4883128153830980E-005   -1.118434320349736      
   0.9066646936115065     
 b_para_n=    1.225247976437582     
 dxdt=  -0.2912677182014849        -2366.171342884300      
    1920.395048945447     
 dudt=    653406.6575079358     
 ---------------------
 rk4
 istep=     24000001
 grad_b=  -0.1515546733743357       -0.1311983176460023      
  -0.1876603757345394     
 bsub=   7.8571674454972956E-002   6.4785228014217364E-002 
    1.858558178276524     
 bsup=    0.000000000000000        -1.207441444757017      
    1.027953997461781     
 b_abs=    1.353632702098566     
 g=  -1.3411733716256678E-002
 j=    0.000000000000000         447.1051764923561      
   -32.18204198488256     
 v_perp_2=    12446791.70349320     
 b_n=  -2.3242040684209484E-004   -1.207173655493488      
    1.027954488254102     
 b_para_n=    1.353632701577034     
 dxdt=  -0.8580677223471818        -2101.033209397715      
    1789.555880010806     
 dudt=    117150.3416234266     
 ---------------------
 rk4
 istep=     25000001
 grad_b=   0.4303765818232460       -2.9761994957971601E-002 
   6.1622061547616819E-002
 bsub=   6.5351814435462299E-002   0.1573833404219883      
    1.978621241582305     
 bsup=    0.000000000000000        -1.002679881897652      
    1.069732540067125     
 b_abs=    1.399573297763143     
 g=  -1.0300882906523836E-002
 j=    0.000000000000000         76.70787572751345      
   -238.7005898107463     
 v_perp_2=    12869207.76927713     
 b_n=  -8.0548669143608052E-005   -1.003675229465707      
    1.069814367418095     
 b_para_n=    1.399573290766690     
 dxdt=  -0.2938535131810051        -1626.408275603224      
    1731.596320401724     
 dudt=   -314570.7963602743     
 ---------------------
 rk4
 istep=     26000001
 grad_b=   0.7092006749856662        3.0349083075656591E-002 
   0.1786111451581880     
 bsub=   4.2215120124884140E-002   0.1351248722241692      
    1.704314676995258     
 bsup=    0.000000000000000       -0.7181106910916801      
    1.080453769617441     
 b_abs=    1.320658290398701     
 g=  -9.0447061419518873E-003
 j=    0.000000000000000        -1235.568673309666      
    503.5476535400808     
 v_perp_2=    12143564.84806519     
 b_n=   4.4277468656088184E-005  -0.7200384185829907      
    1.080605520586771     
 b_para_n=    1.320658303007557     
 dxdt=   0.1652536035245149        -1323.078629607858      
    1980.416821954799     
 dudt=   -595944.4110331645     
 ---------------------
 rk4
 istep=     27000001
 grad_b=   0.7680447745197843        2.5160674452325619E-002 
   0.1597566872469029     
 bsub=   8.0810148157549125E-003   8.3034792270443261E-002 
    1.309006191060683     
 bsup=    0.000000000000000       -6.7494713261324613E-002 
    1.114404234321397     
 b_abs=    1.205117478589665     
 g=  -8.5455703039924915E-003
 j=    0.000000000000000        -788.9397323150654      
    441.8115075863549     
 v_perp_2=    11081146.46106902     
 b_n=   4.3613462816481425E-005  -6.9721036845358381E-002 
    1.114545199728309     
 b_para_n=    1.205117490800164     
 dxdt=   0.1714240949040916        -156.0691456862836      
    2432.928494837628     
 dudt=   -672720.2978448329     
 ---------------------
 rk4
 istep=     28000001
 grad_b=   0.2326977092583927        3.8852121163973720E-002 
   0.1132832200615592     
 bsub=  -3.2541217922695077E-002   3.1295886466464799E-002 
    1.020401785702458     
 bsup=    0.000000000000000        0.1279576479811759      
    1.114999951926151     
 b_abs=    1.068878943202046     
 g=  -1.1432454545181162E-002
 j=    0.000000000000000        -372.0996141944292      
    195.5611993996132     
 v_perp_2=    9828413.569976691     
 b_n=   8.2652114200815370E-005   0.1274055484511871      
    1.115019527206638     
 b_para_n=    1.068878949382817     
 dxdt=   0.3539745505762710         339.8441375691710      
    2982.028033828487     
 dudt=   -564678.8875112560     
 ---------------------
 rk4
 istep=     29000001
 grad_b=  -0.4457790197331558        1.5533066465487282E-002 
   3.2022165054350821E-002
 bsub=  -2.9508288058071028E-002  -5.9786528873560910E-002 
   0.8918572218003690     
 bsup=    0.000000000000000       -0.2867569580055662      
    1.075107687780818     
 b_abs=   0.9878035734520175     
 g=  -1.3763069658889217E-002
 j=    0.000000000000000         422.0428227970546      
   -179.9509663769319     
 v_perp_2=    9082911.094723286     
 b_n=   3.6679363702986238E-005  -0.2858342996972345      
    1.075170744400738     
 b_para_n=   0.9878035659799216     
 dxdt=   0.1673546104489189        -862.6621671396581      
    3250.359295768501     
 dudt=   -139503.3968242538     
 ---------------------
 Elapsed time (seconds):     159.1681300000000     

real	2m39.180s
user	2m38.884s
sys	0m0.015s
>>> [PID 3853252] DONE  u=3000, v_perp=-3000, out=bounce/dat154.dat
