>>> [PID 3856477] START u=3500, v_perp=-2000, out=bounce/dat176.dat, dt=5.00E-09, steps=30000000
 outer boundary:   8.3000000000000462E-002
 rk4
 istep=            1
 grad_b=  -0.5028817600938158        4.9313243829274545E-003 
  -7.9819953811560429E-003
 bsub=   8.6925521349004754E-003   4.2252245333832025E-002 
    1.020727439018166     
 bsup=    0.000000000000000        0.5003026977644736      
   0.9181486752930381     
 b_abs=   0.9787596100960255     
 g=  -1.6418783167773045E-002
 j=    0.000000000000000         576.0999235206045      
    59.08657861644348     
 v_perp_2=    3999999.644720417     
 b_n=   1.2502878932814754E-005   0.5014975060689565      
   0.9180991145249046     
 b_para_n=   0.9787596141619904     
 dxdt=   5.2009276135416213E-002    1794.029916441295      
    3283.051914805473     
 dudt=    10149.59064083619     
 ---------------------
 rk4
 istep=      1000001
 grad_b=  -1.1542348968841071E-002  -0.1044455309962830      
  -0.1022709598332342     
 bsub=   8.2658489650328265E-002   9.7160851985715821E-002 
    1.925994422780485     
 bsup=    0.000000000000000        -1.118597012979007      
    1.046230758773169     
 b_abs=    1.380801178061794     
 g=  -1.2492554004024728E-002
 j=    0.000000000000000        -1051.889420130748      
   -262.4474664885448     
 v_perp_2=    5643056.718833216     
 b_n=  -2.7354083626365697E-004   -1.118577338134995      
    1.046241496086270     
 b_para_n=    1.380801164415638     
 dxdt=  -0.8168126989413037        -2638.322977232616      
    2467.726962377607     
 dudt=   -14552.15610607850     
 ---------------------
 rk4
 istep=      2000001
 grad_b=   0.6833817142282013       -5.7685684813113890E-002 
  -0.1629954030320727     
 bsub=   9.6699124265693243E-003   8.7602950506951716E-002 
    1.288968339098835     
 bsup=    0.000000000000000       -0.2743204799964684      
    1.134042547369754     
 b_abs=    1.199202539889994     
 g=  -8.1565576243358261E-003
 j=    0.000000000000000        -571.0812630060522      
   -15.69343832778432     
 v_perp_2=    4900892.947163031     
 b_n=  -1.8050420333760582E-004  -0.2769718524501537      
    1.134224096371311     
 b_para_n=    1.199202537726328     
 dxdt=  -0.6165653614596670        -779.6876458875414      
    3186.413887181240     
 dudt=    288003.2891424071     
 ---------------------
 rk4
 istep=      3000001
 grad_b=  -0.8958262680445106       -6.7274778889712082E-003 
   4.5279266380533596E-002
 bsub=   1.3299656256014324E-002  -6.6882845700281052E-002 
    1.024638113848481     
 bsup=    0.000000000000000       -0.5210010228270072      
   0.9257554127645224     
 b_abs=   0.9917745141575404     
 g=  -1.8653396673774053E-002
 j=    0.000000000000000         917.7432412341109      
   -738.6018652916557     
 v_perp_2=    4053171.420518905     
 b_n=  -7.6960130164376038E-006  -0.5191719740686942      
   0.9258748661231054     
 b_para_n=   0.9917744759672297     
 dxdt=  -3.1603356955186478E-002   -1827.121722452778      
    3260.409427308582     
 dudt=   -93585.86414764561     
 ---------------------
 rk4
 istep=      4000001
 grad_b=   -1.070249857455365        0.1239993808642501      
  -0.1497142970475445     
 bsub=   2.6557758322313742E-002  -0.1564815589189670      
    1.386084349062904     
 bsup=    0.000000000000000       -0.9245772584759123      
   0.8692674541697964     
 b_abs=    1.161789727671728     
 g=  -2.0077923929827532E-002
 j=    0.000000000000000         574.7577887875373      
    154.1894900390940     
 v_perp_2=    4747978.837343073     
 b_n=   1.9434722687669255E-004  -0.9226402843402728      
   0.8694824079394736     
 b_para_n=    1.161789731760482     
 dxdt=   0.6844292856712884        -2692.177796298973      
    2538.297405918684     
 dudt=    430543.0120698787     
 ---------------------
 rk4
 istep=      5000001
 grad_b=  -0.1132993807105404        5.1966731087947457E-002 
   8.4185546647902246E-002
 bsub=  -4.0451064167672801E-002  -1.4580532891890437E-002 
   0.9282878344654617     
 bsup=    0.000000000000000        2.5091915979023049E-003 
    1.129886387255083     
 b_abs=    1.023651226997152     
 g=  -1.1415450751484067E-002
 j=    0.000000000000000        -13.73074885201703      
    129.9604626670398     
 v_perp_2=    4183430.841460117     
 b_n=   1.5028362907261656E-004   2.8183678006954219E-003 
    1.129897798023392     
 b_para_n=    1.023651232263483     
 dxdt=   0.5983816861649887         9.745827361685954      
    3834.244575149420     
 dudt=   -190136.3449047694     
 ---------------------
 rk4
 istep=      6000001
 grad_b=  -0.2349117284322015        0.1650099633233395      
   0.3105971763731131     
 bsub=  -5.9204892381091480E-002   4.2862886260363227E-003 
    1.566465957053993     
 bsup=    0.000000000000000        -1.336786571485949      
   0.9743677221961192     
 b_abs=    1.233157669618359     
 g=  -1.3415061810290934E-002
 j=    0.000000000000000        -155.0063121823117      
   -123.6950066744482     
 v_perp_2=    5039629.469318669     
 b_n=   4.4153489315826782E-004   -1.336186318362800      
   0.9743827632045908     
 b_para_n=    1.233157663990557     
 dxdt=    1.468293125784375        -3627.559480046403      
    2645.589616170425     
 dudt=   -135964.0832466925     
 ---------------------
 rk4
 istep=      7000001
 grad_b=  -0.7636636155664654        5.1575473568790595E-002 
  -5.2153399868056068E-002
 bsub=  -1.8475243056799765E-002  -3.6973349770013368E-002 
    1.076602933357606     
 bsup=    0.000000000000000       -0.4894719591492067      
   0.9090733911101450     
 b_abs=   0.9985635805698430     
 g=  -1.9846239817129664E-002
 j=    0.000000000000000        -1048.752171136839      
    281.1045710002072     
 v_perp_2=    4080891.350287211     
 b_n=   9.8842761619011564E-005  -0.4879540398570934      
   0.9091272311870955     
 b_para_n=   0.9985635962722200     
 dxdt=   0.4031997862604462        -1703.750432838670      
    3176.015643610984     
 dudt=    148677.6602436569     
 ---------------------
 rk4
 istep=      8000001
 grad_b=   0.8101570567429603       -1.1098987342422935E-002 
   0.1673211394359450     
 bsub=   2.9715204749424132E-002   6.6233592712840877E-002 
    1.342233670846421     
 bsup=    0.000000000000000        0.1394602807465893      
    1.074692673256374     
 b_abs=    1.204872977876974     
 g=  -9.5920437171777007E-003
 j=    0.000000000000000        -141.2203209804060      
   -323.1208967200402     
 v_perp_2=    4924021.617868084     
 b_n=  -6.5686327602131465E-005   0.1367234464175034      
    1.074829166616552     
 b_para_n=    1.204872964374247     
 dxdt=  -0.2233554902748045         380.2294376861894      
    3002.258182210547     
 dudt=   -302334.0595812142     
 ---------------------
 rk4
 istep=      9000001
 grad_b=   0.4062840178012433       -3.9669795299205265E-002 
  -0.1397885206633679     
 bsub=   3.4290027570618711E-003   0.1916865152979667      
    2.133437041964357     
 bsup=    0.000000000000000        -1.490033043813345      
    1.077070894020933     
 b_abs=    1.418553858250892     
 g=  -7.0278298794438001E-003
 j=    0.000000000000000         1234.040647749102      
    89.43301813939900     
 v_perp_2=    5797274.887683392     
 b_n=  -1.3832711478654373E-004   -1.492107194063374      
    1.077257482026209     
 b_para_n=    1.418553867277233     
 dxdt=  -0.4026914237462614        -3402.015912498041      
    2455.326837944847     
 dudt=    131734.5698129316     
 ---------------------
 rk4
 istep=     10000001
 grad_b=   0.4575780604280756       -1.4594351332227508E-002 
  -0.1352457478259430     
 bsub=   1.5935096285212613E-002   5.1280803601452436E-002 
    1.089398057014589     
 bsup=    0.000000000000000        0.3150816081386454      
    1.092080483732761     
 b_abs=    1.097706981703733     
 g=  -1.1308119797854328E-002
 j=    0.000000000000000        -362.0011158062147      
   -162.0643356801407     
 v_perp_2=    4486047.048261020     
 b_n=  -2.3604223659747931E-005   0.3137632297413629      
    1.092142881149437     
 b_para_n=    1.097706974402376     
 dxdt=  -8.7815505997560842E-002    979.5896493756749      
    3412.513724276809     
 dudt=    283501.3501251742     
 ---------------------
 rk4
 istep=     11000001
 grad_b=   -1.010873960465473       -0.1211025769229714      
   0.1219077809833337     
 bsub=  -6.3083154842891774E-003  -0.1088816120220382      
    1.255841118494631     
 bsup=    0.000000000000000       -0.7503397634926712      
   0.8712064546602478     
 b_abs=    1.084212202146734     
 g=  -2.0455263054205648E-002
 j=    0.000000000000000        -1035.012283302480      
    352.1127038882161     
 v_perp_2=    4430890.744982658     
 b_n=  -2.0762631840692925E-004  -0.7484421235635520      
   0.8713699557991007     
 b_para_n=    1.084212223481019     
 dxdt=  -0.7817613010248653        -2372.082778212681      
    2763.095714810413     
 dudt=   -371417.6804414501     
 ---------------------
 rk4
 istep=     12000001
 grad_b=   -1.028654993072113       -9.4177290592224072E-002 
  -0.1937207055064150     
 bsub=   3.0360801660110993E-002  -7.9774728680060997E-002 
    1.171382836605737     
 bsup=    0.000000000000000       -0.8060095642476657      
   0.8973773180356942     
 b_abs=    1.056407652795162     
 g=  -1.6489141054689464E-002
 j=    0.000000000000000        -617.8151145634297      
    866.7134840183792     
 v_perp_2=    4317253.394717469     
 b_n=  -2.4699512060125453E-004  -0.8036548176741247      
   0.8975441243051322     
 b_para_n=    1.056407696113834     
 dxdt=  -0.9537620308451947        -2626.503272089429      
    2935.006438441181     
 dudt=    189427.5519009609     
 ---------------------
 rk4
 istep=     13000001
 grad_b=  -0.6918403143438497       -9.1602007422931370E-004 
  -7.9752339165062303E-004
 bsub=   7.8161774124765621E-003  -9.3174062858521645E-002 
   0.8605944472858111     
 bsup=    0.000000000000000       -0.4343795139899939      
    1.071624708063484     
 b_abs=   0.9807951022772707     
 g=  -1.2418799256542337E-002
 j=    0.000000000000000        -575.2402924043719      
    384.0210498367613     
 v_perp_2=    4008240.734733292     
 b_n=  -2.6430589666223314E-006  -0.4325553008190753      
    1.071822255264015     
 b_para_n=   0.9807951206425560     
 dxdt=  -1.0972255433014177E-002   -1542.003307850181      
    3823.661992429478     
 dudt=    951.5714833169191     
 ---------------------
 rk4
 istep=     14000001
 grad_b=  -0.5207199752813746       -3.6846943665035381E-002 
   3.3559431705523585E-002
 bsub=  -1.7862678613968952E-002  -0.2451014919579849      
    1.514195654886265     
 bsup=    0.000000000000000        -1.257674278918482      
   0.8991012566303686     
 b_abs=    1.292258592816819     
 g=  -1.6989745305767152E-002
 j=    0.000000000000000         667.2287044747662      
    25.94254144685141     
 v_perp_2=    5281098.403003219     
 b_n=  -5.8090791434195267E-005   -1.256712094474390      
   0.8992563165120441     
 b_para_n=    1.292258589577090     
 dxdt=  -0.1847212384064479        -3220.237374573720      
    2304.802235513409     
 dudt=   -120987.4755688728     
 ---------------------
 rk4
 istep=     15000001
 grad_b=  -0.4093892252546976        8.4504329923633728E-004 
   2.9113849453874588E-002
 bsub=  -3.3040940197609212E-002  -3.9517090743186205E-002 
   0.9304512428214025     
 bsup=    0.000000000000000       -0.2564578702807739      
    1.035634602186499     
 b_abs=   0.9868275536607867     
 g=  -1.5674367952094183E-002
 j=    0.000000000000000         835.3948390264568      
   -148.1356640637170     
 v_perp_2=    4032880.727847151     
 b_n=   4.6396525079311946E-006  -0.2555476244299444      
    1.035673417343571     
 b_para_n=   0.9868275455993692     
 dxdt=   1.9145789361983648E-002   -904.6062951990991      
    3668.332213432162     
 dudt=   -61983.48062053235     
 ---------------------
 rk4
 istep=     16000001
 grad_b=   0.6540535658673770        5.3323359122934282E-002 
   0.1624079741565965     
 bsub=   9.7622231093869773E-003   0.1360164558815557      
    1.612659413655658     
 bsup=    0.000000000000000       -0.6607678434231727      
    1.102842158792064     
 b_abs=    1.299773211331061     
 g=  -8.0635951773365012E-003
 j=    0.000000000000000         113.8347790975079      
   -183.0031644840512     
 v_perp_2=    5311791.399824833     
 b_n=   1.6230124705959222E-004  -0.6634427443230950      
    1.103066779540840     
 b_para_n=    1.299773204134235     
 dxdt=   0.5132531871334227        -1689.794620341750      
    2806.912017763907     
 dudt=   -226184.8944424111     
 ---------------------
 rk4
 istep=     17000001
 grad_b=   0.6101588963515686        2.9680883430163313E-003 
  -0.1438514392078750     
 bsub=  -7.0187474710120018E-002   0.1373219076713055      
    1.872251530012105     
 bsup=    0.000000000000000       -0.9105778547469227      
    1.065569454592678     
 b_abs=    1.367366937986970     
 g=  -1.0391494603452721E-002
 j=    0.000000000000000         1210.482604550553      
   -43.14320930488809     
 v_perp_2=    5588019.452564563     
 b_n=   4.4501622656947120E-005  -0.9125685765687195      
    1.065717135528117     
 b_para_n=    1.367366939948846     
 dxdt=   0.1341181690711839        -2180.457263931491      
    2545.022271132847     
 dudt=    233101.4746411388     
 ---------------------
 rk4
 istep=     18000001
 grad_b=  -0.3076128352548212        3.9053458423658753E-002 
  -6.0983899394328259E-002
 bsub=   1.7656626454369911E-002   3.4404218011853047E-002 
    1.016251129251551     
 bsup=    0.000000000000000        0.2990603622697050      
   0.9631000646226756     
 b_abs=   0.9946718153696692     
 g=  -1.5661324076355586E-002
 j=    0.000000000000000         1195.347021198102      
   -64.30006949915258     
 v_perp_2=    4064919.870316230     
 b_n=   9.8481724856657994E-005   0.2997946430248261      
   0.9630734940961101     
 b_para_n=   0.9946718142462659     
 dxdt=   0.4032609346550984         1052.532773135166      
    3379.806330293488     
 dudt=    96663.30528877043     
 ---------------------
 rk4
 istep=     19000001
 grad_b=  -0.4337496907182821       -9.3461704330366532E-002 
  -0.1256704446813220     
 bsub=   9.6860833007599623E-002   1.3756314694428236E-003 
    1.800874836307160     
 bsup=    0.000000000000000        -1.149049719186873      
    1.003688949086726     
 b_abs=    1.343542879503647     
 g=  -1.5108845799104331E-002
 j=    0.000000000000000        -1274.692165855590      
    706.1990414362689     
 v_perp_2=    5490641.107959399     
 b_n=  -2.1155641102655310E-004   -1.148082246771584      
    1.003699611353020     
 b_para_n=    1.343542909843107     
 dxdt=  -0.6482846630526689        -2802.342816999502      
    2450.454180525133     
 dudt=    28503.84714811484     
 ---------------------
 rk4
 istep=     20000001
 grad_b=   0.6148906448892283       -6.9510412016926107E-002 
  -0.1655877084371735     
 bsub=   1.7931851101747973E-002   8.5690867681836785E-002 
    1.275160905167097     
 bsup=    0.000000000000000       -0.3520345310420711      
    1.136959908791432     
 b_abs=    1.191692521602314     
 g=  -8.0654988312869134E-003
 j=    0.000000000000000        -382.6794780557781      
    53.33421987612917     
 v_perp_2=    4870069.685264039     
 b_n=  -2.2938092131567870E-004  -0.3544595410346473      
    1.137126096246421     
 b_para_n=    1.191692522702097     
 dxdt=  -0.7882667717949712        -1004.864620089996      
    3219.050532389397     
 dudt=    280855.0702330709     
 ---------------------
 rk4
 istep=     21000001
 grad_b=  -0.9060423324940221       -3.9713320601581842E-003 
   4.6408023066023242E-002
 bsub=   1.2189925155500866E-002  -6.9421062591121907E-002 
    1.022576244882865     
 bsup=    0.000000000000000       -0.5227606336963301      
   0.9264580467402179     
 b_abs=   0.9919153840823320     
 g=  -1.8524820354982187E-002
 j=    0.000000000000000         1048.437804037073      
   -721.8684368845113     
 v_perp_2=    4053637.843554924     
 b_n=  -1.6823766732304130E-006  -0.5209022775772560      
   0.9265841909077571     
 b_para_n=   0.9919153462410514     
 dxdt=  -6.9076474235878951E-003   -1832.902039498311      
    3262.385367140404     
 dudt=   -92846.15731746258     
 ---------------------
 rk4
 istep=     22000001
 grad_b=   -1.036663958668002        0.1298520650022024      
  -0.1469474803793723     
 bsub=   2.4751532773749231E-002  -0.1595518889801687      
    1.388005635085879     
 bsup=    0.000000000000000       -0.9269011789123374      
   0.8702660652020079     
 b_abs=    1.164449101857953     
 g=  -1.9909528781694909E-002
 j=    0.000000000000000         476.4245045064022      
    167.3055680165143     
 v_perp_2=    4758718.858371929     
 b_n=   2.0596623567342172E-004  -0.9250157381569883      
   0.8704791289135340     
 b_para_n=    1.164449106991872     
 dxdt=   0.7237491117305295        -2691.717678584226      
    2534.218662199528     
 dudt=    435610.3140108744     
 ---------------------
 rk4
 istep=     23000001
 grad_b=  -4.3952174950378342E-002   4.6029115538592319E-002 
   8.8771630233205084E-002
 bsub=  -3.9640835590047031E-002  -5.2379132134034723E-003 
   0.9442653705546993     
 bsup=    0.000000000000000        4.1328174240559790E-002 
    1.121238414129781     
 b_abs=    1.028484331225079     
 g=  -1.1864081833123073E-002
 j=    0.000000000000000         168.0920684855627      
    87.05910181810319     
 v_perp_2=    4203069.296986645     
 b_n=   1.2710225752523169E-004   4.1438082412035532E-002 
    1.121244363450208     
 b_para_n=    1.028484334733251     
 dxdt=   0.5037633928923591         139.9075199395641      
    3783.913496396850     
 dudt=   -201527.6129453858     
 ---------------------
 rk4
 istep=     24000001
 grad_b=   0.3270535749566482        0.1237400189662451      
   0.2606100892139332     
 bsub=  -5.3822665813814272E-002   8.0211736722437033E-002 
    1.730711658725213     
 bsup=    0.000000000000000        -1.548823803960948      
    1.047303939155839     
 b_abs=    1.300106724062941     
 g=  -9.8084087506166463E-003
 j=    0.000000000000000         736.7390842050575      
   -280.7872623197418     
 v_perp_2=    5313090.806522837     
 b_n=   4.0328896137088992E-004   -1.550034270688084      
    1.047372573032620     
 b_para_n=    1.300106713083308     
 dxdt=    1.275028241664483        -3943.591990811507      
    2664.258824970454     
 dudt=   -127754.8047463917     
 ---------------------
 rk4
 istep=     25000001
 grad_b=  -0.6693624111067547        8.8427373849894630E-002 
  -6.9424584458861099E-002
 bsub=  -1.7408165260120761E-002  -3.2778452510629719E-002 
    1.119629882863073     
 bsup=    0.000000000000000       -0.4678666927299456      
   0.9022125027672091     
 b_abs=    1.012778443354017     
 g=  -2.0348525209025352E-002
 j=    0.000000000000000        -675.9637182976369      
    369.6825284014747     
 v_perp_2=    4138872.418372130     
 b_n=   1.6872887271013405E-004  -0.4665573530485903      
   0.9022534762066928     
 b_para_n=    1.012778462804059     
 dxdt=   0.6788538225464219        -1602.413365686745      
    3100.343150433788     
 dudt=    209841.0470627112     
 ---------------------
 rk4
 istep=     26000001
 grad_b=   0.7857987817379323       -3.5043266063471294E-002 
   0.1732066922245759     
 bsub=   3.7044134439733478E-002   5.2042590319486666E-002 
    1.352053477979372     
 bsup=    0.000000000000000        0.1717764258660601      
    1.052279997937723     
 b_abs=    1.196510566023341     
 g=  -1.0487260561945121E-002
 j=    0.000000000000000         508.7250080841934      
   -239.2691741841681     
 v_perp_2=    4889714.687767567     
 b_n=  -1.3244409877794959E-004   0.1692963379013448      
    1.052379080911373     
 b_para_n=    1.196510556830131     
 dxdt=  -0.4533798324097560         475.3946326926073      
    2964.552131531129     
 dudt=   -300974.5522726279     
 ---------------------
 rk4
 istep=     27000001
 grad_b=   0.3952386162744022       -5.2186979246522755E-002 
  -0.1640034373859565     
 bsub=   1.0262169034708007E-002   0.1886063829681518      
    2.123047997371845     
 bsup=    0.000000000000000        -1.528964114656616      
    1.078022343575967     
 b_abs=    1.414421026507678     
 g=  -7.0622059454667624E-003
 j=    0.000000000000000         319.0445729002305      
    15.46402865919711     
 v_perp_2=    5780229.269326575     
 b_n=  -1.9134399274530264E-004   -1.530978555592797      
    1.078202227789890     
 b_para_n=    1.414421028485205     
 dxdt=  -0.5585606633600895        -3503.617631572749      
    2466.664632047095     
 dudt=    140140.1728100837     
 ---------------------
 rk4
 istep=     28000001
 grad_b=   0.4367925121944632       -2.1029921554803314E-002 
  -0.1333313795714213     
 bsub=   1.8897053805549312E-002   5.0495077708358205E-002 
    1.084045872138507     
 bsup=    0.000000000000000        0.2602464146351746      
    1.099137871148745     
 b_abs=    1.097198782297489     
 g=  -1.1179075123259172E-002
 j=    0.000000000000000        -412.9620563186228      
   -36.67088371969470     
 v_perp_2=    4483849.357175453     
 b_n=  -4.2836404437469708E-005   0.2589770962419352      
    1.099197740683371     
 b_para_n=    1.097198780027286     
 dxdt=  -0.1594369988526457         808.8862907023362      
    3436.467337592460     
 dudt=    283112.6547987433     
 ---------------------
 rk4
 istep=     29000001
 grad_b=   -1.066997965855064       -0.1085963005199327      
   0.1245088672861301     
 bsub=  -8.2569716602948259E-003  -0.1053450432878648      
    1.249717642642701     
 bsup=    0.000000000000000       -0.7500359703496490      
   0.8699480798509205     
 b_abs=    1.079838360653997     
 g=  -2.0483839651999791E-002
 j=    0.000000000000000        -1203.872795526232      
    412.3824384166846     
 v_perp_2=    4412897.104232646     
 b_n=  -1.8474588783215352E-004  -0.7480281729798324      
   0.8701161281769568     
 b_para_n=    1.079838385563825     
 dxdt=  -0.6983450612362323        -2382.125061756229      
    2772.405816596911     
 dudt=   -359084.4858941349     
 ---------------------
 Elapsed time (seconds):     152.8772160000000     

real	2m32.889s
user	2m32.614s
sys	0m0.022s
>>> [PID 3856477] DONE  u=3500, v_perp=-2000, out=bounce/dat176.dat
