>>> [PID 3848357] START u=4500, v_perp=-5000, out=bounce/dat115.dat, dt=5.00E-09, steps=30000000
 outer boundary:   8.3000000000000462E-002
 rk4
 istep=            1
 grad_b=  -0.5028814904167391        4.9310712623166081E-003 
  -7.9814575788049041E-003
 bsub=   8.6926220383647043E-003   4.2252206001530422E-002 
    1.020727592126960     
 bsup=    0.000000000000000        0.5002977118447796      
   0.9181487221205689     
 b_abs=   0.9787595852618628     
 g=  -1.6418808406078310E-002
 j=    0.000000000000000         576.0999365817999      
    59.08284630715330     
 v_perp_2=    24999997.14517509     
 b_n=   1.6074267061882681E-005   0.5018338911720901      
   0.9180850013227557     
 b_para_n=   0.9787595904892964     
 dxdt=   0.1195236774231209         2311.619481653171      
    4220.858549118074     
 dudt=    63430.47966322371     
 ---------------------
 rk4
 istep=      1000001
 grad_b=   0.5182279411597067       -8.3661332149094658E-002 
  -0.1739715266288091     
 bsub=   3.2702268778218725E-002   7.8928914006517109E-002 
    1.278980767153315     
 bsup=    0.000000000000000       -0.5108211681021065      
    1.131285235499270     
 b_abs=    1.186322043946844     
 g=  -7.9214047664875453E-003
 j=    0.000000000000000         458.8701360968773      
    377.9306963741299     
 v_perp_2=    30301612.20608547     
 b_n=  -3.3839775513093125E-004  -0.5132465460536053      
    1.131443581182749     
 b_para_n=    1.186322062712088     
 dxdt=   -2.220664835101214        -1680.721428543699      
    3687.984317876843     
 dudt=    1658688.632915938     
 ---------------------
 rk4
 istep=      2000001
 grad_b=  -0.7304751296569095        0.1466123139692744      
  -0.1266938176195324     
 bsub=   1.4521593180750100E-002  -0.2067791507684713      
    1.464632393822139     
 bsup=    0.000000000000000        -1.098759766958484      
   0.8874889978250243     
 b_abs=    1.235584885779963     
 g=  -1.7912358992498590E-002
 j=    0.000000000000000         99.03423274073288      
   -216.1581750250492     
 v_perp_2=    31559841.08266864     
 b_n=   2.6686760066356289E-004   -1.097247980594607      
   0.8876997792398099     
 b_para_n=    1.235584875040413     
 dxdt=    1.720287764611852        -3280.546463749208      
    2658.989517360809     
 dudt=    2827273.112401666     
 ---------------------
 rk4
 istep=      3000001
 grad_b=   0.6252656609894244        6.5972117763754376E-002 
   0.1814200591526288     
 bsub=   1.2070146865308369E-002   0.1513550074234915      
    1.734915549795109     
 bsup=    0.000000000000000       -0.8236130399897881      
    1.087681507160445     
 b_abs=    1.327637591387116     
 g=  -8.1832008280996373E-003
 j=    0.000000000000000        -566.7211197091485      
    26.55416234895137     
 v_perp_2=    33911017.94287868     
 b_n=   2.1247435958573311E-004  -0.8262570897278255      
    1.087910696556480     
 b_para_n=    1.327637590389876     
 dxdt=    1.344749789889667        -2105.696920839549      
    2760.180794003592     
 dudt=   -1375504.857869285     
 ---------------------
 rk4
 istep=      4000001
 grad_b=   0.4733382591585131        1.1527786576374023E-002 
  -0.1416242347157037     
 bsub=   6.9279630695930731E-003   4.8000283975897902E-002 
    1.099579707566107     
 bsup=    0.000000000000000        0.5117154703484926      
    1.063001343385678     
 b_abs=    1.092224588302683     
 g=  -1.1733811834078926E-002
 j=    0.000000000000000         63.34561013263774      
   -100.4161014745087     
 v_perp_2=    27897960.83988485     
 b_n=   6.0625825213130444E-005   0.5100920758372745      
    1.063071823042529     
 b_para_n=    1.092224583373665     
 dxdt=   0.4170896655753768         1940.436182210786      
    4054.609809233507     
 dudt=    1691342.308539571     
 ---------------------
 rk4
 istep=      5000001
 grad_b=  -0.9979709535475703       -9.9493748200202153E-002 
  -0.1906361210030865     
 bsub=   3.2022743044668331E-002  -7.8202193711926632E-002 
    1.160747142057048     
 bsup=    0.000000000000000       -0.7794172791870241      
   0.9067685815709489     
 b_abs=    1.055540165436604     
 g=  -1.5955541313971641E-002
 j=    0.000000000000000        -596.0073892236525      
    848.9736906785399     
 v_perp_2=    26960895.81206547     
 b_n=  -3.2816580490727435E-004  -0.7765173488610421      
   0.9069730573299232     
 b_para_n=    1.055540217514679     
 dxdt=   -2.309583946487332        -3137.440352910891      
    3675.259119357564     
 dudt=    1153240.811257374     
 ---------------------
 rk4
 istep=      6000001
 grad_b=  -0.3848258438803638        9.8254807958743112E-002 
  -5.9491438047080944E-002
 bsub=  -2.3352536115782176E-002  -0.2382440213171422      
    1.499847549758808     
 bsup=    0.000000000000000        -1.233345976091640      
   0.9008252645696964     
 b_abs=    1.282593107188681     
 g=  -1.7463386893186508E-002
 j=    0.000000000000000        -536.7763056030865      
   -29.87646480126322     
 v_perp_2=    32760289.51620936     
 b_n=   1.7141553670723281E-004   -1.232601397705070      
   0.9009462084254781     
 b_para_n=    1.282593109534896     
 dxdt=    1.091767503917222        -3393.639690674913      
    2482.919271524240     
 dudt=    1740269.406003674     
 ---------------------
 rk4
 istep=      7000001
 grad_b=   0.7155392079332451        2.5732752007762989E-002 
   0.1805679743520795     
 bsub=   5.2947657221915009E-002   0.1406669167069197      
    1.784554827962800     
 bsup=    0.000000000000000       -0.8095362196318940      
    1.073021273052664     
 b_abs=    1.341757950602724     
 g=  -9.4929567679841696E-003
 j=    0.000000000000000        -781.4752325701297      
    532.8244899327865     
 v_perp_2=    34271416.55327517     
 b_n=   4.1622697801798592E-005  -0.8121067539871408      
    1.073222674888082     
 b_para_n=    1.341757970949203     
 dxdt=   0.2632143811383981        -2015.358877303862      
    2651.038210715195     
 dudt=   -1645896.270445621     
 ---------------------
 rk4
 istep=      8000001
 grad_b=   0.4292669206158900       -2.1777864174833274E-002 
  -0.1298518654233395     
 bsub=   2.1073204775421232E-002   4.7792215380778075E-002 
    1.078329545730952     
 bsup=    0.000000000000000        0.2365904251997568      
    1.101558194681231     
 b_abs=    1.094730174913840     
 g=  -1.1168388825848313E-002
 j=    0.000000000000000        -520.6722052937752      
    40.51225347215956     
 v_perp_2=    27961740.38016752     
 b_n=  -5.6150799896854018E-005   0.2350771652870069      
    1.101626361467589     
 b_para_n=    1.094730175771391     
 dxdt=  -0.3857354156380852         888.2030884636163      
    4184.317199174517     
 dudt=    1728802.472309638     
 ---------------------
 rk4
 istep=      9000001
 grad_b=   -1.264828029570838        4.5329578506082963E-002 
  -0.1383466812896764     
 bsub=   1.5157174848957258E-002  -9.0787698633762209E-002 
    1.218203528254544     
 bsup=    0.000000000000000       -0.7706444770956588      
   0.8707210864689667     
 b_abs=    1.063475317672754     
 g=  -2.0135081572442714E-002
 j=    0.000000000000000        -603.3199557823050      
   -342.0983319056103     
 v_perp_2=    27163361.82156949     
 b_n=   8.3347545355465580E-005  -0.7676382455618249      
   0.8709440758900244     
 b_para_n=    1.063475299778871     
 dxdt=   0.5835956387285404        -3060.758482268927      
    3483.575952254766     
 dudt=    1866101.350549726     
 ---------------------
 rk4
 istep=     10000001
 grad_b=   5.1255120851539368E-002   0.1417528188744089      
   0.2678720878603970     
 bsub=  -6.3427848956395583E-002   5.8855980148788956E-002 
    1.776996997110579     
 bsup=    0.000000000000000        -1.430582892184639      
    1.020514093012207     
 b_abs=    1.315037248149837     
 g=  -1.2195916570967536E-002
 j=    0.000000000000000         1101.302452382571      
   -558.8086325646183     
 v_perp_2=    33588714.45821512     
 b_n=   3.9996999522311965E-004   -1.430765911962776      
    1.020534413450775     
 b_para_n=    1.315037224054277     
 dxdt=    2.534453765893299        -3716.069001578712      
    2650.179487040087     
 dudt=   -685420.1106194784     
 ---------------------
 rk4
 istep=     11000001
 grad_b=   0.5852367528266869       -0.1147888842662539      
   0.1403890796067684     
 bsub=   7.9744220559922918E-002  -4.4683535383746593E-002 
    1.549245627441075     
 bsup=    0.000000000000000       -0.7155661663566281      
   0.9828533150872496     
 b_abs=    1.246883923882024     
 g=  -1.5250667046763000E-002
 j=    0.000000000000000        -331.1426035888862      
   -130.3474303505764     
 v_perp_2=    31847876.38483877     
 b_n=  -2.7711894272747125E-004  -0.7170126122492922      
   0.9828258559776115     
 b_para_n=    1.246883918088858     
 dxdt=   -1.780354614526769        -2110.217837174106      
    2885.512399958188     
 dudt=   -2254543.485015157     
 ---------------------
 rk4
 istep=     12000001
 grad_b=   0.2893200782139969       -5.0793262614843807E-002 
  -0.1228604920121582     
 bsub=   3.3288025035183397E-002   3.7440565316276452E-002 
    1.043602392299369     
 bsup=    0.000000000000000        3.9043778570502008E-002 
    1.125097056088614     
 b_abs=    1.084280110683637     
 g=  -1.0597344437201074E-002
 j=    0.000000000000000        -455.6710019731815      
    419.4669907910607     
 v_perp_2=    27694606.13592941     
 b_n=  -1.7030949087619502E-004   3.7967095737438707E-002 
    1.125141136336561     
 b_para_n=    1.084280130394115     
 dxdt=   -1.177225033927626         143.4321749510639      
    4347.946651469014     
 dudt=    1651474.997950724     
 ---------------------
 rk4
 istep=     13000001
 grad_b=   -1.187823668361024        7.2268152142013348E-002 
  -0.1279639054039272     
 bsub=   1.0325446178593312E-002  -9.2171022144601489E-002 
    1.221099631330866     
 bsup=    0.000000000000000       -0.7478863190181551      
   0.8735005994756084     
 b_abs=    1.065696847777238     
 g=  -2.0206502452146696E-002
 j=    0.000000000000000        -1083.062210908108      
    148.7629603723130     
 v_perp_2=    27219891.48452326     
 b_n=   1.4798790197035499E-004  -0.7450813015523937      
   0.8737110884672084     
 b_para_n=    1.065696861612510     
 dxdt=    1.034739801867308        -2960.282748345116      
    3481.867967800163     
 dudt=    1987193.433253927     
 ---------------------
 rk4
 istep=     14000001
 grad_b=   0.4114636870311834        7.2241338844762082E-002 
   0.2160806560222125     
 bsub=  -1.7525176359828497E-002   0.1721186765995564      
    2.012345384612227     
 bsup=    0.000000000000000        -1.449259246121978      
    1.073896335900100     
 b_abs=    1.382119602505582     
 g=  -7.4027162807121273E-003
 j=    0.000000000000000        -779.5670553413701      
    472.3368516979186     
 v_perp_2=    35301853.16570798     
 b_n=   2.5243188325841661E-004   -1.451200159348450      
    1.074064555442428     
 b_para_n=    1.382119620225031     
 dxdt=    1.598165280336220        -3319.572363265358      
    2451.751811172404     
 dudt=   -1176740.955353281     
 ---------------------
 rk4
 istep=     15000001
 grad_b=  -0.3477348350525172        2.0183492007230561E-002 
  -3.4897044407022598E-002
 bsub=   2.9460811025693173E-002   1.1381163452558470E-002 
   0.9886335189575004     
 bsup=    0.000000000000000       -1.0791917154880704E-002 
   0.9861910015155088     
 b_abs=   0.9872468380525753     
 g=  -1.6521807094092605E-002
 j=    0.000000000000000        -676.8006210739094      
   -21.90840371390362     
 v_perp_2=    25216037.54467493     
 b_n=   5.9178205733217681E-005  -9.7952824029062437E-003 
   0.9861777629890419     
 b_para_n=   0.9872468362799122     
 dxdt=   0.4371487682043309        -41.56562135335096      
    4471.046781127403     
 dudt=    448007.6434402700     
 ---------------------
 rk4
 istep=     16000001
 grad_b=  -0.3462732625847789       -0.1031960827580889      
  -0.1229326005134455     
 bsub=   5.2679446372198749E-002  -2.4054634793298668E-002 
   0.9497814419553652     
 bsup=    0.000000000000000       -0.5066708201533856      
    1.131299752545746     
 b_abs=    1.042942811675804     
 g=  -9.0486565327291338E-003
 j=    0.000000000000000         446.6325326083392      
   -193.2754445409159     
 v_perp_2=    26638558.48388226     
 b_n=  -4.6299598693758641E-004  -0.5051924127245505      
    1.131362864282546     
 b_para_n=    1.042942801544224     
 dxdt=   -3.285759433338648        -2085.335098817192      
    4680.031484866808     
 dudt=    1062713.128255403     
 ---------------------
 rk4
 istep=     17000001
 grad_b=   -1.065078234775000        0.1026226242549994      
  -0.1199007587619583     
 bsub=   5.1003821991986182E-003  -9.6230179594081436E-002 
    1.228884329490425     
 bsup=    0.000000000000000       -0.7313468683896200      
   0.8750327528790113     
 b_abs=    1.070306816994159     
 g=  -2.0303586020519696E-002
 j=    0.000000000000000        -1006.639545676290      
    358.7045694149591     
 v_perp_2=    27337424.27609927     
 b_n=   2.1810689126502487E-004  -0.7288564831603882      
   0.8752268848527310     
 b_para_n=    1.070306843109096     
 dxdt=    1.520591389862266        -2874.609710678986      
    3461.504188401336     
 dudt=    2147396.021017799     
 ---------------------
 rk4
 istep=     18000001
 grad_b=   0.5077352988083379        5.1968473051107467E-002 
   0.1565023752792854     
 bsub=   1.4738534605982198E-002   0.1845672999263168      
    2.056413552049199     
 bsup=    0.000000000000000        -1.235791937383514      
    1.073874890751179     
 b_abs=    1.407269758227442     
 g=  -7.7182756210531136E-003
 j=    0.000000000000000         156.6928585953566      
   -236.4394474192055     
 v_perp_2=    35943951.31817686     
 b_n=   1.6281954530078109E-004   -1.237967093938735      
    1.074068942194991     
 b_para_n=    1.407269748966983     
 dxdt=    1.034568400182040        -2692.685133699058      
    2329.104506586434     
 dudt=   -942351.1627172214     
 ---------------------
 rk4
 istep=     19000001
 grad_b=  -0.1861712742785196       -2.5486158183527091E-003 
  -5.6702284940069972E-002
 bsub=   3.7025019042264441E-002  -1.0709300355968322E-002 
   0.9463166657538520     
 bsup=    0.000000000000000       -3.8766634748714779E-002 
    1.065162234348587     
 b_abs=    1.004324184765230     
 g=  -1.4468613457918588E-002
 j=    0.000000000000000        -717.5860815454676      
    133.1331871224891     
 v_perp_2=    25652020.78313582     
 b_n=  -9.5806746617588423E-006  -3.8214255381888100E-002 
    1.065168868562480     
 b_para_n=    1.004324192477838     
 dxdt=  -6.9868786599447147E-002   -166.8509994512964      
    4695.176850964019     
 dudt=    766742.6301943219     
 ---------------------
 rk4
 istep=     20000001
 grad_b=  -0.8453565576492035       -1.4907609539851728E-002 
  -3.2188079932051528E-002
 bsub=  -6.5889492305974571E-003  -8.6767691914557257E-002 
   0.9549734457716187     
 bsup=    0.000000000000000       -0.4658390040669756      
   0.9773871598236585     
 b_abs=   0.9871980092062084     
 g=  -1.5937114987655272E-002
 j=    0.000000000000000         488.0216167295818      
    207.8691164820412     
 v_perp_2=    25214533.77267540     
 b_n=  -5.1342095200452370E-005  -0.4634043997546572      
   0.9776080204308325     
 b_para_n=   0.9871980186355443     
 dxdt=  -0.3792767272470556        -2094.196879249920      
    4433.247098640225     
 dudt=    317143.9366920563     
 ---------------------
 rk4
 istep=     21000001
 grad_b=  -8.9044917336493612E-002   0.1629242869260714      
  -7.7445332174839551E-002
 bsub=  -5.1345083607850554E-002  -0.2061521402288141      
    1.481689172653885     
 bsup=    0.000000000000000        -1.139028284160372      
   0.9141922140856973     
 b_abs=    1.260727921891019     
 g=  -1.8788532881375518E-002
 j=    0.000000000000000         406.4560526469626      
   -2.802537504726601     
 v_perp_2=    32200851.53339376     
 b_n=   2.8528458395271779E-004   -1.138856274596842      
   0.9142260300767230     
 b_para_n=    1.260727919263401     
 dxdt=    1.825991543786216        -3262.553946002785      
    2619.649076865745     
 dudt=    2597000.599475843     
 ---------------------
 rk4
 istep=     22000001
 grad_b=   0.3722913968160045       -4.2563712281108369E-002 
   3.5987299110082097E-002
 bsub=   7.2008528891718715E-002   0.1468841777677342      
    1.975925480081087     
 bsup=    0.000000000000000        -1.023685736016555      
    1.065687013229852     
 b_abs=    1.398391427224157     
 g=  -1.0697069092047984E-002
 j=    0.000000000000000         9.571512306907266      
   -379.2963559301088     
 v_perp_2=    35716903.68344987     
 b_n=  -1.3803005694838945E-004   -1.024817646163276      
    1.065776175154684     
 b_para_n=    1.398391411696728     
 dxdt=  -0.8756777695854264        -2267.422720983698      
    2353.543964868040     
 dudt=   -748156.0699899342     
 ---------------------
 rk4
 istep=     23000001
 grad_b=  -0.2653588708991449       -1.5683179558514414E-002 
  -4.8726974922775473E-002
 bsub=   3.7406488829953385E-002  -2.9554178932016596E-002 
   0.9192403974891493     
 bsup=    0.000000000000000       -0.1158746737996720      
    1.084954399191572     
 b_abs=    1.000691750171030     
 g=  -1.3761115231674823E-002
 j=    0.000000000000000        -135.3533977625908      
   -150.1490972101556     
 v_perp_2=    25559042.81084332     
 b_n=  -5.3418085046154115E-005  -0.1150590747456122      
    1.084982786467029     
 b_para_n=    1.000691742363423     
 dxdt=  -0.3906100997961836        -507.8686186307390      
    4811.309807943083     
 dudt=    651484.2452527572     
 ---------------------
 rk4
 istep=     24000001
 grad_b=  -0.7967379658841274       -2.1566720643648833E-003 
  -2.6121071575550058E-002
 bsub=  -1.7797059156309677E-002  -6.6599075443508890E-002 
   0.9817279241204501     
 bsup=    0.000000000000000       -0.4518322718368094      
   0.9621539228031520     
 b_abs=   0.9874455175085474     
 g=  -1.7545004556258726E-002
 j=    0.000000000000000         398.3133333050556      
   -212.2957350022827     
 v_perp_2=    25220657.90397752     
 b_n=  -1.0555744373459288E-005  -0.4496902716780438      
   0.9622990275380471     
 b_para_n=   0.9874455033317672     
 dxdt=  -7.7962947892556617E-002   -2032.026362758505      
    4361.857612551827     
 dudt=    312436.6894832880     
 ---------------------
 rk4
 istep=     25000001
 grad_b=   0.2925563001474534        8.9588557568105950E-002 
   0.1388504656205945     
 bsub=  -5.5012342843264839E-002   0.1435298049674283      
    2.022128221363566     
 bsup=    0.000000000000000        -1.349453744656415      
    1.066110174244911     
 b_abs=    1.400545092439812     
 g=  -9.8795705420554776E-003
 j=    0.000000000000000        -723.4538936856827      
    261.2934916117074     
 v_perp_2=    35771699.72324176     
 b_n=   2.6796387074818831E-004   -1.350449673513529      
    1.066188160923298     
 b_para_n=    1.400545101199477     
 dxdt=    1.700575101952436        -2972.695930481209      
    2344.023293957318     
 dudt=   -247419.3088619101     
 ---------------------
 rk4
 istep=     26000001
 grad_b=  -0.1466242614258326       -0.2063303469338076      
   0.1095303056783251     
 bsub=   3.3064525456524538E-002  -0.1366112466500247      
    1.360056662387727     
 bsup=    0.000000000000000       -0.7978131578960448      
   0.9075614129709031     
 b_abs=    1.158992186558606     
 g=  -2.0135805573792420E-002
 j=    0.000000000000000        -245.7470756021089      
    348.7217428159545     
 v_perp_2=    29602072.57870181     
 b_n=  -4.0645973108362958E-004  -0.7975025170366878      
   0.9076025136264863     
 b_para_n=    1.158992206219887     
 dxdt=   -2.699481119748811        -2720.945946428751      
    3097.862810627494     
 dudt=   -2909134.791167352     
 ---------------------
 rk4
 istep=     27000001
 grad_b=  -0.3913493227138939       -2.6827697031939893E-002 
  -4.0917332603067069E-002
 bsub=   3.2164755479652224E-002  -5.5969033769389775E-002 
   0.8787791743079505     
 bsup=    0.000000000000000       -0.1992693614993084      
    1.111218937348960     
 b_abs=   0.9942069366442512     
 g=  -1.2304294545825850E-002
 j=    0.000000000000000         373.3160678663077      
   -158.6922841160169     
 v_perp_2=    25393211.67280294     
 b_n=  -9.9143736109753809E-005  -0.1979561730100991      
    1.111306191779774     
 b_para_n=   0.9942069271409362     
 dxdt=  -0.7285014538137299        -883.4881851036729      
    4981.191717271563     
 dudt=    515369.7735753572     
 ---------------------
 rk4
 istep=     28000001
 grad_b=  -0.7281585062096572        2.2021073939383698E-003 
  -1.9108887513589148E-002
 bsub=  -2.3304523576041715E-002  -5.2999195668486418E-002 
   0.9863148994440066     
 bsup=    0.000000000000000       -0.4206488812388288      
   0.9623007276717749     
 b_abs=   0.9855672265683452     
 g=  -1.7953774098165069E-002
 j=    0.000000000000000        -370.8694156530632      
   -120.7831945447861     
 v_perp_2=    25172486.39749797     
 b_n=   3.1159276184743581E-006  -0.4187172293538048      
   0.9624045917277750     
 b_para_n=   0.9855672205358020     
 dxdt=   2.3046891302941606E-002   -1898.155304047041      
    4375.783063387868     
 dudt=    250273.1486261943     
 ---------------------
 rk4
 istep=     29000001
 grad_b=   0.4237758485321668        1.8820888600035428E-002 
   2.5648604286639457E-002
 bsub=  -9.4857266242882737E-003   0.1913796306253071      
    2.168781546307637     
 bsup=    0.000000000000000        -1.549443711122642      
    1.078135833221336     
 b_abs=    1.429480103416215     
 g=  -7.1299279587777094E-003
 j=    0.000000000000000         847.7875324489237      
   -165.9777012418218     
 v_perp_2=    36510449.09183791     
 b_n=   7.6227608444070477E-005   -1.551395179134399      
    1.078308367392240     
 b_para_n=    1.429480099655716     
 dxdt=   0.4869331534019650        -3216.832833844497      
    2230.768731681513     
 dudt=    13482.97860479230     
 ---------------------
 Elapsed time (seconds):     154.1663460000000     

real	2m34.177s
user	2m33.903s
sys	0m0.020s
>>> [PID 3848357] DONE  u=4500, v_perp=-5000, out=bounce/dat115.dat
