>>> [PID 3851443] START u=6000, v_perp=-4000, out=bounce/dat139.dat, dt=5.00E-09, steps=30000000
 outer boundary:   8.3000000000000462E-002
 rk4
 istep=            1
 grad_b=  -0.5028810964285514        4.9306880819838389E-003 
  -7.9806472733319062E-003
 bsub=   8.6927264230038243E-003   4.2252147190330665E-002 
    1.020727822001784     
 bsup=    0.000000000000000        0.5002902476819984      
   0.9181487914589627     
 b_abs=   0.9787595480139243     
 g=  -1.6418846249344525E-002
 j=    0.000000000000000         576.0999254653547      
    59.07720133013217     
 v_perp_2=    15999997.56401172     
 b_n=   2.1430612680319906E-005   0.5023384810262990      
   0.9180638307829374     
 b_para_n=   0.9787595549833599     
 dxdt=   0.1605683734128728         3082.229837316271      
    5627.807009160435     
 dudt=    40591.20991140870     
 ---------------------
 rk4
 istep=      1000001
 grad_b=   0.7057757096266251       -2.0502398530114208E-002 
   0.1583254772652214     
 bsub=   1.2250133332000477E-002   5.2249957079439954E-002 
    1.197809379409970     
 bsup=    0.000000000000000        0.5434481074093279      
    1.066761365264519     
 b_abs=    1.143145361997913     
 g=  -1.0325051074769971E-002
 j=    0.000000000000000        -565.2693699321903      
   -41.67629173646566     
 v_perp_2=    18687168.45185233     
 b_n=  -1.4692107451786459E-004   0.5396735304573348      
    1.066927515251297     
 b_para_n=    1.143145357384382     
 dxdt=  -0.9498628319334597         2719.459788537747      
    5387.139255234073     
 dudt=   -1127945.496186901     
 ---------------------
 rk4
 istep=      2000001
 grad_b=   0.7432439995735578        2.8584281780856525E-002 
   0.1563532542632058     
 bsub=   5.6962048910837171E-004   7.6923966694082330E-002 
    1.258605740236604     
 bsup=    0.000000000000000       -2.6016917702793019E-002 
    1.117540913121663     
 b_abs=    1.185201347829668     
 g=  -8.7616501679811092E-003
 j=    0.000000000000000        -702.5444953504355      
    261.4400921668426     
 v_perp_2=    19374578.18044653     
 b_n=   1.1627656844805815E-004  -3.0558302795453657E-002 
    1.117818436522745     
 b_para_n=    1.185201362530591     
 dxdt=   0.7267624757073192        -153.7688164998825      
    5387.523854585584     
 dudt=   -1199870.710752292     
 ---------------------
 rk4
 istep=      3000001
 grad_b=   0.5388554029547780        8.1384623730100927E-002 
   0.1737990349012717     
 bsub=  -3.0503553257211335E-002   8.2558259946024365E-002 
    1.295235727892216     
 bsup=    0.000000000000000       -0.5081090170998492      
    1.131525842081910     
 b_abs=    1.193274626052936     
 g=  -7.8767899147806474E-003
 j=    0.000000000000000         220.6945422596596      
    475.6697682923850     
 v_perp_2=    19506467.27918135     
 b_n=   4.8418377011807376E-004  -0.5118481476598173      
    1.131775607639801     
 b_para_n=    1.193274659436716     
 dxdt=    3.007215184729779        -2450.475829839057      
    5406.885098090010     
 dudt=   -1063785.914944485     
 ---------------------
 rk4
 istep=      4000001
 grad_b=   -1.073497085742382        5.4569255928968517E-002 
   0.1195786622335441     
 bsub=  -1.6065924654019043E-002  -8.7392940825696333E-002 
    1.074843761910565     
 bsup=    0.000000000000000       -0.6270669310072797      
   0.9130490521221705     
 b_abs=    1.017836738126870     
 g=  -1.6660966865091026E-002
 j=    0.000000000000000        -878.5437513150923      
    933.0884031686187     
 v_perp_2=    16638523.32608529     
 b_n=   2.4906162523373172E-004  -0.6229152821013038      
   0.9133904125624367     
 b_para_n=    1.017836819600947     
 dxdt=    1.797435260258523        -3633.578164327996      
    5336.809040200364     
 dudt=   -601966.4126536641     
 ---------------------
 rk4
 istep=      5000001
 grad_b=   -1.191178763002388       -3.5863526530029666E-002 
   0.1123387550825100     
 bsub=  -5.0256909622143874E-003  -7.9214113288687507E-002 
    1.153457215933148     
 bsup=    0.000000000000000       -0.7036932518966883      
   0.8808732847341622     
 b_abs=    1.035153109228000     
 g=  -1.9706782649335845E-002
 j=    0.000000000000000        -140.9023436389622      
   -391.2988123110570     
 v_perp_2=    16921521.03770756     
 b_n=  -9.5268753166723944E-005  -0.6996633851685347      
   0.8811495935681372     
 b_para_n=    1.035153077242533     
 dxdt=  -0.6765596239249896        -3997.617134551780      
    5041.947205997529     
 dudt=   -980609.9948021095     
 ---------------------
 rk4
 istep=      6000001
 grad_b=   -1.105043733730511       -0.1000452247137917      
   0.1272756802538669     
 bsub=  -9.6625080155522715E-003  -0.1031207464591778      
    1.251023267369305     
 bsup=    0.000000000000000       -0.7575973273792316      
   0.8722566139439532     
 b_abs=    1.081337197344410     
 g=  -2.0318506332480921E-002
 j=    0.000000000000000        -1185.923992784955      
    395.3634752508568     
 v_perp_2=    17676407.37012226     
 b_n=  -2.8902080825058313E-004  -0.7540342376053413      
   0.8725481191146406     
 b_para_n=    1.081337237979080     
 dxdt=   -1.969113172669877        -4080.350870602976      
    4727.831089578344     
 dudt=   -1412024.494188224     
 ---------------------
 rk4
 istep=      7000001
 grad_b=  -0.2293015746872060       -0.1917301809278623      
   9.8138045906514648E-002
 bsub=   3.1744164342233289E-002  -0.1957932302214567      
    1.425936528438498     
 bsup=    0.000000000000000        -1.032959697693111      
   0.9001084657571671     
 b_abs=    1.219094722219608     
 g=  -1.9191871288638203E-002
 j=    0.000000000000000         405.4937875003177      
    180.8381059840433     
 v_perp_2=    19928211.71142242     
 b_n=  -5.2796809117715087E-004   -1.032274040564585      
   0.9002143735771367     
 b_para_n=    1.219094731160069     
 dxdt=   -3.214610518222982        -4794.347543638727      
    4182.018490383436     
 dudt=   -1920040.851439494     
 ---------------------
 rk4
 istep=      8000001
 grad_b=   0.3491937130845481       -5.3642074255749857E-002 
  -1.3206647040543487E-002
 bsub=   6.1161002422553401E-002   0.1581269562124180      
    2.020363784864509     
 bsup=    0.000000000000000        -1.116305605769972      
    1.069714025010433     
 b_abs=    1.408700008374526     
 g=  -1.0122418809395323E-002
 j=    0.000000000000000        -299.3061496351013      
    171.5415566752361     
 v_perp_2=    23027545.31289997     
 b_n=  -2.9795637871931843E-004   -1.118285600162479      
    1.069878019649275     
 b_para_n=    1.408700019045231     
 dxdt=   -1.590921509327645        -4275.947166637177      
    4088.225510327545     
 dudt=   -265464.0609314314     
 ---------------------
 rk4
 istep=      9000001
 grad_b=   0.4186200443502921        1.9407407236042003E-002 
   8.3132400289209818E-002
 bsub=  -2.7152990637885430E-005   0.1928786599058668      
    2.159537672712275     
 bsup=    0.000000000000000        -1.520739577108450      
    1.077418803633184     
 b_abs=    1.426465816005594     
 g=  -7.0811538282306886E-003
 j=    0.000000000000000         1370.191833955200      
   -181.8292263544559     
 v_perp_2=    23317856.14592366     
 b_n=   1.0061946790376483E-004   -1.524254768612064      
    1.077732760564996     
 b_para_n=    1.426465811563292     
 dxdt=   0.5313273588640851        -5728.078182514882      
    4046.755330254553     
 dudt=   -344098.8819785545     
 ---------------------
 rk4
 istep=     10000001
 grad_b=   0.3119284472684378        8.8708074426032485E-002 
   0.1472957221462118     
 bsub=  -5.2254875314783428E-002   0.1449779124601226      
    2.027679024142545     
 bsup=    0.000000000000000        -1.388554019476600      
    1.067149794553431     
 b_abs=    1.400721494044552     
 g=  -9.6403570584194954E-003
 j=    0.000000000000000        -803.1621430762449      
    276.9983042813993     
 v_perp_2=    22896924.88861495     
 b_n=   4.7298204662534095E-004   -1.390464249720020      
    1.067298575178843     
 b_para_n=    1.400721510138019     
 dxdt=    2.538228326069321        -5358.115903260949      
    4110.809807883458     
 dudt=   -198453.2680088967     
 ---------------------
 rk4
 istep=     11000001
 grad_b=  -0.2951337499648749        0.1030825629649320      
  -4.8267397246847282E-002
 bsub=  -4.1215900898279256E-002  -0.2323118763809690      
    1.502637480780584     
 bsup=    0.000000000000000        -1.235787743010186      
   0.9068666278677082     
 b_abs=    1.284474498137975     
 g=  -1.8126289149554137E-002
 j=    0.000000000000000        -583.3855735629422      
   -86.29937527769710     
 v_perp_2=    20996608.33150374     
 b_n=   2.7986296035564594E-004   -1.234920099295377      
   0.9070084445597612     
 b_para_n=    1.284474498397554     
 dxdt=    1.623983058762721        -5351.981909017675      
    3931.999388516520     
 dudt=    1089111.564614662     
 ---------------------
 rk4
 istep=     12000001
 grad_b=  -0.9420108788662602        0.1428337824205730      
  -0.1392717868448054     
 bsub=   1.8039800561262673E-002  -0.1634773609954540      
    1.389972062693090     
 bsup=    0.000000000000000       -0.9293202797350663      
   0.8750793686748874     
 b_abs=    1.169652481598332     
 g=  -1.9389290050302266E-002
 j=    0.000000000000000         281.5179659449291      
    131.6270271450453     
 v_perp_2=    19119589.02367208     
 b_n=   3.9749093478910562E-004  -0.9263648546096944      
   0.8754218095635452     
 b_para_n=    1.169652489143677     
 dxdt=    2.515241908584783        -4537.230174983859      
    4292.185868492282     
 dudt=    1779165.647521597     
 ---------------------
 rk4
 istep=     13000001
 grad_b=   -1.209371133641371        8.4869034085933270E-002 
  -0.1460709619748115     
 bsub=   2.1364308114484483E-002  -0.1142573143615763      
    1.298307750737993     
 bsup=    0.000000000000000       -0.8199341751431252      
   0.8673417628784891     
 b_abs=    1.104554194152882     
 g=  -2.0500426159997233E-002
 j=    0.000000000000000         101.1949656940956      
    112.7181721774360     
 v_perp_2=    18055385.24928290     
 b_n=   2.2784527628748444E-004  -0.8161154454059907      
   0.8676740873163921     
 b_para_n=    1.104554202614338     
 dxdt=    1.521446396229297        -4299.413504375024      
    4577.193496806191     
 dudt=    1452385.219447833     
 ---------------------
 rk4
 istep=     14000001
 grad_b=   -1.124688638598940       -7.7487298814497091E-002 
  -0.2023835387192520     
 bsub=   3.0661632709188636E-002  -7.9690234888972103E-002 
    1.214671292160659     
 bsup=    0.000000000000000       -0.8689320519231420      
   0.8851387962892716     
 b_abs=    1.069841709098387     
 g=  -1.7577974569389553E-002
 j=    0.000000000000000        -209.9229321344704      
    433.6455518604407     
 v_perp_2=    17487889.00570511     
 b_n=  -3.3678386553097540E-004  -0.8647778597527052      
   0.8854198716119541     
 b_para_n=    1.069841745769582     
 dxdt=   -2.317891700858314        -4742.877296922069      
    4862.396958312568     
 dudt=    854153.5357657279     
 ---------------------
 rk4
 istep=     15000001
 grad_b=   0.6138947914041880       -7.1870950532573114E-002 
  -0.1690168405400317     
 bsub=   2.2624852277088662E-002   0.1092752128657471      
    1.480015961388103     
 bsup=    0.000000000000000       -0.6889412464262090      
    1.118294748689826     
 b_abs=    1.256672510614221     
 g=  -7.6211427118126314E-003
 j=    0.000000000000000        -779.5315749494912      
    252.0185123155602     
 v_perp_2=    20541795.46028622     
 b_n=  -4.2854052842038307E-004  -0.6933894830728324      
    1.118629741401106     
 b_para_n=    1.256672524052133     
 dxdt=   -2.537126500684955        -3101.207158411502      
    4993.139123507278     
 dudt=    907248.6375681699     
 ---------------------
 rk4
 istep=     16000001
 grad_b=   0.7746328706590317       -2.9212246388244583E-002 
  -0.1606019215689634     
 bsub=  -1.6164077354380361E-002   0.1013535616639180      
    1.440329683774016     
 bsup=    0.000000000000000       -0.3696190171560161      
    1.109797841259037     
 b_abs=    1.249329858904595     
 g=  -8.3083801898418894E-003
 j=    0.000000000000000         585.8946689615029      
   -11.13251768202510     
 v_perp_2=    20421682.34945354     
 b_n=  -1.1695023852944419E-004  -0.3746652060643982      
    1.110151622337768     
 b_para_n=    1.249329860956304     
 dxdt=  -0.6961349623962717        -1692.575389008683      
    4993.952665140948     
 dudt=    1095376.205387958     
 ---------------------
 rk4
 istep=     17000001
 grad_b=   0.8021674457576179        3.5096068694979721E-002 
  -0.1715248731415888     
 bsub=  -4.0558324821285185E-002   5.1660284286051517E-002 
    1.372255298891689     
 bsup=    0.000000000000000        8.7419665381455625E-002 
    1.050294143239410     
 b_abs=    1.202466665693861     
 g=  -1.0597185218264195E-002
 j=    0.000000000000000         822.8109993445478      
   -282.0282415294733     
 v_perp_2=    19655564.38936832     
 b_n=   2.2141163349228345E-004   8.3172482908692932E-002 
    1.050460562212943     
 b_para_n=    1.202466647879944     
 dxdt=    1.365382716741279         387.2710314971675      
    4968.524192967900     
 dudt=    1203618.919646883     
 ---------------------
 rk4
 istep=     18000001
 grad_b=  -0.4655760278811487        2.8319121162304617E-003 
  -2.6872668011855838E-003
 bsub=  -2.0195258057683636E-002   2.6302064259083706E-002 
    1.024962772072476     
 bsup=    0.000000000000000        5.9692627108564711E-002 
   0.9350842196124933     
 b_abs=   0.9799470307241713     
 g=  -1.7842908893790563E-002
 j=    0.000000000000000        -1084.413195548567      
    171.1735773109631     
 v_perp_2=    16018180.72392728     
 b_n=   1.0889393187111174E-005   6.1440434307289807E-002 
   0.9350395943820999     
 b_para_n=   0.9799470427894147     
 dxdt=   8.1493404573380612E-002    378.4727700480889      
    5723.534946000440     
 dudt=    19547.63467559248     
 ---------------------
 rk4
 istep=     19000001
 grad_b=  -0.1648368685815246        6.4729104373181801E-004 
   5.9451349133352344E-002
 bsub=  -3.6554050273148425E-002  -7.0078035959813684E-003 
   0.9511695669700950     
 bsup=    0.000000000000000       -1.8795079784994284E-002 
    1.062705997325200     
 b_abs=    1.005518034743588     
 g=  -1.4514076735335642E-002
 j=    0.000000000000000        -788.9640852232428      
    170.5639897998302     
 v_perp_2=    16436094.96149308     
 b_n=   4.3887499150932777E-006  -1.8137812640358148E-002 
    1.062711022197937     
 b_para_n=    1.005518047752187     
 dxdt=   3.2043593733280203E-002   -106.6712716852996      
    6302.756213278509     
 dudt=   -513427.7197601986     
 ---------------------
 rk4
 istep=     20000001
 grad_b=  -5.7262524218490318E-002   3.0472593713175226E-002 
   7.9643390221996443E-002
 bsub=  -3.9022965187066924E-002  -5.2872265676362565E-003 
   0.9464675974028738     
 bsup=    0.000000000000000        5.0691210509342555E-002 
    1.105811852670061     
 b_abs=    1.022494964682357     
 g=  -1.2715721873112464E-002
 j=    0.000000000000000        -72.32265855583424      
    107.4146268986490     
 v_perp_2=    16713524.55147419     
 b_n=   1.3678779568902690E-004   5.0930022572739209E-002 
    1.105818834750257     
 b_para_n=    1.022494972304686     
 dxdt=   0.9828761099306150         296.2094074960349      
    6424.326295363673     
 dudt=   -716302.9410392200     
 ---------------------
 rk4
 istep=     21000001
 grad_b=  -0.3224378377628101        7.1717828450374554E-002 
   8.1547680420350516E-002
 bsub=  -4.2565683115784347E-002  -3.3788704365189659E-002 
   0.8950768758576142     
 bsup=    0.000000000000000       -0.1395167467633630      
    1.154358714253996     
 b_abs=    1.018297609501878     
 g=  -9.7652754166676244E-003
 j=    0.000000000000000        -390.5450655616773      
    7.236519455294463     
 v_perp_2=    16644843.83500634     
 b_n=   4.1127167301977733E-004  -0.1377651556171923      
    1.154444395794188     
 b_para_n=    1.018297610984940     
 dxdt=    2.966784778845963        -802.0275370444159      
    6741.123166815044     
 dudt=   -675222.9846156902     
 ---------------------
 rk4
 istep=     22000001
 grad_b=  -0.4287761879231899       -2.4232237234533816E-002 
  -3.6644540854991928E-002
 bsub=   2.9815313499474569E-002  -6.1536500692864912E-002 
   0.8750857777461390     
 bsup=    0.000000000000000       -0.2394733178498820      
    1.105458379008120     
 b_abs=   0.9912637255061121     
 g=  -1.2442220222833460E-002
 j=    0.000000000000000         310.1876111759960      
   -164.4167644946180     
 v_perp_2=    16202892.73072314     
 b_n=  -1.2010938665877597E-004  -0.2375578957328533      
    1.105597150023843     
 b_para_n=   0.9912637124609189     
 dxdt=  -0.8890251982521147        -1431.235247644391      
    6673.351592860240     
 dudt=    286147.3097428746     
 ---------------------
 rk4
 istep=     23000001
 grad_b=  -0.4424857810604222       -3.3540714028634502E-003 
  -2.6198234120501637E-002
 bsub=   3.2383569660368351E-002  -4.5933088978413417E-002 
   0.9230406497855518     
 bsup=    0.000000000000000       -0.2744305314518504      
    1.043938171897395     
 b_abs=   0.9879477382875764     
 g=  -1.5268712883586244E-002
 j=    0.000000000000000         740.9029199442974      
   -141.0673970154195     
 v_perp_2=    16148620.58629393     
 b_n=  -1.8070815403182781E-005  -0.2727173197095218      
    1.044024045925563     
 b_para_n=   0.9879477250417859     
 dxdt=  -0.1341867093965943        -1650.504950658449      
    6327.578142310923     
 dudt=    218633.4262613901     
 ---------------------
 rk4
 istep=     24000001
 grad_b=  -0.5627805892702489        2.6510010269465180E-003 
  -2.0297282390053933E-003
 bsub=   2.9895761459216328E-002  -3.4788683240222523E-002 
   0.9709330729680999     
 bsup=    0.000000000000000       -0.3202730200228494      
   0.9830221355813399     
 b_abs=   0.9824396070556651     
 g=  -1.7526168747694304E-002
 j=    0.000000000000000        -31.97382906770451      
   -59.26930609809990     
 v_perp_2=    16058516.43369629     
 b_n=   9.2814179164083918E-006  -0.3182473190943848      
   0.9830944263164295     
 b_para_n=   0.9824396024474267     
 dxdt=   6.9290591207624749E-002   -1939.272770565925      
    5999.216121944967     
 dudt=    23661.42830919469     
 ---------------------
 rk4
 istep=     25000001
 grad_b=  -0.1032930357918053       -0.1750159211938413      
   0.1228921116952268     
 bsub=   2.4399335052365159E-002  -4.2389092607900983E-002 
    1.243556791942407     
 bsup=    0.000000000000000       -0.3619190969323272      
   0.9188417985379148     
 b_abs=    1.076214471037978     
 g=  -1.9819528202947322E-002
 j=    0.000000000000000        -191.6556908265316      
   -183.1787603538977     
 v_perp_2=    17591243.82659386     
 b_n=  -5.6788686433135321E-004  -0.3615677136855082      
   0.9188649057565222     
 b_para_n=    1.076214456412434     
 dxdt=   -3.886474998217442        -1970.232157917126      
    5008.297556277900     
 dudt=   -1338507.359449826     
 ---------------------
 rk4
 istep=     26000001
 grad_b=   0.7506434253086590        8.7336415958580438E-003 
   0.1704766112950412     
 bsub=   5.4334323425667505E-002   0.1065289666383618      
    1.643923710267390     
 bsup=    0.000000000000000       -0.6660264593047384      
    1.068931065853007     
 b_abs=    1.298596457581176     
 g=  -9.5890312518323566E-003
 j=    0.000000000000000        -1941.870252402594      
    228.3003029812833     
 v_perp_2=    21226090.86507736     
 b_n=  -1.3649609713743284E-005  -0.6704220625427296      
    1.069216365085413     
 b_para_n=    1.298596464865710     
 dxdt=  -7.8418373639810995E-002   -2870.425504671714      
    4567.964031266592     
 dudt=   -1110237.192529407     
 ---------------------
 rk4
 istep=     27000001
 grad_b=   0.6175310082392959        6.4216180643994217E-002 
   0.1744268691699273     
 bsub=   8.3986538244910421E-003   0.1470744271502880      
    1.702533588831256     
 bsup=    0.000000000000000       -0.8007503130418158      
    1.091435991855595     
 b_abs=    1.319477603754193     
 g=  -8.0872701119495249E-003
 j=    0.000000000000000        -432.3482699567766      
    3.905121483677846     
 v_perp_2=    21567307.14190245     
 b_n=   3.4297619589281953E-004  -0.8050537150050369      
    1.091806050170319     
 b_para_n=    1.319477601382380     
 dxdt=    1.942052682033615        -3372.211916184006      
    4565.263212882001     
 dudt=   -860664.6539636651     
 ---------------------
 rk4
 istep=     28000001
 grad_b=   0.4485995425114587        8.9786147991987766E-002 
   0.2075544779114903     
 bsub=  -4.6072748278051780E-002   0.1037223557698376      
    1.683082745065112     
 bsup=    0.000000000000000        -1.309924823326441      
    1.073487075948817     
 b_abs=    1.293302364502241     
 g=  -8.7199187005087032E-003
 j=    0.000000000000000         1430.887058802491      
   -176.7883480170665     
 v_perp_2=    21139373.39066168     
 b_n=   5.1636398807344266E-004   -1.312971349187951      
    1.073688952372816     
 b_para_n=    1.293302357990660     
 dxdt=    2.977635482268517        -5644.202128455020      
    4612.206597623023     
 dudt=   -664740.2242139203     
 ---------------------
 rk4
 istep=     29000001
 grad_b=   -1.252733875174245       -6.7342688208094359E-002 
   0.1804329468311935     
 bsub=  -4.0644905674576001E-002  -0.1360182799763421      
    1.396496014784176     
 bsup=    0.000000000000000       -0.9577113418311461      
   0.8695288761422663     
 b_abs=    1.159624989455639     
 g=  -2.0840467310605904E-002
 j=    0.000000000000000         1116.962048668751      
   -388.0877011070451     
 v_perp_2=    18954310.82258981     
 b_n=  -1.4914412383514532E-004  -0.9539728725126916      
   0.8698886286883671     
 b_para_n=    1.159624950459707     
 dxdt=  -0.9513778598937358        -4723.756713917139      
    4312.757303988158     
 dudt=   -1560242.099182849     
 ---------------------
 Elapsed time (seconds):     153.7592640000000     

real	2m33.770s
user	2m33.547s
sys	0m0.011s
>>> [PID 3851443] DONE  u=6000, v_perp=-4000, out=bounce/dat139.dat
