>>> [PID 3847852] START u=9500, v_perp=-6000, out=bounce/dat104.dat, dt=5.00E-09, steps=30000000
 outer boundary:   8.3000000000000462E-002
 rk4
 istep=            1
 grad_b=  -0.5028801527040689        4.9298020300574258E-003 
  -7.9787648637768827E-003
 bsub=   8.6929710738300643E-003   4.2252009510038276E-002 
    1.020728357924047     
 bsup=    0.000000000000000        0.5002727977556779      
   0.9181489553304121     
 b_abs=   0.9787594611173136     
 g=  -1.6418934581856788E-002
 j=    0.000000000000000         576.0999563021646      
    59.06413807239338     
 v_perp_2=    35999991.32285983     
 b_n=   3.3925419878847204E-005   0.5035158127666165      
   0.9180144356868019     
 b_para_n=   0.9787594721505110     
 dxdt=   0.3949604118071730         4893.485179920979      
    8910.138714183056     
 dudt=    91307.73336348095     
 ---------------------
 rk4
 istep=      1000001
 grad_b=   0.4332914535651307       -1.6133538826983540E-002 
  -1.5741514229960472E-002
 bsub=   1.0255648080072149E-002   0.1892886422343229      
    2.163653283200984     
 bsup=    0.000000000000000        -1.533924986772412      
    1.076236028434534     
 b_abs=    1.428182808764071     
 g=  -7.2524406223464094E-003
 j=    0.000000000000000         987.7180921568304      
   -108.6554401061865     
 v_perp_2=    52529782.27543680     
 b_n=  -1.9386771723739645E-004   -1.539618424247292      
    1.076735039756217     
 b_para_n=    1.428182806100663     
 dxdt=   -1.580751842639944        -9268.179103514824      
    6474.258790845979     
 dudt=   -100516.9864943207     
 ---------------------
 rk4
 istep=      2000001
 grad_b=   0.2449516482336735        7.8265673758750334E-002 
  -0.1650554113690224     
 bsub=  -6.8147263281188161E-003   2.4173233653774398E-002 
    1.137467438198150     
 bsup=    0.000000000000000        0.8132941503597979      
   0.9785510680488645     
 b_abs=    1.064462263806438     
 g=  -1.2563878787495011E-002
 j=    0.000000000000000         21.23902973603367      
    288.6814415633529     
 v_perp_2=    39151408.02820154     
 b_n=   6.3792368913863492E-004   0.8113909711160348      
   0.9785953692544043     
 b_para_n=    1.064462299417725     
 dxdt=    6.850038065141377         7110.112004257786      
    8579.912414762590     
 dudt=    1690726.149255534     
 ---------------------
 rk4
 istep=      3000001
 grad_b=   0.6348974341627618        2.6193884527512590E-002 
   0.1539426722039626     
 bsub=   4.7061829229476472E-002   0.1685476881548898      
    1.943965701651534     
 bsup=    0.000000000000000       -0.9603168705928089      
    1.073170938311351     
 b_abs=    1.387173475283602     
 g=  -9.2303971849996298E-003
 j=    0.000000000000000         81.44327903974852      
    122.7187386503020     
 v_perp_2=    51020333.61857658     
 b_n=   1.2758086110647453E-004  -0.9665850864772654      
    1.073711333568628     
 b_para_n=    1.387173490233426     
 dxdt=    1.068220875549893        -6057.003807284549      
    6714.681790915542     
 dudt=   -1856696.172568442     
 ---------------------
 rk4
 istep=      4000001
 grad_b=   0.7956713040760489        5.0185260404609147E-002 
  -0.1654223833809474     
 bsub=  -5.9318262464853763E-002   3.6182411483400650E-002 
    1.465249761645150     
 bsup=    0.000000000000000       -0.2400490712471809      
    1.027910838787864     
 b_abs=    1.223779658255716     
 g=  -1.1899321442318365E-002
 j=    0.000000000000000         175.5233810641432      
    195.5681448359950     
 v_perp_2=    45010224.07977875     
 b_n=   4.2075064096671548E-004  -0.2461658885667058      
    1.028078938292360     
 b_para_n=    1.223779681430409     
 dxdt=    3.957349539705290        -1825.526939432061      
    7572.290228823251     
 dudt=    2736242.391339861     
 ---------------------
 rk4
 istep=      5000001
 grad_b=   0.7824542855708342       -1.5748392088513086E-002 
   0.1649931883149376     
 bsub=   6.3626837851385898E-002   7.7795573110549590E-002 
    1.591117950620483     
 bsup=    0.000000000000000       -0.5828277052406157      
    1.052711408143528     
 b_abs=    1.276563962954719     
 g=  -1.0437168306939918E-002
 j=    0.000000000000000        -1205.846470159221      
   -106.0335791471422     
 v_perp_2=    46951108.82341678     
 b_n=  -2.0755080880908484E-004  -0.5895893594934517      
    1.053050294707190     
 b_para_n=    1.276563944095684     
 dxdt=   -1.876432498324192        -4126.791842091555      
    7346.516723442631     
 dudt=   -2634317.848125047     
 ---------------------
 rk4
 istep=      6000001
 grad_b=   0.6974983366404400       -9.0315448089393468E-003 
  -0.1644315904264225     
 bsub=  -6.7704063444212564E-002   0.1349046100490475      
    1.839562827639284     
 bsup=    0.000000000000000       -0.8838244277790308      
    1.065462194253977     
 b_abs=    1.356523561674293     
 g=  -1.0135256552195885E-002
 j=    0.000000000000000         416.4514633059470      
    220.7801583829562     
 v_perp_2=    49891443.40939442     
 b_n=   2.7294361260327598E-005  -0.8900589992946301      
    1.065920433308027     
 b_para_n=    1.356523590536087     
 dxdt=   0.2332625081575570        -5746.626887838445      
    6867.319920081146     
 dudt=    2266804.338378859     
 ---------------------
 rk4
 istep=      7000001
 grad_b=   0.6361020151528983       -6.1797988286442382E-002 
   0.1778694907711273     
 bsub=   2.3341640831779871E-002   2.8793916207599503E-002 
    1.237782111201449     
 bsup=    0.000000000000000        0.5408880264946573      
    1.019796310045860     
 b_abs=    1.130171924817654     
 g=  -1.1568995860209876E-002
 j=    0.000000000000000        -1025.104998232984      
    202.3154536654257     
 v_perp_2=    41566035.41403437     
 b_n=  -5.3171265548436584E-004   0.5357853679034325      
    1.019925056628096     
 b_para_n=    1.130171945740690     
 dxdt=   -5.391975961380932         4352.418857177207      
    8304.964517814804     
 dudt=   -2407552.900806052     
 ---------------------
 rk4
 istep=      8000001
 grad_b=   0.4691852406627665       -3.5838775903765663E-003 
  -3.4651023459704638E-002
 bsub=  -2.4797160703787211E-002   0.1817556671696534      
    2.116768923674916     
 bsup=    0.000000000000000        -1.365216558146627      
    1.073976290771232     
 b_abs=    1.423714390997070     
 g=  -7.8555714747585680E-003
 j=    0.000000000000000         619.8326072543894      
   -208.1723782609767     
 v_perp_2=    52361530.38364459     
 b_n=  -7.2753105197213936E-006   -1.370820573283526      
    1.074457380160697     
 b_para_n=    1.423714372711196     
 dxdt=  -5.9489591392753415E-002   -8288.476584394091      
    6488.189978015277     
 dudt=    417474.4065508257     
 ---------------------
 rk4
 istep=      9000001
 grad_b=  -0.2420465324638136       -5.4175971124813607E-002 
   9.1898995966089886E-002
 bsub=  -9.5267799599931605E-003   3.6772934857945791E-002 
    1.037234477596545     
 bsup=    0.000000000000000        0.6010776114500020      
   0.9582663283398786     
 b_abs=    1.008052173310760     
 g=  -1.4335017737485639E-002
 j=    0.000000000000000        -1112.160233814943      
    224.9177555890411     
 v_perp_2=    37073864.26359233     
 b_n=  -4.0402003621781602E-004   0.6027742139578994      
   0.9582024909234146     
 b_para_n=    1.008052196815665     
 dxdt=   -4.571553020981598         5650.020346357060      
    8976.201282733291     
 dudt=   -1012422.380440894     
 ---------------------
 rk4
 istep=     10000001
 grad_b=   0.4461136939547701        5.3029627710158816E-002 
   0.1685468751896965     
 bsub=  -4.2185488418481276E-004   0.1836831659830095      
    2.083547105784216     
 bsup=    0.000000000000000        -1.390592821662644      
    1.071262073091430     
 b_abs=    1.405562038440382     
 g=  -7.3769525342388797E-003
 j=    0.000000000000000         358.0524620662915      
    138.8358718788696     
 v_perp_2=    51692814.61566842     
 b_n=   4.9294433041645715E-004   -1.396354434369202      
    1.071770123945873     
 b_para_n=    1.405562058840253     
 dxdt=    4.078045720008511        -8590.356159211999      
    6585.181257358148     
 dudt=   -1397437.548608632     
 ---------------------
 rk4
 istep=     11000001
 grad_b=  -0.4101328753891199        7.3206996679361411E-002 
  -6.5345777043171266E-002
 bsub=  -1.4068362688863925E-002   2.0255280409699761E-002 
    1.088668901999628     
 bsup=    0.000000000000000        3.7738302094446285E-002 
   0.9147237494692092     
 b_abs=   0.9982281072978622     
 g=  -1.9087555536742837E-002
 j=    0.000000000000000         209.5742508740963      
    330.9878207229809     
 v_perp_2=    36711767.99144284     
 b_n=   4.2168926122492753E-004   4.0066979370350517E-002 
   0.9146859141821956     
 b_para_n=   0.9982281528118764     
 dxdt=    4.816775787541935         384.3306162652555      
    8670.472151567708     
 dudt=    1050201.622429279     
 ---------------------
 rk4
 istep=     12000001
 grad_b=   0.7149799573630125        5.0478891239663745E-002 
   0.1851399313294524     
 bsub=   3.0698006184567063E-002   0.1461735214752297      
    1.738943986941630     
 bsup=    0.000000000000000       -0.7790610796092370      
    1.082068617713268     
 b_abs=    1.329553799694433     
 g=  -8.7611724755545118E-003
 j=    0.000000000000000        -885.6132205712127      
    184.4838308131310     
 v_perp_2=    48896391.48639496     
 b_n=   3.6072469448721663E-004  -0.7864139490554940      
    1.082680332604565     
 b_para_n=    1.329553812210617     
 dxdt=    3.140398223322111        -5217.555162869434      
    7163.283855167887     
 dudt=   -2226796.930674747     
 ---------------------
 rk4
 istep=     13000001
 grad_b=   0.5044894697866670        0.1377928357790462      
  -0.1378932060398567     
 bsub=  -7.2401387846686788E-002  -6.6928526524433249E-002 
    1.503449788599236     
 bsup=    0.000000000000000       -0.6903622493596533      
   0.9680768814769842     
 b_abs=    1.225410042957219     
 g=  -1.6288098003201971E-002
 j=    0.000000000000000        -270.4793879292945      
   -721.9849262548942     
 v_perp_2=    45065875.77146247     
 b_n=   7.6282108046004770E-004  -0.6932468733137245      
   0.9679851341491198     
 b_para_n=    1.225409958761106     
 dxdt=    7.165666296508572        -5103.208933842197      
    7117.236883623773     
 dudt=    3430589.489876674     
 ---------------------
 rk4
 istep=     14000001
 grad_b=   0.8438435873546464        6.8636751997675945E-003 
   0.1627953674184915     
 bsub=   2.7180619981782863E-002   7.5913297964766938E-002 
    1.371334776525960     
 bsup=    0.000000000000000       -7.9487199563584937E-002 
    1.087758110539335     
 b_abs=    1.218693082088090     
 g=  -9.0919945323201957E-003
 j=    0.000000000000000         548.0949336499860      
   -80.17790479545722     
 v_perp_2=    44818367.77304355     
 b_n=  -2.0595320129103956E-005  -8.7546249708422882E-002 
    1.088204640610791     
 b_para_n=    1.218693076629147     
 dxdt=  -0.1944666904152749        -664.6676445956788      
    8058.641541914261     
 dudt=   -2663601.829788704     
 ---------------------
 rk4
 istep=     15000001
 grad_b=   0.2100661956814205        6.4565044392194612E-002 
  -1.3344735537474561E-002
 bsub=  -9.3770510433483126E-002   9.6901785469012888E-002 
    1.913488122165611     
 bsup=    0.000000000000000        -1.043183892966421      
    1.047727495132079     
 b_abs=    1.380093076735839     
 g=  -1.2170129226554333E-002
 j=    0.000000000000000         379.1067532572825      
   -322.9945266640718     
 v_perp_2=    50753442.88572866     
 b_n=   4.8954584466807830E-004   -1.044755222239605      
    1.047831034558223     
 b_para_n=    1.380093041873145     
 dxdt=    4.118108340052225        -6580.960182340817      
    6597.218871003469     
 dudt=    1083668.131569774     
 ---------------------
 rk4
 istep=     16000001
 grad_b=   0.4789257135621535       -7.6380987605917730E-003 
   0.1378073066772666     
 bsub=  -8.8499021572818332E-003   4.7328924508020967E-002 
    1.095965868784080     
 bsup=    0.000000000000000        0.4773371351307361      
    1.067631806125482     
 b_abs=    1.091815982310209     
 g=  -1.1692908038675370E-002
 j=    0.000000000000000        -135.8523755102274      
   -110.7337472603677     
 v_perp_2=    40151516.43544924     
 b_n=  -1.0372074717322251E-004   0.4736732011191115      
    1.067789181336877     
 b_para_n=    1.091815969233378     
 dxdt=   -1.087019044618382         4018.307067833615      
    9075.044245718285     
 dudt=   -2416387.593609113     
 ---------------------
 rk4
 istep=     17000001
 grad_b=   0.3710809462126585        6.4272756065271414E-002 
   0.1547335300001466     
 bsub=  -3.6868265188770816E-002   0.1595117016405481      
    2.078496218330097     
 bsup=    0.000000000000000        -1.564617541146824      
    1.072369097221442     
 b_abs=    1.406772239302552     
 g=  -8.2105870345729227E-003
 j=    0.000000000000000        -700.4654987195215      
    528.2501240067618     
 v_perp_2=    51733467.58987652     
 b_n=   6.0529098742563147E-004   -1.568935961472793      
    1.072711284113976     
 b_para_n=    1.406772295856737     
 dxdt=    5.003515445737716        -9636.569818157865      
    6583.145315930733     
 dudt=   -854410.1074280788     
 ---------------------
 rk4
 istep=     18000001
 grad_b=  -0.1943616273969394       -2.1016314186118414E-002 
   5.8670463900228856E-002
 bsub=  -3.2041715402810457E-002   1.0300214380067844E-002 
   0.9794153338048897     
 bsup=    0.000000000000000        5.3118007976952319E-002 
    1.023957053388497     
 b_abs=    1.001485224958935     
 g=  -1.5327573903315310E-002
 j=    0.000000000000000        -650.6379694238292      
    101.1134877381621     
 v_perp_2=    36828821.33965329     
 b_n=  -1.3634664299029100E-004   5.4330817020132142E-002 
    1.023939849744866     
 b_para_n=    1.001485236403046     
 dxdt=   -1.552535763432692         515.3637094866305      
    9668.265879093326     
 dudt=   -1082487.064109525     
 ---------------------
 rk4
 istep=     19000001
 grad_b=   0.4648887049549021        7.2798949457567999E-002 
   0.2074345012312016     
 bsub=  -9.4903810699069162E-003   0.1601375632009036      
    1.880022481874835     
 bsup=    0.000000000000000        -1.193397893265466      
    1.073737309539106     
 b_abs=    1.351494436730303     
 g=  -7.6306131084539902E-003
 j=    0.000000000000000        -1578.986485881710      
    445.2795046938161     
 v_perp_2=    49699588.99398390     
 b_n=   6.8066452749858820E-004   -1.199150723070113      
    1.074230789615822     
 b_para_n=    1.351494473523952     
 dxdt=    5.836917695022766        -7775.155121839628      
    6955.395642398876     
 dudt=   -1848242.912192062     
 ---------------------
 rk4
 istep=     20000001
 grad_b=  -0.6768737694424608        3.4331231459943004E-002 
  -3.8698731094464936E-002
 bsub=  -2.3153895786294100E-002  -1.9327732053120196E-002 
    1.051793540322199     
 bsup=    0.000000000000000       -0.3716505027917351      
   0.9248894428624072     
 b_abs=   0.9898284352210269     
 g=  -1.9296804094067702E-002
 j=    0.000000000000000        -750.2168512977537      
    96.82782421416988     
 v_perp_2=    36399368.46477707     
 b_n=   1.8547325954220678E-004  -0.3679117632495364      
   0.9249622427310203     
 b_para_n=   0.9898284500184732     
 dxdt=    2.135930008369021        -3516.004498146816      
    8857.916094531889     
 dudt=    901873.4149418175     
 ---------------------
 rk4
 istep=     21000001
 grad_b=   0.7616114170644160        4.0906724917220499E-002 
   0.1600836549368020     
 bsub=   1.3191133008237134E-002   0.1141517465474720      
    1.512090050987773     
 bsup=    0.000000000000000       -0.5340338553551651      
    1.107061855582375     
 b_abs=    1.270250897781854     
 g=  -8.2921392877712014E-003
 j=    0.000000000000000         468.9936936664110      
   -286.0423593633994     
 v_perp_2=    46710958.63389230     
 b_n=   3.0390399678664661E-004  -0.5420497622307804      
    1.107664323636843     
 b_para_n=    1.270250870243380     
 dxdt=    2.760250896026137        -3822.272086570455      
    7778.183805637663     
 dudt=   -2249025.864848712     
 ---------------------
 rk4
 istep=     22000001
 grad_b=  -0.2125643862263388        0.2047512304837427      
  -0.1076943085425472     
 bsub=  -3.0462342314011993E-002  -0.1505985377394791      
    1.367188180248251     
 bsup=    0.000000000000000       -0.8515928457222288      
   0.9029796171464450     
 b_abs=    1.167445096463153     
 g=  -2.0057566767675047E-002
 j=    0.000000000000000        -124.4703851369923      
    156.3654117621164     
 v_perp_2=    42930040.54947096     
 b_n=   9.2120091995783555E-004  -0.8505662292422062      
   0.9031132437986515     
 b_para_n=    1.167445116936054     
 dxdt=    9.058227166347033        -6648.307865983167      
    7061.497593537805     
 dudt=    4277684.867967877     
 ---------------------
 rk4
 istep=     23000001
 grad_b=   0.7014723156731788        1.8110127836724901E-002 
   0.1501992530558908     
 bsub=  -3.3874852254043297E-003   6.3921339632732901E-002 
    1.189000163558476     
 bsup=    0.000000000000000        0.1783474530559989      
    1.105197664354179     
 b_abs=    1.151517423090254     
 g=  -9.6053123211853608E-003
 j=    0.000000000000000         274.9430547864077      
   -160.6239876463767     
 v_perp_2=    42343876.52623235     
 b_n=   8.9774758667517682E-005   0.1720683726664391      
    1.105535471882626     
 b_para_n=    1.151517407342114     
 dxdt=   0.8943313444330182         1356.156781067115      
    8794.932034470519     
 dudt=   -2702052.574472482     
 ---------------------
 rk4
 istep=     24000001
 grad_b=  -0.5669197244492908        7.6283510125465012E-002 
   0.1366906552270695     
 bsub=  -9.7547330566910950E-002  -3.5472949603268036E-002 
    1.752366850450292     
 bsup=    0.000000000000000        -1.176590600100956      
   0.9861940116246855     
 b_abs=    1.330170260358524     
 g=  -1.6081668616022435E-002
 j=    0.000000000000000        -125.8523022499598      
    307.5092479697494     
 v_perp_2=    48912835.05754024     
 b_n=   4.4789347899814154E-004   -1.173421604614233      
   0.9862831206226430     
 b_para_n=    1.330170295860483     
 dxdt=    3.897567565469354        -7751.217071896869      
    6520.800047676276     
 dudt=   -622677.9120677811     
 ---------------------
 rk4
 istep=     25000001
 grad_b=   0.1128244349825161        8.3530845846082405E-003 
   9.3705970595403740E-002
 bsub=  -3.3259189184809912E-002   1.8779582619517968E-002 
   0.9909841497948249     
 bsup=    0.000000000000000        0.1837778650714981      
    1.085416938555684     
 b_abs=    1.038928369721340     
 g=  -1.3112951210854673E-002
 j=    0.000000000000000         680.5490285168250      
   -187.2707700071523     
 v_perp_2=    38202916.36054804     
 b_n=   4.5206161496896131E-005   0.1829808835726653      
    1.085433538198145     
 b_para_n=    1.038928349972519     
 dxdt=   0.4968673560987329         1651.075771200146      
    9803.396536255717     
 dudt=   -1827103.168799849     
 ---------------------
 rk4
 istep=     26000001
 grad_b=   0.3519614248800019        0.1035306771993630      
   0.2365025094075354     
 bsub=  -5.1485776764164715E-002   0.1081300231676722      
    1.877282490463979     
 bsup=    0.000000000000000        -1.627096047632052      
    1.057149261362992     
 b_abs=    1.344946282623706     
 g=  -9.4076678313130511E-003
 j=    0.000000000000000         183.1470050687143      
   -90.70092271972437     
 v_perp_2=    49455105.43505149     
 b_n=   9.0928542188397244E-004   -1.630721183198595      
    1.057382997293803     
 b_para_n=    1.344946273040618     
 dxdt=    7.832330183863617        -10632.89952066085      
    6890.083306799546     
 dudt=   -1114986.062124476     
 ---------------------
 rk4
 istep=     27000001
 grad_b=  -0.4679802326593552       -5.8312574072896250E-003 
   1.6159550050631133E-002
 bsub=  -3.3254366218309066E-002  -3.1237886565924706E-002 
   0.9541992454215241     
 bsup=    0.000000000000000       -0.2575877612610851      
    1.011240883068929     
 b_abs=   0.9863465677591516     
 g=  -1.6526509272089176E-002
 j=    0.000000000000000         614.3914775039023      
   -116.9456010518911     
 v_perp_2=    36268633.23104247     
 b_n=  -3.1227036240296772E-005  -0.2548348742285452      
    1.011329899490939     
 b_para_n=   0.9863465509954291     
 dxdt=  -0.3608390897509952        -2445.451862653725      
    9726.292247167199     
 dudt=   -332595.1472735063     
 ---------------------
 rk4
 istep=     28000001
 grad_b=   0.5525684107123605        6.6499517501892175E-002 
   0.1619625508153493     
 bsub=  -2.0909102319479522E-002   0.1268533094806139      
    1.636599790655966     
 bsup=    0.000000000000000       -0.9450595138787081      
    1.095611798349292     
 b_abs=    1.294125412410055     
 g=  -7.7142105781988846E-003
 j=    0.000000000000000         1022.699104288627      
    186.2573675321937     
 v_perp_2=    47585350.35530851     
 b_n=   6.3407666147162836E-004  -0.9515786146114156      
    1.096125220527951     
 b_para_n=    1.294125442664879     
 dxdt=    5.660024258528235        -6535.172812248062      
    7513.375965156335     
 dudt=   -1628102.399082913     
 ---------------------
 rk4
 istep=     29000001
 grad_b=  -0.9584612851674250        5.5111467292435060E-002 
  -7.4669666862265366E-002
 bsub=  -1.0431024078443955E-002  -5.9021876828163289E-002 
    1.109405136813069     
 bsup=    0.000000000000000       -0.5986081316499668      
   0.8983774407005156     
 b_abs=    1.015983858646930     
 g=  -1.9721764101205738E-002
 j=    0.000000000000000         1137.048996435281      
    9.372988889851115     
 v_perp_2=    37357616.42668773     
 b_n=   2.7488509954950855E-004  -0.5934522403396133      
   0.8986543195304252     
 b_para_n=    1.015983851837004     
 dxdt=    3.086941809555011        -5497.151357307239      
    8340.003878161226     
 dudt=    1810876.714791856     
 ---------------------
 Elapsed time (seconds):     153.9375970000000     

real	2m33.949s
user	2m33.661s
sys	0m0.023s
>>> [PID 3847852] DONE  u=9500, v_perp=-6000, out=bounce/dat104.dat
