>>> [PID 3852297] START u=9000, v_perp=-4000, out=bounce/dat145.dat, dt=5.00E-09, steps=30000000
 outer boundary:   8.3000000000000462E-002
 rk4
 istep=            1
 grad_b=  -0.5028802939722572        4.9299264763334044E-003 
  -7.9790315797291650E-003
 bsub=   8.6929358360534059E-003   4.2252029296273849E-002 
    1.020728281487875     
 bsup=    0.000000000000000        0.5002752995348667      
   0.9181489313687035     
 b_abs=   0.9787594735298291     
 g=  -1.6418921954428858E-002
 j=    0.000000000000000         576.0999351753750      
    59.06597568421041     
 v_perp_2=    15999996.34640348     
 b_n=   3.2140721081556811E-005   0.5033476323725848      
   0.9180214915142981     
 b_para_n=   0.9787594839825637     
 dxdt=   0.3247335332788067         4631.229396249926      
    8441.379581971727     
 dudt=    40582.63435253959     
 ---------------------
 rk4
 istep=      1000001
 grad_b=   0.7418048963780426        2.9980614770862175E-002 
   0.1716341072539533     
 bsub=   3.6767695526500374E-002   0.1237868244483387      
    1.634424116250643     
 bsup=    0.000000000000000       -0.6524931519202631      
    1.084603132443128     
 b_abs=    1.300859736468713     
 g=  -8.8753663266191232E-003
 j=    0.000000000000000        -795.0711487402000      
    301.0527064107935     
 v_perp_2=    21265223.79873068     
 b_n=   1.6824341364129146E-004  -0.6598043591231706      
    1.085153099743308     
 b_para_n=    1.300859763080835     
 dxdt=    1.283540198294148        -4420.867097981742      
    7260.041550083562     
 dudt=   -1046726.530739187     
 ---------------------
 rk4
 istep=      2000001
 grad_b=   0.1358944122664208        0.1164607277151621      
   0.1945958448380298     
 bsub=  -6.5952167831124481E-002   0.1047984444990421      
    1.927591614419831     
 bsup=    0.000000000000000        -1.345697372586401      
    1.048405683488093     
 b_abs=    1.370811167750033     
 g=  -1.1359673198156492E-002
 j=    0.000000000000000         451.9734593297604      
   -264.7313210710728     
 v_perp_2=    22408499.33284353     
 b_n=   8.6387948306645881E-004   -1.346860415619000      
    1.048498452869832     
 b_para_n=    1.370811139778974     
 dxdt=    6.260320641759287        -8486.839048890886      
    6606.031106950325     
 dudt=   -281992.5494463162     
 ---------------------
 rk4
 istep=      3000001
 grad_b=   -1.088399361016484        7.1359822313889626E-002 
  -0.1050064954767581     
 bsub=  -3.8642157492512364E-004  -7.6855467682449191E-002 
    1.167735483026686     
 bsup=    0.000000000000000       -0.6827912705878754      
   0.8834833372217566     
 b_abs=    1.041178479845896     
 g=  -1.9989685634872623E-002
 j=    0.000000000000000         211.1551330038729      
    186.3030710200663     
 v_perp_2=    17019859.79227563     
 b_n=   3.2493016745038713E-004  -0.6773037056134078      
   0.8838446327996647     
 b_para_n=    1.041178501680391     
 dxdt=    3.087937805236672        -5812.658225732603      
    7592.078767272449     
 dudt=    1110760.221306327     
 ---------------------
 rk4
 istep=      4000001
 grad_b=  -0.3215596337878233        2.2514131104602833E-002 
   4.4712671066498122E-002
 bsub=  -3.6111473954661404E-002  -4.1657140989782231E-002 
   0.9003003688269968     
 bsup=    0.000000000000000       -0.1505158896885634      
    1.100381223317059     
 b_abs=   0.9988158610457687     
 g=  -1.3002248764103559E-002
 j=    0.000000000000000         176.2878267414389      
   -228.2122361614070     
 v_perp_2=    16327204.13996790     
 b_n=   1.6032192652898453E-004  -0.1484304629003932      
    1.100484119222475     
 b_para_n=   0.9988158358587279     
 dxdt=    1.587577034658714        -1332.856155062707      
    9896.144427028281     
 dudt=   -374879.5038862024     
 ---------------------
 rk4
 istep=      5000001
 grad_b=  -0.7687531474594178        9.5736223147236330E-003 
   1.7266080642655744E-002
 bsub=   1.0378650471984633E-002  -8.5173500423392140E-002 
   0.9245583339245216     
 bsup=    0.000000000000000       -0.4423506242661934      
    1.008419522401840     
 b_abs=   0.9852245284169024     
 g=  -1.5043799048255826E-002
 j=    0.000000000000000        -224.4521981250166      
    222.8027546038228     
 v_perp_2=    16104886.27870413     
 b_n=   6.6510899984715684E-005  -0.4377696509596959      
    1.008840820053635     
 b_para_n=   0.9852245558386243     
 dxdt=   0.6676217111902740        -3992.261227087878      
    9210.148136489533     
 dudt=   -109309.7339231581     
 ---------------------
 rk4
 istep=      6000001
 grad_b=   -1.019211725500837       -0.1301713186961099      
   0.1415902090294265     
 bsub=  -1.9177790840234854E-002  -0.1480114045703060      
    1.368819191066827     
 bsup=    0.000000000000000       -0.8928750579595075      
   0.8746469902987780     
 b_abs=    1.152923895806912     
 g=  -1.9653150303481637E-002
 j=    0.000000000000000         133.4448023208404      
    246.9629005131089     
 v_perp_2=    18845973.43546529     
 b_n=  -5.5661841978652449E-004  -0.8879455427720124      
   0.8751722472834877     
 b_para_n=    1.152923923636844     
 dxdt=   -4.782676440734266        -6804.098140170498      
    6711.197029322634     
 dudt=   -1701838.754568958     
 ---------------------
 rk4
 istep=      7000001
 grad_b=  -0.3201100405405970       -0.1612031630635962      
  -0.3070848433379808     
 bsub=   6.1452667312603619E-002   4.9032141486637579E-005 
    1.586837367521913     
 bsup=    0.000000000000000        -1.311617752283041      
   0.9695192318661635     
 b_abs=    1.240479126303104     
 g=  -1.4173541360564031E-002
 j=    0.000000000000000        -323.3670658092224      
    100.8032276704681     
 v_perp_2=    20276965.96243142     
 b_n=  -1.0746880495443264E-003   -1.309562875996861      
   0.9695607966419262     
 b_para_n=    1.240479138271999     
 dxdt=   -8.591274683484125        -9245.059533760847      
    6846.221184969953     
 dudt=    568517.9306551086     
 ---------------------
 rk4
 istep=      8000001
 grad_b=   0.7973430448290878       -2.6943701806475762E-002 
  -0.1600714181979523     
 bsub=  -8.9207475360514564E-003   8.4211434780028488E-002 
    1.330957517279364     
 bsup=    0.000000000000000       -0.1593656743864850      
    1.113736365343343     
 b_abs=    1.211618769851332     
 g=  -8.5213290495134743E-003
 j=    0.000000000000000        -542.2284565660848      
    400.7172375281258     
 v_perp_2=    19805021.03954346     
 b_n=  -1.6444953032837900E-004  -0.1671528352107775      
    1.114228001969855     
 b_para_n=    1.211618808222058     
 dxdt=   -1.345482329846864        -1219.354398949521      
    8080.294097328624     
 dudt=    1173609.276737651     
 ---------------------
 rk4
 istep=      9000001
 grad_b=  -0.3250130198173735        4.0307392922579149E-002 
  -5.9961989561649831E-002
 bsub=   1.6053376338272370E-002   3.5788396554622119E-002 
    1.018439543040422     
 bsup=    0.000000000000000        0.3429022792614274      
   0.9575809192567193     
 b_abs=   0.9939810752248583     
 g=  -1.5590477055635439E-002
 j=    0.000000000000000         1174.336888689142      
    31.48750145914914     
 v_perp_2=    16247366.49137220     
 b_n=   2.6363833270599309E-004   0.3449167475236290      
   0.9575059829794710     
 b_para_n=   0.9939810840846132     
 dxdt=    2.623241149958234         3120.107704959998      
    8656.419695245402     
 dudt=    358470.8254184970     
 ---------------------
 rk4
 istep=     10000001
 grad_b=   0.7564312774148014        1.7677046625191248E-002 
   0.1697237283995570     
 bsub=   4.6052956641068968E-002   0.1114220732634318      
    1.619809966528681     
 bsup=    0.000000000000000       -0.6322655568915743      
    1.076870055872218     
 b_abs=    1.293901119044490     
 g=  -9.2017736397709046E-003
 j=    0.000000000000000        -1303.979880061703      
    308.6824983823969     
 v_perp_2=    21149572.48636603     
 b_n=   5.7501485631950462E-005  -0.6394660607706073      
    1.077363742392142     
 b_para_n=    1.293901143302909     
 dxdt=   0.4410005971704092        -4310.986365544107      
    7252.170704576241     
 dudt=   -1083849.793454277     
 ---------------------
 rk4
 istep=     11000001
 grad_b=   0.3351057575939975        8.8325741638192623E-002 
   0.1809345453523763     
 bsub=  -4.8701416890482269E-002   0.1407344378233942      
    2.020055256879997     
 bsup=    0.000000000000000        -1.504824476584834      
    1.066385108544022     
 b_abs=    1.393406696503026     
 g=  -9.2271294623546014E-003
 j=    0.000000000000000        -791.4671997558772      
    332.9582376559723     
 v_perp_2=    22775819.78919888     
 b_n=   7.6952406189017143E-004   -1.508274458224667      
    1.066644038963726     
 b_para_n=    1.393406729240604     
 dxdt=    5.487905428907593        -9328.838186935289      
    6595.238190229779     
 dudt=   -352098.7083109034     
 ---------------------
 rk4
 istep=     12000001
 grad_b=   -1.047291782119815        9.1128428193873234E-002 
  -0.1091967082477189     
 bsub=   4.6888915209150790E-005  -8.2661830217663088E-002 
    1.190829766764350     
 bsup=    0.000000000000000       -0.6939608930238812      
   0.8807736354004143     
 b_abs=    1.051719787976117     
 g=  -2.0175156258389632E-002
 j=    0.000000000000000        -114.2001011948293      
    304.0972589337359     
 v_perp_2=    17190631.76067691     
 b_n=   4.1667238204133264E-004  -0.6887378826119124      
   0.8811362107804722     
 b_para_n=    1.051719827428341     
 dxdt=    3.920516319450771        -5845.558346130519      
    7484.954564387505     
 dudt=    1238795.342431004     
 ---------------------
 rk4
 istep=     13000001
 grad_b=  -0.3231876906298266        1.7221495402734502E-002 
   4.2703817981188857E-002
 bsub=  -3.6179060816956335E-002  -3.9371730445454098E-002 
   0.9076357386726699     
 bsup=    0.000000000000000       -0.1629269086482426      
    1.088803097879553     
 b_abs=   0.9976683884771291     
 g=  -1.3536161964766737E-002
 j=    0.000000000000000         237.1271983314041      
   -267.7592831189437     
 v_perp_2=    16306982.30385999     
 b_n=   1.2075298824653784E-004  -0.1608916229721357      
    1.088896165586174     
 b_para_n=   0.9976683585352367     
 dxdt=    1.197109833840316        -1446.804164127397      
    9804.422103086297     
 dudt=   -357893.9964778395     
 ---------------------
 rk4
 istep=     14000001
 grad_b=  -0.8051651505787650        1.9746118377403844E-002 
   2.7997724726799178E-002
 bsub=  -2.3874007977692712E-004  -9.4474575121666765E-002 
   0.9078336688752346     
 bsup=    0.000000000000000       -0.4704581134752762      
    1.021671773430865     
 b_abs=   0.9862815241718836     
 g=  -1.3747014415696573E-002
 j=    0.000000000000000        -47.61159222430942      
    154.7842578081929     
 v_perp_2=    16120715.06186565     
 b_n=   1.4473243508165398E-004  -0.4653154075876941      
    1.022207011225475     
 b_para_n=   0.9862815417973410     
 dxdt=    1.451248073768937        -4238.249951913319      
    9321.359602814046     
 dudt=   -160044.7784142856     
 ---------------------
 rk4
 istep=     15000001
 grad_b=   -1.085273601198528       -0.1180438210309197      
   0.1432707625190080     
 bsub=  -2.0400259984965773E-002  -0.1367409318248052      
    1.349278989934571     
 bsup=    0.000000000000000       -0.8664135468480787      
   0.8729963711854201     
 b_abs=    1.138549326606808     
 g=  -1.9926959410236901E-002
 j=    0.000000000000000         106.7294982038321      
    306.0758825777880     
 v_perp_2=    18609333.20322641     
 b_n=  -5.0087301164360339E-004  -0.8611732238136036      
   0.8735199022329899     
 b_para_n=    1.138549362378578     
 dxdt=   -4.357322587513778        -6692.017092520297      
    6793.350325249363     
 dudt=   -1631879.041486637     
 ---------------------
 rk4
 istep=     16000001
 grad_b=  -0.9475342262047093       -0.1050524410604061      
  -0.2806693998575174     
 bsub=   5.8425754764924329E-002  -6.4405159389348654E-002 
    1.482097374634059     
 bsup=    0.000000000000000        -1.108456532132255      
   0.9102212305855210     
 b_abs=    1.191665997442708     
 g=  -1.8411809302840376E-002
 j=    0.000000000000000        -1427.439845547042      
    490.7628851395340     
 v_perp_2=    19477308.42513904     
 b_n=  -6.1219719496620093E-004   -1.103567042275985      
   0.9104578925235056     
 b_para_n=    1.191666064223381     
 dxdt=   -5.091484869980618        -8149.233702647388      
    6727.193086570027     
 dudt=    953422.0033869923     
 ---------------------
 rk4
 istep=     17000001
 grad_b=   0.7891118943154258       -3.5624368198135477E-002 
  -0.1613025049904200     
 bsub=  -4.7814397695710165E-003   8.9285614740604008E-002 
    1.345492439159987     
 bsup=    0.000000000000000       -0.2529244112293244      
    1.120048589087337     
 b_abs=    1.218135267106271     
 g=  -8.3365357618750517E-003
 j=    0.000000000000000        -470.6689841013787      
    218.8218510776738     
 v_perp_2=    19909752.00838013     
 b_n=  -2.4897586375556503E-004  -0.2608025968427007      
    1.120570511082987     
 b_para_n=    1.218135286740005     
 dxdt=   -2.026313803479733        -1887.152064919427      
    8077.361238373402     
 dudt=    1151614.026455067     
 ---------------------
 rk4
 istep=     18000001
 grad_b=  -0.1400881531302013        3.6372232169034575E-002 
  -7.9345846640269960E-002
 bsub=   2.2051482498677961E-002   2.9794581959738258E-002 
    1.011645383485473     
 bsup=    0.000000000000000        0.2609850341596042      
    1.000499458561129     
 b_abs=    1.009947536567412     
 g=  -1.4944664358429026E-002
 j=    0.000000000000000         966.6058063275050      
   -337.2579796914157     
 v_perp_2=    16506866.97935520     
 b_n=   2.4112006938535474E-004   0.2618469867643017      
    1.000468780761387     
 b_para_n=    1.009947500444776     
 dxdt=    2.361602660151157         2326.884043329245      
    8887.565095065331     
 dudt=    565550.3062816128     
 ---------------------
 rk4
 istep=     19000001
 grad_b=   0.7748249737059855        8.9734549901701599E-004 
   0.1668152762089553     
 bsub=   5.5878407512091388E-002   9.4849416720707500E-002 
    1.605371246113810     
 bsup=    0.000000000000000       -0.6076639307161122      
    1.065121517800719     
 b_abs=    1.285533642780914     
 g=  -9.7589865301050752E-003
 j=    0.000000000000000        -1569.916969551835      
   -4.706478856421512     
 v_perp_2=    21010913.68007090     
 b_n=  -8.1322818840005558E-005  -0.6146449920357098      
    1.065536798588691     
 b_para_n=    1.285533631931105     
 dxdt=  -0.6276851184691412        -4174.436916377002      
    7225.768119705011     
 dudt=   -1126020.064219016     
 ---------------------
 rk4
 istep=     20000001
 grad_b=   0.3766203899612967        6.4511418662505551E-002 
   0.1623457688576629     
 bsub=  -3.4128071734479209E-002   0.1613811027547497      
    2.080289689279732     
 bsup=    0.000000000000000        -1.594402074722946      
    1.073634253461236     
 b_abs=    1.405543476611417     
 g=  -8.0151824087838289E-003
 j=    0.000000000000000        -942.3893143342877      
    556.2289042219817     
 v_perp_2=    22972136.16010474     
 b_n=   6.1394217043628035E-004   -1.598887332810850      
    1.073992313899860     
 b_para_n=    1.405543534154858     
 dxdt=    4.341325405754981        -9791.746333173029      
    6574.715161363118     
 dudt=   -415375.4518262882     
 ---------------------
 rk4
 istep=     21000001
 grad_b=  -0.9636500125528631        0.1165694813129137      
  -0.1112841779355916     
 bsub=  -8.4416968577776582E-004  -9.1280804827921808E-002 
    1.216977812007871     
 bsup=    0.000000000000000       -0.7060611658272138      
   0.8799452771253021     
 b_abs=    1.065436831732342     
 g=  -2.0307946908514611E-002
 j=    0.000000000000000        -177.7342105454823      
    191.9690486429815     
 v_perp_2=    17413277.05223624     
 b_n=   5.3320653075874288E-004  -0.7013129517859465      
   0.8803018147828598     
 b_para_n=    1.065436857545624     
 dxdt=    4.953085067077007        -5867.899402854297      
    7371.288909481878     
 dudt=    1382366.661976203     
 ---------------------
 rk4
 istep=     22000001
 grad_b=  -0.3322579972767118        1.2335671374589926E-002 
   4.0382584277690231E-002
 bsub=  -3.6047149530911135E-002  -3.7994225895353367E-002 
   0.9136988226973473     
 bsup=    0.000000000000000       -0.1769022649085871      
    1.078197489827804     
 b_abs=   0.9962514377526713     
 g=  -1.3994691593105797E-002
 j=    0.000000000000000         390.7613795766349      
   -259.7499024775234     
 v_perp_2=    16282360.62453709     
 b_n=   8.6650748059521031E-005  -0.1748577969974950      
    1.078285890500780     
 b_para_n=   0.9962514077428798     
 dxdt=   0.8602399506095334        -1575.026405948060      
    9724.175601039364     
 dudt=   -339242.4608595360     
 ---------------------
 rk4
 istep=     23000001
 grad_b=  -0.8267664583552272        5.1765864947681442E-002 
   5.9249615672237591E-002
 bsub=  -2.0048372655061639E-002  -9.6120018792116665E-002 
   0.9035669296181363     
 bsup=    0.000000000000000       -0.5241616323054454      
    1.036781308324084     
 b_abs=   0.9939969684710054     
 g=  -1.2208540036598974E-002
 j=    0.000000000000000         807.6833466645880      
   -322.6053368253577     
 v_perp_2=    16245361.70982240     
 b_n=   4.0893009540402241E-004  -0.5183485625214489      
    1.037408718280721     
 b_para_n=   0.9939969243343617     
 dxdt=    4.068845313940240        -4680.911572516690      
    9379.398992599719     
 dudt=   -281943.5258818910     
 ---------------------
 rk4
 istep=     24000001
 grad_b=   -1.138996390854989       -0.1060292193499738      
   0.1441803710048472     
 bsub=  -2.0938803250438648E-002  -0.1269705806223745      
    1.330115647629919     
 bsup=    0.000000000000000       -0.8455378182376458      
   0.8716820113596104     
 b_abs=    1.125520556997708     
 g=  -2.0130766659136004E-002
 j=    0.000000000000000         55.91373047096107      
    303.5192362064845     
 v_perp_2=    18394729.67934480     
 b_n=  -4.4636095381950382E-004  -0.8400385995566261      
   0.8721999616583342     
 b_para_n=    1.125520593489551     
 dxdt=   -3.927481301116476        -6612.091379296013      
    6870.979040151695     
 dudt=   -1563364.066897346     
 ---------------------
 rk4
 istep=     25000001
 grad_b=   -1.230373477635728       -6.2715100469949627E-003 
  -0.2262823564841500     
 bsub=   5.3647507106514267E-002  -0.1125679317660167      
    1.441286558958276     
 bsup=    0.000000000000000        -1.031744317483198      
   0.8827125353635462     
 b_abs=    1.178122416520055     
 g=  -2.0574628669824013E-002
 j=    0.000000000000000        -203.0035361133241      
   -487.1198790427334     
 v_perp_2=    19254211.73933183     
 b_n=  -1.1147611315437770E-004   -1.026055466699404      
   0.8831609512241473     
 b_para_n=    1.178122359794437     
 dxdt=  -0.9376267709429746        -7673.978977412577      
    6610.209179490119     
 dudt=    1340558.628917617     
 ---------------------
 rk4
 istep=     26000001
 grad_b=   0.7695451985735298       -4.6504018567135624E-002 
  -0.1633962896018977     
 bsub=   5.4963446552523665E-004   9.3410503995671565E-002 
    1.356250159283518     
 bsup=    0.000000000000000       -0.3317751440204230      
    1.125173983895629     
 b_abs=    1.222570350842284     
 g=  -8.1828668437909976E-003
 j=    0.000000000000000        -547.7923956368137      
    11.62212100327800     
 v_perp_2=    19980446.81877118     
 b_n=  -3.5887704222566157E-004  -0.3396104846565471      
    1.125713778875649     
 b_para_n=    1.222570348109226     
 dxdt=   -2.910312477583799        -2445.149751238570      
    8081.307501795588     
 dudt=    1125704.142867656     
 ---------------------
 rk4
 istep=     27000001
 grad_b=  -2.2310149917270039E-002   2.4706336520748606E-002 
  -8.5109547371033961E-002
 bsub=   2.6837474139324548E-002   2.4471236151663911E-002 
    1.001641951858816     
 bsup=    0.000000000000000        0.2142784971665480      
    1.033728544707999     
 b_abs=    1.020074554767356     
 g=  -1.4461833115979090E-002
 j=    0.000000000000000         878.5692773634034      
   -291.7456290655783     
 v_perp_2=    16670887.66875195     
 b_n=   1.6717085212249671E-004   0.2144036056018295      
    1.033720977860100     
 b_para_n=    1.020074524111935     
 dxdt=    1.621221522954970         1883.922102474923      
    9082.545535038846     
 dudt=    662367.6845413656     
 ---------------------
 rk4
 istep=     28000001
 grad_b=   0.7697490475523663       -2.2452640008832604E-002 
   0.1639395922032969     
 bsub=   6.5573855713426554E-002   7.0955753870712568E-002 
    1.585150037551752     
 bsup=    0.000000000000000       -0.5640152057450388      
    1.047659262011188     
 b_abs=    1.272958341347756     
 g=  -1.0743399651784016E-002
 j=    0.000000000000000        -988.0214278953886      
   -72.72698938969367     
 v_perp_2=    20803513.46248062     
 b_n=  -2.4771354047784666E-004  -0.5703593953176900      
    1.047953482471181     
 b_para_n=    1.272958328218826     
 dxdt=   -1.930531576941521        -3917.065432278132      
    7186.409100993864     
 dudt=   -1183793.209991481     
 ---------------------
 rk4
 istep=     29000001
 grad_b=   0.4144571456789922        5.8698344751777667E-002 
   0.1545637422057008     
 bsub=  -2.3294872596118756E-002   0.1755934180107865      
    2.113662927114814     
 bsup=    0.000000000000000        -1.595334415180115      
    1.076045749531408     
 b_abs=    1.412075539332961     
 g=  -7.4878946170719596E-003
 j=    0.000000000000000        -1365.587111984033      
    309.7781780801491     
 v_perp_2=    23076823.77596652     
 b_n=   5.8393031182060718E-004   -1.600633694367207      
    1.076492440596885     
 b_para_n=    1.412075562856701     
 dxdt=    4.110395774734680        -9750.989543558468      
    6554.981683775117     
 dudt=   -420542.1790420875     
 ---------------------
 Elapsed time (seconds):     153.0504510000000     

real	2m33.060s
user	2m32.807s
sys	0m0.017s
>>> [PID 3852297] DONE  u=9000, v_perp=-4000, out=bounce/dat145.dat
