>>> [PID 3848638] START u=5000, v_perp=-5000, out=bounce/dat116.dat, dt=5.00E-09, steps=30000000
 outer boundary:   8.3000000000000462E-002
 rk4
 istep=            1
 grad_b=  -0.5028813584511926        4.9309437478731594E-003 
  -7.9811876951959709E-003
 bsub=   8.6926568617327685E-003   4.2252186386687200E-002 
    1.020727668738703     
 bsup=    0.000000000000000        0.5002952228949903      
   0.9181487452880653     
 b_abs=   0.9787595728454435     
 g=  -1.6418821021372071E-002
 j=    0.000000000000000         576.0999348828907      
    59.08096745402398     
 v_perp_2=    24999996.82802825     
 b_n=   1.7859813298647338E-005   0.5020020872211054      
   0.9180779445090473     
 b_para_n=   0.9787595786535710     
 dxdt=   0.1368554704278475         2568.840922729617      
    4689.826901327193     
 dudt=    63428.24290445462     
 ---------------------
 rk4
 istep=      1000001
 grad_b=   -1.082884980075393        1.4230334504058015E-002 
   8.5579150293568135E-002
 bsub=  -2.2176603008364406E-003  -8.0952991183290426E-002 
    1.065347872424939     
 bsup=    0.000000000000000       -0.6068805953024742      
   0.9075292445775325     
 b_abs=    1.007804610857594     
 g=  -1.8118886530655662E-002
 j=    0.000000000000000         442.6556691538984      
   -305.9005726589430     
 v_perp_2=    25741820.77926641     
 b_n=   6.1844427209301612E-005  -0.6036510046663146      
   0.9077747596237722     
 b_para_n=    1.007804587797503     
 dxdt=   0.4626037926279475        -2941.739043136956      
    4437.038466646807     
 dudt=   -874762.9741379831     
 ---------------------
 rk4
 istep=      2000001
 grad_b=   0.5548729514268707        5.1048978195303997E-002 
   0.1647376813751681     
 bsub=   2.2987850237461249E-002   0.1820995813282764      
    2.011458094744312     
 bsup=    0.000000000000000        -1.113816944169843      
    1.075103499106870     
 b_abs=    1.399883083588924     
 g=  -8.1409145084078774E-003
 j=    0.000000000000000         418.8776781930912      
   -75.97413603528376     
 v_perp_2=    35756367.87826636     
 b_n=   1.7988302708745957E-004   -1.116569753885489      
    1.075350656957728     
 b_para_n=    1.399883081651034     
 dxdt=    1.093673928188674        -3019.578546803152      
    2899.973208936548     
 dudt=   -1097052.697258049     
 ---------------------
 rk4
 istep=      3000001
 grad_b=  -0.5056078471026944        2.4136481450946427E-002 
  -2.2243846068766192E-002
 bsub=   1.0794118847550603E-002  -0.2415821538084391      
    1.521195352408495     
 bsup=    0.000000000000000        -1.267250835753219      
   0.9018783604413063     
 b_abs=    1.295487989593142     
 g=  -1.6690838038589603E-002
 j=    0.000000000000000         810.7032379955716      
    1.681054941625376     
 v_perp_2=    33089781.55744436     
 b_n=   4.8134996478722457E-005   -1.266069966696152      
   0.9020655482661291     
 b_para_n=    1.295487983366800     
 dxdt=   0.3022842585451008        -4015.156148347230      
    2863.963515648440     
 dudt=    499300.0142873690     
 ---------------------
 rk4
 istep=      4000001
 grad_b=   0.2186524848673595        6.5275068369977957E-002 
  -3.5993954732254745E-002
 bsub=  -0.1027750957594222        4.8171338540796686E-002 
    1.841665480455670     
 bsup=    0.000000000000000        -1.074904045143068      
    1.030780128691212     
 b_abs=    1.358995516722220     
 g=  -1.3043827186790929E-002
 j=    0.000000000000000         341.4125702173637      
    197.9847309437403     
 v_perp_2=    34711825.30935545     
 b_n=   2.0706675998237670E-004   -1.075581502453532      
    1.030809411829532     
 b_para_n=    1.358995527328192     
 dxdt=    1.272094385347001        -3096.802785174282      
    2965.870390893425     
 dudt=    1008033.930602806     
 ---------------------
 rk4
 istep=      5000001
 grad_b=   6.9579716869502123E-002  -0.1328381312844177      
  -0.1896613819951940     
 bsub=   5.4702216349497276E-002   2.5060951373417295E-002 
    1.150104881781185     
 bsup=    0.000000000000000       -0.6153664461193256      
    1.102286164961984     
 b_abs=    1.118926608784246     
 g=  -8.7881155616373122E-003
 j=    0.000000000000000         314.4423775895274      
   -225.9148660379172     
 v_perp_2=    28579848.69184320     
 b_n=  -6.5139268728338362E-004  -0.6157642353828212      
    1.102325803000004     
 b_para_n=    1.118926596540310     
 dxdt=   -4.491808098597885        -2548.069482587435      
    4559.634855310280     
 dudt=    1453162.261357690     
 ---------------------
 rk4
 istep=      6000001
 grad_b=   0.3119202609607671       -1.5715352970729207E-003 
   0.1199609024090482     
 bsub=  -1.9949826565254881E-002   4.0886656972025100E-002 
    1.050982666638351     
 bsup=    0.000000000000000        0.3450999536635043      
    1.074774117779403     
 b_abs=    1.069345297145513     
 g=  -1.2431426296330515E-002
 j=    0.000000000000000        -941.1594823140922      
   -112.7591259689626     
 v_perp_2=    27313358.33592493     
 b_n=  -2.2982317979048767E-005   0.3439423939360489      
    1.074818705633280     
 b_para_n=    1.069345288548967     
 dxdt=  -0.1639890820197193         1528.875566976762      
    4787.548738135923     
 dudt=   -1533325.185179756     
 ---------------------
 rk4
 istep=      7000001
 grad_b=  -0.4423115899274304       -7.9961032325455081E-004 
  -2.4681796129143271E-002
 bsub=   3.2840935364755276E-002  -4.2474737355188502E-002 
   0.9299002975955079     
 bsup=    0.000000000000000       -0.2692895450170652      
    1.037057757596566     
 b_abs=   0.9877687267090459     
 g=  -1.5568240241145682E-002
 j=    0.000000000000000         755.8837285852574      
   -128.2304600504347     
 v_perp_2=    25229657.45105779     
 b_n=  -6.1422673366297264E-006  -0.2678824099290918      
    1.037122236967164     
 b_para_n=   0.9877687165597243     
 dxdt=  -4.6709681985054860E-002   -1346.144361036228      
    5225.819884220387     
 dudt=    328157.1770693744     
 ---------------------
 rk4
 istep=      8000001
 grad_b=   0.5812297443888856        6.4761246472695849E-002 
   0.1568777485938123     
 bsub=  -1.5535312767471081E-002   0.1267020622402808      
    1.598561593755706     
 bsup=    0.000000000000000       -0.8284516867720937      
    1.104176452315009     
 b_abs=    1.289100954033982     
 g=  -7.6406913397530215E-003
 j=    0.000000000000000         473.8396433721223      
    137.0598593453382     
 v_perp_2=    32926209.36291573     
 b_n=   2.8478099045670802E-004  -0.8316232036608575      
    1.104430601830459     
 b_para_n=    1.289100963158540     
 dxdt=    1.793005516551626        -2675.461622929088      
    3540.893185842714     
 dudt=   -1184558.137669760     
 ---------------------
 rk4
 istep=      9000001
 grad_b=  -0.3019389787431161       -7.1203816746165674E-002 
   1.7136193458232724E-003
 bsub=   6.6632430610700913E-002  -0.2114231349527335      
    1.542970629953312     
 bsup=    0.000000000000000        -1.259363096530862      
   0.9224848280395370     
 b_abs=    1.299742937287301     
 g=  -1.8489901388799010E-002
 j=    0.000000000000000        -108.6255527722271      
   -330.1703621493493     
 v_perp_2=    33197941.45047901     
 b_n=  -1.5033307768939848E-004   -1.258723349396456      
   0.9225789673775775     
 b_para_n=    1.299742921769324     
 dxdt=  -0.9424871808207947        -3967.673764085296      
    2909.853463054847     
 dudt=   -896621.8503591223     
 ---------------------
 rk4
 istep=     10000001
 grad_b=  -0.7979125889109011        0.1631112621705629      
  -0.1256485481468139     
 bsub=   6.5396121361239283E-003  -0.1624447066900974      
    1.368239767398297     
 bsup=    0.000000000000000       -0.8998522588434612      
   0.8770590209445102     
 b_abs=    1.160154986914842     
 g=  -1.9390988166879859E-002
 j=    0.000000000000000        -85.58073376342850      
   -21.00611872155026     
 v_perp_2=    29632525.29183352     
 b_n=   3.6679609058093508E-004  -0.8978788247986480      
   0.8772915638504546     
 b_para_n=    1.160154986260725     
 dxdt=    2.464806623503154        -3487.188160910900      
    3413.345657973208     
 dudt=    2828805.977631708     
 ---------------------
 rk4
 istep=     11000001
 grad_b=   0.6871968254135723       -5.0751920380349536E-002 
  -0.1612959350620896     
 bsub=  -1.0206846066564672E-002   0.1296156219116616      
    1.587831201554790     
 bsup=    0.000000000000000       -0.6410677309932451      
    1.103134748699098     
 b_abs=    1.291995024706188     
 g=  -8.1588967286924177E-003
 j=    0.000000000000000         279.0020988038569      
   -220.2241635622435     
 v_perp_2=    32999885.82212443     
 b_n=  -1.8901263092743734E-004  -0.6445183536273854      
    1.103415201824255     
 b_para_n=    1.291995014525670     
 dxdt=   -1.188639070855900        -2067.527314965052      
    3522.176952776570     
 dudt=    1437186.740187548     
 ---------------------
 rk4
 istep=     12000001
 grad_b=  -0.4050603103911166        9.6029771960904377E-003 
   3.2991118266466987E-002
 bsub=  -3.3135157827745149E-002  -4.7174844690376715E-002 
   0.9105988471320066     
 bsup=    0.000000000000000       -0.2472685345967213      
    1.065114286520712     
 b_abs=   0.9907858638625784     
 g=  -1.4419374434001431E-002
 j=    0.000000000000000         723.3085949466903      
   -232.7153434791413     
 v_perp_2=    25306385.30391391     
 b_n=   3.7831550536882281E-005  -0.2459178442171231      
    1.065185619733181     
 b_para_n=   0.9907858474894703     
 dxdt=   0.2869692565197329        -1229.925024654371      
    5342.600982365228     
 dudt=   -422325.8353154280     
 ---------------------
 rk4
 istep=     13000001
 grad_b=   9.0134344223312818E-003   4.1623075468604845E-002 
  -0.1059343810582395     
 bsub=   1.5814638605453315E-002   3.5962162129875130E-002 
    1.035578698435105     
 bsup=    0.000000000000000        0.4157769304908274      
    1.010146485569466     
 b_abs=    1.030273357096287     
 g=  -1.4009987817259487E-002
 j=    0.000000000000000        -274.1934087877776      
    8.840804629213011     
 v_perp_2=    26314900.55436932     
 b_n=   1.6061647355754093E-004   0.4157392208416933      
    1.010145342233122     
 b_para_n=    1.030273357053779     
 dxdt=    1.180184776786129         1963.741241138233      
    4771.651636160746     
 dudt=    1111926.930711532     
 ---------------------
 rk4
 istep=     14000001
 grad_b=   -1.020020454409592        7.5509588661880900E-002 
   0.1340856825033608     
 bsub=  -2.2942476161320415E-002  -8.7052879130446431E-002 
    1.074968657798167     
 bsup=    0.000000000000000       -0.6185335342470720      
   0.9243235472237079     
 b_abs=    1.023349967273671     
 g=  -1.5699212042398384E-002
 j=    0.000000000000000        -1003.367514846949      
    1026.901630213589     
 v_perp_2=    26138003.10063870     
 b_n=   2.8858429614725167E-004  -0.6151349339989344      
   0.9246050005724887     
 b_para_n=    1.023350040321626     
 dxdt=    2.131993436480105        -2927.408938306706      
    4414.258905944442     
 dudt=   -963824.7137995299     
 ---------------------
 rk4
 istep=     15000001
 grad_b=   0.5140250178153902       -5.4930110990376452E-003 
   8.6420252315808410E-002
 bsub=   4.9406541815629090E-002   0.1737510672278897      
    2.011514919057349     
 bsup=    0.000000000000000        -1.047050108975612      
    1.074207735029057     
 b_abs=    1.406795018423258     
 g=  -9.3247734116201197E-003
 j=    0.000000000000000         150.5864827051702      
    193.8700200845729     
 v_perp_2=    35931703.20225125     
 b_n=  -5.5420834227927651E-005   -1.049239516490898      
    1.074398220630922     
 b_para_n=    1.406795028791419     
 dxdt=  -0.3364607652490466        -2804.919024783559      
    2865.190694723225     
 dudt=   -894943.3496496559     
 ---------------------
 rk4
 istep=     16000001
 grad_b=  -0.5172552911275147        5.0074537554879929E-002 
  -4.2320935524136058E-002
 bsub=   7.2304027210967695E-003  -0.2395734546325892      
    1.519022147729215     
 bsup=    0.000000000000000        -1.258622102518606      
   0.9012682431220692     
 b_abs=    1.292572115873783     
 g=  -1.6678488082055798E-002
 j=    0.000000000000000         612.4417175769817      
   -52.14765686040590     
 v_perp_2=    33014190.76837207     
 b_n=   1.0200601864652982E-004   -1.257406805733826      
   0.9014594225819762     
 b_para_n=    1.292572108546727     
 dxdt=   0.6413291429532166        -4005.493612767742      
    2874.908478247693     
 dudt=    999545.0626645476     
 ---------------------
 rk4
 istep=     17000001
 grad_b=   0.5373543634566718        9.0148340134232462E-003 
  -0.1112433040438764     
 bsub=  -6.5910392233687595E-002   0.1542901877360679      
    1.942032001527078     
 bsup=    0.000000000000000       -0.9552997924840150      
    1.068872040322715     
 b_abs=    1.388638668840146     
 g=  -1.0183927785911347E-002
 j=    0.000000000000000         386.1647004112532      
   -224.8084070408232     
 v_perp_2=    35467780.90281980     
 b_n=   7.0409783707323006E-005  -0.9574041557470078      
    1.069041609996733     
 b_para_n=    1.388638659042103     
 dxdt=   0.4291653938034151        -2635.332126680739      
    2935.319544361080     
 dudt=    1172716.991008434     
 ---------------------
 rk4
 istep=     18000001
 grad_b=  -0.8462647285182414       -9.6623754844522222E-002 
  -0.1201954004779788     
 bsub=   3.1617421556381198E-002  -8.6547465366322879E-002 
    1.016230334566854     
 bsup=    0.000000000000000       -0.5427765381153302      
   0.9757140403153229     
 b_abs=    1.018426850200255     
 g=  -1.3443440623147016E-002
 j=    0.000000000000000        -569.1799763121161      
   -178.7659058006374     
 v_perp_2=    26011978.27801816     
 b_n=  -3.9905406760670624E-004  -0.5396302855443039      
   0.9759943988770782     
 b_para_n=    1.018426841980624     
 dxdt=   -2.959622644508523        -2586.953539735150      
    4694.424316851722     
 dudt=    812959.0181664191     
 ---------------------
 rk4
 istep=     19000001
 grad_b=   0.2656961909654890       -3.5059731816910800E-002 
   0.1360147070580489     
 bsub=  -8.3910964797795431E-003   4.1559129878712693E-002 
    1.074168504193628     
 bsup=    0.000000000000000        0.5569040113500692      
    1.033627425151814     
 b_abs=    1.064482634062308     
 g=  -1.2679141833650605E-002
 j=    0.000000000000000        -790.0450262301459      
    303.6541574890165     
 v_perp_2=    27188238.04808010     
 b_n=  -1.5063441158095272E-004   0.5559074130890674      
    1.033664822516879     
 b_para_n=    1.064482650317159     
 dxdt=   -1.078641992082894         2491.604426740731      
    4637.991235954140     
 dudt=   -1452400.767766734     
 ---------------------
 rk4
 istep=     20000001
 grad_b=  -0.5339778524591268       -1.5513642064157070E-003 
  -1.4297451251553364E-002
 bsub=   2.8806493140664462E-002  -5.5029780852811780E-002 
   0.9261890930405576     
 bsup=    0.000000000000000       -0.3319636775297237      
    1.029305163525698     
 b_abs=   0.9854484887608506     
 g=  -1.5646211008572823E-002
 j=    0.000000000000000         131.0118166037890      
    1.163367884309707     
 v_perp_2=    25169545.51575758     
 b_n=  -7.6291582693503412E-006  -0.3302682663889404      
    1.029406133690319     
 b_para_n=   0.9854484883471971     
 dxdt=  -5.8129796562119966E-002   -1665.688748394629      
    5205.551504065224     
 dudt=    184039.1340666006     
 ---------------------
 rk4
 istep=     21000001
 grad_b=   0.6113821365920945        6.2457107463349620E-002 
   0.1668532239569160     
 bsub=   3.3591410541973805E-003   0.1413045170551179      
    1.667069720060729     
 bsup=    0.000000000000000       -0.7862392276831373      
    1.095470267921265     
 b_abs=    1.310010430762030     
 g=  -7.9826343803983714E-003
 j=    0.000000000000000        -157.9403240912002      
   -10.99506134356091     
 v_perp_2=    33459150.88934233     
 b_n=   2.5015469595777334E-004  -0.7894030207850687      
    1.095737932966747     
 b_para_n=    1.310010429495643     
 dxdt=    1.562115003544816        -2460.706428706215      
    3402.656658240605     
 dudt=   -1303136.320773181     
 ---------------------
 rk4
 istep=     22000001
 grad_b=  -0.5419020255738832       -0.1718273737211919      
   0.1133981778339102     
 bsub=   4.6364573377882055E-003  -0.2064127258803243      
    1.438666844912051     
 bsup=    0.000000000000000        -1.064216526690014      
   0.8876675658063110     
 b_abs=    1.223312275899088     
 g=  -1.8231847711601773E-002
 j=    0.000000000000000         144.4119571649397      
    6.818032868391064     
 v_perp_2=    31244702.32351776     
 b_n=  -3.7162458080590720E-004   -1.062921051516920      
   0.8878546311115721     
 b_para_n=    1.223312275138210     
 dxdt=   -2.411462314688207        -3759.105730881993      
    3143.711779933934     
 dudt=   -2959755.353331433     
 ---------------------
 rk4
 istep=     23000001
 grad_b=  -0.2815695732051229        0.1842497079525362      
  -9.7223655026136557E-002
 bsub=  -2.7745783066954334E-002  -0.2055899646838799      
    1.436522121077221     
 bsup=    0.000000000000000        -1.070585642191174      
   0.8975580104770242     
 b_abs=    1.228762111040434     
 g=  -1.8856054413693778E-002
 j=    0.000000000000000         343.6600336418476      
    189.5029254549984     
 v_perp_2=    31383822.90552561     
 b_n=   3.8794705754560481E-004   -1.069940061253225      
   0.8976579032388410     
 b_para_n=    1.228762118613057     
 dxdt=    2.510479775976479        -3755.051967480903      
    3152.310784127716     
 dudt=    2957012.803024387     
 ---------------------
 rk4
 istep=     24000001
 grad_b=   0.6531610010542535       -6.0312434831258782E-002 
  -0.1608619576814322     
 bsub=   7.4817969259932289E-003   0.1197954511468164      
    1.521171420579613     
 bsup=    0.000000000000000       -0.6404823679459768      
    1.115254156394066     
 b_abs=    1.272793659746348     
 g=  -7.7888631873334700E-003
 j=    0.000000000000000         247.1373124978981      
    62.56418443461332     
 v_perp_2=    32508351.45115033     
 b_n=  -2.5131016751693834E-004  -0.6439317755815333      
    1.115527044104169     
 b_para_n=    1.272793663981212     
 dxdt=   -1.593151601192068        -2126.442819622605      
    3666.369083129886     
 dudt=    1412436.194546348     
 ---------------------
 rk4
 istep=     25000001
 grad_b=  -0.3108607680932747        7.9673193951007200E-003 
   4.2336896777283528E-002
 bsub=  -3.6361138576628128E-002  -3.1851487888893332E-002 
   0.9231819709418169     
 bsup=    0.000000000000000       -0.1617958022113701      
    1.068286499162444     
 b_abs=   0.9960317228227301     
 g=  -1.4437288239008191E-002
 j=    0.000000000000000         334.8745360569895      
   -185.9822543276866     
 v_perp_2=    25439515.97809952     
 b_n=   3.1505817612968829E-005  -0.1607625426245154      
    1.068323376522710     
 b_para_n=   0.9960317108467223     
 dxdt=   0.2379456057468338        -797.2273214808361      
    5315.642845236805     
 dudt=   -563353.2254727271     
 ---------------------
 rk4
 istep=     26000001
 grad_b=   0.1394192113188789        8.6654934543326789E-003 
  -0.1009672736672327     
 bsub=   2.6519836935423452E-002   2.8944943194486365E-002 
    1.012395804377363     
 bsup=    0.000000000000000        0.2614739655844240      
    1.064488401847428     
 b_abs=    1.041979473299465     
 g=  -1.3446230018790670E-002
 j=    0.000000000000000         653.5361630342713      
   -287.7195146692569     
 v_perp_2=    26612995.86825648     
 b_n=   4.0530314716173728E-005   0.2609755809211614      
    1.064501572822489     
 b_para_n=    1.041979457350457     
 dxdt=   0.2951365900426141         1209.917698290455      
    4940.575132975207     
 dudt=    1289479.956722284     
 ---------------------
 rk4
 istep=     27000001
 grad_b=  -0.1567234489814165        0.1585509874901457      
   0.2055884925844570     
 bsub=  -5.7103256234668262E-002  -2.7335606905983453E-003 
    1.181663362056871     
 bsup=    0.000000000000000       -0.6317688504782193      
    1.048350151064847     
 b_abs=    1.114567652988084     
 g=  -1.0332659266060079E-002
 j=    0.000000000000000         917.5129722119786      
    270.3343716916614     
 v_perp_2=    28466880.97976971     
 b_n=   7.1070340561358019E-004  -0.6311127899029296      
    1.048386027786142     
 b_para_n=    1.114567668551992     
 dxdt=    4.914793542158812        -2625.762941029997      
    4364.937941426321     
 dudt=   -1321769.308551227     
 ---------------------
 rk4
 istep=     28000001
 grad_b=   0.1928764356585388       -6.8180548320286444E-002 
  -2.8795083897272117E-003
 bsub=   8.7514935835406787E-002   0.1105688981668660      
    1.934440593580116     
 bsup=    0.000000000000000        -1.043220614346349      
    1.052698888826074     
 b_abs=    1.386322738875698     
 g=  -1.1915500049508750E-002
 j=    0.000000000000000        -109.1002038003249      
   -561.5957196140580     
 v_perp_2=    35407614.44004200     
 b_n=  -2.2960684801865116E-004   -1.043872166267825      
    1.052746497223235     
 b_para_n=    1.386322710173461     
 dxdt=   -1.400259470423554        -2878.557261112761      
    2900.991476011451     
 dudt=   -627277.8059990755     
 ---------------------
 rk4
 istep=     29000001
 grad_b=  -0.5225291642928585        7.8611338690634358E-002 
  -6.3956479728623478E-002
 bsub=   4.4042817928616161E-003  -0.2368768248983562      
    1.512390289339447     
 bsup=    0.000000000000000        -1.240450614475925      
   0.8996680549926610     
 b_abs=    1.286291238948298     
 g=  -1.6777428651177276E-002
 j=    0.000000000000000         316.4312136424563      
   -138.4540187283155     
 v_perp_2=    32852660.79482474     
 b_n=   1.6189823123574041E-004   -1.239217750764568      
   0.8998606717819840     
 b_para_n=    1.286291229592477     
 dxdt=    1.020478009714488        -3985.589747049799      
    2897.499561956107     
 dudt=    1539370.601674559     
 ---------------------
 Elapsed time (seconds):     150.0373460000000     

real	2m30.050s
user	2m29.731s
sys	0m0.018s
>>> [PID 3848638] DONE  u=5000, v_perp=-5000, out=bounce/dat116.dat
