>>> [PID 3871223] START u=7000, v_perp=2000, out=bounce/dat267.dat, dt=5.00E-09, steps=30000000
 outer boundary:   8.3000000000000462E-002
 rk4
 istep=            1
 grad_b=  -0.5028808340725488        4.9304325202143562E-003 
  -7.9801069612629172E-003
 bsub=   8.6927959987706457E-003   4.2252107986448927E-002 
    1.020727975261316     
 bsup=    0.000000000000000        0.5002852720510124      
   0.9181488376574076     
 b_abs=   0.9787595231841588     
 g=  -1.6418871477656739E-002
 j=    0.000000000000000         576.0999158508091      
    59.07343671658606     
 v_perp_2=    3999999.289528495     
 b_n=   2.5001024897606156E-005   0.5026748731367341      
   0.9180497171704214     
 b_para_n=   0.9787595313147968     
 dxdt=   0.1861032456320146         3595.782980959137      
    6565.779989313201     
 dudt=    10147.08619194367     
 ---------------------
 rk4
 istep=      1000001
 grad_b=   0.2986766124787257       -4.6587799809749801E-002 
  -0.1221409436871816     
 bsub=   3.2042978017253927E-002   3.8086871193348464E-002 
    1.044134987736502     
 bsup=    0.000000000000000        7.0617326507214528E-002 
    1.121891410149878     
 b_abs=    1.083596601551626     
 g=  -1.0768982136848810E-002
 j=    0.000000000000000        -494.7505635676862      
    400.4661096051727     
 v_perp_2=    4428421.361738512     
 b_n=  -2.5365951916339673E-004   6.8796528238407498E-002 
    1.121965644112221     
 b_para_n=    1.083596632708822     
 dxdt=   -1.705825861072744         441.9424272940023      
    7216.129700402566     
 dudt=    264606.9660840387     
 ---------------------
 rk4
 istep=      2000001
 grad_b=  -0.7147773216511453       -3.0516737028593935E-003 
  -1.1734925982150111E-002
 bsub=  -2.0495236578478723E-002  -6.7387181180154992E-002 
   0.9531578314176243     
 bsup=    0.000000000000000       -0.4173829929852241      
   0.9868192871056874     
 b_abs=   0.9843705161449889     
 g=  -1.6769897705904729E-002
 j=    0.000000000000000        -215.7232461673087      
    36.43729934037259     
 v_perp_2=    4022878.612221076     
 b_n=  -1.6668237338662118E-005  -0.4143123349136881      
   0.9870360255830591     
 b_para_n=   0.9843705208228364     
 dxdt=  -0.1233693304271231        -2944.649986238202      
    7017.379265895443     
 dudt=    21394.52076278226     
 ---------------------
 rk4
 istep=      3000001
 grad_b=  -0.1719265652574910        0.2023244643395073      
  -0.1126549846777140     
 bsub=  -2.8986221819807811E-002  -0.1031359876993202      
    1.314296841069824     
 bsup=    0.000000000000000       -0.6654474559566097      
   0.9090619562399901     
 b_abs=    1.123951173481479     
 g=  -2.0368742972881101E-002
 j=    0.000000000000000        -136.1911877816491      
    344.6257375813892     
 v_perp_2=    4593283.185033442     
 b_n=   7.1933136268591692E-004  -0.6647990450287872      
   0.9091287320245970     
 b_para_n=    1.123951207293314     
 dxdt=    4.664075572116918        -4115.055004138611      
    5627.717023781031     
 dudt=    430958.0519511729     
 ---------------------
 rk4
 istep=      4000001
 grad_b=   0.4274635123615493       -7.2570528038128509E-002 
  -0.2138758296655318     
 bsub=   1.2724296187683868E-002   0.1686164035179578      
    1.951278417032015     
 bsup=    0.000000000000000        -1.314988517106804      
    1.073496184546366     
 b_abs=    1.368206186667134     
 g=  -7.4101609614788469E-003
 j=    0.000000000000000        -1838.135890840865      
    352.7605971456480     
 v_perp_2=    5591453.761613185     
 b_n=  -5.4805062974138156E-004   -1.319334010625890      
    1.073875279643523     
 b_para_n=    1.368206204963973     
 dxdt=   -2.920663677375542        -6640.730647822746      
    5404.302483728395     
 dudt=    200370.3626648381     
 ---------------------
 rk4
 istep=      5000001
 grad_b=  -0.5429025504791782        5.1038407576786057E-002 
  -4.5751608813602559E-002
 bsub=   1.6391458174506150E-002  -0.2397221111912567      
    1.517801387489778     
 bsup=    0.000000000000000        -1.256818759522977      
   0.9004520757792949     
 b_abs=    1.291596291639378     
 g=  -1.6889436381301842E-002
 j=    0.000000000000000         608.4444950357179      
   -48.25773168141298     
 v_perp_2=    5278336.984187640     
 b_n=   1.7056788892719763E-004   -1.254707042778528      
   0.9007837489073365     
 b_para_n=    1.291596279711607     
 dxdt=   0.9627325285019512        -6710.160542883915      
    4817.928886116462     
 dudt=    166655.9519346937     
 ---------------------
 rk4
 istep=      6000001
 grad_b=  -0.9442287380758850        0.1128811750805952      
   0.2835972821513852     
 bsub=  -5.4662395896594385E-002  -6.2479349986506047E-002 
    1.450676761495086     
 bsup=    0.000000000000000        -1.097185641178243      
   0.9066768876568351     
 b_abs=    1.176219327210523     
 g=  -1.8108747640721918E-002
 j=    0.000000000000000        -998.9292488154765      
    660.0830351609961     
 v_perp_2=    4806800.620330022     
 b_n=   5.2606141382354030E-004   -1.093259910635845      
   0.9068658422318301     
 b_para_n=    1.176219394494866     
 dxdt=    3.259691460673759        -6451.343793954507      
    5352.443588547276     
 dudt=   -231532.1780239766     
 ---------------------
 rk4
 istep=      7000001
 grad_b=   0.7302549976469233        2.4770944186663642E-002 
   0.1763888381693661     
 bsub=   4.5892608101790723E-002   0.1264010821597923      
    1.683710213059024     
 bsup=    0.000000000000000       -0.7063768303647702      
    1.077586163322286     
 b_abs=    1.313351476663435     
 g=  -9.1823747655323130E-003
 j=    0.000000000000000        -1355.367645648075      
    549.6664166746332     
 v_perp_2=    5367177.196832327     
 b_n=   8.8488820962260437E-005  -0.7119450080638052      
    1.078001801832434     
 b_para_n=    1.313351516333274     
 dxdt=   0.4912062097581157        -3742.914849905928      
    5665.015460657184     
 dudt=   -268493.8087083254     
 ---------------------
 rk4
 istep=      8000001
 grad_b=  -0.7162971634372879       -4.9254845531562091E-003 
   1.9680556037459634E-002
 bsub=   2.4179360357440595E-002  -4.7544070493427543E-002 
   0.9940550589046652     
 bsup=    0.000000000000000       -0.4159810490621862      
   0.9561936059003598     
 b_abs=   0.9849025199680999     
 g=  -1.8249731661729472E-002
 j=    0.000000000000000        -582.1214004367822      
   -96.68957773503178     
 v_perp_2=    4024904.624727251     
 b_n=  -1.6379177819520173E-005  -0.4130344103744754      
   0.9563349309118252     
 b_para_n=   0.9849025134771699     
 dxdt=  -0.1211644787892846        -2933.953993559272      
    6795.275294313557     
 dudt=   -43291.80189164043     
 ---------------------
 rk4
 istep=      9000001
 grad_b=  -0.7325014278001344        1.5063287058061550E-002 
   1.3099121081705245E-002
 bsub=  -7.4927005821354628E-003  -9.7447369718292209E-002 
   0.8229863307999588     
 bsup=    0.000000000000000       -0.4052035369285961      
    1.127009734157438     
 b_abs=   0.9826306647455606     
 g=  -1.0302117117290066E-002
 j=    0.000000000000000        -428.7586644375423      
    42.89633171298145     
 v_perp_2=    4015595.589744997     
 b_n=   1.0064525182549241E-004  -0.4007669940835052      
    1.127535977106249     
 b_para_n=   0.9826306720910650     
 dxdt=   0.7462387924125199        -2853.208047006172      
    8031.142204352988     
 dudt=   -18005.86366659467     
 ---------------------
 rk4
 istep=     10000001
 grad_b=  -9.6497515400651324E-002   7.8326698117025251E-003 
   6.8767237588544916E-002
 bsub=  -3.6774244007517588E-002  -2.5976643947250577E-003 
   0.9545657739599878     
 bsup=    0.000000000000000        3.1850058983082130E-002 
    1.075222636247861     
 b_abs=    1.012897390519786     
 g=  -1.3992807971743196E-002
 j=    0.000000000000000        -621.7592143614531      
    154.3966853688118     
 v_perp_2=    4139256.446131701     
 b_n=   3.8995134227759328E-005   3.2306326124042876E-002 
    1.075225394321861     
 b_para_n=    1.012897403865220     
 dxdt=   0.2805057237756380         223.0806544334016      
    7420.174823972873     
 dudt=   -149659.1017737068     
 ---------------------
 rk4
 istep=     11000001
 grad_b=   0.7742288365808427        1.5799049519004498E-002 
  -0.1649255601773476     
 bsub=  -2.0488082891438504E-002   5.7694027858590596E-002 
    1.261279425408379     
 bsup=    0.000000000000000        0.3733779737017577      
    1.072321120549374     
 b_abs=    1.172130891622997     
 g=  -9.8693045936280172E-003
 j=    0.000000000000000        -1800.450032155572      
    11.51095723673997     
 v_perp_2=    4789942.353085966     
 b_n=   1.5772380873267793E-004   0.3681646652170770      
    1.072562146652415     
 b_para_n=    1.172130885686232     
 dxdt=   0.9807223802928625         2179.361199415731      
    6353.602337124198     
 dudt=    298009.1365529116     
 ---------------------
 rk4
 istep=     12000001
 grad_b=   6.6213859242856568E-002  -0.1619281912775875      
  -0.2375900858568970     
 bsub=   5.6658567234512076E-002   2.6148285656285415E-002 
    1.324712269633983     
 bsup=    0.000000000000000       -0.7641119214312384      
    1.046283817409850     
 b_abs=    1.168581957232085     
 g=  -1.0179415323152405E-002
 j=    0.000000000000000        -200.5346804924273      
    582.1129711310402     
 v_perp_2=    4775410.218053362     
 b_n=  -1.0886036402784917E-003  -0.7646407064300930      
    1.046340860270650     
 b_para_n=    1.168582008434186     
 dxdt=   -6.789415858490733        -4544.094551793104      
    6217.981590183663     
 dudt=    218308.6921205339     
 ---------------------
 rk4
 istep=     13000001
 grad_b=   -1.051944468989675        0.1240501937183755      
  -0.1395007486587892     
 bsub=   1.7989785286912502E-002  -0.1372798162673750      
    1.340230228847114     
 bsup=    0.000000000000000       -0.8522854935198542      
   0.8709016392955072     
 b_abs=    1.133167909215467     
 g=  -2.0040440643532803E-002
 j=    0.000000000000000        -121.9392845964081      
    351.3338592362054     
 v_perp_2=    4630661.016903774     
 b_n=   4.1592369881841954E-004  -0.8483064096573425      
   0.8713036634067146     
 b_para_n=    1.133167943934986     
 dxdt=    2.674921559309936        -5205.303070231814      
    5347.735602808420     
 dudt=    409702.9671684271     
 ---------------------
 rk4
 istep=     14000001
 grad_b=   0.3913379774509790        5.5574748661117071E-002 
   7.4582804909199774E-002
 bsub=  -4.2062188322238292E-002   0.1676032981531520      
    2.082224895515592     
 bsup=    0.000000000000000        -1.353123378482131      
    1.074189963013506     
 b_abs=    1.418145257477077     
 g=  -8.7731296000639301E-003
 j=    0.000000000000000        -773.7815065911656      
    282.0704483323892     
 v_perp_2=    5795177.415846475     
 b_n=   4.2048686561739669E-004   -1.356455712017512      
    1.074466698652393     
 b_para_n=    1.418145278030658     
 dxdt=    2.162206418606281        -6572.696287767572      
    5205.617898256338     
 dudt=   -7083.712330857306     
 ---------------------
 rk4
 istep=     15000001
 grad_b=  -0.3225910438148242       -7.0439506511986660E-002 
  -6.4601538099656436E-002
 bsub=   0.1047891502514271       -2.9290058863060131E-002 
    1.774382090170741     
 bsup=    0.000000000000000        -1.165747433503839      
   0.9974314417703907     
 b_abs=    1.342831334873988     
 g=  -1.5265099675416834E-002
 j=    0.000000000000000        -1308.701725540190      
    551.7139951438500     
 v_perp_2=    5487377.068478867     
 b_n=  -3.3238953558893355E-004   -1.164265717160560      
   0.9974755692584147     
 b_para_n=    1.342831385996220     
 dxdt=   -1.804728840814411        -5975.898452932895      
    5120.193756719985     
 dudt=   -26899.92649912019     
 ---------------------
 rk4
 istep=     16000001
 grad_b=   -1.213755416524798       -5.5196531513922120E-002 
   0.1255501420076907     
 bsub=  -9.4511767924991223E-003  -8.6656780177881060E-002 
    1.196881017630236     
 bsup=    0.000000000000000       -0.7376054681845152      
   0.8743387385933012     
 b_abs=    1.053792476965921     
 g=  -2.0083711262297785E-002
 j=    0.000000000000000        -852.4169849370946      
   -111.1082650385090     
 v_perp_2=    4306217.356038538     
 b_n=  -1.8063066661502716E-004  -0.7328543097356010      
   0.8746813021135247     
 b_para_n=    1.053792472082374     
 dxdt=   -1.249004363675432        -4851.486136230953      
    5792.139705056690     
 dudt=   -291777.3592879002     
 ---------------------
 rk4
 istep=     17000001
 grad_b=   0.6459942760987591        7.0455442233863436E-002 
   0.1693855470009823     
 bsub=  -1.7097689170013235E-002   9.3967029379834893E-002 
    1.341525565384355     
 bsup=    0.000000000000000       -0.4449818251602460      
    1.132662422625023     
 b_abs=    1.215189246513032     
 g=  -7.8839312185012885E-003
 j=    0.000000000000000        -599.1388763968079      
    387.2385455093807     
 v_perp_2=    4965714.405010293     
 b_n=   4.8951968427579694E-004  -0.4503971133606747      
    1.133048000763569     
 b_para_n=    1.215189275092512     
 dxdt=    2.936224533711182        -2570.378951745390      
    6462.308510817972     
 dudt=   -269868.0748435113     
 ---------------------
 rk4
 istep=     18000001
 grad_b=   0.2205258691464600       -8.2864891667639703E-002 
   0.1654138087525029     
 bsub=   6.6876691567213827E-003   2.3308295076161237E-002 
    1.138429306474171     
 bsup=    0.000000000000000        0.7933196410136530      
   0.9724933441974319     
 b_abs=    1.061072274893489     
 g=  -1.2827351655497924E-002
 j=    0.000000000000000        -87.87147529564072      
    339.0516764468047     
 v_perp_2=    4335910.195720007     
 b_n=  -4.9618879274559275E-004   0.7920565806216080      
   0.9725221481947299     
 b_para_n=    1.061072306167387     
 dxdt=   -3.407494748582204         5206.965207609801      
    6393.805133272328     
 dudt=   -183170.6669172269     
 ---------------------
 rk4
 istep=     19000001
 grad_b=   0.1543959411013522       -2.9042403518537381E-002 
  -0.1022880007051374     
 bsub=   3.4669736897737891E-002   2.0506470479198770E-002 
   0.9941738294275581     
 bsup=    0.000000000000000        0.1504633493699395      
    1.106582034143490     
 b_abs=    1.050712511649267     
 g=  -1.2195493314041905E-002
 j=    0.000000000000000         278.5338219151031      
   -77.73522358456341     
 v_perp_2=    4293550.065109409     
 b_n=  -1.4519852387909240E-004   0.1496117647054120      
    1.106604656687123     
 b_para_n=    1.050712505701331     
 dxdt=   -1.006940084658880         993.4959714344031      
    7350.251878035548     
 dudt=    228601.7143190487     
 ---------------------
 rk4
 istep=     20000001
 grad_b=  -0.5925129355535552        4.9721669593679151E-003 
   1.1247434987709332E-002
 bsub=  -2.2491619189880491E-002  -7.1977977329670151E-002 
   0.9017849501672388     
 bsup=    0.000000000000000       -0.3752127110825264      
    1.044166702952890     
 b_abs=   0.9838189435308744     
 g=  -1.4548428144538520E-002
 j=    0.000000000000000        -204.3574066539112      
    175.5406423016460     
 v_perp_2=    4020174.134292692     
 b_n=   2.7522807763148133E-005  -0.3724358716556969      
    1.044389046980059     
 b_para_n=   0.9838189599766209     
 dxdt=   0.2038230024252491        -2648.573482653252      
    7429.499076878925     
 dudt=   -20515.34047533133     
 ---------------------
 rk4
 istep=     21000001
 grad_b=  -0.8022354614382475        7.1522274143733147E-002 
  -6.5983443989356683E-002
 bsub=  -1.5145308411578096E-002  -4.5779832475762068E-002 
    1.107777232956380     
 bsup=    0.000000000000000       -0.5414686910945896      
   0.9001420776276841     
 b_abs=    1.011171882970978     
 g=  -2.0089561619055309E-002
 j=    0.000000000000000        -55.31339344814430      
    450.2792596476112     
 v_perp_2=    4131921.550001991     
 b_n=   2.7133185620731212E-004  -0.5383010912727926      
   0.9002767320997090     
 b_para_n=    1.011171928032149     
 dxdt=    1.955110589031251        -3720.530188488558      
    6223.954341671924     
 dudt=    198261.2882525806     
 ---------------------
 rk4
 istep=     22000001
 grad_b=   0.5751027668630427       -7.6631111529944784E-002 
  -0.1978859312943575     
 bsub=  -1.1047177131036267E-002   0.1653179150015037      
    1.842415503833486     
 bsup=    0.000000000000000       -0.9567799537649782      
    1.079848072998125     
 b_abs=    1.352879246481333     
 g=  -8.0431486477833443E-003
 j=    0.000000000000000        -526.1696566885622      
    167.9379779072758     
 v_perp_2=    5528197.683167656     
 b_n=  -5.3111528019407722E-004  -0.9619573232590904      
    1.080309456163622     
 b_para_n=    1.352879257488920     
 dxdt=   -2.862372549120109        -4900.616349305392      
    5501.964692298110     
 dudt=    211984.2580938320     
 ---------------------
 rk4
 istep=     23000001
 grad_b=  -0.9808294355259179        0.1180947566147567      
  -0.1452910722188238     
 bsub=   3.9088870041995669E-002  -0.1937309126843098      
    1.473220461088971     
 bsup=    0.000000000000000        -1.108818389314762      
   0.8844405079400657     
 b_abs=    1.232041424895842     
 g=  -1.9187236113391105E-002
 j=    0.000000000000000         34.29721375806344      
   -150.4239282642021     
 v_perp_2=    5034390.821822159     
 b_n=   3.6278715828615761E-004   -1.105237840415367      
   0.8849017187473882     
 b_para_n=    1.232041411204837     
 dxdt=    2.146373118108704        -6211.858869188839      
    4974.467461581046     
 dudt=    430246.6043238811     
 ---------------------
 rk4
 istep=     24000001
 grad_b=   -1.168741792137361       -8.5010141264364500E-002 
   0.1739275278674586     
 bsub=  -4.6364823576797325E-002  -0.1615793665186995      
    1.449632973201860     
 bsup=    0.000000000000000        -1.047074816146695      
   0.8778866752595739     
 b_abs=    1.200828452956588     
 g=  -2.0404624854598093E-002
 j=    0.000000000000000         206.6753031508430      
   -75.04733676447205     
 v_perp_2=    4906820.552678922     
 b_n=  -2.3456701984263188E-004   -1.042917109625652      
   0.8783425928225496     
 b_para_n=    1.200828443966963     
 dxdt=   -1.423757341547273        -6021.743314575199      
    5072.665453393732     
 dudt=   -411228.7930346432     
 ---------------------
 rk4
 istep=     25000001
 grad_b=   0.6529517705728607        6.3148429326852121E-002 
   0.1919284549392120     
 bsub=   2.2874154958674363E-002   0.1598241028910916      
    1.796812617360929     
 bsup=    0.000000000000000       -0.8448745691582609      
    1.082413244140807     
 b_abs=    1.345239305705642     
 g=  -8.4584492262444987E-003
 j=    0.000000000000000        -743.2244068771827      
    72.61505470226409     
 v_perp_2=    5496874.775035293     
 b_n=   3.8998807450869714E-004  -0.8503804567618120      
    1.082898021283510     
 b_para_n=    1.345239306290972     
 dxdt=    2.113684624866859        -4358.504229682020      
    5548.305313792942     
 dudt=   -234484.5345780320     
 ---------------------
 rk4
 istep=     26000001
 grad_b=  -0.8268112667389442       -3.9114394401018444E-002 
   5.0302379321778029E-002
 bsub=   1.7686399205290249E-002  -4.5133310702190718E-002 
    1.065011125929900     
 bsup=    0.000000000000000       -0.5130026194432339      
   0.9127891432864248     
 b_abs=   0.9977719739840205     
 g=  -1.9549742798222278E-002
 j=    0.000000000000000        -546.8743489580630      
   -53.38756681249532     
 v_perp_2=    4077040.290694527     
 b_n=  -1.4808173921416703E-004  -0.5096887025049225      
   0.9129320376718391     
 b_para_n=   0.9977719710121253     
 dxdt=   -1.081323984306293        -3572.007754842226      
    6399.799119299682     
 dudt=   -135105.1660892506     
 ---------------------
 rk4
 istep=     27000001
 grad_b=  -0.5871580540832364       -9.6819081949836086E-003 
  -1.5380727258074087E-002
 bsub=   1.9861523418168318E-002  -7.8137862504288391E-002 
   0.8789152342006932     
 bsup=    0.000000000000000       -0.3739641389642080      
    1.069057298055811     
 b_abs=   0.9838100869485988     
 g=  -1.3324467191126961E-002
 j=    0.000000000000000        -284.7678177509982      
    232.1139505653551     
 v_perp_2=    4019966.030246826     
 b_n=  -5.5133444826242730E-005  -0.3710361160460533      
    1.069318876917174     
 b_para_n=   0.9838101084566155     
 dxdt=  -0.4083000863595474        -2638.601343534195      
    7606.937592831522     
 dudt=    26627.61824634780     
 ---------------------
 rk4
 istep=     28000001
 grad_b=   8.8808461677625739E-002   2.3152633445228277E-002 
   9.4761874595909373E-002
 bsub=  -3.5555311088660821E-002   1.3750216301629488E-002 
   0.9797243937992637     
 bsup=    0.000000000000000        0.1402263658931515      
    1.098998334903922     
 b_abs=    1.038652005169473     
 g=  -1.2726707583596217E-002
 j=    0.000000000000000         521.2891946962653      
   -98.87709333834323     
 v_perp_2=    4244028.372053945     
 b_n=   1.1375381406194651E-004   0.1397455587155818      
    1.099009203089909     
 b_para_n=    1.038651997536494     
 dxdt=   0.7980164530976117         939.3270241855283      
    7388.314322435838     
 dudt=   -211236.7556628722     
 ---------------------
 rk4
 istep=     29000001
 grad_b=   0.5312942540337178        6.3002125534167591E-002 
  -0.1719829923729846     
 bsub=  -1.4134295129737306E-002   3.0891753419688833E-002 
    1.180743375951881     
 bsup=    0.000000000000000        0.7471413687649356      
    1.016999518685770     
 b_abs=    1.106334220261579     
 g=  -1.1455873999123525E-002
 j=    0.000000000000000        -424.3790477771614      
    250.1228574521273     
 v_perp_2=    4520555.949643420     
 b_n=   4.1404220728100458E-004   0.7438951072876582      
    1.017089426667538     
 b_para_n=    1.106334241367382     
 dxdt=    2.727266636129553         4680.753753840424      
    6401.081994299691     
 dudt=    236070.0742302716     
 ---------------------
 Elapsed time (seconds):     153.2876820000000     

real	2m33.297s
user	2m32.980s
sys	0m0.012s
>>> [PID 3871223] DONE  u=7000, v_perp=2000, out=bounce/dat267.dat
