>>> [PID 3840741] START u=10000, v_perp=-10000, out=bounce/dat21.dat, dt=5.00E-09, steps=30000000
 outer boundary:   8.3000000000000462E-002
 rk4
 istep=            1
 grad_b=  -0.5028799970447334        4.9296823506296411E-003 
  -7.9785030611731478E-003
 bsub=   8.6930069539294663E-003   4.2251989463525846E-002 
    1.020728434078998     
 bsup=    0.000000000000000        0.5002702759830275      
   0.9181489805239484     
 b_abs=   0.9787594487051674     
 g=  -1.6418947228390442E-002
 j=    0.000000000000000         576.1000163068295      
    59.06236414616973     
 v_perp_2=    99999974.62868199     
 b_n=   3.5710059856136976E-005   0.5036839729319373      
   0.9180073811097201     
 b_para_n=   0.9787594603188114     
 dxdt=   0.5472753441564289         5163.585813320466      
    9378.572888596475     
 dudt=    253623.8372612666     
 ---------------------
 rk4
 istep=      1000001
 grad_b=   0.5881986342226767        5.1843759052206076E-002 
   0.1683578414806311     
 bsub=   2.4893022521464164E-002   0.1757575720197401      
    2.006136781693738     
 bsup=    0.000000000000000        -1.131285847091564      
    1.070961180300660     
 b_abs=    1.396247100330900     
 g=  -8.2749239998834313E-003
 j=    0.000000000000000         390.8104528129007      
   -63.05899408034621     
 v_perp_2=    142653261.3472799     
 b_n=   3.6544804268510490E-004   -1.137060148644349      
    1.071462529960068     
 b_para_n=    1.396247097378385     
 dxdt=    4.447306887238709        -6205.974806217834      
    5814.625451285850     
 dudt=   -4450969.896474644     
 ---------------------
 rk4
 istep=      2000001
 grad_b=   0.2642279830350915        7.2933178761855649E-002 
  -5.5250773619186816E-002
 bsub=  -0.1087855596916463       -1.8933467817695223E-002 
    1.752608820438981     
 bsup=    0.000000000000000        -1.113525992302427      
    1.005911220090109     
 b_abs=    1.335682848477100     
 g=  -1.4318621802377439E-002
 j=    0.000000000000000        -1217.385463932879      
    235.7971396023408     
 v_perp_2=    136464131.7910422     
 b_n=   4.1384650435221477E-004   -1.115018154109959      
    1.005920807486827     
 b_para_n=    1.335682874104451     
 dxdt=    5.121968147648572        -6663.643085625645      
    6003.083097621682     
 dudt=    5231649.548149079     
 ---------------------
 rk4
 istep=      3000001
 grad_b=   0.3258934410886662       -2.1212855520261198E-004 
   0.1153804329205859     
 bsub=  -2.2114873575528805E-002   3.8032421289335781E-002 
    1.047571648070605     
 bsup=    0.000000000000000        0.3284257380877339      
    1.079033857532878     
 b_abs=    1.068991067561621     
 g=  -1.2308808064144977E-002
 j=    0.000000000000000        -915.8535941741923      
   -94.83674997201931     
 v_perp_2=    109215612.2890223     
 b_n=  -3.2672176546837155E-005   0.3259882067645349      
    1.079121648143298     
 b_para_n=    1.068991052853647     
 dxdt=  -0.4663786447281213         2892.515941032954      
    9618.850469265606     
 dudt=   -5946048.832623174     
 ---------------------
 rk4
 istep=      4000001
 grad_b=   0.5599575554165070        7.4589627027294089E-002 
   0.1698626330699542     
 bsub=  -3.1421621252434445E-002   0.1122892846166559      
    1.578992783464317     
 bsup=    0.000000000000000       -0.9342688270228441      
    1.096018389873779     
 b_abs=    1.275180230742744     
 g=  -7.9411234865958344E-003
 j=    0.000000000000000         1139.434744683850      
   -75.76275578061109     
 v_perp_2=    130279986.5371709     
 b_n=   6.6769668346677662E-004  -0.9402859932006427      
    1.096459585122487     
 b_para_n=    1.275180231304222     
 dxdt=    8.456905275489591        -6193.783752376292      
    7182.291573901470     
 dudt=   -4666338.910353032     
 ---------------------
 rk4
 istep=      5000001
 grad_b=  -0.9515968250199500        0.1379388514411239      
  -0.1334088744372520     
 bsub=   1.1609968432471991E-002  -0.1411909638130361      
    1.350860106200604     
 bsup=    0.000000000000000       -0.8667607516188944      
   0.8789681784467710     
 b_abs=    1.144308254453052     
 g=  -1.9470524031766617E-002
 j=    0.000000000000000        -231.3085044931996      
    210.3609554412473     
 v_perp_2=    116908173.2090306     
 b_n=   6.2650795219985802E-004  -0.8619584499126202      
   0.8794647517372923     
 b_para_n=    1.144308283447938     
 dxdt=    8.501649695242957        -6839.382643949542      
    7008.531279144495     
 dudt=    10571939.84999424     
 ---------------------
 rk4
 istep=      6000001
 grad_b=  -0.4319913188024748        1.2738979356258177E-002 
   2.9911307562261624E-002
 bsub=  -3.2432959804083096E-002  -5.2146911545466537E-002 
   0.8999915737861031     
 bsup=    0.000000000000000       -0.2459140717775083      
    1.082465342383963     
 b_abs=   0.9935105776913679     
 g=  -1.3587728591217745E-002
 j=    0.000000000000000         485.2305534201478      
   -227.6399940043653     
 v_perp_2=    101500881.5123696     
 b_n=   1.0083013418095431E-004  -0.2429117419361988      
    1.082642902068731     
 b_para_n=   0.9935105472657048     
 dxdt=    1.526210831348201        -2411.113969337829      
    10815.97378907566     
 dudt=   -1503660.120968328     
 ---------------------
 rk4
 istep=      7000001
 grad_b=   -1.176956130865737        2.1482560557763354E-002 
   0.1128835479073852     
 bsub=  -1.0186127440266856E-002  -7.9976871601286637E-002 
    1.107108729934434     
 bsup=    0.000000000000000       -0.6725135657118392      
   0.9013124165180669     
 b_abs=    1.025311126306315     
 g=  -1.7979804855372115E-002
 j=    0.000000000000000        -391.3661268749978      
   -75.97268542661340     
 v_perp_2=    104748779.3044148     
 b_n=   1.7724044505083104E-004  -0.6654812316392876      
   0.9018220528791783     
 b_para_n=    1.025311119860993     
 dxdt=    2.614766855150303        -6297.738044916712      
    8586.879917762386     
 dudt=   -4349109.785178699     
 ---------------------
 rk4
 istep=      8000001
 grad_b=  -0.6322227151654964        7.6841132718756366E-002 
  -7.5679340549053870E-002
 bsub=   2.0803698952287959E-002  -0.2235074264561144      
    1.525453932006305     
 bsup=    0.000000000000000        -1.249142249566139      
   0.9036736930106509     
 b_abs=    1.287581772522001     
 g=  -1.6935829920601921E-002
 j=    0.000000000000000         501.2725727850993      
   -228.8848100244356     
 v_perp_2=    131541699.5923090     
 b_n=   3.0921890128712527E-004   -1.246173871723968      
   0.9041043730993317     
 b_para_n=    1.287581742263259     
 dxdt=    3.896062184164956        -7989.541979938987      
    5812.400617843813     
 dudt=    6521105.065799330     
 ---------------------
 rk4
 istep=      9000001
 grad_b=   7.2331910738417410E-002  -0.1177833007279165      
  -0.1710484169528873     
 bsub=   5.4447494672837105E-002   2.4113080244850944E-002 
    1.108236315251738     
 bsup=    0.000000000000000       -0.5786222245012413      
    1.117879371881100     
 b_abs=    1.106388137344648     
 g=  -8.6691448445923493E-003
 j=    0.000000000000000        -158.9387623814375      
   3.3474583504471411E-003
 v_perp_2=    113029512.3121286     
 b_n=  -1.1621521623687585E-003  -0.5794448407445039      
    1.117954366410458     
 b_para_n=    1.106388136961171     
 dxdt=   -16.16134768171394        -4888.673082685608      
    9423.699948316733     
 dudt=    5681511.405638873     
 ---------------------
 rk4
 istep=     10000001
 grad_b=  -0.5786945800774987        3.4202450876791180E-003 
  -3.8303689650503736E-003
 bsub=   3.0588909174743745E-002  -4.5039915227688070E-002 
   0.9512548497714828     
 bsup=    0.000000000000000       -0.3221298116591486      
    1.012134770487398     
 b_abs=   0.9884029743986958     
 g=  -1.6354835416336332E-002
 j=    0.000000000000000        -169.1391521583399      
    1.668508782998629     
 v_perp_2=    100975037.7329781     
 b_n=   2.0074601442468563E-005  -0.3185438500393666      
    1.012303913977818     
 b_para_n=   0.9884029756313558     
 dxdt=   0.3051532715788696        -3188.656105786393      
    10192.62884619268     
 dudt=    257290.8712805756     
 ---------------------
 rk4
 istep=     11000001
 grad_b=  -0.7832605275801774       -3.5410138874990726E-002 
  -0.1567554668821378     
 bsub=   8.9155204704064822E-002  -0.1079974443451671      
    1.648513571230755     
 bsup=    0.000000000000000        -1.215621794995757      
   0.9484920348551161     
 b_abs=    1.302113729839595     
 g=  -1.8142438579111096E-002
 j=    0.000000000000000         1538.522172617465      
   -388.9214561144299     
 v_perp_2=    133022236.2500491     
 b_n=  -2.0959559930961637E-004   -1.212066658354095      
   0.9487362339399170     
 b_para_n=    1.302113678611518     
 dxdt=   -2.625509440085387        -7595.846135296120      
    5964.484503276096     
 dudt=    4143901.106442744     
 ---------------------
 rk4
 istep=     12000001
 grad_b=   0.7946095146339875       -3.5520016308172565E-002 
  -0.1617578643630222     
 bsub=  -1.9297283643545493E-002   0.1102104610165411      
    1.517843085376871     
 bsup=    0.000000000000000       -0.5408469031475108      
    1.100557074803779     
 b_abs=    1.269398715665570     
 g=  -8.5068526902662561E-003
 j=    0.000000000000000         403.3991556489042      
   -200.7542701222675     
 v_perp_2=    129678873.0932192     
 b_n=  -2.3094996163919098E-004  -0.5485457825091772      
    1.101113138696567     
 b_para_n=    1.269398697860175     
 dxdt=   -2.932430916489085        -3670.641273788204      
    7277.445977291698     
 dudt=    6390437.935643262     
 ---------------------
 rk4
 istep=     13000001
 grad_b=  -0.4140439792856984        2.6841979871903086E-002 
  -3.2869895327625229E-002
 bsub=   1.7078632931536733E-002   3.5235859265703079E-002 
    1.015955048706929     
 bsup=    0.000000000000000        0.2645903759339187      
   0.9452544145361189     
 b_abs=   0.9846536546879121     
 g=  -1.6401466510153499E-002
 j=    0.000000000000000         572.0080419641047      
    113.4329706337176     
 v_perp_2=    100588924.9381168     
 b_n=   1.8647354054193604E-004   0.2673459819624180      
   0.9451557262767917     
 b_para_n=   0.9846536729928771     
 dxdt=    2.843507454324789         2721.236643059802      
    9570.052133829531     
 dudt=    1243342.124666509     
 ---------------------
 rk4
 istep=     14000001
 grad_b=   0.5330235150165055        2.2464428335679919E-002 
   9.8215728231109994E-002
 bsub=   2.7960212971045992E-002   0.1788144557888621      
    2.076023060337384     
 bsup=    0.000000000000000        -1.250241061030664      
    1.071565032720474     
 b_abs=    1.415105065298285     
 g=  -8.1682040354819282E-003
 j=    0.000000000000000         475.1554687935865      
   -234.0007516961710     
 v_perp_2=    144560912.9864204     
 b_n=   1.3845526081011824E-004   -1.255497567685859      
    1.072015914230678     
 b_para_n=    1.415105045705636     
 dxdt=    1.678300611497145        -6642.009034631226      
    5643.631913674962     
 dudt=   -2785012.684944444     
 ---------------------
 rk4
 istep=     15000001
 grad_b=   0.5277141612080481        5.8418701884317935E-002 
  -0.1068012569477183     
 bsub=  -0.1039936685430482        2.9033186315194984E-002 
    1.769206258405920     
 bsup=    0.000000000000000        -1.034736362878817      
    1.023461229364957     
 b_abs=    1.334528406815723     
 g=  -1.3016748101682216E-002
 j=    0.000000000000000         91.03421317262092      
   -278.7588895479665     
 v_perp_2=    136328209.5619051     
 b_n=   3.8333631510837160E-004   -1.038058294431456      
    1.023538253876805     
 b_para_n=    1.334528377922388     
 dxdt=    4.745840584060865        -6228.059979063193      
    6120.470276916956     
 dudt=    6497167.635725731     
 ---------------------
 rk4
 istep=     16000001
 grad_b=   0.5783838083532936       -6.3703722712129159E-003 
   0.1416184677452812     
 bsub=  -4.7061996728628638E-003   4.8791462017730811E-002 
    1.119586748951509     
 bsup=    0.000000000000000        0.4837224186650197      
    1.071864323431157     
 b_abs=    1.106060987286864     
 g=  -1.1167438691303691E-002
 j=    0.000000000000000         770.2212780589723      
   -217.1100813337823     
 v_perp_2=    112988033.5352515     
 b_n=  -1.0030020185280416E-004   0.4790923565856968      
    1.072065659042114     
 b_para_n=    1.106060966688373     
 dxdt=   -1.395090200866664         4015.096540030974      
    9042.421937354113     
 dudt=   -6867434.997770976     
 ---------------------
 rk4
 istep=     17000001
 grad_b=   0.5132844405589867        6.7601195831061806E-002 
   0.1792411612320370     
 bsub=  -2.6164181139269174E-002   0.1306215592876779      
    1.711154367311688     
 bsup=    0.000000000000000        -1.117833478928564      
    1.083054747053643     
 b_abs=    1.307315464972546     
 g=  -7.9006309125904083E-003
 j=    0.000000000000000         341.6445100864253      
   -39.52643113192728     
 v_perp_2=    133545507.3800427     
 b_n=   5.8272695234764648E-004   -1.123410391798171      
    1.083489371630207     
 b_para_n=    1.307315463529705     
 dxdt=    7.284755333962442        -7040.137026883180      
    6758.984347949588     
 dudt=   -4632117.003040371     
 ---------------------
 rk4
 istep=     18000001
 grad_b=   -1.005565839271900        0.1201273016672630      
  -0.1231351544767778     
 bsub=   5.0431181927768891E-003  -0.1068759852575263      
    1.264928066429393     
 bsup=    0.000000000000000       -0.7627137481443795      
   0.8794981966423676     
 b_abs=    1.092612524763393     
 g=  -1.9986404531765728E-002
 j=    0.000000000000000        -958.6981286470220      
    269.0330666858836     
 v_perp_2=    111611951.7910048     
 b_n=   5.7212541612618835E-004  -0.7574731429527192      
   0.8799387431427342     
 b_para_n=    1.092612570603771     
 dxdt=    8.031133808351386        -6489.280217804750      
    7573.912264539507     
 dudt=    9345612.387894088     
 ---------------------
 rk4
 istep=     19000001
 grad_b=  -0.2244033849599936        2.3871754425891539E-002 
   5.4497107667131714E-002
 bsub=  -4.0030230635384155E-002  -2.6177307723304247E-002 
   0.9181701060437071     
 bsup=    0.000000000000000       -5.2298653664182071E-002 
    1.106543889893848     
 b_abs=    1.008663784338687     
 g=  -1.2806117529993008E-002
 j=    0.000000000000000        -258.9156395585784      
    4.210512249578670     
 v_perp_2=    103035411.4694860     
 b_n=   1.8458016377850402E-004  -5.0686845008722801E-002 
    1.106597891830297     
 b_para_n=    1.008663785692978     
 dxdt=    2.759346615485951        -486.4689488568010      
    10803.41972763884     
 dudt=   -2990328.843307558     
 ---------------------
 rk4
 istep=     20000001
 grad_b=   -1.266105208287440        2.8456608345700046E-002 
   0.1620739023622165     
 bsub=  -2.2724990983688166E-002  -8.2198174968524690E-002 
    1.191223037321050     
 bsup=    0.000000000000000       -0.8066087557321788      
   0.8827557992902879     
 b_abs=    1.057259679703775     
 g=  -1.8489002554170620E-002
 j=    0.000000000000000        -240.5582310144785      
   -233.2471353811438     
 v_perp_2=    107998494.6173702     
 b_n=   2.2926947222534218E-004  -0.7993038204711804      
   0.8832642109767359     
 b_para_n=    1.057259650590713     
 dxdt=    3.300816437593971        -7212.599687904753      
    8015.915844932652     
 dudt=   -5802717.363260066     
 ---------------------
 rk4
 istep=     21000001
 grad_b=  -0.8968983870908426        0.1257225470454525      
  -0.1384115865646904     
 bsub=   2.7988017277211751E-002  -0.1919263709870337      
    1.479893638420406     
 bsup=    0.000000000000000        -1.111749897308301      
   0.8918827202528010     
 b_abs=    1.238240187798224     
 g=  -1.8119928856877670E-002
 j=    0.000000000000000         175.8452428249813      
   -212.4573632541895     
 v_perp_2=    126484195.3202670     
 b_n=   5.1494058850313162E-004   -1.107476960243224      
   0.8924271144061989     
 b_para_n=    1.238240162202332     
 dxdt=    6.633088473324315        -7643.219146099861      
    6182.812575092814     
 dudt=    10857174.11461039     
 ---------------------
 rk4
 istep=     22000001
 grad_b=  -0.3541133998823190       -0.1061449909766297      
  -0.1289660694740973     
 bsub=   5.4364505285156073E-002  -2.6984606624655183E-002 
   0.9686012403508095     
 bsup=    0.000000000000000       -0.5599750131524148      
    1.117137042916404     
 b_abs=    1.047641724762405     
 g=  -9.2745038422114567E-003
 j=    0.000000000000000         94.86269458619913      
   -55.37584499754072     
 v_perp_2=    107013802.6150261     
 b_n=  -1.0533945789599935E-003  -0.5566452844310719      
    1.117288923678721     
 b_para_n=    1.047641718271539     
 dxdt=   -15.27519651667573        -5105.961506200717      
    10284.80175300137     
 dudt=    4126025.386408556     
 ---------------------
 rk4
 istep=     23000001
 grad_b=  -0.8209969762291397       -3.6785747136888411E-004 
   3.0868670864624841E-002
 bsub=   2.0103013340695922E-002  -5.7700382717096654E-002 
   0.9978157878087992     
 bsup=    0.000000000000000       -0.4447120055930669      
   0.9625434797302609     
 b_abs=   0.9931300120782147     
 g=  -1.7648618069153108E-002
 j=    0.000000000000000         263.8190222009670      
   -276.1844210164412     
 v_perp_2=    101444580.1689549     
 b_n=   8.4369947102463667E-006  -0.4398205555668264      
   0.9628261278076127     
 b_para_n=   0.9931299735982951     
 dxdt=   0.1277427240983835        -4371.362052267112      
    9626.039771452726     
 dudt=   -1536416.171984605     
 ---------------------
 rk4
 istep=     24000001
 grad_b=  -0.9287513322685387        2.7546288839355379E-003 
  -0.1676478360498481     
 bsub=   7.7795080214537210E-002  -0.1473676857841866      
    1.580838087506844     
 bsup=    0.000000000000000        -1.214403555104541      
   0.9219374881318625     
 b_abs=    1.279337502852318     
 g=  -1.9311771520392297E-002
 j=    0.000000000000000         699.5271811951104      
   -180.8108827841860     
 v_perp_2=    130678211.7384810     
 b_n=  -5.6082845254074588E-005   -1.210393437255936      
   0.9223140551480029     
 b_para_n=    1.279337476842838     
 dxdt=  -0.7090100279652288        -7852.682286926311      
    6004.760462319175     
 dudt=    6303815.071565638     
 ---------------------
 rk4
 istep=     25000001
 grad_b=   0.8233558964131409       -3.4675384594174685E-002 
  -0.1617765933746669     
 bsub=  -7.9500660964806208E-003   9.0922826355897823E-002 
    1.379297007191017     
 bsup=    0.000000000000000       -0.3338897371234764      
    1.114657467523016     
 b_abs=    1.227410126675411     
 g=  -8.4203180586662520E-003
 j=    0.000000000000000        -162.0442867343195      
    108.1578164367033     
 v_perp_2=    125372885.0649956     
 b_n=  -2.3594299988876738E-004  -0.3419712175054686      
    1.115188845254711     
 b_para_n=    1.227410136810564     
 dxdt=   -3.055508127091521        -2454.623272592738      
    7852.009683953663     
 dudt=    7021570.558017276     
 ---------------------
 rk4
 istep=     26000001
 grad_b=  -0.3966842291003854        1.7217912653473125E-002 
  -2.7234077046465022E-002
 bsub=   2.6429814509071680E-002   1.9008317255102370E-002 
    1.000660471162920     
 bsup=    0.000000000000000        3.8760490617648191E-002 
   0.9692144591243119     
 b_abs=   0.9851000646391395     
 g=  -1.6707658223915269E-002
 j=    0.000000000000000        -889.0060701619598      
   -33.83951545336050     
 v_perp_2=    100621265.0492793     
 b_n=   1.1415391425588301E-004   4.1309023059877895E-002 
   0.9691630259614452     
 b_para_n=   0.9851000577839867     
 dxdt=    1.740022552822635         431.0907227403043      
    9807.347359799758     
 dudt=    1333860.840657738     
 ---------------------
 rk4
 istep=     27000001
 grad_b=   0.4524857926023950       -1.4913725225113351E-002 
  -1.4817614007048424E-002
 bsub=   2.9806676482525364E-002   0.1759759820925247      
    2.118118824249093     
 bsup=    0.000000000000000        -1.408421063325336      
    1.072270231628125     
 b_abs=    1.423004595296157     
 g=  -8.0176027078118061E-003
 j=    0.000000000000000         413.4543605508353      
   -31.80052769173598     
 v_perp_2=    145348738.7669885     
 b_n=  -1.3805756349610429E-004   -1.412988705202246      
    1.072651660026698     
 b_para_n=    1.423004595555364     
 dxdt=   -1.670973721459261        -7372.170697676346      
    5575.166160657742     
 dudt=   -183622.6220108186     
 ---------------------
 rk4
 istep=     28000001
 grad_b=   0.7306070254152153        3.8992065214879287E-002 
  -0.1560284678681843     
 bsub=  -9.1248752514927811E-002   5.3491528132697197E-002 
    1.712649176243367     
 bsup=    0.000000000000000       -0.8900572953932031      
    1.032545654949838     
 b_abs=    1.311742314101770     
 g=  -1.2019373538259241E-002
 j=    0.000000000000000        -280.9319858749236      
   -479.2577272059154     
 v_perp_2=    133982836.4059929     
 b_n=   3.0877051241977039E-004  -0.8951415851542597      
    1.032720864966745     
 b_para_n=    1.311742262215257     
 dxdt=    3.853359699893423        -5576.575769600834      
    6397.902991423623     
 dudt=    7623646.549062574     
 ---------------------
 rk4
 istep=     29000001
 grad_b=   0.7493835417912772       -2.7948766916544673E-002 
   0.1619211104676444     
 bsub=   1.7608585747608249E-002   4.8506884250489116E-002 
    1.222793896263665     
 bsup=    0.000000000000000        0.4842697107970653      
    1.060849820521349     
 b_abs=    1.149318171498164     
 g=  -1.0352837319005695E-002
 j=    0.000000000000000        -1155.778873967092      
    141.0117797159390     
 v_perp_2=    117391420.2282673     
 b_n=  -2.9223155442459629E-004   0.4779181381092687      
    1.061105998511914     
 b_para_n=    1.149318182024109     
 dxdt=   -3.953016415910988         3743.737554249260      
    8392.774565785692     
 dudt=   -7031332.476549842     
 ---------------------
 Elapsed time (seconds):     160.5842560000000     

real	2m40.600s
user	2m40.004s
sys	0m0.033s
>>> [PID 3840741] DONE  u=10000, v_perp=-10000, out=bounce/dat21.dat
