>>> [PID 3870628] START u=5000, v_perp=2000, out=bounce/dat263.dat, dt=5.00E-09, steps=30000000
 outer boundary:   8.3000000000000462E-002
 rk4
 istep=            1
 grad_b=  -0.5028813651664055        4.9309415231404835E-003 
  -7.9811854023307677E-003
 bsub=   8.6926565620176997E-003   4.2252186507939285E-002 
    1.020727668870170     
 bsup=    0.000000000000000        0.5002952322285686      
   0.9181487447132695     
 b_abs=   0.9787595728454588     
 g=  -1.6418821012443605E-002
 j=    0.000000000000000         576.0999166145923      
    59.08093774182463     
 v_perp_2=    3999999.492484595     
 b_n=   1.7859804487850238E-005   0.5020020964877425      
   0.9180779439369067     
 b_para_n=   0.9787595786535839     
 dxdt=   9.8535888865538546E-002    2565.178714869543      
    4689.978565211792     
 dudt=    10148.51668765319     
 ---------------------
 rk4
 istep=      1000001
 grad_b=  -0.4746438938317702        1.2111240007004438E-002 
  -3.8005423927649643E-003
 bsub=  -1.7837860750666384E-002  -0.2460499451812084      
    1.515480939485946     
 bsup=    0.000000000000000        -1.265986204294337      
   0.9007031493640887     
 b_abs=    1.294878337160682     
 g=  -1.6967575875186117E-002
 j=    0.000000000000000         457.0507574496794      
    67.78989487160057     
 v_perp_2=    5291899.430393792     
 b_n=   3.1188610369960961E-005   -1.264698150527708      
   0.9009126415509178     
 b_para_n=    1.294878336789490     
 dxdt=   0.1303665166212242        -4755.070190611821      
    3387.765700044206     
 dudt=    29597.83234831330     
 ---------------------
 rk4
 istep=      2000001
 grad_b=   0.1371899974480750       -2.8591754522311927E-002 
  -0.1017492392368554     
 bsub=   3.4456670179119284E-002   1.9561087071290648E-002 
   0.9910711585948744     
 bsup=    0.000000000000000        0.1495984314804726      
    1.104853899927848     
 b_abs=    1.048136733307414     
 g=  -1.2316634712522251E-002
 j=    0.000000000000000         334.0121774381660      
   -89.65617725813331     
 v_perp_2=    4283503.778502003     
 b_n=  -1.0126955027939244E-004   0.1490623523059676      
    1.104867996362265     
 b_para_n=    1.048136728409854     
 dxdt=  -0.5219696621357958         706.8188393059673      
    5240.664860519094     
 dudt=    227503.3958268217     
 ---------------------
 rk4
 istep=      3000001
 grad_b=   0.4078935503937653        6.5015186130981381E-002 
   0.1814246742374609     
 bsub=  -2.1909526946074918E-002   0.1762628789587012      
    2.099143840430619     
 bsup=    0.000000000000000        -1.604097208084132      
    1.077885329961304     
 b_abs=    1.406819115656256     
 g=  -7.3502924586272955E-003
 j=    0.000000000000000        -1662.361858396863      
    289.3567503447536     
 v_perp_2=    5749340.196915274     
 b_n=   3.6235981765677977E-004   -1.607080146957175      
    1.078139593000170     
 b_para_n=    1.406819125725907     
 dxdt=    1.395551467606353        -5509.555525285183      
    3695.447480329840     
 dudt=   -132559.8514262582     
 ---------------------
 rk4
 istep=      4000001
 grad_b=  -0.6883809658726625        3.3789858401509498E-003 
   4.4864932518224737E-003
 bsub=  -4.2062587246184096E-003  -9.5194267137537286E-002 
   0.8303453596172985     
 bsup=    0.000000000000000       -0.3885775852708478      
    1.116283163034057     
 b_abs=   0.9812151781557572     
 g=  -1.0846655197204437E-002
 j=    0.000000000000000        -548.8607574885227      
    181.9030330579058     
 v_perp_2=    4009983.751895191     
 b_n=   1.6189595901796241E-005  -0.3857152332886971      
    1.116611413453589     
 b_para_n=   0.9812151920322152     
 dxdt=   8.9098816469515410E-002   -1963.935141582824      
    5688.939443070524     
 dudt=   -7695.234398242431     
 ---------------------
 rk4
 istep=      5000001
 grad_b=   0.2353566236857832       -6.1943433128655884E-002 
   2.2456030875296393E-002
 bsub=   8.9779098954220676E-002   0.1037391481304031      
    1.915618866870452     
 bsup=    0.000000000000000        -1.029955868148976      
    1.050815019175353     
 b_abs=    1.380963525865669     
 g=  -1.1998924161583449E-002
 j=    0.000000000000000         781.7669713504108      
   -410.7958189196422     
 v_perp_2=    5643639.676856219     
 b_n=  -2.6732540980470884E-004   -1.030947534704411      
    1.050881234019575     
 b_para_n=    1.380963502350746     
 dxdt=   -1.048563793630898        -3608.339698040899      
    3677.708693017447     
 dudt=   -129317.3002273703     
 ---------------------
 rk4
 istep=      6000001
 grad_b=  -0.5411870462464154       -1.6816337983661805E-003 
   9.8978307349120442E-003
 bsub=  -2.9474385567737564E-002  -4.6922843341673584E-002 
   0.9461640965349131     
 bsup=    0.000000000000000       -0.3316143264467464      
    1.005315299606463     
 b_abs=   0.9830576082820175     
 g=  -1.6693322498524382E-002
 j=    0.000000000000000         24.43094601063470      
   -25.34405216629347     
 v_perp_2=    4017488.364101367     
 b_n=  -3.6518201696952507E-006  -0.3299555780019920      
    1.005397445905492     
 b_para_n=   0.9830576065736166     
 dxdt=  -2.0060208767498828E-002   -1676.945590045203      
    5111.868955658067     
 dudt=   -21841.90673037391     
 ---------------------
 rk4
 istep=      7000001
 grad_b=   -1.106985484483032       -0.1014243645686352      
   0.1285513872610089     
 bsub=  -1.0726716192358762E-002  -0.1058939955998060      
    1.256190309409423     
 bsup=    0.000000000000000       -0.7618087434714856      
   0.8698209891163293     
 b_abs=    1.083187549481282     
 g=  -2.0432155514744487E-002
 j=    0.000000000000000        -1210.308481720668      
    411.9828293364626     
 v_perp_2=    4426679.114150683     
 b_n=  -2.4616815265956403E-004  -0.7588036166004757      
   0.8700722433734890     
 b_para_n=    1.083187585345150     
 dxdt=   -1.228046172669842        -3471.384304025315      
    3981.941368758129     
 dudt=   -356689.7973000284     
 ---------------------
 rk4
 istep=      8000001
 grad_b=   0.6227964621093763        0.1199330477307055      
  -0.1663737870666846     
 bsub=  -5.1134246835105618E-002  -1.6205297405884202E-002 
    1.401670718437303     
 bsup=    0.000000000000000       -0.2078414895102789      
   0.9823747747375547     
 b_abs=    1.174775115602769     
 g=  -1.4737011354256063E-002
 j=    0.000000000000000        -648.9191659439314      
    108.6851173547666     
 v_perp_2=    4800955.528001167     
 b_n=   4.1854264818888076E-004  -0.2100288616769485      
   0.9823647608390635     
 b_para_n=    1.174775123234121     
 dxdt=    1.926459287313548        -880.3832659694127      
    4113.549267466864     
 dudt=    327640.7314861901     
 ---------------------
 rk4
 istep=      9000001
 grad_b=   -1.132725777930375        3.9515096033736069E-002 
   0.1239394076288086     
 bsub=  -1.3369113672256650E-002  -8.5470882867700992E-002 
    1.102063194345712     
 bsup=    0.000000000000000       -0.6792755145695587      
   0.8949682171595648     
 b_abs=    1.021795744337636     
 g=  -1.7736181728062562E-002
 j=    0.000000000000000        -749.1574857773203      
    409.4910639956867     
 v_perp_2=    4175763.105671180     
 b_n=   1.5239653455412444E-004  -0.6757664241077647      
   0.8952422445487606     
 b_para_n=    1.021795776666454     
 dxdt=   0.8056025877162691        -3293.674977339032      
    4365.415609754284     
 dudt=   -168139.7879885417     
 ---------------------
 rk4
 istep=     10000001
 grad_b=   0.6605242362225001       -5.4172358878575647E-002 
  -0.1588625248533758     
 bsub=  -4.2347653449826585E-003   0.1292114794493174      
    1.570941369266077     
 bsup=    0.000000000000000       -0.6348935369678665      
    1.108481128925396     
 b_abs=    1.288441100129838     
 g=  -7.9604300656239517E-003
 j=    0.000000000000000         395.9365236540181      
   -186.6578915361374     
 v_perp_2=    5265442.808159758     
 b_n=  -2.4904851981950101E-004  -0.6388928578360584      
    1.108809398001050     
 b_para_n=    1.288441090790696     
 dxdt=   -1.046150650393222        -2417.438784465312      
    4192.732553566729     
 dudt=    224726.3351930061     
 ---------------------
 rk4
 istep=     11000001
 grad_b=   0.7624956732964361        4.1556162509684712E-002 
   0.1628016261956138     
 bsub=   4.1820852699774036E-003   9.8479962683196171E-002 
    1.382879672890450     
 bsup=    0.000000000000000       -0.3267750435146618      
    1.123611416314818     
 b_abs=    1.233401552188457     
 g=  -8.0977770394396586E-003
 j=    0.000000000000000        -205.0318796131323      
   -10.96609195071879     
 v_perp_2=    5040496.069488922     
 b_n=   1.7223537958561863E-004  -0.3311553334338772      
    1.123922830712296     
 b_para_n=    1.233401550692899     
 dxdt=   0.7554274566594935        -1316.042782159064      
    4460.500286545900     
 dudt=   -280548.9852931515     
 ---------------------
 rk4
 istep=     12000001
 grad_b=   -1.298091981031165        1.0345797941823486E-002 
  -0.1630604466762245     
 bsub=   2.2616316495101884E-002  -9.1797946220087856E-002 
    1.235447745569215     
 bsup=    0.000000000000000       -0.8190565457391756      
   0.8660315326717606     
 b_abs=    1.070260991845273     
 g=  -2.0045361853296660E-002
 j=    0.000000000000000         406.2609038159117      
   -718.2086783208194     
 v_perp_2=    4373780.973390842     
 b_n=  -4.9446455084253117E-006  -0.8154388254355488      
   0.8663003864251856     
 b_para_n=    1.070260939185237     
 dxdt=  -2.4962835457079034E-002   -3779.457300413254      
    4016.887534557413     
 dudt=    285785.2280040073     
 ---------------------
 rk4
 istep=     13000001
 grad_b=   0.3459637212131514       -0.1227152920716398      
   0.1711208184936484     
 bsub=   1.9080854401254024E-002   5.7007001486237066E-003 
    1.219968706414260     
 bsup=    0.000000000000000        0.2646142611356777      
   0.9590526648354646     
 b_abs=    1.082393340200967     
 g=  -1.5197153300546141E-002
 j=    0.000000000000000         230.0964975722032      
    162.1236350878114     
 v_perp_2=    4423349.856752628     
 b_n=  -4.3892808503325886E-004   0.2633943538948067      
   0.9590652401058252     
 b_para_n=    1.082393351276462     
 dxdt=   -2.191252231177860         1205.873189116451      
    4392.632704185789     
 dudt=   -248509.6227611801     
 ---------------------
 rk4
 istep=     14000001
 grad_b=  -0.8884516133432899        0.1508479974176328      
  -0.1362696081451992     
 bsub=   1.6241682238272215E-002  -0.1721459096666015      
    1.397607264504676     
 bsup=    0.000000000000000       -0.9464477075392130      
   0.8751717402509677     
 b_abs=    1.177221597384292     
 g=  -1.9239784206005785E-002
 j=    0.000000000000000         280.4194386673597      
    61.74741098073663     
 v_perp_2=    4810863.248148859     
 b_n=   3.6156417156297903E-004  -0.9440558412240477      
   0.8754621506481141     
 b_para_n=    1.177221599158383     
 dxdt=    1.660772368885646        -3943.121991638785      
    3657.662786399579     
 dudt=    454807.9394714390     
 ---------------------
 rk4
 istep=     15000001
 grad_b=  -0.2669024368066778       -6.5228346239889559E-003 
  -4.7754834980457447E-002
 bsub=   3.6541021301202195E-002  -2.4650808652467597E-002 
   0.9304057583250571     
 bsup=    0.000000000000000       -0.1256778279372309      
    1.065788823106227     
 b_abs=   0.9977058281056498     
 g=  -1.4546375089856933E-002
 j=    0.000000000000000        -62.91008891107822      
   -69.51634820265825     
 v_perp_2=    4077236.928017156     
 b_n=  -2.6135916174570362E-005  -0.1247884322125588      
    1.065813409373109     
 b_para_n=   0.9977058239434894     
 dxdt=  -0.1414748721867174        -624.0460681905153      
    5333.073715341015     
 dudt=    102557.6347486895     
 ---------------------
 rk4
 istep=     16000001
 grad_b=   0.2575440322753246        8.0164762452847496E-002 
   8.1449485962611201E-002
 bsub=  -6.2234980060438594E-002   0.1465057752898733      
    2.013021671176300     
 bsup=    0.000000000000000        -1.192166049609674      
    1.066461926705283     
 b_abs=    1.404117950618741     
 g=  -1.0445450236652318E-002
 j=    0.000000000000000        -400.5092721934927      
    158.6577836785960     
 v_perp_2=    5738066.790520578     
 b_n=   3.6614535504138606E-004   -1.193448724757527      
    1.066566604236341     
 b_para_n=    1.404117959003117     
 dxdt=    1.412805941564468        -4099.969604115698      
    3663.637923513429     
 dudt=    12670.49666092808     
 ---------------------
 rk4
 istep=     17000001
 grad_b=  -0.6406433806075212       -2.3930540146354144E-002 
  -2.1005672328982337E-002
 bsub=   1.5088496618573147E-002  -8.9118686175246986E-002 
   0.8112789333174828     
 bsup=    0.000000000000000       -0.2341282670961112      
    1.168476075676763     
 b_abs=   0.9849004442325596     
 g=  -9.5686804058361628E-003
 j=    0.000000000000000         505.8004756817562      
   -274.9571021846907     
 v_perp_2=    4024880.922684101     
 b_n=  -1.1989870739529558E-004  -0.2312024975350984      
    1.168799678241692     
 b_para_n=   0.9849004260714596     
 dxdt=  -0.6574035141068573        -1171.954950927699      
    5930.772035135578     
 dudt=    39297.06021270312     
 ---------------------
 rk4
 istep=     18000001
 grad_b=   0.3981420758969804       -4.5782554800548728E-002 
  -7.8452343427629689E-002
 bsub=   3.4666541668191539E-002   0.1726449337444901      
    2.104290687302499     
 bsup=    0.000000000000000        -1.424962624445797      
    1.076220092056196     
 b_abs=    1.421310140666827     
 g=  -8.2502112915571572E-003
 j=    0.000000000000000        -480.6847557392670      
    182.6246443452038     
 v_perp_2=    5808288.698580110     
 b_n=  -2.5028006887645290E-004   -1.427503451003391      
    1.076432681790639     
 b_para_n=    1.421310150109719     
 dxdt=  -0.9542069220370812        -4837.839922701843      
    3647.330812201187     
 dudt=    27592.82040518743     
 ---------------------
 rk4
 istep=     19000001
 grad_b=  -0.1818716760451614        1.7004011282418602E-002 
   5.9786135279337307E-002
 bsub=  -3.7761164082838160E-002  -1.7472011528155772E-002 
   0.9326164607212348     
 bsup=    0.000000000000000       -4.4930967460938387E-002 
    1.085647295546104     
 b_abs=    1.006642036759881     
 g=  -1.3717533908451271E-002
 j=    0.000000000000000        -609.0210258691322      
    50.39011827287669     
 v_perp_2=    4113703.265123580     
 b_n=   6.3461329537425770E-005  -4.4302660543855142E-002 
    1.085661640043402     
 b_para_n=    1.006642040490030     
 dxdt=   0.3404883487367004        -219.2933649690680      
    5380.220078371758     
 dudt=   -130196.4216783849     
 ---------------------
 rk4
 istep=     20000001
 grad_b=  -0.6818295610908538       -0.1612882196276306      
   0.1240842795723605     
 bsub=  -8.1996277203957788E-003  -0.2049033657937978      
    1.443906723608064     
 bsup=    0.000000000000000        -1.060645699317830      
   0.8839308867804526     
 b_abs=    1.221952063735181     
 g=  -1.8169072737895017E-002
 j=    0.000000000000000         134.5027138738538      
   -111.5680958785278     
 v_perp_2=    4993564.679457464     
 b_n=  -3.9197036337214726E-004   -1.058787523873840      
   0.8841923458075510     
 b_para_n=    1.221952055596992     
 dxdt=   -1.735136483493791        -4244.623847370117      
    3545.437058777824     
 dudt=   -469453.4799421815     
 ---------------------
 rk4
 istep=     21000001
 grad_b=  -0.3971332264823351        6.1378350800777561E-002 
  -6.1818656968574109E-002
 bsub=  -1.1032541628847661E-002   2.9686868598668977E-002 
    1.072124859909991     
 bsup=    0.000000000000000        0.1912993238593911      
   0.9157371439774274     
 b_abs=   0.9937057641407608     
 g=  -1.8410782479561308E-002
 j=    0.000000000000000        -202.5707457216561      
    165.5040945024768     
 v_perp_2=    4060812.743161408     
 b_n=   1.9438208738048219E-004   0.1925248473886967      
   0.9157052203620305     
 b_para_n=   0.9937057755383226     
 dxdt=    1.056408091932627         968.0440890119099      
    4601.906505252723     
 dudt=    92258.11589401388     
 ---------------------
 rk4
 istep=     22000001
 grad_b=   -1.264235132929008       -6.2392962630811413E-002 
   0.1548365139337862     
 bsub=  -2.4203611566285910E-002  -0.1088358206612942      
    1.289454959601740     
 bsup=    0.000000000000000       -0.8268164477210965      
   0.8634249727590877     
 b_abs=    1.097182093761137     
 g=  -2.0734385544441201E-002
 j=    0.000000000000000         717.5608316926413      
   -304.3012753733341     
 v_perp_2=    4483660.221160156     
 b_n=  -1.3198988531907649E-004  -0.8234411226614869      
   0.8637073662819695     
 b_para_n=    1.097182068321142     
 dxdt=  -0.6501153234643324        -3714.658156465493      
    3897.882319143073     
 dudt=   -345037.0283038892     
 ---------------------
 rk4
 istep=     23000001
 grad_b=   0.7731456367808167       -2.9056261740558142E-002 
  -0.1603408522319374     
 bsub=  -7.3709603005901632E-003   8.6633414539372386E-002 
    1.327027752960186     
 bsup=    0.000000000000000       -0.1436139875781222      
    1.117491573165831     
 b_abs=    1.212301951757435     
 g=  -8.4092879422167383E-003
 j=    0.000000000000000        -555.6590732119839      
    383.9667182554943     
 v_perp_2=    4954083.645294146     
 b_n=  -1.0239128116720176E-004  -0.1478678164782904      
    1.117768729039031     
 b_para_n=    1.212301971995968     
 dxdt=  -0.4568289082596400        -599.8858500911557      
    4521.399708779953     
 dudt=    294963.0270601177     
 ---------------------
 rk4
 istep=     24000001
 grad_b=   0.5761480948640677        6.2871755114822847E-002 
   0.1572664773995224     
 bsub=  -8.2640881812185828E-003   0.1343255103436603      
    1.624708243369472     
 bsup=    0.000000000000000       -0.8011637263735923      
    1.102885894505498     
 b_abs=    1.298413422507575     
 g=  -7.6695367674521160E-003
 j=    0.000000000000000         195.2123931466195      
    94.74015032360344     
 v_perp_2=    5305960.276634992     
 b_n=   3.1910315003307868E-004  -0.8048554722284795      
    1.103192744441868     
 b_para_n=    1.298413429345544     
 dxdt=    1.330239861726511        -3018.891098307280      
    4135.913806409886     
 dudt=   -193678.7848683004     
 ---------------------
 rk4
 istep=     25000001
 grad_b=  -0.9427792959117612       -0.1011499170185280      
  -0.1586217839888965     
 bsub=   3.0844341301601338E-002  -8.2887433693975290E-002 
    1.092644560090064     
 bsup=    0.000000000000000       -0.6365428767314372      
   0.9318132107566591     
 b_abs=    1.034846358307338     
 g=  -1.4891900571129695E-002
 j=    0.000000000000000        -695.4736363451257      
    592.4275007163451     
 v_perp_2=    4228881.322058849     
 b_n=  -4.0376344856628282E-004  -0.6331956665392976      
   0.9320785669974294     
 b_para_n=    1.034846401378940     
 dxdt=   -2.107644888929419        -3043.959274824448      
    4482.909691328917     
 dudt=    164707.2642125915     
 ---------------------
 rk4
 istep=     26000001
 grad_b=   0.7611199689943321       -4.7105744189738681E-002 
   0.1614797479623634     
 bsub=   6.3928157032666855E-002   4.0087652049179009E-002 
    1.511596122949262     
 bsup=    0.000000000000000       -0.3586816082299905      
    1.028685194218738     
 b_abs=    1.241200543079688     
 g=  -1.1922197531795284E-002
 j=    0.000000000000000        -334.2822914293538      
    308.4776889662901     
 v_perp_2=    5072129.439674584     
 b_n=  -2.1642498370853312E-004  -0.3618583733404549      
    1.028778610818007     
 b_para_n=    1.241200561984401     
 dxdt=  -0.9433388258490182        -1427.422688447365      
    4054.489378525574     
 dudt=   -301262.2578378781     
 ---------------------
 rk4
 istep=     27000001
 grad_b=   -1.154274688558391        7.1625060545714686E-002 
  -0.1200225512425717     
 bsub=   6.6097760440489914E-003  -8.7580008399013795E-002 
    1.198132810983381     
 bsup=    0.000000000000000       -0.7228040957443185      
   0.8734923541028804     
 b_abs=    1.053504685799657     
 g=  -2.0275883155515800E-002
 j=    0.000000000000000        -852.9292733410969      
    140.1902149272802     
 v_perp_2=    4305101.523833000     
 b_n=   1.7396814836816691E-004  -0.7196110505928337      
   0.8737248091998947     
 b_para_n=    1.053504700083530     
 dxdt=   0.8921395505261895        -3393.102356179889      
    4121.467539039641     
 dudt=    303738.9897973688     
 ---------------------
 rk4
 istep=     28000001
 grad_b=  -0.6373686829554714        9.7322098481681524E-005 
   6.1108293682842554E-003
 bsub=   2.6657467099853165E-002  -4.7172767635537668E-002 
   0.9711816830010761     
 bsup=    0.000000000000000       -0.3773288331624192      
   0.9756422062531340     
 b_abs=   0.9823350721467828     
 g=  -1.7688283417171588E-002
 j=    0.000000000000000        -452.7968060167015      
   -9.065881527515245     
 v_perp_2=    4014258.372022234     
 b_n=   1.1727062947316109E-006  -0.3754319695871750      
   0.9757343104234726     
 b_para_n=   0.9823350730017549     
 dxdt=   6.4466271806897730E-003   -1909.595655236985      
    4965.023883642179     
 dudt=   -12324.33277052456     
 ---------------------
 rk4
 istep=     29000001
 grad_b=   0.1682760620675472        7.3300306702118387E-002 
  -3.6783242510308914E-002
 bsub=  -0.1065600748328630       -2.4869495316657469E-002 
    1.753674065409640     
 bsup=    0.000000000000000        -1.125967131286670      
    1.003919904799596     
 b_abs=    1.337353407517597     
 g=  -1.4540231106678948E-002
 j=    0.000000000000000        -1621.485364718168      
    258.8597336182007     
 v_perp_2=    5465003.894997559     
 b_n=   2.4908225644438306E-004   -1.126535477574013      
    1.003926993522931     
 b_para_n=    1.337353425143241     
 dxdt=    1.008459156451383        -4086.779245523257      
    3641.777078763637     
 dudt=    182513.7330014277     
 ---------------------
 Elapsed time (seconds):     153.8402740000000     

real	2m33.851s
user	2m33.616s
sys	0m0.011s
>>> [PID 3870628] DONE  u=5000, v_perp=2000, out=bounce/dat263.dat
