>>> [PID 3865474] START u=9000, v_perp=0, out=bounce/dat229.dat, dt=5.00E-09, steps=30000000
 outer boundary:   8.3000000000000462E-002
 rk4
 istep=            1
 grad_b=  -0.5028802990881005        4.9299247812943092E-003 
  -7.9790298328059200E-003
 bsub=   8.6929356076939530E-003   4.2252029388659726E-002 
    1.020728281588086     
 bsup=    0.000000000000000        0.5002753066460541      
   0.9181489309307443     
 b_abs=   0.9787594735298504     
 g=  -1.6418921947627556E-002
 j=    0.000000000000000         576.0999212571860      
    59.06595304813986     
 v_perp_2=    0.000000000000000     
 b_n=   3.2140709578571147E-005   0.5033476394474147      
   0.9180214910776806     
 b_para_n=   0.9787594839825818     
 dxdt=   0.2955438909568596         4628.439191816150      
    8441.495132267002     
 dudt=    0.000000000000000     
 ---------------------
 rk4
 istep=      1000001
 grad_b=   0.5952450473935484        5.4687968809766396E-002 
   0.1770505295413376     
 bsub=   2.6814501358103260E-002   0.1778277755924944      
    1.966904301167514     
 bsup=    0.000000000000000        -1.035092068607697      
    1.075280230101930     
 b_abs=    1.389450051393222     
 g=  -8.3927521590343775E-003
 j=    0.000000000000000         257.2349662473333      
    1.245977068215424     
 v_perp_2=    0.000000000000000     
 b_n=   4.4210732742689665E-004   -1.041867885091676      
    1.075886806430463     
 b_para_n=    1.389450054346866     
 dxdt=    2.863698435502562        -6748.577206132693      
    6968.930784939813     
 dudt=   -0.000000000000000     
 ---------------------
 rk4
 istep=      2000001
 grad_b=   0.6724247393901238        8.3164629620428837E-002 
  -0.1474994993445415     
 bsub=  -8.4169455952727484E-002  -7.5564600237391991E-003 
    1.591085867462470     
 bsup=    0.000000000000000       -0.7168732775885669      
    1.002002367507144     
 b_abs=    1.264825274154973     
 g=  -1.3909647666734984E-002
 j=    0.000000000000000        -357.2952681952080      
    620.7362307200638     
 v_perp_2=    0.000000000000000     
 b_n=   5.5516280896257422E-004  -0.7213476615754623      
    1.002010544243182     
 b_para_n=    1.264825347399306     
 dxdt=    3.950320327574666        -5132.826415542723      
    7129.913166850552     
 dudt=    0.000000000000000     
 ---------------------
 rk4
 istep=      3000001
 grad_b=   0.3615918181679324       -1.6973096607835608E-003 
   0.1252263236236004     
 bsub=  -1.7262604848005007E-002   4.3536253079480475E-002 
    1.063862152475682     
 bsup=    0.000000000000000        0.3750539341143990      
    1.074325502037254     
 b_abs=    1.076445368463913     
 g=  -1.2189490822083118E-002
 j=    0.000000000000000        -1016.962872786896      
   -84.47692526220688     
 v_perp_2=    0.000000000000000     
 b_n=  -4.8379537458473491E-005   0.3724750855355332      
    1.074430236943532     
 b_para_n=    1.076445354766318     
 dxdt=  -0.4044941391574722         3114.208960981149      
    8983.151898677655     
 dudt=   -0.000000000000000     
 ---------------------
 rk4
 istep=      4000001
 grad_b=   0.4255817720358944        7.6088440780403319E-002 
   0.2173537021724279     
 bsub=  -2.7532335641125196E-002   0.1534237570362247      
    1.917899408081234     
 bsup=    0.000000000000000        -1.446775488226226      
    1.074439222725476     
 b_abs=    1.355455251778539     
 g=  -7.7434406433790279E-003
 j=    0.000000000000000        -674.6780299680638      
    420.4781753001937     
 v_perp_2=    0.000000000000000     
 b_n=   7.4508608490869504E-004   -1.452217012925827      
    1.074885249497280     
 b_para_n=    1.355455297046017     
 dxdt=    4.947248927199844        -9642.481861863069      
    7137.061079445612     
 dudt=   -0.000000000000000     
 ---------------------
 rk4
 istep=      5000001
 grad_b=  -0.9958366851008641        8.7933490654391627E-002 
  -9.8438887378338780E-002
 bsub=  -4.0618171973646608E-003  -7.4388082851292059E-002 
    1.166823579175321     
 bsup=    0.000000000000000       -0.6624738694302045      
   0.8842262035198429     
 b_abs=    1.039717397150946     
 g=  -2.0191148250951842E-002
 j=    0.000000000000000         726.3014289950738      
    314.9603234395466     
 v_perp_2=    0.000000000000000     
 b_n=   4.1100764830753257E-004  -0.6574597210342719      
   0.8845473300411578     
 b_para_n=    1.039717431460971     
 dxdt=    3.557763602722333        -5691.101553422946      
    7656.816871083939     
 dudt=    0.000000000000000     
 ---------------------
 rk4
 istep=      6000001
 grad_b=   0.3193121607877260        3.9712998343217829E-002 
   0.1211543347209593     
 bsub=  -3.0608669806611713E-002   3.8732571438779249E-002 
    1.047147893708058     
 bsup=    0.000000000000000        0.1088257602853503      
    1.117372057150469     
 b_abs=    1.083666627676413     
 g=  -1.0962265911752762E-002
 j=    0.000000000000000        -585.7995730432636      
    350.4588687388348     
 v_perp_2=    0.000000000000000     
 b_n=   2.6982885238537995E-004   0.1063530568114072      
    1.117471442211139     
 b_para_n=    1.083666662364892     
 dxdt=    2.240965562388694         883.2766980335173      
    9280.753324968277     
 dudt=   -0.000000000000000     
 ---------------------
 rk4
 istep=      7000001
 grad_b=   -1.269122257724780        1.6239008174231084E-002 
   0.2224965557133679     
 bsub=  -4.5478877118454775E-002  -0.1013121911280630      
    1.382796879103493     
 bsup=    0.000000000000000       -0.9742667694209377      
   0.8750350727788327     
 b_abs=    1.143810856565886     
 g=  -2.0409147341959970E-002
 j=    0.000000000000000         1086.764537516273      
   -667.5310015397595     
 v_perp_2=    0.000000000000000     
 b_n=   1.5866746357445107E-004  -0.9681140932866347      
   0.8754909967516695     
 b_para_n=    1.143810763131033     
 dxdt=    1.248464534693725        -7617.542272227741      
    6888.743509631037     
 dudt=   -0.000000000000000     
 ---------------------
 rk4
 istep=      8000001
 grad_b=   -1.132052829876463        3.0547391558956437E-002 
  -9.5095527336692520E-002
 bsub=  -6.1912818895531845E-004  -7.2967149352887173E-002 
    1.121659824166378     
 bsup=    0.000000000000000       -0.6607681072280160      
   0.8911361626250729     
 b_abs=    1.023448964164379     
 g=  -1.9419106507536584E-002
 j=    0.000000000000000         644.8059241608537      
   -522.2812440712627     
 v_perp_2=    0.000000000000000     
 b_n=   1.2648423456550472E-004  -0.6548900906605589      
   0.8915185488435756     
 b_para_n=    1.023448892676572     
 dxdt=    1.112276459758000        -5758.969361460478      
    7839.831570493283     
 dudt=    0.000000000000000     
 ---------------------
 rk4
 istep=      9000001
 grad_b=  -0.6255887175637616        6.9094576248102585E-002 
   7.2970208960221924E-002
 bsub=  -3.8915291204309255E-002  -6.9630022858590795E-002 
   0.8581928596620256     
 bsup=    0.000000000000000       -0.4313798820888988      
    1.139340100425013     
 b_abs=    1.003723624482256     
 g=  -9.4862602539410278E-003
 j=    0.000000000000000        -143.6704877500068      
   -133.7038983192764     
 v_perp_2=    0.000000000000000     
 b_n=   6.3423318318342632E-004  -0.4261186818806259      
    1.139795716559298     
 b_para_n=    1.003723612181470     
 dxdt=    5.686922753809671        -3820.840807551177      
    10220.10573880874     
 dudt=   -0.000000000000000     
 ---------------------
 rk4
 istep=     10000001
 grad_b=   -1.064340362271273       -0.1236307663809340      
   0.1499181587772021     
 bsub=  -2.6581976911710499E-002  -0.1572951457284733      
    1.398316313212055     
 bsup=    0.000000000000000       -0.9429704306653323      
   0.8747801401178235     
 b_abs=    1.171166313765065     
 g=  -1.9667997734931109E-002
 j=    0.000000000000000         576.8216347647079      
    118.6554169842355     
 v_perp_2=    0.000000000000000     
 b_n=  -5.2105382432031117E-004  -0.9377899742773484      
   0.8753529844663717     
 b_para_n=    1.171166320250691     
 dxdt=   -4.004114819387059        -7206.585113111444      
    6726.778873312379     
 dudt=   -0.000000000000000     
 ---------------------
 rk4
 istep=     11000001
 grad_b=   -1.130437500186420       -3.6987990439530286E-002 
  -0.1170231331341625     
 bsub=   1.2344733300012425E-002  -8.4368812933317355E-002 
    1.094092917833823     
 bsup=    0.000000000000000       -0.6612349143442863      
   0.9010127880252863     
 b_abs=    1.020434866665228     
 g=  -1.7594168198566341E-002
 j=    0.000000000000000        -657.8338030789150      
    390.2063540110906     
 v_perp_2=    0.000000000000000     
 b_n=  -2.5871696567804679E-004  -0.6548861736294107      
   0.9015053288660753     
 b_para_n=    1.020434921481048     
 dxdt=   -2.281823800897494        -5775.944588519418      
    7951.068499320626     
 dudt=    0.000000000000000     
 ---------------------
 rk4
 istep=     12000001
 grad_b=  -0.3218279569071837       -1.9468218350730867E-002 
  -4.3756478629746437E-002
 bsub=   3.5993942059557471E-002  -4.0475291997964388E-002 
   0.9045380182304055     
 bsup=    0.000000000000000       -0.1605582835524047      
    1.092663342060003     
 b_abs=   0.9977697284647637     
 g=  -1.3357843764158685E-002
 j=    0.000000000000000         195.1306526946328      
   -261.0102172612750     
 v_perp_2=    0.000000000000000     
 b_n=  -1.3721880037829333E-004  -0.1585083424917259      
    1.092760498922172     
 b_para_n=   0.9977696994670953     
 dxdt=   -1.237729712642338        -1429.763885581473      
    9856.828179440909     
 dudt=    0.000000000000000     
 ---------------------
 rk4
 istep=     13000001
 grad_b=  -0.7223926625871199       -0.1596977058362849      
   0.1277534310469216     
 bsub=  -8.8751450293716970E-003  -0.1949070852102885      
    1.436238036551136     
 bsup=    0.000000000000000        -1.035291130547662      
   0.8839936307046371     
 b_abs=    1.212844444928172     
 g=  -1.8310666971275841E-002
 j=    0.000000000000000         258.4392426954026      
   -85.93613448481051     
 v_perp_2=    0.000000000000000     
 b_n=  -7.1472855728299935E-004   -1.031668262931423      
   0.8844808495884814     
 b_para_n=    1.212844430949069     
 dxdt=   -5.303695058824176        -7655.569114595471      
    6563.354246568340     
 dudt=   -0.000000000000000     
 ---------------------
 rk4
 istep=     14000001
 grad_b=   0.6045183082528982       -7.4964904896143408E-002 
  -0.1688347899438253     
 bsub=   2.5982949461082247E-002   0.1080402224758471      
    1.490848308878049     
 bsup=    0.000000000000000       -0.7346152792370111      
    1.114422160751000     
 b_abs=    1.257631730970966     
 g=  -7.6628201099267100E-003
 j=    0.000000000000000        -623.2641110466527      
    144.3068377104055     
 v_perp_2=    0.000000000000000     
 b_n=  -7.2652316107920875E-004  -0.7416508391697190      
    1.114944691833108     
 b_para_n=    1.257631742027580     
 dxdt=   -5.199223454054233        -5307.481776633695      
    7978.887532148431     
 dudt=    0.000000000000000     
 ---------------------
 rk4
 istep=     15000001
 grad_b=  -0.2819261795996676        1.2352703699440165E-003 
  -4.3777584241218748E-002
 bsub=   3.6653091498244979E-002  -2.0653797751298261E-002 
   0.9397720517707524     
 bsup=    0.000000000000000       -0.1244567000309179      
    1.053120966657948     
 b_abs=   0.9964732080179637     
 g=  -1.4996668887570631E-002
 j=    0.000000000000000         108.7604482580291      
   -21.90761273747069     
 v_perp_2=    0.000000000000000     
 b_n=   1.6230705050874746E-006  -0.1227916166936400      
    1.053157494763451     
 b_para_n=   0.9964732052970884     
 dxdt=   1.4659335010851747E-002   -1109.035892152542      
    9511.964197818206     
 dudt=    0.000000000000000     
 ---------------------
 rk4
 istep=     16000001
 grad_b=  -0.2430783193190452       -6.8933604827345715E-002 
  -4.5698450379116698E-002
 bsub=   0.1063297748261542       -3.2079410535256203E-002 
    1.770490337357618     
 bsup=    0.000000000000000        -1.165759529541925      
   0.9978486841809806     
 b_abs=    1.342910568271724     
 g=  -1.5174371104413116E-002
 j=    0.000000000000000        -1519.363307346570      
    450.2977282480353     
 v_perp_2=    0.000000000000000     
 b_n=  -4.2495614535163897E-004   -1.164295658616636      
   0.9979007715274391     
 b_para_n=    1.342910623775028     
 dxdt=   -2.847996910928802        -7802.947375673730      
    6687.792012919183     
 dudt=   -0.000000000000000     
 ---------------------
 rk4
 istep=     17000001
 grad_b=   0.7497217757494746       -3.0192561767069696E-002 
  -0.1626504867588459     
 bsub=  -2.5540682013879219E-002   0.1148456730658441      
    1.546216649224915     
 bsup=    0.000000000000000       -0.5383765893906567      
    1.096911310389315     
 b_abs=    1.278606675614610     
 g=  -8.5218817299902126E-003
 j=    0.000000000000000         240.1946920415832      
   -52.28933008008624     
 v_perp_2=    0.000000000000000     
 b_n=  -1.8925958683991165E-004  -0.5461827880327667      
    1.097487988560313     
 b_para_n=    1.278606671759654     
 dxdt=   -1.332181599846515        -3844.532647033548      
    7725.121505466001     
 dudt=    0.000000000000000     
 ---------------------
 rk4
 istep=     18000001
 grad_b=  -0.4758896041017413       -1.9722963603376886E-003 
   7.2524006303935351E-003
 bsub=   1.3506240210685069E-002   3.7449810311386347E-002 
    1.027893338005041     
 bsup=    0.000000000000000        0.2639567394366967      
   0.9236037079144394     
 b_abs=   0.9792095485186505     
 g=  -1.7436088468631043E-002
 j=    0.000000000000000        -504.5497524375579      
    156.9930769189840     
 v_perp_2=    0.000000000000000     
 b_n=  -1.2946751209026691E-005   0.2667120477378759      
   0.9235035090980098     
 b_para_n=   0.9792095660995788     
 dxdt=  -0.1189947125877964         2451.373549384604      
    8488.000801492235     
 dudt=   -0.000000000000000     
 ---------------------
 rk4
 istep=     19000001
 grad_b=   0.5287869551724325        4.1185444379166193E-002 
   0.1398472044483266     
 bsub=   2.1762263995928552E-002   0.1835761501286803      
    2.053406064559378     
 bsup=    0.000000000000000        -1.197973148039515      
    1.074317311631508     
 b_abs=    1.409539368172152     
 g=  -7.9838116065713283E-003
 j=    0.000000000000000         401.4509673914921      
   -201.5825982926467     
 v_perp_2=    0.000000000000000     
 b_n=   3.4960168733531063E-004   -1.204400151663646      
    1.074888171881109     
 b_para_n=    1.409539347910623     
 dxdt=    2.232229409332748        -7690.172949794189      
    6863.230573357073     
 dudt=   -0.000000000000000     
 ---------------------
 rk4
 istep=     20000001
 grad_b=   0.7065144337647529        8.7953216838353832E-002 
  -0.1557328920649189     
 bsub=  -7.1338945168570325E-002  -3.6493420613190816E-003 
    1.514007143270504     
 bsup=    0.000000000000000       -0.4793331040557923      
    1.000493599559436     
 b_abs=    1.231591676865051     
 g=  -1.3824790408917001E-002
 j=    0.000000000000000        -973.3858200879955      
    462.8514428466052     
 v_perp_2=    0.000000000000000     
 b_n=   5.9534544759450112E-004  -0.4840861292553261      
    1.000510239879788     
 b_para_n=    1.231591731804052     
 dxdt=    4.350556186750198        -3537.515761750098      
    7311.345088138946     
 dudt=    0.000000000000000     
 ---------------------
 rk4
 istep=     21000001
 grad_b=   0.5591343615266431       -2.2944060765702004E-003 
   0.1433658184344021     
 bsub=  -5.6709497606760931E-003   5.1410374997553993E-002 
    1.117722311576494     
 bsup=    0.000000000000000        0.4692930444422326      
    1.074891560262716     
 b_abs=    1.106863192930492     
 g=  -1.1186409055772067E-002
 j=    0.000000000000000         630.3542796224142      
   -297.6989200014960     
 v_perp_2=    0.000000000000000     
 b_n=  -6.8254011720422837E-005   0.4649940364585068      
    1.075088920949503     
 b_para_n=    1.106863163925607     
 dxdt=  -0.5549792652825986         3780.906678007251      
    8741.640885608011     
 dudt=   -0.000000000000000     
 ---------------------
 rk4
 istep=     22000001
 grad_b=   0.4083856511591621        7.4058878785172325E-002 
   0.2201583096012047     
 bsub=  -2.9636935394026547E-002   0.1581160865041725      
    2.002489663578201     
 bsup=    0.000000000000000        -1.583888458717978      
    1.074260941237156     
 b_abs=    1.377771310669387     
 g=  -7.7530480505372656E-003
 j=    0.000000000000000        -1528.075654852884      
    513.0561087676369     
 v_perp_2=    0.000000000000000     
 b_n=   7.2606546043163642E-004   -1.589162154348381      
    1.074688130432930     
 b_para_n=    1.377771359646524     
 dxdt=    4.742869053078020        -10380.86565597126      
    7020.172909079653     
 dudt=   -0.000000000000000     
 ---------------------
 rk4
 istep=     23000001
 grad_b=  -0.9219263546761890        5.7946560929704696E-002 
  -7.0547339815993038E-002
 bsub=  -1.1785518472533341E-002  -5.6236188860831371E-002 
    1.105270728148478     
 bsup=    0.000000000000000       -0.5854784910166992      
   0.8982440171147837     
 b_abs=    1.012949507207543     
 g=  -1.9845238491378061E-002
 j=    0.000000000000000         925.7674228685452      
    110.0574087023386     
 v_perp_2=    0.000000000000000     
 b_n=   2.7779987634245191E-004  -0.5807629004907505      
   0.8984869159590355     
 b_para_n=    1.012949515231113     
 dxdt=    2.468236421942141        -5160.046010016801      
    7983.006183468429     
 dudt=    0.000000000000000     
 ---------------------
 rk4
 istep=     24000001
 grad_b=   0.4839548211070055        4.1418673159649630E-002 
   0.1404228614518342     
 bsub=  -2.2901106072008529E-002   5.4188227680848404E-002 
    1.108362126610319     
 bsup=    0.000000000000000        6.5527979358975919E-002 
    1.119667420207391     
 b_abs=    1.115432026970309     
 g=  -1.0103935444503271E-002
 j=    0.000000000000000         260.1868282311698      
    159.5724229812741     
 v_perp_2=    0.000000000000000     
 b_n=   2.8683620021497871E-004   6.1486488416664951E-002 
    1.119870955088500     
 b_para_n=    1.115432045130149     
 dxdt=    2.314372994038910         496.1112585620723      
    9035.815888381163     
 dudt=   -0.000000000000000     
 ---------------------
 rk4
 istep=     25000001
 grad_b=   -1.234164931890634       -8.7177890046290021E-003 
   0.2183338374868410     
 bsub=  -5.3633007343721555E-002  -0.1207842341455375      
    1.445723009029167     
 bsup=    0.000000000000000        -1.035273464580060      
   0.8816655729982713     
 b_abs=    1.182957098427603     
 g=  -2.0706206383535784E-002
 j=    0.000000000000000        -133.9805111248445      
   -441.8854536764289     
 v_perp_2=    0.000000000000000     
 b_n=   4.4736729246296467E-005   -1.029513788428957      
   0.8821483868957060     
 b_para_n=    1.182957045781936     
 dxdt=   0.3403594108952020        -7832.595552728648      
    6711.431755168628     
 dudt=   -0.000000000000000     
 ---------------------
 rk4
 istep=     26000001
 grad_b=   -1.007399552909110        1.3033062348354654E-002 
  -6.5159765110499160E-002
 bsub=  -8.6113425324665024E-003  -6.7352773359053764E-002 
    1.062351994801461     
 bsup=    0.000000000000000       -0.5747834464456886      
   0.9127823524676421     
 b_abs=    1.004164836459445     
 g=  -1.8853226260171031E-002
 j=    0.000000000000000         1184.342828103576      
   -845.6983366751396     
 v_perp_2=    0.000000000000000     
 b_n=   4.6837858128676203E-005  -0.5694800695817409      
   0.9131188560188882     
 b_para_n=    1.004164721679613     
 dxdt=   0.4197924046295879        -5104.063621815766      
    8183.985681576287     
 dudt=    0.000000000000000     
 ---------------------
 rk4
 istep=     27000001
 grad_b=  -0.5403936238799572        9.3450982930094975E-002 
   0.1061120449022804     
 bsub=  -4.7901367967146447E-002  -5.4557208154654202E-002 
   0.9107552958423093     
 bsup=    0.000000000000000       -0.5480481787996274      
    1.114096520359231     
 b_abs=    1.022770353215393     
 g=  -9.6075149246228654E-003
 j=    0.000000000000000         717.4714674515230      
   -197.3396014007595     
 v_perp_2=    0.000000000000000     
 b_n=   8.5160111190255396E-004  -0.5434848384158930      
    1.114414641649312     
 b_para_n=    1.022770328459340     
 dxdt=    7.493774304802474        -4782.465241352075      
    9806.436005972319     
 dudt=   -0.000000000000000     
 ---------------------
 rk4
 istep=     28000001
 grad_b=  -0.9072169771623518       -0.1357457506238227      
   0.1412277776906244     
 bsub=  -2.6444801838479103E-002  -0.1907457484543502      
    1.456093102902958     
 bsup=    0.000000000000000        -1.065050801549802      
   0.8840687458077452     
 b_abs=    1.220807643531790     
 g=  -1.8600677901191298E-002
 j=    0.000000000000000         279.2264896154499      
   -143.0349229220390     
 v_perp_2=    0.000000000000000     
 b_n=  -5.7982869472208553E-004   -1.060576873147080      
   0.8846442749534964     
 b_para_n=    1.220807622769200     
 dxdt=   -4.274595075562815        -7818.751849429014      
    6521.747019011435     
 dudt=   -0.000000000000000     
 ---------------------
 rk4
 istep=     29000001
 grad_b=   -1.031069360491184       -3.1397228234240564E-002 
  -8.1733020695116079E-002
 bsub=   5.8125046111715071E-003  -8.6810717486688699E-002 
    1.033906221337259     
 bsup=    0.000000000000000       -0.5585920875935307      
   0.9274371135550368     
 b_abs=    1.003589982552072     
 g=  -1.6903191270827636E-002
 j=    0.000000000000000         241.9136344037861      
    471.2539794226660     
 v_perp_2=    0.000000000000000     
 b_n=  -2.1876706547096166E-004  -0.5526991053468213      
   0.9279331939122157     
 b_para_n=    1.003590037321471     
 dxdt=   -1.961860437050128        -4956.497935548978      
    8321.524162893629     
 dudt=    0.000000000000000     
 ---------------------
 Elapsed time (seconds):     153.4682710000000     

real	2m33.478s
user	2m33.224s
sys	0m0.012s
>>> [PID 3865474] DONE  u=9000, v_perp=0, out=bounce/dat229.dat
