>>> [PID 3865622] START u=9500, v_perp=0, out=bounce/dat230.dat, dt=5.00E-09, steps=30000000
 outer boundary:   8.3000000000000462E-002
 rk4
 istep=            1
 grad_b=  -0.5028801642145795        4.9297982162180148E-003 
  -7.9787609332054865E-003
 bsub=   8.6929705600199067E-003   4.2252009717907324E-002 
    1.020728358149536     
 bsup=    0.000000000000000        0.5002728137558177      
   0.9181489543449987     
 b_abs=   0.9787594611173622     
 g=  -1.6418934566554223E-002
 j=    0.000000000000000         576.0999249863405      
    59.06408714175023     
 v_perp_2=    0.000000000000000     
 b_n=   3.3925392649945128E-005   0.5035158286890702      
   0.9180144347042153     
 b_para_n=   0.9787594721505521     
 dxdt=   0.3292854264453076         4887.207233903927      
    8910.398701458049     
 dudt=    0.000000000000000     
 ---------------------
 rk4
 istep=      1000001
 grad_b=   0.7254104557314531       -4.3993319452628951E-002 
  -0.1613736215024881     
 bsub=  -1.5292007437829064E-002   0.1239432734143487      
    1.567180185493406     
 bsup=    0.000000000000000       -0.5996983261562410      
    1.102182995957447     
 b_abs=    1.285960420768494     
 g=  -8.3022473533374049E-003
 j=    0.000000000000000         304.6915821780748      
   -244.7054467078308     
 v_perp_2=    0.000000000000000     
 b_n=  -3.5429997963446109E-004  -0.6079099036013255      
    1.102828944816924     
 b_para_n=    1.285960394657971     
 dxdt=   -2.617382168618499        -4490.919089112865      
    8147.121030541020     
 dudt=    0.000000000000000     
 ---------------------
 rk4
 istep=      2000001
 grad_b=  -0.2819102719366511       -0.1203856971590635      
   6.1792319561013227E-002
 bsub=   3.7782858648586756E-002  -0.2298433830443258      
    1.495031632969098     
 bsup=    0.000000000000000        -1.217414222728136      
   0.9054061636158963     
 b_abs=    1.278113737805000     
 g=  -1.8100926730313539E-002
 j=    0.000000000000000        -459.4434301774875      
   -53.66516199025354     
 v_perp_2=    0.000000000000000     
 b_n=  -5.5719442389466232E-004   -1.215989839264979      
   0.9056392289125210     
 b_para_n=    1.278113739744513     
 dxdt=   -4.141530493254379        -9038.243713213229      
    6731.460907687877     
 dudt=   -0.000000000000000     
 ---------------------
 rk4
 istep=      3000001
 grad_b=  -0.4629309892661370       -5.2254477855158722E-003 
  -2.4885111356000508E-002
 bsub=   3.1653862870269792E-002  -5.0147558771407252E-002 
   0.9167990270686834     
 bsup=    0.000000000000000       -0.2837976116709708      
    1.051163580808806     
 b_abs=   0.9887521543175627     
 g=  -1.4906976672476601E-002
 j=    0.000000000000000         619.4890742359318      
   -122.7301346202543     
 v_perp_2=    0.000000000000000     
 b_n=  -4.1180609090875720E-005  -0.2809085891247767      
    1.051323008134295     
 b_para_n=   0.9887521359748626     
 dxdt=  -0.3956661858207762        -2698.989463172421      
    10101.18533643271     
 dudt=    0.000000000000000     
 ---------------------
 rk4
 istep=      4000001
 grad_b=  -0.9292927586440501       -2.5089683377051208E-002 
  -5.3621032265271748E-002
 bsub=   7.6069158266987933E-004  -8.8972192173264991E-002 
   0.9839827204636334     
 bsup=    0.000000000000000       -0.4957493377441858      
   0.9581918071495449     
 b_abs=   0.9935844164080840     
 g=  -1.6089229345815619E-002
 j=    0.000000000000000         714.3370587222890      
    380.4737197408104     
 v_perp_2=    0.000000000000000     
 b_n=  -1.8432628844509432E-004  -0.4900279325486875      
   0.9587093215702883     
 b_para_n=   0.9935844557299479     
 dxdt=   -1.762406537390856        -4685.324264450664      
    9166.546942631705     
 dudt=    0.000000000000000     
 ---------------------
 rk4
 istep=      5000001
 grad_b=  -0.6213583870682634       -8.3705633734437693E-002 
   7.7570463109687696E-002
 bsub=  -2.1446327322419884E-002  -0.2304342072904176      
    1.514472023968424     
 bsup=    0.000000000000000        -1.235472931120219      
   0.8993109293941617     
 b_abs=    1.283299999553802     
 g=  -1.7145223361407894E-002
 j=    0.000000000000000         408.9272754789386      
   -204.1952751353834     
 v_perp_2=    0.000000000000000     
 b_n=  -3.8329066055637023E-004   -1.232166490806684      
   0.8998085665226018     
 b_para_n=    1.283299968955714     
 dxdt=   -2.837420216139019        -9121.469606353159      
    6661.093733930974     
 dudt=   -0.000000000000000     
 ---------------------
 rk4
 istep=      6000001
 grad_b=   0.5555662654413368        7.5867821770131932E-002 
   0.1670230279363186     
 bsub=  -2.7129073404909242E-002   7.8698541083577531E-002 
    1.256653292223405     
 bsup=    0.000000000000000       -0.4287794399971471      
    1.135066060662556     
 b_abs=    1.180476020542548     
 g=  -8.0948648885258156E-003
 j=    0.000000000000000         62.68384538323136      
    191.1100673292275     
 v_perp_2=    0.000000000000000     
 b_n=   7.2417228412145491E-004  -0.4349703789001265      
    1.135469425628674     
 b_para_n=    1.180476042508249     
 dxdt=    5.827849487344208        -3500.467989821424      
    9137.804711862269     
 dudt=   -0.000000000000000     
 ---------------------
 rk4
 istep=      7000001
 grad_b=  -0.5590177508026656       -3.1878335030362352E-003 
   2.5383362303738471E-003
 bsub=  -3.0406214267560665E-002  -3.3989145823814161E-002 
   0.9702241507907102     
 bsup=    0.000000000000000       -0.3125283119090539      
   0.9860970030081034     
 b_abs=   0.9833500960934907     
 g=  -1.7401422610541013E-002
 j=    0.000000000000000        -9.379747748162629      
   -63.00544440329826     
 v_perp_2=    0.000000000000000     
 b_n=  -1.7758241693849754E-005  -0.3093253287736890      
   0.9862086462573498     
 b_para_n=   0.9833500882394561     
 dxdt=  -0.1715597508041222        -2988.346325987686      
    9527.616106913265     
 dudt=   -0.000000000000000     
 ---------------------
 rk4
 istep=      8000001
 grad_b=   0.3987764460709664        4.7576103683585849E-002 
   2.6685989033612370E-002
 bsub=  -4.8988574317631449E-002   0.1674939706732669      
    2.060920742548685     
 bsup=    0.000000000000000        -1.226151481777174      
    1.072727980811057     
 b_abs=    1.416368260256403     
 g=  -9.2473546957528938E-003
 j=    0.000000000000000        -443.0669974221108      
    355.1534266513116     
 v_perp_2=    0.000000000000000     
 b_n=   5.0134542855497942E-004   -1.230561445873725      
    1.073098330129061     
 b_para_n=    1.416368301203818     
 dxdt=    3.362671677433235        -8253.738611535138      
    7197.587045376185     
 dudt=    0.000000000000000     
 ---------------------
 rk4
 istep=      9000001
 grad_b=   0.7799477226548422       -4.3029856985975570E-002 
   0.1620881556028399     
 bsub=   6.2770102048916532E-002   4.4075825138089032E-002 
    1.502944722687132     
 bsup=    0.000000000000000       -0.3429819448114741      
    1.032373003925418     
 b_abs=    1.239542802968271     
 g=  -1.1662639629939731E-002
 j=    0.000000000000000        -152.2893947880359      
    189.3728850856567     
 v_perp_2=    0.000000000000000     
 b_n=  -3.9830824950401299E-004  -0.3494269567525294      
    1.032578666225921     
 b_para_n=    1.239542825557568     
 dxdt=   -3.052680627299864        -2678.048729503020      
    7913.802675380548     
 dudt=   -0.000000000000000     
 ---------------------
 rk4
 istep=     10000001
 grad_b=   0.5194909572248020       -1.7646754604970540E-003 
  -0.1388533017878092     
 bsub=   9.7378389976216784E-003   5.0389688363059536E-002 
    1.103942295902469     
 bsup=    0.000000000000000        0.4218303744703857      
    1.078755885037020     
 b_abs=    1.100621495320070     
 g=  -1.1346837873923940E-002
 j=    0.000000000000000         141.7148725812920      
   -242.0834638605562     
 v_perp_2=    0.000000000000000     
 b_n=   3.6504515108780427E-005   0.4176740004387227      
    1.078945254900813     
 b_para_n=    1.100621468503517     
 dxdt=   0.3150882510087125         3605.147743994950      
    9312.902042056581     
 dudt=    0.000000000000000     
 ---------------------
 rk4
 istep=     11000001
 grad_b=   0.4037927800127102       -9.1725815600442018E-002 
  -0.2340995066411964     
 bsub=   4.8342132165753338E-002   0.1084216527608703      
    1.822524393616783     
 bsup=    0.000000000000000        -1.597837787683178      
    1.063165103450002     
 b_abs=    1.328757094197549     
 g=  -8.9814705849491673E-003
 j=    0.000000000000000         645.2748252533133      
   -196.5729217310863     
 v_perp_2=    0.000000000000000     
 b_n=  -8.8864907416837688E-004   -1.602520908053972      
    1.063467257838927     
 b_para_n=    1.328757073804644     
 dxdt=   -6.353430864851041        -11457.28510247689      
    7603.300218407838     
 dudt=    0.000000000000000     
 ---------------------
 rk4
 istep=     12000001
 grad_b=   -1.151177239362330       -6.7381441517104096E-002 
   0.1154468531035618     
 bsub=  -4.2927098744867387E-003  -8.2448949909185817E-002 
    1.185877696059253     
 bsup=    0.000000000000000       -0.7115015775646041      
   0.8798473240082605     
 b_abs=    1.049759138990243     
 g=  -1.9994964707009198E-002
 j=    0.000000000000000        -579.0889766775729      
    134.3652114054416     
 v_perp_2=    0.000000000000000     
 b_n=  -3.1748022866405614E-004  -0.7053464139628247      
   0.8802741374678876     
 b_para_n=    1.049759162459604     
 dxdt=   -2.873099164232914        -6383.169751952212      
    7966.212256105679     
 dudt=   -0.000000000000000     
 ---------------------
 rk4
 istep=     13000001
 grad_b=  -0.4296960939162680       -6.7551989242447319E-002 
  -7.1478276463206841E-002
 bsub=   4.0245976937829261E-002  -4.6711393680293228E-002 
   0.8746797460048084     
 bsup=    0.000000000000000       -0.1755212655228191      
    1.158814423577276     
 b_abs=    1.010183729052084     
 g=  -9.5718707519894860E-003
 j=    0.000000000000000        -615.8375612919638      
    167.8540026227599     
 v_perp_2=    0.000000000000000     
 b_n=  -6.3515898875916681E-004  -0.1717264788737508      
    1.159046330256159     
 b_para_n=    1.010183750541117     
 dxdt=   -5.973181007890788        -1614.955247920740      
    10899.93788905768     
 dudt=    0.000000000000000     
 ---------------------
 rk4
 istep=     14000001
 grad_b=   -1.216131964334560        7.5113052660073509E-002 
  -0.1366082679025796     
 bsub=   1.5230978096031283E-002  -9.9522807556311849E-002 
    1.252700892171242     
 bsup=    0.000000000000000       -0.7792265727843339      
   0.8721927301608577     
 b_abs=    1.081861809928666     
 g=  -2.0229965855964309E-002
 j=    0.000000000000000        -831.7304696282478      
    141.8373378159733     
 v_perp_2=    0.000000000000000     
 b_n=   3.3788533991659314E-004  -0.7728408611527229      
   0.8726959689600835     
 b_para_n=    1.081861837720713     
 dxdt=    2.967024639643762        -6786.437902661499      
    7663.281406235397     
 dudt=    0.000000000000000     
 ---------------------
 rk4
 istep=     15000001
 grad_b=  -0.8724719010467407        0.1304949400747737      
   0.2778339062510498     
 bsub=  -4.7743908535505926E-002  -5.7879929383597768E-002 
    1.360636398813495     
 bsup=    0.000000000000000        -1.070877613191408      
   0.9071886548700291     
 b_abs=    1.138520937819387     
 g=  -1.6564156777678109E-002
 j=    0.000000000000000        -112.7327960809345      
    603.8610499961098     
 v_perp_2=    0.000000000000000     
 b_n=   8.9630821947690286E-004   -1.065444095840490      
   0.9074513082166586     
 b_para_n=    1.138521017611918     
 dxdt=    7.478937984729427        -8890.234570913119      
    7571.917685051272     
 dudt=   -0.000000000000000     
 ---------------------
 rk4
 istep=     16000001
 grad_b=   0.2818139351320473        2.0487797134678555E-002 
   0.1123419039790115     
 bsub=  -2.8842957895343420E-002   3.4320929769711128E-002 
    1.031116423489869     
 bsup=    0.000000000000000        0.2109493842751812      
    1.100996542192493     
 b_abs=    1.069111407337480     
 g=  -1.1908613007525794E-002
 j=    0.000000000000000        -620.6290136571590      
    11.47180440302080     
 v_perp_2=    0.000000000000000     
 b_n=   1.2609441010456014E-004   0.2088039572435553      
    1.101071479297568     
 b_para_n=    1.069111406302537     
 dxdt=    1.120460308375328         1855.407754626879      
    9783.993503074524     
 dudt=   -0.000000000000000     
 ---------------------
 rk4
 istep=     17000001
 grad_b=   0.1388495545984039        0.1936473760856297      
  -0.1238502063911084     
 bsub=  -4.2781270947300346E-002  -9.6185982792629812E-002 
    1.370344294947155     
 bsup=    0.000000000000000       -0.6332685130644102      
   0.9284754982404648     
 b_abs=    1.154805258773392     
 g=  -1.9237797965741144E-002
 j=    0.000000000000000         181.3697377729717      
    433.8371607942797     
 v_perp_2=    0.000000000000000     
 b_n=   9.8184071092415797E-004  -0.6339850591702928      
   0.9284559010562753     
 b_para_n=    1.154805312815732     
 dxdt=    8.077107587110534        -5215.474846952688      
    7637.937721751757     
 dudt=    0.000000000000000     
 ---------------------
 rk4
 istep=     18000001
 grad_b=   0.5208671130364607        4.6229733968191966E-002 
   0.1467251663068231     
 bsub=   1.8434832603989655E-002   0.1835340712901704      
    2.057045440414615     
 bsup=    0.000000000000000        -1.223029674151842      
    1.073592014593069     
 b_abs=    1.408707119224304     
 g=  -7.8579562757737833E-003
 j=    0.000000000000000         299.7436672968134      
   -241.7618356293847     
 v_perp_2=    0.000000000000000     
 b_n=   4.3445717833752191E-004   -1.229841136629923      
    1.074195835518689     
 b_para_n=    1.408707091388275     
 dxdt=    2.929880327456135        -8293.768711329652      
    7244.132225792024     
 dudt=   -0.000000000000000     
 ---------------------
 rk4
 istep=     19000001
 grad_b=  -0.4346282148927740        9.6109113179627809E-003 
  -1.5163400087376683E-002
 bsub=   2.6351873217268791E-002   1.5390718018311992E-002 
    1.004150083816060     
 bsup=    0.000000000000000       -2.5081563858933231E-002 
   0.9596500588533322     
 b_abs=   0.9815744060500579     
 g=  -1.7302175954408475E-002
 j=    0.000000000000000        -644.8366696227993      
   -169.0554023680320     
 v_perp_2=    0.000000000000000     
 b_n=   5.8926844624357818E-005  -2.2482135361434497E-002 
   0.9596086479465352     
 b_para_n=   0.9815743827591300     
 dxdt=   0.5703134003536549        -217.5895069034605      
    9287.408387601679     
 dudt=    0.000000000000000     
 ---------------------
 rk4
 istep=     20000001
 grad_b=   0.7727764016554806       -4.5745342090744948E-002 
  -0.1633658631750090     
 bsub=  -1.9230496501114608E-003   9.8292844214404151E-002 
    1.388965728031728     
 bsup=    0.000000000000000       -0.3743626822378188      
    1.122976876433809     
 b_abs=    1.233952177034433     
 g=  -8.1366080647927042E-003
 j=    0.000000000000000        -252.7942656437290      
   -79.10432409981146     
 v_perp_2=    0.000000000000000     
 b_n=  -3.8089036116304196E-004  -0.3829706277646611      
    1.123585497168767     
 b_para_n=    1.233952165984269     
 dxdt=   -2.932413857519846        -2948.429496748145      
    8650.304701713509     
 dudt=    0.000000000000000     
 ---------------------
 rk4
 istep=     21000001
 grad_b=  -0.5440116514528853        1.8956267154576965E-002 
  -2.8883005097942969E-002
 bsub=   3.4246225320882367E-002  -0.2374223725138270      
    1.523020468848373     
 bsup=    0.000000000000000        -1.272680954367305      
   0.9033941747995587     
 b_abs=    1.295449812828185     
 g=  -1.7537880839758761E-002
 j=    0.000000000000000         447.3365412586224      
    22.84540344485114     
 v_perp_2=    0.000000000000000     
 b_n=   7.4333930683673907E-005   -1.269886457769285      
   0.9038281305371685     
 b_para_n=    1.295449807513590     
 dxdt=   0.5451174853700337        -9312.534749580907      
    6628.097198596422     
 dudt=    0.000000000000000     
 ---------------------
 rk4
 istep=     22000001
 grad_b=  -0.7166525455601298        3.8528703519950178E-003 
   1.1275315062753186E-002
 bsub=   2.0099714973038106E-002  -6.8567913003312483E-002 
   0.9482213121620352     
 bsup=    0.000000000000000       -0.4142107658912283      
   0.9939659093513230     
 b_abs=   0.9854860558886818     
 g=  -1.6442467240775874E-002
 j=    0.000000000000000        -259.9608269249771      
    58.00743087676045     
 v_perp_2=    0.000000000000000     
 b_n=   2.7549416345367589E-005  -0.4099800694645178      
   0.9942712658277069     
 b_para_n=   0.9854860652542126     
 dxdt=   0.2655739786776994        -3952.172229759765      
    9584.688569824339     
 dudt=   -0.000000000000000     
 ---------------------
 rk4
 istep=     23000001
 grad_b=  -0.6774941796769881       -1.7688973424827836E-003 
  -2.5230938310877651E-003
 bsub=  -1.8530838510592382E-002  -7.5763909299718241E-002 
   0.9172421977423317     
 bsup=    0.000000000000000       -0.4068333042706140      
    1.022718627832015     
 b_abs=   0.9842953628624340     
 g=  -1.5128706610961506E-002
 j=    0.000000000000000        -451.8599519578858      
    211.0488399958275     
 v_perp_2=    0.000000000000000     
 b_n=  -1.2297726575253875E-005  -0.4026194093199887      
    1.023066477260097     
 b_para_n=   0.9842953922298842     
 dxdt=  -0.1186924203721420        -3885.911098166132      
    9874.202003478444     
 dudt=    0.000000000000000     
 ---------------------
 rk4
 istep=     24000001
 grad_b=  -0.4711469377294234        7.7225057541726927E-002 
  -5.7241767086652941E-002
 bsub=  -7.4408545174270294E-003  -0.2380483193429008      
    1.511526625837159     
 bsup=    0.000000000000000        -1.244866295096657      
   0.9006609320660863     
 b_abs=    1.287544079320927     
 g=  -1.6837431773958543E-002
 j=    0.000000000000000         46.87832254531766      
   -81.41469089481286     
 v_perp_2=    0.000000000000000     
 b_n=   3.6710020476456628E-004   -1.242329107480934      
   0.9010623088975804     
 b_para_n=    1.287544069209273     
 dxdt=    2.708607828394682        -9166.386458769510      
    6648.387530365524     
 dudt=    0.000000000000000     
 ---------------------
 rk4
 istep=     25000001
 grad_b=   0.6897967595706938        6.3792715069958331E-002 
   0.1668915121408225     
 bsub=  -9.8094715772183115E-003   0.1056655608048942      
    1.426068603845548     
 bsup=    0.000000000000000       -0.5146367824038828      
    1.125001419657838     
 b_abs=    1.244441033453150     
 g=  -7.8699782971578380E-003
 j=    0.000000000000000        -206.8786022792120      
    211.6977486239439     
 v_perp_2=    0.000000000000000     
 b_n=   5.9803625678102345E-004  -0.5226717236811296      
    1.125600907717173     
 b_para_n=    1.244441056036816     
 dxdt=    4.565378498129238        -3990.049469103848      
    8592.780326107139     
 dudt=   -0.000000000000000     
 ---------------------
 rk4
 istep=     26000001
 grad_b=  -0.3162724663654467       -1.6836957643430288E-002 
   3.7397291606356728E-002
 bsub=  -3.3413295193925587E-002  -2.3633515021581689E-003 
   0.9701526192937688     
 bsup=    0.000000000000000       -7.9740028231730598E-002 
    1.010547025964419     
 b_abs=   0.9903519606609305     
 g=  -1.6165543827402339E-002
 j=    0.000000000000000        -149.6978879797417      
    43.82308395381091     
 v_perp_2=    0.000000000000000     
 b_n=  -1.0183521240717620E-004  -7.7824557698327579E-002 
    1.010548190406183     
 b_para_n=   0.9903519661196750     
 dxdt=  -0.9768592893885043        -746.5359018076310      
    9693.733275931760     
 dudt=   -0.000000000000000     
 ---------------------
 rk4
 istep=     27000001
 grad_b=   0.5718474999096615       -1.6852649107527651E-002 
  -0.1250401348243732     
 bsub=  -4.3315473700820097E-002   0.1756889341256511      
    1.995841697100924     
 bsup=    0.000000000000000        -1.029941321101533      
    1.074435088388061     
 b_abs=    1.401318855934027     
 g=  -9.0243131663434294E-003
 j=    0.000000000000000         257.5092853541909      
    135.8840261834814     
 v_perp_2=    0.000000000000000     
 b_n=  -6.5432431511103209E-005   -1.036311781457545      
    1.074994458080248     
 b_para_n=    1.401318876059846     
 dxdt=  -0.4435879013513933        -7025.497259787307      
    7287.739804431356     
 dudt=    0.000000000000000     
 ---------------------
 rk4
 istep=     28000001
 grad_b=   0.6594725807385039       -8.4508332196544370E-002 
   0.1449118359953556     
 bsub=   8.6886055465164980E-002  -1.1171654005728154E-002 
    1.605016526707753     
 bsup=    0.000000000000000       -0.7667627723019255      
    1.001145829628644     
 b_abs=    1.271016400247694     
 g=  -1.4010951847180755E-002
 j=    0.000000000000000        -133.4653162145631      
    627.7164301729802     
 v_perp_2=    0.000000000000000     
 b_n=  -5.8845653368939802E-004  -0.7713550749721571      
    1.001145782397943     
 b_para_n=    1.271016478250969     
 dxdt=   -4.398319900417087        -5765.364444620963      
    7482.896638655918     
 dudt=   -0.000000000000000     
 ---------------------
 rk4
 istep=     29000001
 grad_b=   0.2001729187926954       -9.3870298078823494E-003 
  -0.1041123279912917     
 bsub=   2.9661147044539496E-002   2.8193571183384513E-002 
    1.012368390598804     
 bsup=    0.000000000000000        0.2288121106409389      
    1.088394933948970     
 b_abs=    1.053094953117103     
 g=  -1.2678694494973355E-002
 j=    0.000000000000000         103.9354437918650      
   -205.5856760307006     
 v_perp_2=    0.000000000000000     
 b_n=  -4.6422934121370455E-005   0.2273579285924377      
    1.088436767739634     
 b_para_n=    1.053094930008791     
 dxdt=  -0.4187826392339938         2051.002488075912      
    9818.819746326388     
 dudt=    0.000000000000000     
 ---------------------
 Elapsed time (seconds):     153.7100120000000     

real	2m33.721s
user	2m33.472s
sys	0m0.017s
>>> [PID 3865622] DONE  u=9500, v_perp=0, out=bounce/dat230.dat
