>>> [PID 3867204] START u=4000, v_perp=1000, out=bounce/dat240.dat, dt=5.00E-09, steps=30000000
 outer boundary:   8.3000000000000462E-002
 rk4
 istep=            1
 grad_b=  -0.5028816297338505        4.9311963396948544E-003 
  -7.9817249513243205E-003
 bsub=   8.6925868867952644E-003   4.2252225748734454E-002 
    1.020727515659863     
 bsup=    0.000000000000000        0.5003002110237185      
   0.9181486983235868     
 b_abs=   0.9787595976787343     
 g=  -1.6418795780983875E-002
 j=    0.000000000000000         576.0999180056305      
    59.08469264150031     
 v_perp_2=    999999.8984933407     
 b_n=   1.4288616188456067E-005   0.5016657049530898      
   0.9180920575317005     
 b_para_n=   0.9787596023254453     
 dxdt=   6.0219630860302104E-002    2050.384491024394      
    3752.056329822860     
 dudt=    2537.308060610846     
 ---------------------
 rk4
 istep=      1000001
 grad_b=   0.4403051310414250       -8.5366263664395092E-002 
  -0.1687231341096498     
 bsub=   3.4057292958711620E-002   6.8627745308154742E-002 
    1.198174461139754     
 bsup=    0.000000000000000       -0.4350584420953794      
    1.137735945124282     
 b_abs=    1.155104669795838     
 g=  -8.1925141571039216E-003
 j=    0.000000000000000         332.1269140622643      
    44.04270117316241     
 v_perp_2=    1180169.652519154     
 b_n=  -3.4527625111881833E-004  -0.4370885206029104      
    1.137862038869970     
 b_para_n=    1.155104672757117     
 dxdt=   -1.233249159497410        -1505.303958030690      
    3918.059023469797     
 dudt=    68471.27548151764     
 ---------------------
 rk4
 istep=      2000001
 grad_b=   -1.058850086991641        0.1208171862745867      
  -0.1345987917386242     
 bsub=   1.4955391666782149E-002  -0.1273048581917905      
    1.308548190589974     
 bsup=    0.000000000000000       -0.8114823515989582      
   0.8676767088347044     
 b_abs=    1.112900319053007     
 g=  -2.0364244137130456E-002
 j=    0.000000000000000        -648.9773614557580      
    435.9261813716748     
 v_perp_2=    1137046.869433552     
 b_n=   2.3286466561128595E-004  -0.8091967812603567      
   0.8678964274146642     
 b_para_n=    1.112900346660764     
 dxdt=   0.8632407632524330        -2895.649041167377      
    3106.043856652702     
 dudt=    98612.22116851492     
 ---------------------
 rk4
 istep=      3000001
 grad_b=   0.4069113903623797        4.0004411885242550E-002 
   0.1406956658340318     
 bsub=  -3.3578880342828485E-003   0.1915821575526416      
    2.132368609716313     
 bsup=    0.000000000000000        -1.487624677432480      
    1.076970457775187     
 b_abs=    1.418272537982816     
 g=  -7.0313625619733994E-003
 j=    0.000000000000000         1233.080454137941      
    98.73432318963687     
 v_perp_2=    1449041.757649028     
 b_n=   1.7019716009309505E-004   -1.490156929388718      
    1.077198243030070     
 b_para_n=    1.418272549497540     
 dxdt=   0.4952765880517879        -4143.671038510916      
    2995.151504406091     
 dudt=   -33142.31133239197     
 ---------------------
 rk4
 istep=      4000001
 grad_b=  -0.9673340068806144       -4.6010531233635979E-002 
   7.0845039759553141E-002
 bsub=   9.6049935110344414E-003  -6.2027464580803937E-002 
    1.096185914419486     
 bsup=    0.000000000000000       -0.6004723007792914      
   0.8949679049298807     
 b_abs=    1.009177595341953     
 g=  -1.9832744480184007E-002
 j=    0.000000000000000         1231.560621088661      
   -269.1836355770034     
 v_perp_2=    1031069.575226803     
 b_n=  -9.5294582977928206E-005  -0.5982761190566567      
   0.8950929927902284     
 b_para_n=    1.009177576180522     
 dxdt=  -0.3895269816451465        -2368.757057225338      
    3544.381321686861     
 dudt=   -46080.42806684587     
 ---------------------
 rk4
 istep=      5000001
 grad_b=  -0.4496398353517466        8.4527603727563169E-002 
   9.0495994050542400E-002
 bsub=  -4.5032460314134097E-002  -4.1725799397266741E-002 
   0.8869837115228683     
 bsup=    0.000000000000000       -0.3099919753415924      
    1.153348682317009     
 b_abs=    1.017870096862425     
 g=  -9.1965758014276380E-003
 j=    0.000000000000000         192.3439329033254      
    44.01200064883639     
 v_perp_2=    1039948.321082328     
 b_n=   3.4542734113495122E-004  -0.3082604650627825      
    1.153447675897838     
 b_para_n=    1.017870098434495     
 dxdt=    1.399925983110259        -1209.659488055429      
    4527.139767647928     
 dudt=   -39231.92336975243     
 ---------------------
 rk4
 istep=      6000001
 grad_b=  -0.5634516918656453        4.9222352304312544E-003 
  -8.0001185094757676E-003
 bsub=  -2.7858390741141246E-002  -1.2068607564175812E-002 
    1.006593944210145     
 bsup=    0.000000000000000       -0.2668623486881564      
   0.9516776260033036     
 b_abs=   0.9802642797808382     
 g=  -1.8410455842776344E-002
 j=    0.000000000000000         678.8455272215233      
   -233.7053188931174     
 v_perp_2=    1001524.785633394     
 b_n=   1.1490925585505921E-005  -0.2655202692387387      
   0.9516940219795588     
 b_para_n=   0.9802642664594489     
 dxdt=   4.8354447294089727E-002   -1083.241004683507      
    3883.235242740699     
 dudt=    4652.169170345715     
 ---------------------
 rk4
 istep=      7000001
 grad_b=   0.4479414827701329       -7.1969735031317872E-002 
  -0.1987178226864608     
 bsub=   1.0973062235776361E-002   0.1594134895829185      
    1.844074773381205     
 bsup=    0.000000000000000        -1.146016205335328      
    1.079738050193705     
 b_abs=    1.344476635473731     
 g=  -7.4463208580542147E-003
 j=    0.000000000000000        -1096.613309870299      
    504.0280597450920     
 v_perp_2=    1373633.817887541     
 b_n=  -3.1043262508665255E-004   -1.148560861568823      
    1.079959889406418     
 b_para_n=    1.344476657169478     
 dxdt=  -0.9528484445174427        -3377.318609961739      
    3175.318389636226     
 dudt=    50186.58364318409     
 ---------------------
 rk4
 istep=      8000001
 grad_b=  -0.7128819838465436       -0.1382824647132403      
   0.1196332252083511     
 bsub=  -1.8257274519856599E-002  -0.2181222532058476      
    1.476211855900303     
 bsup=    0.000000000000000        -1.135223768903098      
   0.8879280619098353     
 b_abs=    1.248259938924722     
 g=  -1.7810236599253449E-002
 j=    0.000000000000000        -24.98939788873975      
   -294.9073641791671     
 v_perp_2=    1275327.685513726     
 b_n=  -2.6614845056220524E-004   -1.133653871781433      
   0.8881567231260995     
 b_para_n=    1.248259924541724     
 dxdt=  -0.8797785448466022        -3601.155383270134      
    2821.499101614524     
 dudt=   -107715.4762289459     
 ---------------------
 rk4
 istep=      9000001
 grad_b=   0.6648897006226272        5.9351543252892568E-002 
   0.1610853831216006     
 bsub=  -4.4718183986322858E-003   0.1183118272902338      
    1.492791587998785     
 bsup=    0.000000000000000       -0.5634569270268212      
    1.120662866675213     
 b_abs=    1.267268949285560     
 g=  -7.7660617764470172E-003
 j=    0.000000000000000         298.9718388980753      
   -3.384941974757396     
 v_perp_2=    1294745.967181014     
 b_n=   2.3116523361861171E-004  -0.5667586658656613      
    1.120925240695671     
 b_para_n=    1.267268950269128     
 dxdt=   0.7526944978038960        -1772.785269938275      
    3505.375341851801     
 dudt=   -59288.56050039214     
 ---------------------
 rk4
 istep=     10000001
 grad_b=  -0.2485470333460879        3.5139383636561043E-002 
  -6.4673735613778413E-002
 bsub=   2.2214057001485842E-002   2.9113485780449991E-002 
    1.008062310679350     
 bsup=    0.000000000000000        0.2110400988838281      
   0.9830746809269608     
 b_abs=   0.9984411465156202     
 g=  -1.5589095069050391E-002
 j=    0.000000000000000         821.1365037914177      
   -241.4214354764941     
 v_perp_2=    1020087.489247657     
 b_n=   1.0039021995604693E-004   0.2117105147855235      
   0.9830530951887286     
 b_para_n=   0.9984411349463148     
 dxdt=   0.4147641970917484         847.7173111474909      
    3935.875968938802     
 dudt=    28735.28724219291     
 ---------------------
 rk4
 istep=     11000001
 grad_b=   3.1732738323859672E-002  -0.1306199494348284      
  -0.1821552408825230     
 bsub=   5.4255558232038488E-002   2.1697913286827297E-002 
    1.119307421103737     
 bsup=    0.000000000000000       -0.6086506086564729      
    1.109027985691839     
 b_abs=    1.107741074800104     
 g=  -8.7009387642392917E-003
 j=    0.000000000000000        -5.443915683459295      
   -90.96872145672592     
 v_perp_2=    1131754.876255633     
 b_n=  -5.5523273320745592E-004  -0.6088278194839275      
    1.109058330123752     
 b_para_n=    1.107741070449603     
 dxdt=   -2.067849392879045        -2189.400379237212      
    3988.237423853328     
 dudt=    56497.61745954601     
 ---------------------
 rk4
 istep=     12000001
 grad_b=  -0.9770310035374349        0.1371289413951813      
  -0.1312580591736925     
 bsub=   1.2542103667962814E-002  -0.1371079524558441      
    1.323544337761632     
 bsup=    0.000000000000000       -0.8270693048667054      
   0.8695901962281466     
 b_abs=    1.124293772987990     
 g=  -2.0144808288762070E-002
 j=    0.000000000000000        -578.4922595944747      
    330.3460493111685     
 v_perp_2=    1148663.919531538     
 b_n=   2.6743829390319789E-004  -0.8249568148129709      
   0.8698065161398991     
 b_para_n=    1.124293794376796     
 dxdt=   0.9813726230854060        -2921.083967019180      
    3080.205510106209     
 dudt=    103393.4304611165     
 ---------------------
 rk4
 istep=     13000001
 grad_b=   0.4360562690342502        3.3884935435478464E-002 
   0.1088544827713948     
 bsub=   7.4077058035648324E-003   0.1909472622151522      
    2.127278934665402     
 bsup=    0.000000000000000        -1.411288973825602      
    1.075850033213405     
 b_abs=    1.420946021934072     
 g=  -7.2039989215606712E-003
 j=    0.000000000000000         1091.987800680850      
   -33.79342032335927     
 v_perp_2=    1451743.383302823     
 b_n=   1.4547973449055156E-004   -1.413917372073913      
    1.076085457329399     
 b_para_n=    1.420946025441745     
 dxdt=   0.4225535852118407        -3923.963762138300      
    2986.169574960245     
 dudt=   -24909.94987852670     
 ---------------------
 rk4
 istep=     14000001
 grad_b=  -0.9859380428935853       -3.2641772833760560E-002 
   6.8068995991258055E-002
 bsub=   9.2261961579170691E-003  -6.4402319680484238E-002 
    1.082266619750984     
 bsup=    0.000000000000000       -0.5951784918961821      
   0.8987134215088826     
 b_abs=    1.005482697376766     
 g=  -1.9577735789887567E-002
 j=    0.000000000000000         1241.848273016557      
   -617.7564461093202     
 v_perp_2=    1027273.398129077     
 b_n=  -6.5364344085239569E-005  -0.5929230782892537      
   0.8988481552376849     
 b_para_n=    1.005482658474905     
 dxdt=  -0.2681647181455971        -2356.460550063515      
    3572.756101943733     
 dudt=   -40949.92131217164     
 ---------------------
 rk4
 istep=     15000001
 grad_b=  -4.5644389935590723E-003   7.5891960355770033E-002 
   0.1105431874528748     
 bsub=  -4.3686982843491470E-002   7.1259947602743956E-003 
   0.9691838974827360     
 bsup=    0.000000000000000       -0.1082849211711698      
    1.143551264696212     
 b_abs=    1.052856733239793     
 g=  -9.9800721272960760E-003
 j=    0.000000000000000         579.6351074978190      
   -173.8190220840180     
 v_perp_2=    1075671.579806353     
 b_n=   2.7458731760989701E-004  -0.1082864225466220      
    1.143563644598549     
 b_para_n=    1.052856725462638     
 dxdt=    1.075889168453111        -410.4266007462120      
    4334.328127825209     
 dudt=   -57346.25850721410     
 ---------------------
 rk4
 istep=     16000001
 grad_b=  -0.5465427407615771        4.1000100821978823E-002 
  -3.6534423187598003E-002
 bsub=  -2.0307662183429380E-002   9.3439074550921777E-003 
    1.060616616173926     
 bsup=    0.000000000000000       -0.1501458479383883      
   0.9198599027580477     
 b_abs=   0.9871261314080605     
 g=  -1.9247180385745060E-002
 j=    0.000000000000000         1224.392613725591      
    160.8522407261260     
 v_perp_2=    1008514.658211806     
 b_n=   9.7761486409213717E-005  -0.1488510907264813      
   0.9198503770830138     
 b_para_n=   0.9871261412296047     
 dxdt=   0.4085287496566005        -602.8435798481190      
    3726.394222292236     
 dudt=    20576.97143392487     
 ---------------------
 rk4
 istep=     17000001
 grad_b=   0.4520962387650512       -7.0153448167274313E-002 
  -0.1963646685368793     
 bsub=   2.4661289555025431E-002   0.1469785444667061      
    1.817461879192884     
 bsup=    0.000000000000000        -1.272485783922093      
    1.080744416490832     
 b_abs=    1.333575646354598     
 g=  -7.5813074548921004E-003
 j=    0.000000000000000        -1081.090034276003      
    60.21548425385834     
 v_perp_2=    1362468.408833263     
 b_n=  -3.0265885739800863E-004   -1.275021826710374      
    1.080953612574558     
 b_para_n=    1.333575644908862     
 dxdt=  -0.9365672496796543        -3781.130732524357      
    3205.362585994285     
 dudt=    47096.96517908388     
 ---------------------
 rk4
 istep=     18000001
 grad_b=  -0.7997921289694173       -0.1406909185914937      
   0.1299096263761359     
 bsub=  -2.3196299715118669E-002  -0.2088955638872903      
    1.466982076185221     
 bsup=    0.000000000000000        -1.105445186056563      
   0.8848073933648397     
 b_abs=    1.236424597401961     
 g=  -1.8244816165607757E-002
 j=    0.000000000000000         78.53219873174783      
   -262.8852241690329     
 v_perp_2=    1263209.789025857     
 b_n=  -2.6671497645841199E-004   -1.103703918029099      
   0.8850511178203321     
 b_para_n=    1.236424583686440     
 dxdt=  -0.8900773188493977        -3540.915231689542      
    2839.642066862233     
 dudt=   -111745.3748621815     
 ---------------------
 rk4
 istep=     19000001
 grad_b=   0.7102960877427511        4.7256595476280826E-002 
   0.1585248779887767     
 bsub=   6.7162753912559901E-003   0.1181749819851254      
    1.499286473768682     
 bsup=    0.000000000000000       -0.5103149299951876      
    1.116011196343508     
 b_abs=    1.270179443198490     
 g=  -7.9881448090948354E-003
 j=    0.000000000000000         382.8573177257753      
   -322.0178482941224     
 v_perp_2=    1297692.915232038     
 b_n=   1.6764308184935673E-004  -0.5137370064005862      
    1.116280164243970     
 b_para_n=    1.270179429070240     
 dxdt=   0.5446119823045196        -1603.160605666154      
    3482.524577836161     
 dudt=   -61451.67610383533     
 ---------------------
 rk4
 istep=     20000001
 grad_b=  -0.1112832545720300        1.9825780336914053E-002 
  -7.1637427121265460E-002
 bsub=   3.0659018915866941E-002   1.4388086539117301E-002 
   0.9833113427143234     
 bsup=    0.000000000000000        9.8485259217602317E-002 
    1.033312000728998     
 b_abs=    1.008459238577514     
 g=  -1.4982596308130517E-002
 j=    0.000000000000000        -168.6564580110939      
    5.100949376183337     
 v_perp_2=    1030301.553006703     
 b_n=   5.6316766522020012E-005   9.8779459670385997E-002 
    1.033305940122106     
 b_para_n=    1.008459238711266     
 dxdt=   0.2303647384979082         391.4699041367382      
    4094.669490861173     
 dudt=    36507.35987356949     
 ---------------------
 rk4
 istep=     21000001
 grad_b=  -0.6850648970519667       -0.1095699290586629      
  -0.1238279154177912     
 bsub=   4.2665179225336643E-002  -7.3685355909217001E-002 
   0.9699375429677025     
 bsup=    0.000000000000000       -0.5781208652591853      
    1.035328772048366     
 b_abs=    1.022826507388904     
 g=  -1.1397863130923690E-002
 j=    0.000000000000000        -88.37324306984010      
   -155.8789750695862     
 v_perp_2=    1044977.812758704     
 b_n=  -4.0441256877886460E-004  -0.5758107931659300      
    1.035522047783054     
 b_para_n=    1.022826500126796     
 dxdt=   -1.631043698190997        -2248.378764670501      
    4043.977582193719     
 dudt=    32391.93002536363     
 ---------------------
 rk4
 istep=     22000001
 grad_b=  -0.8445215029643720        0.1588919439468780      
  -0.1248520338371156     
 bsub=   7.2113280654042813E-003  -0.1506368845407691      
    1.340765004293997     
 bsup=    0.000000000000000       -0.8536044243387293      
   0.8732875471754216     
 b_abs=    1.139798541898237     
 g=  -1.9830277901772254E-002
 j=    0.000000000000000        -371.4675398263726      
    45.26937902852797     
 v_perp_2=    1164480.855768612     
 b_n=   3.1386481038776348E-004  -0.8517761496839134      
   0.8734912723391979     
 b_para_n=    1.139798546595659     
 dxdt=    1.136088919322140        -2973.577439414087      
    3049.652449181235     
 dudt=    109651.6983238800     
 ---------------------
 rk4
 istep=     23000001
 grad_b=   0.4689176182725423        1.8138232254995883E-002 
   7.4693887217909427E-002
 bsub=   2.0495044496423226E-002   0.1878715830599464      
    2.107969202194661     
 bsup=    0.000000000000000        -1.314404159931409      
    1.077205144756689     
 b_abs=    1.423217089809318     
 g=  -7.6997082167987981E-003
 j=    0.000000000000000         351.5619008491265      
   -284.4297506860175     
 v_perp_2=    1454033.803380023     
 b_n=   6.4008778315479979E-005   -1.317014362839018      
    1.077437146086730     
 b_para_n=    1.423217076156444     
 dxdt=   0.1856208236851112        -3648.954733669514      
    2984.929179104387     
 dudt=   -20322.13437656899     
 ---------------------
 rk4
 istep=     24000001
 grad_b=  -0.9877349645251771       -2.3051778444772207E-002 
   6.5031027609433675E-002
 bsub=   9.1508392219153203E-003  -6.6294783403300486E-002 
    1.070099776533909     
 bsup=    0.000000000000000       -0.5859834045154406      
   0.9029316064495557     
 b_abs=    1.002518896440200     
 g=  -1.9344520082736825E-002
 j=    0.000000000000000         1229.911641323644      
   -808.9070055249072     
 v_perp_2=    1024224.336868384     
 b_n=  -4.3781142580326018E-005  -0.5837088007520091      
   0.9030728506193267     
 b_para_n=    1.002518846921419     
 dxdt=  -0.1801476385763235        -2326.914472222057      
    3600.504805915044     
 dudt=   -36802.39716215551     
 ---------------------
 rk4
 istep=     25000001
 grad_b=   0.1444386163408300        5.8756114708632852E-002 
   0.1118427162467199     
 bsub=  -3.8168413317285370E-002   2.1841717214162327E-002 
   0.9986585159474514     
 bsup=    0.000000000000000        2.0151667750638369E-002 
    1.130083942750854     
 b_abs=    1.062955638290030     
 g=  -1.0779690190633930E-002
 j=    0.000000000000000         139.8556748179411      
    159.6532345803815     
 v_perp_2=    1085966.985012223     
 b_n=   1.9268703536760154E-004   1.9642793290991629E-002 
    1.130102444838673     
 b_para_n=    1.062955645832312     
 dxdt=   0.7478221025665851         73.65363314699663      
    4241.241881254649     
 dudt=   -61308.86785558274     
 ---------------------
 rk4
 istep=     26000001
 grad_b=   2.1073925419557715E-002   0.1364922538733722      
  -0.1368836843803712     
 bsub=  -1.7119271261324773E-002  -4.3684866832814639E-004 
    1.189784460539797     
 bsup=    0.000000000000000        3.0293397266169531E-002 
   0.9311656284114745     
 b_abs=    1.052527480458608     
 g=  -1.7986743589559220E-002
 j=    0.000000000000000        -461.3921320536579      
   -263.0745131916158     
 v_perp_2=    1075310.926669921     
 b_n=   3.4011737665865779E-004   3.0245751632481832E-002 
   0.9311704916088287     
 b_para_n=    1.052527465645636     
 dxdt=    1.333065903996620         114.6682902867143      
    3530.460240847360     
 dudt=    59854.22229737106     
 ---------------------
 rk4
 istep=     27000001
 grad_b=   0.4452974777500802       -7.9878883676200677E-002 
  -0.2047831720092912     
 bsub=   4.2072376199070283E-002   0.1169904147091492      
    1.754970535049476     
 bsup=    0.000000000000000        -1.408168339539327      
    1.075434860334723     
 b_abs=    1.312805156934359     
 g=  -8.4299377899060852E-003
 j=    0.000000000000000         1701.941124839139      
   -101.9818594920578     
 v_perp_2=    1341220.258442623     
 b_n=  -3.3117614906268860E-004   -1.410419566735827      
    1.075592872200574     
 b_para_n=    1.312805157542144     
 dxdt=   -1.040997772264620        -4251.642059839088      
    3242.121837402131     
 dudt=    41925.62108131769     
 ---------------------
 rk4
 istep=     28000001
 grad_b=  -0.8899298468068748       -0.1382176044129270      
   0.1388912495073109     
 bsub=  -2.7935957649320955E-002  -0.1987447695114178      
    1.456927996400482     
 bsup=    0.000000000000000        -1.075912266628556      
   0.8813946721241689     
 b_abs=    1.223895596572431     
 g=  -1.8761245594901877E-002
 j=    0.000000000000000         222.5403114795922      
   -191.8220031596845     
 v_perp_2=    1250383.679993016     
 b_n=  -2.5671648997831230E-004   -1.074002521517724      
   0.8816502554015023     
 b_para_n=    1.223895585298000     
 dxdt=  -0.8654671133002186        -3482.292651125895      
    2858.853865333846     
 dudt=   -113161.1646518953     
 ---------------------
 rk4
 istep=     29000001
 grad_b=   0.7300523692634664        3.4198092178835113E-002 
   0.1593031498062837     
 bsub=   1.6343810664482983E-002   0.1145444839430893      
    1.502068702598646     
 bsup=    0.000000000000000       -0.4719246643990025      
    1.109002613273658     
 b_abs=    1.269756742751865     
 g=  -8.1959532329391096E-003
 j=    0.000000000000000         459.6497691235179      
   -209.5371601791549     
 v_perp_2=    1297234.384566776     
 b_n=   1.0390632593907782E-004  -0.4753567097933142      
    1.109263195822076     
 b_para_n=    1.269756734283455     
 dxdt=   0.3376663954531506        -1483.941146045517      
    3461.835023298338     
 dudt=   -64580.17211463296     
 ---------------------
 Elapsed time (seconds):     154.0027580000000     

real	2m34.013s
user	2m33.754s
sys	0m0.015s
>>> [PID 3867204] DONE  u=4000, v_perp=1000, out=bounce/dat240.dat
