>>> [PID 3873705] START u=6000, v_perp=3000, out=bounce/dat286.dat, dt=5.00E-09, steps=30000000
 outer boundary:   8.3000000000000462E-002
 rk4
 istep=            1
 grad_b=  -0.5028810986668991        4.9306873404057622E-003 
  -7.9806465090458273E-003
 bsub=   8.6927263230982578E-003   4.2252147230748410E-002 
    1.020727822045612     
 bsup=    0.000000000000000        0.5002902507931790      
   0.9181487912673616     
 b_abs=   0.9787595480139303     
 g=  -1.6418846246368524E-002
 j=    0.000000000000000         576.0999193759829      
    59.07719142626110     
 v_perp_2=    8999998.629756644     
 b_n=   2.1430609219480523E-005   0.5023384841167678      
   0.9180638305921469     
 b_para_n=   0.9787595549833649     
 dxdt=   0.1477958643020971         3081.009106730881      
    5627.857563445632     
 dudt=    22832.55394237075     
 ---------------------
 rk4
 istep=      1000001
 grad_b=   0.8200752784697687       -2.1460227407872928E-002 
   0.1676342291733705     
 bsub=   3.7316796908445179E-002   6.1814964765942712E-002 
    1.375965956510103     
 bsup=    0.000000000000000        5.1902495226646417E-002 
    1.063570966111751     
 b_abs=    1.211207346293957     
 g=  -1.0002582629762518E-002
 j=    0.000000000000000         746.4766396468159      
   -447.1838843396571     
 v_perp_2=    11137378.60024147     
 b_n=  -1.6549345224211925E-004   4.7247167645555949E-002 
    1.063784567796818     
 b_para_n=    1.211207316613621     
 dxdt=  -0.9258551362534954         223.3175417831399      
    5111.046473032088     
 dudt=   -672545.9623339741     
 ---------------------
 rk4
 istep=      2000001
 grad_b=   0.6380647631105169        6.2139699120200662E-002 
   0.1784970254279341     
 bsub=   1.3937042565196268E-002   0.1492553065607137      
    1.714091657085428     
 bsup=    0.000000000000000       -0.7839111807944203      
    1.090038495603561     
 b_abs=    1.323553359214529     
 g=  -8.2219348228436632E-003
 j=    0.000000000000000        -473.4406080468818      
   -9.745549297493454     
 v_perp_2=    12170374.65960587     
 b_n=   3.3240254945077376E-004  -0.7884525295537040      
    1.090431229981427     
 b_para_n=    1.323553355457797     
 dxdt=    1.705708099135461        -3416.885860622592      
    4720.834582320181     
 dudt=   -506659.4717706913     
 ---------------------
 rk4
 istep=      3000001
 grad_b=   0.3708756485945722        9.3805737269473527E-002 
   0.2273395566083612     
 bsub=  -4.6445458526967867E-002   0.1215504463897130      
    1.918976094387473     
 bsup=    0.000000000000000        -1.649703784227694      
    1.064687014427673     
 b_abs=    1.357408544141828     
 g=  -8.9219492184686288E-003
 j=    0.000000000000000        -364.3103912727341      
    16.04609005721608     
 v_perp_2=    12481625.10028970     
 b_n=   5.5296986811555736E-004   -1.652324844844889      
    1.064866419102431     
 b_para_n=    1.357408543592967     
 dxdt=    2.768860278669939        -6943.548358806498      
    4473.660387027038     
 dudt=   -295666.9384268743     
 ---------------------
 rk4
 istep=      4000001
 grad_b=  -0.3636002771806863        0.1071247852840701      
  -6.2469910017577950E-002
 bsub=  -2.5604252821890487E-002  -0.2374248921176448      
    1.495643536363182     
 bsup=    0.000000000000000        -1.226200099447159      
   0.9007478272752004     
 b_abs=    1.280017732767422     
 g=  -1.7626504177618151E-002
 j=    0.000000000000000        -549.0445764363004      
   -24.56896452237851     
 v_perp_2=    11769955.11405321     
 b_n=   3.0359458383425922E-004   -1.225061216421340      
   0.9009338194768370     
 b_para_n=    1.280017737097185     
 dxdt=    1.609371725990297        -5516.146056158483      
    4057.497343901960     
 dudt=    673918.5718678497     
 ---------------------
 rk4
 istep=      5000001
 grad_b=   -1.151353278971019        8.2480964854946992E-002 
  -0.1258809329176934     
 bsub=   9.1538942570475353E-003  -9.4426044118277666E-002 
    1.225437591540641     
 bsup=    0.000000000000000       -0.7433155771248026      
   0.8725361895998968     
 b_abs=    1.067473018152306     
 g=  -2.0308249610293871E-002
 j=    0.000000000000000        -1163.093120414749      
    264.4266488330267     
 v_perp_2=    9815526.821716141     
 b_n=   2.3916418087601771E-004  -0.7395353243357137      
   0.8728257161572845     
 b_para_n=    1.067473047843130     
 dxdt=    1.514342856671072        -4106.461511402637      
    4850.273561544370     
 dudt=    737116.4185144969     
 ---------------------
 rk4
 istep=      6000001
 grad_b=  -0.8200892583970564       -4.5915428495062593E-003 
  -2.9327112257449300E-002
 bsub=  -1.4753982248971523E-002  -7.2705057569280279E-002 
   0.9796888479355380     
 bsup=    0.000000000000000       -0.4639873266812959      
   0.9597739278202145     
 b_abs=   0.9871932640374115     
 g=  -1.7380742527804475E-002
 j=    0.000000000000000         686.4760775241427      
   -182.2181388380495     
 v_perp_2=    9077304.101437584     
 b_n=  -2.4544562655143276E-005  -0.4610115571089430      
   0.9599943785647389     
 b_para_n=   0.9871932455687892     
 dxdt=  -0.1678452471431656        -2796.660674620967      
    5828.590937478108     
 dudt=    121165.7184923769     
 ---------------------
 rk4
 istep=      7000001
 grad_b=  -0.7340519117525239       -2.9984894372245691E-002 
  -2.7709794321875841E-002
 bsub=   1.6554952356003304E-002  -9.5566787987246479E-002 
   0.8228195013354815     
 bsup=    0.000000000000000       -0.4146183621405167      
    1.133006715124135     
 b_abs=   0.9851044246067541     
 g=  -1.0016926926554440E-002
 j=    0.000000000000000        -488.4147172959628      
   -35.78702239253522     
 v_perp_2=    9058059.401423903     
 b_n=  -1.7627205554871580E-004  -0.4107243692639508      
    1.133462533131655     
 b_para_n=   0.9851044260061059     
 dxdt=   -1.207936439891317        -2496.604835624838      
    6898.388782468342     
 dudt=    88501.39361802122     
 ---------------------
 rk4
 istep=      8000001
 grad_b=  -0.3121580812909871       -2.4305820417750906E-002 
  -4.6916565498333979E-002
 bsub=   3.5884618368519770E-002  -4.1386050984470943E-002 
   0.8996386123904566     
 bsup=    0.000000000000000       -0.1475348374440011      
    1.100728551418919     
 b_abs=   0.9985100858585492     
 g=  -1.2985139768936114E-002
 j=    0.000000000000000         109.3456700613981      
   -211.4826690744686     
 v_perp_2=    9181287.486706460     
 b_n=  -1.1513979156522971E-004  -0.1461848371676532      
    1.100795231059616     
 b_para_n=   0.9985100704873338     
 dxdt=  -0.7785741980200047        -875.1662143177289      
    6598.002080747958     
 dudt=    221269.2066045368     
 ---------------------
 rk4
 istep=      9000001
 grad_b=  -0.7679878290804851       -2.1753044574342635E-003 
   2.3988314382075205E-002
 bsub=   2.0806555044638967E-002  -5.8438175798399092E-002 
   0.9898189687848703     
 bsup=    0.000000000000000       -0.4435287657819131      
   0.9564750799348137     
 b_abs=   0.9862877583526000     
 g=  -1.8012438314950918E-002
 j=    0.000000000000000        -37.78414584785605      
   -233.0690354589998     
 v_perp_2=    9068862.700336695     
 b_n=  -2.6889302252620500E-006  -0.4408063980208802      
   0.9566358445820509     
 b_para_n=   0.9862877398429547     
 dxdt=  -1.8404584967081181E-002   -2676.955322216614      
    5814.169763910477     
 dudt=   -111449.2838187026     
 ---------------------
 rk4
 istep=     10000001
 grad_b=  -0.9212361577140471       -0.1329110847880078      
   0.1147640998355491     
 bsub=  -4.5316421247513974E-004  -0.1037285489765922      
    1.243785431585686     
 bsup=    0.000000000000000       -0.7306321215327571      
   0.8769848825761070     
 b_abs=    1.079953213137202     
 g=  -2.0396930708987356E-002
 j=    0.000000000000000        -468.7960989879356      
    76.95700735426369     
 v_perp_2=    9930065.902229277     
 b_n=  -3.9952023148603661E-004  -0.7276482439587270      
   0.8772335931982711     
 b_para_n=    1.079953222772546     
 dxdt=   -2.500953182847579        -3987.785657973100      
    4810.555347832327     
 dudt=   -841857.5568002767     
 ---------------------
 rk4
 istep=     11000001
 grad_b=  -0.1297622374333223       -0.1076443226857607      
  -0.1103229140291601     
 bsub=   8.9486475780310992E-002   7.2341296658698359E-002 
    1.892754510759700     
 bsup=    0.000000000000000        -1.118401390891127      
    1.035243309777315     
 b_abs=    1.370670723558354     
 g=  -1.3230179074784796E-002
 j=    0.000000000000000        -1630.138291793159      
    29.38931887387708     
 v_perp_2=    12603129.04794724     
 b_n=  -4.6897252296325837E-004   -1.117836749409537      
    1.035243899605718     
 b_para_n=    1.370670721077070     
 dxdt=   -2.326248628870223        -4641.454540946104      
    4298.937439607877     
 dudt=   -20723.60157945035     
 ---------------------
 rk4
 istep=     12000001
 grad_b=   0.4131545700649125       -5.4591729890716173E-002 
  -0.1776868564695545     
 bsub=   6.6131053274890664E-003   0.1858419364964753      
    2.092346063368524     
 bsup=    0.000000000000000        -1.449144771586357      
    1.074394468827750     
 b_abs=    1.406377563522867     
 g=  -7.1822330480368086E-003
 j=    0.000000000000000         526.1136981287094      
    249.9678188980522     
 v_perp_2=    12931392.53854213     
 b_n=  -3.3864591581025114E-004   -1.452754759758393      
    1.074716193597526     
 b_para_n=    1.406377586889138     
 dxdt=   -1.638519022400679        -5852.588045304701      
    4327.709669859273     
 dudt=    365453.7267175081     
 ---------------------
 rk4
 istep=     13000001
 grad_b=   0.7203908439847273       -1.6612456327806606E-002 
  -0.1770297937036660     
 bsub=  -5.8988227712657527E-002   0.1309242492904810      
    1.771465801074922     
 bsup=    0.000000000000000       -0.8119901544042970      
    1.069329919644539     
 b_abs=    1.336882113428062     
 g=  -9.7503769498133684E-003
 j=    0.000000000000000        -783.9273113068484      
    569.9863520579877     
 v_perp_2=    12292338.69646647     
 b_n=  -2.1461321478514934E-005  -0.8163357615101413      
    1.069650405874349     
 b_para_n=    1.336882151586325     
 dxdt=  -0.1090617909570685        -3495.704018963011      
    4576.125532977432     
 dudt=    604607.0654944353     
 ---------------------
 rk4
 istep=     14000001
 grad_b=  -0.2869486573106168        0.1327822111778460      
  -0.1038484453763073     
 bsub=  -1.7711157003647678E-002  -8.6226210919156943E-003 
    1.163582675267844     
 bsup=    0.000000000000000       -0.1807803937165811      
   0.9145505454114843     
 b_abs=    1.032260389805568     
 g=  -1.9764997103873531E-002
 j=    0.000000000000000        -85.49452854113244      
   -255.2652594208988     
 v_perp_2=    9491364.535021048     
 b_n=   4.5467484885322839E-004  -0.1797866542237336      
   0.9145648108109726     
 b_para_n=    1.032260368023231     
 dxdt=    2.975481992722922        -1037.084742051148      
    5279.504105661140     
 dudt=    529897.8611040881     
 ---------------------
 rk4
 istep=     15000001
 grad_b=  -0.1096958002389988       -6.0033186581208500E-003 
   6.7973303630460127E-002
 bsub=  -3.4552642562437313E-002   3.9248576744986656E-003 
   0.9663611264503364     
 bsup=    0.000000000000000        4.6211987807645127E-002 
    1.055163632090016     
 b_abs=    1.009736930312098     
 g=  -1.4583545738771374E-002
 j=    0.000000000000000        -642.5578261131404      
    167.4543350239147     
 v_perp_2=    9284227.691464057     
 b_n=  -2.5515483763532612E-005   4.6647796678073346E-002 
    1.055160962570070     
 b_para_n=    1.009736942587451     
 dxdt=  -0.1706451087483993         276.4267127754194      
    6245.113689260793     
 dudt=   -325292.0653029162     
 ---------------------
 rk4
 istep=     16000001
 grad_b=   0.4498593499398892        3.1566455045288364E-002 
   0.1352938798604991     
 bsub=  -2.1662587437576250E-002   5.1263135467748765E-002 
    1.091119993674214     
 bsup=    0.000000000000000        0.1664203527087217      
    1.110575123053264     
 b_abs=    1.104380213615004     
 g=  -1.0670916448005120E-002
 j=    0.000000000000000        -88.45571790891375      
    134.7523767120653     
 v_perp_2=    10154397.49329192     
 b_n=   1.3052024075183499E-004   0.1640773797003672      
    1.110687801367842     
 b_para_n=    1.104380222681661     
 dxdt=   0.7992930842187027         875.1843413920734      
    5936.818740455272     
 dudt=   -647345.4844613111     
 ---------------------
 rk4
 istep=     17000001
 grad_b=   0.5115598833871491        8.8210783787007557E-002 
   0.1801778156867994     
 bsub=  -3.4964126645074763E-002   8.0654189428432693E-002 
    1.307650477884622     
 bsup=    0.000000000000000       -0.5601042107881273      
    1.127052203621208     
 b_abs=    1.195371218889181     
 g=  -7.8399004923873084E-003
 j=    0.000000000000000         117.2997741835988      
    278.5907647277711     
 v_perp_2=    10990978.06656120     
 b_n=   5.4904780793327724E-004  -0.5637815648670106      
    1.127293716905001     
 b_para_n=    1.195371238942703     
 dxdt=    3.111406746272309        -2753.357727026429      
    5499.793566625285     
 dudt=   -590972.7919158441     
 ---------------------
 rk4
 istep=     18000001
 grad_b=   -1.292908369464641        1.0120325382494582E-002 
   0.1752529643289165     
 bsub=  -2.5588800045620329E-002  -8.9341581175742646E-002 
    1.239733719252440     
 bsup=    0.000000000000000       -0.8419240016152706      
   0.8686179521643054     
 b_abs=    1.073453880758861     
 g=  -1.9672276103646393E-002
 j=    0.000000000000000         625.6087483782929      
   -657.8771496157951     
 v_perp_2=    9869958.514457138     
 b_n=   7.7147756563030715E-005  -0.8375518194354978      
   0.8689345754218248     
 b_para_n=    1.073453821828524     
 dxdt=   0.4858092478241686        -4621.139322200856      
    4798.055599632121     
 dudt=   -615454.3964502818     
 ---------------------
 rk4
 istep=     19000001
 grad_b=  -0.7271815930751474       -0.1271863484370433      
   0.1164890475327492     
 bsub=  -2.1611983147206387E-002  -0.2178021928663001      
    1.487919293351953     
 bsup=    0.000000000000000        -1.159433842072336      
   0.8912479818724695     
 b_abs=    1.256404246718442     
 g=  -1.7705678750271882E-002
 j=    0.000000000000000        -11.42021105359026      
   -309.8158894616275     
 v_perp_2=    11552055.26649397     
 b_n=  -3.5474237242563716E-004   -1.157097049309773      
   0.8915848712174570     
 b_para_n=    1.256404224635061     
 dxdt=   -1.914918255883383        -5324.436255058605      
    4104.368629129338     
 dudt=   -919463.8796304042     
 ---------------------
 rk4
 istep=     20000001
 grad_b=   -1.030507992155804        0.1263419713772956      
  -0.1510997856173217     
 bsub=   3.1793465402628972E-002  -0.1760579517829416      
    1.433797639837544     
 bsup=    0.000000000000000        -1.015556372124512      
   0.8770142750832532     
 b_abs=    1.198518307895190     
 g=  -1.9484596711413681E-002
 j=    0.000000000000000         508.1221578610996      
   -8.696037465551584     
 v_perp_2=    11019768.66591426     
 b_n=   3.3673479618554609E-004   -1.012347457959629      
   0.8774008305891077     
 b_para_n=    1.198518302457423     
 dxdt=    1.903351008431496        -4921.243085378926      
    4267.736139791648     
 dudt=    1000467.749115694     
 ---------------------
 rk4
 istep=     21000001
 grad_b=  -0.6607749202521338       -0.1506056663937707      
  -0.2550358772613272     
 bsub=   4.8105224934798615E-002  -4.9871517621935188E-002 
    1.261585347390826     
 bsup=    0.000000000000000       -0.9257007715704858      
   0.9379690024945935     
 b_abs=    1.108976839219721     
 g=  -1.3971675772268734E-002
 j=    0.000000000000000         1000.365222735961      
   -397.1073355893025     
 v_perp_2=    10196435.54500094     
 b_n=  -7.2813752923707193E-004  -0.9227505390577055      
   0.9381133615482613     
 b_para_n=    1.108976804480035     
 dxdt=   -4.440905355751093        -4906.482614971191      
    4990.620120440120     
 dudt=    413718.4377959724     
 ---------------------
 rk4
 istep=     22000001
 grad_b=   0.6523698250442647       -6.2830969257849506E-002 
  -0.1624927121370690     
 bsub=   1.4671584908515167E-002   8.3833394051749138E-002 
    1.270389685647224     
 bsup=    0.000000000000000       -0.3043154157731635      
    1.134878802020360     
 b_abs=    1.190305125792414     
 g=  -8.2139264107078790E-003
 j=    0.000000000000000        -405.8886181306929      
   -27.44110784919408     
 v_perp_2=    10944161.20845086     
 b_n=  -3.4726929071342267E-004  -0.3086756088705688      
    1.135170539540831     
 b_para_n=    1.190305122062245     
 dxdt=   -1.976134256792195        -1516.786277890927      
    5565.658223372214     
 dudt=    638383.3892583258     
 ---------------------
 rk4
 istep=     23000001
 grad_b=   0.3199706415973177       -1.6262409622724919E-002 
  -0.1181908454509554     
 bsub=   2.4931643677590515E-002   3.9783729339968377E-002 
    1.045645102764708     
 bsup=    0.000000000000000        0.2497385833169670      
    1.095549585929810     
 b_abs=    1.074955488287846     
 g=  -1.1897850862318165E-002
 j=    0.000000000000000        -882.7086224295538      
   -13.30981224002663     
 v_perp_2=    9883542.496871224     
 b_n=  -5.5475403751422452E-005   0.2482165534582017      
    1.095608814020802     
 b_para_n=    1.074955484981983     
 dxdt=  -0.3488562982780201         1367.164292074152      
    6039.815754232740     
 dudt=    571125.7174275802     
 ---------------------
 rk4
 istep=     24000001
 grad_b=  -0.2938788656335162        2.2467631400470145E-002 
  -4.4524388543845939E-002
 bsub=   3.0519666186470871E-002   1.0164732308482784E-002 
   0.9833396190385566     
 bsup=    0.000000000000000        4.1466871794098026E-003 
    1.000020031828889     
 b_abs=   0.9914951444165291     
 g=  -1.6123412686995311E-002
 j=    0.000000000000000        -677.8209399321892      
    67.70344132560152     
 v_perp_2=    9116135.800302805     
 b_n=   8.9140540286076922E-005   5.2838226843297097E-003 
    1.000005515504472     
 b_para_n=   0.9914951491978107     
 dxdt=   0.6069697229070167         32.79597867766898      
    6041.720116863598     
 dudt=    206014.2073390611     
 ---------------------
 rk4
 istep=     25000001
 grad_b=   0.7031460075313901       -9.4930785775667034E-002 
   0.1633076235222455     
 bsub=   6.1048449526567648E-002  -2.8852634327729831E-003 
    1.457142968266538     
 bsup=    0.000000000000000       -0.3004124171084136      
   0.9979494251241230     
 b_abs=    1.206344759836565     
 g=  -1.3838861793981064E-002
 j=    0.000000000000000        -668.3361839993363      
    339.0050082487825     
 v_perp_2=    11091485.44406268     
 b_n=  -4.1699891316568426E-004  -0.3034815425977647      
   0.9979608401818066     
 b_para_n=    1.206344785923202     
 dxdt=   -2.342085404078590        -1467.347333971305      
    4817.228442437710     
 dudt=   -729732.7469322520     
 ---------------------
 rk4
 istep=     26000001
 grad_b=   0.6586071735442428        5.5325660431786584E-002 
   0.1911005361735948     
 bsub=   3.1281875471661696E-002   0.1663816999229430      
    1.853450992377322     
 bsup=    0.000000000000000       -0.8764232606879476      
    1.079138009306598     
 b_abs=    1.361623728545770     
 g=  -8.6945253623646867E-003
 j=    0.000000000000000        -537.9244362116829      
    116.4126576905770     
 v_perp_2=    12519108.86554341     
 b_n=   2.6167547984001348E-004  -0.8809161804436040      
    1.079536919705403     
 b_para_n=    1.361623733648315     
 dxdt=    1.306340495387473        -3690.779477451775      
    4518.822475252173     
 dudt=   -532545.4084302068     
 ---------------------
 rk4
 istep=     27000001
 grad_b=   0.4076948748241790        6.3152867905163113E-002 
   0.1703221000756011     
 bsub=  -2.5491237274740966E-002   0.1720112177704368      
    2.098765977561762     
 bsup=    0.000000000000000        -1.616035668443825      
    1.076976173110593     
 b_abs=    1.407696254948009     
 g=  -7.5122223791210712E-003
 j=    0.000000000000000        -1677.122462595194      
    420.7973547907760     
 v_perp_2=    12942653.00418942     
 b_n=   4.1081487973390325E-004   -1.619457687969312      
    1.077261640559473     
 b_para_n=    1.407696277285230     
 dxdt=    1.985900048279682        -6516.428583917153      
    4333.105389880795     
 dudt=   -265747.3002273516     
 ---------------------
 rk4
 istep=     28000001
 grad_b=  -0.1556404754227380        8.9226902224349161E-002 
  -7.5865564592885251E-003
 bsub=  -8.2339378784771031E-002  -0.1781485496490876      
    1.579080462355406     
 bsup=    0.000000000000000        -1.232868807543681      
   0.9407348036528432     
 b_abs=    1.305831421893179     
 g=  -1.8092208883375267E-002
 j=    0.000000000000000         135.2358215679732      
   -462.6281920094079     
 v_perp_2=    12006037.63414760     
 b_n=   2.7180777550571861E-004   -1.232388870615772      
   0.9408030946080181     
 b_para_n=    1.305831388475434     
 dxdt=    1.413151279718203        -5420.597104157187      
    4138.420425551205     
 dudt=    412390.8171175751     
 ---------------------
 rk4
 istep=     29000001
 grad_b=   -1.065966851145402        6.7722991333239876E-002 
  -9.8764039733404613E-002
 bsub=  -2.0408059697462882E-003  -7.4247373277835788E-002 
    1.152956597082170     
 bsup=    0.000000000000000       -0.6677221780312486      
   0.8830186599169083     
 b_abs=    1.033233759210846     
 g=  -2.0075860973720404E-002
 j=    0.000000000000000         613.6578063616250      
    123.9285018830967     
 v_perp_2=    9499682.592053486     
 b_n=   2.0575937884647534E-004  -0.6641471890337335      
   0.8832492504145185     
 b_para_n=    1.033233766351449     
 dxdt=    1.345280100282948        -3827.092636911180      
    5093.496056974984     
 dudt=    589212.5406565628     
 ---------------------
 Elapsed time (seconds):     153.4756120000000     

real	2m33.485s
user	2m33.198s
sys	0m0.014s
>>> [PID 3873705] DONE  u=6000, v_perp=3000, out=bounce/dat286.dat
