>>> [PID 3867088] START u=3500, v_perp=1000, out=bounce/dat239.dat, dt=5.00E-09, steps=30000000
 outer boundary:   8.3000000000000462E-002
 rk4
 istep=            1
 grad_b=  -0.5028817610531677        4.9313240651088358E-003 
  -7.9819950536022533E-003
 bsub=   8.6925520920843845E-003   4.2252245351153517E-002 
    1.020727439036944     
 bsup=    0.000000000000000        0.5003026990978497      
   0.9181486752109249     
 b_abs=   0.9787596100960283     
 g=  -1.6418783166497454E-002
 j=    0.000000000000000         576.0999209108113      
    59.08657437171642     
 v_perp_2=    999999.9111801069     
 b_n=   1.2502878010927448E-005   0.5014975073917397      
   0.9180991144432187     
 b_para_n=   0.9787596141619929     
 dxdt=   4.6534611728481591E-002    1793.506740433762      
    3283.073581295438     
 dudt=    2537.397582456994     
 ---------------------
 rk4
 istep=      1000001
 grad_b=   0.1156729483892240       -0.1156635768218676      
  -0.1730812377011223     
 bsub=   6.6361373688179556E-002   0.1105795571386128      
    1.941092372416020     
 bsup=    0.000000000000000        -1.284694160248270      
    1.051788626838387     
 b_abs=    1.378012719826921     
 g=  -1.1482959946009492E-002
 j=    0.000000000000000         415.5794474459075      
   -193.6736520116918     
 v_perp_2=    1407915.162874019     
 b_n=  -3.3907564143162037E-004   -1.285083814775412      
    1.051822411174492     
 b_para_n=    1.378012711965400     
 dxdt=  -0.8970900567220339        -3209.224818576034      
    2626.661506649966     
 dudt=    12401.36453244300     
 ---------------------
 rk4
 istep=      2000001
 grad_b=   0.2902472224330291       -4.8901205047515155E-002 
  -0.1240963916177228     
 bsub=   3.1362284551861373E-002   3.9665074175455714E-002 
    1.045458097861965     
 bsup=    0.000000000000000        6.7559828017262125E-002 
    1.122321675522476     
 b_abs=    1.084456678785077     
 g=  -1.0728429547307764E-002
 j=    0.000000000000000        -494.4889389940755      
    440.0746686427887     
 v_perp_2=    1107987.381925758     
 b_n=  -1.3348753892561714E-004   6.6671852562433437E-002 
    1.122359387882710     
 b_para_n=    1.084456695941996     
 dxdt=  -0.4484874979936413         214.0975328884387      
    3606.332239196498     
 dudt=    67164.43995564575     
 ---------------------
 rk4
 istep=      3000001
 grad_b=   -1.045382617526109       -0.1283578626436918      
   0.1446600101196699     
 bsub=  -2.2491206950653677E-002  -0.1517336540345515      
    1.368871475534565     
 bsup=    0.000000000000000       -0.8947613884126820      
   0.8684398513285838     
 b_abs=    1.150916489236832     
 g=  -2.0085638075543588E-002
 j=    0.000000000000000         342.6193545114724      
    240.6600371368850     
 v_perp_2=    1175887.363274128     
 b_n=  -2.1007858569681171E-004  -0.8928106313372342      
   0.8686526409114637     
 b_para_n=    1.150916498804902     
 dxdt=  -0.6651422494596781        -2695.236873597080      
    2622.618498449089     
 dudt=   -106738.8208224541     
 ---------------------
 rk4
 istep=      4000001
 grad_b=  -0.6994095109823416       -1.8596407549210728E-003 
  -9.6669698181532440E-003
 bsub=  -2.0765948447446232E-002  -6.7593842318494995E-002 
   0.9524202953820896     
 bsup=    0.000000000000000       -0.4189545062253031      
   0.9825592068040302     
 b_abs=   0.9820121224307569     
 g=  -1.6976252513146387E-002
 j=    0.000000000000000        -218.0666780738411      
    41.19134887815483     
 v_perp_2=    1003316.483351229     
 b_n=  -5.4221053892497308E-006  -0.4174643966793359      
   0.9826648452112677     
 b_para_n=   0.9820121250055708     
 dxdt=  -2.0113866229324571E-002   -1487.470409908852      
    3501.867657186455     
 dudt=    4535.803319067157     
 ---------------------
 rk4
 istep=      5000001
 grad_b=   0.5715089348657297        7.3665091471299723E-002 
   0.1633642160848306     
 bsub=  -2.5545631421372159E-002   0.1161312744319209      
    1.544540581699785     
 bsup=    0.000000000000000       -0.8160264930277767      
    1.110076063127192     
 b_abs=    1.272895154163380     
 g=  -7.5495141230803881E-003
 j=    0.000000000000000         316.0334308709918      
    96.26357910549694     
 v_perp_2=    1300508.062497400     
 b_n=   2.8028987226176160E-004  -0.8186485114058616      
    1.110277848136806     
 b_para_n=    1.272895159362967     
 dxdt=   0.8026049069247820        -2223.592745727255      
    3015.213406088320     
 dudt=   -48654.36399919573     
 ---------------------
 rk4
 istep=      6000001
 grad_b=   3.7558210291797012E-002   0.2013031843966647      
  -0.1175854964787038     
 bsub=  -3.9102746353333648E-002  -0.1074001118698602      
    1.360574618829859     
 bsup=    0.000000000000000       -0.6796819568175683      
   0.9207270839308648     
 b_abs=    1.151456144979871     
 g=  -1.9719988057779730E-002
 j=    0.000000000000000        -263.8888574807710      
    597.6709997244860     
 v_perp_2=    1176433.034155700     
 b_n=   3.6323236346233305E-004  -0.6797466208049207      
   0.9207324433191105     
 b_para_n=    1.151456173972828     
 dxdt=    1.149514023356667        -2051.254064595415      
    2778.458752642906     
 dudt=    108733.3627592771     
 ---------------------
 rk4
 istep=      7000001
 grad_b=   0.6892074968512975       -7.7881994061425486E-002 
   0.1828727399309297     
 bsub=   3.7863042464804264E-002   1.7126890412757695E-002 
    1.330658785675054     
 bsup=    0.000000000000000        0.1873724513884122      
    1.007720770546577     
 b_abs=    1.159355026087911     
 g=  -1.2623000796365580E-002
 j=    0.000000000000000         370.6013176530270      
   -157.4126642981880     
 v_perp_2=    1184501.432272828     
 b_n=  -2.2866945140743230E-004   0.1854230753529877      
    1.007752361568299     
 b_para_n=    1.159355019187283     
 dxdt=  -0.7187461175250592         555.2592378052288      
    3019.330698411951     
 dudt=   -74770.86309631677     
 ---------------------
 rk4
 istep=      8000001
 grad_b=   0.4132723798227304       -7.2718104601208880E-002 
  -0.2144134164791994     
 bsub=   1.5381404990491976E-002   0.1687994821095547      
    1.951916565267267     
 bsup=    0.000000000000000        -1.346450557807819      
    1.075580272673508     
 b_abs=    1.367969826407317     
 g=  -7.3116129436137430E-003
 j=    0.000000000000000        -1779.053125738328      
    383.4844426783213     
 v_perp_2=    1397639.014572335     
 b_n=  -2.7835553093428589E-004   -1.348582690266082      
    1.075766858099332     
 b_para_n=    1.367969837247912     
 dxdt=  -0.7418318969166733        -3394.251161823894      
    2707.375627555062     
 dudt=    49557.34205898776     
 ---------------------
 rk4
 istep=      9000001
 grad_b=  -0.2184325801415542       -1.5955388622434667E-002 
  -5.5589633986541140E-002
 bsub=   3.7093439063107046E-002  -2.2569101115808995E-002 
   0.9270247445765240     
 bsup=    0.000000000000000       -8.2804164008065284E-002 
    1.081960681595571     
 b_abs=    1.002614057942535     
 g=  -1.3888420953508999E-002
 j=    0.000000000000000        -487.5051045884798      
   -23.87382977036037     
 v_perp_2=    1024357.569270621     
 b_n=  -4.2040616541530954E-005  -8.2279045999242961E-002 
    1.081975147619626     
 b_para_n=    1.002614057433633     
 dxdt=  -0.1527547096441235        -286.8634146353936      
    3773.284781548861     
 dudt=    29971.85497910441     
 ---------------------
 rk4
 istep=     10000001
 grad_b=  -0.5071267133651496        3.9920348141422771E-002 
  -3.3836221121318753E-002
 bsub=   1.1644586908254248E-002  -0.2461326883675003      
    1.513187238417710     
 bsup=    0.000000000000000        -1.255003498763207      
   0.8987271138120198     
 b_abs=    1.291919992871737     
 g=  -1.6824703178141349E-002
 j=    0.000000000000000         681.8514589214972      
    26.57896945643273     
 v_perp_2=    1319935.366749790     
 b_n=   6.7013116079211703E-005   -1.254016547230861      
   0.8988871311599734     
 b_para_n=    1.291919989400127     
 dxdt=   0.1890730632761645        -3352.510440883814      
    2403.229354368387     
 dudt=    31834.64674266617     
 ---------------------
 rk4
 istep=     11000001
 grad_b=  -0.3255328921253935        3.3285596177277207E-002 
   5.0634558970148735E-002
 bsub=  -3.4947761438040299E-002  -4.7199893033254378E-002 
   0.8854854495335740     
 bsup=    0.000000000000000       -0.1384706279361277      
    1.118080717472507     
 b_abs=   0.9986200684129800     
 g=  -1.2090806803644593E-002
 j=    0.000000000000000         242.5473976908934      
   -12.75286697014712     
 v_perp_2=    1020273.491463269     
 b_n=   9.6682366592474984E-005  -0.1376013542963479      
    1.118130867825841     
 b_para_n=   0.9986200673646025     
 dxdt=   0.3526982961018611        -481.7440236953134      
    3915.628971125993     
 dudt=   -26602.72422089598     
 ---------------------
 rk4
 istep=     12000001
 grad_b=  -0.5160041770388852        0.1594573691449542      
   0.3096746358365500     
 bsub=  -5.8645085399474356E-002  -2.1639205979927686E-002 
    1.527305959749540     
 bsup=    0.000000000000000        -1.236994870162865      
   0.9472270144045564     
 b_abs=    1.213949970812498     
 g=  -1.5298575678565738E-002
 j=    0.000000000000000        -814.9042497697404      
    521.7922737901536     
 v_perp_2=    1240270.795804167     
 b_n=   4.0241062772611015E-004   -1.235756775116613      
   0.9472600276782916     
 b_para_n=    1.213949995995059     
 dxdt=    1.208093943532165        -3527.575688683172      
    2704.181279847098     
 dudt=   -40433.05648058892     
 ---------------------
 rk4
 istep=     13000001
 grad_b=  -0.5907955242497085        5.7487548134026664E-003 
  -1.0312230793752375E-002
 bsub=  -2.7717479762563287E-002  -1.9474290294843592E-002 
    1.004100936652892     
 bsup=    0.000000000000000       -0.3083524778279903      
   0.9521339956902812     
 b_abs=   0.9805922479050301     
 g=  -1.8490988687114223E-002
 j=    0.000000000000000         214.7978862994595      
   -129.8474988337944     
 v_perp_2=    1001851.760246360     
 b_n=   1.1472742587311842E-005  -0.3071303350496259      
   0.9521580092572969     
 b_para_n=   0.9805922414664463     
 dxdt=   4.2620862032550250E-002   -1095.970322648808      
    3398.257133565909     
 dudt=    6038.479714394670     
 ---------------------
 rk4
 istep=     14000001
 grad_b=   0.7195756498178686        1.5870238980791804E-002 
   0.1747211322178956     
 bsub=   5.2067182837835332E-002   0.1201003297769675      
    1.687547072574406     
 bsup=    0.000000000000000       -0.7126702560704823      
    1.072640596340561     
 b_abs=    1.313103684187592     
 g=  -9.4482748521420995E-003
 j=    0.000000000000000        -1796.032638201733      
    522.0773979306142     
 v_perp_2=    1341570.050683750     
 b_n=   1.2847824084528645E-005  -0.7153411074923782      
    1.072830294262505     
 b_para_n=    1.313103701692912     
 dxdt=   3.5666196755367627E-002   -1880.324202160099      
    2819.444702014456     
 dudt=   -68509.47539739848     
 ---------------------
 rk4
 istep=     15000001
 grad_b=   0.6899064432898263       -4.2986446525713706E-002 
  -0.1631650014743171     
 bsub=  -1.8464923459991553E-002   0.1312794569400833      
    1.597553113022364     
 bsup=    0.000000000000000       -0.6073363210737113      
    1.100826272016705     
 b_abs=    1.295991849839421     
 g=  -8.2644665335023255E-003
 j=    0.000000000000000         9.301581755931437      
   -184.7782842582372     
 v_perp_2=    1324085.331664244     
 b_n=  -1.2298482844364585E-004  -0.6101970688004813      
    1.101059926974062     
 b_para_n=    1.295991841893330     
 dxdt=  -0.3459064987474810        -1626.397552861616      
    2933.996923610831     
 dudt=    60508.47719793866     
 ---------------------
 rk4
 istep=     16000001
 grad_b=  -0.7013485316214925       -2.6515887225376233E-003 
   1.5557923650013052E-002
 bsub=   2.3554827165982430E-002  -5.2726143887029855E-002 
   0.9826732162829084     
 bsup=    0.000000000000000       -0.4181477770500449      
   0.9602381001846431     
 b_abs=   0.9825857715750593     
 g=  -1.8102027463241032E-002
 j=    0.000000000000000        -446.8564852258796      
   -95.92832361442572     
 v_perp_2=    1003883.870799208     
 b_n=  -3.7397914189438426E-006  -0.4167033519431390      
   0.9603156882825522     
 b_para_n=   0.9825857682059451     
 dxdt=  -1.3865059973272585E-002   -1483.863672624633      
    3420.142327177549     
 dudt=   -8343.247794869296     
 ---------------------
 rk4
 istep=     17000001
 grad_b=   -1.255324779287555        6.8691823164280005E-002 
  -0.1660096024914832     
 bsub=   3.0458200359517244E-002  -0.1219302395907828      
    1.334741125149790     
 bsup=    0.000000000000000       -0.8734137033362852      
   0.8622331526773205     
 b_abs=    1.121469583668123     
 g=  -2.0978257951202166E-002
 j=    0.000000000000000         1418.408529774144      
   -374.6541843504623     
 v_perp_2=    1145775.889687377     
 b_n=   9.8557009962665904E-005  -0.8711092286329809      
   0.8624413996776570     
 b_para_n=    1.121469559193086     
 dxdt=   0.3202225678974777        -2702.086350868123      
    2675.565255542198     
 dudt=    92529.76272555492     
 ---------------------
 rk4
 istep=     18000001
 grad_b=  -0.6426155835873106        6.9492640094530017E-002 
   7.2971003852281779E-002
 bsub=  -3.8097660013485267E-002  -7.3135651315746980E-002 
   0.8542728213954249     
 bsup=    0.000000000000000       -0.4494440002092867      
    1.135586461871338     
 b_abs=    1.001360099234419     
 g=  -9.5223156248898481E-003
 j=    0.000000000000000        -69.00064500961480      
   -135.8018042665003     
 v_perp_2=    1023061.847551211     
 b_n=   2.4788651533154486E-004  -0.4473514570055823      
    1.135776656746070     
 b_para_n=    1.001360094147298     
 dxdt=   0.9018223329530547        -1561.825237059240      
    3966.108207084644     
 dudt=   -26339.55851478538     
 ---------------------
 rk4
 istep=     19000001
 grad_b=  -0.5807744794587855       -4.0204497677031915E-002 
   4.6556629564197385E-002
 bsub=  -3.5272910217597861E-002  -0.2393458212985251      
    1.516303600058040     
 bsup=    0.000000000000000        -1.260572353319994      
   0.9001825916970065     
 b_abs=    1.291058535989669     
 g=  -1.7792505513436682E-002
 j=    0.000000000000000         447.9465308137991      
    11.31800021609206     
 v_perp_2=    1319036.827116288     
 b_n=  -6.0701718129221982E-005   -1.259501340544434      
   0.9003502349966641     
 b_para_n=    1.291058533536381     
 dxdt=  -0.1713797949651223        -3369.535526851899      
    2408.838990535794     
 dudt=   -36635.27115385621     
 ---------------------
 rk4
 istep=     20000001
 grad_b=  -0.1008997951787157        2.1260723409648324E-003 
   6.9814805213533310E-002
 bsub=  -3.5203710118618281E-002   4.7886190684872168E-004 
   0.9597343807935368     
 bsup=    0.000000000000000        3.3172584496934499E-002 
    1.065152640586370     
 b_abs=    1.010938256967036     
 g=  -1.4329630775394130E-002
 j=    0.000000000000000        -649.1405026716291      
    174.5723177673985     
 v_perp_2=    1032844.374556113     
 b_n=   5.0113153856212445E-006   3.3408208432169177E-002 
    1.065152714759857     
 b_para_n=    1.010938264486069     
 dxdt=   1.8058949010993006E-002    115.5428500839630      
    3682.750504401403     
 dudt=   -37611.97578278007     
 ---------------------
 rk4
 istep=     21000001
 grad_b=   0.4922571986707568        6.2883089774087741E-002 
   0.1787694770966026     
 bsub=   1.0548438752119790E-002   0.1858122300859023      
    2.033753172370451     
 bsup=    0.000000000000000        -1.206167828767983      
    1.075586005245068     
 b_abs=    1.401002472023161     
 g=  -7.5866728011689862E-003
 j=    0.000000000000000        -97.26414507818822      
   -132.7575696391247     
 v_perp_2=    1431358.576088815     
 b_n=   2.2864862351884029E-004   -1.208581194321278      
    1.075805309958494     
 b_para_n=    1.401002465390179     
 dxdt=   0.5950407260021173        -2966.014177095771      
    2639.878404780969     
 dudt=   -42454.27894949196     
 ---------------------
 rk4
 istep=     22000001
 grad_b=   0.7575225370032141       -6.5145790154600390E-003 
  -0.1604243131021801     
 bsub=  -1.3480698214685859E-002   6.9184797872913179E-002 
    1.261982944710171     
 bsup=    0.000000000000000        0.2441344776812999      
    1.093333519228884     
 b_abs=    1.181571429950334     
 g=  -9.2808341131738990E-003
 j=    0.000000000000000        -1725.545117340979      
    172.5016972063398     
 v_perp_2=    1207171.211792345     
 b_n=   8.0628683635149529E-006   0.2414619021240762      
    1.093480125084015     
 b_para_n=    1.181571433162960     
 dxdt=   2.4867537702384042E-002    708.7807401680377      
    3211.575125390238     
 dudt=    76517.88919484844     
 ---------------------
 rk4
 istep=     23000001
 grad_b=  -0.9946026014746453       -0.1053928361643214      
   0.1080602182283802     
 bsub=   4.4955838119003903E-004  -8.6775958356185665E-002 
    1.197667456816464     
 bsup=    0.000000000000000       -0.6920007253616840      
   0.8764775023092761     
 b_abs=    1.053393363405041     
 g=  -2.0488874803719137E-002
 j=    0.000000000000000        -69.70937420162640      
    302.1002515367324     
 v_perp_2=    1076214.379873269     
 b_n=  -1.8760018949298330E-004  -0.6900881751759566      
   0.8766161582691362     
 b_para_n=    1.053393378611430     
 dxdt=  -0.6488436182497080        -2285.459976416885      
    2903.586364528971     
 dudt=   -81297.12741444254     
 ---------------------
 rk4
 istep=     24000001
 grad_b=  -0.7778467655370297       -0.1382414435580616      
  -0.2072992748674962     
 bsub=   4.2201834797607932E-002  -6.5955202487495479E-002 
    1.160429159002256     
 bsup=    0.000000000000000       -0.7283344762029473      
   0.9412898758725869     
 b_abs=    1.068323073656446     
 g=  -1.3985931571041268E-002
 j=    0.000000000000000         518.7282734248289      
   -413.1796840318624     
 v_perp_2=    1091465.629819555     
 b_n=  -3.9784957672445447E-004  -0.7262916656684733      
   0.9414204326775025     
 b_para_n=    1.068323053024835     
 dxdt=   -1.356829672929189        -2370.250480633144      
    3072.729551014333     
 dudt=    45158.95444722920     
 ---------------------
 rk4
 istep=     25000001
 grad_b=  -0.8568837904433081        1.7323426614892667E-002 
   3.5237335312567508E-002
 bsub=   4.2657826289846656E-003  -9.0736936844169072E-002 
   0.9549817828785780     
 bsup=    0.000000000000000       -0.4738084764367452      
   0.9718687586814238     
 b_abs=   0.9858076644801758     
 g=  -1.5901829882790139E-002
 j=    0.000000000000000         504.4947824224246      
    287.5865718001094     
 v_perp_2=    1007161.523943577     
 b_n=   4.6759795825297349E-005  -0.4718697878652021      
   0.9720527641541303     
 b_para_n=   0.9858076753129511     
 dxdt=   0.1727935557689256        -1674.548142798873      
    3450.182639205917     
 dudt=   -13492.53275758829     
 ---------------------
 rk4
 istep=     26000001
 grad_b=  -0.9649141472607971        0.1411008990973939      
  -0.1349560025196826     
 bsub=   1.5292062693816442E-002  -0.1490555360783838      
    1.350234000149906     
 bsup=    0.000000000000000       -0.8645946159986400      
   0.8697041349227016     
 b_abs=    1.141471161018756     
 g=  -1.9958137430926542E-002
 j=    0.000000000000000        -186.6991461866876      
    270.4278292341619     
 v_perp_2=    1166194.773785649     
 b_n=   2.3830127235435940E-004  -0.8627755191015782      
   0.8699022621197615     
 b_para_n=    1.141471174801541     
 dxdt=   0.7607291349386565        -2627.184268896876      
    2649.184115313682     
 dudt=    107121.4967780804     
 ---------------------
 rk4
 istep=     27000001
 grad_b=   0.4595379728407468        2.4801783320230718E-002 
   0.1366383010250820     
 bsub=  -1.8362150281829290E-002   5.2840747649045644E-002 
    1.093454353138775     
 bsup=    0.000000000000000        0.2359890370047794      
    1.103051083573471     
 b_abs=    1.103546906362300     
 g=  -1.0909543881579772E-002
 j=    0.000000000000000        -117.9768037326228      
   -24.35149351670410     
 v_perp_2=    1127447.284007300     
 b_n=   5.4556748736421107E-005   0.2346045401760513      
    1.103118903746808     
 b_para_n=    1.103546905127191     
 dxdt=   0.1801336162961629         739.9859229252506      
    3480.405226763209     
 dudt=   -72476.58336891067     
 ---------------------
 rk4
 istep=     28000001
 grad_b=   0.4161192575482143        1.4474424007415426E-002 
   2.1667278460525255E-002
 bsub=  -1.9414237568279612E-002   0.1862038480607753      
    2.147415669804593     
 bsup=    0.000000000000000        -1.485534363194909      
    1.078022020354404     
 b_abs=    1.427970173917837     
 g=  -7.4030139145708444E-003
 j=    0.000000000000000         1024.354927929155      
    171.4502816571687     
 v_perp_2=    1458894.550357339     
 b_n=   6.4366988728173106E-005   -1.487661809265541      
    1.078207082778686     
 b_para_n=    1.427970186291268     
 dxdt=   0.1643577893358842        -3577.673929813465      
    2592.775493826051     
 dudt=   -663.7859601189233     
 ---------------------
 rk4
 istep=     29000001
 grad_b=   0.2243371489245348        2.8496311382133419E-002 
  -0.1276829692699608     
 bsub=   1.2675879231571260E-002   4.1409099328195094E-002 
    1.059279584530300     
 bsup=    0.000000000000000        0.4715221759076212      
    1.038773053072697     
 b_abs=    1.058160200233903     
 g=  -1.3026773454013622E-002
 j=    0.000000000000000        -967.7281910859174      
    202.5432724300815     
 v_perp_2=    1081074.183153023     
 b_n=   8.8752025931180970E-005   0.4709235259820830      
    1.038795400436241     
 b_para_n=    1.058160207379989     
 dxdt=   0.3055821346038831         1552.389014711074      
    3424.562754531911     
 dudt=    57542.50037001900     
 ---------------------
 Elapsed time (seconds):     152.8351500000000     

real	2m32.846s
user	2m32.603s
sys	0m0.017s
>>> [PID 3867088] DONE  u=3500, v_perp=1000, out=bounce/dat239.dat
