>>> [PID 3864052] START u=5000, v_perp=0, out=bounce/dat221.dat, dt=5.00E-09, steps=30000000
 outer boundary:   8.3000000000000462E-002
 rk4
 istep=            1
 grad_b=  -0.5028813664454926        4.9309410993818859E-003 
  -7.9811849655945510E-003
 bsub=   8.6926565049291402E-003   4.2252186531034998E-002 
    1.020727668895212     
 bsup=    0.000000000000000        0.5002952340063924      
   0.9181487446037846     
 b_abs=   0.9787595728454626     
 g=  -1.6418821010742952E-002
 j=    0.000000000000000         576.0999131349215      
    59.08093208235707     
 v_perp_2=    0.000000000000000     
 b_n=   1.7859802809603280E-005   0.5020020982528156      
   0.9180779438279276     
 b_para_n=   0.9787595786535872     
 dxdt=   9.1236924772536018E-002    2564.481151455936      
    4690.007453571309     
 dudt=    0.000000000000000     
 ---------------------
 rk4
 istep=      1000001
 grad_b=  -0.5384664367220334        0.1439024254981288      
  -0.1039604656858602     
 bsub=   3.1515441541115794E-004  -0.2266436893776554      
    1.474971041522811     
 bsup=    0.000000000000000        -1.152549236975490      
   0.8911648664766154     
 b_abs=    1.255113933561120     
 g=  -1.7483888604793236E-002
 j=    0.000000000000000        -261.5799369768819      
   -137.7986711151345     
 v_perp_2=    0.000000000000000     
 b_n=   3.5835280329023434E-004   -1.151040955624002      
   0.8913965469398075     
 b_para_n=    1.255113927554050     
 dxdt=    1.427570818167032        -4585.404282251638      
    3551.058303834417     
 dudt=    0.000000000000000     
 ---------------------
 rk4
 istep=      2000001
 grad_b=  -0.3451203270625568       -8.4601843357783955E-003 
  -3.9492848339697323E-002
 bsub=   3.4801612687329439E-002  -3.8012985182789852E-002 
   0.9184317599756595     
 bsup=    0.000000000000000       -0.2039643785501353      
    1.063238058687559     
 b_abs=   0.9923648834890121     
 g=  -1.4612017109581460E-002
 j=    0.000000000000000         611.5804928285888      
   -227.4370037375408     
 v_perp_2=    0.000000000000000     
 b_n=  -3.3702035042355679E-005  -0.2028171260849494      
    1.063286802646678     
 b_para_n=   0.9923648679947433     
 dxdt=  -0.1698066715645470        -1021.887879277603      
    5357.337996029858     
 dudt=    0.000000000000000     
 ---------------------
 rk4
 istep=      3000001
 grad_b=   0.5417311096941667       -3.1741031085015751E-003 
  -0.1139032968566974     
 bsub=  -5.0556139930435659E-002   0.1729256077296547      
    1.979643136801727     
 bsup=    0.000000000000000       -0.9849445117367220      
    1.074975700377121     
 b_abs=    1.399202437689105     
 g=  -9.4334153115788362E-003
 j=    0.000000000000000         90.25846201387253      
    121.1795824864925     
 v_perp_2=    0.000000000000000     
 b_n=   3.7989968755849132E-005  -0.9879656331471335      
    1.075240577351802     
 b_para_n=    1.399202446267512     
 dxdt=   0.1357557973729623        -3530.459926591085      
    3842.333824601632     
 dudt=    0.000000000000000     
 ---------------------
 rk4
 istep=      4000001
 grad_b=  -0.2880926523474538        0.1210542815198820      
   0.1487464261708625     
 bsub=  -5.5136098731924169E-002  -1.8759212356057195E-002 
    1.006591825214305     
 bsup=    0.000000000000000       -0.6030243814913794      
    1.105099131364705     
 b_abs=    1.059530094373278     
 g=  -9.2473844391297993E-003
 j=    0.000000000000000        -489.5379490713051      
    82.27681352645700     
 v_perp_2=    0.000000000000000     
 b_n=   6.2804024100975172E-004  -0.6016045466228309      
    1.105159998519326     
 b_para_n=    1.059530099760308     
 dxdt=    2.963767811560190        -2839.015837109907      
    5215.330828115881     
 dudt=   -0.000000000000000     
 ---------------------
 rk4
 istep=      5000001
 grad_b=   0.4623123792678240       -7.2089894052603590E-002 
  -0.1944655710982399     
 bsub=   3.3342409800318003E-002   0.1337603209514123      
    1.781208740564749     
 bsup=    0.000000000000000        -1.323612867053984      
    1.080196800594113     
 b_abs=    1.322186308288671     
 g=  -7.9335816074695403E-003
 j=    0.000000000000000         222.9373344126882      
   -198.9725967496012     
 v_perp_2=    0.000000000000000     
 b_n=  -3.8618210624526941E-004   -1.326743029056139      
    1.080439080776848     
 b_para_n=    1.322186296083941     
 dxdt=   -1.460392182966447        -5017.231811378226      
    4085.805018464113     
 dudt=    0.000000000000000     
 ---------------------
 rk4
 istep=      6000001
 grad_b=   0.7675104973451572        1.6131596997121744E-002 
   0.1596279831773179     
 bsub=   1.0901470144245268E-002   7.5685586905329227E-002 
    1.283166669384240     
 bsup=    0.000000000000000        8.5593882079349481E-002 
    1.104371293087829     
 b_abs=    1.192794944168505     
 g=  -8.9020585875557723E-003
 j=    0.000000000000000        -1289.030863875801      
    388.8261177268033     
 v_perp_2=    0.000000000000000     
 b_n=   3.5591835107200161E-005   8.1533645609799088E-002 
    1.104610494668204     
 b_para_n=    1.192794962711807     
 dxdt=   0.1491951098883017         341.7756117297527      
    4630.345236187465     
 dudt=   -0.000000000000000     
 ---------------------
 rk4
 istep=      7000001
 grad_b=   -1.230575262675464        5.0239705077319612E-002 
  -0.1306383560686573     
 bsub=   1.1683224716966768E-002  -8.9148094066517303E-002 
    1.202409152190148     
 bsup=    0.000000000000000       -0.7484424858289292      
   0.8697740685625497     
 b_abs=    1.054853133871239     
 g=  -2.0238851203853370E-002
 j=    0.000000000000000        -816.0573944713350      
   -251.9218438162245     
 v_perp_2=    0.000000000000000     
 b_n=   1.1326160668249360E-004  -0.7450092599184009      
   0.8700274997200905     
 b_para_n=    1.054853120274708     
 dxdt=   0.5368596087244720        -3531.341215184459      
    4123.927222652172     
 dudt=    0.000000000000000     
 ---------------------
 rk4
 istep=      8000001
 grad_b=  -0.6930892578560062       -5.3561195514214038E-002 
   5.1059493861740017E-002
 bsub=   2.0271726041376930E-002  -2.4719620456335301E-002 
    1.076831537872239     
 bsup=    0.000000000000000       -0.4238337656206232      
   0.9124267974478412     
 b_abs=   0.9965425625471147     
 g=  -1.9824996008016623E-002
 j=    0.000000000000000        -1096.184992928996      
    272.5614058672377     
 v_perp_2=    0.000000000000000     
 b_n=  -1.4988222968916699E-004  -0.4218481983089934      
   0.9124752191245512     
 b_para_n=   0.9965425837672472     
 dxdt=  -0.7520111640516385        -2116.558816354206      
    4578.204855406707     
 dudt=   -0.000000000000000     
 ---------------------
 rk4
 istep=      9000001
 grad_b=  -0.9341320334594767        0.1038202143776353      
  -9.7884018553090091E-002
 bsub=  -5.0634574635743832E-003  -7.6553193856882612E-002 
    1.175802441853080     
 bsup=    0.000000000000000       -0.6597098377317183      
   0.8821764194310052     
 b_abs=    1.042974534774547     
 g=  -2.0441055845063553E-002
 j=    0.000000000000000         765.4969359718390      
    312.3631229770122     
 v_perp_2=    0.000000000000000     
 b_n=   2.6953780178356069E-004  -0.6571248270187818      
   0.8823458994951561     
 b_para_n=    1.042974553426825     
 dxdt=    1.292159050755170        -3150.243814001574      
    4229.949314660157     
 dudt=    0.000000000000000     
 ---------------------
 rk4
 istep=     10000001
 grad_b=   -1.008708375871571       -9.6683596295165999E-003 
   6.5988025628446273E-002
 bsub=   7.0484956639852601E-003  -7.1358898615379210E-002 
    1.059226205330501     
 bsup=    0.000000000000000       -0.5818761116291390      
   0.9077103905575463     
 b_abs=    1.001444850161586     
 g=  -1.8924457426065522E-002
 j=    0.000000000000000         1212.803926377902      
   -887.7309005079871     
 v_perp_2=    0.000000000000000     
 b_n=  -1.5246937713354380E-005  -0.5789300352327995      
   0.9079089022958485     
 b_para_n=    1.001444782859249     
 dxdt=  -7.6124704897969908E-002   -2890.474068774328      
    4532.995317543398     
 dudt=   -0.000000000000000     
 ---------------------
 rk4
 istep=     11000001
 grad_b=   0.7543247502565438       -1.3907764983531563E-002 
  -0.1608719515777707     
 bsub=  -3.6560396620605590E-002   9.9183090015702857E-002 
    1.515250322871162     
 bsup=    0.000000000000000       -0.4227236081290933      
    1.085489916627261     
 b_abs=    1.266278622306640     
 g=  -8.8922507935233520E-003
 j=    0.000000000000000         522.5148578046188      
   -134.8575859086550     
 v_perp_2=    0.000000000000000     
 b_n=  -1.8775596632284622E-005  -0.4268951398387884      
    1.085762512539908     
 b_para_n=    1.266278616054340     
 dxdt=  -7.4136909500961315E-002   -1685.628796168778      
    4287.218068654942     
 dudt=    0.000000000000000     
 ---------------------
 rk4
 istep=     12000001
 grad_b=   0.4711333058438579        0.1017021469982849      
   0.1981631370178918     
 bsub=  -4.3401372215457562E-002   9.1878057246249090E-002 
    1.500952060132254     
 bsup=    0.000000000000000       -0.8833722073298593      
    1.092472951161291     
 b_abs=    1.247612738788891     
 g=  -8.3222853612609192E-003
 j=    0.000000000000000         172.7017556594055      
   -53.53134422267695     
 v_perp_2=    0.000000000000000     
 b_n=   5.4287903339142777E-004  -0.8862623789770713      
    1.092665563344918     
 b_para_n=    1.247612736065908     
 dxdt=    2.175671254780895        -3551.832845870581      
    4379.025364835629     
 dudt=   -0.000000000000000     
 ---------------------
 rk4
 istep=     13000001
 grad_b=   0.4046299336246817       -0.1089570952663960      
  -0.1912560219224341     
 bsub=   4.3718227572317664E-002   6.7064664010977298E-002 
    1.280516708343066     
 bsup=    0.000000000000000       -0.6055768412123488      
    1.117282523477598     
 b_abs=    1.179643826862310     
 g=  -8.0477112824498039E-003
 j=    0.000000000000000         400.3359606528688      
   -377.9643749934679     
 v_perp_2=    0.000000000000000     
 b_n=  -5.9176766743446695E-004  -0.6080359854583770      
    1.117431500247816     
 b_para_n=    1.179643805268715     
 dxdt=   -2.508247255618259        -2577.201621127788      
    4736.308940279105     
 dudt=    0.000000000000000     
 ---------------------
 rk4
 istep=     14000001
 grad_b=   0.6977809515104719        3.5157760147722997E-002 
   0.1836888445129636     
 bsub=   4.3876360201779367E-002   0.1479024117476674      
    1.774838899644185     
 bsup=    0.000000000000000       -0.7850770705325418      
    1.078340823739463     
 b_abs=    1.340602614059622     
 g=  -9.1405576991862771E-003
 j=    0.000000000000000        -942.5421007863040      
    424.2148058085712     
 v_perp_2=    0.000000000000000     
 b_n=   1.1218188457376493E-004  -0.7889948612229464      
    1.078664548129602     
 b_para_n=    1.340602636498280     
 dxdt=   0.4184009546139247        -2942.687265198284      
    4023.058431941945     
 dudt=   -0.000000000000000     
 ---------------------
 rk4
 istep=     15000001
 grad_b=  -0.6689908935123881       -1.5565259043086900E-003 
  -5.4771021666800354E-003
 bsub=  -2.2888074976470316E-002  -6.3590973134512410E-002 
   0.9492521511894095     
 bsup=    0.000000000000000       -0.4019667834830029      
   0.9901881369863981     
 b_abs=   0.9826134409727417     
 g=  -1.6836480231850488E-002
 j=    0.000000000000000        -368.1017498532404      
    51.04543664472300     
 v_perp_2=    0.000000000000000     
 b_n=  -5.8750289713125821E-006  -0.3999230135589339      
   0.9903249137715113     
 b_para_n=   0.9826134458650730     
 dxdt=  -2.9894914404210729E-002   -2034.996647164999      
    5039.239580624959     
 dudt=    0.000000000000000     
 ---------------------
 rk4
 istep=     16000001
 grad_b=  -0.7536570268760509       -0.1705570831212384      
   0.1204085913254585     
 bsub=  -2.7005623032991051E-003  -0.1581658738117089      
    1.350562873842886     
 bsup=    0.000000000000000       -0.8736739002034117      
   0.8766452768346505     
 b_abs=    1.149772611199556     
 g=  -1.9655527417592477E-002
 j=    0.000000000000000        -176.1087608632529      
   -122.1140852936310     
 v_perp_2=    0.000000000000000     
 b_n=  -4.2536775362402853E-004  -0.8716255440836236      
   0.8768843056674192     
 b_para_n=    1.149772604384184     
 dxdt=   -1.849790784725884        -3790.425779671732      
    3813.294482421056     
 dudt=   -0.000000000000000     
 ---------------------
 rk4
 istep=     17000001
 grad_b=  -0.4758475889934181       -9.4912912432323915E-004 
   3.5386330252348552E-003
 bsub=  -2.6304260407341958E-002   9.6986706199421666E-003 
    1.009898950562384     
 bsup=    0.000000000000000       -0.1008909416059497      
   0.9511268056492143     
 b_abs=   0.9798198996382497     
 g=  -1.7891983649967646E-002
 j=    0.000000000000000         274.9797472033457      
   -296.7996057196993     
 v_perp_2=    0.000000000000000     
 b_n=  -3.0234074010584844E-006  -9.9427812801655829E-002 
   0.9511126558552844     
 b_para_n=   0.9798198792985959     
 dxdt=  -1.5428383649568278E-002   -507.3780135632236      
    4853.507649467871     
 dudt=   -0.000000000000000     
 ---------------------
 rk4
 istep=     18000001
 grad_b=   -1.112156678549768       -0.1152001447821317      
   0.1524652969403298     
 bsub=  -2.7742932273789496E-002  -0.1493274672597781      
    1.377811885436695     
 bsup=    0.000000000000000       -0.9123323272851827      
   0.8684814282676993     
 b_abs=    1.154587846347507     
 g=  -2.0260062822277592E-002
 j=    0.000000000000000         702.3056109577205      
    139.8541767070403     
 v_perp_2=    0.000000000000000     
 b_n=  -2.6331332415068063E-004  -0.9093727276295475      
   0.8687968918234985     
 b_para_n=    1.154587850677747     
 dxdt=   -1.140291420856866        -3938.083737394875      
    3762.368066290979     
 dudt=   -0.000000000000000     
 ---------------------
 rk4
 istep=     19000001
 grad_b=   0.5102126834198025       -1.8350854111616050E-002 
  -0.1396488036100330     
 bsub=   1.4381640982253648E-002   5.4440913891804749E-002 
    1.106288774932071     
 bsup=    0.000000000000000        0.2891408518959959      
    1.097332345633065     
 b_abs=    1.108561813991232     
 g=  -1.0882401794552795E-002
 j=    0.000000000000000         239.5653870808856      
   -206.7919977125860     
 v_perp_2=    0.000000000000000     
 b_n=  -4.9668644895650708E-005   0.2869253029108640      
    1.097442007811025     
 b_para_n=    1.108561802452289     
 dxdt=  -0.2240228951862535         1294.133093329331      
    4949.845851549880     
 dudt=    0.000000000000000     
 ---------------------
 rk4
 istep=     20000001
 grad_b=   0.3769149583151523        8.4280270815232927E-002 
   0.2170299588317842     
 bsub=  -4.1466271715404471E-002   0.1357239125664487      
    1.969062967940553     
 bsup=    0.000000000000000        -1.659189643326449      
    1.070299246381923     
 b_abs=    1.371750311301756     
 g=  -8.4820810925147067E-003
 j=    0.000000000000000        -1010.157380320273      
    215.4343453073409     
 v_perp_2=    0.000000000000000     
 b_n=   4.4733923404699359E-004   -1.661651483733158      
    1.070478363995469     
 b_para_n=    1.371750321330840     
 dxdt=    1.630541750531523        -6056.683413498538      
    3901.870286995508     
 dudt=   -0.000000000000000     
 ---------------------
 rk4
 istep=     21000001
 grad_b=  -0.5156197385206733       -7.8378106712855347E-002 
  -8.1761477826979873E-002
 bsub=   4.2702932705301962E-002  -5.1648973197837261E-002 
   0.8717576338314124     
 bsup=    0.000000000000000       -0.3209758701925737      
    1.153990447537270     
 b_abs=    1.010991967806018     
 g=  -9.2253621576779757E-003
 j=    0.000000000000000        -107.1634361691601      
    112.9336510702911     
 v_perp_2=    0.000000000000000     
 b_n=  -4.0245994685028403E-004  -0.3185017254265866      
    1.154156755249377     
 b_para_n=    1.010991974493372     
 dxdt=   -1.990421076546947        -1575.194133396530      
    5708.041133698158     
 dudt=    0.000000000000000     
 ---------------------
 rk4
 istep=     22000001
 grad_b=   0.4171655325206634       -3.2838924017316681E-002 
  -4.4137839736511641E-002
 bsub=   3.2014338803127582E-002   0.1776110343670536      
    2.111284285894690     
 bsup=    0.000000000000000        -1.391336274322008      
    1.077046042658377     
 b_abs=    1.424338163623859     
 g=  -8.1293888596052390E-003
 j=    0.000000000000000        -294.1533256394757      
    64.58401965738351     
 v_perp_2=    0.000000000000000     
 b_n=  -1.9503274706842645E-004   -1.394134197253956      
    1.077284376129356     
 b_para_n=    1.424338166349066     
 dxdt=  -0.6846434072898011        -4893.971916892005      
    3781.701570529084     
 dudt=    0.000000000000000     
 ---------------------
 rk4
 istep=     23000001
 grad_b=   2.0819579067094474E-002   2.7438388056438570E-002 
   8.9236964923552292E-002
 bsub=  -3.6928471542421723E-002   5.7138398727821157E-003 
   0.9642928928649288     
 bsup=    0.000000000000000        9.8929838132634673E-002 
    1.100677286742214     
 b_abs=    1.030292058734587     
 g=  -1.2814435410534578E-002
 j=    0.000000000000000         304.7939989745149      
    2.796463253178530     
 v_perp_2=    0.000000000000000     
 b_n=   9.9784433967593108E-005   9.8839983616960114E-002 
    1.100681640797010     
 b_para_n=    1.030292059009413     
 dxdt=   0.4842531449943044         479.6697341916382      
    5341.600137417708     
 dudt=   -0.000000000000000     
 ---------------------
 rk4
 istep=     24000001
 grad_b=  -0.6806110350717577        9.3355636826736990E-002 
  -8.9021240518581624E-002
 bsub=   2.9910705514635129E-002  -0.2305779989944021      
    1.505839758497008     
 bsup=    0.000000000000000        -1.218731445471278      
   0.8951937130913369     
 b_abs=    1.276429170926764     
 g=  -1.7748932003846762E-002
 j=    0.000000000000000         262.2908874045053      
   -208.5649335895626     
 v_perp_2=    0.000000000000000     
 b_n=   2.1715568544311177E-004   -1.216882381658036      
   0.8954725202248065     
 b_para_n=    1.276429155816030     
 dxdt=   0.8506374382536046        -4766.744695987746      
    3507.725110103445     
 dudt=    0.000000000000000     
 ---------------------
 rk4
 istep=     25000001
 grad_b=  -0.4242657581125794       -3.0295588337642267E-002 
   5.1885365598938520E-002
 bsub=  -1.3374897677705614E-003   4.1368142016055001E-002 
    1.022870335629033     
 bsup=    0.000000000000000        0.9085100840772209      
   0.9141355703243336     
 b_abs=   0.9861316721103550     
 g=  -1.4731693128332973E-002
 j=    0.000000000000000        -254.8212263954233      
   -38.04553041238319     
 v_perp_2=    0.000000000000000     
 b_n=  -1.2098431810015251E-004   0.9100943511632081      
   0.9140713360852187     
 b_para_n=   0.9861316687673630     
 dxdt=  -0.6134288246283557         4614.466708592781      
    4634.631282188627     
 dudt=   -0.000000000000000     
 ---------------------
 rk4
 istep=     26000001
 grad_b=  -0.5106815164045152        0.1144530300143914      
  -8.5245735879932324E-002
 bsub=   2.8942393126074909E-004  -0.2358533297840922      
    1.493825218178483     
 bsup=    0.000000000000000        -1.202088568374143      
   0.8950094879319602     
 b_abs=    1.272933036349279     
 g=  -1.7098666450367648E-002
 j=    0.000000000000000        -222.5170408422039      
   -150.1711461646508     
 v_perp_2=    0.000000000000000     
 b_n=   2.8483166996318170E-004   -1.200648359503239      
   0.8952368148927292     
 b_para_n=    1.272933029378043     
 dxdt=    1.118800688604768        -4716.070412949682      
    3516.433285300733     
 dudt=    0.000000000000000     
 ---------------------
 rk4
 istep=     27000001
 grad_b=  -0.2696246867366101       -1.0190211819960871E-002 
  -4.8068196729437088E-002
 bsub=   3.6536312514755948E-002  -2.7551456323343874E-002 
   0.9251716038077099     
 bsup=    0.000000000000000       -0.1309749512527956      
    1.071817178238426     
 b_abs=   0.9979570167809489     
 g=  -1.4309474726032473E-002
 j=    0.000000000000000        -52.59908895912594      
   -117.2112452807557     
 v_perp_2=    0.000000000000000     
 b_n=  -3.9464814747502009E-005  -0.1300658109572543      
    1.071845803188325     
 b_para_n=   0.9979570097193797     
 dxdt=  -0.1977280301813768        -651.6603906305951      
    5370.200282924625     
 dudt=    0.000000000000000     
 ---------------------
 rk4
 istep=     28000001
 grad_b=   0.4422126787256294        2.7139354431377022E-002 
  -5.7206412786888768E-002
 bsub=  -5.9619837925568950E-002   0.1647647015503562      
    1.997674379022295     
 bsup=    0.000000000000000        -1.025770690739937      
    1.072069410043185     
 b_abs=    1.404484232972773     
 g=  -9.9671350917322123E-003
 j=    0.000000000000000        -15.91940533669771      
    15.36330172375349     
 v_perp_2=    0.000000000000000     
 b_n=   1.6931702815021693E-004   -1.028111890071716      
    1.072267561944577     
 b_para_n=    1.404484233908077     
 dxdt=   0.6027729755252587        -3660.104774586619      
    3817.300102262156     
 dudt=    0.000000000000000     
 ---------------------
 rk4
 istep=     29000001
 grad_b=  -0.6568352106364512        8.7789572288213158E-002 
   9.4751750378217287E-002
 bsub=  -4.1855844191084741E-002  -7.2727884855188912E-002 
   0.8956343717450309     
 bsup=    0.000000000000000       -0.5703055284370133      
    1.093943376391512     
 b_abs=    1.011418625334280     
 g=  -1.0164225043486968E-002
 j=    0.000000000000000         917.4284122199094      
   -201.2696159683790     
 v_perp_2=    0.000000000000000     
 b_n=   4.3021950042397084E-004  -0.5673659264243736      
    1.094202167470516     
 b_para_n=    1.011418609463882     
 dxdt=    2.126812263480178        -2804.802685631394      
    5409.244783673274     
 dudt=   -0.000000000000000     
 ---------------------
 Elapsed time (seconds):     153.6640750000000     

real	2m33.674s
user	2m33.408s
sys	0m0.019s
>>> [PID 3864052] DONE  u=5000, v_perp=0, out=bounce/dat221.dat
