>>> [PID 3872093] START u=9500, v_perp=2000, out=bounce/dat272.dat, dt=5.00E-09, steps=30000000
 outer boundary:   8.3000000000000462E-002
 rk4
 istep=            1
 grad_b=  -0.5028801629356342        4.9297986399779864E-003 
  -7.9787613699357912E-003
 bsub=   8.6929706171099061E-003   4.2252009694810778E-002 
    1.020728358124481     
 bsup=    0.000000000000000        0.5002728119780248      
   0.9181489544544892     
 b_abs=   0.9787594611173571     
 g=  -1.6418934568254509E-002
 j=    0.000000000000000         576.0999284658726      
    59.06409280071280     
 v_perp_2=    3999999.035873517     
 b_n=   3.3925395675378771E-005   0.5035158269199090      
   0.9180144348133917     
 b_para_n=   0.9787594721505478     
 dxdt=   0.3365826421468420         4887.904783476330      
    8910.369813982346     
 dudt=    10145.30038961270     
 ---------------------
 rk4
 istep=      1000001
 grad_b=   0.6803939735638758       -5.4237290063238207E-002 
  -0.1698565405465280     
 bsub=  -1.4757384783208259E-002   0.1380284539010285      
    1.653143414217100     
 bsup=    0.000000000000000       -0.7171594691740498      
    1.093958343192830     
 b_abs=    1.307710793706735     
 g=  -8.3105063542008393E-003
 j=    0.000000000000000        -173.3955878742322      
   -88.24487749708425     
 v_perp_2=    5344299.070224291     
 b_n=  -4.5959967333255441E-004  -0.7249490359272986      
    1.094604616988831     
 b_para_n=    1.307710781397711     
 dxdt=   -3.413451202398634        -5228.785318259131      
    7892.563475518306     
 dudt=    229571.3245515824     
 ---------------------
 rk4
 istep=      2000001
 grad_b=  -0.4191849241034306       -0.1911169173882448      
   0.1068235331958068     
 bsub=   1.6849376145833789E-002  -0.1876119177088803      
    1.401483704012469     
 bsup=    0.000000000000000       -0.9863949265492944      
   0.8905549180314084     
 b_abs=    1.197335671100205     
 g=  -1.9155035093196424E-002
 j=    0.000000000000000         311.8555258814472      
   -2.118876533488191     
 v_perp_2=    4893163.923001911     
 b_n=  -8.9239497842981711E-004  -0.9842727847800746      
   0.8908497263147538     
 b_para_n=    1.197335665771107     
 dxdt=   -7.238291183384205        -7770.300447267936      
    7033.254910986341     
 dudt=   -484066.5739881826     
 ---------------------
 rk4
 istep=      3000001
 grad_b=  -0.1211933027945528       -2.6460363485813036E-002 
  -6.9130382679706462E-002
 bsub=   3.9567467594987665E-002  -1.2884095965596976E-002 
   0.9359352543009203     
 bsup=    0.000000000000000        1.2168871503664080E-002 
    1.103117613746336     
 b_abs=    1.015680325309834     
 g=  -1.2915822922972648E-002
 j=    0.000000000000000        -352.2892646919975      
    123.2135184861858     
 v_perp_2=    4150745.749035814     
 b_n=  -1.9120867523801291E-004   1.2993809390124150E-002 
    1.103137069096161     
 b_para_n=    1.015680339808323     
 dxdt=   -1.828105992331231         121.6115204207275      
    10309.39564717774     
 dudt=    154065.0921281190     
 ---------------------
 rk4
 istep=      4000001
 grad_b=   -1.258905469498353       -1.6813143952983084E-002 
  -0.1535635041983991     
 bsub=   1.9186285811531756E-002  -8.4257131852310041E-002 
    1.183106867505022     
 bsup=    0.000000000000000       -0.7876120479191602      
   0.8771172558568663     
 b_abs=    1.050694013690147     
 g=  -1.8945037068077739E-002
 j=    0.000000000000000        -356.3292537171355      
   -379.2592040557068     
 v_perp_2=    4293781.494153723     
 b_n=  -1.5575514985409627E-004  -0.7805599460960585      
   0.8776219681250234     
 b_para_n=    1.050693966401978     
 dxdt=   -1.439543940079947        -7044.529057189603      
    7922.327724262966     
 dudt=    236189.5520680423     
 ---------------------
 rk4
 istep=      5000001
 grad_b=   -1.248569563878634       -7.3043976216442819E-002 
   0.1485553564917158     
 bsub=  -2.2304741842133605E-002  -0.1088649893501534      
    1.290720029670958     
 bsup=    0.000000000000000       -0.8209492259727380      
   0.8689135890666209     
 b_abs=    1.100574363086388     
 g=  -2.0411378014835117E-002
 j=    0.000000000000000         268.7638341823334      
   -62.41313286679259     
 v_perp_2=    4497577.724594467     
 b_n=  -3.1311040328491785E-004  -0.8145021709783973      
   0.8694519415235823     
 b_para_n=    1.100574351794682     
 dxdt=   -2.762793890001295        -7009.867514765673      
    7484.383295255449     
 dudt=   -350975.5451181034     
 ---------------------
 rk4
 istep=      6000001
 grad_b=  -1.7766951401551712E-002   5.5687982695191103E-002 
   9.4075182233218133E-002
 bsub=  -4.1918622003240147E-002  -2.1571078855398204E-003 
   0.9506161516465463     
 bsup=    0.000000000000000        1.6706060039776816E-002 
    1.132727418859038     
 b_abs=    1.037573303658707     
 g=  -1.1098494433856236E-002
 j=    0.000000000000000         321.3432907891565      
   -57.08561151626563     
 v_perp_2=    4240066.662897564     
 b_n=   4.4143655432747169E-004   1.6813640451801427E-002 
    1.132747121730696     
 b_para_n=    1.037573297291366     
 dxdt=    4.131475232423547         153.7636256363951      
    10357.61058934593     
 dudt=   -211679.4289616748     
 ---------------------
 rk4
 istep=      7000001
 grad_b=   -1.035634685166813        0.1174652264614120      
  -0.1256040323418385     
 bsub=   7.9078353296557994E-003  -0.1104091092565477      
    1.268992093098749     
 bsup=    0.000000000000000       -0.7680346704275447      
   0.8744914176041372     
 b_abs=    1.092839346790365     
 g=  -2.0188114706430938E-002
 j=    0.000000000000000        -1108.535331577487      
    368.0525002488541     
 v_perp_2=    4465862.563046862     
 b_n=   5.5583668512747058E-004  -0.7626356521251400      
   0.8749577503168724     
 b_para_n=    1.092839408271097     
 dxdt=    4.939233183573952        -6611.257773680531      
    7586.409798207073     
 dudt=    374041.6103682609     
 ---------------------
 rk4
 istep=      8000001
 grad_b=   0.4857825040628614        6.7132449512703085E-002 
   0.1823428686815294     
 bsub=  -1.6712423404383867E-002   0.1442640382229500      
    1.761655198526793     
 bsup=    0.000000000000000        -1.100178875186017      
    1.083035673060369     
 b_abs=    1.322877778722796     
 g=  -7.6394141391925947E-003
 j=    0.000000000000000        -210.1450916918609      
    384.0721503521373     
 v_perp_2=    5405845.912506407     
 b_n=   6.7827251730024696E-004   -1.106513475682007      
    1.083560890006371     
 b_para_n=    1.322877824484926     
 dxdt=    4.979829750955528        -7885.459984907804      
    7720.659812548684     
 dudt=   -190942.6883692876     
 ---------------------
 rk4
 istep=      9000001
 grad_b=   3.4956808170949621E-002  -2.7853839912199661E-002 
   9.5552945012811849E-002
 bsub=  -2.3133823915231659E-002   3.0239888962821981E-002 
    1.015652980921857     
 bsup=    0.000000000000000        0.2898304276686954      
    1.032702680900152     
 b_abs=    1.028550853226938     
 g=  -1.4134115021967595E-002
 j=    0.000000000000000         889.8390500126902      
   -304.2102445114127     
 v_perp_2=    4203053.840844613     
 b_n=  -2.0700353165814024E-004   0.2895801444248163      
    1.032705384130114     
 b_para_n=    1.028550819965886     
 dxdt=   -1.954364695855183         2671.583521325817      
    9527.637120987001     
 dudt=   -179983.7586778906     
 ---------------------
 rk4
 istep=     10000001
 grad_b=   0.6927997872178295       -2.8921904706129768E-002 
  -0.1765559541779022     
 bsub=  -5.1699556772871767E-002   0.1540749348457021      
    1.852815295063604     
 bsup=    0.000000000000000       -0.8646209511968225      
    1.073038690453375     
 b_abs=    1.361759405457231     
 g=  -9.4594853879617843E-003
 j=    0.000000000000000        -444.8016514157333      
    280.5571957473686     
 v_perp_2=    5564608.178843532     
 b_n=  -1.4818234853847511E-004  -0.8717790422795663      
    1.073629824651623     
 b_para_n=    1.361759435586267     
 dxdt=   -1.056909569973759        -6030.369654792736      
    7424.850615235632     
 dudt=    246732.2961921161     
 ---------------------
 rk4
 istep=     11000001
 grad_b=   0.5997961095984247       -7.7000884343992423E-002 
   0.1303341131902369     
 bsub=   9.7308898746385111E-002  -6.3703837830182061E-003 
    1.679958947039221     
 bsup=    0.000000000000000       -0.9439487194156992      
    1.007163578977331     
 b_abs=    1.303118757448724     
 g=  -1.3825974073688872E-002
 j=    0.000000000000000         338.1980327670802      
    575.6755259816806     
 v_perp_2=    5324920.671673424     
 b_n=  -5.4006088554356564E-004  -0.9481293597596313      
    1.007179062835756     
 b_para_n=    1.303118827895041     
 dxdt=   -4.025157653190288        -6862.036712926386      
    7288.446987406118     
 dudt=   -319773.1838593506     
 ---------------------
 rk4
 istep=     12000001
 grad_b=   0.1979661420880260       -9.8325520102896802E-003 
  -0.1037343004674388     
 bsub=   2.9939931449909987E-002   2.7754415189160744E-002 
    1.011390077942890     
 bsup=    0.000000000000000        0.2258490236387344      
    1.088930051739363     
 b_abs=    1.052762418270082     
 g=  -1.2674095304652919E-002
 j=    0.000000000000000         140.3427454572675      
   -204.8698788416851     
 v_perp_2=    4301843.341018186     
 b_n=  -4.9906294197936242E-005   0.2244128583861991      
    1.088970916327876     
 b_para_n=    1.052762395398477     
 dxdt=  -0.4603457723560903         2021.375695358051      
    9810.303452122431     
 dudt=    223533.8688712297     
 ---------------------
 rk4
 istep=     13000001
 grad_b=   6.6633596556945507E-002  -0.1569232025003245      
  -0.2954939689050132     
 bsub=   5.9110982903037346E-002   3.5430769696996239E-002 
    1.587969952943281     
 bsup=    0.000000000000000        -1.399291888374155      
    1.010738730341916     
 b_abs=    1.247247827630599     
 g=  -1.1273771986523093E-002
 j=    0.000000000000000         49.01366509523405      
   -231.8668009888044     
 v_perp_2=    5096499.998939902     
 b_n=  -1.3445569803490073E-003   -1.399986236423733      
    1.010804249780172     
 b_para_n=    1.247247798389235     
 dxdt=   -10.46971644299618        -10598.54810613930      
    7652.164838920054     
 dudt=    129549.6592647045     
 ---------------------
 rk4
 istep=     14000001
 grad_b=   -1.186388989000897       -6.0342869798985364E-002 
   0.1194135546577140     
 bsub=  -6.4292282536946403E-003  -8.3353465075139077E-002 
    1.188916956543269     
 bsup=    0.000000000000000       -0.7225078945254979      
   0.8792786911365543     
 b_abs=    1.051472184426100     
 g=  -1.9934954536083530E-002
 j=    0.000000000000000        -709.0412736654185      
    27.87496373671503     
 v_perp_2=    4296474.470690947     
 b_n=  -2.7816773201646162E-004  -0.7161614408719150      
   0.8797221379512709     
 b_para_n=    1.051472194828865     
 dxdt=   -2.569021507415415        -6458.479934711031      
    7935.276259826135     
 dudt=   -288729.3890504322     
 ---------------------
 rk4
 istep=     15000001
 grad_b=  -0.6955132628438199       -2.9855257568181151E-002 
  -2.6686689872872663E-002
 bsub=   1.9159641963654502E-002  -9.0225358193216268E-002 
   0.8169434749135072     
 bsup=    0.000000000000000       -0.3309562070661115      
    1.157510980749288     
 b_abs=   0.9870827061262639     
 g=  -9.5858426397843789E-003
 j=    0.000000000000000        -625.2404656446822      
   -141.5163712588908     
 v_perp_2=    4033321.204848533     
 b_n=  -2.8510366175520617E-004  -0.3249166762418899      
    1.158184679535350     
 b_para_n=   0.9870826985395785     
 dxdt=   -2.804747571665937        -3125.225705578992      
    11144.82724081082     
 dudt=    43484.93947123964     
 ---------------------
 rk4
 istep=     16000001
 grad_b=   -1.065584524014700        0.1226277327383375      
  -0.1449930998383624     
 bsub=   2.1822154613201548E-002  -0.1447946523913864      
    1.367532857700537     
 bsup=    0.000000000000000       -0.8919178302904640      
   0.8737044224740813     
 b_abs=    1.150605994017351     
 g=  -1.9795712695896028E-002
 j=    0.000000000000000         292.5376575923461      
    248.6456248162153     
 v_perp_2=    4701439.694944629     
 b_n=   5.5416741622714893E-004  -0.8864251352994251      
   0.8742771706278899     
 b_para_n=    1.150606021989254     
 dxdt=    4.677321723227474        -7289.102788643148      
    7190.502931919044     
 dudt=    419145.1247670109     
 ---------------------
 rk4
 istep=     17000001
 grad_b=   0.1004347983347709        0.1634427328522296      
   0.2541543498847245     
 bsub=  -5.7259656014307755E-002   3.2039708046376042E-002 
    1.390998527490578     
 bsup=    0.000000000000000       -0.8988014791446536      
    1.039095867635865     
 b_abs=    1.189775079484269     
 g=  -1.0345953602838898E-002
 j=    0.000000000000000        -1699.444543751111      
    469.5560323748359     
 v_perp_2=    4861431.340038987     
 b_n=   1.4804329119956165E-003  -0.8998434541246875      
    1.039180854209314     
 b_para_n=    1.189775132053094     
 dxdt=    12.08416679130557        -7150.834691111323      
    8257.873128914629     
 dudt=   -201227.0953196407     
 ---------------------
 rk4
 istep=     18000001
 grad_b=  -0.2020687094568538        5.1704007401162308E-003 
   5.4026414220483182E-002
 bsub=  -3.7751990798080143E-002  -1.4579072692529296E-002 
   0.9410064359235746     
 bsup=    0.000000000000000       -5.3674014666370784E-002 
    1.070065434803670     
 b_abs=    1.004048890912460     
 g=  -1.4315789964696561E-002
 j=    0.000000000000000        -598.5755824376089      
    71.64338534727122     
 v_perp_2=    4102505.774036428     
 b_n=   3.8907194218652200E-005  -5.2379427423287259E-002 
    1.070087062893208     
 b_para_n=    1.004048900340178     
 dxdt=   0.3762904632670392        -495.0378290234852      
    10119.08579473596     
 dudt=   -117067.1384521677     
 ---------------------
 rk4
 istep=     19000001
 grad_b=   1.9461595140768395E-005   7.5504338204122168E-002 
   1.1869092279426008E-002
 bsub=  -0.1049618252656494        3.2418147461360902E-002 
    1.840555103043068     
 bsup=    0.000000000000000        -1.104050503908090      
    1.023541146802947     
 b_abs=    1.359392585686721     
 g=  -1.3637801010133427E-002
 j=    0.000000000000000        -761.5034164248973      
    692.8179479625587     
 v_perp_2=    5554363.438086607     
 b_n=   5.4178878118905439E-004   -1.104055583674128      
    1.023572194885743     
 b_para_n=    1.359392669467701     
 dxdt=    3.871025574577712        -7648.868666894482      
    7091.287534653180     
 dudt=    107021.0106902953     
 ---------------------
 rk4
 istep=     20000001
 grad_b=   0.7618553342725318        1.3596663271675215E-002 
   0.1676676319094673     
 bsub=   4.7277134758594713E-002   0.1059237972410213      
    1.602329963410883     
 bsup=    0.000000000000000       -0.6035078953243100      
    1.075223460760747     
 b_abs=    1.288160761345194     
 g=  -9.2727935736562506E-003
 j=    0.000000000000000        -1239.894028061886      
    184.8905949246584     
 v_perp_2=    5263255.575273624     
 b_n=   2.5823775611088139E-005  -0.6112866525366402      
    1.075736932095423     
 b_para_n=    1.288160773670734     
 dxdt=   0.1947015999780386        -4478.173384784777      
    7877.797233040922     
 dudt=   -272896.9384493113     
 ---------------------
 rk4
 istep=     21000001
 grad_b=   0.4277166046568416        4.5796712525893908E-002 
  -0.1539716098392462     
 bsub=  -1.8136358087411202E-003   4.0581294630828976E-002 
    1.116657830777563     
 bsup=    0.000000000000000        0.7120080103558527      
    1.032898746660387     
 b_abs=    1.087479331165941     
 g=  -1.1736735924649164E-002
 j=    0.000000000000000         1258.712618341457      
   -36.40493824590806     
 v_perp_2=    4443246.584769947     
 b_n=   4.0990178703148328E-004   0.7085987087506342      
    1.033023313449192     
 b_para_n=    1.087479332264526     
 dxdt=    3.660379515093881         6174.220665095861      
    9002.122217351071     
 dudt=    237508.3421838947     
 ---------------------
 rk4
 istep=     22000001
 grad_b=   0.4085382296362117       -7.5924655870080071E-002 
  -0.2208438238921851     
 bsub=   2.4555723661695963E-002   0.1644777627822837      
    2.002489823572434     
 bsup=    0.000000000000000        -1.517444127111363      
    1.073929622615994     
 b_abs=    1.377962382761844     
 g=  -7.6067072871430080E-003
 j=    0.000000000000000        -975.6030047352178      
    526.3550041953413     
 v_perp_2=    5630046.199639804     
 b_n=  -7.8900245584081878E-004   -1.523059387482341      
    1.074400556465694     
 b_para_n=    1.377962441001509     
 dxdt=   -5.561444596046263        -10406.29360365181      
    7340.077581371030     
 dudt=    180810.4227171623     
 ---------------------
 rk4
 istep=     23000001
 grad_b=  -0.9720728033172260       -4.7126648747377667E-002 
   7.2390276062207728E-002
 bsub=   1.0206056980919032E-002  -6.0062637812667546E-002 
    1.100354892714771     
 bsup=    0.000000000000000       -0.5970202100017133      
   0.8993282660830713     
 b_abs=    1.012721069445823     
 g=  -1.9646081513040346E-002
 j=    0.000000000000000         1169.501751624822      
   -185.4824071070746     
 v_perp_2=    4137704.154117770     
 b_n=  -2.3415334237506698E-004  -0.5917445582036043      
   0.8996183775201789     
 b_para_n=    1.012721036064197     
 dxdt=   -2.245228637511524        -5545.587585453546      
    8432.643306979484     
 dudt=   -188079.5996113730     
 ---------------------
 rk4
 istep=     24000001
 grad_b=   0.3498480101594215       -7.0559157897741240E-002 
  -0.1397423018241902     
 bsub=   3.4973922491552296E-002   4.7167628996758429E-002 
    1.086158592720457     
 bsup=    0.000000000000000       -0.1639283572106082      
    1.136356763838439     
 b_abs=    1.106995281792992     
 g=  -9.4520108397518031E-003
 j=    0.000000000000000        -458.5877614926152      
    279.8908782860941     
 v_perp_2=    4522832.037632709     
 b_n=  -5.9928436544734052E-004  -0.1672212096286650      
    1.136519085558636     
 b_para_n=    1.106995310487816     
 dxdt=   -5.257256670648989        -1431.604454704613      
    9725.109396298722     
 dudt=    271699.6396704484     
 ---------------------
 rk4
 istep=     25000001
 grad_b=  -0.9971454033003587        0.1269033765634494      
  -0.1484604461323330     
 bsub=   3.1954279920100880E-002  -0.1819190605214511      
    1.450121385020494     
 bsup=    0.000000000000000        -1.048688874142745      
   0.8818189558223288     
 b_abs=    1.212286612222722     
 g=  -1.9074813655433856E-002
 j=    0.000000000000000         378.0926355930930      
   -72.70391230936711     
 v_perp_2=    4952958.838198825     
 b_n=   5.5372244907769515E-004   -1.043606308184482      
   0.8824443544813536     
 b_para_n=    1.212286597496490     
 dxdt=    4.435941238532373        -8133.758321017312      
    6878.743186799102     
 dudt=    444864.1789665326     
 ---------------------
 rk4
 istep=     26000001
 grad_b=   -1.019953661943341        2.7354134772148528E-002 
   7.5978772271889011E-002
 bsub=  -3.7841427888675935E-003  -8.5768263116952903E-002 
    1.028970490362423     
 bsup=    0.000000000000000       -0.5498021097372743      
   0.9300701114784377     
 b_abs=    1.002029172719706     
 g=  -1.6980402884102502E-002
 j=    0.000000000000000         468.2062428966161      
    342.9818587570274     
 v_perp_2=    4093881.237713392     
 b_n=   2.0195448950388259E-004  -0.5436891179452712      
   0.9305804311421486     
 b_para_n=    1.002029211602343     
 dxdt=    1.957135219667733        -5150.590032248101      
    8818.130943323000     
 dudt=   -113402.5800940671     
 ---------------------
 rk4
 istep=     27000001
 grad_b=  -0.4672229559577946        5.3247422882364455E-003 
   2.4292128010214228E-002
 bsub=  -3.1392177258589199E-002  -5.1013991768963735E-002 
   0.9161269356111745     
 bsup=    0.000000000000000       -0.2875332578808601      
    1.051318068755047     
 b_abs=   0.9886675020770295     
 g=  -1.4882937589283749E-002
 j=    0.000000000000000         573.9828035934679      
   -111.2663684300819     
 v_perp_2=    4039240.527882066     
 b_n=   4.1783204468288414E-005  -0.2846148055904329      
    1.051481994723436     
 b_para_n=   0.9886674853152811     
 dxdt=   0.4103895642999112        -2733.610905296943      
    10101.41640711028     
 dudt=   -49604.31835573491     
 ---------------------
 rk4
 istep=     28000001
 grad_b=  -0.4115685649378094        4.5723516920078963E-002 
  -8.8803627265495282E-003
 bsub=  -4.5134426145946795E-002  -0.2339183925120494      
    1.521590364555194     
 bsup=    0.000000000000000        -1.271184997138575      
   0.9083611660442324     
 b_abs=    1.295922378719747     
 g=  -1.8026027802176811E-002
 j=    0.000000000000000        -332.8746111435361      
   -70.64054821844780     
 v_perp_2=    5294485.709556142     
 b_n=   2.1998730357835871E-004   -1.269142620261052      
   0.9086816699683642     
 b_para_n=    1.295922376532857     
 dxdt=    1.648696664219133        -9236.279742997618      
    6613.384523631462     
 dudt=    104334.1629774871     
 ---------------------
 rk4
 istep=     29000001
 grad_b=   0.7917264181692812        3.4452101632921943E-002 
   0.1616648349497636     
 bsub=   9.9076307405755598E-003   9.7494327439306180E-002 
    1.405074876502074     
 bsup=    0.000000000000000       -0.3476353086021234      
    1.115715362970958     
 b_abs=    1.238296495153830     
 g=  -8.2695174878471833E-003
 j=    0.000000000000000         129.6223405870148      
    21.44341795198419     
 v_perp_2=    5058994.022812220     
 b_n=   2.5436801331026477E-004  -0.3562904802410095      
    1.116314131232703     
 b_para_n=    1.238296498616626     
 dxdt=    1.995003617584297        -2719.187816488088      
    8513.907256890552     
 dudt=   -277787.2243431643     
 ---------------------
 Elapsed time (seconds):     154.1155920000000     

real	2m34.126s
user	2m33.885s
sys	0m0.017s
>>> [PID 3872093] DONE  u=9500, v_perp=2000, out=bounce/dat272.dat
