>>> [PID 3873219] START u=4500, v_perp=3000, out=bounce/dat283.dat, dt=5.00E-09, steps=30000000
 outer boundary:   8.3000000000000462E-002
 rk4
 istep=            1
 grad_b=  -0.5028814955331569        4.9310695672825783E-003 
  -7.9814558318570122E-003
 bsub=   8.6926218100110211E-003   4.2252206093912573E-002 
    1.020727592227119     
 bsup=    0.000000000000000        0.5002977189560899      
   0.9181487216826323     
 b_abs=   0.9787595852618741     
 g=  -1.6418808399275509E-002
 j=    0.000000000000000         576.0999226630255      
    59.08282366906176     
 v_perp_2=    8999998.972263141     
 b_n=   1.6074260947645154E-005   0.5018338982305667      
   0.9180850008869275     
 b_para_n=   0.9787595904893061     
 dxdt=   9.0327019524288538E-002    2308.829221921885      
    4220.974102945429     
 dudt=    22834.96894665981     
 ---------------------
 rk4
 istep=      1000001
 grad_b=  -0.4810403165098791       -1.7910774209552876E-002 
  -2.9739005054104123E-002
 bsub=   2.6679726438172267E-002  -6.7393385560264016E-002 
   0.8788442049564867     
 bsup=    0.000000000000000       -0.3041946485090204      
    1.085352274826627     
 b_abs=   0.9869171690252517     
 g=  -1.3121306972619942E-002
 j=    0.000000000000000         133.8179827671310      
   -78.37787380449166     
 v_perp_2=    9074990.420075351     
 b_n=  -6.5244003899604544E-005  -0.3026431743137910      
    1.085473223601481     
 b_para_n=   0.9869171643025408     
 dxdt=  -0.3637222289167100        -1375.802337981098      
    4940.332407449781     
 dudt=    124985.1676209709     
 ---------------------
 rk4
 istep=      2000001
 grad_b=   0.7304013327155311        1.1203279502077661E-002 
   0.1559635245340928     
 bsub=   6.4280586923971365E-003   6.7836676871012747E-002 
    1.227410457153891     
 bsup=    0.000000000000000        0.2444003734888377      
    1.098506131528543     
 b_abs=    1.168285396551979     
 g=  -9.3928079138097306E-003
 j=    0.000000000000000        -1048.947056218860      
    58.80445339811945     
 v_perp_2=    10742695.19015256     
 b_n=   1.1131854341470015E-005   0.2412566298391249      
    1.098679822093145     
 b_para_n=    1.168285396594249     
 dxdt=   5.2887924447918649E-002    885.0266831543689      
    4045.886682563302     
 dudt=   -685007.8666140285     
 ---------------------
 rk4
 istep=      3000001
 grad_b=  -0.5796725413496411        1.7084516574824848E-003 
  -3.9697583114702006E-003
 bsub=   2.8324935610892072E-002  -4.8064510675025068E-002 
   0.9536865035087719     
 bsup=    0.000000000000000       -0.3503029632179888      
   0.9950961732720744     
 b_abs=   0.9825988448317943     
 g=  -1.7029543482682614E-002
 j=    0.000000000000000        -225.6132379483046      
  -0.7434289236820746     
 v_perp_2=    9035237.561267471     
 b_n=   4.1152098229421533E-006  -0.3487218188364016      
   0.9951757392272759     
 b_para_n=   0.9825988454522510     
 dxdt=   2.3038136837838126E-002   -1594.031501931831      
    4553.712536494139     
 dudt=    21283.88077420232     
 ---------------------
 rk4
 istep=      4000001
 grad_b=   0.5520520996571712        7.9504447729108932E-002 
   0.1727922357580711     
 bsub=  -2.7919198837245609E-002   8.5292207998209024E-002 
    1.300133783820813     
 bsup=    0.000000000000000       -0.4898027030216551      
    1.133148060784808     
 b_abs=    1.196452010721472     
 g=  -7.8476661574455493E-003
 j=    0.000000000000000         61.26271495926949      
    520.8178770963563     
 v_perp_2=    11001639.77705643     
 b_n=   3.5257464673899155E-004  -0.4926771494857629      
    1.133344227916946     
 b_para_n=    1.196452037490957     
 dxdt=    1.638295539712491        -1762.147172119662      
    4046.701052148541     
 dudt=   -602756.1578106896     
 ---------------------
 rk4
 istep=      5000001
 grad_b=  -5.4114979989082546E-002  -0.1877191959111633      
   0.1232786663937621     
 bsub=   2.8179407809213013E-002  -6.0928534622087638E-002 
    1.278414288621743     
 bsup=    0.000000000000000       -0.4583827965481513      
   0.9193342197546474     
 b_abs=    1.097069864209878     
 g=  -1.9869472378175324E-002
 j=    0.000000000000000        -41.08688406393100      
    123.5900539864718     
 v_perp_2=    10087777.54851731     
 b_n=  -4.4517889637199915E-004  -0.4582436652218418      
   0.9193506701064705     
 b_para_n=    1.097069871884250     
 dxdt=   -2.243892451837664        -1828.312423099497      
    3668.359515943391     
 dudt=   -835565.1403077834     
 ---------------------
 rk4
 istep=      6000001
 grad_b=   -1.148910962457734       -1.5307679895233857E-003 
   0.1010385434212255     
 bsub=  -4.0018113108158150E-003  -7.9711159272388671E-002 
    1.105621471157531     
 bsup=    0.000000000000000       -0.6666140849467890      
   0.8888704522449588     
 b_abs=    1.017536111735458     
 g=  -1.8978690788068586E-002
 j=    0.000000000000000         298.9260973034571      
   -599.5997037097320     
 v_perp_2=    9356428.811672784     
 b_n=   1.5105773348706878E-005  -0.6635986918368857      
   0.8890878696545994     
 b_para_n=    1.017536072842877     
 dxdt=   8.1784938024764567E-002   -2905.679847728974      
    3897.411162528680     
 dudt=   -410404.2454747384     
 ---------------------
 rk4
 istep=      7000001
 grad_b=   0.6870564035578535        4.8465177583723887E-002 
   0.1831040132594826     
 bsub=   3.0055012280524582E-002   0.1487916925559113      
    1.732232689891101     
 bsup=    0.000000000000000       -0.7511736816076773      
    1.085330206006010     
 b_abs=    1.329725584390115     
 g=  -8.6712395357258464E-003
 j=    0.000000000000000        -815.6375106996944      
    164.5126766139595     
 v_perp_2=    12227032.97923805     
 b_n=   1.5964591405287588E-004  -0.7545087054361508      
    1.085613904816834     
 b_para_n=    1.329725589409156     
 dxdt=   0.6732483330331205        -2344.815672764323      
    3368.773061681364     
 dudt=   -561235.4205230946     
 ---------------------
 rk4
 istep=      8000001
 grad_b=   -1.111387607440054       -9.7986246307677202E-002 
   0.1270706662361122     
 bsub=  -9.8020524280729004E-003  -0.1024541889980524      
    1.246559930995345     
 bsup=    0.000000000000000       -0.7537655027376722      
   0.8704779374044844     
 b_abs=    1.078103612554282     
 g=  -2.0420726005538299E-002
 j=    0.000000000000000        -1230.482384601630      
    393.1862548370744     
 v_perp_2=    9913307.985019717     
 b_n=  -2.1150798754162732E-004  -0.7510827988961243      
   0.8706967909618306     
 b_para_n=    1.078103643201911     
 dxdt=   -1.083832565566070        -3060.698671642831      
    3551.611867080711     
 dudt=   -786672.2922672348     
 ---------------------
 rk4
 istep=      9000001
 grad_b=   0.4393117675463366        8.4019543594316404E-002 
   0.2097602849404538     
 bsub=  -4.4390581116406432E-002   0.1113247554400508      
    1.742059300269009     
 bsup=    0.000000000000000        -1.415521168956732      
    1.072879518561172     
 b_abs=    1.308619916104765     
 g=  -8.6032029866173372E-003
 j=    0.000000000000000         1834.466669582837      
   -57.17641972061951     
 v_perp_2=    12032904.09783917     
 b_n=   3.6245077697622641E-004   -1.417803415077889      
    1.073034601831155     
 b_para_n=    1.308619919437193     
 dxdt=    1.550854125400157        -4498.074798358166      
    3402.530939661675     
 dudt=   -372815.5433099588     
 ---------------------
 rk4
 istep=     10000001
 grad_b=  -0.2561687349925082       -6.5640982580560614E-002 
  -4.4204422797846886E-002
 bsub=   0.1052484469147614       -4.9397755004323668E-002 
    1.749242541550998     
 bsup=    0.000000000000000        -1.178392850673861      
   0.9915359505789219     
 b_abs=    1.338711592163087     
 g=  -1.5535730937265051E-002
 j=    0.000000000000000        -1404.345519744583      
    214.1657792494404     
 v_perp_2=    12309572.05975755     
 b_n=  -1.8095038426819645E-004   -1.177707109215395      
   0.9915662132669476     
 b_para_n=    1.338711605568395     
 dxdt=  -0.7584592258805345        -3620.099977920668      
    3048.608769509269     
 dudt=   -115119.8980949874     
 ---------------------
 rk4
 istep=     11000001
 grad_b=  -0.9280104409372620       -0.1316355080614867      
   0.1415072270212935     
 bsub=  -3.1624648833060431E-002  -0.1962374913389262      
    1.461826116205672     
 bsup=    0.000000000000000        -1.084637843796048      
   0.8823790045510771     
 b_abs=    1.225882004319615     
 g=  -1.8890679968521715E-002
 j=    0.000000000000000         188.8184586976083      
   -175.1461985401628     
 v_perp_2=    11272069.38165695     
 b_n=  -2.5728077770109621E-004   -1.082525149480323      
   0.8826570404180036     
 b_para_n=    1.225881993448486     
 dxdt=   -1.168846157478267        -3741.910400201969      
    3053.205667586544     
 dudt=   -1003749.809447181     
 ---------------------
 rk4
 istep=     12000001
 grad_b=   0.4182950773155241        1.4093608672401579E-002 
   7.1346304082555087E-002
 bsub=   2.9136543693256091E-003   0.1935817600394222      
    2.161634830688973     
 bsup=    0.000000000000000        -1.514374848384241      
    1.077797040760895     
 b_abs=    1.427452812908676     
 g=  -7.0441770672691230E-003
 j=    0.000000000000000         1618.793582429938      
   -55.16997565776697     
 v_perp_2=    13125493.08563724     
 b_n=   4.8741804694030810E-005   -1.517020552379659      
    1.078033910185149     
 b_para_n=    1.427452817937627     
 dxdt=   0.1929205429905838        -4270.523269378453      
    3032.862477513618     
 dudt=   -178926.9949571120     
 ---------------------
 rk4
 istep=     13000001
 grad_b=  -0.4920653228315299        1.1892302096781932E-002 
  -1.2629989446022595E-002
 bsub=   1.2516501506498495E-002  -0.2453004924497413      
    1.517404742886890     
 bsup=    0.000000000000000        -1.265039046806914      
   0.9005669904380468     
 b_abs=    1.295014011997573     
 g=  -1.6779210636675309E-002
 j=    0.000000000000000         748.6783451461189      
    48.93283769668363     
 v_perp_2=    11907682.55580288     
 b_n=   2.3141530057370826E-005   -1.263883270852111      
   0.9007536368396033     
 b_para_n=    1.295014008426249     
 dxdt=   9.9965096806206022E-002   -4063.026936801858      
    2896.783361498527     
 dudt=    93789.58468170180     
 ---------------------
 rk4
 istep=     14000001
 grad_b=  -0.3301010085708438        0.1205605820495771      
   0.1695610804926884     
 bsub=  -8.7476970406498988E-002   3.3829268995805385E-002 
    1.824469337167941     
 bsup=    0.000000000000000        -1.162094800055988      
    1.013794180487555     
 b_abs=    1.345332901050155     
 g=  -1.4488195649199689E-002
 j=    0.000000000000000        -697.9528979852764      
    280.9733411880053     
 v_perp_2=    12370337.13723923     
 b_n=   3.5113206048482520E-004   -1.161131979501217      
    1.013793174214730     
 b_para_n=    1.345332915643395     
 dxdt=    1.465241044843597        -3544.881489189614      
    3096.002617637030     
 dudt=   -108662.7978402952     
 ---------------------
 rk4
 istep=     15000001
 grad_b=   0.2787473628058137       -0.1232250342099125      
  -0.2539504159683665     
 bsub=   5.5589821847649698E-002   8.8426575216726463E-002 
    1.828763534848721     
 bsup=    0.000000000000000        -1.574415642934462      
    1.044204346101661     
 b_abs=    1.330474926549913     
 g=  -1.0326833038940990E-002
 j=    0.000000000000000         852.9984743501864      
   -304.5417528629639     
 v_perp_2=    12233690.09488835     
 b_n=  -4.7897921261659413E-004   -1.575652353967393      
    1.044278694075873     
 b_para_n=    1.330474911798681     
 dxdt=   -2.018888085092661        -4886.624023993132      
    3237.826232969401     
 dudt=    245925.4802259105     
 ---------------------
 rk4
 istep=     16000001
 grad_b=  -0.9092587166401161        0.1485901602657950      
  -0.1368545445012803     
 bsub=   1.6564692855833681E-002  -0.1679448575720274      
    1.391009242323888     
 bsup=    0.000000000000000       -0.9332567556384526      
   0.8744023863749579     
 b_abs=    1.171680295391730     
 g=  -1.9358154691438100E-002
 j=    0.000000000000000         224.2004402708645      
    97.80481244309220     
 v_perp_2=    10773549.82552754     
 b_n=   3.1084755427800403E-004  -0.9311204467186179      
   0.8746566174308548     
 b_para_n=    1.171680299441836     
 dxdt=    1.472850252505092        -3413.621789353471      
    3209.035541831226     
 dudt=    1013682.198608348     
 ---------------------
 rk4
 istep=     17000001
 grad_b=   0.5775466070847137       -6.9020728991095459E-002 
  -0.1943152551395233     
 bsub=  -1.9135721562645105E-002   0.1772881164509589      
    1.931597626224422     
 bsup=    0.000000000000000        -1.010371651599741      
    1.077458388088249     
 b_abs=    1.378840336975006     
 g=  -8.1503036829018057E-003
 j=    0.000000000000000         13.05123247493688      
    36.89383436791417     
 v_perp_2=    12678347.84726924     
 b_n=  -2.7173417489353437E-004   -1.013427495993898      
    1.077736172610128     
 b_para_n=    1.378840339046141     
 dxdt=   -1.109144945728932        -2995.451303994369      
    3182.176037482076     
 dudt=    465569.0874422859     
 ---------------------
 rk4
 istep=     18000001
 grad_b=   -1.266414169605462        5.3540235773698902E-002 
  -0.1467052773453112     
 bsub=   1.9304731618234865E-002  -9.8935884073837355E-002 
    1.250633975025531     
 bsup=    0.000000000000000       -0.7949275523371937      
   0.8652641325462446     
 b_abs=    1.077617115500237     
 g=  -2.0509424624527373E-002
 j=    0.000000000000000        -108.8556015130317      
   -330.0956236016396     
 v_perp_2=    9908592.011896646     
 b_n=   1.0131194091117347E-004  -0.7918734337330497      
   0.8655041584523552     
 b_para_n=    1.077617095482672     
 dxdt=   0.5193760175850518        -3228.539313345318      
    3532.478941451405     
 dudt=    723140.3852907186     
 ---------------------
 rk4
 istep=     19000001
 grad_b=   0.2977222663765958        0.1737578961035369      
  -0.1187233460467605     
 bsub=  -6.3751777551386543E-002  -0.1181737556015311      
    1.470711302270138     
 bsup=    0.000000000000000       -0.8256763416117608      
   0.9429039242260132     
 b_abs=    1.218266603822653     
 g=  -1.8172219829657797E-002
 j=    0.000000000000000        -495.8066307220404      
   -525.8020935900921     
 v_perp_2=    11201828.34832621     
 b_n=   3.9798743497357982E-004  -0.8263854298150159      
   0.9428641774894398     
 b_para_n=    1.218266576927803     
 dxdt=    1.818549632463959        -2882.521497054129      
    3287.893446376115     
 dudt=    963868.9109556850     
 ---------------------
 rk4
 istep=     20000001
 grad_b=   0.5724775222664255       -8.3768380813729115E-002 
  -0.1750991751050489     
 bsub=   3.1280530093071350E-002   0.1023725740921880      
    1.466467927964648     
 bsup=    0.000000000000000       -0.7316414963164783      
    1.114622161059694     
 b_abs=    1.248420896518897     
 g=  -7.6722226869986501E-003
 j=    0.000000000000000        -855.6439649915442      
    47.11474653205862     
 v_perp_2=    11479067.76215489     
 b_n=  -3.8695411633112172E-004  -0.7347580082002759      
    1.114847974830290     
 b_para_n=    1.248420895860992     
 dxdt=   -1.728640834439060        -2484.465291167821      
    3764.767279580396     
 dudt=    493031.0726475793     
 ---------------------
 rk4
 istep=     21000001
 grad_b=  -0.8716578256406395        1.3725933233977090E-002 
  -4.3717904606240178E-002
 bsub=  -1.5905318656050004E-002  -5.9506355687068968E-002 
    1.031613868569168     
 bsup=    0.000000000000000       -0.5136355571918313      
   0.9251589573352120     
 b_abs=   0.9925260237285743     
 g=  -1.8891467794555670E-002
 j=    0.000000000000000         448.8677247546919      
   -659.7062859219297     
 v_perp_2=    9126122.646473223     
 b_n=   2.9147367085927950E-005  -0.5113661796435472      
   0.9252902699948501     
 b_para_n=   0.9925259813871792     
 dxdt=   0.1616102643238709        -2308.919069432931      
    4182.210819731148     
 dudt=    220004.3610313275     
 ---------------------
 rk4
 istep=     22000001
 grad_b=   0.7884840175936136       -1.8104272382552189E-002 
  -0.1608401616229864     
 bsub=  -2.3088416363422643E-002   8.9656961355557729E-002 
    1.406447344238885     
 bsup=    0.000000000000000       -0.2090150169320732      
    1.099778185204082     
 b_abs=    1.235885419074893     
 g=  -8.6062560587223565E-003
 j=    0.000000000000000         931.4801312863160      
    75.93650877576505     
 v_perp_2=    11363749.69590013     
 b_n=  -3.7165808185597046E-005  -0.2127349927834865      
    1.100014718903370     
 b_para_n=    1.235885426002466     
 dxdt=  -0.1675834028978261        -732.0254470884074      
    3764.519937320663     
 dudt=    643938.6352905048     
 ---------------------
 rk4
 istep=     23000001
 grad_b=  -0.7279296489877316       -4.8075537405837532E-003 
  -1.0692906575872636E-002
 bsub=  -1.5525955455672513E-002  -7.9864226298407837E-002 
   0.9303855972200389     
 bsup=    0.000000000000000       -0.4300434634551721      
    1.000594951667064     
 b_abs=   0.9827171888345279     
 g=  -1.5765337033395499E-002
 j=    0.000000000000000        -294.9832275905392      
    194.4058177576824     
 v_perp_2=    9035887.001844291     
 b_n=  -1.6456392525749470E-005  -0.4279507076718281      
    1.000774332255508     
 b_para_n=   0.9827172013464269     
 dxdt=  -9.2116829353144122E-002   -1955.769179967359      
    4578.807037362661     
 dudt=    40381.80329709927     
 ---------------------
 rk4
 istep=     24000001
 grad_b=  -0.4256917168903578        5.5040222901132335E-002 
  -5.3638928085519816E-002
 bsub=  -1.2729926447274633E-002   2.8163653201870836E-002 
    1.068640098367369     
 bsup=    0.000000000000000        0.1337587929882006      
   0.9157661057780057     
 b_abs=   0.9911157516420473     
 g=  -1.8638097637107123E-002
 j=    0.000000000000000        -230.8352479088974      
    338.7693529711677     
 v_perp_2=    9113089.902351588     
 b_n=   1.5469190739049972E-004   0.1349269882425065      
   0.9157371809153906     
 b_para_n=   0.9911157729931166     
 dxdt=   0.8588725589618297         612.0978648618259      
    4146.099969611303     
 dudt=    193701.6061105488     
 ---------------------
 rk4
 istep=     25000001
 grad_b=   0.2986733285691051       -7.1149173562533877E-002 
  -0.1362722396703965     
 bsub=   3.5696271336132152E-002   4.3694728883264658E-002 
    1.067942886973740     
 bsup=    0.000000000000000       -0.1365908207618350      
    1.136584413567885     
 b_abs=    1.098620626225277     
 g=  -9.6109181214479519E-003
 j=    0.000000000000000        -463.0801967084599      
    350.7079673662466     
 v_perp_2=    10101551.89201087     
 b_n=  -2.7636305573738629E-004  -0.1378688146654883      
    1.136645957383483     
 b_para_n=    1.098620643112222     
 dxdt=   -1.391128086126149        -550.4851842228281      
    4527.416488959904     
 dudt=    607477.7655591096     
 ---------------------
 rk4
 istep=     26000001
 grad_b=  -9.8577719373756256E-002   1.3156362224098113E-002 
   7.0115019980167642E-002
 bsub=  -3.7029916398580803E-002  -4.5547213752815813E-003 
   0.9505762719456361     
 bsup=    0.000000000000000        2.6535108075762315E-002 
    1.081249536306478     
 b_abs=    1.013546205919980     
 g=  -1.3790814916978474E-002
 j=    0.000000000000000        -575.6993281881388      
    141.8858460271300     
 v_perp_2=    9319288.601432106     
 b_n=   4.2281892363319547E-005   2.6835435665573341E-002 
    1.081252630813823     
 b_para_n=    1.013546213775392     
 dxdt=   0.2297810105522802         118.5117620794474      
    4762.613203169956     
 dudt=   -345459.5676033859     
 ---------------------
 rk4
 istep=     27000001
 grad_b=   0.2486343550547171       -8.7632213896781247E-003 
  -0.1119042991505937     
 bsub=   2.5950406960472648E-002   3.5155648962469394E-002 
    1.029191600878042     
 bsup=    0.000000000000000        0.2609339510080551      
    1.086807522670439     
 b_abs=    1.062159077093662     
 g=  -1.2479083534853079E-002
 j=    0.000000000000000        -478.2745522115625      
   -161.1907566388326     
 v_perp_2=    9766247.955385039     
 b_n=  -1.6678573842921696E-005   0.2600850786103646      
    1.086836929725276     
 b_para_n=    1.062159067695859     
 dxdt=  -8.6682837389149711E-002    1079.957800357541      
    4516.625361524490     
 dudt=    536301.1228125250     
 ---------------------
 rk4
 istep=     28000001
 grad_b=  -0.1030122093130309        6.5894521334312006E-002 
   9.3175224410803476E-002
 bsub=  -4.2564966063783224E-002  -1.0324156158182635E-002 
   0.9347348872501708     
 bsup=    0.000000000000000       -3.7428909233782282E-002 
    1.141069160130419     
 b_abs=    1.032745862275156     
 g=  -1.0569342125174203E-002
 j=    0.000000000000000         178.0497891304508      
   -94.27534836222350     
 v_perp_2=    9495777.105498116     
 b_n=   2.5802366117735177E-004  -3.7048094797988006E-002 
    1.141085110392412     
 b_para_n=    1.032745857346801     
 dxdt=    1.377334498863959        -159.0479820585117      
    4910.842563445615     
 dudt=   -462308.3744520178     
 ---------------------
 rk4
 istep=     29000001
 grad_b=  -0.2099306719286700       -6.5357580110472005E-002 
   0.1074359352448071     
 bsub=  -1.7794623146177163E-004   3.3496680874047460E-002 
    1.066055965482005     
 bsup=    0.000000000000000        0.8080048716319288      
   0.9298604344285415     
 b_abs=    1.008882620273357     
 g=  -1.4559199790831949E-002
 j=    0.000000000000000        -241.7763491286084      
    134.3525777596750     
 v_perp_2=    9276342.001738645     
 b_n=  -2.3118192657568595E-004   0.8087108909336990      
   0.9298382192986081     
 b_para_n=    1.008882628073477     
 dxdt=   -1.261909571201382         3583.187122239081      
    4119.012818376160     
 dudt=   -214587.5971658624     
 ---------------------
 Elapsed time (seconds):     153.6795510000000     

real	2m33.690s
user	2m33.393s
sys	0m0.014s
>>> [PID 3873219] DONE  u=4500, v_perp=3000, out=bounce/dat283.dat
