>>> [PID 3872944] START u=3500, v_perp=3000, out=bounce/dat281.dat, dt=5.00E-09, steps=30000000
 outer boundary:   8.3000000000000462E-002
 rk4
 istep=            1
 grad_b=  -0.5028817584948957        4.9313249126252401E-003 
  -7.9819959270789470E-003
 bsub=   8.6925522062605981E-003   4.2252245304962896E-002 
    1.020727438986870     
 bsup=    0.000000000000000        0.5003026955421801      
   0.9181486754298911     
 b_abs=   0.9787596100960235     
 g=  -1.6418783169899018E-002
 j=    0.000000000000000         576.0999278702637      
    59.08658569098618     
 v_perp_2=    8999999.200620914     
 b_n=   1.2502880469293790E-005   0.5014975038643179      
   0.9180991146610454     
 b_para_n=   0.9787596141619888     
 dxdt=   6.1133718343093779E-002    1794.901876449173      
    3283.015803989070     
 dudt=    22836.58010816150     
 ---------------------
 rk4
 istep=      1000001
 grad_b=   0.2295464873452579       -6.4826393891379452E-002 
   3.8840087031767050E-002
 bsub=   0.1014590843532333        4.9642341231567758E-002 
    1.840812169397784     
 bsup=    0.000000000000000        -1.071369245209405      
    1.031516067802861     
 b_abs=    1.358667937341517     
 g=  -1.2999740802437600E-002
 j=    0.000000000000000         401.3716846104706      
    140.8929252099669     
 v_perp_2=    12493356.70499267     
 b_n=  -1.5643222399339178E-004   -1.071909259923291      
    1.031539257057157     
 b_para_n=    1.358667943227135     
 dxdt=  -0.5837559535080080        -2335.444640636417      
    2246.716240347528     
 dudt=   -370599.0948569978     
 ---------------------
 rk4
 istep=      2000001
 grad_b=   0.4274012718630309       -7.1931739511395545E-002 
  -0.2087204347236395     
 bsub=   1.6783303877018936E-002   0.1610581946240773      
    1.893535748920288     
 bsup=    0.000000000000000        -1.283922248925216      
    1.076701972035802     
 b_abs=    1.353441558703538     
 g=  -7.4174206893083926E-003
 j=    0.000000000000000        -1869.936479946555      
    330.9358199724701     
 v_perp_2=    12445283.45580941     
 b_n=  -2.3438173003118354E-004   -1.285779282999124      
    1.076862007903084     
 b_para_n=    1.353441565634542     
 dxdt=  -0.8770197823449206        -2821.809325745825      
    2361.151445771248     
 dudt=    449678.4037207904     
 ---------------------
 rk4
 istep=      3000001
 grad_b=   0.5952239022150807       -3.1351869170770943E-002 
  -0.1491755134338125     
 bsub=   1.2316292766464058E-002   6.3919628566809231E-002 
    1.154178213907778     
 bsup=    0.000000000000000        0.1295356148786810      
    1.114261350095314     
 b_abs=    1.137899309289850     
 g=  -9.7522710158389706E-003
 j=    0.000000000000000         913.7373228182676      
   -179.8434503560177     
 v_perp_2=    10463296.13636089     
 b_n=  -7.2515544773422722E-005   0.1276613434307091      
    1.114365918173297     
 b_para_n=    1.137899304315781     
 dxdt=  -0.3108143356993926         365.8443458348045      
    3216.533903751080     
 dudt=    688017.9234825983     
 ---------------------
 rk4
 istep=      4000001
 grad_b=  -0.7068480145246649       -1.5958943684464301E-003 
   1.5518112179042670E-002
 bsub=   2.3361296101214318E-002  -5.4454386039437766E-002 
   0.9797595474784933     
 bsup=    0.000000000000000       -0.4177224334612153      
   0.9638880594551791     
 b_abs=   0.9833746015640067     
 g=  -1.7930620305855485E-002
 j=    0.000000000000000        -377.8347985094734      
   -91.84341285922119     
 v_perp_2=    9042386.621808717     
 b_n=  -1.5147593769706325E-006  -0.4162617837000992      
   0.9639692742091807     
 b_para_n=   0.9833745982671213     
 dxdt=  -7.3752069322299361E-003   -1477.060096785894      
    3425.099091038950     
 dudt=   -73049.51327211155     
 ---------------------
 rk4
 istep=      5000001
 grad_b=  -0.4711712772379160       -9.6261924231350424E-002 
   6.9177390129614602E-002
 bsub=   4.9677079341265157E-003  -0.2406750757359143      
    1.499989339730456     
 bsup=    0.000000000000000        -1.224257174631964      
   0.8969749334752150     
 b_abs=    1.280653261324968     
 g=  -1.6999470562337256E-002
 j=    0.000000000000000        -161.4749001300830      
   -80.70280243805183     
 v_perp_2=    11775922.98258444     
 b_n=  -1.4753737895090719E-004   -1.223440513762662      
   0.8971064545713985     
 b_para_n=    1.280653259297134     
 dxdt=  -0.5749771920972452        -2939.270464798940      
    2156.355924737877     
 dudt=   -645849.9578414564     
 ---------------------
 rk4
 istep=      6000001
 grad_b=   -1.052112200822794       -7.5029439780542662E-002 
  -0.1481896082559029     
 bsub=   2.2900745043080054E-002  -8.5971425025580223E-002 
    1.102966263753809     
 bsup=    0.000000000000000       -0.6769593929047905      
   0.9083924022124218     
 b_abs=    1.029692873238335     
 g=  -1.6327207057517328E-002
 j=    0.000000000000000        -1166.454271743499      
    1060.386646788896     
 v_perp_2=    9468266.465759587     
 b_n=  -1.9808627841718599E-004  -0.6745593621434449      
   0.9085836374694086     
 b_para_n=    1.029692927282489     
 dxdt=  -0.9256431777569046        -2245.410234085604      
    3028.994600607077     
 dudt=    374270.7407893122     
 ---------------------
 rk4
 istep=      7000001
 grad_b=  -0.5960171615064049       -2.1712984383856881E-002 
  -2.4231745227238068E-002
 bsub=   1.5321039724052771E-002  -8.7109131070172222E-002 
   0.8299757776958637     
 bsup=    0.000000000000000       -0.2937379057562335      
    1.135535067017621     
 b_abs=   0.9840268803074887     
 g=  -1.0601978790014727E-002
 j=    0.000000000000000         401.8881614971235      
    103.6574714308721     
 v_perp_2=    9048347.289700925     
 b_n=  -7.1662681082652237E-005  -0.2919783313117864      
    1.135721066817882     
 b_para_n=   0.9840268827273209     
 dxdt=  -0.3487099886143072        -1034.145123036515      
    4031.813355461808     
 dudt=    98762.21809585299     
 ---------------------
 rk4
 istep=      8000001
 grad_b=   -1.259933321471346       -6.4703066552076888E-002 
   0.1540483127791627     
 bsub=  -2.3923331335432733E-002  -0.1096200297058301      
    1.290031674564511     
 bsup=    0.000000000000000       -0.8254735908192841      
   0.8630718763429159     
 b_abs=    1.097427616655279     
 g=  -2.0760186586601632E-002
 j=    0.000000000000000         664.2146666129538      
   -268.2333309271922     
 v_perp_2=    10091079.66715718     
 b_n=  -9.3064229501947911E-005  -0.8232069032159576      
   0.8632627485518979     
 b_para_n=    1.097427601382625     
 dxdt=  -0.4113675562045381        -2502.667702725995      
    2627.977413966099     
 dudt=   -780764.6277985540     
 ---------------------
 rk4
 istep=      9000001
 grad_b=   -1.002907964570349        0.1346813485521503      
  -0.1397340868077809     
 bsub=   1.8644042060026483E-002  -0.1503394978961246      
    1.361563082678025     
 bsup=    0.000000000000000       -0.8820058939791732      
   0.8703043512906944     
 b_abs=    1.147806254642576     
 g=  -1.9913115337525156E-002
 j=    0.000000000000000         73.66859775623561      
    267.1053313006503     
 v_perp_2=    10554304.82683896     
 b_n=   2.1175284959069429E-004  -0.8802284549730315      
   0.8704977206393956     
 b_para_n=    1.147806266149590     
 dxdt=   0.9010293530096550        -2505.523135627120      
    2480.568070465181     
 dudt=    962941.4759434316     
 ---------------------
 rk4
 istep=     10000001
 grad_b=  -0.3578828939784825        8.4219879303005542E-003 
   3.8126540473025342E-002
 bsub=  -3.4398986815673244E-002  -3.9921049839034897E-002 
   0.9172581206299216     
 bsup=    0.000000000000000       -0.2158804190190511      
    1.061978293452088     
 b_abs=   0.9915455969635177     
 g=  -1.4646237088917272E-002
 j=    0.000000000000000         678.4384620215609      
   -233.7763615647733     
 v_perp_2=    9117444.233777592     
 b_n=   2.3400806675214145E-005  -0.2150529885676769      
    1.062015170424769     
 b_para_n=   0.9915455857147438     
 dxdt=   0.1130919002485421        -754.3634834483006      
    3730.781813912617     
 dudt=   -179311.2435446765     
 ---------------------
 rk4
 istep=     11000001
 grad_b=   0.6942626902689035        6.1034123345677080E-002 
   0.1660985412880922     
 bsub=  -9.3610316023572220E-003   9.3380224821447630E-002 
    1.328067307000982     
 bsup=    0.000000000000000       -0.3483822575374476      
    1.133433950446028     
 b_abs=    1.213479328551067     
 g=  -7.9979623441195982E-003
 j=    0.000000000000000        -726.1661400609418      
    19.30116109818093     
 v_perp_2=    11158149.65767536     
 b_n=   1.8496570484186010E-004  -0.3509885162731514      
    1.133618506638070     
 b_para_n=    1.213479327354889     
 dxdt=   0.7519133353294358        -922.6246360528775      
    2967.966750679253     
 dudt=   -632716.6483303120     
 ---------------------
 rk4
 istep=     12000001
 grad_b=   0.2709662189266092        0.1167034243750566      
   0.2343125190162069     
 bsub=  -5.5878445670028691E-002   0.1034477525710663      
    1.899408455042511     
 bsup=    0.000000000000000        -1.522853390395062      
    1.050500096136779     
 b_abs=    1.355243426876288     
 g=  -1.0389068110280786E-002
 j=    0.000000000000000         589.4670599376653      
   -258.4225177234096     
 v_perp_2=    12461678.70334210     
 b_n=   3.2088374899563510E-004   -1.523711164813867      
    1.050556246755115     
 b_para_n=    1.355243417754864     
 dxdt=    1.199562875088055        -3334.353291427616      
    2298.113241525780     
 dudt=   -232121.0682735656     
 ---------------------
 rk4
 istep=     13000001
 grad_b=  -0.4773309572977169        0.1606831867012593      
  -9.9242889048164834E-002
 bsub=  -1.8124194595498654E-002  -6.0496771164410323E-002 
    1.209990985345861     
 bsup=    0.000000000000000       -0.5377686417373968      
   0.8998354352242289     
 b_abs=    1.058790000331446     
 g=  -2.0797544403981971E-002
 j=    0.000000000000000        -344.4299206066934      
   -257.2986328377208     
 v_perp_2=    9735729.207306251     
 b_n=   2.8688839940392482E-004  -0.5368865212349310      
   0.8998838263486065     
 b_para_n=    1.058789988771942     
 dxdt=    1.308144730033005        -1719.448267401995      
    2884.062814592277     
 dudt=    762997.3152279954     
 ---------------------
 rk4
 istep=     14000001
 grad_b=   0.4755999372352148       -4.5275718472161317E-002 
   0.1583456759081422     
 bsub=   4.1114647160681618E-003   4.1730715934266360E-002 
    1.129060178763036     
 bsup=    0.000000000000000        0.7259221619449117      
    1.036000008533665     
 b_abs=    1.095719046210395     
 g=  -1.1523360500521693E-002
 j=    0.000000000000000         1506.395106442514      
   -84.84943472100575     
 v_perp_2=    10075284.14168124     
 b_n=  -1.4592014322510537E-004   0.7245665051319734      
    1.036050644589151     
 b_para_n=    1.095719045004769     
 dxdt=  -0.6458679429948704         2208.669884797407      
    3160.891500835897     
 dudt=   -550419.7118964766     
 ---------------------
 rk4
 istep=     15000001
 grad_b=   0.6508205496630662        3.0999665098585254E-002 
   0.1732315223924425     
 bsub=   4.6730590188246574E-002   0.1641026091658124      
    1.880445510850347     
 bsup=    0.000000000000000       -0.8761973209110669      
    1.076057584615221     
 b_abs=    1.370863830162374     
 g=  -9.2715730371000071E-003
 j=    0.000000000000000        -315.8233480741874      
    185.5295411967236     
 v_perp_2=    12605259.68407996     
 b_n=   5.2722888730790933E-005  -0.8783435293730937      
    1.076243574057808     
 b_para_n=    1.370863836272136     
 dxdt=   0.1955210241144528        -1887.204877839650      
    2308.590694106548     
 dudt=   -534071.2066084526     
 ---------------------
 rk4
 istep=     16000001
 grad_b=   0.4762570601474027       -6.5436682254571277E-002 
  -0.1847077357698491     
 bsub=  -6.4088619653436913E-003   0.1844021578454765      
    2.037154297777798     
 bsup=    0.000000000000000        -1.248490752883357      
    1.074173282272322     
 b_abs=    1.398978856742468     
 g=  -7.4707413859843742E-003
 j=    0.000000000000000        -396.0362950845858      
   -97.79231796305305     
 v_perp_2=    12863764.47667200     
 b_n=  -2.0563578704707486E-004   -1.250498603558951      
    1.074354381316963     
 b_para_n=    1.398978851446661     
 dxdt=  -0.7521374709910257        -2591.731892407518      
    2224.211498091807     
 dudt=    383555.3382524214     
 ---------------------
 rk4
 istep=     17000001
 grad_b=   0.7583558493540898       -4.8343095625319812E-003 
  -0.1599306340239815     
 bsub=  -1.3260173320697342E-002   6.7363335664077068E-002 
    1.255233206236688     
 bsup=    0.000000000000000        0.2651367995913784      
    1.091434486566447     
 b_abs=    1.177901300598361     
 g=  -9.3723714902561126E-003
 j=    0.000000000000000        -1732.850092264584      
    132.9157442879534     
 v_perp_2=    10830917.05137305     
 b_n=   1.2218809340978939E-005   0.2626702849090723      
    1.091566985041155     
 b_para_n=    1.177901302130947     
 dxdt=   5.0887490495834312E-002    716.2951451644959      
    2991.463001558907     
 dudt=    686317.4402739994     
 ---------------------
 rk4
 istep=     18000001
 grad_b=  -0.5176594856965244        4.3613058933320084E-003 
  -5.7041275400353392E-003
 bsub=   3.0524260739812091E-002  -2.3789302252109332E-002 
   0.9775657788213624     
 bsup=    0.000000000000000       -0.2775261883914337      
   0.9780868156409921     
 b_abs=   0.9810681986308725     
 g=  -1.7683253484112586E-002
 j=    0.000000000000000         445.7474055798859      
   -171.8408624791271     
 v_perp_2=    9021004.982682470     
 b_n=   8.8725064026169198E-006  -0.2764388110230589      
   0.9781129916324331     
 b_para_n=   0.9810681901006602     
 dxdt=   4.3290656749000088E-002   -983.9310697287640      
    3486.498679206367     
 dudt=    31817.41751819071     
 ---------------------
 rk4
 istep=     19000001
 grad_b=  -0.4674279003628513       -3.1833105471339759E-002 
  -3.6885877640672547E-002
 bsub=   6.8103144771224755E-002  -0.2096691710190279      
    1.552288240879501     
 bsup=    0.000000000000000        -1.272937729740791      
   0.9208047926140194     
 b_abs=    1.302204616928325     
 g=  -1.8629971466038561E-002
 j=    0.000000000000000         165.0591174625840      
   -234.2932987795925     
 v_perp_2=    11973863.16746033     
 b_n=  -5.7638182108540751E-005   -1.272208451628553      
   0.9209058178153052     
 b_para_n=    1.302204607523730     
 dxdt=  -0.2218141845548613        -2974.417415698964      
    2154.022882600448     
 dudt=   -23149.53428292084     
 ---------------------
 rk4
 istep=     20000001
 grad_b=   0.4726881852005018       -0.1067845862261391      
  -0.1924969131845817     
 bsub=   4.2310014112046268E-002   8.6085385576274071E-002 
    1.430748032232236     
 bsup=    0.000000000000000       -0.7543135239966952      
    1.102357843894975     
 b_abs=    1.228907498852440     
 g=  -8.1235750966949412E-003
 j=    0.000000000000000        -447.8770000276631      
   -69.12366201301873     
 v_perp_2=    11299878.54061193     
 b_n=  -3.6638369331024723E-004  -0.7561545731718681      
    1.102479447758911     
 b_para_n=    1.228907495078108     
 dxdt=   -1.474447309959787        -1943.594142454487      
    2830.040824460793     
 dudt=    492528.7117715061     
 ---------------------
 rk4
 istep=     21000001
 grad_b=  -0.1479291803037730       -3.6745951302943322E-002 
  -7.2175812175445025E-002
 bsub=   3.9183109163700172E-002  -1.8564637496554640E-002 
   0.9247432234767339     
 bsup=    0.000000000000000       -7.3644652019001500E-003 
    1.114390648254970     
 b_abs=    1.014795062771571     
 g=  -1.2355123598727917E-002
 j=    0.000000000000000        -225.3757987526797      
    156.1026150226066     
 v_perp_2=    9331088.944158565     
 b_n=  -1.0026228730878613E-004  -6.9841865966577725E-003 
    1.114402538005185     
 b_para_n=    1.014795069318053     
 dxdt=  -0.4746159755543736        -23.25408061555352      
    3791.262421666293     
 dudt=    363171.4589066619     
 ---------------------
 rk4
 istep=     22000001
 grad_b=   -1.199423515599198       -6.6209221268485885E-002 
   0.1285474749553968     
 bsub=  -1.0794004287149449E-002  -9.1873069890806736E-002 
    1.214176294518440     
 bsup=    0.000000000000000       -0.7456885335465426      
   0.8699261279394144     
 b_abs=    1.060627668049437     
 g=  -2.0356047650439878E-002
 j=    0.000000000000000        -1035.345588407850      
    15.98375686576217     
 v_perp_2=    9752509.057193497     
 b_n=  -1.0623647224551589E-004  -0.7434347586702568      
   0.8700957238326540     
 b_para_n=    1.060627672587720     
 dxdt=  -0.4836785964151247        -2373.682842832709      
    2781.900024956537     
 dudt=   -698746.6946891962     
 ---------------------
 rk4
 istep=     23000001
 grad_b=  -0.9659891057381794        0.1375822948306030      
  -0.1452778072653828     
 bsub=   2.6286872768468771E-002  -0.1797843081667512      
    1.426734732161004     
 bsup=    0.000000000000000        -1.002469406362640      
   0.8762369960838134     
 b_abs=    1.196000676482664     
 g=  -1.9269231838896617E-002
 j=    0.000000000000000         495.9755100197580      
   -6.723215945641179     
 v_perp_2=    10997250.83506382     
 b_n=   2.0681617428495018E-004   -1.000799068711431      
   0.8764436641251249     
 b_para_n=    1.196000673576310     
 dxdt=   0.8506517883434592        -2676.989863356723      
    2346.754539846792     
 dudt=    1019526.617482291     
 ---------------------
 rk4
 istep=     24000001
 grad_b=  -0.5904675770037535        3.9403558546429983E-003 
   1.0711454143691929E-002
 bsub=  -2.3358895304253391E-002  -6.9944863695695414E-002 
   0.9095562197718490     
 bsup=    0.000000000000000       -0.3761794992858617      
    1.033428720001444     
 b_abs=   0.9826926022199161     
 g=  -1.5067553003063568E-002
 j=    0.000000000000000        -233.7080680684134      
    146.5644906157136     
 v_perp_2=    9035865.306436347     
 b_n=   1.0888223787717835E-005  -0.3748306315155907      
    1.033532735238943     
 b_para_n=   0.9826926093401528     
 dxdt=   5.3046603242458058E-002   -1331.282604792536      
    3675.818550212093     
 dudt=   -44853.67662412405     
 ---------------------
 rk4
 istep=     25000001
 grad_b=   0.1143032020819566        0.1280865346185305      
   0.1859560569928891     
 bsub=  -5.2846366446026263E-002   3.1330698256704419E-002 
    1.146853033368319     
 bsup=    0.000000000000000       -0.6039922356950281      
    1.111620201711731     
 b_abs=    1.120592529510252     
 g=  -8.5579341475901464E-003
 j=    0.000000000000000         412.9239618464590      
   -191.4819450982855     
 v_perp_2=    10303842.78324405     
 b_n=   4.5435828906102455E-004  -0.6044460812406204      
    1.111653529836504     
 b_para_n=    1.120592522351992     
 dxdt=    1.972848343608147        -1785.229857322973      
    3282.152088153312     
 dudt=   -530685.1275696133     
 ---------------------
 rk4
 istep=     26000001
 grad_b=   -1.093828564997961       -4.3624309797264241E-002 
   0.1859839935758987     
 bsub=  -6.1208130845855732E-002  -0.1593604445266938      
    1.508410551427341     
 bsup=    0.000000000000000        -1.140496814027908      
   0.8942110772391317     
 b_abs=    1.237132179250443     
 g=  -2.0303102274292377E-002
 j=    0.000000000000000        -505.5054063877396      
   -16.23849088143589     
 v_perp_2=    11375411.06698673     
 b_n=  -3.8260295286597436E-005   -1.138763332861698      
   0.8943926646457581     
 b_para_n=    1.237132180763697     
 dxdt=  -0.1531602185156258        -2889.987214377052      
    2272.073740192723     
 dudt=   -802939.8180506706     
 ---------------------
 rk4
 istep=     27000001
 grad_b=  -0.9350882871682413        4.7396985292194424E-002 
  -6.6707464524201676E-002
 bsub=  -1.1395584488447779E-002  -5.8414936506520132E-002 
    1.091906157635585     
 bsup=    0.000000000000000       -0.5853186736112845      
   0.8980204416300998     
 b_abs=    1.007469809112812     
 g=  -1.9814820796055670E-002
 j=    0.000000000000000         1005.965766454905      
   -176.0180108070365     
 v_perp_2=    9263654.657789638     
 b_n=   8.6183699616373919E-005  -0.5834785056815475      
   0.8981197762369127     
 b_para_n=    1.007469797859312     
 dxdt=   0.4106134326326037        -2002.657275114246      
    3086.485063830473     
 dudt=    399968.7177530215     
 ---------------------
 rk4
 istep=     28000001
 grad_b=   0.3313213145561184        1.1445735478670435E-002 
   0.1214112812824290     
 bsub=  -2.2197246035931352E-002   4.2349810559320022E-002 
    1.052566664429773     
 bsup=    0.000000000000000        0.2864811457361311      
    1.089397193779001     
 b_abs=    1.076376413643130     
 g=  -1.2002893684933251E-002
 j=    0.000000000000000        -972.4207864458764      
   -74.32487723715872     
 v_perp_2=    9897235.860336661     
 b_n=   1.7504019541947406E-005   0.2855903160468764      
    1.089433400602532     
 b_para_n=    1.076376409077686     
 dxdt=   7.8676852554075430E-002    892.7692898134968      
    3410.308086911552     
 dudt=   -578942.3666807747     
 ---------------------
 rk4
 istep=     29000001
 grad_b=   0.6236744898190365        6.5160627361740900E-002 
   0.1832058509320666     
 bsub=   1.4547834168360418E-002   0.1546863992099303      
    1.742913091738374     
 bsup=    0.000000000000000       -0.8077076811736366      
    1.088527069841571     
 b_abs=    1.331325612027600     
 g=  -8.1941189734423478E-003
 j=    0.000000000000000        -569.0595059591794      
    10.93799402611542     
 v_perp_2=    12241465.28621683     
 b_n=   1.8426566431587745E-004  -0.8100520359586955      
    1.088733595968238     
 b_para_n=    1.331325610492371     
 dxdt=   0.6976710973343714        -1829.821965179443      
    2454.824146457493     
 dudt=   -506922.9767180539     
 ---------------------
 Elapsed time (seconds):     153.5336430000000     

real	2m33.543s
user	2m33.286s
sys	0m0.017s
>>> [PID 3872944] DONE  u=3500, v_perp=3000, out=bounce/dat281.dat
