>>> [PID 3864678] START u=6500, v_perp=0, out=bounce/dat224.dat, dt=5.00E-09, steps=30000000
 outer boundary:   8.3000000000000462E-002
 rk4
 istep=            1
 grad_b=  -0.5028809686097283        4.9305591889590300E-003 
  -7.9803759707936794E-003
 bsub=   8.6927610610004827E-003   4.2252127649235575E-002 
    1.020727898696957     
 bsup=    0.000000000000000        0.5002877645299598      
   0.9181488142707601     
 b_abs=   0.9787595355988328     
 g=  -1.6418858859047401E-002
 j=    0.000000000000000         576.0999116574392      
    59.07530415576189     
 v_perp_2=    0.000000000000000     
 b_n=   2.3215861652888363E-005   0.5025066818750997      
   0.9180567736796426     
 b_para_n=   0.9787595431488811     
 dxdt=   0.1541779099882760         3337.176587499495      
    6096.869318606448     
 dudt=    0.000000000000000     
 ---------------------
 rk4
 istep=      1000001
 grad_b=   0.4263346394831929       -7.2543258722925025E-002 
  -0.2114257482778658     
 bsub=   1.7642663517004508E-002   0.1614551497363107      
    1.907754786390625     
 bsup=    0.000000000000000        -1.313435527157235      
    1.075457909600694     
 b_abs=    1.356235004671082     
 g=  -7.4599999825532282E-003
 j=    0.000000000000000        -1869.336976311364      
    337.6245712966038     
 v_perp_2=    0.000000000000000     
 b_n=  -5.1667148428806127E-004   -1.317484772051289      
    1.075805390562648     
 b_para_n=    1.356235020572834     
 dxdt=   -2.476240914685953        -6314.282472013102      
    5155.990615626252     
 dudt=    0.000000000000000     
 ---------------------
 rk4
 istep=      2000001
 grad_b=  -0.8203696890613474       -7.9785512532778938E-003 
   3.4263149345867203E-002
 bsub=   1.8640348233524194E-002  -5.7812760682484671E-002 
    1.012243885780641     
 bsup=    0.000000000000000       -0.4777545543292324      
   0.9391326826481959     
 b_abs=   0.9891223470382271     
 g=  -1.8531628267683727E-002
 j=    0.000000000000000         144.9216096335663      
   -460.6351922345343     
 v_perp_2=    0.000000000000000     
 b_n=  -2.2861137789134378E-005  -0.4746376277685712      
   0.9393110816146190     
 b_para_n=   0.9891223055813794     
 dxdt=  -0.1502315687260049        -3119.072902397392      
    6172.666409445051     
 dudt=   -0.000000000000000     
 ---------------------
 rk4
 istep=      3000001
 grad_b=  -0.9769273029483826       -7.2962261463495853E-002 
  -0.1157813683001691     
 bsub=   2.1749459395081799E-002  -9.0431263453791655E-002 
    1.039971605950441     
 bsup=    0.000000000000000       -0.5642981156176626      
   0.9404962394085173     
 b_abs=    1.014040686747296     
 g=  -1.5132676222922210E-002
 j=    0.000000000000000        -675.5019815537248      
    810.7359668477043     
 v_perp_2=    0.000000000000000     
 b_n=  -3.7734644432458334E-004  -0.5598693402832490      
   0.9408893107440317     
 b_para_n=    1.014040761890075     
 dxdt=   -2.418790230422392        -3588.761762454292      
    6031.099290759255     
 dudt=    0.000000000000000     
 ---------------------
 rk4
 istep=      4000001
 grad_b=   -1.273515975537208       -5.7019993154360800E-002 
   0.1515230779014307     
 bsub=  -2.2155283443031647E-002  -0.1034336912792496      
    1.271610819161769     
 bsup=    0.000000000000000       -0.8132125191677243      
   0.8650267854853071     
 b_abs=    1.088389385166727     
 g=  -2.0580019963308903E-002
 j=    0.000000000000000         382.7897900199616      
   -329.0788519575983     
 v_perp_2=    0.000000000000000     
 b_n=  -1.5852894512543062E-004  -0.8087048122425217      
   0.8653906551088960     
 b_para_n=    1.088389352124650     
 dxdt=  -0.9467550755653534        -4829.688263042075      
    5168.223345099030     
 dudt=   -0.000000000000000     
 ---------------------
 rk4
 istep=      5000001
 grad_b=  -0.3028163084493892        1.1880194420199221E-002 
   4.4375749833669029E-002
 bsub=  -3.6226174459088864E-002  -3.3516928185833419E-002 
   0.9183391175914341     
 bsup=    0.000000000000000       -0.1581957434782933      
    1.074967737279516     
 b_abs=   0.9965912271335978     
 g=  -1.4163306636308989E-002
 j=    0.000000000000000         211.5238856235829      
   -210.0624578576426     
 v_perp_2=    0.000000000000000     
 b_n=   5.9929564767917906E-005  -0.1568592052238919      
    1.075018862758176     
 b_para_n=   0.9965912099263421     
 dxdt=   0.3908745803811147        -1023.072272562643      
    7011.523419361281     
 dudt=   -0.000000000000000     
 ---------------------
 rk4
 istep=      6000001
 grad_b=  -3.8966284451467270E-002   0.1280648105948578      
   0.1917888823915734     
 bsub=  -7.3817903341093616E-002   8.1823079909677437E-002 
    1.884224872630213     
 bsup=    0.000000000000000        -1.251835096872202      
    1.036591518600491     
 b_abs=    1.360401325065705     
 g=  -1.2637986219536105E-002
 j=    0.000000000000000         748.7915307543853      
   -209.3553364328884     
 v_perp_2=    0.000000000000000     
 b_n=   6.5592838957210175E-004   -1.251662749067156      
    1.036609720409117     
 b_para_n=    1.360401309680762     
 dxdt=    3.134027071187663        -5980.446954175383      
    4952.923181351847     
 dudt=   -0.000000000000000     
 ---------------------
 rk4
 istep=      7000001
 grad_b=   0.4424779553722057       -3.6400567568389171E-002 
   0.1518223540353678     
 bsub=  -2.3587500977716863E-004   4.3666726930018135E-002 
    1.111977567703039     
 bsup=    0.000000000000000        0.6615765887083915      
    1.040949898388732     
 b_abs=    1.089320419456469     
 g=  -1.1772284861562884E-002
 j=    0.000000000000000         965.2211401186282      
   -6.086931148766809     
 v_perp_2=    0.000000000000000     
 b_n=  -2.2930619794395341E-004   0.6591813805212999      
    1.041043910707522     
 b_para_n=    1.089320422004240     
 dxdt=   -1.368275354549349         3933.350451196970      
    6211.932947285329     
 dudt=   -0.000000000000000     
 ---------------------
 rk4
 istep=      8000001
 grad_b=   0.6111497399249737       -7.1026105277775850E-002 
  -0.1973006754709523     
 bsub=  -1.8904352114619580E-002   0.1687622290721632      
    1.859944684523576     
 bsup=    0.000000000000000       -0.9293686477486440      
    1.079670685043794     
 b_abs=    1.360369603678146     
 g=  -8.2608085168295355E-003
 j=    0.000000000000000        -415.8397276540520      
    58.45202687093905     
 v_perp_2=    0.000000000000000     
 b_n=  -4.3950546666361154E-004  -0.9344082459019721      
    1.080123487581282     
 b_para_n=    1.360369605457703     
 dxdt=   -2.100006881844656        -4464.708395421190      
    5160.952318481235     
 dudt=    0.000000000000000     
 ---------------------
 rk4
 istep=      9000001
 grad_b=  -0.8440049500145692       -4.7220842706461201E-002 
   5.6172455144083810E-002
 bsub=   1.5996411353742749E-002  -4.7492062836250543E-002 
    1.078523211955827     
 bsup=    0.000000000000000       -0.5351176749513562      
   0.9066477826367503     
 b_abs=    1.001816005242411     
 g=  -1.9733372067722577E-002
 j=    0.000000000000000        -150.8643947017716      
    44.73990854063931     
 v_perp_2=    0.000000000000000     
 b_n=  -1.6570252176190681E-004  -0.5319891924271177      
   0.9067880053594551     
 b_para_n=    1.001816009960800     
 dxdt=   -1.075113973767038        -3451.661499112568      
    5883.437653454042     
 dudt=   -0.000000000000000     
 ---------------------
 rk4
 istep=     10000001
 grad_b=   0.4875390573603341       -9.2622537372734112E-002 
  -0.1824109382687649     
 bsub=   3.7317608531057783E-002   7.7355497603570203E-002 
    1.298777181897667     
 bsup=    0.000000000000000       -0.5711115449480186      
    1.125376161077343     
 b_abs=    1.190856927071867     
 g=  -7.8755336336168765E-003
 j=    0.000000000000000         287.3949283808343      
    115.7976749701608     
 v_perp_2=    0.000000000000000     
 b_n=  -6.4651116178163898E-004  -0.5750082385087781      
    1.125626834796790     
 b_para_n=    1.190856937473681     
 dxdt=   -3.528822328982342        -3138.541190544696      
    6143.957511555276     
 dudt=    0.000000000000000     
 ---------------------
 rk4
 istep=     11000001
 grad_b=   -1.102731482705216       -0.1159507306361060      
   0.1456712794372696     
 bsub=  -2.2411593635711081E-002  -0.1386789403286072      
    1.350296690661111     
 bsup=    0.000000000000000       -0.8689209144056591      
   0.8692603201153485     
 b_abs=    1.137670120890284     
 g=  -2.0189218307855514E-002
 j=    0.000000000000000         282.6820786175468      
    288.7779680124286     
 v_perp_2=    0.000000000000000     
 b_n=  -3.5486631766732437E-004  -0.8650545242665765      
   0.8696515379234709     
 b_para_n=    1.137670144046344     
 dxdt=   -2.027504261150450        -4942.429435419635      
    4968.694156284630     
 dudt=   -0.000000000000000     
 ---------------------
 rk4
 istep=     12000001
 grad_b=  -0.2889320358589821        3.1832113819148855E-002 
   5.3061038745573025E-002
 bsub=  -3.6740264488010169E-002  -4.0028158878137376E-002 
   0.8958682653010639     
 bsup=    0.000000000000000       -0.1086657323115536      
    1.115555420679027     
 b_abs=    1.002062391078771     
 g=  -1.2284881979750695E-002
 j=    0.000000000000000         76.97501864685310      
   -9.510311488572626     
 v_perp_2=    0.000000000000000     
 b_n=   1.6891051201687338E-004  -0.1072495867979110      
    1.115625621318610     
 b_para_n=    1.002062390091511     
 dxdt=    1.095658652560957        -695.6875351072284      
    7236.641760308686     
 dudt=   -0.000000000000000     
 ---------------------
 rk4
 istep=     13000001
 grad_b=  -0.6022986496394764       -2.3330714007189415E-002 
   5.0479653321690812E-002
 bsub=  -4.9196123515187637E-002  -0.2292332860330495      
    1.527691327329802     
 bsup=    0.000000000000000        -1.270576736795639      
   0.9056527958583179     
 b_abs=    1.294059828815906     
 g=  -1.8346304267648071E-002
 j=    0.000000000000000         221.7999288696927      
    24.53638204255596     
 v_perp_2=    0.000000000000000     
 b_n=  -5.3276760695521225E-005   -1.268545645855976      
   0.9059558490666104     
 b_para_n=    1.294059828134173     
 dxdt=  -0.2676065951449831        -6371.843495020321      
    4550.572462653098     
 dudt=   -0.000000000000000     
 ---------------------
 rk4
 istep=     14000001
 grad_b=   0.6035455349005233        1.4944604541721598E-002 
   0.1459467977348017     
 bsub=  -8.0178131326989616E-003   5.8546241917524028E-002 
    1.138812055656894     
 bsup=    0.000000000000000        0.3107118361885741      
    1.096448290329125     
 b_abs=    1.125439298193402     
 g=  -1.0412089654368762E-002
 j=    0.000000000000000         917.1745627995240      
   -377.5962669209147     
 v_perp_2=    0.000000000000000     
 b_n=   4.3695802718634443E-005   0.3071619039610609      
    1.096631074628119     
 b_para_n=    1.125439272805552     
 dxdt=   0.2523660978731421         1774.020530463441      
    6333.617599209489     
 dudt=   -0.000000000000000     
 ---------------------
 rk4
 istep=     15000001
 grad_b=   0.7098321875803969       -7.0051721300940020E-003 
  -0.1701990389862870     
 bsub=  -6.6779158101751307E-002   0.1248670252772678      
    1.792501315589044     
 bsup=    0.000000000000000       -0.8515484064549887      
    1.064561798550905     
 b_abs=    1.342093253064080     
 g=  -1.0138713340667654E-002
 j=    0.000000000000000        -138.2839929383225      
    354.5932712953336     
 v_perp_2=    0.000000000000000     
 b_n=   3.2378332449532124E-005  -0.8562438938224143      
    1.064890118035232     
 b_para_n=    1.342093282398862     
 dxdt=   0.1568141079923919        -4146.943720557001      
    5157.455042809685     
 dudt=    0.000000000000000     
 ---------------------
 rk4
 istep=     16000001
 grad_b=   0.2162212157583479       -0.1846402491318445      
   0.1330436338269164     
 bsub=   4.2688529886890446E-002  -7.7732663721982370E-002 
    1.363237368674634     
 bsup=    0.000000000000000       -0.5353086205973279      
   0.9352137422866187     
 b_abs=    1.147607553948034     
 g=  -1.8729568517853491E-002
 j=    0.000000000000000         672.3020246351396      
    234.0015605357127     
 v_perp_2=    0.000000000000000     
 b_n=  -6.6538418002935686E-004  -0.5361054917025486      
   0.9351891546539942     
 b_para_n=    1.147607571254992     
 dxdt=   -3.768707421005529        -3036.478482148571      
    5296.871210603318     
 dudt=   -0.000000000000000     
 ---------------------
 rk4
 istep=     17000001
 grad_b=   0.7301994321602296       -4.5404507244973281E-002 
  -0.1602504224895734     
 bsub=   4.1204926483934812E-003   8.5363194294136260E-002 
    1.291685869686206     
 bsup=    0.000000000000000       -0.2098360304639901      
    1.128365652681654     
 b_abs=    1.199908384829566     
 g=  -8.3256784470990153E-003
 j=    0.000000000000000        -629.2332896420361      
    101.6347022166776     
 v_perp_2=    0.000000000000000     
 b_n=  -2.5509735954042936E-004  -0.2151902963662704      
    1.128720316227940     
 b_para_n=    1.199908389433181     
 dxdt=   -1.381882860070733        -1165.703097585225      
    6114.368496871122     
 dudt=    0.000000000000000     
 ---------------------
 rk4
 istep=     18000001
 grad_b=  -0.8307518981480763       -0.1539891375307108      
   0.1347111521139078     
 bsub=  -1.5367488379332044E-002  -0.1846519340112661      
    1.421340059789770     
 bsup=    0.000000000000000       -0.9960167143027631      
   0.8791762442434846     
 b_abs=    1.197168411929508     
 g=  -1.8773116912490326E-002
 j=    0.000000000000000         349.0733542427572      
   -35.19149298834733     
 v_perp_2=    0.000000000000000     
 b_n=  -4.9029361574906940E-004  -0.9930376918282002      
   0.8795579540990065     
 b_para_n=    1.197168405104170     
 dxdt=   -2.662038597728985        -5391.676700924671      
    4775.540915771222     
 dudt=   -0.000000000000000     
 ---------------------
 rk4
 istep=     19000001
 grad_b=  -0.6982898777544012       -1.3125725400430437E-002 
  -1.0402138603824107E-002
 bsub=   9.1750881228088652E-003  -9.4883345721948009E-002 
   0.8040627567269287     
 bsup=    0.000000000000000       -0.2802859815154396      
    1.168472337110520     
 b_abs=   0.9832010421196055     
 g=  -9.5071093067450110E-003
 j=    0.000000000000000         320.6825978833084      
   -274.4158238858092     
 v_perp_2=    0.000000000000000     
 b_n=  -8.5391802223884648E-005  -0.2761323171058945      
    1.168963437125891     
 b_para_n=   0.9832010199254605     
 dxdt=  -0.5645302468231064        -1825.527053790473      
    7728.086309241559     
 dudt=    0.000000000000000     
 ---------------------
 rk4
 istep=     20000001
 grad_b=  -0.5695920872015041        0.1245499445554302      
  -9.8443665303622641E-002
 bsub=   5.9973373989553212E-003  -0.2287634538759413      
    1.490860045708096     
 bsup=    0.000000000000000        -1.183218645414566      
   0.8939799650736547     
 b_abs=    1.266198115940692     
 g=  -1.7205009700853563E-002
 j=    0.000000000000000        -146.5355999765652      
   -228.3649281885674     
 v_perp_2=    0.000000000000000     
 b_n=   4.0223678791848847E-004   -1.181126710125637      
   0.8942993279000895     
 b_para_n=    1.266198099581298     
 dxdt=    2.064873673665077        -6063.287899701754      
    4590.865863147942     
 dudt=    0.000000000000000     
 ---------------------
 rk4
 istep=     21000001
 grad_b=   0.6246500578368014        4.2717248985485748E-002 
   0.1520153403463684     
 bsub=  -1.3314687591626885E-002   6.9174983430618189E-002 
    1.184790014405885     
 bsup=    0.000000000000000       -2.5273177794318702E-002 
    1.124673817288137     
 b_abs=    1.154066766211292     
 g=  -9.1398531937800145E-003
 j=    0.000000000000000         575.0315984247911      
   -126.5518729641498     
 v_perp_2=    0.000000000000000     
 b_n=   2.2397640822636100E-004  -2.9418597635390495E-002 
    1.124918361354651     
 b_para_n=    1.154066759143560     
 dxdt=    1.261492579988821        -165.6930876095456      
    6335.828747230782     
 dudt=   -0.000000000000000     
 ---------------------
 rk4
 istep=     22000001
 grad_b=   0.3198094971514368        0.1719220286957991      
  -0.1227068543355644     
 bsub=  -6.2903833621627284E-002  -0.1094477604863415      
    1.464759380418688     
 bsup=    0.000000000000000       -0.7828030392694263      
   0.9448201760143545     
 b_abs=    1.212257619882079     
 g=  -1.8043445537033721E-002
 j=    0.000000000000000        -396.2296466894417      
   -559.9617955076917     
 v_perp_2=    0.000000000000000     
 b_n=   6.1135931122813150E-004  -0.7839845909372013      
   0.9447581070492702     
 b_para_n=    1.212257574710740     
 dxdt=    3.278045529169874        -4203.644462529142      
    5065.695462687095     
 dudt=    0.000000000000000     
 ---------------------
 rk4
 istep=     23000001
 grad_b=   0.7522778094234432       -3.5857033231544919E-003 
   0.1697416857881916     
 bsub=   6.2635885055212073E-002   9.5937894926659828E-002 
    1.654859197980545     
 bsup=    0.000000000000000       -0.6925824997772128      
    1.059695958960663     
 b_abs=    1.298855166923743     
 g=  -1.0111623259555086E-002
 j=    0.000000000000000        -2120.987477045607      
   -62.39023896164176     
 v_perp_2=    0.000000000000000     
 b_n=  -8.8569065649010532E-005  -0.6975028286300060      
    1.059984547509557     
 b_para_n=    1.298855151387191     
 dxdt=  -0.4432356649651932        -3490.588139295537      
    5304.594243209978     
 dudt=   -0.000000000000000     
 ---------------------
 rk4
 istep=     24000001
 grad_b=   0.7398265021653755       -1.3160322771507572E-002 
  -0.1562158399273969     
 bsub=  -6.3885080828655419E-003   6.9153093347871855E-002 
    1.235716125005430     
 bsup=    0.000000000000000        0.1991375930598226      
    1.101001731738425     
 b_abs=    1.172266881979199     
 g=  -9.2783474290718711E-003
 j=    0.000000000000000        -1130.768523853294      
    140.0426305035531     
 v_perp_2=    0.000000000000000     
 b_n=  -2.9117100862922543E-005   0.1942671580491611      
    1.101274145879346     
 b_para_n=    1.172266887877611     
 dxdt=  -0.1614488625125750         1077.174950838825      
    6106.358562405374     
 dudt=    0.000000000000000     
 ---------------------
 rk4
 istep=     25000001
 grad_b=  -0.3243245038633235       -0.1163007806916984      
   6.3355370265418612E-002
 bsub=   3.0978650004267416E-002  -0.2347945983857117      
    1.492541556575445     
 bsup=    0.000000000000000        -1.219485067583388      
   0.9021342807690684     
 b_abs=    1.277869097915729     
 g=  -1.7892088528012755E-002
 j=    0.000000000000000        -647.2629876642071      
   -9.907862652929715     
 v_perp_2=    0.000000000000000     
 b_n=  -3.6938180758276483E-004   -1.218353910618142      
   0.9023198981594498     
 b_para_n=    1.277869105094606     
 dxdt=   -1.878894903801760        -6197.270430473098      
    4589.734046040815     
 dudt=   -0.000000000000000     
 ---------------------
 rk4
 istep=     26000001
 grad_b=  -9.5850457997161964E-002  -5.0462202244053081E-002 
  -8.4898840791446745E-002
 bsub=   4.0854071815881160E-002  -1.2281182127626689E-002 
   0.9325859779158641     
 bsup=    0.000000000000000        1.1419662781034345E-002 
    1.129132844019727     
 b_abs=    1.025650126193058     
 g=  -1.1457610458600867E-002
 j=    0.000000000000000         17.44543479984893      
    100.0071111382278     
 v_perp_2=    0.000000000000000     
 b_n=  -2.7138723238116650E-004   1.1904409059742367E-002 
    1.129151124675572     
 b_para_n=    1.025650133751671     
 dxdt=   -1.719901311790483         75.44352244686611      
    7155.931705039144     
 dudt=    0.000000000000000     
 ---------------------
 rk4
 istep=     27000001
 grad_b=  -0.9203424793271573        0.1408841331370639      
  -0.1422243343779739     
 bsub=   2.4196808320989641E-002  -0.1850697085386570      
    1.436462433382648     
 bsup=    0.000000000000000        -1.023030040815138      
   0.8795007332326018     
 b_abs=    1.205242644946898     
 g=  -1.8905555544945579E-002
 j=    0.000000000000000         359.0025350989873      
   -57.39242827856361     
 v_perp_2=    0.000000000000000     
 b_n=   4.3592887956117534E-004   -1.019765015910188      
   0.8799140392477441     
 b_para_n=    1.205242636188705     
 dxdt=    2.351010188378360        -5499.699732144556      
    4745.468740797883     
 dudt=    0.000000000000000     
 ---------------------
 rk4
 istep=     28000001
 grad_b=   0.3942808357120876        9.2168010635423098E-002 
   0.1723572656720698     
 bsub=  -3.9361149182941368E-002   6.2791762787889158E-002 
    1.192369908848577     
 bsup=    0.000000000000000       -0.4897214792197586      
    1.134261850896560     
 b_abs=    1.150221091461016     
 g=  -8.1737369954462628E-003
 j=    0.000000000000000         571.8543526429158      
    33.69734384870196     
 v_perp_2=    0.000000000000000     
 b_n=   6.2300827071762430E-004  -0.4927203605013872      
    1.134440346692715     
 b_para_n=    1.150221096375410     
 dxdt=    3.520674218570288        -2784.405844538363      
    6410.821603550172     
 dudt=   -0.000000000000000     
 ---------------------
 rk4
 istep=     29000001
 grad_b=  -0.9481495918919719        9.1342353432944667E-002 
  -9.2828378912046997E-002
 bsub=  -6.1711656163158457E-003  -7.0942535692020858E-002 
    1.158935416949805     
 bsup=    0.000000000000000       -0.6457994769530776      
   0.8849283739376735     
 b_abs=    1.035129543980231     
 g=  -2.0305470799023038E-002
 j=    0.000000000000000         1003.036727103889      
    351.7664570705142     
 v_perp_2=    0.000000000000000     
 b_n=   3.1027344558439649E-004  -0.6423632628395920      
   0.8851403928884862     
 b_para_n=    1.035129570817404     
 dxdt=    1.948333284214847        -4033.660448092714      
    5558.156887771935     
 dudt=    0.000000000000000     
 ---------------------
 Elapsed time (seconds):     154.0648110000000     

real	2m34.076s
user	2m33.803s
sys	0m0.020s
>>> [PID 3864678] DONE  u=6500, v_perp=0, out=bounce/dat224.dat
