>>> [PID 3862059] START u=0, v_perp=0, out=bounce/dat211.dat, dt=5.00E-09, steps=30000000
 outer boundary:   8.3000000000000462E-002
 rk4
 istep=            1
 grad_b=  -0.5028826715584294        4.9322209906313488E-003 
  -7.9838887218344895E-003
 bsub=   8.6923089160121508E-003   4.2252382399938539E-002 
    1.020726902526538     
 bsup=    0.000000000000000        0.5003201038014752      
   0.9181485141625151     
 b_abs=   0.9787596970293548     
 g=  -1.6418694875976761E-002
 j=    0.000000000000000         576.0999572678786      
    59.09978535609319     
 v_perp_2=    0.000000000000000     
 b_n=    0.000000000000000        0.5003201038014752      
   0.9181485141625151     
 b_para_n=   0.9787596970293548     
 dxdt=    0.000000000000000         0.000000000000000      
    0.000000000000000     
 dudt=    0.000000000000000     
 ---------------------
 rk4
 istep=      1000001
 grad_b=  -0.5028826715584294        4.9322209906313488E-003 
  -7.9838887218344895E-003
 bsub=   8.6923089160121508E-003   4.2252382399938539E-002 
    1.020726902526538     
 bsup=    0.000000000000000        0.5003201038014752      
   0.9181485141625151     
 b_abs=   0.9787596970293548     
 g=  -1.6418694875976761E-002
 j=    0.000000000000000         576.0999572678786      
    59.09978535609319     
 v_perp_2=    0.000000000000000     
 b_n=    0.000000000000000        0.5003201038014752      
   0.9181485141625151     
 b_para_n=   0.9787596970293548     
 dxdt=    0.000000000000000         0.000000000000000      
    0.000000000000000     
 dudt=    0.000000000000000     
 ---------------------
 rk4
 istep=      2000001
 grad_b=  -0.5028826715584294        4.9322209906313488E-003 
  -7.9838887218344895E-003
 bsub=   8.6923089160121508E-003   4.2252382399938539E-002 
    1.020726902526538     
 bsup=    0.000000000000000        0.5003201038014752      
   0.9181485141625151     
 b_abs=   0.9787596970293548     
 g=  -1.6418694875976761E-002
 j=    0.000000000000000         576.0999572678786      
    59.09978535609319     
 v_perp_2=    0.000000000000000     
 b_n=    0.000000000000000        0.5003201038014752      
   0.9181485141625151     
 b_para_n=   0.9787596970293548     
 dxdt=    0.000000000000000         0.000000000000000      
    0.000000000000000     
 dudt=    0.000000000000000     
 ---------------------
 rk4
 istep=      3000001
 grad_b=  -0.5028826715584294        4.9322209906313488E-003 
  -7.9838887218344895E-003
 bsub=   8.6923089160121508E-003   4.2252382399938539E-002 
    1.020726902526538     
 bsup=    0.000000000000000        0.5003201038014752      
   0.9181485141625151     
 b_abs=   0.9787596970293548     
 g=  -1.6418694875976761E-002
 j=    0.000000000000000         576.0999572678786      
    59.09978535609319     
 v_perp_2=    0.000000000000000     
 b_n=    0.000000000000000        0.5003201038014752      
   0.9181485141625151     
 b_para_n=   0.9787596970293548     
 dxdt=    0.000000000000000         0.000000000000000      
    0.000000000000000     
 dudt=    0.000000000000000     
 ---------------------
 rk4
 istep=      4000001
 grad_b=  -0.5028826715584294        4.9322209906313488E-003 
  -7.9838887218344895E-003
 bsub=   8.6923089160121508E-003   4.2252382399938539E-002 
    1.020726902526538     
 bsup=    0.000000000000000        0.5003201038014752      
   0.9181485141625151     
 b_abs=   0.9787596970293548     
 g=  -1.6418694875976761E-002
 j=    0.000000000000000         576.0999572678786      
    59.09978535609319     
 v_perp_2=    0.000000000000000     
 b_n=    0.000000000000000        0.5003201038014752      
   0.9181485141625151     
 b_para_n=   0.9787596970293548     
 dxdt=    0.000000000000000         0.000000000000000      
    0.000000000000000     
 dudt=    0.000000000000000     
 ---------------------
 rk4
 istep=      5000001
 grad_b=  -0.5028826715584294        4.9322209906313488E-003 
  -7.9838887218344895E-003
 bsub=   8.6923089160121508E-003   4.2252382399938539E-002 
    1.020726902526538     
 bsup=    0.000000000000000        0.5003201038014752      
   0.9181485141625151     
 b_abs=   0.9787596970293548     
 g=  -1.6418694875976761E-002
 j=    0.000000000000000         576.0999572678786      
    59.09978535609319     
 v_perp_2=    0.000000000000000     
 b_n=    0.000000000000000        0.5003201038014752      
   0.9181485141625151     
 b_para_n=   0.9787596970293548     
 dxdt=    0.000000000000000         0.000000000000000      
    0.000000000000000     
 dudt=    0.000000000000000     
 ---------------------
 rk4
 istep=      6000001
 grad_b=  -0.5028826715584294        4.9322209906313488E-003 
  -7.9838887218344895E-003
 bsub=   8.6923089160121508E-003   4.2252382399938539E-002 
    1.020726902526538     
 bsup=    0.000000000000000        0.5003201038014752      
   0.9181485141625151     
 b_abs=   0.9787596970293548     
 g=  -1.6418694875976761E-002
 j=    0.000000000000000         576.0999572678786      
    59.09978535609319     
 v_perp_2=    0.000000000000000     
 b_n=    0.000000000000000        0.5003201038014752      
   0.9181485141625151     
 b_para_n=   0.9787596970293548     
 dxdt=    0.000000000000000         0.000000000000000      
    0.000000000000000     
 dudt=    0.000000000000000     
 ---------------------
 rk4
 istep=      7000001
 grad_b=  -0.5028826715584294        4.9322209906313488E-003 
  -7.9838887218344895E-003
 bsub=   8.6923089160121508E-003   4.2252382399938539E-002 
    1.020726902526538     
 bsup=    0.000000000000000        0.5003201038014752      
   0.9181485141625151     
 b_abs=   0.9787596970293548     
 g=  -1.6418694875976761E-002
 j=    0.000000000000000         576.0999572678786      
    59.09978535609319     
 v_perp_2=    0.000000000000000     
 b_n=    0.000000000000000        0.5003201038014752      
   0.9181485141625151     
 b_para_n=   0.9787596970293548     
 dxdt=    0.000000000000000         0.000000000000000      
    0.000000000000000     
 dudt=    0.000000000000000     
 ---------------------
 rk4
 istep=      8000001
 grad_b=  -0.5028826715584294        4.9322209906313488E-003 
  -7.9838887218344895E-003
 bsub=   8.6923089160121508E-003   4.2252382399938539E-002 
    1.020726902526538     
 bsup=    0.000000000000000        0.5003201038014752      
   0.9181485141625151     
 b_abs=   0.9787596970293548     
 g=  -1.6418694875976761E-002
 j=    0.000000000000000         576.0999572678786      
    59.09978535609319     
 v_perp_2=    0.000000000000000     
 b_n=    0.000000000000000        0.5003201038014752      
   0.9181485141625151     
 b_para_n=   0.9787596970293548     
 dxdt=    0.000000000000000         0.000000000000000      
    0.000000000000000     
 dudt=    0.000000000000000     
 ---------------------
 rk4
 istep=      9000001
 grad_b=  -0.5028826715584294        4.9322209906313488E-003 
  -7.9838887218344895E-003
 bsub=   8.6923089160121508E-003   4.2252382399938539E-002 
    1.020726902526538     
 bsup=    0.000000000000000        0.5003201038014752      
   0.9181485141625151     
 b_abs=   0.9787596970293548     
 g=  -1.6418694875976761E-002
 j=    0.000000000000000         576.0999572678786      
    59.09978535609319     
 v_perp_2=    0.000000000000000     
 b_n=    0.000000000000000        0.5003201038014752      
   0.9181485141625151     
 b_para_n=   0.9787596970293548     
 dxdt=    0.000000000000000         0.000000000000000      
    0.000000000000000     
 dudt=    0.000000000000000     
 ---------------------
 rk4
 istep=     10000001
 grad_b=  -0.5028826715584294        4.9322209906313488E-003 
  -7.9838887218344895E-003
 bsub=   8.6923089160121508E-003   4.2252382399938539E-002 
    1.020726902526538     
 bsup=    0.000000000000000        0.5003201038014752      
   0.9181485141625151     
 b_abs=   0.9787596970293548     
 g=  -1.6418694875976761E-002
 j=    0.000000000000000         576.0999572678786      
    59.09978535609319     
 v_perp_2=    0.000000000000000     
 b_n=    0.000000000000000        0.5003201038014752      
   0.9181485141625151     
 b_para_n=   0.9787596970293548     
 dxdt=    0.000000000000000         0.000000000000000      
    0.000000000000000     
 dudt=    0.000000000000000     
 ---------------------
 rk4
 istep=     11000001
 grad_b=  -0.5028826715584294        4.9322209906313488E-003 
  -7.9838887218344895E-003
 bsub=   8.6923089160121508E-003   4.2252382399938539E-002 
    1.020726902526538     
 bsup=    0.000000000000000        0.5003201038014752      
   0.9181485141625151     
 b_abs=   0.9787596970293548     
 g=  -1.6418694875976761E-002
 j=    0.000000000000000         576.0999572678786      
    59.09978535609319     
 v_perp_2=    0.000000000000000     
 b_n=    0.000000000000000        0.5003201038014752      
   0.9181485141625151     
 b_para_n=   0.9787596970293548     
 dxdt=    0.000000000000000         0.000000000000000      
    0.000000000000000     
 dudt=    0.000000000000000     
 ---------------------
 rk4
 istep=     12000001
 grad_b=  -0.5028826715584294        4.9322209906313488E-003 
  -7.9838887218344895E-003
 bsub=   8.6923089160121508E-003   4.2252382399938539E-002 
    1.020726902526538     
 bsup=    0.000000000000000        0.5003201038014752      
   0.9181485141625151     
 b_abs=   0.9787596970293548     
 g=  -1.6418694875976761E-002
 j=    0.000000000000000         576.0999572678786      
    59.09978535609319     
 v_perp_2=    0.000000000000000     
 b_n=    0.000000000000000        0.5003201038014752      
   0.9181485141625151     
 b_para_n=   0.9787596970293548     
 dxdt=    0.000000000000000         0.000000000000000      
    0.000000000000000     
 dudt=    0.000000000000000     
 ---------------------
 rk4
 istep=     13000001
 grad_b=  -0.5028826715584294        4.9322209906313488E-003 
  -7.9838887218344895E-003
 bsub=   8.6923089160121508E-003   4.2252382399938539E-002 
    1.020726902526538     
 bsup=    0.000000000000000        0.5003201038014752      
   0.9181485141625151     
 b_abs=   0.9787596970293548     
 g=  -1.6418694875976761E-002
 j=    0.000000000000000         576.0999572678786      
    59.09978535609319     
 v_perp_2=    0.000000000000000     
 b_n=    0.000000000000000        0.5003201038014752      
   0.9181485141625151     
 b_para_n=   0.9787596970293548     
 dxdt=    0.000000000000000         0.000000000000000      
    0.000000000000000     
 dudt=    0.000000000000000     
 ---------------------
 rk4
 istep=     14000001
 grad_b=  -0.5028826715584294        4.9322209906313488E-003 
  -7.9838887218344895E-003
 bsub=   8.6923089160121508E-003   4.2252382399938539E-002 
    1.020726902526538     
 bsup=    0.000000000000000        0.5003201038014752      
   0.9181485141625151     
 b_abs=   0.9787596970293548     
 g=  -1.6418694875976761E-002
 j=    0.000000000000000         576.0999572678786      
    59.09978535609319     
 v_perp_2=    0.000000000000000     
 b_n=    0.000000000000000        0.5003201038014752      
   0.9181485141625151     
 b_para_n=   0.9787596970293548     
 dxdt=    0.000000000000000         0.000000000000000      
    0.000000000000000     
 dudt=    0.000000000000000     
 ---------------------
 rk4
 istep=     15000001
 grad_b=  -0.5028826715584294        4.9322209906313488E-003 
  -7.9838887218344895E-003
 bsub=   8.6923089160121508E-003   4.2252382399938539E-002 
    1.020726902526538     
 bsup=    0.000000000000000        0.5003201038014752      
   0.9181485141625151     
 b_abs=   0.9787596970293548     
 g=  -1.6418694875976761E-002
 j=    0.000000000000000         576.0999572678786      
    59.09978535609319     
 v_perp_2=    0.000000000000000     
 b_n=    0.000000000000000        0.5003201038014752      
   0.9181485141625151     
 b_para_n=   0.9787596970293548     
 dxdt=    0.000000000000000         0.000000000000000      
    0.000000000000000     
 dudt=    0.000000000000000     
 ---------------------
 rk4
 istep=     16000001
 grad_b=  -0.5028826715584294        4.9322209906313488E-003 
  -7.9838887218344895E-003
 bsub=   8.6923089160121508E-003   4.2252382399938539E-002 
    1.020726902526538     
 bsup=    0.000000000000000        0.5003201038014752      
   0.9181485141625151     
 b_abs=   0.9787596970293548     
 g=  -1.6418694875976761E-002
 j=    0.000000000000000         576.0999572678786      
    59.09978535609319     
 v_perp_2=    0.000000000000000     
 b_n=    0.000000000000000        0.5003201038014752      
   0.9181485141625151     
 b_para_n=   0.9787596970293548     
 dxdt=    0.000000000000000         0.000000000000000      
    0.000000000000000     
 dudt=    0.000000000000000     
 ---------------------
 rk4
 istep=     17000001
 grad_b=  -0.5028826715584294        4.9322209906313488E-003 
  -7.9838887218344895E-003
 bsub=   8.6923089160121508E-003   4.2252382399938539E-002 
    1.020726902526538     
 bsup=    0.000000000000000        0.5003201038014752      
   0.9181485141625151     
 b_abs=   0.9787596970293548     
 g=  -1.6418694875976761E-002
 j=    0.000000000000000         576.0999572678786      
    59.09978535609319     
 v_perp_2=    0.000000000000000     
 b_n=    0.000000000000000        0.5003201038014752      
   0.9181485141625151     
 b_para_n=   0.9787596970293548     
 dxdt=    0.000000000000000         0.000000000000000      
    0.000000000000000     
 dudt=    0.000000000000000     
 ---------------------
 rk4
 istep=     18000001
 grad_b=  -0.5028826715584294        4.9322209906313488E-003 
  -7.9838887218344895E-003
 bsub=   8.6923089160121508E-003   4.2252382399938539E-002 
    1.020726902526538     
 bsup=    0.000000000000000        0.5003201038014752      
   0.9181485141625151     
 b_abs=   0.9787596970293548     
 g=  -1.6418694875976761E-002
 j=    0.000000000000000         576.0999572678786      
    59.09978535609319     
 v_perp_2=    0.000000000000000     
 b_n=    0.000000000000000        0.5003201038014752      
   0.9181485141625151     
 b_para_n=   0.9787596970293548     
 dxdt=    0.000000000000000         0.000000000000000      
    0.000000000000000     
 dudt=    0.000000000000000     
 ---------------------
 rk4
 istep=     19000001
 grad_b=  -0.5028826715584294        4.9322209906313488E-003 
  -7.9838887218344895E-003
 bsub=   8.6923089160121508E-003   4.2252382399938539E-002 
    1.020726902526538     
 bsup=    0.000000000000000        0.5003201038014752      
   0.9181485141625151     
 b_abs=   0.9787596970293548     
 g=  -1.6418694875976761E-002
 j=    0.000000000000000         576.0999572678786      
    59.09978535609319     
 v_perp_2=    0.000000000000000     
 b_n=    0.000000000000000        0.5003201038014752      
   0.9181485141625151     
 b_para_n=   0.9787596970293548     
 dxdt=    0.000000000000000         0.000000000000000      
    0.000000000000000     
 dudt=    0.000000000000000     
 ---------------------
 rk4
 istep=     20000001
 grad_b=  -0.5028826715584294        4.9322209906313488E-003 
  -7.9838887218344895E-003
 bsub=   8.6923089160121508E-003   4.2252382399938539E-002 
    1.020726902526538     
 bsup=    0.000000000000000        0.5003201038014752      
   0.9181485141625151     
 b_abs=   0.9787596970293548     
 g=  -1.6418694875976761E-002
 j=    0.000000000000000         576.0999572678786      
    59.09978535609319     
 v_perp_2=    0.000000000000000     
 b_n=    0.000000000000000        0.5003201038014752      
   0.9181485141625151     
 b_para_n=   0.9787596970293548     
 dxdt=    0.000000000000000         0.000000000000000      
    0.000000000000000     
 dudt=    0.000000000000000     
 ---------------------
 rk4
 istep=     21000001
 grad_b=  -0.5028826715584294        4.9322209906313488E-003 
  -7.9838887218344895E-003
 bsub=   8.6923089160121508E-003   4.2252382399938539E-002 
    1.020726902526538     
 bsup=    0.000000000000000        0.5003201038014752      
   0.9181485141625151     
 b_abs=   0.9787596970293548     
 g=  -1.6418694875976761E-002
 j=    0.000000000000000         576.0999572678786      
    59.09978535609319     
 v_perp_2=    0.000000000000000     
 b_n=    0.000000000000000        0.5003201038014752      
   0.9181485141625151     
 b_para_n=   0.9787596970293548     
 dxdt=    0.000000000000000         0.000000000000000      
    0.000000000000000     
 dudt=    0.000000000000000     
 ---------------------
 rk4
 istep=     22000001
 grad_b=  -0.5028826715584294        4.9322209906313488E-003 
  -7.9838887218344895E-003
 bsub=   8.6923089160121508E-003   4.2252382399938539E-002 
    1.020726902526538     
 bsup=    0.000000000000000        0.5003201038014752      
   0.9181485141625151     
 b_abs=   0.9787596970293548     
 g=  -1.6418694875976761E-002
 j=    0.000000000000000         576.0999572678786      
    59.09978535609319     
 v_perp_2=    0.000000000000000     
 b_n=    0.000000000000000        0.5003201038014752      
   0.9181485141625151     
 b_para_n=   0.9787596970293548     
 dxdt=    0.000000000000000         0.000000000000000      
    0.000000000000000     
 dudt=    0.000000000000000     
 ---------------------
 rk4
 istep=     23000001
 grad_b=  -0.5028826715584294        4.9322209906313488E-003 
  -7.9838887218344895E-003
 bsub=   8.6923089160121508E-003   4.2252382399938539E-002 
    1.020726902526538     
 bsup=    0.000000000000000        0.5003201038014752      
   0.9181485141625151     
 b_abs=   0.9787596970293548     
 g=  -1.6418694875976761E-002
 j=    0.000000000000000         576.0999572678786      
    59.09978535609319     
 v_perp_2=    0.000000000000000     
 b_n=    0.000000000000000        0.5003201038014752      
   0.9181485141625151     
 b_para_n=   0.9787596970293548     
 dxdt=    0.000000000000000         0.000000000000000      
    0.000000000000000     
 dudt=    0.000000000000000     
 ---------------------
 rk4
 istep=     24000001
 grad_b=  -0.5028826715584294        4.9322209906313488E-003 
  -7.9838887218344895E-003
 bsub=   8.6923089160121508E-003   4.2252382399938539E-002 
    1.020726902526538     
 bsup=    0.000000000000000        0.5003201038014752      
   0.9181485141625151     
 b_abs=   0.9787596970293548     
 g=  -1.6418694875976761E-002
 j=    0.000000000000000         576.0999572678786      
    59.09978535609319     
 v_perp_2=    0.000000000000000     
 b_n=    0.000000000000000        0.5003201038014752      
   0.9181485141625151     
 b_para_n=   0.9787596970293548     
 dxdt=    0.000000000000000         0.000000000000000      
    0.000000000000000     
 dudt=    0.000000000000000     
 ---------------------
 rk4
 istep=     25000001
 grad_b=  -0.5028826715584294        4.9322209906313488E-003 
  -7.9838887218344895E-003
 bsub=   8.6923089160121508E-003   4.2252382399938539E-002 
    1.020726902526538     
 bsup=    0.000000000000000        0.5003201038014752      
   0.9181485141625151     
 b_abs=   0.9787596970293548     
 g=  -1.6418694875976761E-002
 j=    0.000000000000000         576.0999572678786      
    59.09978535609319     
 v_perp_2=    0.000000000000000     
 b_n=    0.000000000000000        0.5003201038014752      
   0.9181485141625151     
 b_para_n=   0.9787596970293548     
 dxdt=    0.000000000000000         0.000000000000000      
    0.000000000000000     
 dudt=    0.000000000000000     
 ---------------------
 rk4
 istep=     26000001
 grad_b=  -0.5028826715584294        4.9322209906313488E-003 
  -7.9838887218344895E-003
 bsub=   8.6923089160121508E-003   4.2252382399938539E-002 
    1.020726902526538     
 bsup=    0.000000000000000        0.5003201038014752      
   0.9181485141625151     
 b_abs=   0.9787596970293548     
 g=  -1.6418694875976761E-002
 j=    0.000000000000000         576.0999572678786      
    59.09978535609319     
 v_perp_2=    0.000000000000000     
 b_n=    0.000000000000000        0.5003201038014752      
   0.9181485141625151     
 b_para_n=   0.9787596970293548     
 dxdt=    0.000000000000000         0.000000000000000      
    0.000000000000000     
 dudt=    0.000000000000000     
 ---------------------
 rk4
 istep=     27000001
 grad_b=  -0.5028826715584294        4.9322209906313488E-003 
  -7.9838887218344895E-003
 bsub=   8.6923089160121508E-003   4.2252382399938539E-002 
    1.020726902526538     
 bsup=    0.000000000000000        0.5003201038014752      
   0.9181485141625151     
 b_abs=   0.9787596970293548     
 g=  -1.6418694875976761E-002
 j=    0.000000000000000         576.0999572678786      
    59.09978535609319     
 v_perp_2=    0.000000000000000     
 b_n=    0.000000000000000        0.5003201038014752      
   0.9181485141625151     
 b_para_n=   0.9787596970293548     
 dxdt=    0.000000000000000         0.000000000000000      
    0.000000000000000     
 dudt=    0.000000000000000     
 ---------------------
 rk4
 istep=     28000001
 grad_b=  -0.5028826715584294        4.9322209906313488E-003 
  -7.9838887218344895E-003
 bsub=   8.6923089160121508E-003   4.2252382399938539E-002 
    1.020726902526538     
 bsup=    0.000000000000000        0.5003201038014752      
   0.9181485141625151     
 b_abs=   0.9787596970293548     
 g=  -1.6418694875976761E-002
 j=    0.000000000000000         576.0999572678786      
    59.09978535609319     
 v_perp_2=    0.000000000000000     
 b_n=    0.000000000000000        0.5003201038014752      
   0.9181485141625151     
 b_para_n=   0.9787596970293548     
 dxdt=    0.000000000000000         0.000000000000000      
    0.000000000000000     
 dudt=    0.000000000000000     
 ---------------------
 rk4
 istep=     29000001
 grad_b=  -0.5028826715584294        4.9322209906313488E-003 
  -7.9838887218344895E-003
 bsub=   8.6923089160121508E-003   4.2252382399938539E-002 
    1.020726902526538     
 bsup=    0.000000000000000        0.5003201038014752      
   0.9181485141625151     
 b_abs=   0.9787596970293548     
 g=  -1.6418694875976761E-002
 j=    0.000000000000000         576.0999572678786      
    59.09978535609319     
 v_perp_2=    0.000000000000000     
 b_n=    0.000000000000000        0.5003201038014752      
   0.9181485141625151     
 b_para_n=   0.9787596970293548     
 dxdt=    0.000000000000000         0.000000000000000      
    0.000000000000000     
 dudt=    0.000000000000000     
 ---------------------
 Elapsed time (seconds):     154.2976870000000     

real	2m34.308s
user	2m33.953s
sys	0m0.022s
>>> [PID 3862059] DONE  u=0, v_perp=0, out=bounce/dat211.dat
