>>> [PID 3869420] START u=500, v_perp=2000, out=bounce/dat254.dat, dt=5.00E-09, steps=30000000
 outer boundary:   8.3000000000000462E-002
 rk4
 istep=            1
 grad_b=  -0.5028825412224027        4.9320929505841243E-003 
  -7.9836182909272663E-003
 bsub=   8.6923436675170503E-003   4.2252362817904732E-002 
    1.020726979163479     
 bsup=    0.000000000000000        0.5003176170144441      
   0.9181485371927617     
 b_abs=   0.9787596846089910     
 g=  -1.6418707489336635E-002
 j=    0.000000000000000         576.0999536197303      
    59.09789921360793     
 v_perp_2=    3999999.949240395     
 b_n=   1.7864169360549210E-006   0.5004883048747903      
   0.9181414570184262     
 b_para_n=   0.9787596851899226     
 dxdt=   8.2133292769844980E-003    256.3723430122570      
    469.0042507651912     
 dudt=    10151.74132792378     
 ---------------------
 rk4
 istep=      1000001
 grad_b=  -0.4927079187991090       -8.8928548247348818E-002 
   7.1425445843008584E-002
 bsub=   1.7821519263604944E-002  -5.0189606465694467E-004 
    1.111517618493848     
 bsup=    0.000000000000000       -0.2031192931342150      
   0.9110104239191770     
 b_abs=    1.006212221736318     
 g=  -1.9907595867326013E-002
 j=    0.000000000000000         555.9468790124595      
    128.2497199256147     
 v_perp_2=    4112193.090905813     
 b_n=   1.9038553224766968E-005  -0.2032250623162349      
   0.9110100702845495     
 b_para_n=    1.006212221050538     
 dxdt=  -0.1118217881268255         75.55834896116426      
   -336.0985005829438     
 dudt=   -168824.2646428388     
 ---------------------
 rk4
 istep=      2000001
 grad_b=  -0.1658563033918299        0.1029373406677229      
  -0.1107989494357610     
 bsub=  -1.0590539073495310E-002   1.9077039670086345E-002 
    1.125139190651946     
 bsup=    0.000000000000000        0.2083641020750959      
   0.9244578653093540     
 b_abs=    1.021913269259767     
 g=  -1.7802195977745967E-002
 j=    0.000000000000000        -236.6665283652902      
   -219.4703114821752     
 v_perp_2=    4176360.196437609     
 b_n=  -1.8008799849544359E-005   0.2083354273602875      
   0.9244581827665932     
 b_para_n=    1.021913270118751     
 dxdt=   0.1403892611600843        -55.10703077264519      
   -245.4899749710548     
 dudt=    161927.4053402891     
 ---------------------
 rk4
 istep=      3000001
 grad_b=  -0.4760529091956067        2.5343689192015614E-002 
  -4.7838131474242221E-002
 bsub=   4.5056223348462210E-003   4.1356745781090526E-002 
    1.017769725505711     
 bsup=    0.000000000000000        0.8840864943818751      
   0.9164405373347698     
 b_abs=   0.9846360632507435     
 g=  -1.4638453139364250E-002
 j=    0.000000000000000         131.4280145090894      
    38.22183234740321     
 v_perp_2=    4024015.514547715     
 b_n=   9.7320326761350989E-006   0.8842562025361195      
   0.9164335984916558     
 b_para_n=   0.9846360635365388     
 dxdt=   4.6531505623559698E-002    427.6447527691975      
    442.4205570909518     
 dudt=    44483.34339698695     
 ---------------------
 rk4
 istep=      4000001
 grad_b=  -0.4616307207878924       -0.1279186036343553      
   9.0293543982777280E-002
 bsub=   1.8359208465529363E-002  -2.5760156513782589E-002 
    1.159957325621175     
 bsup=    0.000000000000000       -0.3668489405153614      
   0.9059098373067820     
 b_abs=    1.029574062966730     
 g=  -2.0468797237877111E-002
 j=    0.000000000000000        -448.6384185483079      
   -127.4780481211102     
 v_perp_2=    4207668.335490815     
 b_n=   1.4488901793070178E-005  -0.3669022238140894      
   0.9059084249851925     
 b_para_n=    1.029574063314553     
 dxdt=  -0.1467940768698602         73.84970356478871      
   -181.0196492693841     
 dudt=   -255480.6248433772     
 ---------------------
 rk4
 istep=      5000001
 grad_b=  -0.2494288008356288        7.2516982433210156E-002 
  -9.4664527908303070E-002
 bsub=  -4.7695172711846832E-003   3.2252619072478568E-002 
    1.079680904378781     
 bsup=    0.000000000000000        0.4830648146189160      
   0.9225809158871330     
 b_abs=    1.006003133921671     
 g=  -1.6572837924080829E-002
 j=    0.000000000000000         218.0354034959263      
   -304.4362538811671     
 v_perp_2=    4111338.530203640     
 b_n=  -1.8894163830314080E-005   0.4830021596306588      
   0.9225827055239348     
 b_para_n=    1.006003135477583     
 dxdt=   0.1106757540910680        -178.4397689517063      
   -341.5044391974917     
 dudt=    106242.9445945509     
 ---------------------
 rk4
 istep=      6000001
 grad_b=  -0.3387222313919884        4.6286745641059182E-002 
  -7.6082683382369454E-002
 bsub=   5.6232153109514460E-004   3.8828899613923190E-002 
    1.040604718145819     
 bsup=    0.000000000000000        0.8283172165773386      
   0.9183515872102360     
 b_abs=   0.9937325825832439     
 g=  -1.4966590972704141E-002
 j=    0.000000000000000        -538.9500336700386      
   -6.515159231647317     
 v_perp_2=    4061191.166283431     
 b_n=   1.5723165130261656E-005   0.8284256117611629      
   0.9183475339262361     
 b_para_n=   0.9937325824229708     
 dxdt=   8.0815704774228586E-002    362.7487059698846      
    401.5393150487529     
 dudt=    64835.95045407084     
 ---------------------
 rk4
 istep=      7000001
 grad_b=  -0.4493370056883119       -0.1423252433289295      
   9.4833900623003106E-002
 bsub=   1.8509069539779575E-002  -3.6928627884704877E-002 
    1.179205684238782     
 bsup=    0.000000000000000       -0.4243496675788329      
   0.9040078814798436     
 b_abs=    1.039922555343376     
 g=  -2.0631313767621676E-002
 j=    0.000000000000000        -583.7220574979158      
   -212.0518726332713     
 v_perp_2=    4249960.555009798     
 b_n=  -4.8392354429664862E-007  -0.4243481020946553      
   0.9040079380857574     
 b_para_n=    1.039922555325931     
 dxdt=  -0.1574500458497047        -2.053460857217724      
    5.478102309269544     
 dudt=   -287131.7280532502     
 ---------------------
 rk4
 istep=      8000001
 grad_b=  -0.3471425885230457        4.5490016180035300E-002 
  -7.5769168946063947E-002
 bsub=   9.9585772513177684E-004   3.8763858986079799E-002 
    1.038774373197550     
 bsup=    0.000000000000000        0.8540491643834732      
   0.9190995228680868     
 b_abs=   0.9937405575284050     
 g=  -1.4807240131265862E-002
 j=    0.000000000000000        -462.5530306322339      
    23.86629249191787     
 v_perp_2=    4061223.725454952     
 b_n=  -1.5601830291588279E-005   0.8539370973409686      
   0.9191037197840969     
 b_para_n=   0.9937405574887184     
 dxdt=   8.0197727545352634E-002   -372.8318841370041      
   -401.8708878800030     
 dudt=    63309.97837652830     
 ---------------------
 rk4
 istep=      9000001
 grad_b=  -0.2432759031170920        7.4465492228075664E-002 
  -9.7707387635424858E-002
 bsub=  -4.6391564051041639E-003   3.1912874077677636E-002 
    1.082066852576349     
 bsup=    0.000000000000000        0.4885221308659419      
   0.9223884473338867     
 b_abs=    1.006986321267092     
 g=  -1.6536921171575517E-002
 j=    0.000000000000000         121.8149790219172      
   -333.9023800249231     
 v_perp_2=    4115356.562323547     
 b_n=   1.9159558892960128E-005   0.4885824967795666      
   0.9223867475518531     
 b_para_n=    1.006986319566785     
 dxdt=   0.1136772780284162         178.3717939011453      
    336.1010430692864     
 dudt=    109063.0224498334     
 ---------------------
 rk4
 istep=     10000001
 grad_b=  -0.4696610743535815       -0.1269739344435901      
   8.8902746861713094E-002
 bsub=   1.8134756935277357E-002  -2.6522292208608151E-002 
    1.158184215054635     
 bsup=    0.000000000000000       -0.3763727877325299      
   0.9046612190437391     
 b_abs=    1.028349401145818     
 g=  -2.0540315058104719E-002
 j=    0.000000000000000        -462.4847265132814      
   -146.5987990100219     
 v_perp_2=    4202663.282957952     
 b_n=  -1.5162800629021874E-005  -0.3763156208213210      
   0.9046627651994117     
 b_para_n=    1.028349400719762     
 dxdt=  -0.1456159642013429        -79.08096129023384      
    191.4159136226378     
 dudt=   -254774.9507419732     
 ---------------------
 rk4
 istep=     11000001
 grad_b=  -0.4755042288306183        2.6134509746805822E-002 
  -5.0076815978356351E-002
 bsub=   5.2851911674263131E-003   4.1176117232620227E-002 
    1.018750019340875     
 bsup=    0.000000000000000        0.8392142974598713      
   0.9182141911820649     
 b_abs=   0.9849769233822474     
 g=  -1.4740499379460734E-002
 j=    0.000000000000000         57.75011680167276      
    105.9449290787956     
 v_perp_2=    4025408.414565199     
 b_n=  -9.9450376511682927E-006   0.8390464501190913      
   0.9182210261909888     
 b_para_n=   0.9849769226738726     
 dxdt=   4.7665814530184918E-002   -402.9743649479559      
   -441.8215462787289     
 dudt=    49890.86421897016     
 ---------------------
 rk4
 istep=     12000001
 grad_b=  -0.1434228374967201        0.1033277743963213      
  -0.1154374893977963     
 bsub=  -9.7810544617755527E-003   1.9987208923581967E-002 
    1.125966143846307     
 bsup=    0.000000000000000        0.2490568704907379      
   0.9250858649332485     
 b_abs=    1.023145162976209     
 g=  -1.7543410368914731E-002
 j=    0.000000000000000         11.12133002521957      
   -273.7282641857576     
 v_perp_2=    4181394.547045378     
 b_n=   1.7703455871646326E-005   0.2490811342142711      
   0.9250855870899291     
 b_para_n=    1.023145161963131     
 dxdt=   0.1426445080418300         63.95436998010079      
    236.8208937951857     
 dudt=    161881.4253165174     
 ---------------------
 Particle has exited the domain at step      12125875  s =  
   8.3000000138350044E-002
 Elapsed time (seconds):     65.34090500000001     

real	1m5.351s
user	1m5.244s
sys	0m0.012s
>>> [PID 3869420] DONE  u=500, v_perp=2000, out=bounce/dat254.dat
