>>> [PID 3869952] START u=3000, v_perp=2000, out=bounce/dat259.dat, dt=5.00E-09, steps=30000000
 outer boundary:   8.3000000000000462E-002
 rk4
 istep=            1
 grad_b=  -0.5028818910899386        4.9314522138258765E-003 
  -7.9822655927717229E-003
 bsub=   8.6925173545174296E-003   4.2252264930039515E-002 
    1.020727362389666     
 bsup=    0.000000000000000        0.5003051854007584      
   0.9181486522077903     
 b_abs=   0.9787596225137580     
 g=  -1.6418770553690513E-002
 j=    0.000000000000000         576.0999270290088      
    59.08846178547225     
 v_perp_2=    3999999.695469272     
 b_n=   1.0717044055537609E-005   0.5013293077536560      
   0.9181061714852200     
 b_para_n=   0.9787596259989501     
 dxdt=   4.0148599904291808E-002    1537.324018568937      
    2814.061967640517     
 dudt=    10149.94883121047     
 ---------------------
 rk4
 istep=      1000001
 grad_b=   0.3683333841546252       -7.4961940009734301E-002 
   0.1736849772827185     
 bsub=   1.0068933145526763E-002   2.4739684720335664E-002 
    1.158908695673453     
 bsup=    0.000000000000000        0.8011236398937764      
   0.9915489441030514     
 b_abs=    1.081343966175448     
 g=  -1.2132813428155718E-002
 j=    0.000000000000000        -149.6472320638882      
    288.7202715218982     
 v_perp_2=    4419237.204955947     
 b_n=  -1.9693668895007330E-004   0.8002053495154461      
   0.9915702684240096     
 b_para_n=    1.081343977073175     
 dxdt=  -0.6708670914803270         2167.066194256053      
    2686.117354906751     
 dudt=   -211953.2322181238     
 ---------------------
 rk4
 istep=      2000001
 grad_b=   0.7008910313493389       -1.7657693570124915E-002 
   0.1586412176826307     
 bsub=   1.1953856204554424E-002   5.4311229566905442E-002 
    1.199103884215798     
 bsup=    0.000000000000000        0.5429789762600625      
    1.069311555209294     
 b_abs=    1.145549139650920     
 g=  -1.0254492722610109E-002
 j=    0.000000000000000        -667.6399847007997      
   -87.13024307853271     
 v_perp_2=    4681625.788622436     
 b_n=  -6.6793760853089404E-005   0.5410987704825880      
    1.069397377691990     
 b_para_n=    1.145549135584510     
 dxdt=  -0.2154898736044435         1360.997069101270      
    2692.492038430335     
 dudt=   -285490.5989842321     
 ---------------------
 rk4
 istep=      3000001
 grad_b=   0.7238758442150586        1.1760575038617417E-002 
   0.1563804701982490     
 bsub=   6.4593085189093846E-003   6.8857777113275676E-002 
    1.228319499096587     
 bsup=    0.000000000000000        0.2489210872914968      
    1.099256579992800     
 b_abs=    1.169334877373044     
 g=  -9.3613363135552578E-003
 j=    0.000000000000000        -1057.804883092360      
    67.66873138134343     
 v_perp_2=    4778827.910283623     
 b_n=   8.6184213132766918E-006   0.2468397784791915      
    1.099373210039599     
 b_para_n=    1.169334877656457     
 dxdt=   2.7274772700751057E-002    603.7783399331876      
    2695.792781584608     
 dudt=   -305511.8392613390     
 ---------------------
 rk4
 istep=      4000001
 grad_b=   0.7302995959563391        2.8497558411403130E-002 
   0.1573772637954293     
 bsub=   1.4197762135269923E-003   7.8859370222114991E-002 
    1.261240524525445     
 bsup=    0.000000000000000       -5.4292322674808213E-003 
    1.118217448879931     
 b_abs=    1.187439481520454     
 g=  -8.7026817600915143E-003
 j=    0.000000000000000        -743.3019261565554      
    278.8494504405394     
 v_perp_2=    4852812.175228951     
 b_n=   5.7263215905031907E-005  -7.6701317358579277E-003 
    1.118357504545756     
 b_para_n=    1.187439489320070     
 dxdt=   0.1786416954915124        -20.04143453290990      
    2688.371171271216     
 dudt=   -302570.0977826130     
 ---------------------
 rk4
 istep=      5000001
 grad_b=   0.7018004950186989        5.2386488148379796E-002 
   0.1620090417258189     
 bsub=  -6.8081720372035540E-003   8.7591495032142933E-002 
    1.291372688676660     
 bsup=    0.000000000000000       -0.2398088742518954      
    1.132309138812693     
 b_abs=    1.200644109487169     
 g=  -8.1997550295465557E-003
 j=    0.000000000000000        -590.4478890768261      
    18.58610690127185     
 v_perp_2=    4906771.152206407     
 b_n=   1.3460330593330634E-004  -0.2420935515026576      
    1.132464813341761     
 b_para_n=    1.200644108768086     
 dxdt=   0.4156171120863466        -575.2683439757772      
    2683.424807050803     
 dudt=   -290824.9899112428     
 ---------------------
 rk4
 istep=      6000001
 grad_b=   0.5675574360632781        7.7912009919537256E-002 
   0.1719480148462616     
 bsub=  -2.5240155562009908E-002   8.7914235266798299E-002 
    1.304944770174669     
 bsup=    0.000000000000000       -0.4696803227867415      
    1.134640276060556     
 b_abs=    1.199659645670930     
 g=  -7.8230437647112301E-003
 j=    0.000000000000000        -87.37894362418285      
    522.5156560376212     
 v_perp_2=    4902742.461800418     
 b_n=   2.2885565002377220E-004  -0.4716500839101286      
    1.134777421648475     
 b_para_n=    1.199659663194800     
 dxdt=   0.7071807927762814        -1120.158772200992      
    2691.767180932252     
 dudt=   -269982.9720835747     
 ---------------------
 rk4
 istep=      7000001
 grad_b=  -4.0446988505751520E-002   0.1583307593511359      
   0.2110262145176426     
 bsub=  -5.6581381027582200E-002   1.1909584294229173E-002 
    1.213688446958168     
 bsup=    0.000000000000000       -0.6425561376355130      
    1.058706230205158     
 b_abs=    1.130987275107768     
 g=  -9.9107833948012293E-003
 j=    0.000000000000000         862.5607341865438      
    260.3230894341211     
 v_perp_2=    4622089.284027069     
 b_n=   4.5299764993552745E-004  -0.6424673729170716      
    1.058726486686546     
 b_para_n=    1.130987284812296     
 dxdt=    1.479127108903524        -1644.162248275594      
    2709.544018245327     
 dudt=   -219839.4697544472     
 ---------------------
 rk4
 istep=      8000001
 grad_b=   -1.040930815594559        6.8366924543482449E-002 
   0.1306599764792880     
 bsub=  -1.9929405237098290E-002  -8.8672516921012509E-002 
    1.076071383041030     
 bsup=    0.000000000000000       -0.6289929618037408      
   0.9152455410338971     
 b_abs=    1.020046091479758     
 g=  -1.6196321752776938E-002
 j=    0.000000000000000        -1040.549012088068      
    1071.006985071872     
 v_perp_2=    4168694.153721269     
 b_n=   1.5709273837942843E-004  -0.6269313986247071      
   0.9154183756966535     
 b_para_n=    1.020046138216734     
 dxdt=   0.5656834319090384        -1825.052961464488      
    2667.052841977067     
 dudt=   -153414.3526364877     
 ---------------------
 rk4
 istep=      9000001
 grad_b=   -1.140962699306332        1.0498587914692034E-004 
   0.1005764938676425     
 bsub=  -3.9543490444070937E-003  -8.0628564026748561E-002 
    1.102652257261848     
 bsup=    0.000000000000000       -0.6648379141790434      
   0.8873979949135584     
 b_abs=    1.015663414161242     
 g=  -1.9001710534444584E-002
 j=    0.000000000000000         307.8345968684239      
   -591.6482811905430     
 v_perp_2=    4150778.900764394     
 b_n=   1.3058637778051514E-005  -0.6628411264121277      
   0.8875440279828847     
 b_para_n=    1.015663388488173     
 dxdt=   4.7217328589483659E-002   -1940.015649567123      
    2599.617143901943     
 dudt=   -179421.5499826502     
 ---------------------
 rk4
 istep=     10000001
 grad_b=   -1.174358249597095       -3.4587642648710420E-002 
   0.1101184522897280     
 bsub=  -4.4137871856421724E-003  -8.0090224222073209E-002 
    1.146672483344862     
 bsup=    0.000000000000000       -0.6977277779361247      
   0.8770846026292266     
 b_abs=    1.030202944625835     
 g=  -1.9868294832001122E-002
 j=    0.000000000000000        -7.661525204776041      
   -461.5271514035662     
 v_perp_2=    4210193.904200564     
 b_n=  -4.5364108672897471E-005  -0.6957477877182232      
   0.8772227045165529     
 b_para_n=    1.030202925213260     
 dxdt=  -0.1618166420171935        -2000.887193228873      
    2524.603084315148     
 dudt=   -239436.5741222035     
 ---------------------
 rk4
 istep=     11000001
 grad_b=   -1.172001739024263       -6.4732965887668095E-002 
   0.1208842790124943     
 bsub=  -7.3108261020903096E-003  -8.7369160786095246E-002 
    1.192919552833318     
 bsup=    0.000000000000000       -0.7236139940212443      
   0.8712674660664752     
 b_abs=    1.050047892662665     
 g=  -2.0333866852131850E-002
 j=    0.000000000000000        -850.5269505550741      
    12.07680982473809     
 v_perp_2=    4291290.623951405     
 b_n=  -9.1790606205339318E-005  -0.7216900482150057      
   0.8714078156338044     
 b_para_n=    1.050047895784208     
 dxdt=  -0.3215259753552479        -2026.903886588461      
    2449.099749605099     
 dudt=   -296108.8404705478     
 ---------------------
 rk4
 istep=     12000001
 grad_b=   -1.116960204934421       -9.5967340465377332E-002 
   0.1267461179034009     
 bsub=  -9.8153291808700700E-003  -0.1017571465990735      
    1.241778158256915     
 bsup=    0.000000000000000       -0.7495958314586473      
   0.8686089375401119     
 b_abs=    1.074661659714313     
 g=  -2.0527670607694150E-002
 j=    0.000000000000000        -1239.235777174914      
    375.7659280508657     
 v_perp_2=    4391876.092243880     
 b_n=  -1.3759090081236767E-004  -0.7478017228194707      
   0.8687548848238991     
 b_para_n=    1.074661679509787     
 dxdt=  -0.4714661944346494        -2040.342443564720      
    2371.910847801477     
 dudt=   -346112.5976578962     
 ---------------------
 rk4
 istep=     13000001
 grad_b=  -0.9687914038595675       -0.1357533652863834      
   0.1261405917442992     
 bsub=  -8.9785749397414700E-003  -0.1265130630409315      
    1.296136528830283     
 bsup=    0.000000000000000       -0.7923238489498172      
   0.8700747973224517     
 b_abs=    1.107976797953722     
 g=  -2.0304590255623062E-002
 j=    0.000000000000000        -870.0244190908730      
    316.6525496841793     
 v_perp_2=    4528021.617030759     
 b_n=  -1.9545359271640750E-004  -0.7907913016026058      
   0.8702230458562876     
 b_para_n=    1.107976814177553     
 dxdt=  -0.6506724153988335        -2076.340846647934      
    2286.188822077733     
 dudt=   -400774.8906812341     
 ---------------------
 rk4
 istep=     14000001
 grad_b=  -0.5004887843621083       -0.1926222196500864      
   0.1092242542065802     
 bsub=   1.1074596094054340E-002  -0.1799221783699666      
    1.380462706120491     
 bsup=    0.000000000000000       -0.9425055139602870      
   0.8854032054075320     
 b_abs=    1.179931396634753     
 g=  -1.9419350057403341E-002
 j=    0.000000000000000         230.2674551345831      
   -139.6452997506320     
 v_perp_2=    4822076.378872405     
 b_n=  -2.7249367511584778E-004  -0.9417396482783542      
   0.8855052049156543     
 b_para_n=    1.179931390310472     
 dxdt=  -0.8551282334483071        -2281.873085902666      
    2146.202207742857     
 dudt=   -481872.7047643983     
 ---------------------
 rk4
 istep=     15000001
 grad_b=  -0.1995228998018604       -6.5641947153090810E-002 
  -2.3748243921955528E-002
 bsub=   0.1013179015605379       -0.1002024434497889      
    1.685001981590139     
 bsup=    0.000000000000000        -1.207528865594425      
   0.9736640882848756     
 b_abs=    1.327347300003107     
 g=  -1.6519883024829700E-002
 j=    0.000000000000000        -730.9014826482999      
   -311.1207832615578     
 v_perp_2=    5424521.373161147     
 b_n=  -1.1177680311862183E-004   -1.207198668740158      
   0.9736904379443561     
 b_para_n=    1.327347290740788     
 dxdt=  -0.3147617699437366        -2502.975990284596      
    2019.043078286635     
 dudt=   -86426.69786581415     
 ---------------------
 rk4
 istep=     16000001
 grad_b=   0.2151440930748730       -7.4824090034378232E-002 
  -4.0362250648722606E-002
 bsub=   7.2788314730099307E-002   0.1364059668117760      
    1.980318205514510     
 bsup=    0.000000000000000        -1.086291827569901      
    1.062469338663023     
 b_abs=    1.398517467653728     
 g=  -1.1165947892640833E-002
 j=    0.000000000000000        -467.7568766576995      
   -322.0514207948447     
 v_perp_2=    5715369.650296913     
 b_n=  -1.8445949403353930E-004   -1.086846487683910      
    1.062514315094016     
 b_para_n=    1.398517454926181     
 dxdt=  -0.4956400957796997        -2097.930080256483      
    2050.585448676100     
 dudt=   -56101.87122961548     
 ---------------------
 rk4
 istep=     17000001
 grad_b=   0.4477966532075384       -1.1352856344816982E-002 
   1.6966834481594369E-002
 bsub=   2.8755153135612912E-002   0.1838148846708694      
    2.107465006826504     
 bsup=    0.000000000000000        -1.317833779620709      
    1.078003206224818     
 b_abs=    1.425430064992713     
 g=  -8.0429805232315500E-003
 j=    0.000000000000000         3.040048054134218      
   -100.2884781947830     
 v_perp_2=    5825348.013412646     
 b_n=  -4.6373194691859048E-005   -1.319451131832632      
    1.078144903320730     
 b_para_n=    1.425430061339487     
 dxdt=  -0.1225171007334708        -2480.640777988247      
    2026.071708632380     
 dudt=   -47666.24393125412     
 ---------------------
 rk4
 istep=     18000001
 grad_b=   0.4184883283531702        9.8577564080515809E-003 
   5.8462547631616492E-002
 bsub=   5.8865477295678113E-003   0.1937735879392531      
    2.162220206788545     
 bsup=    0.000000000000000        -1.506530915714929      
    1.078200085890681     
 b_abs=    1.428274086411770     
 g=  -7.0295386056190455E-003
 j=    0.000000000000000         1768.043683473019      
    68.22675120384068     
 v_perp_2=    5836964.324587462     
 b_n=   1.9498122731925279E-005   -1.508296963286743      
    1.078358307828780     
 b_para_n=    1.428274094865247     
 dxdt=   5.1423136979710383E-002   -2827.684789926194      
    2020.812631394833     
 dudt=   -68933.51316974446     
 ---------------------
 rk4
 istep=     19000001
 grad_b=   0.4074833959861161        3.4793591315781830E-002 
   8.3355535737227773E-002
 bsub=  -1.0688434621330217E-002   0.1920611555971585      
    2.166445211804585     
 bsup=    0.000000000000000        -1.578452217503046      
    1.080426361620332     
 b_abs=    1.428071451511535     
 g=  -7.0080907297218695E-003
 j=    0.000000000000000        -8.438758631345138      
   -267.1447832110371     
 v_perp_2=    5836129.739932427     
 b_n=   1.1631367414692535E-004   -1.580183494051310      
    1.080580411159041     
 b_para_n=    1.428071441497960     
 dxdt=   0.3067968201966554        -2962.956093006303      
    2025.378669635172     
 dudt=   -50279.44891847303     
 ---------------------
 rk4
 istep=     20000001
 grad_b=   0.3773411136711749        5.4566895103605247E-002 
   0.1162660857247932     
 bsub=  -3.3530117594650771E-002   0.1693665067923871      
    2.102091858482454     
 bsup=    0.000000000000000        -1.501173042937440      
    1.076454207725792     
 b_abs=    1.417437645322389     
 g=  -8.1119968967544743E-003
 j=    0.000000000000000        -446.2840888932909      
    332.0307589562351     
 v_perp_2=    5792665.946806788     
 b_n=   1.6373113775316908E-004   -1.502546662913066      
    1.076567499938513     
 b_para_n=    1.417437656255326     
 dxdt=   0.4347293651730991        -2846.891050936792      
    2039.120960724266     
 dudt=   -62335.26426463458     
 ---------------------
 rk4
 istep=     21000001
 grad_b=  -6.5693577963388872E-002   0.1219954883590386      
   0.1586154715804761     
 bsub=  -7.8068449758837241E-002   8.5180681567198865E-002 
    1.899926872963658     
 bsup=    0.000000000000000        -1.185345692125976      
    1.039503006852904     
 b_abs=    1.368937926309693     
 g=  -1.2779601629515989E-002
 j=    0.000000000000000        -50.65822693081776      
   -126.0052792619637     
 v_perp_2=    5594455.415565163     
 b_n=   2.5947002233036887E-004   -1.185212042267675      
    1.039507673173122     
 b_para_n=    1.368937921657035     
 dxdt=   0.7106293017605771        -2355.983816653226      
    2066.441820741828     
 dudt=   -30262.79013789268     
 ---------------------
 rk4
 istep=     22000001
 grad_b=  -0.4614780351767166        3.8207181882954834E-002 
   4.8774792768295189E-002
 bsub=  -7.7540338166575157E-002  -0.1906385966535498      
    1.575784913243097     
 bsup=    0.000000000000000        -1.266924050856914      
   0.9302892641876941     
 b_abs=    1.306566989423101     
 g=  -1.8532417245719007E-002
 j=    0.000000000000000         375.5006090607773      
   -359.6219570026421     
 v_perp_2=    5339558.409366928     
 b_n=   6.3612403396968349E-005   -1.266261959189785      
   0.9303724830188604     
 b_para_n=    1.306566975818825     
 dxdt=   0.1817158590345794        -2681.881837417598      
    1970.904689265403     
 dudt=    4740.106823996522     
 ---------------------
 rk4
 istep=     23000001
 grad_b=  -0.5292614958858413        0.1713462406604346      
  -0.1111139292662602     
 bsub=  -4.1999152972257269E-003  -0.2133044444540764      
    1.442395971060834     
 bsup=    0.000000000000000        -1.079354648399066      
   0.8868632676700354     
 b_abs=    1.228473961927491     
 g=  -1.8165238521486382E-002
 j=    0.000000000000000         68.39281162908128      
    7.061761555849728     
 v_perp_2=    5020409.535665053     
 b_n=   2.4087417347622839E-004   -1.078531202640351      
   0.8869857417767868     
 b_para_n=    1.228473961819154     
 dxdt=   0.7281171602194324        -2479.435069512473      
    2039.669717496093     
 dudt=    471531.1081201964     
 ---------------------
 rk4
 istep=     24000001
 grad_b=  -0.8680384177149471        0.1548478441272774      
  -0.1339917752904239     
 bsub=   1.4733311996178902E-002  -0.1726419107574623      
    1.391819464921448     
 bsup=    0.000000000000000       -0.9376694234722404      
   0.8739353905388692     
 b_abs=    1.173881424558093     
 g=  -1.9314010781172286E-002
 j=    0.000000000000000         217.4147015155256      
    60.87240498762274     
 v_perp_2=    4797300.496304004     
 b_n=   2.1658634520236832E-004  -0.9363115236029261      
   0.8741015334282565     
 b_para_n=    1.173881425847448     
 dxdt=   0.6829515129491150        -2283.443763073496      
    2132.751175712312     
 dudt=    456574.5713829047     
 ---------------------
 rk4
 istep=     25000001
 grad_b=   -1.038197475332671        0.1285776894284248      
  -0.1402176932359752     
 bsub=   1.9032266056804685E-002  -0.1436922759168770      
    1.347620709612682     
 bsup=    0.000000000000000       -0.8618310686541044      
   0.8679570884591598     
 b_abs=    1.137296973505312     
 g=  -2.0167552666582829E-002
 j=    0.000000000000000        -23.76008823529759      
    327.2737513006318     
 v_perp_2=    4647785.479747889     
 b_n=   1.7747799840960553E-004  -0.8602125618414884      
   0.8681271689314584     
 b_para_n=    1.137296986560621     
 dxdt=   0.5764783310724350        -2184.767844865448      
    2206.144483877925     
 dudt=    417754.1398884450     
 ---------------------
 rk4
 istep=     26000001
 grad_b=   -1.152017629640012        0.1000124344793976      
  -0.1416492057194150     
 bsub=   1.9196235724117747E-002  -0.1205026924310499      
    1.301952223161365     
 bsup=    0.000000000000000       -0.8135294379236035      
   0.8648275853015337     
 b_abs=    1.106414473797338     
 g=  -2.0615406083067285E-002
 j=    0.000000000000000        -247.2023438495350      
    308.8381775850276     
 v_perp_2=    4521572.923414934     
 b_n=   1.3656879506829226E-004  -0.8117223031691355      
   0.8649928432387621     
 b_para_n=    1.106414487302271     
 dxdt=   0.4552486630013345        -2134.958189474215      
    2276.535504258897     
 dudt=    376502.6111515201     
 ---------------------
 rk4
 istep=     27000001
 grad_b=   -1.236395584782898        6.5551085190364899E-002 
  -0.1425980720507728     
 bsub=   1.7836812671962587E-002  -0.1017453978009535      
    1.253394888632286     
 bsup=    0.000000000000000       -0.7864316396000133      
   0.8639409934753259     
 b_abs=    1.078572406299702     
 g=  -2.0645774314601996E-002
 j=    0.000000000000000        -390.9505988853958      
   -128.4888537738066     
 v_perp_2=    4407785.971740601     
 b_n=   8.6378228569907757E-005  -0.7844562713005071      
   0.8641001129916303     
 b_para_n=    1.078572402282598     
 dxdt=   0.2949645489399311        -2130.548255879550      
    2348.485129928917     
 dudt=    331058.3039735988     
 ---------------------
 rk4
 istep=     28000001
 grad_b=   -1.273382682606362        4.1967416889225895E-003 
  -0.1537472615994201     
 bsub=   1.8639072381489548E-002  -8.8552408734674903E-002 
    1.203696817596639     
 bsup=    0.000000000000000       -0.7922110831250656      
   0.8674036383518442     
 b_abs=    1.055624808065347     
 g=  -1.9788308920491438E-002
 j=    0.000000000000000        -204.7492171880970      
   -636.0310555326275     
 v_perp_2=    4314001.549794323     
 b_n=  -1.1973158361848375E-005  -0.7900719380924387      
   0.8675611715253275     
 b_para_n=    1.055624782076711     
 dxdt=  -4.1729084672452142E-002   -2204.320957456006      
    2422.255713018707     
 dudt=    264578.6581489798     
 ---------------------
 rk4
 istep=     29000001
 grad_b=  -0.7528648487267808       -0.1416353817397923      
  -0.2408078386105188     
 bsub=   4.4220350172487856E-002  -5.9711368712011825E-002 
    1.228117220676917     
 bsup=    0.000000000000000       -0.8779697261453878      
   0.9280931163928097     
 b_abs=    1.092232742107408     
 g=  -1.4442928945885117E-002
 j=    0.000000000000000         742.5673437795771      
   -114.6203928081546     
 v_perp_2=    4463602.284552381     
 b_n=  -3.3408219411924610E-004  -0.8763483597710557      
   0.9281839715046611     
 b_para_n=    1.092232736147548     
 dxdt=   -1.127311652822438        -2343.089022104653      
    2482.946206416176     
 dudt=    185471.3509189750     
 ---------------------
 Elapsed time (seconds):     154.3360280000000     

real	2m34.345s
user	2m34.027s
sys	0m0.022s
>>> [PID 3869952] DONE  u=3000, v_perp=2000, out=bounce/dat259.dat
