>>> [PID 3870892] START u=5500, v_perp=2000, out=bounce/dat264.dat, dt=5.00E-09, steps=30000000
 outer boundary:   8.3000000000000462E-002
 rk4
 istep=            1
 grad_b=  -0.5028812328776291        4.9308141141813921E-003 
  -7.9809156280614690E-003
 bsub=   8.6926913997132094E-003   4.2252166886884809E-002 
    1.020727745476337     
 bsup=    0.000000000000000        0.5002927428409271      
   0.9181487679081787     
 b_abs=   0.9787595604294790     
 g=  -1.6418833628141338E-002
 j=    0.000000000000000         576.0999155189401      
    59.07906032764209     
 v_perp_2=    3999999.441742878     
 b_n=   1.9645253687344602E-005   0.5021702917838254      
   0.9180708871719473     
 b_para_n=   0.9787595668182716     
 dxdt=   0.1176924637370667         2822.572012108175      
    5158.939718564617     
 dudt=    10148.15890923972     
 ---------------------
 rk4
 istep=      1000001
 grad_b=  -0.4469167976452539       -7.2806354841878917E-003 
   1.8184358572378684E-002
 bsub=  -3.2563718639438279E-002  -2.5904489322398257E-002 
   0.9597329937671073     
 bsup=    0.000000000000000       -0.2458788306540623      
    1.001559884792323     
 b_abs=   0.9836918287313968     
 g=  -1.6898551151530737E-002
 j=    0.000000000000000         689.6467414429555      
   -149.0202780216704     
 v_perp_2=    4020141.147594209     
 b_n=  -2.2922144826523629E-005  -0.2443720896536042      
    1.001599763700764     
 b_para_n=   0.9836918167137135     
 dxdt=  -0.1366382216411917        -1365.313930581409      
    5598.276759140548     
 dudt=   -41551.37764637296     
 ---------------------
 rk4
 istep=      2000001
 grad_b=   -1.178500074695032        5.8349475897155924E-002 
  -0.1183720094382223     
 bsub=   6.3252069288498355E-003  -8.4071265269254930E-002 
    1.182858077152555     
 bsup=    0.000000000000000       -0.7181384634412704      
   0.8751577066635136     
 b_abs=    1.046673707430708     
 g=  -2.0123739503683059E-002
 j=    0.000000000000000        -646.1151427776210      
   -55.26475737126808     
 v_perp_2=    4277517.408414382     
 b_n=   1.5345278938252172E-004  -0.7145189511336014      
   0.8754141411459737     
 b_para_n=    1.046673706704714     
 dxdt=   0.8599225022532795        -3735.999242022507      
    4579.021467560167     
 dudt=    284050.3400300219     
 ---------------------
 rk4
 istep=      3000001
 grad_b=  -0.7467706204960874        0.1081052640032526      
  -0.1062401685142054     
 bsub=   3.1345190501622371E-002  -0.2229777329230493      
    1.499613259065953     
 bsup=    0.000000000000000        -1.194514009031669      
   0.8930170958323987     
 b_abs=    1.267166396827607     
 g=  -1.7982741185165046E-002
 j=    0.000000000000000         83.48310246867712      
   -265.2899619257644     
 v_perp_2=    5178601.449559098     
 b_n=   2.7041244208922605E-004   -1.192332885601528      
   0.8933357396761534     
 b_para_n=    1.267166378443949     
 dxdt=    1.253085494504673        -5072.546984377529      
    3801.262209265120     
 dudt=    361226.3910504532     
 ---------------------
 rk4
 istep=      4000001
 grad_b=   0.2340841815517597       -0.1517846071738523      
   9.0889389034123108E-002
 bsub=   7.8171074326744736E-002  -0.1472760204610553      
    1.541049011154161     
 bsup=    0.000000000000000        -1.057782514140005      
   0.9470919595339971     
 b_abs=    1.270827276668588     
 g=  -1.7848628283240790E-002
 j=    0.000000000000000         412.6026394336022      
   -386.0626528140547     
 v_perp_2=    5193542.842769490     
 b_n=  -4.3141094795042347E-004   -1.058474305036960      
   0.9470477059662386     
 b_para_n=    1.270827247896923     
 dxdt=   -1.993430879303908        -4489.939599596333      
    4017.027969193856     
 dudt=   -396565.4298033048     
 ---------------------
 rk4
 istep=      5000001
 grad_b=   0.8194114045348847       -8.6344317634013332E-003 
   0.1665184237927400     
 bsub=   2.9444818208583495E-002   6.7108288222644530E-002 
    1.344460033477608     
 bsup=    0.000000000000000        0.1119844042321667      
    1.076314853145528     
 b_abs=    1.206042674835550     
 g=  -9.5338171498536763E-003
 j=    0.000000000000000        -112.0434175269086      
   -302.1851354415461     
 v_perp_2=    4928766.784386878     
 b_n=  -9.3070957639697902E-005   0.1075040875722224      
    1.076540506870777     
 b_para_n=    1.206042654584051     
 dxdt=  -0.4529924121890954         480.9827879322965      
    4833.552893048844     
 dudt=   -302018.6499069326     
 ---------------------
 rk4
 istep=      6000001
 grad_b=   6.8836751553829956E-002   2.9704569413614615E-002 
   9.4796663877844495E-002
 bsub=  -3.6561153432016311E-002   1.0724031062068259E-002 
   0.9734531770447248     
 bsup=    0.000000000000000        0.1190177964811699      
    1.104679276195166     
 b_abs=    1.037616815857645     
 g=  -1.2531610169176987E-002
 j=    0.000000000000000         459.5699907939627      
   -54.27202398206919     
 v_perp_2=    4240439.732269774     
 b_n=   1.1850598860473104E-004   0.1187184765907039      
    1.104687021104580     
 b_para_n=    1.037616812653418     
 dxdt=   0.6698555444631734         626.6625690423026      
    5832.198307976370     
 dudt=   -213184.0945749273     
 ---------------------
 rk4
 istep=      7000001
 grad_b=  -0.8055810031032373       -1.1097197056458678E-002 
  -2.4208682651372521E-002
 bsub=  -9.5144002649104088E-003  -8.5711356168450478E-002 
   0.9444233539934117     
 bsup=    0.000000000000000       -0.4553934243238338      
   0.9844100480370789     
 b_abs=   0.9846428186865125     
 g=  -1.5892473978365691E-002
 j=    0.000000000000000         229.9796481117129      
    199.3997322708221     
 v_perp_2=    4023933.821659575     
 b_n=  -4.6867223381619040E-005  -0.4525525745834240      
   0.9846674109513692     
 b_para_n=   0.9846428312558509     
 dxdt=  -0.2791053993900418        -2525.803873755617      
    5498.056657294144     
 dudt=    38967.77016890592     
 ---------------------
 rk4
 istep=      8000001
 grad_b=   0.3082258835843878       -0.1321935282739138      
  -0.2595750738460340     
 bsub=   5.4844673270075237E-002   6.9992163774879698E-002 
    1.630537857293670     
 bsup=    0.000000000000000        -1.380284878467615      
    1.047759620249108     
 b_abs=    1.270009697851143     
 g=  -9.7961635874057214E-003
 j=    0.000000000000000         783.8746127275344      
    195.0617620182105     
 v_perp_2=    5190123.852140680     
 b_n=  -7.0448648702037644E-004   -1.382129443795637      
    1.047862508543624     
 b_para_n=    1.270009714236487     
 dxdt=   -3.257318803344226        -5867.327261877480      
    4447.827608669570     
 dudt=    144010.4403008319     
 ---------------------
 rk4
 istep=      9000001
 grad_b=   0.4220265276713143       -1.3782894175545752E-002 
  -1.9909774323376893E-002
 bsub=   2.1140587681417009E-002   0.1843894545213684      
    2.141853145741506     
 bsup=    0.000000000000000        -1.469697991528023      
    1.076923124862561     
 b_abs=    1.427064749495332     
 g=  -7.5182259908632264E-003
 j=    0.000000000000000         859.0653493280657      
    120.9250289610785     
 v_perp_2=    5831934.975318645     
 b_n=  -9.4155964267143234E-005   -1.472991941471623      
    1.077207635798942     
 b_para_n=    1.427064763859323     
 dxdt=  -0.3878137392589104        -5503.685164036467      
    4024.062909714816     
 dudt=    1696.167345160178     
 ---------------------
 rk4
 istep=     10000001
 grad_b=   0.6002972104320501        6.3950053866144191E-002 
   0.1691989840073398     
 bsub=   4.4344184041802473E-003   0.1450620466216030      
    1.683339608981930     
 bsup=    0.000000000000000       -0.7929886320268660      
    1.094787784082838     
 b_abs=    1.314803196981374     
 g=  -7.9556032622122175E-003
 j=    0.000000000000000        -256.4922254835561      
    5.238385776058323     
 v_perp_2=    5373137.763705200     
 b_n=   3.3970783286555725E-004  -0.7971161952390355      
    1.095142581672043     
 b_para_n=    1.314803195821223     
 dxdt=    1.517588193901236        -3259.455464327665      
    4476.081700437835     
 dudt=   -209064.1597693942     
 ---------------------
 rk4
 istep=     11000001
 grad_b=   0.1641305724664540        0.1044096642995393      
   0.1644474899363862     
 bsub=  -4.8316717584144978E-002   3.7088146543627180E-002 
    1.099448715428057     
 bsup=    0.000000000000000       -0.5038124647126030      
    1.134391169275073     
 b_abs=    1.107971194731832     
 g=  -8.4776672972257765E-003
 j=    0.000000000000000        -586.9971513112941      
    106.6365346260044     
 v_perp_2=    4527870.778085750     
 b_n=   5.9567409679901794E-004  -0.5048449811289049      
    1.134452182864929     
 b_para_n=    1.107971200305739     
 dxdt=    3.154285524266650        -2484.489573347209      
    5582.123763697639     
 dudt=   -247019.9020922620     
 ---------------------
 rk4
 istep=     12000001
 grad_b=  -9.0716482661666875E-003  -7.7397034130248704E-002 
  -0.1117844602892676     
 bsub=   4.4588998830372442E-002   7.2269350686584508E-003 
   0.9711125816978357     
 bsup=    0.000000000000000       -0.1360847795417028      
    1.144828002207625     
 b_abs=    1.054438996130472     
 g=  -9.8296468034452557E-003
 j=    0.000000000000000         589.9486030127912      
   -189.7020039929579     
 v_perp_2=    4309089.748628856     
 b_n=  -3.8944736604231464E-004  -0.1360647035191472      
    1.144845721783538     
 b_para_n=    1.054438984487384     
 dxdt=   -2.166398966269502        -706.0767698510119      
    5940.985537461535     
 dudt=    227580.5732318600     
 ---------------------
 rk4
 istep=     13000001
 grad_b=   0.7535706478260398       -4.0659202885476461E-002 
  -0.1606684392920406     
 bsub=  -8.3831471832435979E-003   0.1078878091511142      
    1.448216320092124     
 bsup=    0.000000000000000       -0.4249964969528465      
    1.117717008589339     
 b_abs=    1.254181678140009     
 g=  -8.0883513444527690E-003
 j=    0.000000000000000         291.0904751892526      
   -220.6960814553388     
 v_perp_2=    5125342.291692383     
 b_n=  -1.8437758388528479E-004  -0.4298333792927715      
    1.118076263393636     
 b_para_n=    1.254181665140539     
 dxdt=  -0.8631832134183641        -1851.398504979465      
    4811.202914537991     
 dudt=    264421.4006400683     
 ---------------------
 rk4
 istep=     14000001
 grad_b=   0.5430546000290983       -1.1611732508293067E-002 
  -0.1137698988514422     
 bsub=  -4.2025412587290201E-002   0.1790799508453607      
    2.007365833302699     
 bsup=    0.000000000000000        -1.038709445417311      
    1.076185017338882     
 b_abs=    1.405211847543417     
 g=  -8.9743617601377307E-003
 j=    0.000000000000000         256.2106498930206      
    156.1685547931077     
 v_perp_2=    5742519.472776935     
 b_n=  -9.2514470697097353E-006   -1.042130405845137      
    1.076490021324743     
 b_para_n=    1.405211860317904     
 dxdt=  -3.8692251963105065E-002   -3960.985437662896      
    4090.345685815384     
 dudt=    160496.3396693411     
 ---------------------
 rk4
 istep=     15000001
 grad_b=  -0.2004962069634730        0.1571378557554304      
   0.2920271311644641     
 bsub=  -6.4334812156817286E-002   2.1076693004674393E-002 
    1.675985468075485     
 bsup=    0.000000000000000        -1.342485356774055      
   0.9897357947412948     
 b_abs=    1.277170323498098     
 g=  -1.3788241480647745E-002
 j=    0.000000000000000         335.2413258595095      
   -143.0611917703573     
 v_perp_2=    5219246.584037740     
 b_n=   6.4461410668427920E-004   -1.341690262146784      
   0.9897505324921146     
 b_para_n=    1.277170313393030     
 dxdt=    2.963899244184935        -5659.909289510045      
    4175.482462572054     
 dudt=   -124907.4875476046     
 ---------------------
 rk4
 istep=     16000001
 grad_b=   -1.089061004803799        1.1531495541505954E-002 
   8.7359092077264167E-002
 bsub=  -2.1492465007578281E-003  -8.1049424746998111E-002 
    1.070845761317846     
 bsup=    0.000000000000000       -0.6175367264987630      
   0.9023729851975115     
 b_abs=    1.007970899324416     
 g=  -1.8342140485453417E-002
 j=    0.000000000000000         490.6589933603393      
   -402.1344904687030     
 v_perp_2=    4119130.200348637     
 b_n=   5.9869207211563899E-005  -0.6139436232290796      
   0.9026450261963388     
 b_para_n=    1.007970865914473     
 dxdt=   0.3483184535927037        -3342.047199981372      
    4915.682176896540     
 dudt=   -145363.2324978884     
 ---------------------
 rk4
 istep=     17000001
 grad_b=  -0.2943162015241952       -1.0827803774113579E-002 
  -4.5193570532333832E-002
 bsub=   3.6267542279149446E-002  -3.1714271663537387E-002 
   0.9208709796927175     
 bsup=    0.000000000000000       -0.1527910663406068      
    1.072613117034754     
 b_abs=   0.9966432429985976     
 g=  -1.4267886439741454E-002
 j=    0.000000000000000         162.5859597913247      
   -181.0512596860404     
 v_perp_2=    4072822.353550152     
 b_n=  -4.6245016404874457E-005  -0.1516986709346163      
    1.072652546296653     
 b_para_n=   0.9966432305019254     
 dxdt=  -0.2720978144344346        -835.7382374962108      
    5912.344535585525     
 dudt=    95989.92382301281     
 ---------------------
 rk4
 istep=     18000001
 grad_b=   0.6395802207316382        1.1005581291981514E-002 
  -0.1520638870829669     
 bsub=  -3.6087920081861458E-003   5.3254642706009672E-002 
    1.155479584916891     
 bsup=    0.000000000000000        0.5451207169565562      
    1.070567073805150     
 b_abs=    1.125452447217914     
 g=  -1.0689342814475053E-002
 j=    0.000000000000000         903.6680672789996      
   -315.9886308926957     
 v_perp_2=    4599187.940656889     
 b_n=   8.7575440207493803E-005   0.5420137540580655      
    1.070710525995989     
 b_para_n=    1.125452429302735     
 dxdt=   0.4565763133003570         2621.249368443939      
    5180.453008179843     
 dudt=    284663.0850132448     
 ---------------------
 rk4
 istep=     19000001
 grad_b=  -0.1587028538527034        0.2019267764437663      
  -0.1132433911003778     
 bsub=  -2.9233472684689225E-002  -0.1000507936554776      
    1.312638689384191     
 bsup=    0.000000000000000       -0.6517702494051674      
   0.9100218073934860     
 b_abs=    1.122331731323878     
 g=  -2.0345085930859121E-002
 j=    0.000000000000000        -184.5891431347735      
    368.4926894996349     
 v_perp_2=    4586417.519520394     
 b_n=   5.6412138295471352E-004  -0.6512997353773162      
   0.9100702583235872     
 b_para_n=    1.122331759868412     
 dxdt=    2.949190545440059        -3160.437401205549      
    4416.388346352847     
 dudt=    427217.8976677723     
 ---------------------
 rk4
 istep=     20000001
 grad_b=  -0.5238829400307263        0.1227658868218132      
  -9.2033396238588278E-002
 bsub=   8.9416502897852893E-004  -0.2324365492695135      
    1.490488713807716     
 bsup=    0.000000000000000        -1.190361021083149      
   0.8944270970515190     
 b_abs=    1.268705519770084     
 g=  -1.7174005719852965E-002
 j=    0.000000000000000        -217.6416981414983      
   -170.4108595858239     
 v_perp_2=    5184556.521438135     
 b_n=   3.2968871470250390E-004   -1.188768058798337      
   0.8946753085903527     
 b_para_n=    1.268705510813545     
 dxdt=    1.525929860768512        -5050.947689800446      
    3801.927655180179     
 dudt=    367924.1368599756     
 ---------------------
 rk4
 istep=     21000001
 grad_b=   -1.058513452344837       -0.1245053475225830      
   0.1434103123597001     
 bsub=  -2.1073135081045996E-002  -0.1444309368806023      
    1.357352196559981     
 bsup=    0.000000000000000       -0.8768929672427044      
   0.8698350306786418     
 b_abs=    1.143370125047434     
 g=  -2.0056016703942720E-002
 j=    0.000000000000000         198.2133293636645      
    288.7931070048598     
 v_perp_2=    4672356.176339187     
 b_n=  -3.2177792513908972E-004  -0.8737817090758319      
   0.8701611094850801     
 b_para_n=    1.143370144920206     
 dxdt=   -1.651453212435910        -4155.045005225351      
    4139.114706536561     
 dudt=   -418022.5260758488     
 ---------------------
 rk4
 istep=     22000001
 grad_b=  -0.7756997885267858       -2.0352749469466646E-002 
   3.5171807118125592E-002
 bsub=   2.1133975201918932E-002  -4.3998831612094530E-002 
    1.030213106615449     
 bsup=    0.000000000000000       -0.4643027121168600      
   0.9294279114550553     
 b_abs=   0.9888447308624979     
 g=  -1.9092615643067242E-002
 j=    0.000000000000000        -907.9480870150830      
   -184.4104147278243     
 v_perp_2=    4040875.935729173     
 b_n=  -5.9813118526552374E-005  -0.4618391888485141      
   0.9295343411544760     
 b_para_n=   0.9888447197756776     
 dxdt=  -0.3546938453303036        -2566.118926041933      
    5166.658213251571     
 dudt=   -87071.92407117299     
 ---------------------
 rk4
 istep=     23000001
 grad_b=  -0.3383527273003763       -5.0185297929979916E-002 
   9.5031077582145573E-002
 bsub=  -4.3666358149702534E-003   3.5882364610535900E-002 
    1.040153762950578     
 bsup=    0.000000000000000        0.9236444457165001      
   0.9319295479906182     
 b_abs=    1.001402619635162     
 g=  -1.3877304347577894E-002
 j=    0.000000000000000         52.05393757280876      
   -12.33503669096780     
 v_perp_2=    4092177.570043072     
 b_n=  -2.2957764896576339E-004   0.9250956542556276      
   0.9318785208558517     
 b_para_n=    1.001402618845940     
 dxdt=   -1.344403022390932         5073.692325572599      
    5110.330113765906     
 dudt=   -86121.29177118927     
 ---------------------
 rk4
 istep=     24000001
 grad_b=  -0.5667581026120276       -2.3443333541282689E-003 
   3.7349626242433043E-003
 bsub=  -2.9287605045479368E-002  -4.1576063603513069E-002 
   0.9615963381610063     
 bsup=    0.000000000000000       -0.3357163335880152      
   0.9894733109735867     
 b_abs=   0.9823701125357793     
 g=  -1.7293037020259357E-002
 j=    0.000000000000000        -126.4638330580673      
   -32.53593622008894     
 v_perp_2=    4014386.526259038     
 b_n=  -7.2351956637256436E-006  -0.3338381611382484      
   0.9895542942274416     
 b_para_n=   0.9823701105860888     
 dxdt=  -4.3186557263090355E-002   -1867.918826537473      
    5538.934627116199     
 dudt=   -9323.442236586548     
 ---------------------
 rk4
 istep=     25000001
 grad_b=   -1.209571086805977        6.8942692911173442E-002 
  -0.1326450725276166     
 bsub=   1.2874601104489503E-002  -9.5179774116377180E-002 
    1.229430542122343     
 bsup=    0.000000000000000       -0.7594947849757273      
   0.8695000749455057     
 b_abs=    1.068427266408120     
 g=  -2.0371459267515702E-002
 j=    0.000000000000000        -989.6977755386054      
    41.53822309306402     
 v_perp_2=    4366035.328888581     
 b_n=   1.7739862293722014E-004  -0.7558419343427699      
   0.8697810207338296     
 b_para_n=    1.068427275553550     
 dxdt=   0.9739673130637071        -3865.910285478378      
    4450.351507800397     
 dudt=    320695.6766282453     
 ---------------------
 rk4
 istep=     26000001
 grad_b=  -0.6842966171130503        7.2332613770965629E-002 
  -7.8383887293541954E-002
 bsub=   3.8051230431533280E-002  -0.2301239931364599      
    1.514575739105431     
 bsup=    0.000000000000000        -1.240939131117364      
   0.8983410545337255     
 b_abs=    1.283102000726833     
 g=  -1.8039198255936584E-002
 j=    0.000000000000000         313.9082799775463      
   -88.26139595196889     
 v_perp_2=    5243265.383406607     
 b_n=   1.7361990651428811E-004   -1.238978509188049      
   0.8986345811775597     
 b_para_n=    1.283101991871105     
 dxdt=   0.7946315167788449        -5199.839002629379      
    3772.108617748790     
 dudt=    255063.0900184759     
 ---------------------
 rk4
 istep=     27000001
 grad_b=   0.5070178088967476       -8.4508196209050382E-002 
   0.1116834803464069     
 bsub=   9.9713326326990356E-002  -2.5230192981171993E-002 
    1.688234186130741     
 bsup=    0.000000000000000        -1.006472848350116      
    1.001240243038935     
 b_abs=    1.309920746142388     
 g=  -1.4353657349872666E-002
 j=    0.000000000000000         173.4151366742940      
    659.4801546073672     
 v_perp_2=    5352837.804208768     
 b_n=  -3.1932987752485278E-004   -1.008401873248846      
    1.001230310532467     
 b_para_n=    1.309920791816299     
 dxdt=   -1.431827338064990        -4138.978262673927      
    4108.810864584594     
 dudt=   -307084.6562870683     
 ---------------------
 rk4
 istep=     28000001
 grad_b=   0.7710187080247131        7.9995250056925232E-003 
   0.1603247940414572     
 bsub=   1.3766942582072939E-002   6.9823638785128372E-002 
    1.270121833481356     
 bsup=    0.000000000000000        0.1970662411518339      
    1.094639858128120     
 b_abs=    1.184681614922286     
 g=  -9.2152883626064035E-003
 j=    0.000000000000000        -1667.494519844028      
    212.4404967634825     
 v_perp_2=    4841044.341992944     
 b_n=  -4.5360932062615398E-006   0.1927801193150946      
    1.094875539693694     
 b_para_n=    1.184681622714365     
 dxdt=  -2.2473458789637680E-002    880.8560961538504      
    5011.994630330422     
 dudt=   -305393.5959548668     
 ---------------------
 rk4
 istep=     29000001
 grad_b=  -7.6613180031191219E-002   3.2281891032651416E-002 
   7.8518621616990830E-002
 bsub=  -3.8928967572145257E-002  -7.8740236079994363E-003 
   0.9419581550760934     
 bsup=    0.000000000000000        3.7411616587169849E-002 
    1.107059211466586     
 b_abs=    1.020592703104003     
 g=  -1.2673698025683716E-002
 j=    0.000000000000000        -136.4448920721769      
    124.4155706949732     
 v_perp_2=    4170500.330339876     
 b_n=   1.3485141515221283E-004   3.7711981294614644E-002 
    1.107067304246886     
 b_para_n=    1.020592711290653     
 dxdt=   0.7749039140640819         202.7691721484014      
    5949.179683035822     
 dudt=   -176436.4177544304     
 ---------------------
 Elapsed time (seconds):     153.9585390000000     

real	2m33.969s
user	2m33.718s
sys	0m0.015s
>>> [PID 3870892] DONE  u=5500, v_perp=2000, out=bounce/dat264.dat
