>>> [PID 3865315] START u=8500, v_perp=0, out=bounce/dat228.dat, dt=5.00E-09, steps=30000000
 outer boundary:   8.3000000000000462E-002
 rk4
 istep=            1
 grad_b=  -0.5028804336385726        4.9300514518560851E-003 
  -7.9792988417376753E-003
 bsub=   8.6929006696972733E-003   4.2252049053199639E-002 
    1.020728205021043     
 bsup=    0.000000000000000        0.5002777990984746      
   0.9181489075439091     
 b_abs=   0.9787594859427742     
 g=  -1.6418909329104406E-002
 j=    0.000000000000000         576.0999181310793      
    59.06782039285041     
 v_perp_2=    0.000000000000000     
 b_n=   3.0355931151972019E-005   0.5031794494476990      
   0.9180285475001432     
 b_para_n=   0.9787594958150212     
 dxdt=   0.2636249414641972         4369.842988592338      
    7972.584365328065     
 dudt=    0.000000000000000     
 ---------------------
 rk4
 istep=      1000001
 grad_b=   0.2354300951520350        9.5442779581184634E-003 
   0.1084298704825729     
 bsub=  -2.7792148922132616E-002   3.2160339357802215E-002 
    1.022627075450066     
 bsup=    0.000000000000000        0.2461286387419723      
    1.088734337408200     
 b_abs=    1.059196354903091     
 g=  -1.2504523924559911E-002
 j=    0.000000000000000        -259.3225299464527      
   -169.7972857662136     
 v_perp_2=    0.000000000000000     
 b_n=   3.9762816116087236E-005   0.2445834398044243      
    1.088783993845911     
 b_para_n=    1.059196336777423     
 dxdt=   0.3190946996805603         1962.770419564314      
    8737.439534437317     
 dudt=   -0.000000000000000     
 ---------------------
 rk4
 istep=      2000001
 grad_b=  -5.5355130927294771E-002   6.0649507249594843E-002 
   9.3748263199823365E-002
 bsub=  -4.2427745760647576E-002  -5.7566926464259899E-003 
   0.9436941481059360     
 bsup=    0.000000000000000       -9.6606431963038863E-003 
    1.137071141022630     
 b_abs=    1.035767883049479     
 g=  -1.0827882181645463E-002
 j=    0.000000000000000         267.1010206699599      
   -82.85528516439791     
 v_perp_2=    0.000000000000000     
 b_n=   4.4226377731177872E-004  -9.2911765801211906E-003 
    1.137093269547475     
 b_para_n=    1.035767874745058     
 dxdt=    3.629425278395908        -76.24777989032427      
    9331.524009211562     
 dudt=   -0.000000000000000     
 ---------------------
 rk4
 istep=      3000001
 grad_b=  -4.6177915974131789E-002  -5.0092383236930653E-002 
  -8.8962587122842759E-002
 bsub=   4.1173668710004177E-002  -6.3367529610319079E-003 
   0.9430320763324205     
 bsup=    0.000000000000000        2.8232331788697218E-002 
    1.128199083099423     
 b_abs=    1.031066741160621     
 g=  -1.1463345060445756E-002
 j=    0.000000000000000         170.8148416526874      
    33.87100917288825     
 v_perp_2=    0.000000000000000     
 b_n=  -3.4880335351171839E-004   2.8523376998462056E-002 
    1.128216271422221     
 b_para_n=    1.031066744404271     
 dxdt=   -2.875496199387773         235.1435596218451      
    9300.889936693367     
 dudt=    0.000000000000000     
 ---------------------
 rk4
 istep=      4000001
 grad_b=   0.1750897053234847       -3.7770588465394078E-003 
  -0.1024515434739492     
 bsub=   2.8915604980541205E-002   2.7713336564628092E-002 
    1.010138778703305     
 bsup=    0.000000000000000        0.2369362576030732      
    1.081009806314287     
 b_abs=    1.048404604873650     
 g=  -1.2976297188856485E-002
 j=    0.000000000000000         354.3510988223898      
   -250.1134101689030     
 v_perp_2=    0.000000000000000     
 b_n=  -6.0854390146128890E-006   0.2358151486173883      
    1.081040712713995     
 b_para_n=    1.048404580186672     
 dxdt=  -4.9338044302514907E-002    1911.884782963181      
    8764.599308058016     
 dudt=    0.000000000000000     
 ---------------------
 rk4
 istep=      5000001
 grad_b=  -0.3634187082144757       -3.9555862232637039E-002 
   5.4812503331318846E-002
 bsub=  -1.4318217464392050E-002   3.7375105590631966E-002 
    1.019633849494240     
 bsup=    0.000000000000000        0.3812681689870460      
   0.9480876612398700     
 b_abs=   0.9906571146902021     
 g=  -1.5702897069721829E-002
 j=    0.000000000000000         1149.155961653413      
    152.2061945240300     
 v_perp_2=    0.000000000000000     
 b_n=  -2.4454638950606840E-004   0.3834019308577689      
   0.9480060351803453     
 b_para_n=   0.9906571372513044     
 dxdt=   -2.098247953443334         3289.651171679119      
    8134.046579819686     
 dudt=   -0.000000000000000     
 ---------------------
 rk4
 istep=      6000001
 grad_b=  -0.1956223090067035        1.2517939746350789E-002 
   5.6130309514505677E-002
 bsub=  -3.8135455285824654E-002  -1.7516485816221221E-002 
   0.9343965133460772     
 bsup=    0.000000000000000       -5.1722820629488742E-002 
    1.081204194856024     
 b_abs=    1.005701883551962     
 g=  -1.3901030435872479E-002
 j=    0.000000000000000        -597.6218659901573      
    37.37697045965491     
 v_perp_2=    0.000000000000000     
 b_n=   8.0194855320258303E-005  -5.0580367645329131E-002 
    1.081228890017176     
 b_para_n=    1.005701888567032     
 dxdt=   0.6777915781717874        -427.4955927525255      
    9138.339770089269     
 dudt=   -0.000000000000000     
 ---------------------
 rk4
 istep=      7000001
 grad_b=  -0.5901187245888093        1.8754897857378584E-002 
   2.1888172850401302E-002
 bsub=  -1.5888629689989789E-002  -8.4763877122454853E-002 
   0.8390490933764907     
 bsup=    0.000000000000000       -0.3126368636571765      
    1.124706073914821     
 b_abs=   0.9849008181523053     
 g=  -1.1010251307688172E-002
 j=    0.000000000000000         52.69779885545688      
    163.6358134341504     
 v_perp_2=    0.000000000000000     
 b_n=   1.4646660532575411E-004  -0.3085172606295425      
    1.125125043140796     
 b_para_n=   0.9849008334540748     
 dxdt=    1.264052281185283        -2662.599752458623      
    9710.178468584583     
 dudt=   -0.000000000000000     
 ---------------------
 rk4
 istep=      8000001
 grad_b=   0.4302205205695024       -4.7820725859702075E-002 
  -0.1376150299708314     
 bsub=   2.6621641849235336E-002   5.0928780190803172E-002 
    1.093125341850013     
 bsup=    0.000000000000000        2.9688729941878655E-002 
    1.123379941642664     
 b_abs=    1.108598620319902     
 g=  -1.0121165304478742E-002
 j=    0.000000000000000        -90.84788019045425      
    309.2796290337641     
 v_perp_2=    0.000000000000000     
 b_n=  -3.2359611915566846E-004   2.6300534315529561E-002 
    1.123545709404903     
 b_para_n=    1.108598650638791     
 dxdt=   -2.481120657361674         201.6550728734748      
    8614.604144104580     
 dudt=    0.000000000000000     
 ---------------------
 rk4
 istep=      9000001
 grad_b=   0.6294177191829340        1.7901611905117343E-002 
  -0.1522790500384064     
 bsub=  -4.3466869105035430E-003   5.0258984010727231E-002 
    1.152035305459964     
 bsup=    0.000000000000000        0.5813573832383537      
    1.064352689854577     
 b_abs=    1.120754417597740     
 g=  -1.0829611374190012E-002
 j=    0.000000000000000         1003.953378473334      
   -241.0917894893321     
 v_perp_2=    0.000000000000000     
 b_n=   1.8484595831723405E-004   0.5766217233357034      
    1.064559966714938     
 b_para_n=    1.120754397377706     
 dxdt=    1.401904511258395         4373.201354214001      
    8073.811477562691     
 dudt=    0.000000000000000     
 ---------------------
 rk4
 istep=     10000001
 grad_b=  -0.4501380975191368       -9.4121468847597894E-003 
   1.3790626410234319E-002
 bsub=  -3.1358002871207338E-002  -8.4493058295466092E-003 
   0.9822878043907551     
 bsup=    0.000000000000000       -0.1818671352846637      
   0.9809294825660638     
 b_abs=   0.9824869794283828     
 g=  -1.7323059284342898E-002
 j=    0.000000000000000         652.9532327959004      
   -276.8092065446566     
 v_perp_2=    0.000000000000000     
 b_n=  -4.8546324022458779E-005  -0.1795179869465816      
   0.9809481072541105     
 b_para_n=   0.9824869473128931     
 dxdt=  -0.4199992227067061        -1553.102454154018      
    8486.686703029058     
 dudt=   -0.000000000000000     
 ---------------------
 rk4
 istep=     11000001
 grad_b=  -0.5702090747038064       -1.4115695050084809E-004 
   8.7689618984745366E-003
 bsub=  -2.7832262978222388E-002  -5.5823649917612926E-002 
   0.9332136276768167     
 bsup=    0.000000000000000       -0.3472539875297023      
    1.019501409395563     
 b_abs=   0.9850781106993574     
 g=  -1.5980220372882863E-002
 j=    0.000000000000000        -133.0073399197029      
    33.50544806876900     
 v_perp_2=    0.000000000000000     
 b_n=   2.0517026831869671E-006  -0.3442039508949409      
    1.019683924593577     
 b_para_n=   0.9850781151550257     
 dxdt=   1.7703644552437038E-002   -2970.052361935341      
    8798.605131615775     
 dudt=   -0.000000000000000     
 ---------------------
 rk4
 istep=     12000001
 grad_b=  -0.6728245046518351       -0.1071824027808332      
  -0.1209812544177593     
 bsub=   4.3453998192292315E-002  -7.1298268651023497E-002 
   0.9650770630695141     
 bsup=    0.000000000000000       -0.5805083921344654      
    1.043662234286502     
 b_abs=    1.023753682776136     
 g=  -1.1220501879207399E-002
 j=    0.000000000000000         13.42298625121890      
   -137.4907645722614     
 v_perp_2=    0.000000000000000     
 b_n=  -8.4738784119507693E-004  -0.5756382059656884      
    1.044060175195650     
 b_para_n=    1.023753668526921     
 dxdt=   -7.035673591795043        -4779.396549317162      
    8668.600428003892     
 dudt=    0.000000000000000     
 ---------------------
 rk4
 istep=     13000001
 grad_b=   0.7585647906757264       -3.5290250393469572E-002 
  -0.1584178357253480     
 bsub=  -1.4597855860807446E-004   8.2034346210571277E-002 
    1.288561135962392     
 bsup=    0.000000000000000       -0.1433733213724660      
    1.122105523135413     
 b_abs=    1.197525980598440     
 g=  -8.5052382238788912E-003
 j=    0.000000000000000        -700.0992052872589      
    266.5954824805727     
 v_perp_2=    0.000000000000000     
 b_n=  -2.3678133720529457E-004  -0.1504993963673647      
    1.122559188093919     
 b_para_n=    1.197526002891087     
 dxdt=   -1.680666107780584        -1068.239742631246      
    7967.888025614856     
 dudt=    0.000000000000000     
 ---------------------
 rk4
 istep=     14000001
 grad_b=   0.7423698878934828        7.1295803836458171E-002 
  -0.1783093935165160     
 bsub=  -4.5154004003020685E-002   2.0135328063827798E-002 
    1.369540742621976     
 bsup=    0.000000000000000        5.3988520353866309E-002 
    1.013715331444108     
 b_abs=    1.178759061924030     
 g=  -1.2494318392478295E-002
 j=    0.000000000000000         559.9174517134113      
    18.30485554903632     
 v_perp_2=    0.000000000000000     
 b_n=   5.1853019100365930E-004   4.8822089490273335E-002 
    1.013808388142604     
 b_para_n=    1.178759064846838     
 dxdt=    3.739107299339236         352.0547778109726      
    7310.545094583712     
 dudt=    0.000000000000000     
 ---------------------
 rk4
 istep=     15000001
 grad_b=  -0.8214581088807631        1.9854283402604547E-002 
  -4.0001174149454213E-002
 bsub=  -1.9444298967066585E-002  -4.9038202717789560E-002 
    1.034855792202868     
 bsup=    0.000000000000000       -0.4862331823896116      
   0.9280802996262023     
 b_abs=   0.9921219331547833     
 g=  -1.9003773328394619E-002
 j=    0.000000000000000        -426.7938999681433      
   -343.1500040556769     
 v_perp_2=    0.000000000000000     
 b_n=   8.8349025099047451E-005  -0.4821883300368187      
   0.9282735947080955     
 b_para_n=   0.9921218952165072     
 dxdt=   0.7569298862999315        -4131.146409603767      
    7952.979964520321     
 dudt=    0.000000000000000     
 ---------------------
 rk4
 istep=     16000001
 grad_b=  -0.9407315070341450       -2.0547914815593569E-003 
  -5.1305746111306894E-002
 bsub=  -9.7486115405411994E-003  -7.2293259705450599E-002 
    1.022779594810709     
 bsup=    0.000000000000000       -0.5237495623884573      
   0.9319416910327808     
 b_abs=   0.9956164626679032     
 g=  -1.8099943125372320E-002
 j=    0.000000000000000         1220.282737493662      
   -600.0895818046853     
 v_perp_2=    0.000000000000000     
 b_n=  -2.8799128265439580E-005  -0.5189782274195819      
   0.9322785923758946     
 b_para_n=   0.9956163835336840     
 dxdt=  -0.2458703917541094        -4430.737587312114      
    7959.258371250985     
 dudt=    0.000000000000000     
 ---------------------
 rk4
 istep=     17000001
 grad_b=   0.2900464999359138       -0.1362330738030119      
  -0.2096711032332497     
 bsub=   5.2101727733026210E-002   5.4698375164610194E-002 
    1.334074930903991     
 bsup=    0.000000000000000       -0.6984330324007595      
    1.084279293327856     
 b_abs=    1.186593964943620     
 g=  -8.9207630071972133E-003
 j=    0.000000000000000         13.40869742172555      
    174.7276492661591     
 v_perp_2=    0.000000000000000     
 b_n=  -1.2054901996670061E-003  -0.7012497796447570      
    1.084441879128132     
 b_para_n=    1.186593983501447     
 dxdt=   -8.635360400980030        -5023.304693819193      
    7768.247691083863     
 dudt=    0.000000000000000     
 ---------------------
 rk4
 istep=     18000001
 grad_b=   0.7446071474121553       -3.2624292560295934E-002 
  -0.1621017893508155     
 bsub=  -2.3144276035910353E-002   0.1167338910152089      
    1.546511844211921     
 bsup=    0.000000000000000       -0.5428118570540268      
    1.099049486767190     
 b_abs=    1.279441276825251     
 g=  -8.4535130550044569E-003
 j=    0.000000000000000         253.1473686738744      
   -108.8449427907117     
 v_perp_2=    0.000000000000000     
 b_n=  -2.0261718540695361E-004  -0.5501874902310671      
    1.099603174612426     
 b_para_n=    1.279441267351791     
 dxdt=   -1.346092329446149        -3655.184326392537      
    7305.241141354947     
 dudt=    0.000000000000000     
 ---------------------
 rk4
 istep=     19000001
 grad_b=   0.4167196978754816        0.1574728942673731      
  -0.1363319315856561     
 bsub=  -6.2583108805899582E-002  -7.8931735524948685E-002 
    1.457911768775654     
 bsup=    0.000000000000000       -0.6445212958502374      
   0.9555475898047847     
 b_abs=    1.201672924284955     
 g=  -1.7198840877361645E-002
 j=    0.000000000000000         100.7884154215525      
   -710.0582710427151     
 v_perp_2=    0.000000000000000     
 b_n=   7.8348729214660793E-004  -0.6466660360069152      
   0.9554650388584399     
 b_para_n=    1.201672843560963     
 dxdt=    5.541975937070688        -4574.174523050976      
    6758.455825822050     
 dudt=    0.000000000000000     
 ---------------------
 rk4
 istep=     20000001
 grad_b=   -1.124062791734841        6.8115376398880365E-002 
  -0.1103905252252594     
 bsub=   2.2155688195376055E-003  -8.0077558953085159E-002 
    1.175355427801398     
 bsup=    0.000000000000000       -0.6976147008799849      
   0.8804940941469822     
 b_abs=    1.044345505111460     
 g=  -2.0031492497873532E-002
 j=    0.000000000000000        -235.6178925452893      
    135.0523774079477     
 v_perp_2=    0.000000000000000     
 b_n=   2.8987812238169693E-004  -0.6922383082187104      
   0.8808598602365492     
 b_para_n=    1.044345523307851     
 dxdt=    2.359337963588991        -5634.175173387086      
    7169.378950651726     
 dudt=    0.000000000000000     
 ---------------------
 rk4
 istep=     21000001
 grad_b=   -1.254437124666302        1.7940576641441972E-002 
  -0.1313864078388371     
 bsub=   1.2223396289434555E-002  -8.3697974039783601E-002 
    1.173742722497916     
 bsup=    0.000000000000000       -0.7470348046051002      
   0.8762039190173363     
 b_abs=    1.044425554757150     
 g=  -1.9563383853215124E-002
 j=    0.000000000000000        -456.1889057391659      
   -541.2746304236234     
 v_perp_2=    0.000000000000000     
 b_n=   4.1922855083363121E-005  -0.7409062116074557      
   0.8766404495107546     
 b_para_n=    1.044425493586541     
 dxdt=   0.3411868729715758        -6029.824853314486      
    7134.490556385475     
 dudt=    0.000000000000000     
 ---------------------
 rk4
 istep=     22000001
 grad_b=   0.5066831443448654       -7.1150215496786032E-002 
  -0.1792398629480600     
 bsub=   3.2463495594070579E-002   0.1233236886858000      
    1.673914677208896     
 bsup=    0.000000000000000        -1.116718366688471      
    1.087518197573949     
 b_abs=    1.297897439865007     
 g=  -7.9158506373228632E-003
 j=    0.000000000000000         701.5311862882381      
   -359.4599704014347     
 v_perp_2=    0.000000000000000     
 b_n=  -6.4682345810153298E-004   -1.122413075242861      
    1.087950266346192     
 b_para_n=    1.297897405689749     
 dxdt=   -4.236081657734107        -7350.743670293530      
    7125.044879050462     
 dudt=    0.000000000000000     
 ---------------------
 rk4
 istep=     23000001
 grad_b=   0.6875560076900032       -4.6735962080834872E-002 
  -0.1883063519289241     
 bsub=  -3.8040728066959788E-002   0.1595789543953559      
    1.831026634700525     
 bsup=    0.000000000000000       -0.8472430116865399      
    1.077771161835746     
 b_abs=    1.355677050884077     
 g=  -8.9538543250722562E-003
 j=    0.000000000000000        -705.1654320928899      
    224.8558220690596     
 v_perp_2=    0.000000000000000     
 b_n=  -3.0004187605544609E-004  -0.8540072845755797      
    1.078354466537225     
 b_para_n=    1.355677069075055     
 dxdt=   -1.881241487850300        -5354.565688600977      
    6761.206761297628     
 dudt=    0.000000000000000     
 ---------------------
 rk4
 istep=     24000001
 grad_b=  -8.7992818510698012E-002   0.1938271282849138      
  -9.7963298678996530E-002
 bsub=  -4.2750971710105279E-002  -0.1829282708305096      
    1.433065516281365     
 bsup=    0.000000000000000        -1.004322150028548      
   0.9097343762585138     
 b_abs=    1.219660251362464     
 g=  -1.9358623476758357E-002
 j=    0.000000000000000         133.4892733336998      
    164.8919388187743     
 v_perp_2=    0.000000000000000     
 b_n=   8.0238049695622086E-004   -1.003919823117046      
   0.9098096826024186     
 b_para_n=    1.219660267278742     
 dxdt=    5.591913098345753        -6996.471661353778      
    6340.603616919471     
 dudt=    0.000000000000000     
 ---------------------
 rk4
 istep=     25000001
 grad_b=   -1.060451893572710        0.1231957070283265      
  -0.1425592420810310     
 bsub=   2.0057398924983573E-002  -0.1412626419822606      
    1.354738234324597     
 bsup=    0.000000000000000       -0.8729511106581889      
   0.8722589479966136     
 b_abs=    1.142320686435151     
 g=  -1.9916470716870978E-002
 j=    0.000000000000000         125.1843099374813      
    297.1643131609669     
 v_perp_2=    0.000000000000000     
 b_n=   5.0215005520366058E-004  -0.8680453192890412      
   0.8727630829356653     
 b_para_n=    1.142320719395553     
 dxdt=    3.736494836134660        -6459.118782211219      
    6494.223626512322     
 dudt=    0.000000000000000     
 ---------------------
 rk4
 istep=     26000001
 grad_b=   -1.302509407582042        3.9104521402470629E-002 
  -0.1862950470846001     
 bsub=   3.7920260558407158E-002  -0.1162812995964385      
    1.357583989139809     
 bsup=    0.000000000000000       -0.9184587043553409      
   0.8672833509060267     
 b_abs=    1.133257789758885     
 g=  -2.0835327830639350E-002
 j=    0.000000000000000         1772.860639785267      
   -734.2474920659508     
 v_perp_2=    0.000000000000000     
 b_n=   1.0443196412635242E-004  -0.9126056896856108      
   0.8677816754693273     
 b_para_n=    1.133257685090264     
 dxdt=   0.7832920144753246        -6844.999565751754      
    6508.797018130766     
 dudt=    0.000000000000000     
 ---------------------
 rk4
 istep=     27000001
 grad_b=   0.4134699943737522       -7.6332807751053236E-002 
  -0.2214241183242951     
 bsub=   2.4107498909643685E-002   0.1633034917688932      
    1.981997923654992     
 bsup=    0.000000000000000        -1.489425488797386      
    1.074280337039836     
 b_abs=    1.372597959728048     
 g=  -7.5844614465239157E-003
 j=    0.000000000000000        -870.1105840248919      
    526.5812772346328     
 v_perp_2=    0.000000000000000     
 b_n=  -7.1647403341288621E-004   -1.494558554093941      
    1.074712019269359     
 b_para_n=    1.372598013202708     
 dxdt=   -4.436862960190039        -9255.257247645737      
    6655.300441878511     
 dudt=    0.000000000000000     
 ---------------------
 rk4
 istep=     28000001
 grad_b=   0.4919385886989293        1.0240947832718714E-002 
  -6.4814396908859234E-002
 bsub=  -4.5059112969620813E-002   0.1761826466846729      
    2.039578168195318     
 bsup=    0.000000000000000        -1.112402634316517      
    1.074656082289750     
 b_abs=    1.412968764420695     
 g=  -9.0585715621147051E-003
 j=    0.000000000000000         149.0765234069142      
    224.1006911033699     
 v_perp_2=    0.000000000000000     
 b_n=   1.5884694774951264E-004   -1.117321610798695      
    1.075084520893509     
 b_para_n=    1.412968791473285     
 dxdt=   0.9555759929156128        -6721.474493351167      
    6467.388722766140     
 dudt=    0.000000000000000     
 ---------------------
 rk4
 istep=     29000001
 grad_b=  -0.3600856070300941        8.8375325318103340E-002 
  -4.7386910771212001E-002
 bsub=  -3.2110723285765363E-002  -0.2373033779081680      
    1.504716278437525     
 bsup=    0.000000000000000        -1.245034382282271      
   0.9036676332150905     
 b_abs=    1.286599194867779     
 g=  -1.7709743521248204E-002
 j=    0.000000000000000        -612.8658658114770      
   -40.36946712614962     
 v_perp_2=    0.000000000000000     
 b_n=   3.6925889928833707E-004   -1.243386292716076      
   0.9039354323695507     
 b_para_n=    1.286599200584850     
 dxdt=    2.439532561907472        -8214.511157229374      
    5971.907313208736     
 dudt=    0.000000000000000     
 ---------------------
 Elapsed time (seconds):     153.6303420000000     

real	2m33.640s
user	2m33.369s
sys	0m0.019s
>>> [PID 3865315] DONE  u=8500, v_perp=0, out=bounce/dat228.dat
