>>> [PID 3863655] START u=4000, v_perp=0, out=bounce/dat219.dat, dt=5.00E-09, steps=30000000
 outer boundary:   8.3000000000000462E-002
 rk4
 istep=            1
 grad_b=  -0.5028816300536305        4.9311962337554444E-003 
  -7.9817248421400894E-003
 bsub=   8.6925868725231739E-003   4.2252225754508398E-002 
    1.020727515666123     
 bsup=    0.000000000000000        0.5003002114681767      
   0.9181486982962158     
 b_abs=   0.9787595976787353     
 g=  -1.6418795780558684E-002
 j=    0.000000000000000         576.0999171357063      
    59.08469122660639     
 v_perp_2=    0.000000000000000     
 b_n=   1.4288615843738767E-005   0.5016657053941315      
   0.9180920575044667     
 b_para_n=   0.9787596023254462     
 dxdt=   5.8394791978705618E-002    2050.210099404259      
    3752.063551961733     
 dudt=    0.000000000000000     
 ---------------------
 rk4
 istep=      1000001
 grad_b=   0.3990967468205112       -8.6150914973161338E-002 
  -0.1642300265035425     
 bsub=   3.5242827066574126E-002   6.2899388963023189E-002 
    1.164151753312662     
 bsup=    0.000000000000000       -0.3971774558429417      
    1.139369467876131     
 b_abs=    1.140712604671961     
 g=  -8.3922355185369717E-003
 j=    0.000000000000000         14.64982569444223      
    29.67495250207172     
 v_perp_2=    0.000000000000000     
 b_n=  -3.4473794328602835E-004  -0.3989800200598558      
    1.139477298631175     
 b_para_n=    1.140712606105289     
 dxdt=   -1.208851174050087        -1399.055355133086      
    3995.668295528591     
 dudt=    0.000000000000000     
 ---------------------
 rk4
 istep=      2000001
 grad_b=   -1.117163685857400        9.5451198709746429E-002 
  -0.1263920039676828     
 bsub=   9.5751740961683759E-003  -0.1010687826041461      
    1.240157617917443     
 bsup=    0.000000000000000       -0.7483118731795584      
   0.8690526592663589     
 b_abs=    1.073961109757098     
 g=  -2.0507858017765758E-002
 j=    0.000000000000000        -1243.580725301402      
    375.5829399684030     
 v_perp_2=    0.000000000000000     
 b_n=   1.8682023940628554E-004  -0.7458630221647193      
   0.8692508135265401     
 b_para_n=    1.073961136723396     
 dxdt=   0.6958175040719449        -2777.988873751286      
    3237.550350019490     
 dudt=    0.000000000000000     
 ---------------------
 rk4
 istep=      3000001
 grad_b=   0.4056639039272191        1.8352781539600453E-002 
   3.7905840165321815E-002
 bsub=  -6.0481048860771269E-003   0.1950006210992832      
    2.176817346042143     
 bsup=    0.000000000000000        -1.568089149683525      
    1.080603801239371     
 b_abs=    1.431438825163381     
 g=  -6.9547966760810081E-003
 j=    0.000000000000000         449.4408180325017      
   -455.4564079418849     
 v_perp_2=    0.000000000000000     
 b_n=   9.5608679949662855E-005   -1.570682879377199      
    1.080836399510053     
 b_para_n=    1.431438801968346     
 dxdt=   0.2671680544587532        -4389.102425384534      
    3020.279729804206     
 dudt=   -0.000000000000000     
 ---------------------
 rk4
 istep=      4000001
 grad_b=   -1.053819027398424       -0.1057980151551892      
   0.1194518002714906     
 bsub=  -5.3352853021311208E-003  -9.8278526075186404E-002 
    1.229163292725428     
 bsup=    0.000000000000000       -0.7292128785860765      
   0.8717398376215288     
 b_abs=    1.069116669858305     
 g=  -2.0488117081229964E-002
 j=    0.000000000000000        -1004.847369134830      
    374.4886156165760     
 v_perp_2=    0.000000000000000     
 b_n=  -2.1139840963802487E-004  -0.7268994464221293      
   0.8719239143278459     
 b_para_n=    1.069116695578633     
 dxdt=  -0.7909273534396010        -2719.626208918993      
    3262.221674897477     
 dudt=   -0.000000000000000     
 ---------------------
 rk4
 istep=      5000001
 grad_b=  -0.2414296193722101        0.1221362537217102      
   0.1525389302557641     
 bsub=  -5.5276932264485976E-002  -1.2154088851978648E-002 
    1.016771011292693     
 bsup=    0.000000000000000       -0.6001327715318387      
    1.108899076995661     
 b_abs=    1.064712787443497     
 g=  -9.1058209227281028E-003
 j=    0.000000000000000        -568.3137185823485      
    52.98397231529705     
 v_perp_2=    0.000000000000000     
 b_n=   5.1094698978742788E-004  -0.5991718372404163      
    1.108938344307911     
 b_para_n=    1.064712790262927     
 dxdt=    1.919567396804734        -2251.017711893751      
    4166.150174768023     
 dudt=   -0.000000000000000     
 ---------------------
 rk4
 istep=      6000001
 grad_b=  -0.2546157196812275       -2.8221321464809490E-002 
   5.5985474195933832E-002
 bsub=  -2.7350266666681795E-002   1.9702848917040373E-002 
   0.9939244234607021     
 bsup=    0.000000000000000        9.5030340597270335E-002 
   0.9959039866372411     
 b_abs=   0.9954975624369840     
 g=  -1.5839571107810851E-002
 j=    0.000000000000000        -261.7301363900847      
   -60.37616864847530     
 v_perp_2=    0.000000000000000     
 b_n=  -7.7716790874035531E-005   9.5700883372106776E-002 
   0.9958885522441678     
 b_para_n=   0.9954975589791183     
 dxdt=  -0.3122731549587485         384.5348791020559      
    4001.571046604878     
 dudt=   -0.000000000000000     
 ---------------------
 rk4
 istep=      7000001
 grad_b=   0.6838006073946283       -5.6461184772780185E-002 
  -0.1602009238391833     
 bsub=   1.2135945605594410E-003   0.1177278851874218      
    1.487943568614359     
 bsup=    0.000000000000000       -0.5351350173994256      
    1.120524795043573     
 b_abs=    1.266550972889538     
 g=  -7.8286964243802180E-003
 j=    0.000000000000000         345.9614370921619      
   -139.3643530048753     
 v_perp_2=    0.000000000000000     
 b_n=  -2.1709124162316843E-004  -0.5385259463703322      
    1.120793261837068     
 b_para_n=    1.266550967427027     
 dxdt=  -0.6856139143430920        -1700.763602002806      
    3539.670461470453     
 dudt=    0.000000000000000     
 ---------------------
 rk4
 istep=      8000001
 grad_b=  -0.8527792229945138        0.1463379375071201      
  -0.1369115033825793     
 bsub=   2.2408218053260775E-002  -0.1970340843599377      
    1.446471548213585     
 bsup=    0.000000000000000        -1.052470101810851      
   0.8804238240016944     
 b_abs=    1.216831006955330     
 g=  -1.8641098496796918E-002
 j=    0.000000000000000         265.5536322033616      
   -150.7188798603945     
 v_perp_2=    0.000000000000000     
 b_n=   2.8001753355168599E-004   -1.050604615558935      
   0.8806735890243923     
 b_para_n=    1.216830997354564     
 dxdt=   0.9204812637431312        -3453.576109888681      
    2894.974210680068     
 dudt=    0.000000000000000     
 ---------------------
 rk4
 istep=      9000001
 grad_b=   0.4136912396269959        7.3348465535353569E-002 
   0.2153770085873691     
 bsub=  -1.8190215890019453E-002   0.1660829868282546      
    1.945508591318740     
 bsup=    0.000000000000000        -1.372829185890324      
    1.075875185647117     
 b_abs=    1.365431320798494     
 g=  -7.3631436629615996E-003
 j=    0.000000000000000        -1568.942378877382      
    400.3860830773999     
 v_perp_2=    0.000000000000000     
 b_n=   3.2595031794773041E-004   -1.375294557787554      
    1.076088705854997     
 b_para_n=    1.365431335419415     
 dxdt=   0.9548640330496277        -4028.894085296817      
    3152.377356344933     
 dudt=   -0.000000000000000     
 ---------------------
 rk4
 istep=     10000001
 grad_b=  -0.7074317602232574       -4.7788110910945834E-002 
   4.7732655504411005E-002
 bsub=   2.0579986354980394E-002  -2.6764962609955784E-002 
    1.069193451264320     
 bsup=    0.000000000000000       -0.4322098283318003      
   0.9141389994362740     
 b_abs=   0.9944949701294327     
 g=  -1.9745844099122514E-002
 j=    0.000000000000000        -1226.071912228967      
    246.0832011186607     
 v_perp_2=    0.000000000000000     
 b_n=  -1.0674673446586262E-004  -0.4305870369807806      
   0.9141816918449319     
 b_para_n=   0.9944949858636332     
 dxdt=  -0.4293505185374556        -1731.882183827616      
    3676.968531122533     
 dudt=   -0.000000000000000     
 ---------------------
 rk4
 istep=     11000001
 grad_b=  -0.4548715617156166       -4.8681201192998125E-002 
  -4.8481340330075562E-002
 bsub=   3.1816729436106764E-002  -6.2672541811372162E-002 
   0.8529315791070484     
 bsup=    0.000000000000000       -0.1511516746422756      
    1.153892451528944     
 b_abs=   0.9970417845137816     
 g=  -1.0148807101747905E-002
 j=    0.000000000000000        -165.3362288394466      
    132.9684604249120     
 v_perp_2=    0.000000000000000     
 b_n=  -1.8482540012447330E-004  -0.1495488530292525      
    1.154017127382201     
 b_para_n=   0.9970417910612382     
 dxdt=  -0.7414950979246218        -599.9702494719892      
    4629.764319723771     
 dudt=    0.000000000000000     
 ---------------------
 rk4
 istep=     12000001
 grad_b=  -0.6613515652575337        2.5627101014287779E-003 
  -1.1401106766924060E-002
 bsub=  -2.5740627725912377E-002  -4.5239384406192719E-002 
   0.9830671219887434     
 bsup=    0.000000000000000       -0.3920167159806441      
   0.9630598576724346     
 b_abs=   0.9818792616584702     
 g=  -1.8130476401545675E-002
 j=    0.000000000000000        -565.6545022540881      
   -28.68693664301875     
 v_perp_2=    0.000000000000000     
 b_n=   4.7965434650539782E-006  -0.3904595528271777      
   0.9631316416097591     
 b_para_n=   0.9818792615160371     
 dxdt=   1.9540257761012449E-002   -1590.662184775354      
    3923.625559104563     
 dudt=    0.000000000000000     
 ---------------------
 rk4
 istep=     13000001
 grad_b=   0.5639651805651756       -7.7196593353363749E-002 
  -0.1993431653822260     
 bsub=  -1.2190440883200411E-002   0.1706377155512602      
    1.864350055231397     
 bsup=    0.000000000000000       -0.9604940012961285      
    1.080626297599890     
 b_abs=    1.360019172554611     
 g=  -7.9972563251243176E-003
 j=    0.000000000000000        -340.8553995919712      
    128.9740845026098     
 v_perp_2=    0.000000000000000     
 b_n=  -3.1091865215760486E-004  -0.9634615790079570      
    1.080895880821617     
 b_para_n=    1.360019177737110     
 dxdt=  -0.9144537290273567        -2833.670568119572      
    3179.060703011801     
 dudt=    0.000000000000000     
 ---------------------
 rk4
 istep=     14000001
 grad_b=  -0.5003812818857218       -8.7301410456004772E-002 
   6.6508230773195259E-002
 bsub=  -1.9401038643111859E-003  -0.2417341290912985      
    1.503452647980231     
 bsup=    0.000000000000000        -1.228676905869513      
   0.8967284449080727     
 b_abs=    1.282657967200619     
 g=  -1.6895198183252035E-002
 j=    0.000000000000000         132.2863370722059      
   -99.97139251117883     
 v_perp_2=    0.000000000000000     
 b_n=  -1.7339407058491863E-004   -1.227544532136362      
   0.8969102860209565     
 b_para_n=    1.282657961374432     
 dxdt=  -0.5407336197379331        -3828.127432572865      
    2797.036507097723     
 dudt=   -0.000000000000000     
 ---------------------
 rk4
 istep=     15000001
 grad_b=   0.5100479209831237        9.1314624727007160E-002 
   0.1843314346486780     
 bsub=  -3.8231363655828889E-002   0.1012305552892620      
    1.518406606746602     
 bsup=    0.000000000000000       -0.8721727609716179      
    1.099829707139664     
 b_abs=    1.257026023197141     
 g=  -7.9815592617124339E-003
 j=    0.000000000000000         523.7152954852165      
   -123.1268980628091     
 v_perp_2=    0.000000000000000     
 b_n=   3.9813940032589379E-004  -0.8747658029115963      
    1.100012603396344     
 b_para_n=    1.257026018739652     
 dxdt=    1.266924930400678        -2783.604443728775      
    3500.365424414249     
 dudt=   -0.000000000000000     
 ---------------------
 rk4
 istep=     16000001
 grad_b=  -7.4692600806196829E-002  -8.5184504311514794E-002 
   0.1273705080438470     
 bsub=   4.1647673587349825E-003   2.7231319867230375E-002 
    1.104121097480945     
 bsup=    0.000000000000000        0.5928092744719116      
   0.9352194522212036     
 b_abs=    1.023944623325729     
 g=  -1.5300002088828927E-002
 j=    0.000000000000000         208.5420466626118      
   -45.78696199242394     
 v_perp_2=    0.000000000000000     
 b_n=  -2.5439975934175060E-004   0.5930258015980688      
   0.9352150694517346     
 b_para_n=    1.023944621075004     
 dxdt=  -0.9938028057598080         2316.632323242136      
    3653.381443499883     
 dudt=   -0.000000000000000     
 ---------------------
 rk4
 istep=     17000001
 grad_b=   0.3718469920488019       -6.4724261095224583E-002 
  -0.1411286642804190     
 bsub=   3.0687814304320743E-002   5.1146764884003673E-002 
    1.090288006916287     
 bsup=    0.000000000000000       -8.6082414912893812E-002 
    1.132693018311753     
 b_abs=    1.108942581792970     
 g=  -9.6689567539725504E-003
 j=    0.000000000000000        -276.7210357171792      
    362.3441777490621     
 v_perp_2=    0.000000000000000     
 b_n=  -2.2294821275008962E-004  -8.7524473504584241E-002 
    1.132766958854956     
 b_para_n=    1.108942598080908     
 dxdt=  -0.8041830591986090        -315.7042525232616      
    4085.935415648301     
 dudt=    0.000000000000000     
 ---------------------
 rk4
 istep=     18000001
 grad_b=   -1.104571811935397        4.5230174945219498E-002 
  -9.6181527516033261E-002
 bsub=  -9.4306497750499662E-004  -7.4494675834053961E-002 
    1.132034766489841     
 bsup=    0.000000000000000       -0.6655126567611900      
   0.8826562812668046     
 b_abs=    1.023984544170513     
 g=  -1.9912303759460123E-002
 j=    0.000000000000000         715.2495194010128      
   -318.3243663338558     
 v_perp_2=    0.000000000000000     
 b_n=   8.8260624221174708E-005  -0.6630063184880889      
   0.8828212681173818     
 b_para_n=    1.023984523426233     
 dxdt=   0.3447732742126075        -2589.907575046866      
    3448.572699764947     
 dudt=    0.000000000000000     
 ---------------------
 rk4
 istep=     19000001
 grad_b=   0.4437230187276643       -5.0875810692630231E-003 
  -3.2997898097123175E-002
 bsub=  -2.0015026189202690E-002   0.1873318869810212      
    2.129680499691667     
 bsup=    0.000000000000000        -1.391024225544926      
    1.077455349139942     
 b_abs=    1.426760053759783     
 g=  -7.5668429709494318E-003
 j=    0.000000000000000         594.1790923697879      
   -169.1115800793035     
 v_perp_2=    0.000000000000000     
 b_n=  -1.2641738441160509E-005   -1.393589647904941      
    1.077680886827575     
 b_para_n=    1.426760047331526     
 dxdt=  -3.5441806671848965E-002   -3907.004966984817      
    3021.337438886560     
 dudt=    0.000000000000000     
 ---------------------
 rk4
 istep=     20000001
 grad_b=  -0.8178799723568178       -0.1626812682306060      
   0.1234135454445069     
 bsub=  -5.9385414046720705E-003  -0.1527829299383062      
    1.342883824334309     
 bsup=    0.000000000000000       -0.8580304884048362      
   0.8740419587420343     
 b_abs=    1.142164825258674     
 g=  -1.9790733996949486E-002
 j=    0.000000000000000        -327.7967004618090      
   -14.86991993971479     
 v_perp_2=    0.000000000000000     
 b_n=  -3.2352791337371243E-004  -0.8562515071160725      
   0.8742429277843448     
 b_para_n=    1.142164826472525     
 dxdt=   -1.133034062598127        -2998.696815977182      
    3061.704957188594     
 dudt=   -0.000000000000000     
 ---------------------
 rk4
 istep=     21000001
 grad_b=  -0.7421255280354885        0.1049116476314614      
   0.1197576097913560     
 bsub=  -3.8211384719608499E-002  -8.1334663710777660E-002 
   0.9802265382398354     
 bsup=    0.000000000000000       -0.5573105140161980      
    1.013228409654509     
 b_abs=    1.018706930300183     
 g=  -1.2095517230597836E-002
 j=    0.000000000000000        -325.4100157601476      
   -343.1422815212550     
 v_perp_2=    0.000000000000000     
 b_n=   3.7530601957802480E-004  -0.5549006438694979      
    1.013442983465742     
 b_para_n=    1.018706914597445     
 dxdt=    1.473656511799890        -2178.843142882853      
    3979.330930000476     
 dudt=   -0.000000000000000     
 ---------------------
 rk4
 istep=     22000001
 grad_b=   1.9852305675232496E-002  -1.8672547624050073E-002 
   8.9545479102998191E-002
 bsub=  -2.7452120003342451E-002   2.3972484599359585E-002 
   0.9996942117838199     
 bsup=    0.000000000000000        0.2051865040711082      
    1.044674362689620     
 b_abs=    1.024350054603981     
 g=  -1.4281631586984611E-002
 j=    0.000000000000000         908.9852256685218      
   -279.1933175192162     
 v_perp_2=    0.000000000000000     
 b_n=  -5.8120078107152500E-005   0.2051242671956060      
    1.044674245897572     
 b_para_n=    1.024350041708472     
 dxdt=  -0.2269539737030375         800.9928592514627      
    4079.364292913785     
 dudt=   -0.000000000000000     
 ---------------------
 rk4
 istep=     23000001
 grad_b=   0.7597090142554926       -4.0182011814698687E-002 
  -0.1626199891142750     
 bsub=  -3.8541885676590636E-003   9.5960952539548852E-002 
    1.363574123345666     
 bsup=    0.000000000000000       -0.2809464669251845      
    1.124642164079070     
 b_abs=    1.227243096915638     
 g=  -8.1141227888138229E-003
 j=    0.000000000000000        -332.2886099741833      
    83.13072909142784     
 v_perp_2=    0.000000000000000     
 b_n=  -1.3417894661611008E-004  -0.2844914859468606      
    1.124891266592900     
 b_para_n=    1.227243099760054     
 dxdt=  -0.4373345318212643        -927.2538945298885      
    3666.400786650451     
 dudt=    0.000000000000000     
 ---------------------
 rk4
 istep=     24000001
 grad_b=   -1.104001932853806        0.1163255093012763      
  -0.1473057314967914     
 bsub=   2.3732579679365748E-002  -0.1418099406738379      
    1.354107118310822     
 bsup=    0.000000000000000       -0.8749473922929102      
   0.8667337956554905     
 b_abs=    1.139235990416832     
 g=  -2.0356790009546356E-002
 j=    0.000000000000000         367.1740618999091      
    252.4243928972753     
 v_perp_2=    0.000000000000000     
 b_n=   2.1640073987074285E-004  -0.8725851257824052      
   0.8669774030447976     
 b_para_n=    1.139236002156301     
 dxdt=   0.7598100462455473        -3063.755443580822      
    3044.066028123469     
 dudt=    0.000000000000000     
 ---------------------
 rk4
 istep=     25000001
 grad_b=   0.3981102751383512        7.4235265833909964E-002 
   0.2136025957819510     
 bsub=  -3.4814075313764681E-002   0.1496593824378196      
    2.003041445540077     
 bsup=    0.000000000000000        -1.655673951586696      
    1.075017257738680     
 b_abs=    1.379912203828216     
 g=  -7.9628368984333755E-003
 j=    0.000000000000000        -1827.176670310910      
    367.8760329574874     
 v_perp_2=    0.000000000000000     
 b_n=   3.2215380011164430E-004   -1.657895336519629      
    1.075188838933107     
 b_para_n=    1.379912216626011     
 dxdt=   0.9338385332926019        -4805.799431425595      
    3116.687644267763     
 dudt=   -0.000000000000000     
 ---------------------
 rk4
 istep=     26000001
 grad_b=  -0.4766746666014829       -0.1622051160140734      
   9.9655729077615662E-002
 bsub=   1.8106632254561942E-002  -6.2163132343067119E-002 
    1.212477742369944     
 bsup=    0.000000000000000       -0.5442313739239164      
   0.8995730871881710     
 b_abs=    1.060305562697361     
 g=  -2.0807230493557531E-002
 j=    0.000000000000000        -320.9322768761843      
   -265.9648663327126     
 v_perp_2=    0.000000000000000     
 b_n=  -3.4073633332731471E-004  -0.5431942682193315      
   0.8996313351217058     
 b_para_n=    1.060305548547005     
 dxdt=   -1.285426955632721        -2049.199002924017      
    3393.856936255856     
 dudt=   -0.000000000000000     
 ---------------------
 rk4
 istep=     27000001
 grad_b=  -0.3942784509660890       -2.9342607675837386E-002 
  -4.2412933940572370E-002
 bsub=   3.1440086376267121E-002  -5.8287290276625853E-002 
   0.8740528892769951     
 bsup=    0.000000000000000       -0.2028852858839957      
    1.113696613566399     
 b_abs=   0.9930254164176966     
 g=  -1.2149244211428774E-002
 j=    0.000000000000000         389.8178649830490      
   -112.1411619618927     
 v_perp_2=    0.000000000000000     
 b_n=  -9.8217355548223186E-005  -0.2016861982056429      
    1.113780101809398     
 b_para_n=   0.9930254099790859     
 dxdt=  -0.3956287706687858        -812.4110266620089      
    4486.411286627015     
 dudt=    0.000000000000000     
 ---------------------
 rk4
 istep=     28000001
 grad_b=  -0.4619000514707460       -2.2173288626624217E-003 
   2.0476727028344979E-002
 bsub=  -3.1790545021544103E-002  -3.9678311160506297E-002 
   0.9413909994037165     
 bsup=    0.000000000000000       -0.2856458259023237      
    1.016659861453705     
 b_abs=   0.9840096624289946     
 g=  -1.6376528970316717E-002
 j=    0.000000000000000         619.7415882069743      
   -108.1119850263829     
 v_perp_2=    0.000000000000000     
 b_n=  -3.3644110214693210E-006  -0.2845000075413046      
    1.016708035302857     
 b_para_n=   0.9840096555662535     
 dxdt=  -1.3676333367006455E-002   -1156.492747533408      
    4132.918938555689     
 dudt=   -0.000000000000000     
 ---------------------
 rk4
 istep=     29000001
 grad_b=   0.6797663233913055       -4.7356398842218088E-002 
  -0.1810668027836730     
 bsub=  -2.9195162227823653E-002   0.1478179291280525      
    1.719304518980421     
 bsup=    0.000000000000000       -0.7331308773713413      
    1.087019785530316     
 b_abs=    1.326835392836515     
 g=  -8.6232655503019548E-003
 j=    0.000000000000000        -774.7385046187047      
    146.5162676734923     
 v_perp_2=    0.000000000000000     
 b_n=  -1.5065434102187728E-004  -0.7363378728205077      
    1.087292953248904     
 b_para_n=    1.326835396940201     
 dxdt=  -0.4541764302318115        -2219.831863149167      
    3277.853321538745     
 dudt=    0.000000000000000     
 ---------------------
 Elapsed time (seconds):     153.9167800000000     

real	2m33.928s
user	2m33.678s
sys	0m0.019s
>>> [PID 3863655] DONE  u=4000, v_perp=0, out=bounce/dat219.dat
