>>> [PID 3861113] START u=7500, v_perp=-1000, out=bounce/dat205.dat, dt=5.00E-09, steps=30000000
 outer boundary:   8.3000000000000462E-002
 rk4
 istep=            1
 grad_b=  -0.5028807014505683        4.9303052153764904E-003 
  -7.9798372967822967E-003
 bsub=   8.6928308509634719E-003   4.2252088357868055E-002 
    1.020728051863918     
 bsup=    0.000000000000000        0.5002827822454106      
   0.9181488608798696     
 b_abs=   0.9787595107699294     
 g=  -1.6418884093693832E-002
 j=    0.000000000000000         576.0999145579734      
    59.07156081220896     
 v_perp_2=    999999.8096984864     
 b_n=   2.6786088391685214E-005   0.5028430667336261      
   0.9180426605192691     
 b_para_n=   0.9787595194811295     
 dxdt=   0.2070798786284166         3853.340492304278      
    7034.734015941817     
 dudt=    2536.682128621222     
 ---------------------
 rk4
 istep=      1000001
 grad_b=   -1.242953467078744       -5.3052576650374154E-002 
   0.1336555086741487     
 bsub=  -1.3161924048653335E-002  -9.0455740644040494E-002 
    1.214769749724811     
 bsup=    0.000000000000000       -0.7594549890010416      
   0.8715663005938752     
 b_abs=    1.061930338724275     
 g=  -2.0165315156737022E-002
 j=    0.000000000000000        -815.8684729046281      
   -195.6639412570666     
 v_perp_2=    1084968.217079797     
 b_n=  -1.8051159016550762E-004  -0.7542554051843303      
   0.8719515103181322     
 b_para_n=    1.061930324405996     
 dxdt=   -1.286224170136711        -5322.632660915042      
    6153.627017209783     
 dudt=   -75419.77877499859     
 ---------------------
 rk4
 istep=      2000001
 grad_b=   0.5013758907822106        1.0469618912853643E-002 
  -7.9604597016897316E-002
 bsub=  -5.1783275944240446E-002   0.1720575516389934      
    2.009191872640460     
 bsup=    0.000000000000000        -1.042179516471064      
    1.073813754483304     
 b_abs=    1.406525324891940     
 g=  -9.4590381958303653E-003
 j=    0.000000000000000         76.02051729242987      
    180.5865572561625     
 v_perp_2=    1437027.840953873     
 b_n=   1.4506153223376372E-004   -1.046369626259270      
    1.074176327143277     
 b_para_n=    1.406525343554277     
 dxdt=   0.7804184635949887        -5558.114967321425      
    5705.549497367238     
 dudt=    35009.07610808556     
 ---------------------
 rk4
 istep=      3000001
 grad_b=  -7.0273967926265557E-002  -0.1253254605428668      
  -0.1679418756118866     
 bsub=   5.5484434281164063E-002   8.8346046809781309E-003 
    1.072115968865752     
 bsup=    0.000000000000000       -0.5987955476182567      
    1.111787894450499     
 b_abs=    1.088623141688428     
 g=  -8.8492227155131976E-003
 j=    0.000000000000000        -587.8444813299806      
    66.47669081396361     
 v_perp_2=    1112223.651978923     
 b_n=  -9.9316750122851148E-004  -0.5983021276657106      
    1.111835232748718     
 b_para_n=    1.088623147180439     
 dxdt=   -6.903249822197886        -4117.816954454506      
    7652.276498590849     
 dudt=    52402.32570633489     
 ---------------------
 rk4
 istep=      4000001
 grad_b=   0.7063110418781695        1.5862230946942894E-002 
   0.1527085321014139     
 bsub=   3.3008771733589876E-004   6.6338981183057144E-002 
    1.202485640218230     
 bsup=    0.000000000000000        0.2127793933093226      
    1.103135305156775     
 b_abs=    1.158026073450711     
 g=  -9.5106493079206988E-003
 j=    0.000000000000000        -144.1579606325806      
   -98.35246227190794     
 v_perp_2=    1183122.362489000     
 b_n=   5.4930554876952421E-005   0.2075631973437661      
    1.103423049239836     
 b_para_n=    1.158026064067359     
 dxdt=   0.3589277596653129         1341.745150175409      
    7134.739117897304     
 dudt=   -75799.84472072855     
 ---------------------
 rk4
 istep=      5000001
 grad_b=  -0.6262599045979095       -0.1683170520220240      
   0.1198329577034387     
 bsub=  -1.7643553598656225E-003  -0.2016068094292830      
    1.435223418157329     
 bsup=    0.000000000000000        -1.046554933644528      
   0.8851475984676631     
 b_abs=    1.216966239005169     
 g=  -1.8267671159025247E-002
 j=    0.000000000000000         176.1101454016708      
   -48.03105446179244     
 v_perp_2=    1243330.707510995     
 b_n=  -6.2916190996426923E-004   -1.043954472477622      
   0.8855121076888268     
 b_para_n=    1.216966232067122     
 dxdt=   -3.911990372214279        -6419.643282316460      
    5445.500889363949     
 dudt=   -118464.6439239522     
 ---------------------
 rk4
 istep=      6000001
 grad_b=  -0.9203047561735855        0.1402753730025619      
  -0.1205323472988597     
 bsub=   3.9031787286763842E-003  -0.1187661478418708      
    1.279176377274950     
 bsup=    0.000000000000000       -0.7717593346193339      
   0.8751769441383698     
 b_abs=    1.100373526196831     
 g=  -2.0228147317214912E-002
 j=    0.000000000000000        -758.0976076966804      
    119.6003854666403     
 v_perp_2=    1124204.250229248     
 b_n=   5.2837913993493109E-004  -0.7679938404590568      
   0.8755249591876643     
 b_para_n=    1.100373545964733     
 dxdt=    3.633412014836669        -5228.504967515168      
    5960.893669029771     
 dudt=    99228.34308999151     
 ---------------------
 rk4
 istep=      7000001
 grad_b=   0.3505786732167439       -1.7869854510146631E-002 
  -0.1212582621941274     
 bsub=   2.3982337401218447E-002   4.1993863505862677E-002 
    1.054515963167372     
 bsup=    0.000000000000000        0.2480491658003935      
    1.097472555389384     
 b_abs=    1.080505191721737     
 g=  -1.1683432332909124E-002
 j=    0.000000000000000        -908.5563522839326      
    27.29460295192882     
 v_perp_2=    1103897.770583660     
 b_n=  -7.9030759132966470E-005   0.2459078023470688      
    1.097559627198409     
 b_para_n=    1.080505190931045     
 dxdt=  -0.5534490415447962         1705.171553914208      
    7611.345050808706     
 dudt=    65010.27902437439     
 ---------------------
 rk4
 istep=      8000001
 grad_b=   0.2192593314266933        0.1385776955743692      
   0.2057532880816899     
 bsub=  -5.3103187716881106E-002   4.4108073054882173E-002 
    1.269349209059540     
 bsup=    0.000000000000000       -0.6496531142952399      
    1.088314785859604     
 b_abs=    1.163780593594525     
 g=  -8.8925606282228963E-003
 j=    0.000000000000000         249.6858395851958      
   -248.5647258794613     
 v_perp_2=    1188967.127706725     
 b_n=   1.0849934874568466E-003  -0.6515342304455297      
    1.088425522342306     
 b_para_n=    1.163780571464335     
 dxdt=    7.054523215922408        -4191.890977849789      
    7002.588889772416     
 dudt=   -58771.47617205691     
 ---------------------
 rk4
 istep=      9000001
 grad_b=   0.3975782031129500       -4.6797776122033077E-002 
  -8.5029474041881631E-002
 bsub=   3.5343262704832470E-002   0.1707980251865107      
    2.103023982249065     
 bsup=    0.000000000000000        -1.438429449808817      
    1.075177390750708     
 b_abs=    1.420129090798874     
 g=  -8.2629449813495515E-003
 j=    0.000000000000000        -462.1514909773999      
    214.2938463977181     
 v_perp_2=    1450853.515762091     
 b_n=  -3.9341460785760477E-004   -1.442364480957223      
    1.075503599969430     
 b_para_n=    1.420129108899461     
 dxdt=   -2.096264930675040        -7587.109830148458      
    5657.173904760525     
 dudt=    8671.050333848183     
 ---------------------
 rk4
 istep=     10000001
 grad_b=   -1.030137894903575        5.4369715506156647E-003 
  -6.9162569597120555E-002
 bsub=  -5.7042076423158665E-003  -7.2430116890050217E-002 
    1.060410523109697     
 bsup=    0.000000000000000       -0.5839610738041414      
   0.9104761302800350     
 b_abs=    1.003808793256887     
 g=  -1.8702866094473324E-002
 j=    0.000000000000000         1149.490483384288      
   -827.0306225983475     
 v_perp_2=    1025518.114961303     
 b_n=   3.1466822576072267E-006  -0.5794123875343493      
   0.9107867510466429     
 b_para_n=    1.003808699316747     
 dxdt=   2.3719603647866096E-002   -4327.812708966770      
    6803.459933387555     
 dudt=    33660.07274992459     
 ---------------------
 rk4
 istep=     11000001
 grad_b=  -0.4550808029864033       -2.1641871087544652E-002 
   3.6625737145233095E-002
 bsub=  -1.8016532961982658E-004   4.2667762393773401E-002 
    1.018297297214779     
 bsup=    0.000000000000000        0.8904942348885261      
   0.9115609354441971     
 b_abs=   0.9829176216616405     
 g=  -1.4923134610325742E-002
 j=    0.000000000000000        -277.1660773072915      
   -93.59734749918363     
 v_perp_2=    1004168.410214434     
 b_n=  -1.2843112331562071E-004   0.8930159697660067      
   0.9114552387382666     
 b_para_n=   0.9829176107283077     
 dxdt=  -0.9886849135301895         6813.938784095791      
    6954.452588732126     
 dudt=   -7335.193504693250     
 ---------------------
 rk4
 istep=     12000001
 grad_b=   -1.211448357307084       -4.1945400777718439E-002 
   0.1196106327062639     
 bsub=  -7.3968449608987890E-003  -8.2109668053615276E-002 
    1.172154089361485     
 bsup=    0.000000000000000       -0.7216892893050706      
   0.8776320088570713     
 b_abs=    1.043008877776551     
 g=  -1.9854079012687723E-002
 j=    0.000000000000000        -499.9731482689592      
   -299.5243784245316     
 v_perp_2=    1065551.619920442     
 b_n=  -1.4284709212043960E-004  -0.7165370778392198      
   0.8779919960532451     
 b_para_n=    1.043008849693093     
 dxdt=   -1.036311455344454        -5149.073870812014      
    6309.752331562249     
 dudt=   -66235.34978036305     
 ---------------------
 rk4
 istep=     13000001
 grad_b=   0.3999648363187769        4.0521080286296807E-002 
  -1.4484269965674257E-002
 bsub=  -5.7518409015275287E-002   0.1645107343650524      
    2.024800026810082     
 bsup=    0.000000000000000        -1.100300948755074      
    1.071645042514776     
 b_abs=    1.410239588706078     
 g=  -9.8347070441208613E-003
 j=    0.000000000000000        -180.5057027316409      
    216.9458802659843     
 v_perp_2=    1440708.162733260     
 b_n=   3.3736399349630245E-004   -1.103533616575831      
    1.071917287533281     
 b_para_n=    1.410239608932040     
 dxdt=    1.810209484749654        -5846.047444282552      
    5678.361615475548     
 dudt=    21771.50707724268     
 ---------------------
 rk4
 istep=     14000001
 grad_b=   0.2590648982768791       -0.1122346132164225      
  -0.1805216415219798     
 bsub=   4.8159595220453835E-002   4.7370226457038693E-002 
    1.171905982430983     
 bsup=    0.000000000000000       -0.5668125030948068      
    1.123621524606977     
 b_abs=    1.136191996325982     
 g=  -8.2914634591613225E-003
 j=    0.000000000000000         798.4540687131955      
   -143.5121379531437     
 v_perp_2=    1160731.728944254     
 b_n=  -9.0017258425826414E-004  -0.5690983731411647      
    1.123750906003572     
 b_para_n=    1.136191986383694     
 dxdt=   -5.994936670405956        -3751.401600742193      
    7407.279591521633     
 dudt=    62590.45341729074     
 ---------------------
 rk4
 istep=     15000001
 grad_b=   0.6293329927251624        2.1316458834092035E-002 
   0.1480034052250113     
 bsub=  -8.5905032056923930E-003   6.1793732513078931E-002 
    1.156253731359222     
 bsup=    0.000000000000000        0.2133698296157071      
    1.105646728687625     
 b_abs=    1.136597217528204     
 g=  -9.9557957922771986E-003
 j=    0.000000000000000         914.0486268359352      
   -286.3365059899085     
 v_perp_2=    1161136.893254667     
 b_n=   9.4432343518088317E-005   0.2089293524109531      
    1.105884722380521     
 b_para_n=    1.136597196600368     
 dxdt=   0.6286728470007290         1376.371410776829      
    7286.895878073759     
 dudt=   -75584.46695494909     
 ---------------------
 rk4
 istep=     16000001
 grad_b=  -0.6243824086186263       -0.1775670157927342      
   0.1178545679636657     
 bsub=   1.3985114862135302E-003  -0.1864210670565730      
    1.402889338465318     
 bsup=    0.000000000000000       -0.9789731868093646      
   0.8827959750861496     
 b_abs=    1.192004628752202     
 g=  -1.8851128117774143E-002
 j=    0.000000000000000         182.0445409634054      
   -60.16903336736762     
 v_perp_2=    1217731.689219802     
 b_n=  -6.6406231715164510E-004  -0.9764117678232921      
   0.8831370008363348     
 b_para_n=    1.192004620555704     
 dxdt=   -4.215447669214774        -6131.430194398680      
    5545.887637440313     
 dudt=   -119072.6035194464     
 ---------------------
 rk4
 istep=     17000001
 grad_b=  -0.9239674094185689        0.1441334963775633      
  -0.1268867348922538     
 bsub=   8.5249333669127556E-003  -0.1356693849530409      
    1.319443550200623     
 bsup=    0.000000000000000       -0.8222494528978543      
   0.8735572901914007     
 b_abs=    1.124192761389304     
 g=  -1.9977077811214838E-002
 j=    0.000000000000000        -605.9482179525031      
    204.0947729684800     
 v_perp_2=    1148448.144115567     
 b_n=   5.3680856173699031E-004  -0.8184691536129978      
   0.8739425476049548     
 b_para_n=    1.124192788775876     
 dxdt=    3.613172581609500        -5452.911214527329      
    5822.794793669313     
 dudt=    104211.0708610788     
 ---------------------
 rk4
 istep=     18000001
 grad_b=   0.4771940185157366       -1.4974085867834636E-002 
  -0.1345935182467966     
 bsub=   1.6279059797589826E-002   5.0666726905518857E-002 
    1.092334120282303     
 bsup=    0.000000000000000        0.3014830567790712      
    1.094066518954975     
 b_abs=    1.099751228182056     
 g=  -1.1182033184478548E-002
 j=    0.000000000000000        -218.4659724368649      
   -140.2413362744462     
 v_perp_2=    1123471.197163357     
 b_n=  -5.5270818492427641E-005   0.2984495441266335      
    1.094208035365350     
 b_para_n=    1.099751214805892     
 dxdt=  -0.3802861726535685         2032.901701858795      
    7454.012271474295     
 dudt=    70489.96302185069     
 ---------------------
 rk4
 istep=     19000001
 grad_b=  -0.1668584038367131        0.1520760711229038      
   0.1985090669837141     
 bsub=  -5.7126609352045804E-002  -4.1979962312075209E-003 
    1.149073997123943     
 bsup=    0.000000000000000       -0.6212005199251122      
    1.059065172309319     
 b_abs=    1.104792850195415     
 g=  -1.0063230034323366E-002
 j=    0.000000000000000         182.5677081647551      
    178.1241318141770     
 v_perp_2=    1128613.290959382     
 b_n=   1.1203057046192668E-003  -0.6200494912844350      
    1.059125089649528     
 b_para_n=    1.104792866648611     
 dxdt=    7.672995384209030        -4204.376349617793      
    7181.759184293005     
 dudt=   -53521.29010623758     
 ---------------------
 rk4
 istep=     20000001
 grad_b=   0.4374563988546389       -2.2152502818102049E-002 
  -1.6856430004423995E-002
 bsub=   3.1264324821092052E-002   0.1788475903714097      
    2.110956005488232     
 bsup=    0.000000000000000        -1.365467402056545      
    1.076066878505925     
 b_abs=    1.424578477888113     
 g=  -8.1112331764785772E-003
 j=    0.000000000000000        -112.1300015204910      
   -18.23875175979869     
 v_perp_2=    1455283.501555490     
 b_n=  -2.0767956633769603E-004   -1.369853676584183      
    1.076441572982286     
 b_para_n=    1.424578475054784     
 dxdt=   -1.103141250546021        -7182.943897859470      
    5644.202584756150     
 dudt=   -4341.945792938725     
 ---------------------
 rk4
 istep=     21000001
 grad_b=   -1.116942851095285        9.7131793855637256E-003 
  -8.9247386319449173E-002
 bsub=  -1.8032206072497205E-004  -7.5434613908302195E-002 
    1.095297269996223     
 bsup=    0.000000000000000       -0.6409440865371649      
   0.8958005830972267     
 b_abs=    1.014447199965147     
 g=  -1.9006666995519433E-002
 j=    0.000000000000000         728.6079888563229      
   -729.0365556180291     
 v_perp_2=    1036304.232493915     
 b_n=   1.5665269419032314E-005  -0.6360380863076539      
   0.8961383928796083     
 b_para_n=    1.014447118220607     
 dxdt=   0.1168461288008784        -4700.498306289743      
    6623.205802281213     
 dudt=    43388.37031481818     
 ---------------------
 rk4
 istep=     22000001
 grad_b=  -0.3917177376025570       -4.2494326398369330E-002 
   7.8848347585188008E-002
 bsub=  -6.5687444926394254E-003   3.8130528827947846E-002 
    1.029965989166040     
 bsup=    0.000000000000000        0.7888796497549503      
   0.9319578494002830     
 b_abs=   0.9950183585679561     
 g=  -1.4383382665063258E-002
 j=    0.000000000000000        -379.5154733129162      
    140.3921487142669     
 v_perp_2=    1016450.049009406     
 b_n=  -2.5767820525107314E-004   0.7910993883300561      
   0.9318740412588178     
 b_para_n=   0.9950183715252002     
 dxdt=   -1.959529239739998         5962.229829225313      
    7023.013640315696     
 dudt=   -20512.72305639339     
 ---------------------
 rk4
 istep=     23000001
 grad_b=   -1.156047707469672       -3.1044640483510258E-002 
   0.1017515786208612     
 bsub=  -1.7118499609056828E-003  -7.5758108281746589E-002 
    1.131956240243568     
 bsup=    0.000000000000000       -0.6778590291294937      
   0.8861886424566888     
 b_abs=    1.026713858727136     
 g=  -1.9538133828214090E-002
 j=    0.000000000000000         366.0775764513979      
   -494.0072381062222     
 v_perp_2=    1048821.109113088     
 b_n=  -1.0446125535931901E-004  -0.6728766376440185      
   0.8865218897842588     
 b_para_n=    1.026713803853351     
 dxdt=  -0.7698606612665045        -4912.796268840120      
    6473.129549594609     
 dudt=   -55326.62542257853     
 ---------------------
 rk4
 istep=     24000001
 grad_b=   0.2858370809960956        7.0093445931889500E-002 
   5.4269203212592154E-002
 bsub=  -6.3532054246089389E-002   0.1497367347141657      
    2.015298322113910     
 bsup=    0.000000000000000        -1.157043443392027      
    1.067046252401824     
 b_abs=    1.405952848502747     
 g=  -1.0391855958125661E-002
 j=    0.000000000000000        -404.1375648919617      
    149.5165869218435     
 v_perp_2=    1436214.716635846     
 b_n=   5.0654566853040991E-004   -1.159248337050031      
    1.067226053219162     
 b_para_n=    1.405952860467488     
 dxdt=    2.726281117925651        -6160.090436312606      
    5670.969859227785     
 dudt=    8425.830081683687     
 ---------------------
 rk4
 istep=     25000001
 grad_b=   0.4649709909171882       -9.0311537113488022E-002 
  -0.1763062846006422     
 bsub=   3.7139144441247551E-002   7.2342201289122318E-002 
    1.254506796471651     
 bsup=    0.000000000000000       -0.5277990053556504      
    1.129883725806902     
 b_abs=    1.175058326957376     
 g=  -7.9788092093144337E-003
 j=    0.000000000000000         860.6377025712266      
    176.7541219114026     
 v_perp_2=    1200342.231031069     
 b_n=  -7.1478218196620053E-004  -0.5319923961882292      
    1.130146721042123     
 b_para_n=    1.175058347201162     
 dxdt=   -4.602845787727283        -3389.761407705346      
    7200.505096763412     
 dudt=    65869.32102334269     
 ---------------------
 rk4
 istep=     26000001
 grad_b=   0.5240962973022526        2.6667151499087299E-002 
   0.1407513447437373     
 bsub=  -1.6876049602678952E-002   5.5448022175323519E-002 
    1.113768294639333     
 bsup=    0.000000000000000        0.1958052992102468      
    1.107525224507323     
 b_abs=    1.115289495177380     
 g=  -1.0460912139739381E-002
 j=    0.000000000000000         486.1155422916329      
   -79.14013472725935     
 v_perp_2=    1139278.600244401     
 b_n=   1.3187185865928231E-004   0.1922755901734953      
    1.107702941415873     
 b_para_n=    1.115289490333072     
 dxdt=   0.8946932804373864         1291.155421664939      
    7439.766971135910     
 dudt=   -73779.83135724202     
 ---------------------
 rk4
 istep=     27000001
 grad_b=  -0.5861191274707700       -0.1854701877338862      
   0.1134243847973777     
 bsub=   6.4547003985019700E-003  -0.1716373831227865      
    1.371672032252458     
 bsup=    0.000000000000000       -0.9198968267507337      
   0.8833547844373886     
 b_abs=    1.170377281585888     
 g=  -1.9413752486996769E-002
 j=    0.000000000000000         117.8241875375637      
   -202.2852406497280     
 v_perp_2=    1195542.642662500     
 b_n=  -6.9197524562873290E-004  -0.9175266892629587      
   0.8836545978359071     
 b_para_n=    1.170377260195098     
 dxdt=   -4.473800077347493        -5869.295069742979      
    5652.796018683660     
 dudt=   -118179.0915095288     
 ---------------------
 rk4
 istep=     28000001
 grad_b=  -0.9048194529322946        0.1487080788597805      
  -0.1318848422907746     
 bsub=   1.2023207043049943E-002  -0.1532895856056609      
    1.359631617891349     
 bsup=    0.000000000000000       -0.8802957307308890      
   0.8742510230736810     
 b_abs=    1.150352714504774     
 g=  -1.9609625955178522E-002
 j=    0.000000000000000        -144.2720903221134      
    150.6402880017745     
 v_perp_2=    1175079.212461830     
 b_n=   5.4935501308876462E-004  -0.8765866097534929      
   0.8746643585840437     
 b_para_n=    1.150352731386694     
 dxdt=    3.613542687267133        -5705.962113789598      
    5693.730233965811     
 dudt=    109314.9301812818     
 ---------------------
 rk4
 istep=     29000001
 grad_b=   0.5961974203729701       -1.0299089280846335E-002 
  -0.1447102987569742     
 bsub=   7.3239432386866185E-003   5.6327670022808030E-002 
    1.132222351421806     
 bsup=    0.000000000000000        0.3592331592050825      
    1.090568903473881     
 b_abs=    1.120099642378559     
 g=  -1.0640361675448320E-002
 j=    0.000000000000000         869.5253294523051      
   -390.1354684122936     
 v_perp_2=    1144167.583643493     
 b_n=  -2.0601383947323978E-005   0.3552646671911038      
    1.090766437345730     
 b_para_n=    1.120099611553491     
 dxdt=  -0.1391712860147096         2375.471941944847      
    7294.237954651192     
 dudt=    73648.66179875446     
 ---------------------
 Elapsed time (seconds):     154.1766690000000     

real	2m34.189s
user	2m33.931s
sys	0m0.017s
>>> [PID 3861113] DONE  u=7500, v_perp=-1000, out=bounce/dat205.dat
