>>> [PID 3874086] START u=7000, v_perp=3000, out=bounce/dat288.dat, dt=5.00E-09, steps=30000000
 outer boundary:   8.3000000000000462E-002
 rk4
 istep=            1
 grad_b=  -0.5028808324737698        4.9304330499133492E-003 
  -7.9801075071799232E-003
 bsub=   8.6927960701321562E-003   4.2252107957578916E-002 
    1.020727975230007     
 bsup=    0.000000000000000        0.5002852698287494      
   0.9181488377942667     
 b_abs=   0.9787595231841540     
 g=  -1.6418871479782365E-002
 j=    0.000000000000000         576.0999202003219      
    59.07344379064042     
 v_perp_2=    8999998.401439060     
 b_n=   2.5001027743853042E-005   0.5026748709281211      
   0.9180497173067548     
 b_para_n=   0.9787595313147928     
 dxdt=   0.1952259773212324         3596.654927543011      
    6565.743879354493     
 dudt=    22830.94509815813     
 ---------------------
 rk4
 istep=      1000001
 grad_b=   0.5118940819923439       -5.1768869367417758E-002 
  -0.1469381877779287     
 bsub=   2.2650392264099942E-002   5.9923342989425921E-002 
    1.133243866717447     
 bsup=    0.000000000000000       -3.6237694928656139E-002 
    1.127073055806416     
 b_abs=    1.129221781118141     
 g=  -9.5400159054632883E-003
 j=    0.000000000000000         457.0717222046565      
    58.97759216420167     
 v_perp_2=    10383484.83888209     
 b_n=  -2.9589317006513117E-004  -3.9699886255096656E-002 
    1.127262049323711     
 b_para_n=    1.129221787821522     
 dxdt=   -2.005297972884532        -244.9057090176844      
    6888.622405522359     
 dudt=    666646.6032088529     
 ---------------------
 rk4
 istep=      2000001
 grad_b=   -1.109243053785557        1.3029843459437095E-002 
  -8.7312401652933663E-002
 bsub=  -1.1615220552372591E-003  -7.4264609091199585E-002 
    1.095244051468331     
 bsup=    0.000000000000000       -0.6375590442854877      
   0.8963049301882380     
 b_abs=    1.014217004562934     
 g=  -1.9071180554661813E-002
 j=    0.000000000000000         817.2988942168849      
   -750.5165679819133     
 v_perp_2=    9325922.667468883     
 b_n=   2.8970491740864661E-005  -0.6330385398217968      
   0.8966114073811747     
 b_para_n=    1.014216925857606     
 dxdt=   0.2183761273217956        -4351.619973188543      
    6167.888216545755     
 dudt=    392417.0312670268     
 ---------------------
 rk4
 istep=      3000001
 grad_b=  -0.2344573593609886        7.3297503926158136E-002 
   1.3474369590471602E-002
 bsub=  -8.6618577097668209E-002  -0.1682488274153168      
    1.598539165253668     
 bsup=    0.000000000000000        -1.242428476570814      
   0.9448977145578934     
 b_abs=    1.311342234406821     
 g=  -1.7957825879926316E-002
 j=    0.000000000000000         115.5567158247640      
   -492.5460401217913     
 v_perp_2=    12057981.93326654     
 b_n=   2.7425260865676274E-004   -1.241570545931848      
   0.9450028395218856     
 b_para_n=    1.311342192600382     
 dxdt=    1.603581084676901        -6416.837136108779      
    4884.593809286062     
 dudt=    274643.3551366940     
 ---------------------
 rk4
 istep=      4000001
 grad_b=   0.4848119758848867       -4.9005016832158604E-003 
   5.6630311169469601E-002
 bsub=   3.5731905582372388E-002   0.1808023252758813      
    2.071891715097605     
 bsup=    0.000000000000000        -1.201142407044323      
    1.075889724706320     
 b_abs=    1.418983795074566     
 g=  -8.5134902196743294E-003
 j=    0.000000000000000         171.4259463979928      
    71.66551741900736     
 v_perp_2=    13047679.30367628     
 b_n=  -8.3439955206287072E-005   -1.205244197459622      
    1.076249109251618     
 b_para_n=    1.418983802931213     
 dxdt=  -0.4514676633589389        -5697.549675955381      
    5085.486096815804     
 dudt=   -216479.3625865745     
 ---------------------
 rk4
 istep=      5000001
 grad_b=   -1.087620713544484       -5.5524972116452145E-002 
   9.6385424598023878E-002
 bsub=   2.1386359628825331E-003  -7.2564460277080120E-002 
    1.140973858858802     
 bsup=    0.000000000000000       -0.6633195458850968      
   0.8858591199231884     
 b_abs=    1.028950450502956     
 g=  -1.9880499038580458E-002
 j=    0.000000000000000         726.1572613364276      
   -70.80319298414656     
 v_perp_2=    9461232.916357342     
 b_n=  -1.9515654725603190E-004  -0.6590216448219424      
   0.8861328162537598     
 b_para_n=    1.028950438955913     
 dxdt=   -1.450179677089376        -4459.369622721162      
    6000.145847331880     
 dudt=   -546072.7984011382     
 ---------------------
 rk4
 istep=      6000001
 grad_b=  -0.7133026622281805        8.5238874758828562E-002 
   9.0321064631624814E-002
 bsub=  -3.8455555898682714E-002  -7.9431977452084801E-002 
   0.9023418138995609     
 bsup=    0.000000000000000       -0.5741815376040933      
    1.075527368698385     
 b_abs=    1.008698983787199     
 g=  -1.0664713316839844E-002
 j=    0.000000000000000         1016.209863392298      
   -305.8394806885855     
 v_perp_2=    9274962.620265439     
 b_n=   5.6589942091444655E-004  -0.5698732524987283      
    1.075930702697383     
 b_para_n=    1.008698951617149     
 dxdt=    4.288820273051151        -3940.761903982649      
    7445.850594860475     
 dudt=   -219688.3570633986     
 ---------------------
 rk4
 istep=      7000001
 grad_b=  -4.7621658746472728E-002   4.2237833655426951E-003 
   7.5292998065849076E-002
 bsub=  -3.5504358561593494E-002   4.7793500706842344E-003 
   0.9656778406504712     
 bsup=    0.000000000000000        7.8201931023838989E-002 
    1.072227307437931     
 b_abs=    1.017530423033808     
 g=  -1.3974878144640344E-002
 j=    0.000000000000000        -270.6272042613350      
    100.1180553630675     
 v_perp_2=    9356109.734655252     
 b_n=   1.8753810376932251E-005   7.8420328212022189E-002 
    1.072226924950991     
 b_para_n=    1.017530431481168     
 dxdt=   0.1409074136268423         537.6649328572412      
    7349.426261366054     
 dudt=   -366255.4034504648     
 ---------------------
 rk4
 istep=      8000001
 grad_b=   0.8310874290057662        1.8387591348024319E-003 
  -0.1634376377351908     
 bsub=  -3.2821583854232936E-002   7.4114995449724497E-002 
    1.390811201386763     
 bsup=    0.000000000000000       -6.3906398878881332E-002 
    1.079435333686513     
 b_abs=    1.223421176226549     
 g=  -9.3324617766393399E-003
 j=    0.000000000000000         1018.552111358949      
   -343.8812543640765     
 v_perp_2=    11249190.33024974     
 b_n=   7.5125793883332265E-005  -6.9797981511922430E-002 
    1.079751042082880     
 b_para_n=    1.223421152037378     
 dxdt=   0.4703770261804306        -394.0484754572439      
    6034.725132335217     
 dudt=    663405.2792314471     
 ---------------------
 rk4
 istep=      9000001
 grad_b=  -0.4430713873296631       -0.1637594036897461      
  -0.3031844955582403     
 bsub=   5.4881188402050682E-002  -2.3789117736575223E-002 
    1.422148597240828     
 bsup=    0.000000000000000        -1.191357472212949      
   0.9502322938945978     
 b_abs=    1.174415388402552     
 g=  -1.3778698406075564E-002
 j=    0.000000000000000         146.7561010691006      
   -88.97892850311726     
 v_perp_2=    10798520.79178112     
 b_n=  -9.0807057273451831E-004   -1.189037295859089      
   0.9503061405661164     
 b_para_n=    1.174415379887400     
 dxdt=   -5.919867979064998        -6954.318934794238      
    5559.343009242683     
 dudt=    364060.3712606924     
 ---------------------
 rk4
 istep=     10000001
 grad_b=  -0.5039614014380700       -2.0760319339816383E-002 
   1.9432353047975130E-002
 bsub=  -1.0689038478171320E-002  -0.2421548489682136      
    1.520853705199812     
 bsup=    0.000000000000000        -1.267418900436926      
   0.9017655341224329     
 b_abs=    1.295599172130442     
 g=  -1.6692488475978672E-002
 j=    0.000000000000000         776.7192699342867      
    22.53542893842953     
 v_perp_2=    11912712.55313339     
 b_n=  -6.8101426068547540E-005   -1.265476657503861      
   0.9020742982121568     
 b_para_n=    1.295599163952401     
 dxdt=  -0.4029606370517714        -6629.608791620119      
    4726.954643584514     
 dudt=   -155547.9900969345     
 ---------------------
 rk4
 istep=     11000001
 grad_b=   0.4677853052262320        7.0143114912855353E-002 
   0.1922522956976232     
 bsub=  -1.2079649579685332E-002   0.1532575761057110      
    1.810570568005356     
 bsup=    0.000000000000000        -1.118608989638258      
    1.080228161981942     
 b_abs=    1.335695600618485     
 g=  -7.5680957930345976E-003
 j=    0.000000000000000        -774.5773765263343      
    508.1666158814156     
 v_perp_2=    12281309.54778229     
 b_n=   5.1097765914553787E-004   -1.123058353841545      
    1.080608221476203     
 b_para_n=    1.335695640545492     
 dxdt=    2.934096653147734        -5688.172272557055      
    5470.514372857617     
 dudt=   -444740.7514831102     
 ---------------------
 rk4
 istep=     12000001
 grad_b=  -0.1207005933150231       -0.1567625092980307      
   0.1226951080292896     
 bsub=   2.0856013127343136E-002  -2.1465321501047862E-002 
    1.208556558933452     
 bsup=    0.000000000000000       -0.2235831087022122      
   0.9204342692399525     
 b_abs=    1.057023715119307     
 g=  -1.9482363522006940E-002
 j=    0.000000000000000        -191.1580089878913      
   -378.5031423542226     
 v_perp_2=    9718952.054712944     
 b_n=  -6.2388311110093367E-004  -0.2230874440321158      
   0.9204538067109150     
 b_para_n=    1.057023678055637     
 dxdt=   -4.513940382265763        -1466.160860816042      
    6050.713025279115     
 dudt=   -643617.0936252057     
 ---------------------
 rk4
 istep=     13000001
 grad_b=  -0.1428725063818701       -2.7609623992645632E-002 
  -6.7613053881520890E-002
 bsub=   3.9148307167422465E-002  -1.5767280513639105E-002 
   0.9313749852609455     
 bsup=    0.000000000000000       -4.3429581222943492E-003 
    1.103371606001726     
 b_abs=    1.013465040337274     
 g=  -1.2915248367231780E-002
 j=    0.000000000000000        -392.6900116530589      
    111.8072702474603     
 v_perp_2=    9318389.528267788     
 b_n=  -1.4736188242346792E-004  -3.6253548616183859E-003 
    1.103389959087921     
 b_para_n=    1.013465050189847     
 dxdt=   -1.111612903017470        -24.48597602843956      
    7596.322784493508     
 dudt=    337868.8652213048     
 ---------------------
 rk4
 istep=     14000001
 grad_b=  -0.5244945641930676        5.9112327544036496E-003 
   1.8691145529639033E-002
 bsub=  -2.7619769051331927E-002  -6.0991213776337393E-002 
   0.9097508242159809     
 bsup=    0.000000000000000       -0.3334282476035951      
    1.046393897710584     
 b_abs=   0.9857162435601609     
 g=  -1.4846960962411450E-002
 j=    0.000000000000000         224.3697313198281      
    10.03624599697361     
 v_perp_2=    9063190.597357748     
 b_n=   3.3065126120546687E-005  -0.3310101716636940      
    1.046557012938278     
 b_para_n=   0.9857162431291157     
 dxdt=   0.2563879727160431        -2347.541999189993      
    7427.370226165076     
 dudt=   -82025.12393562148     
 ---------------------
 rk4
 istep=     15000001
 grad_b=  -0.5468231498819672        0.1708978357165270      
  -0.1034354182370237     
 bsub=  -1.5685041296508370E-002  -8.5364638989226374E-002 
    1.236625124206054     
 bsup=    0.000000000000000       -0.6397535458439160      
   0.8938448552386512     
 b_abs=    1.076894631508160     
 g=  -2.0807132905288215E-002
 j=    0.000000000000000         265.6281130686972      
   -397.2634986760489     
 v_perp_2=    9901474.467716970     
 b_n=   6.0889626545283565E-004  -0.6377154054116559      
   0.8939932366432869     
 b_para_n=    1.076894591102776     
 dxdt=    4.324977281526339        -4105.600668213362      
    5757.505217956567     
 dudt=    861431.6157336205     
 ---------------------
 rk4
 istep=     16000001
 grad_b=   0.4107724094935980       -6.0847652600021840E-002 
  -0.1921435855520930     
 bsub=   1.1074590916474220E-002   0.1824685506092134      
    2.078024711239074     
 bsup=    0.000000000000000        -1.468875348318096      
    1.074424156057375     
 b_abs=    1.401370921584843     
 g=  -7.2445803881357150E-003
 j=    0.000000000000000         154.0088046242010      
    301.9445570051716     
 v_perp_2=    12884786.84260865     
 b_n=  -4.5133891062916856E-004   -1.473101749890678      
    1.074797695922202     
 b_para_n=    1.401370951060766     
 dxdt=   -2.472185276500894        -7063.485121336088      
    5151.772478879184     
 dudt=    384036.9601098562     
 ---------------------
 rk4
 istep=     17000001
 grad_b=  -0.7397596661248925       -0.1566493326100646      
   0.1290308147734777     
 bsub=  -1.1446407978810171E-002  -0.1978118525780662      
    1.442306570017672     
 bsup=    0.000000000000000        -1.047788540641782      
   0.8838608885450039     
 b_abs=    1.217223544674127     
 g=  -1.8258765000797816E-002
 j=    0.000000000000000         200.4573936242591      
   -116.7650006731636     
 v_perp_2=    11191587.69185741     
 b_n=  -5.3023839449599494E-004   -1.044969539773062      
   0.8842432948214998     
 b_para_n=    1.217223532043526     
 dxdt=   -3.336604454596121        -5871.582479434906      
    4970.337088315639     
 dudt=   -1050618.818974424     
 ---------------------
 rk4
 istep=     18000001
 grad_b=  -0.9610901265704015        0.1037870190492729      
   0.1784221874184927     
 bsub=  -3.2489107974615822E-002  -7.9026530613748813E-002 
    1.131088856729585     
 bsup=    0.000000000000000       -0.7113971255126887      
   0.9198088656729805     
 b_abs=    1.047496971946565     
 g=  -1.5315640140841356E-002
 j=    0.000000000000000        -638.2313088631635      
    718.0548132645110     
 v_perp_2=    9631006.744267236     
 b_n=   5.6929841966295931E-004  -0.7067157566428676      
   0.9201523609070160     
 b_para_n=    1.047497043825938     
 dxdt=    4.156124883692048        -4689.094508551861      
    6109.513097106851     
 dudt=   -396213.1924779951     
 ---------------------
 rk4
 istep=     19000001
 grad_b=   0.6581392034685973        1.0682785062182881E-002 
   0.1489368165022889     
 bsub=  -2.7427113057502187E-003   6.0082002245529356E-002 
    1.162209439821551     
 bsup=    0.000000000000000        0.3336669355332512      
    1.093900898201434     
 b_abs=    1.136469752004153     
 g=  -1.0151703248869401E-002
 j=    0.000000000000000         764.7781050492301      
   -377.2808560501929     
 v_perp_2=    10448981.87235672     
 b_n=   1.9076644484100908E-005   0.3294562831253575      
    1.094118591698994     
 b_para_n=    1.136469724452779     
 dxdt=   0.1284684385371088         1996.225290304272      
    6638.897025423791     
 dudt=   -673450.3874813964     
 ---------------------
 rk4
 istep=     20000001
 grad_b=   0.3895560407775205        7.2297610274623531E-003 
  -0.1319838743319112     
 bsub=   1.3073379556055066E-002   4.5651942781278765E-002 
    1.075902577751733     
 bsup=    0.000000000000000        0.4350336696014946      
    1.066651301641478     
 b_abs=    1.080196296804530     
 g=  -1.2139694897411429E-002
 j=    0.000000000000000        -832.7155275731843      
   -47.28413461929901     
 v_perp_2=    9931529.202547912     
 b_n=   7.0682729231379775E-005   0.4328786325523227      
    1.066741876817745     
 b_para_n=    1.080196289861082     
 dxdt=   0.5005378850199608         2776.963766371015      
    6846.847040821771     
 dudt=    585751.3012616715     
 ---------------------
 rk4
 istep=     21000001
 grad_b=   2.4615250476749867E-002  -0.1494381850051839      
  -0.2058958121159811     
 bsub=   5.6435405347642700E-002   1.9652895582412667E-002 
    1.207073359923827     
 bsup=    0.000000000000000       -0.6347602594603864      
    1.073064997968888     
 b_abs=    1.133389571824806     
 g=  -9.4942811414080661E-003
 j=    0.000000000000000         487.6645337873686      
   -15.91267113634267     
 v_perp_2=    10420536.38934164     
 b_n=  -1.0433443159753126E-003  -0.6350047742789315      
    1.073117758816504     
 b_para_n=    1.133389571145443     
 dxdt=   -7.045118008099774        -3864.789677688095      
    6531.008950597770     
 dudt=    511395.3712017662     
 ---------------------
 rk4
 istep=     22000001
 grad_b=   -1.076979471948982        0.1179370873527441      
  -0.1386810903417570     
 bsub=   1.7342884154025344E-002  -0.1301405087522340      
    1.325390483498024     
 bsup=    0.000000000000000       -0.8343800015332563      
   0.8706666427872671     
 b_abs=    1.123582126581326     
 g=  -2.0137935548379438E-002
 j=    0.000000000000000        -308.5115819414040      
    385.5354477227090     
 v_perp_2=    10330299.96770645     
 b_n=   3.9282963605451350E-004  -0.8303313606635094      
   0.8710590734805258     
 b_para_n=    1.123582166206916     
 dxdt=    2.675462887579160        -5099.625718241179      
    5352.851303575149     
 dudt=    896635.7692049787     
 ---------------------
 rk4
 istep=     23000001
 grad_b=   0.3700561318473944        6.3052146471166082E-002 
   0.1510316076769069     
 bsub=  -3.4767170294264155E-002   0.1625601821886088      
    2.085798045626926     
 bsup=    0.000000000000000        -1.568298219781318      
    1.074250349885927     
 b_abs=    1.409038234556560     
 g=  -8.0936534179763993E-003
 j=    0.000000000000000        -620.4531277472626      
    522.2603490128397     
 v_perp_2=    12954725.88411971     
 b_n=   4.6737091568061146E-004   -1.571693848405885      
    1.074522813977292     
 b_para_n=    1.409038278485249     
 dxdt=    2.546316000759919        -7488.669758404920      
    5118.389118275789     
 dudt=   -206716.6753221001     
 ---------------------
 rk4
 istep=     24000001
 grad_b=   0.4359142650141804       -0.1103216381512647      
   0.1060410313839362     
 bsub=   9.5086559507666049E-002  -7.6033708295648678E-002 
    1.627835799655698     
 bsup=    0.000000000000000        -1.016719805860946      
   0.9801631562502109     
 b_abs=    1.293380479523290     
 g=  -1.5745709909958768E-002
 j=    0.000000000000000         488.3424436673082      
    320.3320712745249     
 v_perp_2=    11891294.34944398     
 b_n=  -4.6258861498476997E-004   -1.018606326418424      
   0.9801020814375117     
 b_para_n=    1.293380505368219     
 dxdt=   -2.741788796842529        -5349.032435423255      
    5145.563893786038     
 dudt=   -768080.6638645659     
 ---------------------
 rk4
 istep=     25000001
 grad_b=  -0.7372950180036532        2.1446221926114256E-003 
   1.6780208657099185E-002
 bsub=   2.0784720632066697E-002  -6.3680010794574443E-002 
   0.9678909889548525     
 bsup=    0.000000000000000       -0.4253526710094889      
   0.9750621112675388     
 b_abs=   0.9854349395562538     
 g=  -1.7268779944873316E-002
 j=    0.000000000000000        -86.55599305002710      
   -69.25295531620924     
 v_perp_2=    9060002.883128636     
 b_n=   1.3722655483259896E-005  -0.4222367270180901      
   0.9752668165354169     
 b_para_n=   0.9854349337301196     
 dxdt=   0.1064359616675881        -2995.458207746304      
    6923.662684281136     
 dudt=   -72070.46377483093     
 ---------------------
 rk4
 istep=     26000001
 grad_b=   6.0773747277488965E-002   5.3417044084038190E-002 
   0.1004520761633700     
 bsub=  -4.0238468493492607E-002   8.0616516166914266E-003 
   0.9694913878888497     
 bsup=    0.000000000000000        4.3846952208222767E-002 
    1.128240296875683     
 b_abs=    1.046239407323793     
 g=  -1.1228241376933009E-002
 j=    0.000000000000000         417.3832879578778      
   -28.98216914846721     
 v_perp_2=    9618969.394018278     
 b_n=   3.0181379472743773E-004   4.3474222704980713E-002 
    1.128255920715952     
 b_para_n=    1.046239405257645     
 dxdt=    2.205994921801168         288.7805734821091      
    7500.922938777348     
 dudt=   -508251.9144680555     
 ---------------------
 rk4
 istep=     27000001
 grad_b=  -0.4931830912613930        1.5842070792235902E-003 
  -2.8043277189526705E-005
 bsub=  -2.6513406376324520E-002   7.1480358541786311E-003 
    1.011641387037374     
 bsup=    0.000000000000000       -0.1261784041502789      
   0.9499386570037262     
 b_abs=   0.9800741200179985     
 g=  -1.8006173781679687E-002
 j=    0.000000000000000         592.0325638018489      
   -317.4941156715952     
 v_perp_2=    9010602.134349961     
 b_n=   6.7857998189742982E-006  -0.1240661069119162      
   0.9499238804043301     
 b_para_n=   0.9800740896552108     
 dxdt=   5.2917806409159308E-002   -884.6363570218531      
    6783.913919280736     
 dudt=    1062.516714523199     
 ---------------------
 rk4
 istep=     28000001
 grad_b=   0.6580953710452436       -5.6315763479102540E-002 
  -0.1691836945806649     
 bsub=  -1.2320458469868928E-002   0.1402090916651015      
    1.656474981413616     
 bsup=    0.000000000000000       -0.7227822234992607      
    1.095411636598684     
 b_abs=    1.309144871035652     
 g=  -8.2067220640594137E-003
 j=    0.000000000000000        -186.5872177308165      
   -93.36705324222278     
 v_perp_2=    12035942.18595258     
 b_n=  -3.5079105144846196E-004  -0.7282688319443998      
    1.095873423331271     
 b_para_n=    1.309144861632144     
 dxdt=   -2.054494532252195        -3775.212197471036      
    5675.522251097083     
 dudt=    507819.7098682334     
 ---------------------
 rk4
 istep=     29000001
 grad_b=  -0.9789075579964412        0.1229608214364669      
  -0.1456462047477352     
 bsub=   3.6241393194619956E-002  -0.1918314418541127      
    1.466504873262714     
 bsup=    0.000000000000000        -1.091973419793124      
   0.8833806435127201     
 b_abs=    1.226822853180366     
 g=  -1.9102457340037494E-002
 j=    0.000000000000000         118.1583164320061      
   -140.0244130461192     
 v_perp_2=    11279020.16028774     
 b_n=   3.7899746424110259E-004   -1.088416075537343      
   0.8838365972520668     
 b_para_n=    1.226822839567233     
 dxdt=    2.366477944644813        -6061.745479244411      
    4924.624739769386     
 dudt=    985194.6198332987     
 ---------------------
 Elapsed time (seconds):     153.8726930000000     

real	2m33.883s
user	2m33.597s
sys	0m0.015s
>>> [PID 3874086] DONE  u=7000, v_perp=3000, out=bounce/dat288.dat
