>>> [PID 3874364] START u=8000, v_perp=3000, out=bounce/dat290.dat, dt=5.00E-09, steps=30000000
 outer boundary:   8.3000000000000462E-002
 rk4
 istep=            1
 grad_b=  -0.5028805649882507        4.9301791813623486E-003 
  -7.9795689426492428E-003
 bsub=   8.6928658744811586E-003   4.2252068659560472E-002 
    1.020728128392045     
 bsup=    0.000000000000000        0.5002802871130186      
   0.9181488844308437     
 b_abs=   0.9787594983561242     
 g=  -1.6418896714810713E-002
 j=    0.000000000000000         576.0999234370827      
    59.06970190897158     
 v_perp_2=    8999998.173137547     
 b_n=   2.8571063054964202E-005   0.5030112547127183      
   0.9180356042170872     
 b_para_n=   0.9787595076478623     
 dxdt=   0.2499487652782890         4112.988122323623      
    7503.601403083017     
 dudt=    22829.33718086677     
 ---------------------
 rk4
 istep=      1000001
 grad_b=  -0.9421848414578158        0.1419943227943395      
  -0.1398825751958339     
 bsub=   1.8308361320259238E-002  -0.1641642151295356      
    1.394514959352962     
 bsup=    0.000000000000000       -0.9368916066837889      
   0.8762798717976270     
 b_abs=    1.172865555148138     
 g=  -1.9299494688098502E-002
 j=    0.000000000000000         287.1113718574973      
    114.0143038944210     
 v_perp_2=    10784776.87068892     
 b_n=   5.4408055815780769E-004  -0.9328157679292567      
   0.8767525490765842     
 b_para_n=    1.172865563580277     
 dxdt=    3.976147512016445        -6270.923061014433      
    5896.542407134597     
 dudt=    1001993.723293386     
 ---------------------
 rk4
 istep=      2000001
 grad_b=  -0.6571997060448561       -3.4222589818762514E-003 
   1.2977727034718410E-002
 bsub=   2.6991332845441827E-002  -3.8302426801246028E-002 
   0.9907902705675168     
 bsup=    0.000000000000000       -0.3734217655559810      
   0.9624676040167118     
 b_abs=   0.9835794535763573     
 g=  -1.8145004389218213E-002
 j=    0.000000000000000        -590.8553778721028      
   -8.441218451979836     
 v_perp_2=    9044174.802259391     
 b_n=  -1.3791400438759799E-005  -0.3703167461045631      
   0.9625880165370542     
 b_para_n=   0.9835794551268937     
 dxdt=  -0.1200630477350764        -3009.167762893308      
    7826.631685348100     
 dudt=   -64358.98817096820     
 ---------------------
 rk4
 istep=      3000001
 grad_b=  -0.9032805243661609        9.8506077420674715E-002 
  -9.1283873484330452E-002
 bsub=  -7.8630865980144557E-003  -6.8859741376270142E-002 
    1.161464268446430     
 bsup=    0.000000000000000       -0.6357852953067036      
   0.8872799432551681     
 b_abs=    1.036577040456469     
 g=  -2.0316497917067612E-002
 j=    0.000000000000000         1059.489989608526      
    356.4502187932454     
 v_perp_2=    9531417.676786136     
 b_n=   4.1281165307245090E-004  -0.6317769888035540      
   0.8875204081487367     
 b_para_n=    1.036577073699300     
 dxdt=    3.410937769830612        -4853.272351096150      
    6821.265945017343     
 dudt=    637016.7117710940     
 ---------------------
 rk4
 istep=      4000001
 grad_b=   -1.165339557311880       -5.1592138026418113E-002 
   0.1107898788380283     
 bsub=  -3.3979640213649808E-003  -7.8641918126208202E-002 
    1.163614793977715     
 bsup=    0.000000000000000       -0.6997948451972583      
   0.8818137857652312     
 b_abs=    1.039696990526102     
 g=  -1.9840557587945104E-002
 j=    0.000000000000000        -175.6631318850883      
   -119.2935199689045     
 v_perp_2=    9560034.436897691     
 b_n=  -1.9938962611828367E-004  -0.6945280052935286      
   0.8821691475972951     
 b_para_n=    1.039696978418043     
 dxdt=   -1.642577098297496        -5317.606921824275      
    6758.335295740666     
 dudt=   -591656.6062089041     
 ---------------------
 rk4
 istep=      5000001
 grad_b=   0.3129929514326809        0.1325902403110839      
  -0.1654556891900748     
 bsub=  -2.1476660682779196E-002  -8.4586725397350904E-004 
    1.232315957857059     
 bsup=    0.000000000000000        0.1384757541405005      
   0.9530849138250119     
 b_abs=    1.083630876157628     
 g=  -1.6014003845404003E-002
 j=    0.000000000000000        -207.8260545383284      
    197.8910433081545     
 v_perp_2=    9963922.354045179     
 b_n=   7.2109057057056418E-004   0.1367877616730281      
   0.9530963413375484     
 b_para_n=    1.083630897849613     
 dxdt=    5.700830144170500         1001.236531114313      
    6983.134782197530     
 dudt=    591143.5569437136     
 ---------------------
 rk4
 istep=      6000001
 grad_b=   -1.097535562299627       -0.1173306655402101      
   0.1548180401365662     
 bsub=  -3.1157008662619882E-002  -0.1598224255817969      
    1.409643897901091     
 bsup=    0.000000000000000       -0.9656805720962489      
   0.8743216386992925     
 b_abs=    1.177732147542330     
 g=  -1.9834115770328228E-002
 j=    0.000000000000000         673.3709000486994      
    53.52801848648895     
 v_perp_2=    10829097.05525938     
 b_n=  -4.2172283557295151E-004  -0.9610561068171375      
   0.8748366274890462     
 b_para_n=    1.177732145138625     
 dxdt=   -3.069304491588854        -6431.522101536890      
    5857.283982607690     
 dudt=   -970689.3663188764     
 ---------------------
 rk4
 istep=      7000001
 grad_b=   0.2760123038802972        3.9032496459612265E-003 
  -0.1161847624981058     
 bsub=   2.1217282658922625E-002   3.8619329129424007E-002 
    1.042958217270388     
 bsup=    0.000000000000000        0.3355960114146064      
    1.072228332573131     
 b_abs=    1.063629910056157     
 g=  -1.2643816420311800E-002
 j=    0.000000000000000        -743.8632721056788      
   -137.8719320067759     
 v_perp_2=    9779859.294302307     
 b_n=   4.9765948600357595E-005   0.3339075846794961      
    1.072289824063299     
 b_para_n=    1.063629894115808     
 dxdt=   0.4007979454142603         2495.132384722987      
    8015.881815235278     
 dudt=    532806.0059601819     
 ---------------------
 rk4
 istep=      8000001
 grad_b=  -0.5865813362108279       -1.3711777008208886E-002 
   4.6801632189745195E-002
 bsub=  -5.2234622209241813E-002  -0.2265733423094424      
    1.531970192037859     
 bsup=    0.000000000000000        -1.274335783000437      
   0.9079355076288886     
 b_abs=    1.295894908807276     
 g=  -1.8389181523588830E-002
 j=    0.000000000000000         263.8329526618280      
    1.372724956901010     
 v_perp_2=    11915396.81318017     
 b_n=  -2.7540922999476617E-005   -1.271962991231501      
   0.9082854936807879     
 b_para_n=    1.295894905278560     
 dxdt=  -0.1823021084397717        -7669.932621333463      
    5478.161043893522     
 dudt=   -212738.1561255839     
 ---------------------
 rk4
 istep=      9000001
 grad_b=  -0.3374019913319509       -6.8765779987457979E-003 
  -3.8920913803655477E-002
 bsub=   3.5811125666570437E-002  -3.5016482668005118E-002 
   0.9219990647193282     
 bsup=    0.000000000000000       -0.1860448393675416      
    1.064678655388829     
 b_abs=   0.9943552622870984     
 g=  -1.4564231744859303E-002
 j=    0.000000000000000         566.2099577974275      
   -210.0608478557577     
 v_perp_2=    9142748.737249352     
 b_n=  -4.4719274702923335E-005  -0.1842469078148872      
    1.064748651262494     
 b_para_n=   0.9943552396024851     
 dxdt=  -0.3851110135632403        -1479.654333326190      
    8556.825722397636     
 dudt=    185671.9566567691     
 ---------------------
 rk4
 istep=     10000001
 grad_b=   0.3700626589949911        6.4044110712959609E-002 
  -7.3446440842452054E-002
 bsub=  -0.1044180733271383        2.3329112017357406E-002 
    1.789332425474560     
 bsup=    0.000000000000000        -1.070835048752517      
    1.021900630438594     
 b_abs=    1.343058233839259     
 g=  -1.3329798086158020E-002
 j=    0.000000000000000        -420.4392063885568      
   -121.7949813627718     
 v_perp_2=    12348849.73755698     
 b_n=   3.9411086503278768E-004   -1.073052815869960      
    1.021952534418289     
 b_para_n=    1.343058220912913     
 dxdt=    2.517948696424791        -6223.535142146469      
    5925.945489980427     
 dudt=    491666.2477030405     
 ---------------------
 rk4
 istep=     11000001
 grad_b=  -0.9021576937066335        8.2319186544880327E-003 
   4.3737163278454026E-002
 bsub=   9.4648645452861460E-003  -7.6805703251144539E-002 
   0.9987146280249070     
 bsup=    0.000000000000000       -0.4958098404988526      
   0.9466967655659440     
 b_abs=   0.9919708605025186     
 g=  -1.7456215784934909E-002
 j=    0.000000000000000         1166.349692430563      
   -253.3281738304197     
 v_perp_2=    9120682.247079078     
 b_n=   5.6371517494040573E-005  -0.4914218648455207      
   0.9470336503078911     
 b_para_n=   0.9919708239214191     
 dxdt=   0.4866183535786882        -3956.933849320046      
    7630.582220828813     
 dudt=   -172978.1639145409     
 ---------------------
 rk4
 istep=     12000001
 grad_b=   0.7797906349823180       -1.0658770497244310E-002 
  -0.1616196488150611     
 bsub=  -4.0031102982621622E-002   9.5216233571309400E-002 
    1.518235919768419     
 bsup=    0.000000000000000       -0.4369034879964220      
    1.080887767555533     
 b_abs=    1.264958324759113     
 g=  -9.0771626540008463E-003
 j=    0.000000000000000         494.6535880720464      
   -158.8545442652237     
 v_perp_2=    11630569.02935743     
 b_n=  -4.4785141779966161E-006  -0.4435471069645708      
    1.081304293924248     
 b_para_n=    1.264958312267750     
 dxdt=  -3.0363534928254696E-002   -2750.778131052800      
    6696.742737509390     
 dudt=    617960.6689359014     
 ---------------------
 rk4
 istep=     13000001
 grad_b=  -0.8940031535774260        0.1253245747605317      
   0.2555441245443063     
 bsub=  -4.2759357707705579E-002  -6.3932638457767116E-002 
    1.287389362346425     
 bsup=    0.000000000000000       -0.9924129120028029      
   0.9047250466153628     
 b_abs=    1.108333703683731     
 g=  -1.6119107858260560E-002
 j=    0.000000000000000         219.2102292361638      
    515.3812665011064     
 v_perp_2=    10190415.88478385     
 b_n=   7.4398422261744547E-004  -0.9876394303367605      
   0.9049868591090106     
 b_para_n=    1.108333758770216     
 dxdt=    5.751491953596529        -7059.444171902556      
    6471.349574297838     
 dudt=   -443083.8181064081     
 ---------------------
 rk4
 istep=     14000001
 grad_b=   0.6224993967817741       -3.2559773662093505E-002 
  -0.1489667426220550     
 bsub=   1.2485414603020495E-002   6.4106831645152906E-002 
    1.164185387914284     
 bsup=    0.000000000000000        8.0682308269991565E-002 
    1.116628455195476     
 b_abs=    1.142735084605497     
 g=  -9.5769789925698005E-003
 j=    0.000000000000000         829.9247742975089      
   -167.9167789099667     
 v_perp_2=    10506629.38334313     
 b_n=  -1.8751501576095466E-004   7.5877664926363192E-002 
    1.116895026763925     
 b_para_n=    1.142735073281927     
 dxdt=   -1.406247431619611         522.1165440825814      
    7726.672209254596     
 dudt=    679747.6297825768     
 ---------------------
 rk4
 istep=     15000001
 grad_b=   0.3591256533621708        8.9000859519642400E-002 
   0.2157644031451711     
 bsub=  -4.4864841137799538E-002   0.1319670186618947      
    1.970011318168673     
 bsup=    0.000000000000000        -1.637051331244342      
    1.066815693822986     
 b_abs=    1.372907589756717     
 g=  -8.7814415462017029E-003
 j=    0.000000000000000        -692.3582359284785      
    262.9580107306329     
 v_perp_2=    12622793.42014610     
 b_n=   7.2124832324527133E-004   -1.640573482665486      
    1.067068077276273     
 b_para_n=    1.372907612879704     
 dxdt=    4.508774813927541        -9287.275631878560      
    6039.459301131056     
 dudt=   -282882.2204685885     
 ---------------------
 rk4
 istep=     16000001
 grad_b=  -0.1289583711158616       -5.0582915711260085E-002 
  -8.1414792633821800E-002
 bsub=   4.1267178129331686E-002  -1.6464768056167145E-002 
   0.9259800502696545     
 bsup=    0.000000000000000       -2.5361917878661266E-003 
    1.131996126637121     
 b_abs=    1.023352707840170     
 g=  -1.1321764119829394E-002
 j=    0.000000000000000        -91.19113013722080      
    108.9732933739711     
 v_perp_2=    9408843.861772306     
 b_n=  -3.3899242494639815E-004  -1.7196435557360768E-003 
    1.132025764455982     
 b_para_n=    1.023352718091733     
 dxdt=   -2.836997649496614        -12.92947629067901      
    8821.250706240264     
 dudt=    413428.4908833234     
 ---------------------
 rk4
 istep=     17000001
 grad_b=   0.4874061014989056       -2.8693588726166196E-002 
  -9.8167451566280373E-002
 bsub=  -1.8767749977087095E-002   0.1856335638954047      
    2.099963993951712     
 bsup=    0.000000000000000        -1.311401936328617      
    1.074519269130107     
 b_abs=    1.419250440915953     
 g=  -7.7081220952723815E-003
 j=    0.000000000000000         470.3645507860739      
   -311.2805470834754     
 v_perp_2=    13048673.42434041     
 b_n=  -2.1928686250573961E-004   -1.316732176461162      
    1.074988474951702     
 b_para_n=    1.419250412295132     
 dxdt=   -1.326529526132223        -7186.693148798840      
    5864.956664165844     
 dudt=    219783.0821037980     
 ---------------------
 rk4
 istep=     18000001
 grad_b=  -0.5689533942901179        0.1042775396374742      
   0.1167034056013311     
 bsub=  -4.8046595908196571E-002  -5.8550866397529468E-002 
   0.9410163011434332     
 bsup=    0.000000000000000       -0.5948994858638492      
    1.084039033172398     
 b_abs=    1.027338696723244     
 g=  -1.0173013700098044E-002
 j=    0.000000000000000         442.0671967351680      
   -19.76991113743215     
 v_perp_2=    9445338.015474997     
 b_n=   8.1529882653884984E-004  -0.5907842054224146      
    1.084336712426040     
 b_para_n=    1.027338692305628     
 dxdt=    6.796822497686456        -4582.094935359904      
    8414.592383897632     
 dudt=   -288509.3470585069     
 ---------------------
 rk4
 istep=     19000001
 grad_b=   0.5663598470333153       -6.9597279263538397E-002 
  -0.1751086918734274     
 bsub=  -5.8178116331849411E-004   0.1482882487233112      
    1.728671392284991     
 bsup=    0.000000000000000       -0.8916245410530009      
    1.088225437850992     
 b_abs=    1.322606916380690     
 g=  -7.8948623283393322E-003
 j=    0.000000000000000        -283.1924509280439      
    207.1442143333985     
 v_perp_2=    12159935.73657044     
 b_n=  -5.5744318807356998E-004  -0.8974087832127600      
    1.088721446138307     
 b_para_n=    1.322606934909628     
 dxdt=   -3.616023456793828        -5295.829572047922      
    6420.969192812176     
 dudt=    446636.8136938211     
 ---------------------
 rk4
 istep=     20000001
 grad_b=   0.6476140964934628        6.6577103554584460E-002 
   0.1680016515205569     
 bsub=  -1.5539324866325005E-002   0.1100638124187175      
    1.464809501519567     
 bsup=    0.000000000000000       -0.6120283417925771      
    1.121441556534383     
 b_abs=    1.254700504354745     
 g=  -7.7158385175263456E-003
 j=    0.000000000000000        -357.2859725186772      
    362.1712276954572     
 v_perp_2=    11535509.83201698     
 b_n=   5.3363898798287879E-004  -0.6184513466073477      
    1.121929861077942     
 b_para_n=    1.254700536512497     
 dxdt=    3.647311057321670        -3868.126251026543      
    7010.605050054459     
 dudt=   -540977.2049376348     
 ---------------------
 rk4
 istep=     21000001
 grad_b=   0.4810401475841588       -9.2907031648240573E-002 
  -0.1816547722681333     
 bsub=   3.8171493153745545E-002   7.5139037652293364E-002 
    1.290117709806412     
 bsup=    0.000000000000000       -0.5691921166994163      
    1.124924789583476     
 b_abs=    1.187189867046123     
 g=  -7.9272654409072787E-003
 j=    0.000000000000000         433.6413317653516      
    90.19002404883672     
 v_perp_2=    10914748.58912387     
 b_n=  -7.8360825196519717E-004  -0.5738218877459373      
    1.125217631880365     
 b_para_n=    1.187189877992465     
 dxdt=   -5.657996596618720        -3811.176390460400      
    7468.278426589579     
 dudt=    586489.6986938867     
 ---------------------
 rk4
 istep=     22000001
 grad_b=   0.5422229588066640        7.7875151064431214E-002 
   0.2047126536123457     
 bsub=   8.9231732673768615E-003   0.1706150153294298      
    1.904573243361452     
 bsup=    0.000000000000000        -1.054776695395977      
    1.075574012820618     
 b_abs=    1.366300350711620     
 g=  -7.9065143898073200E-003
 j=    0.000000000000000        -398.9202927700297      
    255.7762464165531     
 v_perp_2=    12561341.99378816     
 b_n=   6.2482491901690821E-004   -1.060457179965089      
    1.076079969676163     
 b_para_n=    1.366300373655727     
 dxdt=    3.924698511356794        -6037.345605660804      
    6123.179419902361     
 dudt=   -464436.0511550024     
 ---------------------
 rk4
 istep=     23000001
 grad_b=  -0.6748795845031991        5.2608917156073548E-003 
   6.4787791374971426E-003
 bsub=  -6.2566139057168551E-003  -9.2603019643252543E-002 
   0.8343632279573683     
 bsup=    0.000000000000000       -0.3779422524559033      
    1.116319339055224     
 b_abs=   0.9825424036480276     
 g=  -1.0937876631739890E-002
 j=    0.000000000000000        -534.5401826472025      
    202.3429155175755     
 v_perp_2=    9033116.888680113     
 b_n=   3.9535841284816998E-005  -0.3734807308418809      
    1.116814832005985     
 b_para_n=   0.9825424274268181     
 dxdt=   0.3445463455886213        -3037.581998315697      
    9091.196795720156     
 dudt=   -24534.29983092484     
 ---------------------
 rk4
 istep=     24000001
 grad_b=   0.4107727193407322       -3.1845676853772681E-002 
  -6.2252229981378054E-002
 bsub=   2.9318500564451462E-002   0.1763108718152103      
    2.122316729599369     
 bsup=    0.000000000000000        -1.463141996427960      
    1.075523060796977     
 b_abs=    1.423318274279951     
 g=  -7.9016206100992036E-003
 j=    0.000000000000000         142.8751761664836      
    169.5917564879344     
 v_perp_2=    13085340.98820242     
 b_n=  -2.8637991262040266E-004   -1.467561381013842      
    1.075894169077641     
 b_para_n=    1.423318293624671     
 dxdt=   -1.727495311533297        -7983.688444257118      
    5851.273871742014     
 dudt=    65751.66983434425     
 ---------------------
 rk4
 istep=     25000001
 grad_b=   0.2068316862972214        4.7544627991655465E-002 
   0.1115492480952124     
 bsub=  -3.6118369940207749E-002   2.6562952571932794E-002 
    1.011933139289409     
 bsup=    0.000000000000000        7.1836256030898382E-002 
    1.123273446458541     
 b_abs=    1.067431103445949     
 g=  -1.1081602419265535E-002
 j=    0.000000000000000        -126.5651393932627      
    215.7087096775590     
 v_perp_2=    9813393.844407802     
 b_n=   2.9735408221281251E-004   7.0431244101765572E-002 
    1.123320961703060     
 b_para_n=    1.067431123157356     
 dxdt=    2.386304113907773         523.6784901762732      
    8365.231078443740     
 dudt=   -554292.7705916968     
 ---------------------
 rk4
 istep=     26000001
 grad_b=   0.1941415299145917       -0.1398259247618665      
  -0.2764604950752123     
 bsub=   5.8459340433045424E-002   6.1915968688967656E-002 
    1.722048209407276     
 bsup=    0.000000000000000        -1.526771167488827      
    1.027501996918642     
 b_abs=    1.294420684205172     
 g=  -1.0901232413686290E-002
 j=    0.000000000000000         700.4913946489633      
   -367.7663033627690     
 v_perp_2=    11900125.26157000     
 b_n=  -1.0013759950827812E-003   -1.528340234076334      
    1.027592379535885     
 b_para_n=    1.294420648023954     
 dxdt=   -6.635902926903436        -9230.137980528818      
    6205.393464738984     
 dudt=    250646.9274060930     
 ---------------------
 rk4
 istep=     27000001
 grad_b=   0.7776906491399931        2.1076822659631983E-002 
   0.1581749042079628     
 bsub=   7.5216429320952537E-003   7.6632747628462838E-002 
    1.283050205526613     
 bsup=    0.000000000000000        1.2687022187077290E-003 
    1.109695356648020     
 b_abs=    1.193008823017775     
 g=  -8.8058760493367663E-003
 j=    0.000000000000000        -1063.769150608810      
    419.6887931330558     
 v_perp_2=    10967714.60514970     
 b_n=   9.8095811865589434E-005  -5.2834494496939634E-003 
    1.110086152893808     
 b_para_n=    1.193008856261385     
 dxdt=   0.7048640459115635        -38.70443068572617      
    7328.843079696619     
 dudt=   -676400.9647483481     
 ---------------------
 rk4
 istep=     28000001
 grad_b=   -1.171855468293132       -3.9536890399105129E-002 
  -0.1386870667513083     
 bsub=   1.6541082207586592E-002  -8.3752635331052261E-002 
    1.130225531881909     
 bsup=    0.000000000000000       -0.7247237762688978      
   0.8898782827230596     
 b_abs=    1.032570185633680     
 g=  -1.7923444912300204E-002
 j=    0.000000000000000        -804.5192894290492      
    285.9573086856585     
 v_perp_2=    9492670.300829988     
 b_n=  -2.4562008930505266E-004  -0.7189557418522384      
   0.8903093387554123     
 b_para_n=    1.032570224011965     
 dxdt=   -2.037316225965480        -5545.414332578378      
    6871.459187447200     
 dudt=    421843.8279550853     
 ---------------------
 rk4
 istep=     29000001
 grad_b=   0.7599734255339434       -4.8876747854294904E-003 
   0.1710047553554527     
 bsub=   6.7351110931618843E-002   9.5648133328830362E-002 
    1.682063905660792     
 bsup=    0.000000000000000       -0.7482717030515986      
    1.056975270521270     
 b_abs=    1.306133937930771     
 g=  -1.0312699525293669E-002
 j=    0.000000000000000        -2052.803446211282      
   -115.5571581086279     
 v_perp_2=    12007519.28713259     
 b_n=  -1.1413725667268759E-004  -0.7541548401947310      
    1.057314358496382     
 b_para_n=    1.306133914416250     
 dxdt=  -0.7496384302773926        -4512.781583047212      
    6322.200760662260     
 dudt=   -648961.5802467013     
 ---------------------
 Elapsed time (seconds):     153.2869210000000     

real	2m33.297s
user	2m33.043s
sys	0m0.019s
>>> [PID 3874364] DONE  u=8000, v_perp=3000, out=bounce/dat290.dat
