>>> [PID 3864914] START u=7500, v_perp=0, out=bounce/dat226.dat, dt=5.00E-09, steps=30000000
 outer boundary:   8.3000000000000462E-002
 rk4
 istep=            1
 grad_b=  -0.5028807017703206        4.9303051094366918E-003 
  -7.9798371875991619E-003
 bsub=   8.6928308366911108E-003   4.2252088363642179E-002 
    1.020728051870180     
 bsup=    0.000000000000000        0.5002827826898625      
   0.9181488608524982     
 b_abs=   0.9787595107699307     
 g=  -1.6418884093268714E-002
 j=    0.000000000000000         576.0999136880763      
    59.07155939741300     
 v_perp_2=    0.000000000000000     
 b_n=   2.6786087785014203E-005   0.5028430671754625      
   0.9180426604919977     
 b_para_n=   0.9787595194811307     
 dxdt=   0.2052553813158387         3853.166103370579      
    7034.741237909077     
 dudt=    0.000000000000000     
 ---------------------
 rk4
 istep=      1000001
 grad_b=   -1.243889428297272       -5.9470341952239339E-002 
   0.1373019941053458     
 bsub=  -1.5097973919638095E-002  -9.4576010634616167E-002 
    1.232476351675810     
 bsup=    0.000000000000000       -0.7718392303499586      
   0.8699326998433230     
 b_abs=    1.070286152867468     
 g=  -2.0285881393302358E-002
 j=    0.000000000000000        -733.0074109500717      
   -129.6788661487971     
 v_perp_2=    0.000000000000000     
 b_n=  -2.0363648158513189E-004  -0.7666699386206067      
   0.8703268722372878     
 b_para_n=    1.070286145077743     
 dxdt=   -1.426976906047450        -5372.417989431121      
    6098.791030603804     
 dudt=   -0.000000000000000     
 ---------------------
 rk4
 istep=      2000001
 grad_b=   0.5406893740248534        2.3434020710639322E-003 
  -0.1084740948031830     
 bsub=  -5.5908115443192782E-002   0.1672769809206204      
    1.973141127090257     
 bsup=    0.000000000000000       -0.9821815798419489      
    1.072738477047860     
 b_abs=    1.397254057364807     
 g=  -9.6771637344040696E-003
 j=    0.000000000000000         85.25345673673598      
    52.48750525125020     
 v_perp_2=    0.000000000000000     
 b_n=   9.4559323476971568E-005  -0.9865870109931872      
    1.073114639786792     
 b_para_n=    1.397254063315378     
 dxdt=   0.5075633306046881        -5295.674406479623      
    5760.126243114260     
 dudt=    0.000000000000000     
 ---------------------
 rk4
 istep=      3000001
 grad_b=  -0.1487333375129335       -0.1136257182956386      
  -0.1488757170958233     
 bsub=   5.4575496954937540E-002   6.8688342849324013E-004 
    1.019834162159695     
 bsup=    0.000000000000000       -0.5537696423472076      
    1.125053706283516     
 b_abs=    1.070685930479779     
 g=  -8.8309312328120320E-003
 j=    0.000000000000000        -560.3177497166835      
    8.703592256090531     
 v_perp_2=    0.000000000000000     
 b_n=  -8.9732498999100076E-004  -0.5526570517839580      
    1.125100977223226     
 b_para_n=    1.070685931210110     
 dxdt=   -6.285631695306016        -3871.282668013585      
    7881.169522454743     
 dudt=    0.000000000000000     
 ---------------------
 rk4
 istep=      4000001
 grad_b=   0.7773388227969513        1.7304599270567593E-002 
   0.1589506325249060     
 bsub=   1.0035287566126847E-002   7.5303068558317338E-002 
    1.283322556946886     
 bsup=    0.000000000000000        5.3061232056393071E-002 
    1.105407728967988     
 b_abs=    1.192407831190743     
 g=  -8.8940954706896638E-003
 j=    0.000000000000000        -1215.331295678289      
    400.4531024940856     
 v_perp_2=    0.000000000000000     
 b_n=   6.3521048238758586E-005   4.6881572990081284E-002 
    1.105769870786996     
 b_para_n=    1.192407860481724     
 dxdt=   0.3995343183985923         294.8754441148693      
    6955.064878180230     
 dudt=   -0.000000000000000     
 ---------------------
 rk4
 istep=      5000001
 grad_b=  -0.4407448133913299       -0.1068484351811132      
   7.2979541319236188E-002
 bsub=   1.1718518320835375E-002  -0.2370773883651389      
    1.497377429184993     
 bsup=    0.000000000000000        -1.219069171362869      
   0.8981140581307234     
 b_abs=    1.278206183609752     
 g=  -1.7176926258749153E-002
 j=    0.000000000000000        -397.0292073497658      
   -67.83775560025248     
 v_perp_2=    0.000000000000000     
 b_n=  -3.9893843163385653E-004   -1.217221672786475      
   0.8984096913634378     
 b_para_n=    1.278206183160031     
 dxdt=   -2.340810329877212        -7142.167410995538      
    5271.506877370644     
 dudt=   -0.000000000000000     
 ---------------------
 rk4
 istep=      6000001
 grad_b=  -0.9766511847871916        9.2960084004988563E-002 
  -9.8171164793566412E-002
 bsub=  -4.3474844486546633E-003  -7.5061914522058681E-002 
    1.169411192269300     
 bsup=    0.000000000000000       -0.6614368256783415      
   0.8832870674255352     
 b_abs=    1.040472385912561     
 g=  -2.0282934851792649E-002
 j=    0.000000000000000         768.9012517203159      
    330.1085953660200     
 v_perp_2=    0.000000000000000     
 b_n=   3.6211386701746347E-004  -0.6573541722983208      
   0.8835504967288429     
 b_para_n=    1.040472415814576     
 dxdt=    2.610212400974380        -4738.382505198502      
    6368.865358413564     
 dudt=    0.000000000000000     
 ---------------------
 rk4
 istep=      7000001
 grad_b=   6.0730521119380265E-002  -1.7786820912778431E-002 
  -9.0618479642408253E-002
 bsub=   3.5415764238534209E-002   1.1870959191651063E-002 
   0.9762717454362668     
 bsup=    0.000000000000000        0.1354077813361775      
    1.092349441005850     
 b_abs=    1.033404846388366     
 g=  -1.3055870920313593E-002
 j=    0.000000000000000         493.7987010003591      
   -78.26226080542142     
 v_perp_2=    0.000000000000000     
 b_n=  -9.1665603149846417E-005   0.1350561201428837      
    1.092357035441014     
 b_para_n=    1.033404839875340     
 dxdt=  -0.6652688250490294         980.1782050815790      
    7927.849231667896     
 dudt=    0.000000000000000     
 ---------------------
 rk4
 istep=      8000001
 grad_b=   0.3021527739444634        0.1395265663965361      
   0.2377409480506016     
 bsub=  -5.3777482327921518E-002   5.9325579069418856E-002 
    1.442623463775919     
 bsup=    0.000000000000000       -0.9015288622761710      
    1.064614032593929     
 b_abs=    1.216917701377984     
 g=  -9.4579637624526598E-003
 j=    0.000000000000000        -1535.300521951581      
    567.3870563109439     
 v_perp_2=    0.000000000000000     
 b_n=   1.0485701188366386E-003  -0.9040424479078647      
    1.064756528767537     
 b_para_n=    1.216917749811307     
 dxdt=    6.462454748888501        -5571.714571802678      
    6562.213401024652     
 dudt=   -0.000000000000000     
 ---------------------
 rk4
 istep=      9000001
 grad_b=   0.4063494929796125       -7.0869862313554646E-002 
  -0.2050746173411611     
 bsub=   2.5094668339762715E-002   0.1689914847137509      
    2.059921302725689     
 bsup=    0.000000000000000        -1.595286503228831      
    1.076018662124419     
 b_abs=    1.394710150361987     
 g=  -7.5222163581043075E-003
 j=    0.000000000000000        -1826.442674684519      
    416.8677579779221     
 v_perp_2=    0.000000000000000     
 b_n=  -5.9697755071170719E-004   -1.599802656053313      
    1.076396448989265     
 b_para_n=    1.394710178243150     
 dxdt=   -3.210223672403169        -8602.876861136705      
    5788.280241554288     
 dudt=    0.000000000000000     
 ---------------------
 rk4
 istep=     10000001
 grad_b=  -0.6764189747193872       -2.2806612459666704E-003 
  -5.6378649758393809E-003
 bsub=  -2.2312185408866210E-002  -6.5546980145237632E-002 
   0.9442956427604093     
 bsup=    0.000000000000000       -0.4008224812636274      
   0.9975218064184930     
 b_abs=   0.9840180997755250     
 g=  -1.6478476394932905E-002
 j=    0.000000000000000        -402.8531338522591      
    75.46356599695815     
 v_perp_2=    0.000000000000000     
 b_n=  -1.2407373253679993E-005  -0.3976809733189811      
   0.9977395870583486     
 b_para_n=   0.9840181097204965     
 dxdt=  -9.4566653279411342E-002   -3031.049195567698      
    7604.582506172698     
 dudt=    0.000000000000000     
 ---------------------
 rk4
 istep=     11000001
 grad_b=  -0.3205700545688708       -7.8335347422237758E-002 
   8.0698176975467356E-002
 bsub=   9.8482719967139011E-003   2.7162602926530728E-002 
    1.088900384265673     
 bsup=    0.000000000000000        0.2200136673575041      
   0.9176177695242760     
 b_abs=    1.002662482452829     
 g=  -1.8193884298591544E-002
 j=    0.000000000000000        -79.46279092612480      
   -49.22813855294577     
 v_perp_2=    0.000000000000000     
 b_n=  -3.7530807001381439E-004   0.2215144548935094      
   0.9175837217417550     
 b_para_n=    1.002662476983881     
 dxdt=   -2.807336057464589         1656.946828905844      
    6863.603726115898     
 dudt=   -0.000000000000000     
 ---------------------
 rk4
 istep=     12000001
 grad_b=   -1.080262720044714       -0.1211159376918414      
   0.1507261854312802     
 bsub=  -2.7040897739288972E-002  -0.1546134143651568      
    1.390874666528938     
 bsup=    0.000000000000000       -0.9313743139680448      
   0.8724612951410486     
 b_abs=    1.165172565999823     
 g=  -1.9883311231747025E-002
 j=    0.000000000000000         626.5048544613383      
    139.8560790707788     
 v_perp_2=    0.000000000000000     
 b_n=  -4.2190423564993340E-004  -0.9270188797796900      
   0.8729372604895407     
 b_para_n=    1.165172573092121     
 dxdt=   -2.715719405390026        -5967.048795095509      
    5618.935430566416     
 dudt=   -0.000000000000000     
 ---------------------
 rk4
 istep=     13000001
 grad_b=   0.7131785545520738        3.3107935286725444E-003 
  -0.1645774603272213     
 bsub=  -7.4125764698151131E-002   0.1112218200623570      
    1.785931927680159     
 bsup=    0.000000000000000       -0.8759601750174320      
    1.058389504626801     
 b_abs=    1.338752312707279     
 g=  -1.0546357598342737E-002
 j=    0.000000000000000         33.65422084333514      
   -2.897433389035587     
 v_perp_2=    0.000000000000000     
 b_n=   1.0052712206293965E-004  -0.8811966370062668      
    1.058719786183621     
 b_para_n=    1.338752312628525     
 dxdt=   0.5631761815534978        -4936.667309706339      
    5931.193038081010     
 dudt=    0.000000000000000     
 ---------------------
 rk4
 istep=     14000001
 grad_b=  -0.1415043067969622       -8.0365842924334782E-002 
  -0.1048429949015114     
 bsub=   4.6248385801170439E-002  -7.7899212147172978E-003 
   0.9421433081228578     
 bsup=    0.000000000000000       -0.1703608418301130      
    1.149429053574057     
 b_abs=    1.041719185071950     
 g=  -9.6409437390754596E-003
 j=    0.000000000000000         653.3451792332133      
   -258.4303069777409     
 v_perp_2=    0.000000000000000     
 b_n=  -5.7396412719564339E-004  -0.1693973203727255      
    1.149465170312976     
 b_para_n=    1.041719162487410     
 dxdt=   -4.132333462781386        -1219.599243774874      
    8275.732162555385     
 dudt=    0.000000000000000     
 ---------------------
 rk4
 istep=     15000001
 grad_b=   0.7591820466419109        2.8335018785754944E-002 
   0.1604650051375488     
 bsub=   2.1037994408756165E-002   0.1074705905587978      
    1.489415877284350     
 bsup=    0.000000000000000       -0.4457624528098834      
    1.103660497294626     
 b_abs=    1.263406975543113     
 g=  -8.3871678702382400E-003
 j=    0.000000000000000         643.0712179004620      
   -87.43861750671441     
 v_perp_2=    0.000000000000000     
 b_n=   1.4626971456780652E-004  -0.4523696287593251      
    1.104135176744859     
 b_para_n=    1.263406971767626     
 dxdt=   0.8683052126297123        -2685.415144534251      
    6554.510154396665     
 dudt=   -0.000000000000000     
 ---------------------
 rk4
 istep=     16000001
 grad_b=  -0.8802467217477921        9.5874793795561700E-002 
  -0.1232322558288568     
 bsub=   4.5756682101393178E-002  -0.2090011220566158      
    1.505203058320886     
 bsup=    0.000000000000000        -1.192827813433861      
   0.8937661285753006     
 b_abs=    1.262793814971274     
 g=  -1.8890972409563146E-002
 j=    0.000000000000000        -156.6728272116681      
   -132.9527242864811     
 v_perp_2=    0.000000000000000     
 b_n=   3.0878745205230367E-004   -1.189391567562674      
   0.8942338641947492     
 b_para_n=    1.262793804622331     
 dxdt=    1.833954111839268        -7064.048559683839      
    5311.044413514869     
 dudt=    0.000000000000000     
 ---------------------
 rk4
 istep=     17000001
 grad_b=  -0.8123220826537257        2.3687308871567416E-002 
  -4.0838672951845109E-002
 bsub=  -1.9535067966704255E-002  -4.6804395087594847E-002 
    1.039813890929002     
 bsup=    0.000000000000000       -0.4870611394945380      
   0.9246676917132473     
 b_abs=   0.9921254811297012     
 g=  -1.9159082935756713E-002
 j=    0.000000000000000        -631.3592943219594      
   -268.9216114058349     
 v_perp_2=    0.000000000000000     
 b_n=   9.4523167941537741E-005  -0.4835436251098416      
   0.9248277749724565     
 b_para_n=   0.9921254560795767     
 dxdt=   0.7145505190068135        -3655.361492945032      
    6991.261306510698     
 dudt=    0.000000000000000     
 ---------------------
 rk4
 istep=     18000001
 grad_b=  -0.2759683601157927       -2.9295641304805803E-003 
  -4.5309009876218526E-002
 bsub=   3.6671885329703516E-002  -2.3527989180861686E-002 
   0.9340696168811277     
 bsup=    0.000000000000000       -0.1288738911892866      
    1.060291121075354     
 b_abs=   0.9970643232785815     
 g=  -1.4749281497279198E-002
 j=    0.000000000000000         64.47123507472031      
   -57.98713738404763     
 v_perp_2=    0.000000000000000     
 b_n=  -2.0347150776409750E-005  -0.1275034116050317      
    1.060326434600633     
 b_para_n=   0.9970643177561868     
 dxdt=  -0.1530529456379457        -959.0911739673519      
    7975.862858477472     
 dudt=    0.000000000000000     
 ---------------------
 rk4
 istep=     19000001
 grad_b=  -0.1714743043824307        0.1668306332864306      
   0.3070184567956717     
 bsub=  -5.8234874786260243E-002   5.6176137473943726E-003 
    1.502810518400716     
 bsup=    0.000000000000000        -1.297722948687440      
   0.9817269121714925     
 b_abs=    1.211382979834587     
 g=  -1.2402791799523798E-002
 j=    0.000000000000000        -15.02619019361293      
   -271.4876982666337     
 v_perp_2=    0.000000000000000     
 b_n=   1.0733896581525165E-003   -1.296689117362549      
   0.9817646200740423     
 b_para_n=    1.211382952415762     
 dxdt=    6.645646135344379        -8028.153575073023      
    6078.370705045352     
 dudt=   -0.000000000000000     
 ---------------------
 rk4
 istep=     20000001
 grad_b=   0.4423393613260397       -7.2461361573981864E-002 
  -0.2084310226067773     
 bsub=   1.2216928579414733E-002   0.1622306142688833      
    1.891266491725161     
 bsup=    0.000000000000000        -1.229979542014871      
    1.075305959244380     
 b_abs=    1.354029814544935     
 g=  -7.4848719200458933E-003
 j=    0.000000000000000        -1814.044628450971      
    389.3345601219758     
 v_perp_2=    0.000000000000000     
 b_n=  -5.9023119570327529E-004   -1.234777506436126      
    1.075721352696200     
 b_para_n=    1.354029838317413     
 dxdt=   -3.269303114675413        -6839.458803787464      
    5958.443393867226     
 dudt=    0.000000000000000     
 ---------------------
 rk4
 istep=     21000001
 grad_b=  -0.3885876434566289        1.4647207254208774E-002 
   3.6411710296989919E-002
 bsub=  -3.3171980898452781E-002  -4.8926864997192218E-002 
   0.9020627924913800     
 bsup=    0.000000000000000       -0.2328777318174395      
    1.078038705530437     
 b_abs=   0.9920398183945843     
 g=  -1.3866142228936996E-002
 j=    0.000000000000000         539.1914631976169      
   -280.5217608670339     
 v_perp_2=    0.000000000000000     
 b_n=   8.6211947434979122E-005  -0.2308691843404814      
    1.078150786397717     
 b_para_n=   0.9920397903995432     
 dxdt=   0.6517778944148298        -1745.412733753595      
    8151.014683318493     
 dudt=   -0.000000000000000     
 ---------------------
 rk4
 istep=     22000001
 grad_b=   0.2425487274620448       -0.1570675817444742      
   0.1535342133994976     
 bsub=   2.7911311443960349E-002  -2.3209347815040547E-002 
    1.270432631463812     
 bsup=    0.000000000000000       -0.1393613458710967      
   0.9420619407978391     
 b_abs=    1.095436536296059     
 g=  -1.7622974307137468E-002
 j=    0.000000000000000        -50.08357540477030      
   -8.759491359726695     
 v_perp_2=    0.000000000000000     
 b_n=  -7.2713753482377423E-004  -0.1404887360939179      
   0.9420573191229272     
 b_para_n=    1.095436535477196     
 dxdt=   -4.978409368829963        -961.8681562829061      
    6449.876067301427     
 dudt=   -0.000000000000000     
 ---------------------
 rk4
 istep=     23000001
 grad_b=  -0.6277489048543518       -0.1045274182286723      
   9.2435272289420875E-002
 bsub=  -1.7350203263430505E-002  -0.2285168793232666      
    1.504208944607106     
 bsup=    0.000000000000000        -1.209052300797161      
   0.8963182116941574     
 b_abs=    1.274591560352202     
 g=  -1.7201425819101310E-002
 j=    0.000000000000000         193.0620700006407      
   -272.0453415908839     
 v_perp_2=    0.000000000000000     
 b_n=  -3.8215099398527971E-004   -1.206405571698841      
   0.8967158670934359     
 b_para_n=    1.274591532839017     
 dxdt=   -2.248667420930997        -7098.777572755218      
    5276.489628187571     
 dudt=   -0.000000000000000     
 ---------------------
 rk4
 istep=     24000001
 grad_b=   0.7539322649454561        3.8690657179063975E-002 
  -0.1610550541760610     
 bsub=  -6.8708301189208024E-002   5.0164072662213732E-002 
    1.559305613057983     
 bsup=    0.000000000000000       -0.4987278129609347      
    1.033790599015414     
 b_abs=    1.259579278153814     
 g=  -1.1621124011110205E-002
 j=    0.000000000000000        -652.2592492236615      
    195.1987217940299     
 v_perp_2=    0.000000000000000     
 b_n=   2.9112295312084114E-004  -0.5036836758023430      
    1.033962874475503     
 b_para_n=    1.259579295036184     
 dxdt=    1.733453508652336        -2999.118502030516      
    6156.596562936917     
 dudt=    0.000000000000000     
 ---------------------
 rk4
 istep=     25000001
 grad_b=  -0.2871888140632854       -4.2656255746236701E-002 
  -6.0429131225459190E-002
 bsub=   3.7802538836941318E-002  -3.9878037485173046E-002 
   0.8908493509570812     
 bsup=    0.000000000000000       -7.8954042495169241E-002 
    1.134011407180401     
 b_abs=    1.006613744337333     
 g=  -1.1299670895179945E-002
 j=    0.000000000000000        -42.39510630556904      
    219.3898673887907     
 v_perp_2=    0.000000000000000     
 b_n=  -2.7692108449432859E-004  -7.7216474698012169E-002 
    1.134100960394978     
 b_para_n=    1.006613763519747     
 dxdt=   -2.063262205401706        -575.3185394665334      
    8449.871749439348     
 dudt=    0.000000000000000     
 ---------------------
 rk4
 istep=     26000001
 grad_b=   0.6547267603540100        5.9647733134703958E-002 
   0.1791404619064587     
 bsub=   1.6858880401522270E-002   0.1481707595588412      
    1.711987234177118     
 bsup=    0.000000000000000       -0.7720758624548738      
    1.089301762562699     
 b_abs=    1.323173449724117     
 g=  -8.3180949088342438E-003
 j=    0.000000000000000        -558.3116437153533      
   -3.639307942742896     
 v_perp_2=    0.000000000000000     
 b_n=   4.0716050945411659E-004  -0.7780985748788590      
    1.089819008811852     
 b_para_n=    1.323173444714451     
 dxdt=    2.307863593472346        -4410.411450519122      
    6177.302453234175     
 dudt=   -0.000000000000000     
 ---------------------
 rk4
 istep=     27000001
 grad_b=   -1.270984099049002        2.3252984153618560E-002 
  -0.2071635335064894     
 bsub=   4.7403548712082300E-002  -0.1215775408312233      
    1.411732184363224     
 bsup=    0.000000000000000       -0.9900380733015759      
   0.8739232881254484     
 b_abs=    1.163563309057579     
 g=  -2.0877250505879137E-002
 j=    0.000000000000000         682.6850414406008      
   -619.1728051392990     
 v_perp_2=    0.000000000000000     
 b_n=   2.1209437209292417E-005  -0.9850845023096148      
   0.8743491171038756     
 b_para_n=    1.163563239355256     
 dxdt=   0.1367100417832348        -6349.576471164524      
    5635.807454619071     
 dudt=    0.000000000000000     
 ---------------------
 rk4
 istep=     28000001
 grad_b=  -0.5218006572178304       -4.3603798996856465E-003 
   8.2035214368231107E-003
 bsub=  -3.1070589610264109E-002  -3.3151497330721272E-002 
   0.9639018162997531     
 bsup=    0.000000000000000       -0.2967490183856735      
   0.9925200095586679     
 b_abs=   0.9829759138414531     
 g=  -1.7211603236447191E-002
 j=    0.000000000000000         240.7866182874727      
   -93.27144123797753     
 v_perp_2=    0.000000000000000     
 b_n=  -1.8546234862461668E-005  -0.2943772498586048      
   0.9926009738390799     
 b_para_n=   0.9829759038528080     
 dxdt=  -0.1415057692902419        -2246.066628170510      
    7573.438244634578     
 dudt=   -0.000000000000000     
 ---------------------
 rk4
 istep=     29000001
 grad_b=  -0.5821057964826166        2.1682883121951629E-003 
  -2.5127895694288388E-003
 bsub=   2.8855216382364414E-002  -4.5253216048105213E-002 
   0.9582634439041451     
 bsup=    0.000000000000000       -0.3444171270960592      
   0.9933755540358364     
 b_abs=   0.9834339340891828     
 g=  -1.7102393523027788E-002
 j=    0.000000000000000        -233.0393207235713      
   -4.225559232594605     
 v_perp_2=    0.000000000000000     
 b_n=   9.3168583996260692E-006  -0.3417714492506015      
   0.9935002141627233     
 b_para_n=   0.9834339347514938     
 dxdt=   7.1053515165563977E-002   -2606.464734234775      
    7576.768853419014     
 dudt=    0.000000000000000     
 ---------------------
 Elapsed time (seconds):     153.7152100000000     

real	2m33.726s
user	2m33.472s
sys	0m0.016s
>>> [PID 3864914] DONE  u=7500, v_perp=0, out=bounce/dat226.dat
