>>> [PID 3868478] START u=8000, v_perp=1000, out=bounce/dat248.dat, dt=5.00E-09, steps=30000000
 outer boundary:   8.3000000000000462E-002
 rk4
 istep=            1
 grad_b=  -0.5028805675462349        4.9301783338434046E-003 
  -7.9795680691849974E-003
 bsub=   8.6928657603020862E-003   4.2252068705752974E-002 
    1.020728128442145     
 bsup=    0.000000000000000        0.5002802906686269      
   0.9181488842118662     
 b_abs=   0.9787594983561331     
 g=  -1.6418896711409892E-002
 j=    0.000000000000000         576.0999164779328      
    59.06969059071006     
 v_perp_2=    999999.7970152907     
 b_n=   2.8571057902220112E-005   0.5030112582483173      
   0.9180356039988656     
 b_para_n=   0.9787595076478698     
 dxdt=   0.2353531719450339         4111.593013940145      
    7503.659178624180     
 dudt=    2536.592812756650     
 ---------------------
 rk4
 istep=      1000001
 grad_b=   -1.123838607480202        9.8555776909097559E-002 
  -0.1303493678272850     
 bsub=   1.1570149543736542E-002  -0.1055815584971786      
    1.260950032149496     
 bsup=    0.000000000000000       -0.7695149221084098      
   0.8719874279567869     
 b_abs=    1.086636439022508     
 g=  -2.0290121435004551E-002
 j=    0.000000000000000        -1167.517694507048      
    397.6788517352079     
 v_perp_2=    1110208.445983080     
 b_n=   3.8571465547484617E-004  -0.7645742226994636      
   0.8723976300792878     
 b_para_n=    1.086636494618046     
 dxdt=    2.861901404858210        -5623.759190094422      
    6417.231403498600     
 dudt=    89089.22918418392     
 ---------------------
 rk4
 istep=      2000001
 grad_b=   -1.052040504309899       -9.5370311762040499E-002 
   0.1126351121566120     
 bsub=  -1.6640062282346139E-003  -8.7013784348928494E-002 
    1.201750839972928     
 bsup=    0.000000000000000       -0.7048531382445486      
   0.8779243934442560     
 b_abs=    1.056530813981045     
 g=  -2.0273049862192277E-002
 j=    0.000000000000000        -439.8639930176336      
    324.0301530952279     
 v_perp_2=    1079441.232876163     
 b_n=  -3.8738094486443929E-004  -0.7001810426972443      
   0.8782621794834493     
 b_para_n=    1.056530854250790     
 dxdt=   -2.956160094922653        -5298.146652870059      
    6646.051286438935     
 dudt=   -80313.85403981213     
 ---------------------
 rk4
 istep=      3000001
 grad_b=  -0.3152915621191192       -2.0850373741191967E-002 
   3.9982260492623378E-002
 bsub=  -3.0984219771167953E-002   7.8566192833980295E-003 
   0.9820372416889824     
 bsup=    0.000000000000000       -1.9905769729845146E-002 
   0.9981670414964469     
 b_abs=   0.9899003369792005     
 g=  -1.6260335577326878E-002
 j=    0.000000000000000        -600.0011478746267      
    41.35319928251297     
 v_perp_2=    1011357.490309726     
 b_n=  -1.0919160713239268E-004  -1.8286133290843758E-002 
   0.9981506426578841     
 b_para_n=   0.9899003408315502     
 dxdt=  -0.8893399606906418        -147.6650623540230      
    8065.958979054607     
 dudt=   -20809.17356184381     
 ---------------------
 rk4
 istep=      4000001
 grad_b=  -0.6943003842501797        0.1224255602852708      
  -0.1109894459533074     
 bsub=   1.9298615097026912E-002  -0.2197979868339508      
    1.493646420961656     
 bsup=    0.000000000000000        -1.174065736909607      
   0.8934535130109158     
 b_abs=    1.261936581829998     
 g=  -1.7491220817848534E-002
 j=    0.000000000000000         12.95847098785740      
   -312.4110693489102     
 v_perp_2=    1289279.775612289     
 b_n=   4.7505239728516647E-004   -1.170963286025837      
   0.8939038910637769     
 b_para_n=    1.261936550894686     
 dxdt=    3.035166279098716        -7406.284207047768      
    5654.077794589025     
 dudt=    98326.70986064944     
 ---------------------
 rk4
 istep=      5000001
 grad_b=  -0.5865934888809121       -3.6635486842502327E-002 
   3.5284929600774201E-002
 bsub=   2.2166382237029089E-002   6.4233031109981950E-004 
    1.055627247843737     
 bsup=    0.000000000000000       -0.2313173475740859      
   0.9226460222899926     
 b_abs=   0.9868492155407035     
 g=  -1.9264586949233720E-002
 j=    0.000000000000000         1081.326088676363      
   -10.93169950552192     
 v_perp_2=    1008223.822948382     
 b_n=  -1.7260930391608888E-004  -0.2285516076919487      
   0.9226479627945822     
 b_para_n=   0.9868492143695722     
 dxdt=   -1.410208540744945        -1852.482703740011      
    7479.065161290363     
 dudt=   -21238.57310834293     
 ---------------------
 rk4
 istep=      6000001
 grad_b=  -0.8681108701923131        1.5970485351268070E-002 
  -4.4021165400515240E-002
 bsub=  -1.6917709972834906E-002  -5.6174405688702946E-002 
    1.035183823357759     
 bsup=    0.000000000000000       -0.5079615118485687      
   0.9267169903509964     
 b_abs=   0.9939691557914392     
 g=  -1.8884338547276946E-002
 j=    0.000000000000000         265.4537210407127      
   -575.0517677018157     
 v_perp_2=    1015489.324074213     
 b_n=   6.3060427179804695E-005  -0.5039274578475404      
   0.9269368671133451     
 b_para_n=   0.9939690908432205     
 dxdt=   0.5115100534441874        -4055.131858248159      
    7459.599659638285     
 dudt=    25134.85476835389     
 ---------------------
 rk4
 istep=      7000001
 grad_b=  -0.7262020330498892       -0.1569335658290217      
   0.1281023796514333     
 bsub=  -1.0579822838778483E-002  -0.1988114268161086      
    1.443959845488669     
 bsup=    0.000000000000000        -1.052349850743844      
   0.8844797218383500     
 b_abs=    1.218989129184324     
 g=  -1.8205774930210247E-002
 j=    0.000000000000000         207.1584265510211      
   -116.9047658147020     
 v_perp_2=    1245370.944965702     
 b_n=  -6.2106435184502268E-004   -1.049116172992281      
   0.8849203873153826     
 b_para_n=    1.218989114350140     
 dxdt=   -4.107842066807616        -6871.737199695366      
    5796.453380458079     
 dudt=   -116685.7122733497     
 ---------------------
 rk4
 istep=      8000001
 grad_b=   6.1051139994527936E-004  -6.1258263116945523E-002 
   0.1298757512930025     
 bsub=  -5.3647241031373853E-003   3.5515367593308131E-002 
    1.066937423280888     
 bsup=    0.000000000000000        0.7058432303536896      
   0.9858419821203053     
 b_abs=    1.037350881511257     
 g=  -1.3161916757186927E-002
 j=    0.000000000000000        -907.2395021744485      
    141.3880292287911     
 v_perp_2=    1059793.165202332     
 b_n=  -4.1326915612881101E-004   0.7058351760330159      
   0.9858401835133018     
 b_para_n=    1.037350893100124     
 dxdt=   -3.212022992845363         5440.822911821516      
    7599.199444412842     
 dudt=   -41756.60794111783     
 ---------------------
 rk4
 istep=      9000001
 grad_b=   -1.176178718078857        9.0203262816623456E-002 
  -0.1379368248556880     
 bsub=   1.6441982298702251E-002  -0.1090625018954188      
    1.277732067846863     
 bsup=    0.000000000000000       -0.7935226816337061      
   0.8700604544116184     
 b_abs=    1.094721701209969     
 g=  -2.0344152171667886E-002
 j=    0.000000000000000        -664.8742471568901      
    296.1317422738111     
 v_perp_2=    1118395.532266126     
 b_n=   3.4368171412550974E-004  -0.7883764526339079      
   0.8704953288995846     
 b_para_n=    1.094721740742737     
 dxdt=    2.531195777827270        -5755.631646402210      
    6355.540766255691     
 dudt=    89399.98565399146     
 ---------------------
 rk4
 istep=     10000001
 grad_b=  -0.7903028053614028       -0.1384264573867243      
   0.1018009437417079     
 bsub=   8.2126472695394689E-003  -8.4384556917758868E-002 
    1.208967485129459     
 bsup=    0.000000000000000       -0.6669308124267574      
   0.8854598293651200     
 b_abs=    1.061476637883211     
 g=  -2.0586245783874343E-002
 j=    0.000000000000000         645.5936417203620      
   -122.0604335747795     
 v_perp_2=    1084423.097596592     
 b_n=  -5.7246653435639029E-004  -0.6634825699763283      
   0.8857043850502445     
 b_para_n=    1.061476619036423     
 dxdt=   -4.348221824486864        -4996.930335545600      
    6670.873977587554     
 dudt=   -87804.41595937652     
 ---------------------
 rk4
 istep=     11000001
 grad_b=  -0.3487813350311749       -6.9080977030412799E-003 
   3.3901380627416988E-002
 bsub=  -3.5129993310019314E-002  -2.2148022131587911E-002 
   0.9472119543456803     
 bsup=    0.000000000000000       -0.1745586211556386      
    1.030600303452815     
 b_abs=   0.9902408720355351     
 g=  -1.5829324401820572E-002
 j=    0.000000000000000         683.5951228754813      
   -67.69376671401820     
 v_perp_2=    1011638.982496149     
 b_n=  -3.1230230628535100E-005  -0.1727838082276165      
    1.030640635567216     
 b_para_n=   0.9902408635352681     
 dxdt=  -0.2542754185825674        -1395.652915815530      
    8325.628823551375     
 dudt=   -18644.77496355544     
 ---------------------
 rk4
 istep=     12000001
 grad_b=  -0.7208630627084019        0.1120211717251558      
  -0.1066986413617963     
 bsub=   2.5912153971397144E-002  -0.2215017403660009      
    1.500003282216113     
 bsup=    0.000000000000000        -1.191313217063517      
   0.8942631819418403     
 b_abs=    1.267033608924921     
 g=  -1.7651180241865121E-002
 j=    0.000000000000000         104.1849128100575      
   -297.2596580454166     
 v_perp_2=    1294402.070570503     
 b_n=   4.2549743620678098E-004   -1.188135103010953      
   0.8947251098652590     
 b_para_n=    1.267033578272721     
 dxdt=    2.707618611935972        -7484.360512424929      
    5636.280226302896     
 dudt=    92268.25938837022     
 ---------------------
 rk4
 istep=     13000001
 grad_b=   0.3147277993776330       -0.1293747725053980      
   0.1665239741226662     
 bsub=   2.0393193680065230E-002   1.6301833440415178E-003 
    1.226012940818587     
 bsup=    0.000000000000000        0.1790808330298812      
   0.9542354703707315     
 b_abs=    1.081719999636942     
 g=  -1.5802794843592653E-002
 j=    0.000000000000000        -104.3169513938073      
    189.6929870306331     
 v_perp_2=    1105076.924243558     
 b_n=  -7.1854384251173972E-004   0.1773511778416108      
   0.9542497407218586     
 b_para_n=    1.081720020507708     
 dxdt=   -5.355635693239652         1310.435822643280      
    7051.482213691251     
 dudt=   -64094.55725551657     
 ---------------------
 rk4
 istep=     14000001
 grad_b=  -0.9417350578597845        1.1576007063744901E-002 
  -5.3610487862537803E-002
 bsub=  -1.2324378835441303E-002  -6.4281703372625995E-002 
    1.043567881631170     
 bsup=    0.000000000000000       -0.5405047848501687      
   0.9212682939642963     
 b_abs=   0.9981211832830961     
 g=  -1.8765015470970512E-002
 j=    0.000000000000000         991.8711990396275      
   -796.6997742182610     
 v_perp_2=    1019664.169689643     
 b_n=   3.8647827406708602E-005  -0.5361027260959663      
   0.9215398180710367     
 b_para_n=   0.9981210887969241     
 dxdt=   0.3121850567883127        -4295.954022430740      
    7385.079095205595     
 dudt=    28477.35937223255     
 ---------------------
 rk4
 istep=     15000001
 grad_b=  -0.4914689996241635       -0.1748331691939453      
   0.1096395101645705     
 bsub=   9.0285546709917078E-003  -0.2073323503194346      
    1.437686128635751     
 bsup=    0.000000000000000        -1.067618769366075      
   0.8891220153968670     
 b_abs=    1.224557324643218     
 g=  -1.8312907151364764E-002
 j=    0.000000000000000         103.6484551152653      
    61.75573445030744     
 v_perp_2=    1250977.400897756     
 b_n=  -6.9540584637341619E-004   -1.065466544444069      
   0.8894367642982641     
 b_para_n=    1.224557329353772     
 dxdt=   -4.578638580586655        -6946.864903611709      
    5799.282004225283     
 dudt=   -118518.8353107930     
 ---------------------
 rk4
 istep=     16000001
 grad_b=   0.1883638985523656       -1.2119299493617119E-002 
   0.1088514165995905     
 bsub=  -2.2690203115587712E-002   3.4487524699457886E-002 
    1.028410247943907     
 bsup=    0.000000000000000        0.3189620010863292      
    1.060934638801726     
 b_abs=    1.049986169736867     
 g=  -1.3222309052714163E-002
 j=    0.000000000000000         33.08649146246950      
   -212.0929759690591     
 v_perp_2=    1072631.402439370     
 b_n=  -9.3057782145491007E-005   0.3178362810689992      
    1.060970315299452     
 b_para_n=    1.049986149049879     
 dxdt=  -0.7145634892556434         2420.195280578577      
    8079.104016977018     
 dudt=   -54298.56357058507     
 ---------------------
 rk4
 istep=     17000001
 grad_b=   -1.221247056859914        8.1326523404197937E-002 
  -0.1462986924148018     
 bsub=   2.1338684000135132E-002  -0.1121219393649283      
    1.294207777783865     
 bsup=    0.000000000000000       -0.8180519565279041      
   0.8678497435160445     
 b_abs=    1.102364324759098     
 g=  -2.0472838568969941E-002
 j=    0.000000000000000         89.55849840266234      
    71.34831152571837     
 v_perp_2=    1126129.344976014     
 b_n=   2.9859856867204166E-004  -0.8127506946018266      
   0.8683040939856781     
 b_para_n=    1.102364331874628     
 dxdt=    2.183915610372275        -5892.082806040675      
    6295.211366303690     
 dudt=    89656.04967197138     
 ---------------------
 rk4
 istep=     18000001
 grad_b=   0.1967999872454157       -0.1889918723628496      
   0.1263703218022123     
 bsub=   4.6047984443387945E-002  -9.4571768849030069E-002 
    1.384694359964769     
 bsup=    0.000000000000000       -0.6316978440355411      
   0.9328662407539505     
 b_abs=    1.162681429001465     
 g=  -1.8921608259834036E-002
 j=    0.000000000000000         257.9227058797784      
    276.5733601573829     
 v_perp_2=    1187737.581259547     
 b_n=  -8.1595390507018374E-004  -0.6325691326290528      
   0.9328338914613515     
 b_para_n=    1.162681456857529     
 dxdt=   -5.658222120772929        -4346.151770877481      
    6409.077175553334     
 dudt=   -104234.8956212559     
 ---------------------
 rk4
 istep=     19000001
 grad_b=  -0.4209285882993963       -2.7257583368872282E-004 
   2.6745220659082317E-002
 bsub=  -3.3640992413801515E-002  -3.8579845802463202E-002 
   0.9327212418271285     
 bsup=    0.000000000000000       -0.2512230017478287      
    1.036924625839517     
 b_abs=   0.9883825989529667     
 g=  -1.5607049398072734E-002
 j=    0.000000000000000         847.4230868690138      
   -141.7623374945705     
 v_perp_2=    1009674.148144957     
 b_n=   4.2680826716520894E-006  -0.2490728719032170      
    1.037013696088492     
 b_para_n=   0.9883825811995545     
 dxdt=   3.4815907472629734E-002   -2015.714078607296      
    8392.993068586600     
 dudt=   -14366.96315309127     
 ---------------------
 rk4
 istep=     20000001
 grad_b=  -0.8140837361097230        9.9137909290105422E-002 
  -0.1118778562850010     
 bsub=   4.0114626625205027E-002  -0.2162966372915218      
    1.505495188391617     
 bsup=    0.000000000000000        -1.201376545699434      
   0.8944877720481914     
 b_abs=    1.267534816950867     
 g=  -1.8426201992329437E-002
 j=    0.000000000000000         34.38476300487395      
   -190.6942990591034     
 v_perp_2=    1294828.944255496     
 b_n=   3.5271319130067620E-004   -1.197932382552546      
   0.8949731854677972     
 b_para_n=    1.267534797715590     
 dxdt=    2.243574486515226        -7543.051405672635      
    5635.596225975378     
 dudt=    88319.51084869933     
 ---------------------
 rk4
 istep=     21000001
 grad_b=   0.7184608956706982       -4.1098151382274850E-002 
   0.1697527235923029     
 bsub=   2.1902749079176050E-002   4.4235601836854058E-002 
    1.239828643419936     
 bsup=    0.000000000000000        0.5277286932709284      
    1.048935311009631     
 b_abs=    1.150429812110318     
 g=  -1.0592748584109878E-002
 j=    0.000000000000000        -1345.091396793252      
    249.2838388234431     
 v_perp_2=    1175193.105569048     
 b_n=  -3.4853720060917771E-004   0.5224403381873240      
    1.049130168805507     
 b_para_n=    1.150429831915107     
 dxdt=   -2.442664016772776         3627.695687030937      
    7285.590179004173     
 dudt=   -69424.53954352689     
 ---------------------
 rk4
 istep=     22000001
 grad_b=   -1.007835704393377        6.4014351795211016E-003 
  -6.4540724686954848E-002
 bsub=  -7.4568360456929907E-003  -7.0582376525897814E-002 
    1.054424343463496     
 bsup=    0.000000000000000       -0.5705745530671604      
   0.9145459872795695     
 b_abs=    1.002262155570359     
 g=  -1.8668470474304942E-002
 j=    0.000000000000000         1188.467123888364      
   -837.4614516503573     
 v_perp_2=    1023827.153228667     
 b_n=   9.7914774605631111E-006  -0.5658305237722168      
   0.9148635220874394     
 b_para_n=    1.002262054355251     
 dxdt=   7.8765731530538285E-002   -4515.284044707076      
    7301.050592750412     
 dudt=    31941.10539380470     
 ---------------------
 rk4
 istep=     23000001
 grad_b=   2.6692060727887074E-002  -0.1368784418711448      
   5.8453555607620833E-002
 bsub=   7.3383453827100653E-002  -0.1832945254724135      
    1.537288916133321     
 bsup=    0.000000000000000        -1.167613768236235      
   0.9346455903255416     
 b_abs=    1.284818720254269     
 g=  -1.8322433207191641E-002
 j=    0.000000000000000         470.9335169203453      
   -322.9574121505512     
 v_perp_2=    1312452.702198111     
 b_n=  -5.5125327811849571E-004   -1.167715154053131      
   0.9346597853247232     
 b_para_n=    1.284818683214508     
 dxdt=   -3.459302851303969        -7253.084275040108      
    5805.492173061557     
 dudt=   -85251.67129585530     
 ---------------------
 rk4
 istep=     24000001
 grad_b=   0.1295688292664752        1.1058369255435616E-002 
   9.7489499841360294E-002
 bsub=  -3.2305121762466631E-002   2.1064884454923022E-002 
   0.9947063214428244     
 bsup=    0.000000000000000        0.1890013672562654      
    1.087555496915938     
 b_abs=    1.042225524292483     
 g=  -1.2993179379230150E-002
 j=    0.000000000000000         589.1482936397597      
   -202.3501427044469     
 v_perp_2=    1064633.397358985     
 b_n=   5.3023447155441564E-005   0.1882188831807744      
    1.087573770466674     
 b_para_n=    1.042225506015132     
 dxdt=   0.4101830697483476         1443.966245171819      
    8343.872676719098     
 dudt=   -52982.45411934808     
 ---------------------
 rk4
 istep=     25000001
 grad_b=   -1.282798589129626        5.8831944010142821E-002 
  -0.1624695940440247     
 bsub=   2.8292173827148621E-002  -0.1119847983573275      
    1.311538029918840     
 bsup=    0.000000000000000       -0.8539204345034409      
   0.8652254510642382     
 b_abs=    1.109411490088815     
 g=  -2.0695321097045020E-002
 j=    0.000000000000000         1306.346162075390      
   -439.9765386512456     
 v_perp_2=    1133253.907009371     
 b_n=   1.9354391397199044E-004  -0.8484131529981628      
   0.8656914593054787     
 b_para_n=    1.109411428344218     
 dxdt=    1.406566856112746        -6111.209059935473      
    6236.055431746239     
 dudt=    87845.02756331935     
 ---------------------
 rk4
 istep=     26000001
 grad_b=   0.7450415370091632       -4.9539134418262132E-002 
   0.1594533912485362     
 bsub=   7.3529252427752795E-002   3.5808499291639401E-002 
    1.566895563864721     
 bsup=    0.000000000000000       -0.5428045950071237      
    1.024185410899628     
 b_abs=    1.258978514814265     
 g=  -1.2274465906305588E-002
 j=    0.000000000000000        -748.8609976020182      
    423.7450875266600     
 v_perp_2=    1286025.480810507     
 b_n=  -3.5767501677301332E-004  -0.5477649956790962      
    1.024315590084225     
 b_para_n=    1.258978556996327     
 dxdt=   -2.290596584026199        -3473.225490135014      
    6494.315079412189     
 dudt=   -77159.80936378887     
 ---------------------
 rk4
 istep=     27000001
 grad_b=  -0.4957845629559084        2.3715744934720423E-003 
   1.9316474929939265E-002
 bsub=  -3.0452143599840720E-002  -5.1292282569968727E-002 
   0.9242860541675977     
 bsup=    0.000000000000000       -0.3086236398594547      
    1.036211462746438     
 b_abs=   0.9864884450709386     
 g=  -1.5466679168211183E-002
 j=    0.000000000000000         410.6098116652458      
   -55.71298251425452     
 v_perp_2=    1007672.888966475     
 b_n=   1.7696547438827174E-005  -0.3060789883186887      
    1.036353250181460     
 b_para_n=   0.9864884372301698     
 dxdt=   0.1446326931147631        -2481.858641340692      
    8403.887582788677     
 dudt=   -9983.963938689130     
 ---------------------
 rk4
 istep=     28000001
 grad_b=  -0.9711236524977833        1.0281493962903680E-002 
  -0.1776945538052184     
 bsub=   7.3396636922634567E-002  -0.1498016070719540      
    1.562824851781191     
 bsup=    0.000000000000000        -1.197656747519888      
   0.9147439250145163     
 b_abs=    1.268551820037101     
 g=  -1.9640069864832285E-002
 j=    0.000000000000000         291.7816560758108      
   -121.2531674190300     
 v_perp_2=    1295782.815589637     
 b_n=  -2.7874341267737551E-005   -1.193681535147291      
   0.9151262581943881     
 b_para_n=    1.268551804831093     
 dxdt=  -0.1771638519852578        -7510.167972744025      
    5757.828784563390     
 dudt=    70400.37362129740     
 ---------------------
 rk4
 istep=     29000001
 grad_b=   0.7070264915099136        4.7557782495023151E-003 
   0.1527151135694944     
 bsub=   4.2904452966219774E-003   6.1026375059156368E-002 
    1.192286598039850     
 bsup=    0.000000000000000        0.3598107008068926      
    1.089506455453429     
 b_abs=    1.149479848555160     
 g=  -9.9039751149543366E-003
 j=    0.000000000000000        -180.8247780712552      
   -216.5645382845869     
 v_perp_2=    1174145.523574425     
 b_n=  -2.3307937039232119E-005   0.3544309462420784      
    1.089781877756372     
 b_para_n=    1.149479827153630     
 dxdt=  -0.1634847243526082         2463.020134589486      
    7574.213733435097     
 dudt=   -74686.57295214078     
 ---------------------
 Elapsed time (seconds):     153.8809640000000     

real	2m33.891s
user	2m33.647s
sys	0m0.014s
>>> [PID 3868478] DONE  u=8000, v_perp=1000, out=bounce/dat248.dat
