>>> [PID 3868146] START u=7000, v_perp=1000, out=bounce/dat246.dat, dt=5.00E-09, steps=30000000
 outer boundary:   8.3000000000000462E-002
 rk4
 istep=            1
 grad_b=  -0.5028808350318164        4.9304322023949049E-003 
  -7.9801066337127774E-003
 bsub=   8.6927959559537117E-003   4.2252108003770973E-002 
    1.020727975280101     
 bsup=    0.000000000000000        0.5002852733843700      
   0.9181488375752924     
 b_abs=   0.9787595231841627     
 g=  -1.6418871476381377E-002
 j=    0.000000000000000         576.0999132411052      
    59.07343247215348     
 v_perp_2=    999999.8223821274     
 b_n=   2.5001023189857739E-005   0.5026748744619018      
   0.9180497170886216     
 b_para_n=   0.9787595313148001     
 dxdt=   0.1806296075361510         3595.259813006005      
    6565.801655288552     
 dudt=    2536.771470233633     
 ---------------------
 rk4
 istep=      1000001
 grad_b=   0.1748787746147096       -4.4159067689655884E-002 
  -0.1075846213834726     
 bsub=   3.6233496069654578E-002   2.2565059240120859E-002 
    1.000250494442952     
 bsup=    0.000000000000000        9.5457803822537768E-002 
    1.119990716636842     
 b_abs=    1.059891262387120     
 g=  -1.1413241921411962E-002
 j=    0.000000000000000         57.37537376239146      
    99.27385302315983     
 v_perp_2=    1082885.623078765     
 b_n=  -2.3821735155420389E-004   9.4437308602635661E-002 
    1.120022376415402     
 b_para_n=    1.059891270620602     
 dxdt=   -1.589363089625761         623.1043063513551      
    7390.876322382263     
 dudt=    60107.65885152159     
 ---------------------
 rk4
 istep=      2000001
 grad_b=  -0.4852197027788582        6.4707717347768923E-003 
   2.3471537063308415E-002
 bsub=  -2.9801544553590881E-002  -5.5563292111898893E-002 
   0.9120351174649072     
 bsup=    0.000000000000000       -0.3079777266404057      
    1.049201698983748     
 b_abs=   0.9866779829221898     
 g=  -1.4887002847524415E-002
 j=    0.000000000000000         476.4760483168826      
   -80.75338558916167     
 v_perp_2=    1008077.080622268     
 b_n=   3.6406448493244289E-005  -0.3057453259613244      
    1.049338881378902     
 b_para_n=   0.9866779734585540     
 dxdt=   0.2609218205652823        -2168.772570167410      
    7443.945057948657     
 dudt=   -11718.30183630831     
 ---------------------
 rk4
 istep=      3000001
 grad_b=  -0.4017640147215986        0.1271524906222987      
  -9.3394735890935110E-002
 bsub=  -1.8241232107112450E-002  -1.6303027017091538E-002 
    1.156724342377280     
 bsup=    0.000000000000000       -0.2842662331962998      
   0.9093149090069785     
 b_abs=    1.027725898869177     
 g=  -2.0228128232986139E-002
 j=    0.000000000000000        -190.9733410580440      
   -162.0033012915125     
 v_perp_2=    1050008.766795223     
 b_n=   4.9865227342147007E-004  -0.2826683396480661      
   0.9093452792861363     
 b_para_n=    1.027725882821745     
 dxdt=    3.431073194683156        -1924.198407437780      
    6190.532204212697     
 dudt=    60179.42036968644     
 ---------------------
 rk4
 istep=      4000001
 grad_b=   0.6347552433790024       -5.7839504935791680E-002 
  -0.1595696953598225     
 bsub=  -4.1786985494221204E-004   0.1317855416651489      
    1.596451300882796     
 bsup=    0.000000000000000       -0.7006329865224685      
    1.105120940576478     
 b_abs=    1.293454543923247     
 g=  -7.9087384761091367E-003
 j=    0.000000000000000         282.6559446293949      
   -87.54327802768603     
 v_perp_2=    1321491.177220171     
 b_n=  -3.9336859408150969E-004  -0.7062226714892234      
    1.105582256254970     
 b_para_n=    1.293454538303291     
 dxdt=   -2.150663579113011        -3809.831561541809      
    5963.634023225892     
 dudt=    53640.82382854637     
 ---------------------
 rk4
 istep=      5000001
 grad_b=   -1.226048778061370        8.1119652921949809E-002 
  -0.1491589487343732     
 bsub=   2.2944436624964145E-002  -0.1149075967583214      
    1.302663240208385     
 bsup=    0.000000000000000       -0.8274956824504436      
   0.8663061061294973     
 b_abs=    1.106307359758264     
 g=  -2.0576110061076260E-002
 j=    0.000000000000000         382.5458309583308      
    18.24742516967267     
 v_perp_2=    1130279.501522143     
 b_n=   2.5710007466088995E-004  -0.8228674758076036      
   0.8667098293582297     
 b_para_n=    1.106307358242436     
 dxdt=    1.643386869969584        -5199.310751105652      
    5476.715586193676     
 dudt=    90661.55254452609     
 ---------------------
 rk4
 istep=      6000001
 grad_b=  -0.4495905261554921        3.7875397030055880E-002 
   3.8445669770407594E-002
 bsub=  -7.2570508073254658E-002  -0.2017347446178905      
    1.562087758570597     
 bsup=    0.000000000000000        -1.270713813939245      
   0.9251894535922712     
 b_abs=    1.304271101067664     
 g=  -1.8581143969851891E-002
 j=    0.000000000000000         196.5827862169506      
   -293.7560596218178     
 v_perp_2=    1332525.398503335     
 b_n=   1.5451368429109176E-004   -1.269098692529205      
   0.9254051931913764     
 b_para_n=    1.304271074190619     
 dxdt=   0.8377678662935590        -6787.961537601293      
    4949.768201244552     
 dudt=    4918.968007225131     
 ---------------------
 rk4
 istep=      7000001
 grad_b=   0.4265847486791066       -1.0067772361586520E-002 
  -9.5645196516048053E-003
 bsub=   1.9611399598135654E-002   0.1851110043638333      
    2.144354641050440     
 bsup=    0.000000000000000        -1.471597883997540      
    1.076340191575596     
 b_abs=    1.427016096624522     
 g=  -7.4755651411523641E-003
 j=    0.000000000000000         1075.118337006923      
    123.0200160120715     
 v_perp_2=    1457919.948542536     
 b_n=  -9.4890319919616075E-005   -1.475978528143135      
    1.076719231525401     
 b_para_n=    1.427016117441369     
 dxdt=  -0.4702464986513883        -7206.588242365392      
    5256.964917751405     
 dudt=   -1618.392379172788     
 ---------------------
 rk4
 istep=      8000001
 grad_b=  -0.8355421684161815       -0.1550096651411836      
   0.1339231888767499     
 bsub=  -1.3948269210743490E-002  -0.1789319817136724      
    1.409939722994559     
 bsup=    0.000000000000000       -0.9724341197584774      
   0.8782902444255463     
 b_abs=    1.188291569064183     
 g=  -1.8917943040427793E-002
 j=    0.000000000000000         313.3023901042266      
   -3.116690409105445     
 v_perp_2=    1214017.710359692     
 b_n=  -5.3228848157997643E-004  -0.9692167053550680      
   0.8786932894290896     
 b_para_n=    1.188291565132903     
 dxdt=   -3.167683764506416        -5696.753994843830      
    5164.928345101668     
 dudt=   -115362.3481840398     
 ---------------------
 rk4
 istep=      9000001
 grad_b=  -0.9921317726867287        0.1071562142305840      
   0.2264422104504616     
 bsub=  -3.6557162000585688E-002  -7.3030052734793821E-002 
    1.232170704437842     
 bsup=    0.000000000000000       -0.9077559817887524      
   0.8968934989057126     
 b_abs=    1.082512114250810     
 g=  -1.6517112921884097E-002
 j=    0.000000000000000        -14.64241412670873      
    640.4943931449095     
 v_perp_2=    1105941.670050339     
 b_n=   5.6151489236548776E-004  -0.9031670241061540      
   0.8971821978005972     
 b_para_n=    1.082512176243869     
 dxdt=    3.668095501109377        -5833.623129149992      
    5795.320793665262     
 dudt=   -49936.11616235891     
 ---------------------
 rk4
 istep=     10000001
 grad_b=   0.7705673332040252        1.6888469626857680E-002 
   0.1607135710923103     
 bsub=   3.2067370963128908E-002   9.7771481342529123E-002 
    1.488498118168265     
 bsup=    0.000000000000000       -0.3885418966188178      
    1.090612517978064     
 b_abs=    1.259255759290115     
 g=  -8.7545390353287091E-003
 j=    0.000000000000000         936.8118808674942      
   -117.7209183588556     
 v_perp_2=    1286502.024982233     
 b_n=   4.9573872026996573E-005  -0.3945475197266718      
    1.091005923157952     
 b_para_n=    1.259255754450785     
 dxdt=   0.2783945724888791        -2187.244410482129      
    6046.998909141231     
 dudt=   -68438.89839903878     
 ---------------------
 rk4
 istep=     11000001
 grad_b=  -0.5880708029395525        1.4460560535764014E-003 
   1.3525803718617557E-003
 bsub=   2.9044143642257405E-002  -3.7226137810006651E-002 
   0.9735790490341275     
 bsup=    0.000000000000000       -0.3376706501602167      
   0.9787262936051782     
 b_abs=   0.9823413866214321     
 g=  -1.7661652574940550E-002
 j=    0.000000000000000        -216.3425377770572      
   -33.56644957595014     
 v_perp_2=    1003589.937707582     
 b_n=   6.2652699133666725E-006  -0.3352105692793519      
   0.9788201689137461     
 b_para_n=   0.9823413842731119     
 dxdt=   4.5100843548557708E-002   -2388.387281725172      
    6974.659750987780     
 dudt=   -434.4660120232928     
 ---------------------
 rk4
 istep=     12000001
 grad_b=  -0.6346716668501144       -1.3684440888301813E-002 
  -1.5860538461141896E-002
 bsub=   1.0743237829017935E-002  -9.0233623543597735E-002 
   0.8308869158399176     
 bsup=    0.000000000000000       -0.3352448242255137      
    1.127165948194499     
 b_abs=   0.9829879544622433     
 g=  -1.0745503278323656E-002
 j=    0.000000000000000        -62.10196234123578      
    160.2545403309544     
 v_perp_2=    1004244.343260807     
 b_n=  -9.0283663648434021E-005  -0.3315268832079197      
    1.127570896463748     
 b_para_n=   0.9829879676765472     
 dxdt=  -0.6494838010999665        -2360.477484945780      
    8029.277806552171     
 dudt=    6906.091651750295     
 ---------------------
 rk4
 istep=     13000001
 grad_b=   1.1682168727224995E-002   1.4520359422272380E-002 
   8.4512043722368896E-002
 bsub=  -3.5808412870630579E-002   7.7240945204386513E-003 
   0.9690624926547009     
 bsup=    0.000000000000000        0.1101384190570280      
    1.086725791781279     
 b_abs=    1.026420659846421     
 g=  -1.3374634917360642E-002
 j=    0.000000000000000         230.3197621334396      
    3.363380472255216     
 v_perp_2=    1048609.375433098     
 b_n=   6.9702051570577254E-005   0.1100639138122196      
    1.086728961707790     
 b_para_n=    1.026420660286292     
 dxdt=   0.4802081770773680         750.2377866527100      
    7407.614731162042     
 dudt=   -46501.56329302381     
 ---------------------
 rk4
 istep=     14000001
 grad_b=   0.5951187257742435        2.1300377585528763E-002 
  -0.1525633375479269     
 bsub=  -3.2976590490379869E-003   4.9030272302328141E-002 
    1.142296567225053     
 bsup=    0.000000000000000        0.6076695840849611      
    1.059990045216830     
 b_abs=    1.114127136258444     
 g=  -1.1033064648699560E-002
 j=    0.000000000000000         1169.097703949521      
   -230.4537712461372     
 v_perp_2=    1138204.619497526     
 b_n=   1.6986369497890515E-004   0.6040424394392502      
    1.060146206989794     
 b_para_n=    1.114127121013307     
 dxdt=    1.078151096013966         3789.544757386732      
    6651.452179393358     
 dudt=    68209.35621964579     
 ---------------------
 rk4
 istep=     15000001
 grad_b=   0.2300013239379995       -0.1234997678644393      
  -0.1912852939704101     
 bsub=   5.0594068877188758E-002   4.4350584904821543E-002 
    1.197744364354188     
 bsup=    0.000000000000000       -0.6042111951002178      
    1.111820634502279     
 b_abs=    1.142822857059615     
 g=  -8.4106417363456129E-003
 j=    0.000000000000000         926.1357442060296      
   -394.7810360346459     
 v_perp_2=    1167513.498982969     
 b_n=  -9.2799058132702662E-004  -0.6061089341267324      
    1.111930075173069     
 b_para_n=    1.142822826688731     
 dxdt=   -5.742222118810353        -3706.316083289926      
    6799.132444830066     
 dudt=    61706.06011600045     
 ---------------------
 rk4
 istep=     16000001
 grad_b=   -1.072872197508584        3.2386538855789321E-002 
  -8.3670631554204844E-002
 bsub=  -4.4311308202784026E-003  -6.9582415343686629E-002 
    1.105072024911242     
 bsup=    0.000000000000000       -0.6332886827436787      
   0.8940146480992118     
 b_abs=    1.015778314255727     
 g=  -1.9490226498629245E-002
 j=    0.000000000000000         1125.017478458651      
   -566.7474606250096     
 v_perp_2=    1037717.115217769     
 b_n=   1.0908431952196211E-004  -0.6289715331070325      
   0.8942868631696930     
 b_para_n=    1.015778251439993     
 dxdt=   0.7594030054637603        -4332.427657914049      
    6160.417865225334     
 dudt=    47929.59541697676     
 ---------------------
 rk4
 istep=     17000001
 grad_b=   0.6294211962001685        1.8548712583557229E-002 
  -0.1391700019064782     
 bsub=  -8.3376534128745045E-002   0.1047522418985953      
    1.830674272955491     
 bsup=    0.000000000000000       -0.9441880289122442      
    1.053696948778601     
 b_abs=    1.352790528785015     
 g=  -1.1123993973859972E-002
 j=    0.000000000000000         1655.177895082477      
   -341.9608422441220     
 v_perp_2=    1381999.812895931     
 b_n=   1.7391151134097107E-004  -0.9482751550819750      
    1.053938720405684     
 b_para_n=    1.352790506112894     
 dxdt=   0.9091288754785930        -4887.974988968268      
    5432.312873254750     
 dudt=    61983.52538990354     
 ---------------------
 rk4
 istep=     18000001
 grad_b=   0.3042529746958579       -0.1178810174142103      
  -0.2485123698239482     
 bsub=   5.4461873205593182E-002   9.4520331865088819E-002 
    1.844079745675426     
 bsup=    0.000000000000000        -1.593234387326862      
    1.048452906817798     
 b_abs=    1.335183409345556     
 g=  -1.0038587107490263E-002
 j=    0.000000000000000         723.5996377473380      
   -226.9320952342570     
 v_perp_2=    1364004.168492858     
 b_n=  -7.9046372442436764E-004   -1.595576879739758      
    1.048596305852936     
 b_para_n=    1.335183391341180     
 dxdt=   -4.186658746137707        -8334.214241712469      
    5477.055492773778     
 dudt=    27828.27468408752     
 ---------------------
 rk4
 istep=     19000001
 grad_b=  -0.4954595079676590       -2.1480703055056359E-002 
   1.8168954732017191E-002
 bsub=  -4.2135006153113230E-003  -0.2428455350960314      
    1.520265941352572     
 bsup=    0.000000000000000        -1.266399907167790      
   0.9015822301565106     
 b_abs=    1.295520065579164     
 g=  -1.6612606590285944E-002
 j=    0.000000000000000         785.0158438548835      
    28.99146707450254     
 v_perp_2=    1323476.150920616     
 b_n=  -7.3936409429493162E-005   -1.264428274699196      
   0.9018969647179764     
 b_para_n=    1.295520057569732     
 dxdt=  -0.4035880306122170        -6809.271168882316      
    4857.072907710747     
 dudt=   -17183.99759372183     
 ---------------------
 rk4
 istep=     20000001
 grad_b=   0.4088169995525907        7.6063454127797955E-002 
   0.2234578562606617     
 bsub=  -3.9573861758946310E-002   0.1355775912965133      
    1.931713619439808     
 bsup=    0.000000000000000        -1.635434323465256      
    1.071797375749949     
 b_abs=    1.359292910396301     
 g=  -8.2782572514259571E-003
 j=    0.000000000000000        -913.2796081881552      
    174.9148869410853     
 v_perp_2=    1388616.007575578     
 b_n=   5.5620703578713158E-004   -1.639242483695015      
    1.072076054163181     
 b_para_n=    1.359292921015586     
 dxdt=    2.893686480602820        -8408.403580487347      
    5498.992734023837     
 dudt=   -43253.21622821945     
 ---------------------
 rk4
 istep=     21000001
 grad_b=   0.5734279036255677       -5.5201671500642473E-002 
   0.1218604322587806     
 bsub=   9.7965013224149466E-002   3.6733755496094776E-002 
    1.757588429642190     
 bsup=    0.000000000000000       -0.9954927140445333      
    1.026416447957781     
 b_abs=    1.329580229368879     
 g=  -1.2774136275116452E-002
 j=    0.000000000000000         155.2798367743397      
   -456.9035245266491     
 v_perp_2=    1358254.062964672     
 b_n=  -3.2794328196736398E-004  -0.9987105207799742      
    1.026501948127518     
 b_para_n=    1.329580188013912     
 dxdt=   -1.744256538793130        -5239.009710072865      
    5384.561300828431     
 dudt=   -69162.56565139152     
 ---------------------
 rk4
 istep=     22000001
 grad_b=   -1.048990748824463       -2.1225221119553831E-002 
   7.5487894487737073E-002
 bsub=   5.9167101061931814E-003  -6.9169589524872441E-002 
    1.084354112858708     
 bsup=    0.000000000000000       -0.6100605945614698      
   0.9007722072733619     
 b_abs=    1.009336952536595     
 g=  -1.9217591054990303E-002
 j=    0.000000000000000         1199.158729696980      
   -780.5418367838244     
 v_perp_2=    1031098.307299307     
 b_n=  -6.6537044825209113E-005  -0.6058054948047464      
   0.9010439196939382     
 b_para_n=    1.009336868616950     
 dxdt=  -0.4661609945865295        -4199.766424186687      
    6246.998245680718     
 dudt=   -40963.05321733781     
 ---------------------
 rk4
 istep=     23000001
 grad_b=   0.4704354119648924        8.5981360617953306E-002 
   0.1719870911355748     
 bsub=  -3.4876405097573442E-002   7.2071294975415659E-002 
    1.234625089100448     
 bsup=    0.000000000000000       -0.4857682469955659      
    1.133774986803815     
 b_abs=    1.168888937849940     
 g=  -8.0470513895777741E-003
 j=    0.000000000000000         658.7156469204147      
    166.0626684052859     
 v_perp_2=    1194081.883574990     
 b_n=   6.2325284222730323E-004  -0.4896689319684525      
    1.134020311540881     
 b_para_n=    1.168888954822868     
 dxdt=    3.770576106546733        -2926.899820227526      
    6777.741033889165     
 dudt=   -66956.54595541961     
 ---------------------
 rk4
 istep=     24000001
 grad_b=   0.4739161964523269       -5.1785075755570523E-002 
   0.1604929563373987     
 bsub=   5.9452932830779855E-003   3.8940184897828065E-002 
    1.135397516704486     
 bsup=    0.000000000000000        0.7583629410245558      
    1.030096444104707     
 b_abs=    1.095306464358264     
 g=  -1.1486750599208957E-002
 j=    0.000000000000000         1450.534466550475      
   -81.44850976924053     
 v_perp_2=    1118906.948517233     
 b_n=  -3.4523974625887539E-004   0.7555121950908859      
    1.030196019894971     
 b_para_n=    1.095306461600763     
 dxdt=   -2.228937697758100         4822.336668430386      
    6575.899281737312     
 dudt=   -58781.21392983446     
 ---------------------
 rk4
 istep=     25000001
 grad_b=   4.6198374776415141E-002  -2.1147152978706139E-002 
  -8.9668999510639932E-002
 bsub=   3.6169413357427016E-002   9.4346206561842713E-003 
   0.9716448926231676     
 bsup=    0.000000000000000        0.1213515958930651      
    1.095472750361313     
 b_abs=    1.032140989760649     
 g=  -1.2976959571673463E-002
 j=    0.000000000000000         416.5618186242795      
   -42.19586689033584     
 v_perp_2=    1054373.813152453     
 b_n=  -1.0430432530907084E-004   0.1210968130365964      
    1.095479103611021     
 b_para_n=    1.032140986560284     
 dxdt=  -0.7146163861081613         820.8065068683514      
    7425.437467755317     
 dudt=    49880.64989834015     
 ---------------------
 rk4
 istep=     26000001
 grad_b=  -0.4944246370385939        2.3427696748960378E-002 
   3.1192620908172250E-002
 bsub=  -2.4801747304033089E-002  -7.2254182062813754E-002 
   0.8605292915469503     
 bsup=    0.000000000000000       -0.2803519181027763      
    1.110406459717183     
 b_abs=   0.9879256167688467     
 g=  -1.1951386365575554E-002
 j=    0.000000000000000         128.0731289295006      
    1.107507631597130     
 v_perp_2=    1009199.223112011     
 b_n=   1.4070404938237253E-004  -0.2776858931493164      
    1.110634366410697     
 b_para_n=   0.9879256159862576     
 dxdt=    1.007140169764716        -1967.179055777556      
    7868.737333399228     
 dudt=   -14511.65686221204     
 ---------------------
 rk4
 istep=     27000001
 grad_b=  -0.6127533025125216        2.5464862364684322E-003 
  -8.7098321917067484E-003
 bsub=  -2.8198816147272363E-002  -3.0423391614064349E-002 
   0.9916093657614543     
 bsup=    0.000000000000000       -0.3401822965860291      
   0.9626045052126995     
 b_abs=   0.9820043344306471     
 g=  -1.8181641703158249E-002
 j=    0.000000000000000        -273.7406329650764      
   -30.98014397471775     
 v_perp_2=    1003144.430904962     
 b_n=   9.4396388065160554E-006  -0.3376435577617910      
   0.9626826621326037     
 b_para_n=   0.9820043322938756     
 dxdt=   6.7975009133568159E-002   -2406.554710076624      
    6862.055277952289     
 dudt=    4811.350586339074     
 ---------------------
 rk4
 istep=     28000001
 grad_b=   0.7525890070081132       -2.5393053181360831E-002 
  -0.1610076423118227     
 bsub=  -2.5530475473804843E-002   0.1077743052722305      
    1.507136189972234     
 bsup=    0.000000000000000       -0.4596614023603699      
    1.098701996644263     
 b_abs=    1.267566122378361     
 g=  -8.4936223196087953E-003
 j=    0.000000000000000         595.8004349234202      
   -52.34501261198479     
 v_perp_2=    1294845.777666181     
 b_n=  -1.1191186383091678E-004  -0.4657075700942961      
    1.099132457611110     
 b_para_n=    1.267566121540153     
 dxdt=  -0.6243496898178269        -2564.514026465994      
    6051.584920233002     
 dudt=    66577.87582207371     
 ---------------------
 rk4
 istep=     29000001
 grad_b=   -1.247388736357100       -3.4099908589672795E-002 
  -0.1776753781097226     
 bsub=   2.4955184337391290E-002  -8.5124655078713418E-002 
    1.213665308680175     
 bsup=    0.000000000000000       -0.8362356257232654      
   0.8738867468048901     
 b_abs=    1.063868884656512     
 g=  -1.8908342730280532E-002
 j=    0.000000000000000         22.16981308117624      
   -300.3938971087576     
 v_perp_2=    1086757.122593109     
 b_n=  -1.9320065262263083E-004  -0.8310749441418660      
   0.8742526556952320     
 b_para_n=    1.063868854886732     
 dxdt=   -1.284197231154379        -5463.052352950578      
    5747.303254375146     
 dudt=    60853.40362691028     
 ---------------------
 Elapsed time (seconds):     153.4415960000000     

real	2m33.452s
user	2m33.240s
sys	0m0.012s
>>> [PID 3868146] DONE  u=7000, v_perp=1000, out=bounce/dat246.dat
