>>> [PID 3873572] START u=5500, v_perp=3000, out=bounce/dat285.dat, dt=5.00E-09, steps=30000000
 outer boundary:   8.3000000000000462E-002
 rk4
 istep=            1
 grad_b=  -0.5028812312787889        4.9308146438798092E-003 
  -7.9809161739809176E-003
 bsub=   8.6926914710741404E-003   4.2252166858015049E-002 
    1.020727745445034     
 bsup=    0.000000000000000        0.5002927406186500      
   0.9181487680450352     
 b_abs=   0.9787595604294745     
 g=  -1.6418833630267114E-002
 j=    0.000000000000000         576.0999198685108      
    59.07906740190582     
 v_perp_2=    8999998.743921461     
 b_n=   1.9645255972262994E-005   0.5021702895769147      
   0.9180708873081982     
 b_para_n=   0.9787595668182678     
 dxdt=   0.1268159262141730         2823.443964452201      
    5158.903608237990     
 dudt=    22833.35871207200     
 ---------------------
 rk4
 istep=      1000001
 grad_b=  -0.6858035920750771        6.4738089211846504E-003 
  -1.7685378316195668E-002
 bsub=  -2.5474775858483061E-002  -4.0582601326867210E-002 
   0.9978157547513946     
 bsup=    0.000000000000000       -0.3975420602680347      
   0.9537270339517717     
 b_abs=   0.9835268823472089     
 g=  -1.8423784511866777E-002
 j=    0.000000000000000        -732.0694390708746      
   -26.09925308391699     
 v_perp_2=    9043801.421773974     
 b_n=   1.8524757726797954E-005  -0.3953329442999129      
   0.9538173550913529     
 b_para_n=   0.9835268826211120     
 dxdt=   0.1190143450702741        -2207.299922357804      
    5330.073263272205     
 dudt=    90878.09880872368     
 ---------------------
 rk4
 istep=      2000001
 grad_b=  -0.8981989145931232        0.1433032429053454      
  -0.1405697850842442     
 bsub=   2.2793364521247618E-002  -0.1871577892752905      
    1.437452185808850     
 bsup=    0.000000000000000        -1.026322216614910      
   0.8799310916731270     
 b_abs=    1.206978182087252     
 g=  -1.8809271325667398E-002
 j=    0.000000000000000         350.0163123188479      
   -72.75222901896376     
 v_perp_2=    11098457.07862946     
 b_n=   3.6398483263717360E-004   -1.023713259633498      
   0.8802650021553864     
 b_para_n=    1.206978173943445     
 dxdt=    1.915459457188476        -4497.920599504247      
    3869.880843237870     
 dudt=    1031410.840372405     
 ---------------------
 rk4
 istep=      3000001
 grad_b=  -0.9835148404330729       -0.1325900864782428      
   0.1273236243272782     
 bsub=  -9.4136181581602092E-003  -0.1253381071423380      
    1.298323521565282     
 bsup=    0.000000000000000       -0.7963658290105390      
   0.8717161871406909     
 b_abs=    1.109617793838152     
 g=  -2.0197447334485797E-002
 j=    0.000000000000000        -875.8673427823235      
    328.0206465324583     
 v_perp_2=    10203167.73333749     
 b_n=  -3.5411596430751319E-004  -0.7934734839585815      
   0.8719928683676149     
 b_para_n=    1.109617824662593     
 dxdt=   -2.022054937026366        -3851.503070211330      
    4235.582025864041     
 dudt=   -897377.2241173111     
 ---------------------
 rk4
 istep=      4000001
 grad_b=  -0.3169324351901978       -7.7138781424597916E-002 
   8.1176809518329868E-002
 bsub=   9.2915549404105208E-003   2.8198613351168099E-002 
    1.086895717696709     
 bsup=    0.000000000000000        0.2466247607944227      
   0.9179010742851484     
 b_abs=    1.002415796930076     
 g=  -1.8052013190892269E-002
 j=    0.000000000000000        -57.89188173412809      
   -94.57201995237705     
 v_perp_2=    9217389.574373877     
 b_n=  -2.7222651356750366E-004   0.2477158853164856      
   0.9178750862391823     
 b_para_n=    1.002415789443200     
 dxdt=   -1.716643607524002         1355.176795456452      
    5017.996315318062     
 dudt=   -254495.5234829574     
 ---------------------
 rk4
 istep=      5000001
 grad_b=  -0.4192373022152376       -6.4215276156836185E-003 
   2.3528306373787861E-002
 bsub=  -3.3409076165626606E-002  -2.8147573163125210E-002 
   0.9508941514496438     
 bsup=    0.000000000000000       -0.2354423778139639      
    1.014468455798368     
 b_abs=   0.9856175007770192     
 g=  -1.6453516208932227E-002
 j=    0.000000000000000         807.8167604790336      
   -130.1873128408805     
 v_perp_2=    9062891.623693695     
 b_n=  -1.9576905211516513E-005  -0.2340115594196073      
    1.014510110572026     
 b_para_n=   0.9856174898818495     
 dxdt=  -0.1255123526175208        -1303.289484538810      
    5655.375061387716     
 dudt=   -118391.8952876932     
 ---------------------
 rk4
 istep=      6000001
 grad_b=   -1.143878724579680        0.1041320459197577      
  -0.1431513169013005     
 bsub=   2.0300466345307744E-002  -0.1248226729066655      
    1.317902699380012     
 bsup=    0.000000000000000       -0.8309093951457156      
   0.8678495911278217     
 b_abs=    1.116931312670838     
 g=  -2.0396954250460828E-002
 j=    0.000000000000000        -41.57830188782904      
    317.3379443768931     
 v_perp_2=    10270300.77440139     
 b_n=   2.6418657328430622E-004  -0.8275793502232373      
   0.8681609409912660     
 b_para_n=    1.116931336690222     
 dxdt=    1.498929088227555        -3985.844351970753      
    4184.545556767468     
 dudt=    867533.9691282087     
 ---------------------
 rk4
 istep=      7000001
 grad_b=  -0.6743358552569390       -0.1686453208575774      
   0.1230488256341220     
 bsub=  -4.7354757680843984E-003  -0.1956080773439267      
    1.424488915783464     
 bsup=    0.000000000000000        -1.018738492337961      
   0.8824225893633383     
 b_abs=    1.206607496889510     
 g=  -1.8486413485123931E-002
 j=    0.000000000000000         225.7653886097512      
   -55.49871189717986     
 v_perp_2=    11094842.38722624     
 b_n=  -4.4583499939222212E-004   -1.016758491552328      
   0.8826929921570457     
 b_para_n=    1.206607490985728     
 dxdt=   -2.346885641342237        -4469.553167450871      
    3881.940329253601     
 dudt=   -1068351.224837620     
 ---------------------
 rk4
 istep=      8000001
 grad_b=   0.2500070528938340       -0.1519448579891827      
   0.1558156815142822     
 bsub=   2.6068150046032405E-002  -1.7192294784960968E-002 
    1.259361562024482     
 bsup=    0.000000000000000       -7.8499276824243180E-002 
   0.9434886527174851     
 b_abs=    1.090587230694072     
 g=  -1.7354546000091158E-002
 j=    0.000000000000000        -218.1485166866252      
    30.70028122044917     
 v_perp_2=    10027993.06389889     
 b_n=  -5.1692911885226024E-004  -7.9350783549007209E-002 
   0.9434877306589968     
 b_para_n=    1.090587233228277     
 dxdt=   -3.001915060655011        -394.0440005780321      
    4676.606126343704     
 dudt=   -670022.0310924381     
 ---------------------
 rk4
 istep=      9000001
 grad_b=  -0.1681873776711919        7.9819206534187392E-005 
   5.9593451893253477E-002
 bsub=  -3.6272479227593621E-002  -6.8063505145697402E-003 
   0.9515681820015260     
 bsup=    0.000000000000000       -2.1237259912764039E-002 
    1.061072220428839     
 b_abs=    1.004965014511588     
 g=  -1.4575537022356347E-002
 j=    0.000000000000000        -774.2476678859215      
    178.1318272240188     
 v_perp_2=    9240658.586112836     
 b_n=   1.8748012047000225E-006  -2.0622668428662925E-002 
    1.061076701088617     
 b_para_n=    1.004965026974238     
 dxdt=   1.1793000194709771E-002   -111.8986063535464      
    5783.947520429746     
 dudt=   -289269.1616188536     
 ---------------------
 rk4
 istep=     10000001
 grad_b=   -1.201975588741182        5.0044615331729277E-002 
  -0.1208131441549073     
 bsub=   7.6015176048123429E-003  -8.3926140373423108E-002 
    1.181042899560931     
 bsup=    0.000000000000000       -0.7244337023546866      
   0.8752600898146201     
 b_abs=    1.046175645700358     
 g=  -2.0030274417528367E-002
 j=    0.000000000000000        -661.3404565058474      
   -190.9002140329739     
 v_perp_2=    9619551.977766056     
 b_n=   1.2719183301076987E-004  -0.7207486440854198      
   0.8755211254139665     
 b_para_n=    1.046175634587987     
 dxdt=   0.7692220017821566        -3747.034984550340      
    4555.668944585133     
 dudt=    624016.5811256923     
 ---------------------
 rk4
 istep=     11000001
 grad_b=  -0.4245156902533265       -5.7685560384695120E-002 
   3.3202512358478771E-002
 bsub=   2.3458323799708483E-002  -0.2433636785966327      
    1.509859365544983     
 bsup=    0.000000000000000        -1.257867523615605      
   0.9014701913938805     
 b_abs=    1.291264275533849     
 g=  -1.7277390769091169E-002
 j=    0.000000000000000        -189.7302349353414      
    18.22958241167429     
 v_perp_2=    11873091.14300761     
 b_n=  -1.5014111009455601E-004   -1.256648157109410      
   0.9016690678654303     
 b_para_n=    1.291264278574183     
 dxdt=  -0.7403069476811638        -5090.956379859111      
    3653.802010240565     
 dudt=   -364915.4439560231     
 ---------------------
 rk4
 istep=     12000001
 grad_b=   0.5929994130396701       -0.1232048109592718      
   0.1527109594721250     
 bsub=   6.4643995150496833E-002  -3.3706828039340705E-002 
    1.471003745276369     
 bsup=    0.000000000000000       -0.4649592958924836      
   0.9797231817457949     
 b_abs=    1.206971072808457     
 g=  -1.5234899185744144E-002
 j=    0.000000000000000        -632.5389842292295      
   -209.9143134709163     
 v_perp_2=    11097982.07327498     
 b_n=  -4.4039867061912663E-004  -0.4671162969367048      
   0.9796930981060566     
 b_para_n=    1.206971059044270     
 dxdt=   -2.317592150925750        -2055.313280402940      
    4306.707032055505     
 dudt=   -788094.8819555289     
 ---------------------
 rk4
 istep=     13000001
 grad_b=   0.1218156502538686        8.5981368456759869E-003 
   9.7540069455958806E-002
 bsub=  -3.1531733377042667E-002   2.1695032852580037E-002 
   0.9953209286688048     
 bsup=    0.000000000000000        0.1925455774251000      
    1.083769898181684     
 b_abs=    1.040812687201438     
 g=  -1.3132007640900896E-002
 j=    0.000000000000000         647.4057103931527      
   -217.6746115328742     
 v_perp_2=    9570136.561915351     
 b_n=   2.5808118038864925E-005   0.1920475449186706      
    1.083781557400228     
 b_para_n=    1.040812673806083     
 dxdt=   0.1568664524056571         1004.813605071799      
    5672.844613774307     
 dudt=   -474253.6826731780     
 ---------------------
 rk4
 istep=     14000001
 grad_b=   -1.021627398631453        7.6178870622878175E-003 
  -6.7872089865842172E-002
 bsub=  -6.3171611163333700E-003  -7.1916148999845636E-002 
    1.060353039618461     
 bsup=    0.000000000000000       -0.5837155481718190      
   0.9089555440775905     
 b_abs=    1.002828715515717     
 g=  -1.8815374950811703E-002
 j=    0.000000000000000         1176.135814043556      
   -860.8759673664590     
 v_perp_2=    9220841.666832058     
 b_n=   9.6846326275577639E-006  -0.5804321190288074      
   0.9091782256734515     
 b_para_n=    1.002828644066002     
 dxdt=   6.1046047760449008E-002   -3168.975951017016      
    4968.327446379170     
 dudt=    303213.1658982104     
 ---------------------
 rk4
 istep=     15000001
 grad_b=  -0.9473266089222462        8.6342934684329825E-002 
  -0.1374177431918477     
 bsub=   5.1843793319284431E-002  -0.1989741823650011      
    1.507012483344875     
 bsup=    0.000000000000000        -1.184425327466508      
   0.8937358915141391     
 b_abs=    1.257955794107630     
 g=  -1.9395774272124654E-002
 j=    0.000000000000000        -291.0610600171167      
   -62.85428330701789     
 v_perp_2=    11566650.94678202     
 b_n=   1.8431685219064394E-004   -1.181877857678495      
   0.8940658974131805     
 b_para_n=    1.257955792498713     
 dxdt=   0.9319727026816579        -4941.069077372689      
    3739.787731347435     
 dudt=    822600.7981207075     
 ---------------------
 rk4
 istep=     16000001
 grad_b=   0.6598948245216099       -6.1426665302412413E-002 
   0.1459109002031438     
 bsub=   9.1704747649333659E-002   2.1686515005347028E-002 
    1.681574053073768     
 bsup=    0.000000000000000       -0.8752862232461947      
    1.018118451826869     
 b_abs=    1.301149158984335     
 g=  -1.3018450959663138E-002
 j=    0.000000000000000         188.6638484175303      
    254.3948304686839     
 v_perp_2=    11963762.89515457     
 b_n=  -2.6395639484228759E-004  -0.8780043842184346      
    1.018167915177322     
 b_para_n=    1.301149176502242     
 dxdt=   -1.291996297999372        -3527.248601497163      
    4087.603519823704     
 dudt=   -714861.8911106793     
 ---------------------
 rk4
 istep=     17000001
 grad_b=   0.4229218453227195        1.4728456876032796E-002 
   0.1300529163627856     
 bsub=  -1.8748830588182323E-002   4.7971574229308575E-002 
    1.077190628346853     
 bsup=    0.000000000000000        0.2944301592163206      
    1.093199428662252     
 b_abs=    1.091290320772478     
 g=  -1.1462708851138542E-002
 j=    0.000000000000000        -668.6551770412120      
   -74.30018820184551     
 v_perp_2=    10034122.87625189     
 b_n=   3.9875578590953930E-005   0.2925329337387020      
    1.093284606912795     
 b_para_n=    1.091290314083083     
 dxdt=   0.2314201663877481         1447.304768227307      
    5415.121535185865     
 dudt=   -617213.5580073666     
 ---------------------
 rk4
 istep=     18000001
 grad_b=  -0.7684503473904583       -3.5511282460586185E-003 
  -2.0612923641936252E-002
 bsub=  -1.7688403617623964E-002  -7.0108843287768202E-002 
   0.9670868623236415     
 bsup=    0.000000000000000       -0.4422960331140643      
   0.9709470155950078     
 b_abs=   0.9851184215644778     
 g=  -1.7181004030797347E-002
 j=    0.000000000000000         231.1623725384303      
   -71.32042848185790     
 v_perp_2=    9057864.549915694     
 b_n=  -1.6822251863874353E-005  -0.4397326406574601      
   0.9711325342720359     
 b_para_n=   0.9851184152241489     
 dxdt=  -0.1079050770749760        -2450.570803440922      
    5416.882647285723     
 dudt=    86071.68786720693     
 ---------------------
 rk4
 istep=     19000001
 grad_b=   -1.223593439523248       -3.6822049960348307E-003 
  -0.2256098778247328     
 bsub=   5.3177222946356642E-002  -0.1149233894030663      
    1.441839715678766     
 bsup=    0.000000000000000        -1.031072026121249      
   0.8815413555087823     
 b_abs=    1.178613936491155     
 g=  -2.0684440864715426E-002
 j=    0.000000000000000        -161.2520778234857      
   -474.8773146292833     
 v_perp_2=    10836957.50375410     
 b_n=  -6.0623037622298687E-005   -1.027671408294636      
   0.8818146138188897     
 b_para_n=    1.178613902886144     
 dxdt=  -0.3264593039360288        -4644.804455541993      
    3988.322508679330     
 dudt=    760967.3472835877     
 ---------------------
 rk4
 istep=     20000001
 grad_b=   0.4790384217153274       -3.5874322761934987E-002 
   9.7436252444749655E-002
 bsub=   8.9051001763628526E-002   0.1012705415091797      
    1.871033017694058     
 bsup=    0.000000000000000       -0.9918212475269388      
    1.051247185169409     
 b_abs=    1.366388992321584     
 g=  -1.1595542714663678E-002
 j=    0.000000000000000         2346.541909607135      
   -352.3359490686776     
 v_perp_2=    12563442.54046346     
 b_n=  -1.9219151230811970E-004  -0.9940369277440538      
    1.051376245974543     
 b_para_n=    1.366388976985976     
 dxdt=  -0.8976554928236182        -3760.124811958585      
    3975.050388317391     
 dudt=   -464345.5234189001     
 ---------------------
 rk4
 istep=     21000001
 grad_b=   0.6826373517464980        1.7635381871951801E-002 
   0.1517524991571420     
 bsub=  -2.1950271729755735E-003   6.5739078170150803E-002 
    1.188769974779253     
 bsup=    0.000000000000000        0.2204419369838123      
    1.104204534161672     
 b_abs=    1.152229153561437     
 g=  -9.6194719815553831E-003
 j=    0.000000000000000         281.8635797454987      
   -195.1028517734536     
 v_perp_2=    10594281.99976916     
 b_n=   4.8184274268288559E-005   0.2168820425584511      
    1.104401474625169     
 b_para_n=    1.152229142249561     
 dxdt=   0.2652387273002017         1004.547892384844      
    5131.071737301038     
 dudt=   -684082.3049252462     
 ---------------------
 rk4
 istep=     22000001
 grad_b=  -0.5287323965756540        6.2405096358909284E-003 
   1.8620327095710862E-002
 bsub=  -2.7081992757924771E-002  -6.2444428873426834E-002 
   0.9084996289333435     
 bsup=    0.000000000000000       -0.3393343702663201      
    1.045154999489443     
 b_abs=   0.9849043673597434     
 g=  -1.4863925077321958E-002
 j=    0.000000000000000         188.1085483963209      
    20.36342451753566     
 v_perp_2=    9055762.892808570     
 b_n=   2.7239535540783548E-005  -0.3374212403641118      
    1.045287308294581     
 b_para_n=   0.9849043678627000     
 dxdt=   0.1747631209935386        -1880.922816254637      
    5831.924428522112     
 dudt=   -80954.99790479592     
 ---------------------
 rk4
 istep=     23000001
 grad_b=  -0.9279972411201429       -0.1232161286207436      
  -0.2752890203222564     
 bsub=   4.6915912205543989E-002  -6.2023879424139575E-002 
    1.363647764034070     
 bsup=    0.000000000000000        -1.059015075596949      
   0.9014961508799878     
 b_abs=    1.137914006743108     
 g=  -1.7122338775693469E-002
 j=    0.000000000000000        -61.57691490218178      
    633.9887243818303     
 v_perp_2=    10462581.28317848     
 b_n=  -4.6861618008084264E-004   -1.055843982845632      
   0.9016565463004913     
 b_para_n=    1.137914054045907     
 dxdt=   -2.611105692379073        -4975.704230112859      
    4251.547903154711     
 dudt=    475454.9399096715     
 ---------------------
 rk4
 istep=     24000001
 grad_b=   0.3804917058402787       -4.2710508159739258E-002 
   2.3677352855667841E-002
 bsub=   6.4260990100183824E-002   0.1575371548482331      
    2.000964663255298     
 bsup=    0.000000000000000        -1.053755560434338      
    1.069487532297066     
 b_abs=    1.404950472577783     
 g=  -1.0277056010900671E-002
 j=    0.000000000000000        -91.57743777422201      
   -64.36186022793488     
 v_perp_2=    12917810.90999812     
 b_n=  -2.3603500497874872E-004   -1.055766346751432      
    1.069653419545389     
 b_para_n=    1.404950467683274     
 dxdt=   -1.073563542810839        -3857.919158126240      
    3906.987968323476     
 dudt=   -230129.0113241313     
 ---------------------
 rk4
 istep=     25000001
 grad_b=   0.7836315478997207        2.4860548911150027E-002 
   0.1604278266108918     
 bsub=   1.0767954492718005E-002   8.5261600887691150E-002 
    1.334496270581840     
 bsup=    0.000000000000000       -0.1251194244300455      
    1.112658423570826     
 b_abs=    1.213727322798911     
 g=  -8.4977790329377936E-003
 j=    0.000000000000000        -469.7984519369021      
    414.1449189759866     
 v_perp_2=    11159567.40655746     
 b_n=   8.6360964259985938E-005  -0.1297436791189119      
    1.112953194611641     
 b_para_n=    1.213727347044794     
 dxdt=   0.4520253706479082        -570.5689015776892      
    4860.241197871650     
 dudt=   -664325.0421566785     
 ---------------------
 rk4
 istep=     26000001
 grad_b=  -0.3187644946294834        2.6288206532740600E-002 
   4.7163984453376884E-002
 bsub=  -3.5535478737501208E-002  -4.3462734610758905E-002 
   0.8955195064108979     
 bsup=    0.000000000000000       -0.1492970877200210      
    1.104839138931432     
 b_abs=   0.9982799247165171     
 g=  -1.2773166468429506E-002
 j=    0.000000000000000         153.5386791900445      
   -186.4835274909113     
 v_perp_2=    9178609.966229614     
 b_n=   1.1533610540786730E-004  -0.1480181148550542      
    1.104905774710574     
 b_para_n=   0.9982799121530275     
 dxdt=   0.7302530661609172        -812.0190542283250      
    6069.510416299283     
 dudt=   -221892.8418461490     
 ---------------------
 rk4
 istep=     27000001
 grad_b=  -0.3982365332405415       -0.1700091975325619      
  -0.2713291369034251     
 bsub=   5.4590368833660002E-002  -2.2584746024104561E-002 
    1.321332244032972     
 bsup=    0.000000000000000       -0.9710256269954435      
   0.9711983369082080     
 b_abs=    1.142099788149887     
 g=  -1.2560280930046970E-002
 j=    0.000000000000000         685.6021435004134      
   -746.8357758485199     
 v_perp_2=    10500913.70126274     
 b_n=  -7.9008499469632296E-004  -0.9692747146494738      
   0.9712608594734814     
 b_para_n=    1.142099733986109     
 dxdt=   -4.386629725700187        -4548.954358990595      
    4559.833553011540     
 dudt=    396207.1538244807     
 ---------------------
 rk4
 istep=     28000001
 grad_b=   0.4036328758391745       -4.5663993282072678E-002 
  -6.7067282735706168E-002
 bsub=   3.6733600534624967E-002   0.1722600964945402      
    2.098535957056219     
 bsup=    0.000000000000000        -1.388076520589574      
    1.075704935722223     
 b_abs=    1.421235394166232     
 g=  -8.4051871901041839E-003
 j=    0.000000000000000        -613.6202072490823      
    181.7031533759974     
 v_perp_2=    13067349.74378397     
 b_n=  -2.6571744295797228E-004   -1.390755027530997      
    1.075929460665849     
 b_para_n=    1.421235403344767     
 dxdt=   -1.195395922132502        -5009.565901105752      
    3873.889231145698     
 dudt=    28333.77001384031     
 ---------------------
 rk4
 istep=     29000001
 grad_b=   0.7426318036035174        3.5790487289029380E-002 
   0.1595904874337314     
 bsub=   1.5696666447339660E-002   0.1140941011532699      
    1.503631314756292     
 bsup=    0.000000000000000       -0.4877195837244536      
    1.108437989632800     
 b_abs=    1.269481807285490     
 g=  -8.2302234983850451E-003
 j=    0.000000000000000         495.7500360408356      
   -228.0219363277232     
 v_perp_2=    11672026.60743266     
 b_n=   1.4748668950214324E-004  -0.4923343530218099      
    1.108786603904656     
 b_para_n=    1.269481795020873     
 dxdt=   0.7392192612858633        -2040.682464188066      
    4587.029814671649     
 dudt=   -577378.5741649808     
 ---------------------
 Elapsed time (seconds):     153.4164590000000     

real	2m33.427s
user	2m33.182s
sys	0m0.013s
>>> [PID 3873572] DONE  u=5500, v_perp=3000, out=bounce/dat285.dat
