>>> [PID 3863864] START u=4500, v_perp=0, out=bounce/dat220.dat, dt=5.00E-09, steps=30000000
 outer boundary:   8.3000000000000462E-002
 rk4
 istep=            1
 grad_b=  -0.5028814984111400        4.9310686138262921E-003 
  -7.9814548491991960E-003
 bsub=   8.6926216815620648E-003   4.2252206145877574E-002 
    1.020727592283459     
 bsup=    0.000000000000000        0.5002977229562040      
   0.9181487214362928     
 b_abs=   0.9787595852618816     
 g=  -1.6418808395448920E-002
 j=    0.000000000000000         576.0999148337264      
    59.08281093513602     
 v_perp_2=    0.000000000000000     
 b_n=   1.6074257508387920E-005   0.5018339022009619      
   0.9180850006417738     
 b_para_n=   0.9787595904893125     
 dxdt=   7.3903908059366780E-002    2307.259700796758      
    4221.039101974546     
 dudt=    0.000000000000000     
 ---------------------
 rk4
 istep=      1000001
 grad_b=  -0.9340187496988189        1.3365217362457577E-002 
   5.1473463103928432E-002
 bsub=   5.0309270178894236E-003  -8.3307578569109961E-002 
    1.002744028294884     
 bsup=    0.000000000000000       -0.5142081860133795      
   0.9373977048946865     
 b_abs=   0.9915491374094444     
 g=  -1.7384563452187585E-002
 j=    0.000000000000000         1117.401358317996      
   -78.17249007099042     
 v_perp_2=    0.000000000000000     
 b_n=   4.8724234005958358E-005  -0.5116277468610324      
   0.9376118321022316     
 b_para_n=   0.9915491270915490     
 dxdt=   0.2211277757562572        -2321.947342768497      
    4255.213513057212     
 dudt=   -0.000000000000000     
 ---------------------
 rk4
 istep=      2000001
 grad_b=   0.5737041329365697        5.4141380293028465E-002 
   0.1750439396309865     
 bsub=   2.5690797948468590E-002   0.1817062302936995      
    1.969605928523388     
 bsup=    0.000000000000000        -1.023170207270561      
    1.077698621174898     
 b_abs=    1.391577775758111     
 g=  -8.3221273926946948E-003
 j=    0.000000000000000         305.2468349297266      
   -7.825392089411949     
 v_perp_2=    0.000000000000000     
 b_n=   2.1859432594447756E-004   -1.026457916289343      
    1.077999078765718     
 b_para_n=    1.391577776981688     
 dxdt=   0.7068771023950413        -3319.297490737973      
    3485.968182797133     
 dudt=   -0.000000000000000     
 ---------------------
 rk4
 istep=      3000001
 grad_b=  -0.8088986619328039        0.1369950912803689      
  -0.1294149690664332     
 bsub=   2.5180693128899766E-002  -0.2096787888667953      
    1.471336961310082     
 bsup=    0.000000000000000        -1.115605412619789      
   0.8855889150169940     
 b_abs=    1.239683260957219     
 g=  -1.8259509330051400E-002
 j=    0.000000000000000         51.33066318965214      
   -274.4575665524818     
 v_perp_2=    0.000000000000000     
 b_n=   2.9263107999420468E-004   -1.113614214894104      
   0.8858676570731310     
 b_para_n=    1.239683244998123     
 dxdt=    1.062238975389165        -4042.374523688149      
    3215.663737421187     
 dudt=    0.000000000000000     
 ---------------------
 rk4
 istep=      4000001
 grad_b=   0.6963194354328330        6.0244840014999912E-002 
  -0.1541050082706330     
 bsub=  -8.3328068353375556E-002   2.2685005346091955E-002 
    1.625669954827462     
 bsup=    0.000000000000000       -0.7267207924867064      
    1.017067245191372     
 b_abs=    1.279308268403584     
 g=  -1.2920541617118260E-002
 j=    0.000000000000000        -211.7491808571801      
    542.4725806478838     
 v_perp_2=    0.000000000000000     
 b_n=   2.2581967400582141E-004  -0.7292123194862798      
    1.017113612523682     
 b_para_n=    1.279308300107034     
 dxdt=   0.7943265379746044        -2565.023174956119      
    3577.723411920044     
 dudt=    0.000000000000000     
 ---------------------
 rk4
 istep=      5000001
 grad_b=  -0.2670592326872802       -0.1161277983074834      
  -0.1441101764637629     
 bsub=   5.4663121862427388E-002  -1.4584699347131580E-002 
   0.9958614932268026     
 bsup=    0.000000000000000       -0.5784883300950980      
    1.116693638558418     
 b_abs=    1.058362712970103     
 g=  -9.0440767978425263E-003
 j=    0.000000000000000        -349.2014787533051      
   -38.56277115916853     
 v_perp_2=    0.000000000000000     
 b_n=  -5.4718335651507269E-004  -0.5772890599827347      
    1.116741235420958     
 b_para_n=    1.058362711210857     
 dxdt=   -2.326541816180125        -2454.546765872167      
    4748.216756091967     
 dudt=    0.000000000000000     
 ---------------------
 rk4
 istep=      6000001
 grad_b=   0.3503276863386106       -3.4656097287353860E-003 
   0.1279786812867213     
 bsub=  -1.6020067229336746E-002   4.4900183296420343E-002 
    1.065345663145171     
 bsup=    0.000000000000000        0.3893874398767989      
    1.070798756387418     
 b_abs=    1.075975224632890     
 g=  -1.2288009864981455E-002
 j=    0.000000000000000        -1012.100131530785      
   -90.55058474625685     
 v_perp_2=    0.000000000000000     
 b_n=  -3.1233337113118607E-005   0.3881455402340679      
    1.070850620642240     
 b_para_n=    1.075975217381341     
 dxdt=  -0.1306257009813831         1623.322640556940      
    4478.567642680400     
 dudt=   -0.000000000000000     
 ---------------------
 rk4
 istep=      7000001
 grad_b=  -0.9083088964970411       -8.9287703331848243E-003 
   4.7791765789426510E-002
 bsub=   1.3017325789692499E-002  -6.5984660416605723E-002 
    1.031215696795735     
 bsup=    0.000000000000000       -0.5289246318659163      
   0.9226539666001059     
 b_abs=   0.9932375253162758     
 g=  -1.8762118748563230E-002
 j=    0.000000000000000         940.8071624547242      
   -783.3882737171197     
 v_perp_2=    0.000000000000000     
 b_n=  -1.5397871691015165E-005  -0.5265406526630775      
   0.9228066550084845     
 b_para_n=   0.9932374731496875     
 dxdt=  -6.9762191301380477E-002   -2385.565386966385      
    4180.903419168873     
 dudt=   -0.000000000000000     
 ---------------------
 rk4
 istep=      8000001
 grad_b=   0.4155525401126285        7.3670530812916440E-002 
   0.2157383973997166     
 bsub=  -1.9133906979925348E-002   0.1649635909777100      
    1.943082148152941     
 bsup=    0.000000000000000        -1.380818124401313      
    1.075780913897947     
 b_abs=    1.364486720802601     
 g=  -7.3954535203402567E-003
 j=    0.000000000000000        -1486.833304886131      
    402.2404739092253     
 v_perp_2=    0.000000000000000     
 b_n=   3.6774933468454874E-004   -1.383593023917034      
    1.076020130301184     
 b_para_n=    1.364486737843733     
 dxdt=    1.212816482698561        -4563.011449613448      
    3548.653462185477     
 dudt=   -0.000000000000000     
 ---------------------
 rk4
 istep=      9000001
 grad_b=   -1.183755077866473        2.1464543996156406E-002 
  -0.2109858450953851     
 bsub=   5.6842511250929796E-002  -0.1344964490690763      
    1.473381877834692     
 bsup=    0.000000000000000        -1.073052699345162      
   0.8855713953663109     
 b_abs=    1.203720673526554     
 g=  -2.0722280352938518E-002
 j=    0.000000000000000        -396.5323158364205      
   -193.8693756754963     
 v_perp_2=    0.000000000000000     
 b_n=   5.0935348925923271E-006   -1.070336901783979      
   0.8858191004502670     
 b_para_n=    1.203720664041541     
 dxdt=   1.9041715990575088E-002   -4001.356960888465      
    3311.553976852421     
 dudt=    0.000000000000000     
 ---------------------
 rk4
 istep=     10000001
 grad_b=  -0.9231068891928752        0.1064612087217780      
  -9.7869492353145487E-002
 bsub=  -5.2503066337464838E-003  -7.6938993331196651E-002 
    1.177498196740921     
 bsup=    0.000000000000000       -0.6594007468413126      
   0.8820510958234868     
 b_abs=    1.043732777101144     
 g=  -2.0473437262277676E-002
 j=    0.000000000000000         760.3769654927513      
    295.1243991224732     
 v_perp_2=    0.000000000000000     
 b_n=   2.4870680424948457E-004  -0.6571053108793573      
   0.8822022049296249     
 b_para_n=    1.043732792795617     
 dxdt=    1.072286534300583        -2833.075591154815      
    3803.569217701775     
 dudt=    0.000000000000000     
 ---------------------
 rk4
 istep=     11000001
 grad_b=   0.5512348216627516       -4.4090636512838580E-002 
  -0.1494459569549926     
 bsub=   1.7495192013842358E-002   6.3863711643682444E-002 
    1.147744771733922     
 bsup=    0.000000000000000        2.6838108661235816E-002 
    1.122933419637835     
 b_abs=    1.136235425752368     
 g=  -9.5509182129315234E-003
 j=    0.000000000000000         774.5644209334685      
   -48.60470083767021     
 v_perp_2=    0.000000000000000     
 b_n=  -1.5676629702021617E-004   2.4412655133509278E-002 
    1.123070767936896     
 b_para_n=    1.136235425462802     
 dxdt=  -0.6208645856149355         96.68502287371095      
    4447.862073704971     
 dudt=    0.000000000000000     
 ---------------------
 rk4
 istep=     12000001
 grad_b=   0.3189525210773811        3.4169102378490981E-002 
   0.1221212004078941     
 bsub=  -2.7868278721684098E-002   4.1078608939448258E-002 
    1.048958985313913     
 bsup=    0.000000000000000        0.1575729365740703      
    1.111263942472711     
 b_abs=    1.082657489843932     
 g=  -1.1229341009962748E-002
 j=    0.000000000000000        -699.9843910663533      
    267.2883634864321     
 v_perp_2=    0.000000000000000     
 b_n=   1.1025072786915184E-004   0.1563641038428310      
    1.111314224147071     
 b_para_n=    1.082657502543298     
 dxdt=   0.4582504386158281         649.9178785902324      
    4619.109918800773     
 dudt=   -0.000000000000000     
 ---------------------
 rk4
 istep=     13000001
 grad_b=  -0.8627432966480432       -3.8663351865341249E-002 
   5.3283048821399170E-002
 bsub=   1.5649868043812451E-002  -5.0927620369591260E-002 
    1.067823387068910     
 bsup=    0.000000000000000       -0.5384604338119466      
   0.9080668067307391     
 b_abs=   0.9986797720488108     
 g=  -1.9639034991018135E-002
 j=    0.000000000000000        0.9259677172648821      
   -209.5618245033954     
 v_perp_2=    0.000000000000000     
 b_n=  -9.2706253368816965E-005  -0.5362442272522869      
   0.9081738503765412     
 b_para_n=   0.9986797587727448     
 dxdt=  -0.4177296440576078        -2416.289107131493      
    4092.184998038400     
 dudt=   -0.000000000000000     
 ---------------------
 rk4
 istep=     14000001
 grad_b=  -0.9138644544503858        0.1207564934313352      
   0.2870241789884590     
 bsub=  -5.3253011520135535E-002  -5.9614014660022953E-002 
    1.440425944581360     
 bsup=    0.000000000000000        -1.099877815389862      
   0.9074575977800038     
 b_abs=    1.171490466341010     
 g=  -1.7794253539322687E-002
 j=    0.000000000000000        -814.0420805969981      
    746.4915939254912     
 v_perp_2=    0.000000000000000     
 b_n=   3.6830021970219964E-004   -1.097369715046267      
   0.9075750545484375     
 b_para_n=    1.171490514783678     
 dxdt=    1.414737010453675        -4215.282714960827      
    3486.232021453554     
 dudt=   -0.000000000000000     
 ---------------------
 rk4
 istep=     15000001
 grad_b=   0.3982541902008562       -7.2189431089033584E-002 
  -0.2061871045533112     
 bsub=   3.2411324490709471E-002   0.1562104741973888      
    2.031706201965394     
 bsup=    0.000000000000000        -1.649283395366185      
    1.075838899197772     
 b_abs=    1.388066126739828     
 g=  -7.8228128417525827E-003
 j=    0.000000000000000        -2004.133586541941      
    441.3056509863057     
 v_perp_2=    0.000000000000000     
 b_n=  -3.5750005926848689E-004   -1.651831596373642      
    1.076040536426530     
 b_para_n=    1.388066144656886     
 dxdt=   -1.158986747786328        -5355.106608063550      
    3488.437804321143     
 dudt=    0.000000000000000     
 ---------------------
 rk4
 istep=     16000001
 grad_b=   -1.108532368343130        4.3531329041522987E-002 
  -9.6012738459798880E-002
 bsub=  -9.1901593133031194E-004  -7.4294907037848607E-002 
    1.130758359168329     
 bsup=    0.000000000000000       -0.6650693532895341      
   0.8835241393649187     
 b_abs=    1.023827289622937     
 g=  -1.9860259029958135E-002
 j=    0.000000000000000         724.1001786652880      
   -344.7877643862710     
 v_perp_2=    0.000000000000000     
 b_n=   9.5181197322744660E-005  -0.6622345313388128      
   0.8837104520891140     
 b_para_n=    1.023827264583527     
 dxdt=   0.4183473157716516        -2910.701340071156      
    3884.148402727541     
 dudt=    0.000000000000000     
 ---------------------
 rk4
 istep=     17000001
 grad_b=   0.6361725549698840       -5.1187321783482814E-003 
  -0.1493883403263468     
 bsub=   1.4140603750190800E-003   5.8375980599123564E-002 
    1.152698410383466     
 bsup=    0.000000000000000        0.4204905465976109      
    1.085871272486599     
 b_abs=    1.129759949458007     
 g=  -1.0451242743126473E-002
 j=    0.000000000000000         869.5049747731329      
   -443.4462642964965     
 v_perp_2=    0.000000000000000     
 b_n=   9.9533565554459734E-006   0.4179018764187441      
    1.086002337104779     
 b_para_n=    1.129759928118554     
 dxdt=   3.9645683463121306E-002    1664.564654028876      
    4325.707077529374     
 dudt=    0.000000000000000     
 ---------------------
 rk4
 istep=     18000001
 grad_b=  -8.5608414475928596E-002   8.8497198623184226E-002 
   0.1164188684432286     
 bsub=  -4.7413024585418607E-002   3.0755593830837716E-003 
   0.9677253332318457     
 bsup=    0.000000000000000       -0.2533397255773506      
    1.148138190599940     
 b_abs=    1.054375905883266     
 g=  -9.3122137006812558E-003
 j=    0.000000000000000         684.9914286604148      
   -192.2639974008018     
 v_perp_2=    0.000000000000000     
 b_n=   3.8781727806074261E-004  -0.2529880549003198      
    1.148156063114331     
 b_para_n=    1.054375896094400     
 dxdt=    1.655176069310573        -1079.734704926820      
    4900.246964249553     
 dudt=   -0.000000000000000     
 ---------------------
 rk4
 istep=     19000001
 grad_b=   0.5673205979507283       -0.1306666123905145      
   0.1581758437137297     
 bsub=   5.6061343211377145E-002  -3.1295797797791000E-002 
    1.427662268268943     
 bsup=    0.000000000000000       -0.3472589784609491      
   0.9752760862612688     
 b_abs=    1.184447103570957     
 g=  -1.5411766852186561E-002
 j=    0.000000000000000        -425.0974022968568      
   -128.8599596088146     
 v_perp_2=    0.000000000000000     
 b_n=  -3.9539862360155314E-004  -0.3490032072182762      
   0.9752533715216917     
 b_para_n=    1.184447096374292     
 dxdt=   -1.502214671852868        -1325.947302576654      
    3705.222618453510     
 dudt=   -0.000000000000000     
 ---------------------
 rk4
 istep=     20000001
 grad_b=   -1.119910536735484       -0.1135570787094446      
   0.1529576473491731     
 bsub=  -2.7907472984746658E-002  -0.1480653593226761      
    1.375077429705112     
 bsup=    0.000000000000000       -0.9086326734097616      
   0.8676741190081583     
 b_abs=    1.152349046306243     
 g=  -2.0339219510261151E-002
 j=    0.000000000000000         691.6821244605428      
    134.0480599806288     
 v_perp_2=    0.000000000000000     
 b_n=  -2.3269897994575907E-004  -0.9059558649383804      
   0.8679576323321412     
 b_para_n=    1.152349049955461     
 dxdt=  -0.9087050575486557        -3537.818157076871      
    3389.432521027893     
 dudt=   -0.000000000000000     
 ---------------------
 rk4
 istep=     21000001
 grad_b=   0.4482201772362729       -4.1519901035198016E-002 
  -0.1251886197612412     
 bsub=  -8.4295514311310358E-003   0.1896717536820159      
    2.110162134062171     
 bsup=    0.000000000000000        -1.368204137696470      
    1.075286046207746     
 b_abs=    1.417585969209076     
 g=  -7.2975336868904266E-003
 j=    0.000000000000000         670.6010956993407      
   -157.0074884135633     
 v_perp_2=    0.000000000000000     
 b_n=  -2.0503309981397471E-004   -1.371236997975567      
    1.075557831519059     
 b_para_n=    1.417585963200113     
 dxdt=  -0.6508592587077139        -4352.869350483956      
    3414.262251094627     
 dudt=    0.000000000000000     
 ---------------------
 rk4
 istep=     22000001
 grad_b=   -1.130541089514115        3.7574337196351025E-003 
  -9.5851689032474763E-002
 bsub=   2.3751484632845137E-003  -7.9078608810705678E-002 
    1.099047514478128     
 bsup=    0.000000000000000       -0.6556518120544516      
   0.8897223286550118     
 b_abs=    1.014495289148598     
 g=  -1.9035164312840237E-002
 j=    0.000000000000000         477.9118513104198      
   -660.7620676831336     
 v_perp_2=    0.000000000000000     
 b_n=  -8.2908493660012926E-006  -0.6526665701777271      
   0.8899371000019253     
 b_para_n=    1.014495245233592     
 dxdt=  -3.6775748651651188E-002   -2895.035318892514      
    3947.497012749981     
 dudt=    0.000000000000000     
 ---------------------
 rk4
 istep=     23000001
 grad_b=  -0.2553396981609246        7.6726224710740448E-002 
  -9.3171886426991077E-002
 bsub=  -6.2461734194933713E-003   3.0665711050461890E-002 
    1.085278493364239     
 bsup=    0.000000000000000        0.4003445868777734      
   0.9215573914270672     
 b_abs=    1.006411678046114     
 g=  -1.7063804449847324E-002
 j=    0.000000000000000         158.4118552280968      
   -302.0783933259425     
 v_perp_2=    0.000000000000000     
 b_n=   2.3459489045155258E-004   0.4011009976750420      
   0.9215373509119869     
 b_para_n=    1.006411659181630     
 dxdt=    1.048951487595461         1793.455464342890      
    4120.498844852446     
 dudt=    0.000000000000000     
 ---------------------
 rk4
 istep=     24000001
 grad_b=  -0.3787406593311166       -2.8502194261858408E-002 
  -4.3179044045338760E-002
 bsub=   3.2389735722841706E-002  -5.5203013053408648E-002 
   0.8789765001845706     
 bsup=    0.000000000000000       -0.1945229050784461      
    1.110832606926485     
 b_abs=   0.9939504668535349     
 g=  -1.2332967461760293E-002
 j=    0.000000000000000         344.4298887146507      
   -155.3606753152198     
 v_perp_2=    0.000000000000000     
 b_n=  -1.0600797766141224E-004  -0.1932420215002617      
    1.110916947001332     
 b_para_n=   0.9939504575377253     
 dxdt=  -0.4799393127280182        -874.8817309319184      
    5029.552754460352     
 dudt=    0.000000000000000     
 ---------------------
 rk4
 istep=     25000001
 grad_b=   0.7504230576940407        1.8922124039797282E-002 
   0.1601871654466151     
 bsub=   2.9770352377141630E-002   0.1009697183773844      
    1.489165776346889     
 bsup=    0.000000000000000       -0.3865691049074195      
    1.094002809668695     
 b_abs=    1.261105013055223     
 g=  -8.6286320952599482E-003
 j=    0.000000000000000         874.2029957727046      
   -90.41147484432784     
 v_perp_2=    0.000000000000000     
 b_n=   4.1180824826257719E-005  -0.3903863650394856      
    1.094260806154871     
 b_para_n=    1.261105011330378     
 dxdt=   0.1469455041834040        -1393.015353118333      
    3904.649956550611     
 dudt=   -0.000000000000000     
 ---------------------
 rk4
 istep=     26000001
 grad_b=  -0.8990218279246267       -0.1489477600726343      
   0.1384153166117690     
 bsub=  -1.8746025065036667E-002  -0.1768477080316565      
    1.407960741755005     
 bsup=    0.000000000000000       -0.9663486821831990      
   0.8751828597571586     
 b_abs=    1.184458507930631     
 g=  -1.9191525147229625E-002
 j=    0.000000000000000         354.7868537554033      
    42.88913768117445     
 v_perp_2=    0.000000000000000     
 b_n=  -3.2387754313273679E-004  -0.9641400020164281      
   0.8754559699935451     
 b_para_n=    1.184458507831241     
 dxdt=   -1.230476993884676        -3662.964958576737      
    3326.036192001628     
 dudt=   -0.000000000000000     
 ---------------------
 rk4
 istep=     27000001
 grad_b=   0.1048724642942820        8.5443889559105674E-002 
   5.1986203055160607E-002
 bsub=  -8.2482841455054523E-002   0.1128412066800336      
    1.945864949677445     
 bsup=    0.000000000000000        -1.077024245674730      
    1.053269467749857     
 b_abs=    1.388706343047245     
 g=  -1.1980896532612036E-002
 j=    0.000000000000000        -866.8436973070353      
   -478.7031923094424     
 v_perp_2=    0.000000000000000     
 b_n=   3.2680789289792154E-004   -1.077448808314878      
    1.053307918699848     
 b_para_n=    1.388706311472266     
 dxdt=    1.058996784195156        -3491.393102604029      
    3413.166336893958     
 dudt=    0.000000000000000     
 ---------------------
 rk4
 istep=     28000001
 grad_b=   3.3088605884129624E-002  -0.1672578924575970      
  -0.2468693539435382     
 bsub=   5.6647307669406725E-002   2.2749066595955870E-002 
    1.337515806886128     
 bsup=    0.000000000000000       -0.8048281949616057      
    1.038192277707210     
 b_abs=    1.170351980730550     
 g=  -1.0404555714491861E-002
 j=    0.000000000000000        -701.6021056179329      
    429.1414824036105     
 v_perp_2=    0.000000000000000     
 b_n=  -7.2043727634541138E-004  -0.8050206199223738      
    1.038226084056928     
 b_para_n=    1.170352004831696     
 dxdt=   -2.770079198540415        -3095.301904636490      
    3991.976225074302     
 dudt=    0.000000000000000     
 ---------------------
 rk4
 istep=     29000001
 grad_b=  -0.3563750926596203       -7.3645831648708124E-003 
   3.2673532391363835E-002
 bsub=  -3.4256241557456234E-002  -2.2656333032593061E-002 
   0.9485715892221180     
 bsup=    0.000000000000000       -0.1897960155437038      
    1.023905101291692     
 b_abs=   0.9879429360051033     
 g=  -1.6098835748004442E-002
 j=    0.000000000000000         697.6466073630222      
   -73.25212583674126     
 v_perp_2=    0.000000000000000     
 b_n=  -1.8712118370619885E-005  -0.1887865166703234      
    1.023928531709376     
 b_para_n=   0.9879429308354873     
 dxdt=  -8.5232182993180666E-002   -859.9072866466220      
    4663.911496178786     
 dudt=   -0.000000000000000     
 ---------------------
 Elapsed time (seconds):     154.2058930000000     

real	2m34.216s
user	2m33.948s
sys	0m0.020s
>>> [PID 3863864] DONE  u=4500, v_perp=0, out=bounce/dat220.dat
