>>> [PID 3864844] START u=7000, v_perp=0, out=bounce/dat225.dat, dt=5.00E-09, steps=30000000
 outer boundary:   8.3000000000000462E-002
 rk4
 istep=            1
 grad_b=  -0.5028808353515726        4.9304320964552173E-003 
  -7.9801065245294484E-003
 bsub=   8.6927959416814166E-003   4.2252108009544972E-002 
    1.020727975286363     
 bsup=    0.000000000000000        0.5002852738288227      
   0.9181488375479203     
 b_abs=   0.9787595231841628     
 g=  -1.6418871475956245E-002
 j=    0.000000000000000         576.0999123712051      
    59.07343105734321     
 v_perp_2=    0.000000000000000     
 b_n=   2.5001022620608969E-005   0.5026748749036245      
   0.9180497170613546     
 b_para_n=   0.9787595313148001     
 dxdt=   0.1788050616571467         3595.085423687832      
    6565.808877280364     
 dudt=    0.000000000000000     
 ---------------------
 rk4
 istep=      1000001
 grad_b=   0.1327171433714590       -4.3475200083412546E-002 
  -0.1036792835446319     
 bsub=   3.7277051120126706E-002   1.7178382186836375E-002 
   0.9876610478060017     
 bsup=    0.000000000000000        9.5968268718501393E-002 
    1.119230690472225     
 b_abs=    1.052559622279351     
 g=  -1.1604155640976664E-002
 j=    0.000000000000000         275.7221887075474      
    16.63219994322093     
 v_perp_2=    0.000000000000000     
 b_n=  -2.3444382715683381E-004   9.5199618450639914E-002 
    1.119252910031207     
 b_para_n=    1.052559624037263     
 dxdt=   -1.559158030215054         633.1207410354621      
    7443.540671042384     
 dudt=    0.000000000000000     
 ---------------------
 rk4
 istep=      2000001
 grad_b=  -0.4136977534294882        1.1029254064059985E-002 
   3.3240600047205221E-002
 bsub=  -3.2539092351190263E-002  -4.9465900057181891E-002 
   0.9070157855127723     
 bsup=    0.000000000000000       -0.2544156965047317      
    1.067054352177433     
 b_abs=   0.9901861044024387     
 g=  -1.4307124206307961E-002
 j=    0.000000000000000         657.7387164057943      
   -235.1642482949481     
 v_perp_2=    0.000000000000000     
 b_n=   6.0807788848090171E-005  -0.2524624080929748      
    1.067163034908472     
 b_para_n=   0.9901860813290481     
 dxdt=   0.4298732631802994        -1784.752270279140      
    7544.179205521380     
 dudt=   -0.000000000000000     
 ---------------------
 rk4
 istep=      3000001
 grad_b=  -0.4342540672819166        9.6044237045848135E-002 
  -7.7282242243105870E-002
 bsub=  -1.6764956654153673E-002   3.5185644776936781E-003 
    1.117099824558212     
 bsup=    0.000000000000000       -0.1436897814658075      
   0.9117910162840133     
 b_abs=    1.008860012387145     
 g=  -1.9784071320377350E-002
 j=    0.000000000000000         501.1505909071279      
    119.8221732581146     
 v_perp_2=    0.000000000000000     
 b_n=   3.9118263468757090E-004  -0.1419208033746333      
   0.9117913262535529     
 b_para_n=    1.008860024648982     
 dxdt=    2.714230295491924        -984.7209715422001      
    6326.486457817161     
 dudt=    0.000000000000000     
 ---------------------
 rk4
 istep=      4000001
 grad_b=   0.7103289500112140       -5.3459771283559041E-002 
  -0.1601338267998172     
 bsub=  -1.1879843851841689E-003   0.1156102240702475      
    1.486422234982826     
 bsup=    0.000000000000000       -0.5306803614080403      
    1.118015648611793     
 b_abs=    1.265108136821275     
 g=  -7.9529483662974451E-003
 j=    0.000000000000000         381.1903827519594      
   -215.9455582914787     
 v_perp_2=    0.000000000000000     
 b_n=  -3.5066271336219772E-004  -0.5367537695476692      
    1.118487729380277     
 b_para_n=    1.265108120899251     
 dxdt=   -1.940260245733467        -2969.925119256193      
    6188.731205121599     
 dudt=    0.000000000000000     
 ---------------------
 rk4
 istep=      5000001
 grad_b=   -1.244569524368543        4.4497360121793131E-002 
  -0.1320000681970437     
 bsub=   1.2306636960710082E-002  -8.7899923261638965E-002 
    1.200895593282967     
 bsup=    0.000000000000000       -0.7527587888840032      
   0.8719692611542413     
 b_abs=    1.055208815132256     
 g=  -2.0075773862757121E-002
 j=    0.000000000000000        -754.0797613188338      
   -318.7940595680890     
 v_perp_2=    0.000000000000000     
 b_n=   1.3704827367635417E-004  -0.7478678568816781      
   0.8723258269872782     
 b_para_n=    1.055208788969924     
 dxdt=   0.9091451149406816        -4961.174558906142      
    5786.798643775312     
 dudt=    0.000000000000000     
 ---------------------
 rk4
 istep=      6000001
 grad_b=  -9.3608826926405930E-002   0.1630719285568119      
  -7.7520249725932328E-002
 bsub=  -5.0803526038102606E-002  -0.2068149377571077      
    1.480856887735329     
 bsup=    0.000000000000000        -1.139329371944261      
   0.9137208888519496     
 b_abs=    1.260477566060488     
 g=  -1.8790580592017846E-002
 j=    0.000000000000000         385.7354388329318      
    4.926493283158052     
 v_perp_2=    0.000000000000000     
 b_n=   5.5302104744849609E-004   -1.138979656031936      
   0.9137886986470893     
 b_para_n=    1.260477561862368     
 dxdt=    3.071175123831489        -6325.267369649621      
    5074.680489416012     
 dudt=    0.000000000000000     
 ---------------------
 rk4
 istep=      7000001
 grad_b=   0.4060079709576325       -5.2986647750859178E-002 
  -0.1494068017437797     
 bsub=   1.3994345609406742E-002   0.1861426954657544      
    2.133023154386515     
 bsup=    0.000000000000000        -1.565101349196354      
    1.077936832221494     
 b_abs=    1.417294233187869     
 g=  -7.1812086445398353E-003
 j=    0.000000000000000        -569.7848280663015      
   -93.74515773546597     
 v_perp_2=    0.000000000000000     
 b_n=  -4.3258486517406457E-004   -1.569508499944262      
    1.078324260173224     
 b_para_n=    1.417294219168233     
 dxdt=   -2.136531720277212        -7751.784598442460      
    5325.831234704691     
 dudt=    0.000000000000000     
 ---------------------
 rk4
 istep=      8000001
 grad_b=  -0.4779179654995355       -6.8191251189726118E-002 
   5.0964718605429657E-002
 bsub=   4.5656546823925406E-003  -0.2413057407931761      
    1.511419793732436     
 bsup=    0.000000000000000        -1.247589072781210      
   0.8998205877152178     
 b_abs=    1.288851218438001     
 g=  -1.6785965403123580E-002
 j=    0.000000000000000         216.0642127002447      
   -42.71046716876771     
 v_perp_2=    0.000000000000000     
 b_n=  -2.3838178513446706E-004   -1.245691386439322      
   0.9001242774297098     
 b_para_n=    1.288851211973485     
 dxdt=   -1.294697541841314        -6765.590646978922      
    4888.748897834449     
 dudt=   -0.000000000000000     
 ---------------------
 rk4
 istep=      9000001
 grad_b=   -1.184531662210734        5.5887936269399030E-002 
   0.2469357003051347     
 bsub=  -4.8221136346890972E-002  -8.8036777030440730E-002 
    1.396199084184538     
 bsup=    0.000000000000000        -1.008953962716450      
   0.8827726239631949     
 b_abs=    1.149273940537349     
 g=  -1.9747329161794308E-002
 j=    0.000000000000000         396.8037785030502      
   -209.2092381419057     
 v_perp_2=    0.000000000000000     
 b_n=   2.8011696953881497E-004   -1.004343995932069      
   0.8830729593488919     
 b_para_n=    1.149273917752496     
 dxdt=    1.706137028330247        -6117.260526779415      
    5378.622641615948     
 dudt=   -0.000000000000000     
 ---------------------
 rk4
 istep=     10000001
 grad_b=   0.6992329582362511        4.3166401522089073E-002 
   0.1862532907070818     
 bsub=   3.8234748092652336E-002   0.1509419600398633      
    1.774226340679291     
 bsup=    0.000000000000000       -0.7892415101234296      
    1.080031850304084     
 b_abs=    1.340411154802977     
 g=  -8.9547922789832562E-003
 j=    0.000000000000000        -904.0858131663883      
    311.2976799669249     
 v_perp_2=    0.000000000000000     
 b_n=   2.2063150202440040E-004  -0.7948558467106533      
    1.080504750355967     
 b_para_n=    1.340411176102160     
 dxdt=    1.152199072721768        -4150.958322471130      
    5642.696351194341     
 dudt=   -0.000000000000000     
 ---------------------
 rk4
 istep=     11000001
 grad_b=  -0.9845583903541374       -4.7371177495321715E-002 
   7.3723460200680380E-002
 bsub=   9.2441818190542539E-003  -6.2053575567042579E-002 
    1.101754758018908     
 bsup=    0.000000000000000       -0.6047822316726449      
   0.8961118759051772     
 b_abs=    1.012397386658291     
 g=  -1.9749651192698496E-002
 j=    0.000000000000000         1226.343123651623      
   -219.3932172401594     
 v_perp_2=    0.000000000000000     
 b_n=  -1.7226280887304785E-004  -0.6008553799037455      
   0.8963344651257881     
 b_para_n=    1.012397358123235     
 dxdt=   -1.191073497412814        -4154.483045197992      
    6197.508523246035     
 dudt=   -0.000000000000000     
 ---------------------
 rk4
 istep=     12000001
 grad_b=  -0.8716539252669991        4.1861805237706759E-002 
   5.5344051166261315E-002
 bsub=  -1.1210981361726271E-002  -9.7676348670296148E-002 
   0.9425632655210192     
 bsup=    0.000000000000000       -0.4951913768580509      
   0.9927953840879709     
 b_abs=   0.9922241611149443     
 g=  -1.3997644306354175E-002
 j=    0.000000000000000         15.28297329221687      
    26.07227655267550     
 v_perp_2=    0.000000000000000     
 b_n=   2.3840216855668735E-004  -0.4908287652735678      
   0.9932503125250862     
 b_para_n=   0.9922241632724794     
 dxdt=    1.681893307650209        -3462.726956359611      
    7007.239336668194     
 dudt=   -0.000000000000000     
 ---------------------
 rk4
 istep=     13000001
 grad_b=   0.6010293098652797        1.5821998356400250E-002 
   0.1457775559177117     
 bsub=  -8.4666939312952744E-003   5.8578918619348143E-002 
    1.139138845870378     
 bsup=    0.000000000000000        0.2973029069489092      
    1.097687592489925     
 b_abs=    1.125887838960908     
 g=  -1.0376309057486500E-002
 j=    0.000000000000000         909.9061208032152      
   -362.8447834867133     
 v_perp_2=    0.000000000000000     
 b_n=   5.2802085868527946E-005   0.2934842787807067      
    1.097884327718073     
 b_para_n=    1.125887812824140     
 dxdt=   0.3282872386304337         1824.684420654472      
    6825.893491776262     
 dudt=   -0.000000000000000     
 ---------------------
 rk4
 istep=     14000001
 grad_b=  -5.5317673076063473E-002   1.3544220793431344E-002 
  -7.6846738837900649E-002
 bsub=   3.1632277433175725E-002   1.4179098644108358E-002 
   0.9822435419632523     
 bsup=    0.000000000000000        0.1195923113299603      
    1.047673290142289     
 b_abs=    1.015070600857515     
 g=  -1.4539411130739009E-002
 j=    0.000000000000000         61.41151042696731      
   -22.25907860587907     
 v_perp_2=    0.000000000000000     
 b_n=   7.0358529339811004E-005   0.1198460405206556      
    1.047667359683402     
 b_para_n=    1.015070598982573     
 dxdt=   0.4851974886006256         826.4669319409501      
    7224.789610825602     
 dudt=    0.000000000000000     
 ---------------------
 rk4
 istep=     15000001
 grad_b=  -0.2022603609918771       -8.2886228199246945E-002 
  -0.1030493304448393     
 bsub=   4.6652134374121301E-002  -1.3919635052234175E-002 
   0.9313053009056105     
 bsup=    0.000000000000000       -0.1996436447616956      
    1.151271830154131     
 b_abs=    1.037232741307375     
 g=  -9.4996980699749486E-003
 j=    0.000000000000000         627.0603310990309      
   -221.8018152746745     
 v_perp_2=    0.000000000000000     
 b_n=  -5.6338176008972494E-004  -0.1983283426854176      
    1.151319690276129     
 b_para_n=    1.037232722891892     
 dxdt=   -3.802109433679247        -1338.463748933056      
    7769.941744089091     
 dudt=    0.000000000000000     
 ---------------------
 rk4
 istep=     16000001
 grad_b=  -0.4603956367001587       -2.0582146282185129E-004 
   2.1973060192724131E-002
 bsub=  -3.2199970904306631E-002  -4.3026061493927417E-002 
   0.9333239086330107     
 bsup=    0.000000000000000       -0.2823099521460031      
    1.029657800482464     
 b_abs=   0.9863895825382891     
 g=  -1.5845280665120497E-002
 j=    0.000000000000000         645.1590439006150      
   -102.7897779654895     
 v_perp_2=    0.000000000000000     
 b_n=   3.5782843127043002E-006  -0.2802721674475245      
    1.029751853071867     
 b_para_n=   0.9863895708390169     
 dxdt=   2.5393608093021946E-002   -1988.975988932940      
    7307.724234525071     
 dudt=   -0.000000000000000     
 ---------------------
 rk4
 istep=     17000001
 grad_b=   0.7816002507157332        4.5639557914873626E-002 
  -0.1744118862526597     
 bsub=  -4.3646273510626714E-002   4.2377583071560983E-002 
    1.377787198016594     
 bsup=    0.000000000000000        7.6164575386467370E-002 
    1.038234282236636     
 b_abs=    1.197363651140062     
 g=  -1.1184519916656376E-002
 j=    0.000000000000000         992.3401951037130      
   -79.93343423676946     
 v_perp_2=    0.000000000000000     
 b_n=   3.2093119827898464E-004   7.1281379969842809E-002 
    1.038394640990418     
 b_para_n=    1.197363646770270     
 dxdt=    1.876220640247913         416.7235752770716      
    6070.639029788023     
 dudt=    0.000000000000000     
 ---------------------
 rk4
 istep=     18000001
 grad_b=   0.5094883371431809       -9.8045223795523564E-002 
  -0.1862050929556714     
 bsub=   3.9704243974229184E-002   9.2889110758723026E-002 
    1.460905735847125     
 bsup=    0.000000000000000       -0.7831847889231833      
    1.103658935461234     
 b_abs=    1.239990772134466     
 g=  -8.0183977918119806E-003
 j=    0.000000000000000        -228.3264505489058      
   -65.91088793900030     
 v_perp_2=    0.000000000000000     
 b_n=  -7.4804571637521297E-004  -0.7876497792667012      
    1.103963158273995     
 b_para_n=    1.239990765102120     
 dxdt=   -4.222870171291357        -4446.443159125331      
    6232.096500558650     
 dudt=    0.000000000000000     
 ---------------------
 rk4
 istep=     19000001
 grad_b=   -1.166353118062626        8.9883562641287412E-002 
  -0.1348425301259387     
 bsub=   1.4496274285230185E-002  -0.1059674836005515      
    1.264889677304043     
 bsup=    0.000000000000000       -0.7796337325797813      
   0.8697564955015910     
 b_abs=    1.087618199967770     
 g=  -2.0382650471882726E-002
 j=    0.000000000000000        -923.6482542577513      
    311.3788841815214     
 v_perp_2=    0.000000000000000     
 b_n=   3.0191462260428721E-004  -0.7751588650303372      
   0.8701279551089673     
 b_para_n=    1.087618238222394     
 dxdt=    1.943147222029082        -4988.985900126877      
    5600.214736852653     
 dudt=    0.000000000000000     
 ---------------------
 rk4
 istep=     20000001
 grad_b=   0.2252057705004687        6.3778417721623001E-002 
  -9.3718360854120331E-003
 bsub=  -8.6929218689173957E-002   0.1127431761162008      
    1.933165606387437     
 bsup=    0.000000000000000        -1.034144321598796      
    1.053715302381015     
 b_abs=    1.386105975200591     
 g=  -1.1824042902989034E-002
 j=    0.000000000000000         155.0776668587133      
   -573.1838391024481     
 v_perp_2=    0.000000000000000     
 b_n=   4.0085228412164395E-004   -1.035545093812567      
    1.053814983897932     
 b_para_n=    1.386105922964926     
 dxdt=    2.024351777423657        -5229.626060021812      
    5321.891180947060     
 dudt=    0.000000000000000     
 ---------------------
 rk4
 istep=     21000001
 grad_b=   0.2512627355469998       -0.1085925471862577      
  -0.1969575433155515     
 bsub=   5.7713383506029746E-002   0.1199812791717901      
    1.960043188673628     
 bsup=    0.000000000000000        -1.427781247652197      
    1.057014048753781     
 b_abs=    1.378171453840842     
 g=  -1.0404362546974950E-002
 j=    0.000000000000000        -6.375115609670843      
   -77.88036976837658     
 v_perp_2=    0.000000000000000     
 b_n=  -7.0117711294477223E-004   -1.429648385326839      
    1.057148983855132     
 b_para_n=    1.378171446407875     
 dxdt=   -3.561414512981277        -7261.461354007837      
    5369.464667312407     
 dudt=    0.000000000000000     
 ---------------------
 rk4
 istep=     22000001
 grad_b=  -0.7256565815505637       -0.1346381804623916      
   0.1206784529079626     
 bsub=  -1.8756346079415200E-002  -0.2146608869405630      
    1.480868830036148     
 bsup=    0.000000000000000        -1.140467246470848      
   0.8900241181282236     
 b_abs=    1.250047880230747     
 g=  -1.7733043496760446E-002
 j=    0.000000000000000        -2.352555331921849      
   -298.6032788400431     
 v_perp_2=    0.000000000000000     
 b_n=  -4.5845703042157043E-004   -1.137633311721095      
   0.8904290854287467     
 b_para_n=    1.250047854219216     
 dxdt=   -2.567261086940924        -6370.502661293439      
    4986.211989375705     
 dudt=   -0.000000000000000     
 ---------------------
 rk4
 istep=     23000001
 grad_b=   0.4314909191002436        7.9278063144304953E-002 
   0.2149022853007357     
 bsub=  -4.3171086231967151E-002   0.1182210498752553      
    1.797877969959192     
 bsup=    0.000000000000000        -1.498304432147996      
    1.071718886634206     
 b_abs=    1.322809333000273     
 g=  -8.5225406991430094E-003
 j=    0.000000000000000         1580.918871530907      
    40.79581802218166     
 v_perp_2=    0.000000000000000     
 b_n=   5.7515557361664598E-004   -1.502159334287408      
    1.071986189967091     
 b_para_n=    1.322809346686703     
 dxdt=    3.043589785180183        -7949.078502015055      
    5672.702078016746     
 dudt=   -0.000000000000000     
 ---------------------
 rk4
 istep=     24000001
 grad_b=   0.7110845690156981       -3.6641128262227818E-002 
   0.1594373219141009     
 bsub=   8.5145133477424001E-002   5.9362367885148669E-002 
    1.703802088130604     
 bsup=    0.000000000000000       -0.8478290025839158      
    1.035435866715426     
 b_abs=    1.309010877018834     
 g=  -1.1832647295513614E-002
 j=    0.000000000000000        -474.0872965875180      
   -539.3472446395457     
 v_perp_2=    0.000000000000000     
 b_n=  -2.5966745088982086E-004  -0.8521558946637680      
    1.035599557909534     
 b_para_n=    1.309010826155330     
 dxdt=   -1.388584509699889        -4556.945705457859      
    5537.919748653425     
 dudt=   -0.000000000000000     
 ---------------------
 rk4
 istep=     25000001
 grad_b=  -0.9549442677935894       -1.3625121094345983E-002 
   5.6389672819599626E-002
 bsub=   1.1434726836574590E-002  -6.5013791983494981E-002 
    1.049554088503471     
 bsup=    0.000000000000000       -0.5522335673726242      
   0.9165533480068476     
 b_abs=   0.9989680849250215     
 g=  -1.8899387572985784E-002
 j=    0.000000000000000         1059.669717767798      
   -831.2732524512552     
 v_perp_2=    0.000000000000000     
 b_n=  -4.1290308073912951E-005  -0.5483393826579792      
   0.9167949374050229     
 b_para_n=   0.9989679981176607     
 dxdt=  -0.2893307463922861        -3842.340981731591      
    6424.194342489123     
 dudt=   -0.000000000000000     
 ---------------------
 rk4
 istep=     26000001
 grad_b=   0.3082387812987332        0.1042959629584112      
   0.1770090955801469     
 bsub=  -4.5236643577032332E-002   5.3085963912568243E-002 
    1.175672352623927     
 bsup=    0.000000000000000       -0.5394543702072845      
    1.128861657593513     
 b_abs=    1.140057965653736     
 g=  -8.2266891159846721E-003
 j=    0.000000000000000         695.6468843011354      
   -57.31340563517091     
 v_perp_2=    0.000000000000000     
 b_n=   7.7543105317299382E-004  -0.5419910820556142      
    1.129006033901511     
 b_para_n=    1.140057963497599     
 dxdt=    4.761176664700688        -3327.846211213532      
    6932.140724726601     
 dudt=   -0.000000000000000     
 ---------------------
 rk4
 istep=     27000001
 grad_b=   0.5088471075714545       -2.8774081776142123E-002 
   0.1516119682825621     
 bsub=   5.9616415459897917E-004   4.5925150452791053E-002 
    1.121518997203311     
 bsup=    0.000000000000000        0.6369541423633513      
    1.049961129711840     
 b_abs=    1.098720579753151     
 g=  -1.1496842584999941E-002
 j=    0.000000000000000         1126.538940181850      
   -108.8110501650227     
 v_perp_2=    0.000000000000000     
 b_n=  -2.0701327983883307E-004   0.6339435434634875      
    1.050084515703378     
 b_para_n=    1.098720574394348     
 dxdt=   -1.318891256469481         4038.883868804015      
    6690.137402747323     
 dudt=   -0.000000000000000     
 ---------------------
 rk4
 istep=     28000001
 grad_b=   2.4016718833352491E-002  -1.7144325971282071E-002 
  -8.6478665220882461E-002
 bsub=   3.5958334318973828E-002   8.2740562707163956E-003 
   0.9697987232943022     
 bsup=    0.000000000000000        0.1147103543802324      
    1.090193747821179     
 b_abs=    1.028517087089084     
 g=  -1.3223481764419185E-002
 j=    0.000000000000000         310.5968824325401      
   -14.23376097965935     
 v_perp_2=    0.000000000000000     
 b_n=  -8.3295881823839259E-005   0.1145721700307717      
    1.090198014192138     
 b_para_n=    1.028517086111813     
 dxdt=  -0.5669047025471462         779.7684657308785      
    7419.795161784349     
 dudt=    0.000000000000000     
 ---------------------
 rk4
 istep=     29000001
 grad_b=  -0.5474895748521887        2.4536771847750653E-002 
   2.8643672123181974E-002
 bsub=  -2.0042741787902933E-002  -8.0511942993958641E-002 
   0.8415477765018361     
 bsup=    0.000000000000000       -0.2779478908305306      
    1.129114937120210     
 b_abs=   0.9864255446210990     
 g=  -1.0995942575318366E-002
 j=    0.000000000000000         382.9743812061895      
    128.9036356171778     
 v_perp_2=    0.000000000000000     
 b_n=   1.5711263627497154E-004  -0.2747983195112139      
    1.129420011086571     
 b_para_n=   0.9864255519643219     
 dxdt=    1.114922917127130        -1950.059214046061      
    8014.735690759912     
 dudt=   -0.000000000000000     
 ---------------------
 Elapsed time (seconds):     153.4964660000000     

real	2m33.506s
user	2m33.237s
sys	0m0.016s
>>> [PID 3864844] DONE  u=7000, v_perp=0, out=bounce/dat225.dat
