>>> [PID 3862193] START u=500, v_perp=0, out=bounce/dat212.dat, dt=5.00E-09, steps=30000000
 outer boundary:   8.3000000000000462E-002
 rk4
 istep=            1
 grad_b=  -0.5028825425016368        4.9320925268269630E-003 
  -7.9836178541851099E-003
 bsub=   8.6923436104299132E-003   4.2252362840999466E-002 
    1.020726979188507     
 bsup=    0.000000000000000        0.5003176187923002      
   0.9181485370832823     
 b_abs=   0.9787596846089918     
 g=  -1.6418707487635589E-002
 j=    0.000000000000000         576.0999501398957      
    59.09789355364116     
 v_perp_2=    0.000000000000000     
 b_n=   1.7864166050024455E-006   0.5004883066357759      
   0.9181414569096442     
 b_para_n=   0.9787596851899233     
 dxdt=   9.1259204482650952E-004    255.6747658331773      
    469.0331400048847     
 dudt=    0.000000000000000     
 ---------------------
 rk4
 istep=      1000001
 grad_b=  -7.0589505744565240E-002  -0.1107540335711238      
   3.0753919775399569E-002
 bsub=   7.6610505433334961E-002  -0.1867647588455697      
    1.555857284201819     
 bsup=    0.000000000000000        -1.212024331944654      
   0.9359642630304622     
 b_abs=    1.297149355173910     
 g=  -1.8262174736317610E-002
 j=    0.000000000000000         305.9494512419602      
   -430.8290966956496     
 v_perp_2=    0.000000000000000     
 b_n=  -2.8355704965215176E-005   -1.212005233530268      
   0.9359679494671420     
 b_para_n=    1.297149352332075     
 dxdt=  -1.0930007756715134E-002   -467.1802947560623      
    360.7787907323146     
 dudt=   -0.000000000000000     
 ---------------------
 rk4
 istep=      2000001
 grad_b=  -0.2957869707510218       -0.1734409431486657      
  -0.2311206302905799     
 bsub=   5.4741904509013117E-002  -1.7597699099806356E-002 
    1.227977097464914     
 bsup=    0.000000000000000       -0.7111337733573820      
    1.007647330901446     
 b_abs=    1.118462578831111     
 g=  -1.1464505515114399E-002
 j=    0.000000000000000         1146.673627525578      
   -488.1219524743882     
 v_perp_2=    0.000000000000000     
 b_n=  -7.9163568346069522E-005  -0.7110059050561515      
    1.007652689398057     
 b_para_n=    1.118462575575506     
 dxdt=  -3.5389457848125076E-002   -317.8496628241240      
    450.4633017692026     
 dudt=    0.000000000000000     
 ---------------------
 rk4
 istep=      3000001
 grad_b=  -0.7811223275078989        2.3083333141232260E-002 
   2.3937396219931309E-002
 bsub=  -9.2190506101246308E-003  -0.1015774852101915      
   0.8431941247935434     
 bsup=    0.000000000000000       -0.4897372765507305      
    1.083234940216051     
 b_abs=   0.9812951855088554     
 g=  -1.1249528259122701E-002
 j=    0.000000000000000        -288.0954927222174      
   -9.182625331718953     
 v_perp_2=    0.000000000000000     
 b_n=   1.0572612489922560E-005  -0.4894193467588510      
    1.083273356188588     
 b_para_n=   0.9812951856557632     
 dxdt=   5.3870703965888068E-003   -249.3741709492797      
    551.9610062412958     
 dudt=   -0.000000000000000     
 ---------------------
 rk4
 istep=      4000001
 grad_b=   -1.146203179280123       -4.4968160768905155E-002 
   0.1950424571381409     
 bsub=  -5.6207247450639430E-002  -0.1524953539112322      
    1.481729825346152     
 bsup=    0.000000000000000        -1.094621516287025      
   0.8854559842598752     
 b_abs=    1.216065584175158     
 g=  -2.0680760049988603E-002
 j=    0.000000000000000        -365.7487988542268      
   -53.39173715242433     
 v_perp_2=    0.000000000000000     
 b_n=  -6.3090837096775132E-006   -1.094332913071788      
   0.8854854470582392     
 b_para_n=    1.216065584071427     
 dxdt=  -2.5940556958098000E-003   -449.9481472898551      
    364.0779982003953     
 dudt=   -0.000000000000000     
 ---------------------
 rk4
 istep=      5000001
 grad_b=  -0.6814742621273918        3.7422048814795779E-002 
  -3.9667980603688147E-002
 bsub=  -2.2168863906404206E-002  -2.1996049097963204E-002 
    1.054021220845851     
 bsup=    0.000000000000000       -0.3951579747890064      
   0.9197821790580325     
 b_abs=   0.9889216066898420     
 g=  -1.9577230092842492E-002
 j=    0.000000000000000        -935.5466523158732      
    140.8274196763117     
 v_perp_2=    0.000000000000000     
 b_n=   1.0537883937323139E-005  -0.3949614995204381      
   0.9197865019463025     
 b_para_n=   0.9889216078258299     
 dxdt=   5.3279672796769772E-003   -199.6930274325643      
    465.0452041231445     
 dudt=    0.000000000000000     
 ---------------------
 rk4
 istep=      6000001
 grad_b=   0.6286847715965589       -9.3360790418951872E-002 
   0.1848945559927588     
 bsub=   3.1485759188016729E-002   1.0788895022798048E-002 
    1.296198163480093     
 bsup=    0.000000000000000        0.2583003921650799      
   0.9944582514265643     
 b_abs=    1.136672530371506     
 g=  -1.3174614625099643E-002
 j=    0.000000000000000        -56.84407117081821      
   -180.9871523360338     
 v_perp_2=    0.000000000000000     
 b_n=  -3.7800216135892946E-005   0.2580517647538025      
   0.9944612380249713     
 b_para_n=    1.136672529174880     
 dxdt=  -1.6627575297932313E-002    113.5119210372421      
    437.4440362110533     
 dudt=   -0.000000000000000     
 ---------------------
 rk4
 istep=      7000001
 grad_b=   0.1953236534830423       -0.1160675323734433      
  -0.1922187182871268     
 bsub=   5.9562543011651245E-002   0.1156191307026601      
    1.946932965178831     
 bsup=    0.000000000000000        -1.368515912428500      
    1.055187014672496     
 b_abs=    1.376675915459897     
 g=  -1.0900857158052961E-002
 j=    0.000000000000000         346.2632078582928      
   -176.5001950429987     
 v_perp_2=    0.000000000000000     
 b_n=  -5.1587353975722742E-005   -1.368615092211112      
    1.055194481958174     
 b_para_n=    1.376675914406933     
 dxdt=  -1.8736201249640660E-002   -497.0723602732262      
    383.2399735172051     
 dudt=    0.000000000000000     
 ---------------------
 rk4
 istep=      8000001
 grad_b=   0.4002992090132461       -8.7229956502805961E-002 
  -0.1654670296251869     
 bsub=   3.4286928252146763E-002   6.4849633122943437E-002 
    1.166791010635603     
 bsup=    0.000000000000000       -0.3938253374495286      
    1.140177897196825     
 b_abs=    1.142200820794022     
 g=  -8.3475732550845304E-003
 j=    0.000000000000000         19.14895319913776      
    38.23113512131378     
 v_perp_2=    0.000000000000000     
 b_n=  -4.3731540130485923E-005  -0.3940523983491027      
    1.140191802429143     
 b_para_n=    1.142200821025030     
 dxdt=  -1.9143542591415978E-002   -172.4969861234531      
    499.1205493119485     
 dudt=    0.000000000000000     
 ---------------------
 rk4
 istep=      9000001
 grad_b=  -0.9185380678677626        1.1566321714971114E-002 
   4.8525770849671329E-002
 bsub=   5.8685807473043373E-003  -8.4338231844579198E-002 
   0.9993505413850613     
 bsup=    0.000000000000000       -0.5141094084505071      
   0.9340069537725503     
 b_abs=   0.9885308544290776     
 g=  -1.7552507252952744E-002
 j=    0.000000000000000         1097.921205509422      
   -129.9155147781307     
 v_perp_2=    0.000000000000000     
 b_n=   4.7730902815212699E-006  -0.5138293763296354      
   0.9340305570255304     
 b_para_n=   0.9885308529328936     
 dxdt=   2.4142343495703166E-003   -259.8954675036920      
    472.4336899826317     
 dudt=   -0.000000000000000     
 ---------------------
 rk4
 istep=     10000001
 grad_b=  -0.5400647909979497        0.1481814013030039      
  -0.1039479641454319     
 bsub=   1.6247897942359680E-003  -0.2303173095126299      
    1.468853885278918     
 bsup=    0.000000000000000        -1.144771285179446      
   0.8884778384991976     
 b_abs=    1.252320321032647     
 g=  -1.7589955544760373E-002
 j=    0.000000000000000        -318.2169048071992      
   -126.0297288615584     
 v_perp_2=    0.000000000000000     
 b_n=   3.6731265848556566E-005   -1.144620902441110      
   0.8885013775867033     
 b_para_n=    1.252320320563944     
 dxdt=   1.4665283811739061E-002   -457.0000516823303      
    354.7420587995386     
 dudt=    0.000000000000000     
 ---------------------
 rk4
 istep=     11000001
 grad_b=  -0.2749044417494653       -9.2704060620125844E-003 
   4.4966215973914550E-002
 bsub=  -3.4315562636501401E-002  -1.2745190468430163E-002 
   0.9522291912588747     
 bsup=    0.000000000000000       -0.1184204330742149      
    1.031376018091868     
 b_abs=   0.9920601237156352     
 g=  -1.5745595074860161E-002
 j=    0.000000000000000        -100.0052733387307      
    97.64020357990377     
 v_perp_2=    0.000000000000000     
 b_n=  -2.7862456786250688E-006  -0.1183325948064390      
    1.031377094018083     
 b_para_n=   0.9920601243451178     
 dxdt=  -1.4042725890551920E-003   -59.63983023939861      
    519.8158199831485     
 dudt=   -0.000000000000000     
 ---------------------
 rk4
 istep=     12000001
 grad_b=   0.7225337426397033       -1.7364305511469724E-003 
   0.1679078999723691     
 bsub=   5.7196325258727344E-002   9.9326310356145156E-002 
    1.637980482375076     
 bsup=    0.000000000000000       -0.6400337883437094      
    1.063802809591320     
 b_abs=    1.295709140379111     
 g=  -9.8792989941104969E-003
 j=    0.000000000000000        -2039.516049122339      
   -24.42715613471337     
 v_perp_2=    0.000000000000000     
 b_n=  -6.1566942803240116E-006  -0.6404040133047841      
    1.063825474079334     
 b_para_n=    1.295709139429312     
 dxdt=  -2.3758010547937072E-003   -247.1249116861392      
    410.5186271001726     
 dudt=   -0.000000000000000     
 ---------------------
 rk4
 istep=     13000001
 grad_b=   0.4112452350115842       -7.2321897729686085E-002 
  -0.2107514789054787     
 bsub=   1.6874422599682623E-002   0.1651743873888585      
    1.916213502830089     
 bsup=    0.000000000000000        -1.317273801120881      
    1.078153364645699     
 b_abs=    1.359418083936494     
 g=  -7.2686023284285568E-003
 j=    0.000000000000000        -1913.190535614547      
    378.0618200978761     
 v_perp_2=    0.000000000000000     
 b_n=  -4.0410635983726411E-005   -1.317582065078794      
    1.078180293373312     
 b_para_n=    1.359418085389259     
 dxdt=  -1.4863211111449625E-002   -484.6125262124620      
    396.5594929776822     
 dudt=    0.000000000000000     
 ---------------------
 rk4
 istep=     14000001
 grad_b=   0.1223252772216518       -4.7685295623558520E-002 
  -0.1069813461175531     
 bsub=   3.5996775313812887E-002   1.9068824846860281E-002 
   0.9886085818209325     
 bsup=    0.000000000000000        9.1103404330577509E-002 
    1.119445574075900     
 b_abs=    1.053217578538868     
 g=  -1.1554774020301820E-002
 j=    0.000000000000000         221.0734609744749      
    80.36655145779939     
 v_perp_2=    0.000000000000000     
 b_n=  -1.8406252564578700E-005   9.1052481593838386E-002 
    1.119447227030046     
 b_para_n=    1.053217579034652     
 dxdt=  -8.7381054641384390E-003    43.22586491449107      
    531.4415792680263     
 dudt=    0.000000000000000     
 ---------------------
 rk4
 istep=     15000001
 grad_b=   -1.211280647070147       -6.4675461992030364E-002 
   0.1337244734797913     
 bsub=  -1.3187163342886400E-002  -9.6300591667251911E-002 
    1.223320569377489     
 bsup=    0.000000000000000       -0.7553796345895543      
   0.8627293448475928     
 b_abs=    1.062282744488226     
 g=  -2.0698579925275705E-002
 j=    0.000000000000000        -878.2960692673275      
   -61.32522225413069     
 v_perp_2=    0.000000000000000     
 b_n=  -1.4834503088635493E-005  -0.7550481934609358      
   0.8627552762442545     
 b_para_n=    1.062282744543913     
 dxdt=  -6.9823703551753682E-003   -355.3894654408195      
    406.0855175684301     
 dudt=   -0.000000000000000     
 ---------------------
 rk4
 istep=     16000001
 grad_b=   -1.103948708152475        9.8538610188908804E-002 
  -0.1250985623177162     
 bsub=   9.2319362193600974E-003  -0.1022801373944441      
    1.237320474484528     
 bsup=    0.000000000000000       -0.7421075984326647      
   0.8656455419929037     
 b_abs=    1.070958129479517     
 g=  -2.0712467468062344E-002
 j=    0.000000000000000        -1218.814725121586      
    412.4945544241278     
 v_perp_2=    0.000000000000000     
 b_n=   2.4028615467434424E-005  -0.7418070997782884      
   0.8656702058624191     
 b_para_n=    1.070958133118987     
 dxdt=   1.1218279559376931E-002   -346.3287111037192      
    404.1568848920820     
 dudt=    0.000000000000000     
 ---------------------
 rk4
 istep=     17000001
 grad_b=   0.2214682453575367        1.3664233656110282E-002 
   0.1116442671519981     
 bsub=  -2.6914936744748964E-002   3.4044154086905740E-002 
    1.022397705086088     
 bsup=    0.000000000000000        0.2360384492657096      
    1.089607025453834     
 b_abs=    1.059567712065543     
 g=  -1.2518027380168977E-002
 j=    0.000000000000000        -342.1101264285528      
   -172.6775058865267     
 v_perp_2=    0.000000000000000     
 b_n=   3.7850394452661966E-006   0.2359530526295939      
    1.089609967521136     
 b_para_n=    1.059567710963700     
 dxdt=   1.7861243817177195E-003    111.3440180311787      
    514.1766572568129     
 dudt=   -0.000000000000000     
 ---------------------
 rk4
 istep=     18000001
 grad_b=   0.5544013129322394        5.3244325646256231E-002 
   0.1729568370380689     
 bsub=   2.4930710558449927E-002   0.1852015625849114      
    1.971547693828783     
 bsup=    0.000000000000000        -1.010937326714743      
    1.079895886023712     
 b_abs=    1.393446729446071     
 g=  -8.2674931447055781E-003
 j=    0.000000000000000         247.7422644839268      
   -14.34073652596868     
 v_perp_2=    0.000000000000000     
 b_n=   2.3767779927231479E-005   -1.011292079071334      
    1.079928909940099     
 b_para_n=    1.393446729505682     
 dxdt=   8.5284135460502938E-003   -362.8743236672149      
    387.5027609857746     
 dudt=   -0.000000000000000     
 ---------------------
 rk4
 istep=     19000001
 grad_b=   0.6672489190092314       -4.7066179034562533E-002 
  -0.1589893995105817     
 bsub=  -1.1869560401235789E-002   0.1314939748567080      
    1.574019580292768     
 bsup=    0.000000000000000       -0.5827891660126230      
    1.108190528970060     
 b_abs=    1.291691482289709     
 g=  -8.0209555522926055E-003
 j=    0.000000000000000         186.8385975422139      
   -295.9442055821793     
 v_perp_2=    0.000000000000000     
 b_n=  -2.0784809962877245E-005  -0.5831989346085648      
    1.108224602974033     
 b_para_n=    1.291691480551319     
 dxdt=  -8.0455783272666177E-003   -225.7500894716918      
    428.9819278288577     
 dudt=    0.000000000000000     
 ---------------------
 rk4
 istep=     20000001
 grad_b=  -0.3370096244403392       -1.0910588203733806E-002 
  -4.2181059174981259E-002
 bsub=   3.4012196521415905E-002  -3.9584307838389746E-002 
   0.9149988120031907     
 bsup=    0.000000000000000       -0.2111762580589169      
    1.063312381087684     
 b_abs=   0.9908650997132152     
 g=  -1.4604218815343116E-002
 j=    0.000000000000000         537.1965608916494      
   -237.0763381126960     
 v_perp_2=    0.000000000000000     
 b_n=  -4.2510129060675082E-006  -0.2110642858103468      
    1.063317381476850     
 b_para_n=   0.9908650981185514     
 dxdt=  -2.1451017470184926E-003   -106.5050561429171      
    536.5601147400744     
 dudt=    0.000000000000000     
 ---------------------
 rk4
 istep=     21000001
 grad_b=  -0.7808278841781147       -0.1489053670789812      
   0.1294080495767614     
 bsub=  -2.0977878449402548E-002  -0.2112263010986107      
    1.456463341863997     
 bsup=    0.000000000000000        -1.086871498574034      
   0.8811785378963147     
 b_abs=    1.229921761013657     
 g=  -1.8382335825405861E-002
 j=    0.000000000000000         131.6944127376208      
   -248.8471779229595     
 v_perp_2=    0.000000000000000     
 b_n=  -3.5654431970562444E-005   -1.086658081519075      
   0.8812089741275763     
 b_para_n=    1.229921759317879     
 dxdt=  -1.4494593538346930E-002   -441.7590278757818      
    358.2378177520411     
 dudt=   -0.000000000000000     
 ---------------------
 rk4
 istep=     22000001
 grad_b=  -0.8412736269588853        6.9442427807611300E-003 
  -3.6893510389598781E-002
 bsub=  -1.5414566633501822E-002  -6.5747649419772444E-002 
    1.012088003038429     
 bsup=    0.000000000000000       -0.5031008231829299      
   0.9286870839191619     
 b_abs=   0.9865280791847737     
 g=  -1.8718900003713013E-002
 j=    0.000000000000000         520.8026393966511      
   -631.8929558534838     
 v_perp_2=    0.000000000000000     
 b_n=   1.3214878810627450E-006  -0.5028561880171452      
   0.9287029916938938     
 b_para_n=   0.9865280746341505     
 dxdt=   6.6976699145273320E-004   -254.8615700590310      
    470.6926318535329     
 dudt=    0.000000000000000     
 ---------------------
 rk4
 istep=     23000001
 grad_b=   0.6876799755961285        2.8118956071999979E-002 
   0.1560786957570944     
 bsub=  -1.6838206541236744E-003   7.5629023958910149E-002 
    1.225627366658914     
 bsup=    0.000000000000000        8.2384681581113672E-002 
    1.117025352853081     
 b_abs=    1.173027600230130     
 g=  -8.9626525705686234E-003
 j=    0.000000000000000        -261.2220597918652      
    75.38930271090643     
 v_perp_2=    0.000000000000000     
 b_n=   9.6108003668522340E-006   8.2027083316382171E-002 
    1.117047432482172     
 b_para_n=    1.173027600577150     
 dxdt=   4.0965789560806366E-003    34.96383344945310      
    476.1385972216531     
 dudt=   -0.000000000000000     
 ---------------------
 rk4
 istep=     24000001
 grad_b=   0.3916822633864586        1.4384481957282287E-002 
   3.2997367430019797E-002
 bsub=  -4.1391369756640841E-003   0.1974986051072873      
    2.182941488857050     
 bsup=    0.000000000000000        -1.578160577205448      
    1.082379350843947     
 b_abs=    1.433100738687719     
 g=  -6.8225949314404937E-003
 j=    0.000000000000000         576.7480218638341      
   -512.6709498578766     
 v_perp_2=    0.000000000000000     
 b_n=   9.2891442446504261E-006   -1.578479808284648      
    1.082408248334585     
 b_para_n=    1.433100735470463     
 dxdt=   3.2409250845862403E-003   -550.7218610722641      
    377.6455560813205     
 dudt=   -0.000000000000000     
 ---------------------
 rk4
 istep=     25000001
 grad_b=   0.7310387194534661       -1.8230339158727026E-002 
  -0.1584775163279693     
 bsub=  -6.7497327849613056E-003   7.5920516783063302E-002 
    1.256312693307869     
 bsup=    0.000000000000000        0.1419667071098007      
    1.107933087820513     
 b_abs=    1.184197473263918     
 g=  -8.9448192735764390E-003
 j=    0.000000000000000        -1171.177267133108      
    301.8572035968753     
 v_perp_2=    0.000000000000000     
 b_n=  -4.5334469081044840E-006   0.1415841590706894      
    1.107956182593707     
 b_para_n=    1.184197474624708     
 dxdt=  -1.9141431244570127E-003    59.78063714228063      
    467.8088774614371     
 dudt=    0.000000000000000     
 ---------------------
 rk4
 istep=     26000001
 grad_b=  -0.7908019668848877       -7.1561936352512370E-003 
   2.9598643011301287E-002
 bsub=   1.8386915745412947E-002  -6.0775289742575199E-002 
    1.003306232196598     
 bsup=    0.000000000000000       -0.4777390054021783      
   0.9364984995128381     
 b_abs=   0.9842567299342818     
 g=  -1.8662921731990550E-002
 j=    0.000000000000000         30.07985122008029      
   -446.2257493194732     
 v_perp_2=    0.000000000000000     
 b_n=  -1.5567970158219815E-006  -0.4775093009432747      
   0.9365124394019642     
 b_para_n=   0.9842567268841586     
 dxdt=  -7.9084906066646961E-004   -242.5735521538756      
    475.7460192152623     
 dudt=   -0.000000000000000     
 ---------------------
 rk4
 istep=     27000001
 grad_b=  -0.7682878178563627        0.1420736567778570      
  -0.1254348473601054     
 bsub=   2.3042684197593550E-002  -0.2166114185177983      
    1.467338889358811     
 bsup=    0.000000000000000        -1.115142446047020      
   0.8833920935211640     
 b_abs=    1.240010245870218     
 g=  -1.8254547770111436E-002
 j=    0.000000000000000         51.78827449415212      
   -306.9986077066606     
 v_perp_2=    0.000000000000000     
 b_n=   3.3786375032944246E-005   -1.114932897413104      
   0.8834224952579542     
 b_para_n=    1.240010243896545     
 dxdt=   1.3623425773796697E-002   -449.5660027410721      
    356.2158053154191     
 dudt=    0.000000000000000     
 ---------------------
 rk4
 istep=     28000001
 grad_b=  -0.3949935412251668        1.1820986594485321E-002 
   3.6548506850430582E-002
 bsub=  -3.1945190070757336E-002  -4.9432106725290963E-002 
   0.9072416418918727     
 bsup=    0.000000000000000       -0.2619319878665032      
    1.060468864991583     
 b_abs=   0.9874891397391178     
 g=  -1.4596221075904648E-002
 j=    0.000000000000000         714.9346796078291      
   -248.0078046182146     
 v_perp_2=    0.000000000000000     
 b_n=   4.6052439735169092E-006  -0.2618007156642897      
    1.060476177755490     
 b_para_n=   0.9874891379841920     
 dxdt=   2.3317947491138026E-003   -132.5587824685929      
    536.9558696717869     
 dudt=   -0.000000000000000     
 ---------------------
 rk4
 istep=     29000001
 grad_b=   0.6571993662621911        5.4634424847231307E-002 
   0.1574841156664905     
 bsub=   1.6537231786653769E-003   0.1252899644930950      
    1.525153193088689     
 bsup=    0.000000000000000       -0.5610217657371908      
    1.117725062257863     
 b_abs=    1.278589720946748     
 g=  -7.7833781335898515E-003
 j=    0.000000000000000         387.6966608094969      
   -216.3019290627248     
 v_perp_2=    0.000000000000000     
 b_n=   2.6143077954952247E-005  -0.5614337034192334      
    1.117758873273125     
 b_para_n=    1.278589719815617     
 dxdt=   1.0223403782224331E-002   -219.5519386391582      
    437.1061553014503     
 dudt=   -0.000000000000000     
 ---------------------
 Elapsed time (seconds):     154.2442020000000     

real	2m34.254s
user	2m33.968s
sys	0m0.011s
>>> [PID 3862193] DONE  u=500, v_perp=0, out=bounce/dat212.dat
