>>> [PID 3841789] START u=8500, v_perp=-9000, out=bounce/dat39.dat, dt=5.00E-09, steps=30000000
 outer boundary:   8.3000000000000462E-002
 rk4
 istep=            1
 grad_b=  -0.5028804077392673        4.9300600329887090E-003 
  -7.9793076855504824E-003
 bsub=   8.6929018257636062E-003   4.2252048585498400E-002 
    1.020728204513751     
 bsup=    0.000000000000000        0.5002777630980210      
   0.9181489097610653     
 b_abs=   0.9787594859426743     
 g=  -1.6418909363536866E-002
 j=    0.000000000000000         576.0999885924130      
    59.06793498904725     
 v_perp_2=    80999982.53092766     
 b_n=   3.0355986354680451E-005   0.5031794136405725      
   0.9180285497100765     
 b_para_n=   0.9787594958149365     
 dxdt=   0.4114016223527900         4383.968429122812      
    7971.999389995796     
 dudt=    205456.9532790980     
 ---------------------
 rk4
 istep=      1000001
 grad_b=   -1.239776089960988       -8.3611250598149389E-002 
   0.1514979225840653     
 bsub=  -2.5270938346610386E-002  -0.1173577837477491      
    1.324609491426127     
 bsup=    0.000000000000000       -0.8521124227907794      
   0.8735219242000302     
 b_abs=    1.121271990559958     
 g=  -2.0137937702113473E-002
 j=    0.000000000000000         614.7054866919930      
    37.77710119580663     
 v_perp_2=    92793365.43535885     
 b_n=  -2.9870146471226960E-004  -0.8468485721917066      
   0.8739825908064447     
 b_para_n=    1.121271988763117     
 dxdt=   -3.660928254698136        -5844.403032263990      
    6063.025996381909     
 dudt=   -7512831.291257337     
 ---------------------
 rk4
 istep=      2000001
 grad_b=   0.3967181894003201        4.6026797939758612E-002 
   1.2331823765264760E-002
 bsub=  -5.6928367691985809E-002   0.1612780401120594      
    2.040666808337626     
 bsup=    0.000000000000000        -1.171046638928516      
    1.069540831907342     
 b_abs=    1.412045164863412     
 g=  -9.6707122054140292E-003
 j=    0.000000000000000        -287.9948170665859      
    321.3880516738980     
 v_perp_2=    116856082.7124584     
 b_n=   3.0091454595633309E-004   -1.173698730341585      
    1.069758843443950     
 b_para_n=    1.412045189102988     
 dxdt=    3.349571641252445        -5032.630514854622      
    4571.868697410309     
 dudt=    1192963.033296264     
 ---------------------
 rk4
 istep=      3000001
 grad_b=   0.1090538898096620       -0.1003285233100056      
  -0.1545362227448766     
 bsub=   5.0687852863962109E-002   2.8439400887181523E-002 
    1.074108124807060     
 bsup=    0.000000000000000       -0.4876429917229222      
    1.134925032309812     
 b_abs=    1.097275037630178     
 g=  -8.6396888084092315E-003
 j=    0.000000000000000        -705.4535903094524      
    111.6973690231262     
 v_perp_2=    90806140.77954054     
 b_n=  -8.2148854638543277E-004  -0.4886362059162956      
    1.134990105243139     
 b_para_n=    1.097275046250816     
 dxdt=   -10.21761856558862        -3524.165938590855      
    8174.092385745769     
 dudt=    4768896.277102051     
 ---------------------
 rk4
 istep=      4000001
 grad_b=   0.8271000999027399        2.4296439156261056E-002 
   0.1602398023847879     
 bsub=   1.1950580320594047E-002   8.2445373968570448E-002 
    1.342410650604460     
 bsup=    0.000000000000000       -0.1829215276592772      
    1.108887092213837     
 b_abs=    1.213476861544472     
 g=  -8.6297924600282124E-003
 j=    0.000000000000000        -338.6583852995479      
    387.0692564250022     
 v_perp_2=    100421783.2887590     
 b_n=   1.1611130425898632E-004  -0.1895537881137999      
    1.109293413716203     
 b_para_n=    1.213476893449805     
 dxdt=    1.356473157059223        -1173.117368964777      
    6646.592546385384     
 dudt=   -5907313.672185671     
 ---------------------
 rk4
 istep=      5000001
 grad_b=  -0.5023172289592976       -0.1827546900255276      
   0.1117311547934505     
 bsub=   1.1089863472151006E-002  -0.1872601332955918      
    1.408194044476840     
 bsup=    0.000000000000000       -0.9955755862051822      
   0.8889443688167258     
 b_abs=    1.199359913446561     
 g=  -1.8850276931819222E-002
 j=    0.000000000000000         296.7344275233401      
   -29.23218812937650     
 v_perp_2=    99252834.00011076     
 b_n=  -6.7030125548066786E-004  -0.9935666278175654      
   0.8892167911970716     
 b_para_n=    1.199359906950368     
 dxdt=   -7.881196089851399        -6076.103562901294      
    5449.615683577907     
 dudt=   -9703590.070667991     
 ---------------------
 rk4
 istep=      6000001
 grad_b=   -1.063210288120088        6.6750167048089129E-002 
  -9.7339872586677326E-002
 bsub=  -3.6280989497321160E-003  -7.0691049174965270E-002 
    1.152154407663873     
 bsup=    0.000000000000000       -0.6605728085827196      
   0.8901798585247527     
 b_abs=    1.035502999530957     
 g=  -1.9770774641645672E-002
 j=    0.000000000000000         752.0144918398232      
    151.0881678875375     
 v_perp_2=    85692257.97077611     
 b_n=   2.8402948618122607E-004  -0.6556026588402353      
   0.8904857100687786     
 b_para_n=    1.035503011715960     
 dxdt=    3.684339519634604        -5178.855551379993      
    7069.809950623705     
 dudt=    5224330.131522720     
 ---------------------
 rk4
 istep=      7000001
 grad_b=   0.6823144520447276       -1.3534402372562815E-003 
  -0.1478878104450801     
 bsub=  -3.6975291564356194E-004   5.5118242996435293E-002 
    1.161942896439958     
 bsup=    0.000000000000000        0.4013398623724453      
    1.083956844354648     
 b_abs=    1.132199168990062     
 g=  -1.0350878834942822E-002
 j=    0.000000000000000         729.7172940300981      
   -313.0060616870502     
 v_perp_2=    93693646.64778697     
 b_n=   4.0029244837581394E-005   0.3965162645383042      
    1.084185645660925     
 b_para_n=    1.132199143388608     
 dxdt=   0.4874679264097510         2676.864719166904      
    7391.234409398136     
 dudt=    5878277.500973213     
 ---------------------
 rk4
 istep=      8000001
 grad_b=  -0.7995774845709743        0.1317904218872934      
   0.1968588615620797     
 bsub=  -4.2448880640820384E-002  -6.5741913780489283E-002 
    1.149768571661180     
 bsup=    0.000000000000000       -0.7023754942824101      
   0.9467278156695439     
 b_abs=    1.065618848915775     
 g=  -1.3931148859139257E-002
 j=    0.000000000000000         450.8044463569967      
   -394.0858197442983     
 v_perp_2=    88183257.62788694     
 b_n=   8.7735000274759452E-004  -0.6975159609544840      
   0.9470380254940380     
 b_para_n=    1.065618803834196     
 dxdt=    11.14160959588984        -5255.047626539381      
    7170.368461353934     
 dudt=   -3642325.493637946     
 ---------------------
 rk4
 istep=      9000001
 grad_b=   0.4328225016386085       -3.3669975536353272E-002 
  -7.3532185657500693E-002
 bsub=   1.3353645576134512E-002   0.1860096418437507      
    2.154079134627810     
 bsup=    0.000000000000000        -1.547593480340945      
    1.075398963256002     
 b_abs=    1.424852322654930     
 g=  -7.3560652599343511E-003
 j=    0.000000000000000         133.5833670884978      
   -151.0175783202723     
 v_perp_2=    117910078.1530235     
 b_n=  -2.4507053855970205E-004   -1.551480097348652      
    1.075736093090879     
 b_para_n=    1.424852311089008     
 dxdt=   -2.728205334185127        -6500.104286346999      
    4490.510155350561     
 dudt=    783152.3694155844     
 ---------------------
 rk4
 istep=     10000001
 grad_b=   -1.197559201121408       -9.4396522487314970E-003 
  -0.1131692396741081     
 bsub=   8.7945141007169693E-003  -7.9126634921120070E-002 
    1.119003406309440     
 bsup=    0.000000000000000       -0.6876899957316125      
   0.8951973364733503     
 b_abs=    1.027474263600739     
 g=  -1.8449011232962453E-002
 j=    0.000000000000000        -252.9923960593269      
   -359.5304246144840     
 v_perp_2=    85025401.80379930     
 b_n=  -8.6592572457901273E-005  -0.6817490485928877      
   0.8956180754004021     
 b_para_n=    1.027474224278690     
 dxdt=   -1.129883737520367        -5450.789171058967      
    7201.940547976817     
 dudt=    3818262.339602167     
 ---------------------
 rk4
 istep=     11000001
 grad_b=   0.5904755647018942       -6.1283676380050889E-002 
   0.1729131636558653     
 bsub=   1.8020094006657161E-002   2.9961304657051033E-002 
    1.203536108010569     
 bsup=    0.000000000000000        0.6506792799267087      
    1.019405212160130     
 b_abs=    1.116280174326238     
 g=  -1.1476386924369263E-002
 j=    0.000000000000000        -979.4498315023401      
    268.7255188169916     
 v_perp_2=    92373635.17761937     
 b_n=  -4.5056173387127520E-004   0.6466406734905191      
    1.019512519372326     
 b_para_n=    1.116280198533335     
 dxdt=   -5.538549944943614         4498.331182560369      
    7126.534125509937     
 dudt=   -5055457.211579951     
 ---------------------
 rk4
 istep=     12000001
 grad_b=   -1.202942036319463       -6.1591912536658175E-002 
   0.1219201035146598     
 bsub=  -7.1536855858120949E-003  -8.3199775103741949E-002 
    1.198194080569081     
 bsup=    0.000000000000000       -0.7312232984693147      
   0.8832691401784027     
 b_abs=    1.057914912114494     
 g=  -1.9727731764368647E-002
 j=    0.000000000000000        -855.2809842084608      
    91.00643307790529     
 v_perp_2=    87543245.91297002     
 b_n=  -2.4448804840934523E-004  -0.7256907525600210      
   0.8836518625971563     
 b_para_n=    1.057914929272656     
 dxdt=   -3.121255146236884        -5532.157529407779      
    6772.682891378801     
 dudt=   -5973115.402374429     
 ---------------------
 rk4
 istep=     13000001
 grad_b=  -0.5425994608244646        7.1279511300759116E-002 
   0.1210664709993931     
 bsub=  -0.1000598593827371       -3.9900416345745156E-002 
    1.753222377194374     
 bsup=    0.000000000000000        -1.179447499148448      
   0.9866774584708438     
 b_abs=    1.332802766554171     
 g=  -1.6018147262938421E-002
 j=    0.000000000000000        -235.1372432291532      
    318.6483003214103     
 v_perp_2=    110289613.2415006     
 b_n=   3.1279461267060286E-004   -1.177184241222397      
   0.9867468391977835     
 b_para_n=    1.332802794108518     
 dxdt=    3.512781343240299        -5774.834116409748      
    4853.031657242307     
 dudt=   -1098420.520445779     
 ---------------------
 rk4
 istep=     14000001
 grad_b=   0.6896342079153779       -5.3111854601353856E-002 
  -0.1563163848392783     
 bsub=   1.3637556691881977E-002   7.6137508973970397E-002 
    1.245140722852478     
 bsup=    0.000000000000000       -0.2380515055950666      
    1.129869877482440     
 b_abs=    1.178824823635469     
 g=  -8.5619729339770079E-003
 j=    0.000000000000000        -171.7917221428983      
   -45.77967460176242     
 v_perp_2=    97547236.19359562     
 b_n=  -3.5587996846199053E-004  -0.2437005834808255      
    1.130219198816453     
 b_para_n=    1.178824818687213     
 dxdt=   -4.226052787892931        -1574.244714420676      
    7157.630898722985     
 dudt=    5755232.199896599     
 ---------------------
 rk4
 istep=     15000001
 grad_b=   0.6068043309726733        5.4557129182520293E-002 
   0.1505557981195999     
 bsub=  -2.0313333598501251E-002   6.6023600790442144E-002 
    1.181292172429094     
 bsup=    0.000000000000000       -0.1572657376678647      
    1.130083544280378     
 b_abs=    1.151271616918215     
 g=  -8.9907494287016308E-003
 j=    0.000000000000000         494.4782253738739      
   -139.2078489042436     
 v_perp_2=    95266483.10642964     
 b_n=   3.6438026954250971E-004  -0.1620779890138243      
    1.130358761950659     
 b_para_n=    1.151271606963898     
 dxdt=    4.389921023854952        -1098.156727367186      
    7477.865480595247     
 dudt=   -5806148.722927690     
 ---------------------
 rk4
 istep=     16000001
 grad_b=  -0.4139627171576677       -7.2978421521806197E-002 
  -8.8728363723311790E-002
 bsub=   0.1040673336584624       -2.6863331320267470E-002 
    1.776731828207078     
 bsup=    0.000000000000000        -1.167625884361415      
   0.9959871862963431     
 b_abs=    1.341715374516294     
 g=  -1.5410207506671955E-002
 j=    0.000000000000000        -1044.610219130998      
    589.3212232177552     
 v_perp_2=    111024723.8331125     
 b_n=  -3.2357926886225825E-004   -1.165846238965006      
   0.9960330850005248     
 b_para_n=    1.341715425535266     
 dxdt=   -3.627403610732213        -5635.009483616842      
    4824.206496428614     
 dudt=    97469.46860506276     
 ---------------------
 rk4
 istep=     17000001
 grad_b=   -1.198979833318736        8.2891672002865305E-002 
  -0.1355367859216485     
 bsub=   1.4457943314071093E-002  -0.1007403807817272      
    1.263543711384115     
 bsup=    0.000000000000000       -0.7851294873014907      
   0.8773568138475341     
 b_abs=    1.089880088343810     
 g=  -1.9955420657219929E-002
 j=    0.000000000000000        -954.4745407740938      
    276.4092268505518     
 v_perp_2=    90185120.44025400     
 b_n=   3.1923483225759368E-004  -0.7798266973614630      
   0.8777759780282053     
 b_para_n=    1.089880127491116     
 dxdt=    3.989286843982727        -5654.528129598333      
    6398.040660413692     
 dudt=    6984827.838892833     
 ---------------------
 rk4
 istep=     18000001
 grad_b=   0.6372290574233711        7.1249795357403320E-002 
  -0.1812657105997258     
 bsub=  -2.7018990727855446E-002   2.2183745961977114E-002 
    1.259351499683621     
 bsup=    0.000000000000000        0.4229264088477019      
    1.009640802557653     
 b_abs=    1.131664246230367     
 g=  -1.2160810335608651E-002
 j=    0.000000000000000        -444.3066602255970      
   -55.29263540821273     
 v_perp_2=    93642027.97812967     
 b_n=   4.8620645739737577E-004   0.4187898520520497      
    1.009724094635809     
 b_para_n=    1.131664239930496     
 dxdt=    5.922591262125822         2834.967747053409      
    6889.146831926866     
 dudt=    5589305.409291910     
 ---------------------
 rk4
 istep=     19000001
 grad_b=   -1.097223013876544        1.3302352080529300E-002 
   8.5077289435320516E-002
 bsub=  -2.0134447129573439E-003  -7.7987862968002031E-002 
    1.067501489982416     
 bsup=    0.000000000000000       -0.6009893105904338      
   0.9147801077542764     
 b_abs=    1.011495112998387     
 g=  -1.7927382389744596E-002
 j=    0.000000000000000         459.6673709238393      
   -316.0076156086380     
 v_perp_2=    83697804.46226282     
 b_n=   9.9107529829175187E-005  -0.5954185929858080      
   0.9151872336105267     
 b_para_n=    1.011495073007529     
 dxdt=    1.308809577676959        -4881.601765664805      
    7547.755841953113     
 dudt=   -2856357.050754125     
 ---------------------
 rk4
 istep=     20000001
 grad_b=   0.4247435818114496        4.7186098410274241E-002 
   0.1287586827851777     
 bsub=  -1.3726420961845995E-002   0.1842519193236016      
    2.136542170855776     
 bsup=    0.000000000000000        -1.547285769328885      
    1.075043567067019     
 b_abs=    1.418833683750657     
 g=  -7.3743141656102441E-003
 j=    0.000000000000000        -375.9239615586775      
   -148.0773032163314     
 v_perp_2=    117402796.3673655     
 b_n=   3.2526956634218912E-004   -1.551122180082003      
    1.075376492598631     
 b_para_n=    1.418833668672409     
 dxdt=    3.620254917812116        -6572.000118369751      
    4540.219157950072     
 dudt=   -1907368.508446554     
 ---------------------
 rk4
 istep=     21000001
 grad_b=  -0.6952805985420122       -0.1465015626300793      
  -0.2279678931274314     
 bsub=   4.7535624795621900E-002  -5.3449280882642794E-002 
    1.210385178437565     
 bsup=    0.000000000000000       -0.8054823394924793      
   0.9480219652335686     
 b_abs=    1.091523783519769     
 g=  -1.3672025459174796E-002
 j=    0.000000000000000         994.8685543215914      
   -665.8972544309120     
 v_perp_2=    90318559.55651973     
 b_n=  -9.6551412036921600E-004  -0.8012498509209914      
   0.9482467182323392     
 b_para_n=    1.091523708313960     
 dxdt=   -12.05259666844599        -5801.219455733022      
    6892.803420427827     
 dudt=    3718893.051245160     
 ---------------------
 rk4
 istep=     22000001
 grad_b=   0.5628766446650013        5.1680519376490278E-003 
   0.1382707446780757     
 bsub=  -1.0027176863910629E-002   5.0592066986614587E-002 
    1.112195156346765     
 bsup=    0.000000000000000        0.3809661287969583      
    1.084745146314401     
 b_abs=    1.106783310517438     
 g=  -1.1048494070238744E-002
 j=    0.000000000000000         469.0221239055764      
   -258.2723536229373     
 v_perp_2=    91580569.48633857     
 b_n=  -7.5727002827589461E-006   0.3771576362991373      
    1.084918298474824     
 b_para_n=    1.106783288308367     
 dxdt=  -9.3626327936408238E-002    2655.991859221621      
    7698.761748244985     
 dudt=   -5680254.677871409     
 ---------------------
 rk4
 istep=     23000001
 grad_b=  -0.9822136756591670       -4.7353949540338579E-002 
   7.4151878075158870E-002
 bsub=   1.0394287798301973E-002  -5.9148317933141889E-002 
    1.103907800392357     
 bsup=    0.000000000000000       -0.5962970207461334      
   0.9022829804983420     
 b_abs=    1.015610303628413     
 g=  -1.9496274929344706E-002
 j=    0.000000000000000         1134.374368044654      
   -159.3253251498044     
 v_perp_2=    84035910.88086441     
 b_n=  -2.0726142669980473E-004  -0.5916008214417728      
   0.9025365346974470     
 b_para_n=    1.015610277864362     
 dxdt=   -2.728496699702666        -4822.820160422826      
    7394.503592663215     
 dudt=   -3875751.198907176     
 ---------------------
 rk4
 istep=     24000001
 grad_b=  -0.4642173952397745        0.1733725492626217      
  -0.1090864591876463     
 bsub=  -1.2500617092067363E-002  -0.2035384362140525      
    1.440622249004620     
 bsup=    0.000000000000000        -1.070079697829964      
   0.8920287942138547     
 b_abs=    1.225923112915714     
 g=  -1.8299576366014526E-002
 j=    0.000000000000000         205.7881102594326      
    59.29178933493207     
 v_perp_2=    101437351.5012860     
 b_n=   6.2308137417001533E-004   -1.068244821692663      
   0.8922934437996505     
 b_para_n=    1.225923115656651     
 dxdt=    7.239718172168130        -6261.734184979377      
    5240.689560202593     
 dudt=    9544890.278901959     
 ---------------------
 rk4
 istep=     25000001
 grad_b=   0.8267234492732053       -2.4735234283717142E-002 
  -0.1613873908807804     
 bsub=  -1.8510265185821599E-002   9.1085892017486292E-002 
    1.410670418586775     
 bsup=    0.000000000000000       -0.3195951745687434      
    1.104324896910138     
 b_abs=    1.236179775062753     
 g=  -8.5609564608965377E-003
 j=    0.000000000000000         608.9269685537033      
    121.4607124523695     
 v_perp_2=    102285307.3796519     
 b_n=  -1.1527884408071060E-004  -0.3262358840490783      
    1.104752181920118     
 b_para_n=    1.236179788992129     
 dxdt=   -1.333801263371958        -1922.501430181039      
    6382.435825875324     
 dudt=    5700125.739465311     
 ---------------------
 rk4
 istep=     26000001
 grad_b=  -5.1833997531211609E-002   9.8717948087094123E-002 
   0.1359323020575066     
 bsub=  -5.2406648328288737E-002   1.0554134664407126E-002 
    1.015378598172045     
 bsup=    0.000000000000000       -0.4506626908951452      
    1.139097649108825     
 b_abs=    1.073128831773867     
 g=  -8.8352566434972326E-003
 j=    0.000000000000000        -277.2332051966218      
    54.02216322396478     
 v_perp_2=    88793297.42450693     
 b_n=   8.1558805446917679E-004  -0.4502870630065497      
    1.139135844631447     
 b_para_n=    1.073128836533021     
 dxdt=    10.30447979013671        -3366.836454951850      
    8522.514001373196     
 dudt=   -4254256.763009105     
 ---------------------
 rk4
 istep=     27000001
 grad_b=   0.4488367581992080       -3.0205398535217316E-002 
   3.1209805386575577E-002
 bsub=   5.7427017608450710E-002   0.1639380843908875      
    2.027222756327255     
 bsup=    0.000000000000000        -1.109362119524871      
    1.070066131479635     
 b_abs=    1.409794415373632     
 g=  -9.6751124479563157E-003
 j=    0.000000000000000        -47.51295131202204      
    244.5713469429975     
 v_perp_2=    116649010.0944385     
 b_n=  -2.1838017156526837E-004   -1.112351004571867      
    1.070314037409445     
 b_para_n=    1.409794434902232     
 dxdt=   -2.430488630300225        -4793.889956451007      
    4594.752268681651     
 dudt=   -1963357.739779122     
 ---------------------
 rk4
 istep=     28000001
 grad_b=   -1.196516258283984        9.7602953490265182E-002 
  -0.1559986149422484     
 bsub=   2.9227922293518355E-002  -0.1341726674147123      
    1.368929454061331     
 bsup=    0.000000000000000       -0.9019032885262357      
   0.8747391442320812     
 b_abs=    1.148285706966117     
 g=  -2.0006821392094684E-002
 j=    0.000000000000000         866.4054244651938      
    45.79511929274131     
 v_perp_2=    95010597.48228717     
 b_n=   3.4101761380401255E-004  -0.8969599248605585      
   0.8752163728952621     
 b_para_n=    1.148285702891036     
 dxdt=    4.115079978215804        -5934.372418342577      
    5819.250460192575     
 dudt=    8087889.798663285     
 ---------------------
 rk4
 istep=     29000001
 grad_b=  -0.4752234004387687       -1.5256416530302103E-002 
   1.5385471764017306E-002
 bsub=  -1.2055800155418649E-002   4.0005785277261147E-002 
    1.020727268247762     
 bsup=    0.000000000000000        0.3767130922112190      
   0.9262235734724557     
 b_abs=   0.9798637896840872     
 g=  -1.6649191853958960E-002
 j=    0.000000000000000         706.7792646767026      
    127.8526418241993     
 v_perp_2=    81074594.01555578     
 b_n=  -9.0004377648314693E-005   0.3794090983288504      
   0.9261168624809453     
 b_para_n=   0.9798638081537785     
 dxdt=   -1.218641895421910         3302.679245120374      
    8029.094733907299     
 dudt=   -359004.7693309105     
 ---------------------
 Elapsed time (seconds):     154.2014420000000     

real	2m34.212s
user	2m33.932s
sys	0m0.020s
>>> [PID 3841789] DONE  u=8500, v_perp=-9000, out=bounce/dat39.dat
