>>> [PID 3880135] START u=4500, v_perp=6000, out=bounce/dat346.dat, dt=5.00E-09, steps=30000000
 outer boundary:   8.3000000000000462E-002
 rk4
 istep=            1
 grad_b=  -0.5028814868992002        4.9310724276522347E-003 
  -7.9814587798312103E-003
 bsub=   8.6926221953578693E-003   4.2252205938017692E-002 
    1.020727592058099     
 bsup=    0.000000000000000        0.5002977069557518      
   0.9181487224216512     
 b_abs=   0.9787595852618536     
 g=  -1.6418808410755239E-002
 j=    0.000000000000000         576.0999461509670      
    59.08286187083412     
 v_perp_2=    35999995.88905183     
 b_n=   1.6074271265420492E-005   0.5018338863193855      
   0.9180850016223887     
 b_para_n=   0.9787595904892883     
 dxdt=   0.1395963910847408         2313.537785183728      
    4220.779105863408     
 dudt=    91339.90097831613     
 ---------------------
 rk4
 istep=      1000001
 grad_b=   0.3946447764191681       -9.1228546992815546E-002 
  -0.2325213575986753     
 bsub=   4.7718550407327753E-002   0.1142007449396199      
    1.866407910299708     
 bsup=    0.000000000000000        -1.631151460054482      
    1.063484807131735     
 b_abs=    1.341416975632839     
 g=  -8.9424252221390714E-003
 j=    0.000000000000000        -16.51945227370135      
   -152.1449548608511     
 v_perp_2=    49338906.40267711     
 b_n=  -2.4563526235631177E-004   -1.632429349670012      
    1.063569274165502     
 b_para_n=    1.341416970142592     
 dxdt=   -2.199750464866886        -3208.158665217546      
    2084.963607737315     
 dudt=    1350080.890360922     
 ---------------------
 rk4
 istep=      2000001
 grad_b=   0.1783806973841719       -4.1569329474007523E-002 
  -0.1057536903466852     
 bsub=   3.6821988080220462E-002   2.1463911281498892E-002 
   0.9993821705043952     
 bsup=    0.000000000000000        0.1006581508898398      
    1.119305214274999     
 b_abs=    1.059112940757567     
 g=  -1.1469054551701177E-002
 j=    0.000000000000000         79.50309559832630      
    72.11121549737581     
 v_perp_2=    38955368.84746147     
 b_n=  -1.3281354607299611E-004   0.1000421222917481      
    1.119323342125089     
 b_para_n=    1.059112944353201     
 dxdt=   -1.108832496916373         390.0981926515884      
    4395.181927802220     
 dudt=    2128063.654686355     
 ---------------------
 rk4
 istep=      3000001
 grad_b=  -0.9480968435829695       -0.1369824602806475      
   0.1440846221281538     
 bsub=  -2.3523819152639007E-002  -0.1763909613799721      
    1.430862195435605     
 bsup=    0.000000000000000        -1.005568364643381      
   0.8810450285730123     
 b_abs=    1.199137179587451     
 g=  -1.8893060024176851E-002
 j=    0.000000000000000         425.0802106830870      
   -17.14928902343467     
 v_perp_2=    44105543.65536883     
 b_n=  -2.2892508334458982E-004   -1.003752374955193      
   0.8812651302526416     
 b_para_n=    1.199137176416703     
 dxdt=   -1.873378286862478        -2907.486110007304      
    2562.262832930451     
 dudt=   -4059401.703053094     
 ---------------------
 rk4
 istep=      4000001
 grad_b=  -0.9087748561583365       -4.6137794314318782E-003 
  -4.4381836980480649E-002
 bsub=  -1.1280249853635509E-002  -7.2149925982871690E-002 
    1.007299867994493     
 bsup=    0.000000000000000       -0.4982464386823806      
   0.9444229463142241     
 b_abs=   0.9937915200135329     
 g=  -1.7722279043089033E-002
 j=    0.000000000000000         1176.350349307077      
   -424.5913130426603     
 v_perp_2=    36552644.31352993     
 b_n=  -2.0822749674020688E-005  -0.4958167249182877      
   0.9445967165043414     
 b_para_n=   0.9937914897326815     
 dxdt=  -0.1792758081328884        -2204.198605421803      
    4219.191681949575     
 dudt=    733118.0717484489     
 ---------------------
 rk4
 istep=      5000001
 grad_b=   0.5088650958419020        9.8910961668899400E-002 
   0.1864875933626282     
 bsub=  -4.0424070870993450E-002   8.9966840727707900E-002 
    1.445604725111375     
 bsup=    0.000000000000000       -0.7648530533723625      
    1.103772324134627     
 b_abs=    1.234860278715352     
 g=  -8.0696018473709399E-003
 j=    0.000000000000000        -467.1220003278615      
   -74.23298589618391     
 v_perp_2=    45419322.50985081     
 b_n=   3.5312212342070880E-004  -0.7669323675102652      
    1.103911600606210     
 b_para_n=    1.234860274478278     
 dxdt=    2.914381002373758        -2055.554231153073      
    2942.789287972844     
 dudt=   -1938847.586484580     
 ---------------------
 rk4
 istep=      6000001
 grad_b=  -0.5894359120790801        0.1102482206372871      
  -7.9942493213477434E-002
 bsub=  -1.7607746503816416E-002  -3.2245167856808421E-002 
    1.143263632163952     
 bsup=    0.000000000000000       -0.4425857125854641      
   0.9023835487994797     
 b_abs=    1.022686414073238     
 g=  -2.0505797028875027E-002
 j=    0.000000000000000        -547.5244217760223      
    124.6381905952622     
 v_perp_2=    37615307.80579059     
 b_n=   2.5997994093768023E-004  -0.4411637904496672      
   0.9024276651907649     
 b_para_n=    1.022686422762993     
 dxdt=    2.204955537926013        -1856.108546012467      
    3809.363765940930     
 dudt=    2174682.392313597     
 ---------------------
 rk4
 istep=      7000001
 grad_b=   0.5448597438276825       -2.1841057952615921E-002 
   0.1141879156475494     
 bsub=   8.2791419544864020E-002   0.1205716046373836      
    1.886481269117930     
 bsup=    0.000000000000000       -0.9630829741681648      
    1.057898785057371     
 b_abs=    1.371072362029355     
 g=  -1.1053302954798823E-002
 j=    0.000000000000000         1974.029962500053      
   -362.3620488500459     
 v_perp_2=    50429167.52813476     
 b_n=  -6.6773840879617312E-005  -0.9643200161459801      
    1.057980773748265     
 b_para_n=    1.371072354511376     
 dxdt=  -0.6264850142390603        -1706.318422541174      
    1862.326107707263     
 dudt=   -1902440.285759279     
 ---------------------
 rk4
 istep=      8000001
 grad_b=   0.4481743362153443       -7.1996779087081963E-002 
  -0.2110269164152060     
 bsub=   6.4802531651982770E-003   0.1722067234108775      
    1.975946530409901     
 bsup=    0.000000000000000        -1.286864723526649      
    1.071204565999503     
 b_abs=    1.376087492346297     
 g=  -7.4921303259553682E-003
 j=    0.000000000000000        -1651.996715558939      
    280.0563996197577     
 v_perp_2=    50613559.19305070     
 b_n=  -1.8543244674351774E-004   -1.288417483237190      
    1.071340502577643     
 b_para_n=    1.376087496778236     
 dxdt=   -1.756317434489883        -2234.892431408224      
    1849.401829824877     
 dudt=    1782831.747310504     
 ---------------------
 rk4
 istep=      9000001
 grad_b=   0.4028090344614607       -1.4882473456341562E-002 
  -0.1249041971981615     
 bsub=   2.1461888531013211E-002   4.4422583167610871E-002 
    1.067657017148065     
 bsup=    0.000000000000000        0.2722694696427196      
    1.095199037107872     
 b_abs=    1.086641221853124     
 g=  -1.1531405552806816E-002
 j=    0.000000000000000        -804.5315086096441      
   -10.10572581804824     
 v_perp_2=    39967438.99287283     
 b_n=  -3.2059573529245620E-005   0.2709278002492958      
    1.095255503001681     
 b_para_n=    1.086641219762782     
 dxdt=  -0.2651635354639438         999.9567589452140      
    4067.411429746286     
 dudt=    2383705.612583079     
 ---------------------
 rk4
 istep=     10000001
 grad_b=  -0.7726905703802853       -0.1578855166859424      
   0.1308191243759929     
 bsub=  -1.0466832679025654E-002  -0.1852895973491321      
    1.423443993299081     
 bsup=    0.000000000000000        -1.002517163128269      
   0.8823415697423473     
 b_abs=    1.200566522976729     
 g=  -1.8559081925234797E-002
 j=    0.000000000000000         270.4987131945924      
   -49.27762567895189     
 v_perp_2=    44157615.83129054     
 b_n=  -2.7267269109188213E-004   -1.001023229056820      
   0.8825340268006986     
 b_para_n=    1.200566519162319     
 dxdt=   -2.231817361941265        -2891.537856188446      
    2557.255303290218     
 dudt=   -4192687.953497056     
 ---------------------
 rk4
 istep=     11000001
 grad_b=  -0.7748896022541873       -1.7431285484226337E-002 
  -2.0807619423902357E-002
 bsub=   3.1457141848008022E-003  -9.6517462531552245E-002 
   0.8681058306105198     
 bsup=    0.000000000000000       -0.4761465316639647      
    1.063109293615578     
 b_abs=   0.9843384453921178     
 g=  -1.2173523998903200E-002
 j=    0.000000000000000        -86.97930169174447      
    169.6160618638621     
 v_perp_2=    36204543.71172848     
 b_n=  -6.8064811425546835E-005  -0.4734755643086995      
    1.063406513610609     
 b_para_n=   0.9843384548467750     
 dxdt=  -0.5891677487361058        -2142.609306969977      
    4838.073228293319     
 dudt=    258215.0250462607     
 ---------------------
 rk4
 istep=     12000001
 grad_b=  -0.6870553555654986       -4.3424408417715658E-002 
   7.2342739963188935E-002
 bsub=  -5.1084967962941832E-002  -0.2223851437271367      
    1.529639593185663     
 bsup=    0.000000000000000        -1.262014732076626      
   0.9048569174744130     
 b_abs=    1.290172560659551     
 g=  -1.8474296582110847E-002
 j=    0.000000000000000         288.1922039548529      
    12.79610033128962     
 v_perp_2=    47453230.76814016     
 b_n=  -5.0789155848611493E-005   -1.260958038534475      
   0.9050088467514286     
 b_para_n=    1.290172559616775     
 dxdt=  -0.4316750916387447        -2892.222545431190      
    2081.436779576499     
 dudt=   -1714227.289575480     
 ---------------------
 rk4
 istep=     13000001
 grad_b=   0.2435133694550650       -7.7366654750419608E-003 
   0.1129325477308996     
 bsub=  -2.1849367996933960E-002   3.6653780772771094E-002 
    1.037106690390550     
 bsup=    0.000000000000000        0.3343821138328256      
    1.067612753694719     
 b_abs=    1.058158497348047     
 g=  -1.2860695143082084E-002
 j=    0.000000000000000        -471.7307787353325      
   -156.5315829365982     
 v_perp_2=    38919561.06060637     
 b_n=  -3.6785905896102443E-005   0.3336108234390364      
    1.067639228955102     
 b_para_n=    1.058158488568137     
 dxdt=  -0.3072259026129923         1309.077423907294      
    4200.400295531541     
 dudt=   -2050446.513902883     
 ---------------------
 rk4
 istep=     14000001
 grad_b=   0.5809865314614311        6.4891856427667483E-002 
   0.1896554851751218     
 bsub=   2.0421095153519329E-002   0.1762317833976794      
    1.960690829469168     
 bsup=    0.000000000000000        -1.063787380331713      
    1.074114175319955     
 b_abs=    1.384804359399911     
 g=  -8.1864224399537024E-003
 j=    0.000000000000000         186.3174037967197      
    17.63405941785518     
 v_perp_2=    50933665.52628653     
 b_n=   1.4413803361734131E-004   -1.065531702311714      
    1.074269458849520     
 b_para_n=    1.384804360465427     
 dxdt=    1.389623126610440        -1788.037113393605      
    1789.911538331501     
 dudt=   -1788555.755825289     
 ---------------------
 rk4
 istep=     15000001
 grad_b=   0.5817525488715254       -3.3381633241269526E-002 
  -0.1440111171822986     
 bsub=  -3.4444904849834909E-002   0.1785093546800054      
    2.002602361187719     
 bsup=    0.000000000000000        -1.064339289371242      
    1.074534681832996     
 b_abs=    1.400768211669125     
 g=  -8.6230258509977335E-003
 j=    0.000000000000000         454.6909401456905      
    32.30856689036809     
 v_perp_2=    51520751.72800284     
 b_n=  -5.5321524481862137E-005   -1.065899120446641      
    1.074672773086910     
 b_para_n=    1.400768213794469     
 dxdt=  -0.5537122315830166        -1667.992185739366      
    1669.590211217527     
 dudt=    1565138.793095046     
 ---------------------
 rk4
 istep=     16000001
 grad_b=   0.1822780186841321        2.7275409075933753E-002 
  -0.1181306410486773     
 bsub=   1.5947739738596440E-002   3.8366145768250572E-002 
    1.046720266369491     
 bsup=    0.000000000000000        0.4263657788242330      
    1.039541139347658     
 b_abs=    1.050987086192475     
 g=  -1.3241817769485331E-002
 j=    0.000000000000000        -657.6631811214725      
    92.67425733628551     
 v_perp_2=    38655615.21504088     
 b_n=   9.9250356481649985E-005   0.4257876838720135      
    1.039560820080667     
 b_para_n=    1.050987089775532     
 dxdt=   0.8312575677083114         1696.815306703591      
    4149.049291359777     
 dudt=    1945295.469641041     
 ---------------------
 rk4
 istep=     17000001
 grad_b=   -1.013160194933117       -6.6216269640525127E-002 
  -0.2567598934529101     
 bsub=   6.4665982956528853E-002  -8.5264417168271517E-002 
    1.521314706638417     
 bsup=    0.000000000000000        -1.114262717836364      
   0.9098296696428828     
 b_abs=    1.216099325381124     
 g=  -1.9416490626433767E-002
 j=    0.000000000000000        -1130.651180694371      
   -15.73857684728802     
 v_perp_2=    44728410.22194130     
 b_n=  -1.5164719522033312E-004   -1.112377212730029      
   0.9099417934309657     
 b_para_n=    1.216099327567519     
 dxdt=   -1.244879551482060        -3094.624448219166      
    2540.414782959976     
 dudt=    2416919.018157218     
 ---------------------
 rk4
 istep=     18000001
 grad_b=  -0.7398581080015055        6.9876308147524199E-003 
   1.2087741290003028E-002
 bsub=   1.1559905801459025E-002  -8.4893799361267980E-002 
   0.9134759924743516     
 bsup=    0.000000000000000       -0.4354515286807998      
    1.020169708612225     
 b_abs=   0.9845071200644383     
 g=  -1.4671578377565768E-002
 j=    0.000000000000000        -367.2801208411535      
    258.8884593730274     
 v_perp_2=    36210345.86858928     
 b_n=   2.4400499278469920E-005  -0.4332253601282466      
    1.020376306093571     
 b_para_n=   0.9845071363165742     
 dxdt=   0.2111885360148681        -1960.736192504588      
    4640.513479847134     
 dudt=   -173509.4781353458     
 ---------------------
 rk4
 istep=     19000001
 grad_b=  -0.7458446714768219        0.1479620171410210      
  -0.1293432523712124     
 bsub=   1.3689545740732542E-002  -0.2007242154356392      
    1.459497995849097     
 bsup=    0.000000000000000        -1.081976515358907      
   0.8875685109582193     
 b_abs=    1.229714153587944     
 g=  -1.7982255273708295E-002
 j=    0.000000000000000         111.7785209984702      
   -173.9079902378670     
 v_perp_2=    45229024.66169024     
 b_n=   2.4264982138438523E-004   -1.080588481473954      
   0.8877571240588062     
 b_para_n=    1.229714145615010     
 dxdt=    1.999237556798899        -2909.510776207865      
    2397.669464299479     
 dudt=    4110957.342208174     
 ---------------------
 rk4
 istep=     20000001
 grad_b=   0.1702567730309733        2.3014627942953718E-002 
   0.1011109499182224     
 bsub=  -3.4172409175691892E-002   2.1569504608893727E-002 
   0.9978011396829811     
 bsup=    0.000000000000000        0.1695144682742351      
    1.102458132766758     
 b_abs=    1.050936732279015     
 g=  -1.2334366776733923E-002
 j=    0.000000000000000         253.9551417906454      
   -116.3481974059856     
 v_perp_2=    38653504.03135137     
 b_n=   6.6949914445259354E-005   0.1689560984432855      
    1.102472490132736     
 b_para_n=    1.050936726755965     
 dxdt=   0.5607377036917838         671.9409400723732      
    4400.585906858312     
 dudt=   -2018853.624473738     
 ---------------------
 rk4
 istep=     21000001
 grad_b=   0.4459660608038802        7.1876201888668584E-002 
   0.2087735610743768     
 bsub=  -1.6168801525614358E-002   0.1582231403466300      
    1.884954689162918     
 bsup=    0.000000000000000        -1.266207305616509      
    1.074261418727177     
 b_abs=    1.350705295083529     
 g=  -7.5792024814665664E-003
 j=    0.000000000000000        -1897.775829641789      
    334.5037075056292     
 v_perp_2=    49678926.29929151     
 b_n=   1.9869378116207383E-004   -1.267844218703091      
    1.074400529980365     
 b_para_n=    1.350705301183800     
 dxdt=    1.802521853112274        -2417.897138481530      
    2040.028693790350     
 dudt=   -1814445.372959658     
 ---------------------
 rk4
 istep=     22000001
 grad_b=   0.4930365968154917        6.1471890377691019E-002 
  -0.1013634415390228     
 bsub=  -0.1024142392054704        2.5013403635143455E-002 
    1.767500638366214     
 bsup=    0.000000000000000        -1.037723198586509      
    1.022165942879099     
 b_abs=    1.334566095268656     
 g=  -1.3149641763170903E-002
 j=    0.000000000000000        -109.3758528707336      
   -253.4361133525470     
 v_perp_2=    49085259.69272204     
 b_n=   1.3294033141125397E-004   -1.038752725979066      
    1.022188208830760     
 b_para_n=    1.334566086364375     
 dxdt=    1.179986643045971        -2090.471598108539      
    2050.328379943922     
 dudt=    2306745.526995106     
 ---------------------
 rk4
 istep=     23000001
 grad_b=   0.2801907375044505       -0.1328350518114051      
   8.8040947660598570E-002
 bsub=   8.7267166503756294E-002  -0.1277376404455711      
    1.580068557046468     
 bsup=    0.000000000000000        -1.075748055483353      
   0.9589832571604291     
 b_abs=    1.285527569085946     
 g=  -1.7156798866028916E-002
 j=    0.000000000000000         542.9766450536226      
   -236.1297268140382     
 v_perp_2=    47281534.41315296     
 b_n=  -2.1949684218948659E-004   -1.076228748820838      
   0.9589565106527416     
 b_para_n=    1.285527558545079     
 dxdt=   -1.859206996089144        -2510.113183886086      
    2233.801979942132     
 dudt=   -3251985.551261734     
 ---------------------
 rk4
 istep=     24000001
 grad_b=   0.6257936209713023       -6.9677486737489872E-002 
  -0.1668492920938222     
 bsub=   2.1138070607746466E-002   0.1105255396206471      
    1.493174343761780     
 bsup=    0.000000000000000       -0.7031917688329693      
    1.115758906710160     
 b_abs=    1.260179137757149     
 g=  -7.6870825254337482E-003
 j=    0.000000000000000        -535.2185351125501      
    219.1203288601680     
 v_perp_2=    46349161.86410605     
 b_n=  -2.3082223987951368E-004  -0.7057209915114202      
    1.115949394604306     
 b_para_n=    1.260179144738836     
 dxdt=   -1.925374216743957        -1776.906893291159      
    2787.543614869496     
 dudt=    2001692.599278987     
 ---------------------
 rk4
 istep=     25000001
 grad_b=  -0.7384878047062648        3.2201445430594111E-003 
   1.6365789617653365E-002
 bsub=   2.0919909176174804E-002  -6.3737908027465068E-002 
   0.9646098544321213     
 bsup=    0.000000000000000       -0.4193145400232471      
   0.9817692295352730     
 b_abs=   0.9869203383763731     
 g=  -1.6997664179384746E-002
 j=    0.000000000000000        -128.6879020507280      
   -46.35105496619673     
 v_perp_2=    36298694.39332334     
 b_n=   1.1711268220265543E-005  -0.4173029907019628      
   0.9819018891532147     
 b_para_n=   0.9869203361753713     
 dxdt=   0.1012205088154925        -1880.383741027215      
    4444.521708288722     
 dudt=   -274233.8913201937     
 ---------------------
 rk4
 istep=     26000001
 grad_b=  -0.8183331963679521        0.1321850936526363      
  -0.1310284350791875     
 bsub=   2.4268523399712236E-002  -0.2031673665844921      
    1.478324056244782     
 bsup=    0.000000000000000        -1.121407214206052      
   0.8898419740212367     
 b_abs=    1.242253967225388     
 g=  -1.8017221682335029E-002
 j=    0.000000000000000         113.5260611589080      
   -264.6676405750779     
 v_perp_2=    45689722.93202551     
 b_n=   2.0638425376141460E-004   -1.119931903882986      
   0.8900413295157676     
 b_para_n=    1.242253955755245     
 dxdt=    1.707822063379209        -2921.322422797634      
    2329.420187658262     
 dudt=    3920421.180329978     
 ---------------------
 rk4
 istep=     27000001
 grad_b=  -2.2409170736280903E-002   4.7975065318677672E-002 
   8.9898167345690783E-002
 bsub=  -4.1250855469787129E-002  -3.5892280133719145E-003 
   0.9483356705374608     
 bsup=    0.000000000000000        3.9776399033498500E-002 
    1.126562814379448     
 b_abs=    1.033295940010484     
 g=  -1.1540979691144673E-002
 j=    0.000000000000000         228.5718843422711      
    10.07883394002482     
 v_perp_2=    38004244.69360989     
 b_n=   1.6616213524061862E-004   3.9840030927760874E-002 
    1.126570283458886     
 b_para_n=    1.033295940470037     
 dxdt=    1.402256600487715         164.9671713690341      
    4657.120655819550     
 dudt=   -1836390.348098153     
 ---------------------
 rk4
 istep=     28000001
 grad_b=  -0.1833579689301676        0.1512705560033548      
   0.2754389683977123     
 bsub=  -6.7698174550749071E-002   3.0528858644555418E-002 
    1.723325527497791     
 bsup=    0.000000000000000        -1.331047078551208      
   0.9987804373258934     
 b_abs=    1.296659926135024     
 g=  -1.3770072100392904E-002
 j=    0.000000000000000         746.2623388631954      
   -212.2915032540361     
 v_perp_2=    47690603.29941151     
 b_n=   3.3351217401830248E-004   -1.330653976259801      
   0.9987865690896811     
 b_para_n=    1.296659918287152     
 dxdt=    2.848864578753099        -2999.874427359054      
    2253.593701099282     
 dudt=   -1046021.916395261     
 ---------------------
 rk4
 istep=     29000001
 grad_b=   0.3029927581574699       -8.0481757769579498E-002 
   0.1699682762193816     
 bsub=   8.9276112385845673E-003   2.2981489192753696E-002 
    1.152339683596042     
 bsup=    0.000000000000000        0.7717930122674715      
   0.9814416121198326     
 b_abs=    1.071926711507108     
 g=  -1.2555921216483128E-002
 j=    0.000000000000000        -121.3736744449578      
    298.3756066403892     
 v_perp_2=    39424942.63411322     
 b_n=  -2.8746886086558805E-004   0.7707590142702773      
   0.9814644755001248     
 b_para_n=    1.071926727512289     
 dxdt=   -2.388835051447908         2944.751504008414      
    3755.775347879598     
 dudt=   -1796185.884680482     
 ---------------------
 Elapsed time (seconds):     153.4913110000000     

real	2m33.502s
user	2m33.263s
sys	0m0.018s
>>> [PID 3880135] DONE  u=4500, v_perp=6000, out=bounce/dat346.dat
