>>> [PID 3877220] START u=9500, v_perp=4000, out=bounce/dat314.dat, dt=5.00E-09, steps=30000000
 outer boundary:   8.3000000000000462E-002
 rk4
 istep=            1
 grad_b=  -0.5028801590987986        4.9297999112577900E-003 
  -7.9787626801261918E-003
 bsub=   8.6929707883799771E-003   4.2252009625521066E-002 
    1.020728358049318     
 bsup=    0.000000000000000        0.5002728066446445      
   0.9181489547829610     
 b_abs=   0.9787594611173408     
 g=  -1.6418934573355363E-002
 j=    0.000000000000000         576.0999389044721      
    59.06410977759562     
 v_perp_2=    15999996.14349370     
 b_n=   3.3925404751679233E-005   0.5035158216124241      
   0.9180144351409213     
 b_para_n=   0.9787594721505340     
 dxdt=   0.3584742965927848         4889.997432171105      
    8910.283151556305     
 dudt=    40581.20653461173     
 ---------------------
 rk4
 istep=      1000001
 grad_b=   0.5146349507681041       -7.7092470613630462E-002 
  -0.2083226364380819     
 bsub=  -4.2619043748460417E-003   0.1700684744359291      
    1.923586754846919     
 bsup=    0.000000000000000        -1.122883238018890      
    1.073240785314929     
 b_abs=    1.368038107558840     
 g=  -7.7774667813937381E-003
 j=    0.000000000000000        -679.4878296105663      
    325.0662245770938     
 v_perp_2=    22363374.53614444     
 b_n=  -7.4296317676234036E-004   -1.129394026549617      
    1.073814795453008     
 b_para_n=    1.368038140353229     
 dxdt=   -5.637138163146677        -7567.061028667057      
    7189.662143832565     
 dudt=    818613.5880038565     
 ---------------------
 rk4
 istep=      2000001
 grad_b=  -0.7014051160108503       -5.4987062860148456E-002 
   5.2831316396824188E-002
 bsub=   2.0153787267146173E-002  -2.6050265973162193E-002 
    1.079949055201239     
 bsup=    0.000000000000000       -0.4310442429716613      
   0.9127441149589371     
 b_abs=   0.9985389437182330     
 g=  -1.9770346870362301E-002
 j=    0.000000000000000        -1119.246652476665      
    285.1628580707338     
 v_perp_2=    16322974.31095224     
 b_n=  -2.9192904768144225E-004  -0.4272268790421333      
   0.9128416833674416     
 b_para_n=   0.9985389858687946     
 dxdt=   -3.024023742691563        -4054.024043802203      
    8669.214796280603     
 dudt=   -588718.3462589587     
 ---------------------
 rk4
 istep=      3000001
 grad_b=   0.7728238476715592       -4.7107693073314069E-002 
  -0.1633179896566881     
 bsub=  -1.8024247190886883E-003   0.1000847435332976      
    1.402020421765645     
 bsup=    0.000000000000000       -0.4027982777018722      
    1.122078781637212     
 b_abs=    1.237957673274550     
 g=  -8.1299257238452143E-003
 j=    0.000000000000000        -258.7193212122933      
   -133.6583928775343     
 v_perp_2=    20236496.41754900     
 b_n=  -3.8702645552921066E-004  -0.4112335620879947      
    1.122680430992078     
 b_para_n=    1.237957656306199     
 dxdt=   -3.240549256254038        -3088.252167396173      
    8411.260046580377     
 dudt=    1084632.433206285     
 ---------------------
 rk4
 istep=      4000001
 grad_b=  -0.7443878550456340       -0.1682903614342660      
   0.1222987298173330     
 bsub=  -2.6902945893952754E-003  -0.1626803763391165      
    1.367725643203400     
 bsup=    0.000000000000000       -0.9021276195840863      
   0.8797040905781438     
 b_abs=    1.161812661366962     
 g=  -1.9334755030232867E-002
 j=    0.000000000000000        -48.12548939560290      
   -102.9646444775231     
 v_perp_2=    18991557.18288362     
 b_n=  -7.8738307243711610E-004  -0.8983165526120662      
   0.8801558284409425     
 b_para_n=    1.161812649267002     
 dxdt=   -7.019655257020339        -7219.323138327888      
    7077.036808827454     
 dudt=   -1824881.297620559     
 ---------------------
 rk4
 istep=      5000001
 grad_b=   0.2564984991688093       -4.7886407867420738E-002 
  -0.1161967844696110     
 bsub=   3.5089952882630344E-002   3.1599865805396088E-002 
    1.027574422892358     
 bsup=    0.000000000000000        5.8316433919237798E-002 
    1.123994804340792     
 b_abs=    1.075788534678565     
 g=  -1.0851622896070980E-002
 j=    0.000000000000000        -342.1015491301891      
    324.2193671361327     
 v_perp_2=    17585176.41909374     
 b_n=  -3.5716537541923742E-004   5.6217026350753187E-002 
    1.124071597810916     
 b_para_n=    1.075788569157567     
 dxdt=   -3.436226906993476         490.2361293087931      
    9838.880077405527     
 dudt=    1013472.091721124     
 ---------------------
 rk4
 istep=      6000001
 grad_b=  -0.7750280507994610        0.1055341640940506      
  -0.1094302141094318     
 bsub=   3.3029453889640480E-002  -0.2173748862570506      
    1.504630231643183     
 bsup=    0.000000000000000        -1.197995999408462      
   0.8952699524610623     
 b_abs=    1.267922651209581     
 g=  -1.7939802488576285E-002
 j=    0.000000000000000         76.18838536815855      
   -257.8093911169435     
 v_perp_2=    20725617.27066011     
 b_n=   4.5287679471327778E-004   -1.194096237912625      
   0.8958233862135112     
 b_para_n=    1.267922620621570     
 dxdt=    3.703422363011920        -8706.020011841238      
    6534.421279004967     
 dudt=    1446491.414097893     
 ---------------------
 rk4
 istep=      7000001
 grad_b=  -0.5218516893184402       -1.0303390809074921E-002 
  -2.1389032468009828E-002
 bsub=   2.6261741576527817E-002  -6.5698178439584032E-002 
   0.8934455963130289     
 bsup=    0.000000000000000       -0.3278813645939157      
    1.067499538559996     
 b_abs=   0.9871923052311876     
 g=  -1.3850624711368296E-002
 j=    0.000000000000000         145.1460876286920      
    22.40671348457835     
 v_perp_2=    16136597.03511533     
 b_n=  -7.8066351993924440E-005  -0.3244551684218079      
    1.067753774891831     
 b_para_n=   0.9871923065736353     
 dxdt=  -0.8178958716619902        -3117.000146133148      
    10267.70321143180     
 dudt=    161064.1003223395     
 ---------------------
 rk4
 istep=      8000001
 grad_b=   -1.265909056325180        4.2469268990829367E-002 
  -0.1349375822738891     
 bsub=   1.3781935255691302E-002  -8.7628770268036754E-002 
    1.207997515133534     
 bsup=    0.000000000000000       -0.7630056371929910      
   0.8748448143301844     
 b_abs=    1.060128228188957     
 g=  -1.9910461232450664E-002
 j=    0.000000000000000        -667.2699721475751      
   -331.1987274502234     
 v_perp_2=    17328591.93110697     
 b_n=   1.7404459302879696E-004  -0.7562722047471656      
   0.8753312423061225     
 b_para_n=    1.060128190507314     
 dxdt=    1.698968903803701        -6721.187127005109      
    7786.472048773293     
 dudt=    1159904.448587465     
 ---------------------
 rk4
 istep=      9000001
 grad_b=   -1.158503980372865        2.9713680057135088E-002 
   0.1192917869393689     
 bsub=  -1.1922758845585383E-002  -8.2863473360155954E-002 
    1.107130549366244     
 bsup=    0.000000000000000       -0.6810256174694047      
   0.8964702536134928     
 b_abs=    1.024003406807747     
 g=  -1.7934678123028045E-002
 j=    0.000000000000000        -569.9431651001848      
    134.1248510640543     
 v_perp_2=    16737940.17381761     
 b_n=   2.2516475563872220E-004  -0.6742826532478166      
   0.8969773788071033     
 b_para_n=    1.024003430023464     
 dxdt=    2.274870143854804        -6224.079121826329      
    8287.886787040638     
 dudt=   -692014.9217936426     
 ---------------------
 rk4
 istep=     10000001
 grad_b=  -0.6603936104118403       -2.4418695532901456E-003 
  -3.9439813535939866E-003
 bsub=  -2.4122381679596468E-002  -6.1457934483649862E-002 
   0.9447348124557087     
 bsup=    0.000000000000000       -0.3859058983112114      
    1.003443817812397     
 b_abs=   0.9857155812262128     
 g=  -1.6361976856114124E-002
 j=    0.000000000000000        -435.6734291139021      
    59.06663002337547     
 v_perp_2=    16111905.81775208     
 b_n=  -1.5926997667417683E-005  -0.3820075158598324      
    1.003697024097577     
 b_para_n=   0.9857155918339074     
 dxdt=  -0.1671141674879213        -3676.022663020537      
    9667.517957803087     
 dudt=    24999.67979918190     
 ---------------------
 rk4
 istep=     11000001
 grad_b=   -1.230273987927133       -1.3194496233115957E-002 
   0.2157364068272748     
 bsub=  -5.4711402170396578E-002  -0.1238877389102057      
    1.452835164956421     
 bsup=    0.000000000000000        -1.044515908501802      
   0.8830149164530233     
 b_abs=    1.188290274075265     
 g=  -2.0675792045568252E-002
 j=    0.000000000000000        -238.3670996582985      
   -379.0922786963004     
 v_perp_2=    19422867.53249631     
 b_n=   2.5235080229677158E-005   -1.038587257881196      
   0.8835213841183148     
 b_para_n=    1.188290228856726     
 dxdt=   0.2200163647312569        -8138.995741276885      
    6928.673787136643     
 dudt=   -1404953.336529235     
 ---------------------
 rk4
 istep=     12000001
 grad_b=   0.1081363651197887        2.5711205331077812E-002 
   9.5573847778053250E-002
 bsub=  -3.6455995079963617E-002   1.4099943996441665E-002 
   0.9816175851510569     
 bsup=    0.000000000000000        0.1397091927410005      
    1.103840594528280     
 b_abs=    1.042040094949741     
 g=  -1.2482205029787535E-002
 j=    0.000000000000000         469.9281843188659      
   -96.53693069980551     
 v_perp_2=    17032176.20331701     
 b_n=   1.7417913207946707E-004   0.1389099620978374      
    1.103858532754337     
 b_para_n=    1.042040084870717     
 dxdt=    1.729541496336618         1258.450640827913      
    10005.88438459819     
 dudt=   -855570.3054884637     
 ---------------------
 rk4
 istep=     13000001
 grad_b=  -0.1961874029018814        8.8495383033577235E-002 
  -9.7621197222621178E-003
 bsub=  -7.5853440823162033E-002  -0.1934117285895173      
    1.560054866874342     
 bsup=    0.000000000000000        -1.241649059518015      
   0.9326342701761509     
 b_abs=    1.301924584688597     
 g=  -1.8326767828495460E-002
 j=    0.000000000000000         85.51614589269053      
   -425.9317302413087     
 v_perp_2=    21279770.03731634     
 b_n=   4.2271948394758936E-004   -1.240696622281896      
   0.9327728639368554     
 b_para_n=    1.301924536000165     
 dxdt=    3.367728358613114        -8783.577471568306      
    6604.372656921155     
 dudt=    746891.9989091305     
 ---------------------
 rk4
 istep=     14000001
 grad_b=   0.7943637409291116        1.9880397389253943E-002 
   0.1586981028944238     
 bsub=   9.5198714890980668E-003   7.6492009978224182E-002 
    1.293966228480292     
 bsup=    0.000000000000000       -1.7752653731218260E-002 
    1.107551192323361     
 b_abs=    1.196235067126893     
 g=  -8.8144190601441800E-003
 j=    0.000000000000000        -1057.697992158521      
    434.9746969046555     
 v_perp_2=    19552061.49627693     
 b_n=   1.0491734949973810E-004  -2.5679191548441723E-002 
    1.108019030905560     
 b_para_n=    1.196235108352588     
 dxdt=   0.9087329524782677        -206.8368456048893      
    8624.933102130781     
 dudt=   -1198366.424473739     
 ---------------------
 rk4
 istep=     15000001
 grad_b=   0.3389030860069751        0.1709124831328716      
  -0.1358973061284932     
 bsub=  -5.3409854225374039E-002  -8.0234667311573610E-002 
    1.414085223078760     
 bsup=    0.000000000000000       -0.5886918404315428      
   0.9462859192923225     
 b_abs=    1.177111502179509     
 g=  -1.7888397342654478E-002
 j=    0.000000000000000         485.6619341942983      
   -264.5294998863484     
 v_perp_2=    19239281.76337065     
 b_n=   9.0860782478313098E-004  -0.5905500194389874      
   0.9462147745053353     
 b_para_n=    1.177111465624791     
 dxdt=    7.996251274579288        -4681.408420840559      
    7498.163446603339     
 dudt=    1591348.498288707     
 ---------------------
 rk4
 istep=     16000001
 grad_b=   0.7105724381172683        4.4920302467820951E-002 
   0.1881146116984362     
 bsub=   3.9315602761931537E-002   0.1529063513728307      
    1.799575253555167     
 bsup=    0.000000000000000       -0.8223707550114205      
    1.077570455569600     
 b_abs=    1.346492370031308     
 g=  -9.0133946664589064E-003
 j=    0.000000000000000        -863.9831616982074      
    288.2913885907941     
 v_perp_2=    22007476.90306213     
 b_n=   3.0597297571958808E-004  -0.8298409106583819      
    1.078198514542124     
 b_para_n=    1.346492395766718     
 dxdt=    2.358094526531584        -5663.266086758213      
    7350.105085591644     
 dudt=   -1006062.722249290     
 ---------------------
 rk4
 istep=     17000001
 grad_b=   0.4174057397709598        7.2763270009641251E-002 
  -0.1727714937095719     
 bsub=  -1.1720174259515926E-002   2.4960138568772453E-002 
    1.167397234881931     
 bsup=    0.000000000000000        0.7613595174491664      
   0.9968152472651296     
 b_abs=    1.087625703477281     
 g=  -1.2048490259363463E-002
 j=    0.000000000000000        -331.0587006108584      
    261.0395748081927     
 v_perp_2=    17776283.96416590     
 b_n=   6.1623961606135761E-004   0.7580092038697119      
   0.9968930960308743     
 b_para_n=    1.087625734468634     
 dxdt=    5.864784278982545         6552.533637349183      
    8621.436891239573     
 dudt=    877767.7768462833     
 ---------------------
 rk4
 istep=     18000001
 grad_b=   0.4165546547086543       -2.8001504003289115E-002 
  -5.6461464758310549E-002
 bsub=   2.7401633465851435E-002   0.1772770404348585      
    2.128078091290543     
 bsup=    0.000000000000000        -1.476900636385472      
    1.074850863615063     
 b_abs=    1.423541500133090     
 g=  -7.8035940147284030E-003
 j=    0.000000000000000         464.4341425798428      
    196.4663130926677     
 v_perp_2=    23266277.69510854     
 b_n=  -2.9878930005161066E-004   -1.482252088395627      
    1.075300527089596     
 b_para_n=    1.423541529706751     
 dxdt=   -2.180052755378522        -9490.042041506400      
    6881.476490518560     
 dudt=    110978.3961955553     
 ---------------------
 rk4
 istep=     19000001
 grad_b=  -0.1900004339951221        1.9039253994966247E-002 
  -5.8616535270659742E-002
 bsub=   3.2746843414009477E-002   7.9693443623502780E-003 
   0.9758192395869054     
 bsup=    0.000000000000000        3.8743017146836145E-002 
    1.028399584226346     
 b_abs=    1.001739043549782     
 g=  -1.5283199911989294E-002
 j=    0.000000000000000        -697.4573007574893      
    138.3408344641624     
 v_perp_2=    16372178.16474994     
 b_n=   1.2316947824442463E-004   3.9929528010312000E-002 
    1.028385777344304     
 b_para_n=    1.001739059625968     
 dxdt=    1.271837235712614         378.9132041441551      
    9732.562276530389     
 dudt=    485739.5193104288     
 ---------------------
 rk4
 istep=     20000001
 grad_b=   0.4581505608629798       -7.0267322991132655E-002 
  -0.1987730295583190     
 bsub=   2.2684267021693218E-002   0.1473326064424348      
    1.823167880283964     
 bsup=    0.000000000000000        -1.252534532454463      
    1.077425731722187     
 b_abs=    1.334461771007331     
 g=  -7.6920906201327806E-003
 j=    0.000000000000000        -1284.672615003465      
    144.4564216098737     
 v_perp_2=    21809882.97488836     
 b_n=  -6.9354374571265311E-004   -1.258428336783505      
    1.077910650748134     
 b_para_n=    1.334461776033676     
 dxdt=   -5.392518692484318        -8670.803803764256      
    7422.945437015468     
 dudt=    772507.8982273083     
 ---------------------
 rk4
 istep=     21000001
 grad_b=  -0.8868442095551005       -2.4656455813063756E-002 
   5.0272365037431363E-002
 bsub=   1.6318926099599909E-002  -5.3457615670081476E-002 
    1.052631125989106     
 bsup=    0.000000000000000       -0.5239854225480342      
   0.9198639044198910     
 b_abs=   0.9982224462036828     
 g=  -1.9104538790762113E-002
 j=    0.000000000000000         214.8068341152128      
   -483.9625968906670     
 v_perp_2=    16314344.76138081     
 b_n=  -1.2125681734090406E-004  -0.5191159874512732      
   0.9201130155325824     
 b_para_n=   0.9982223810279038     
 dxdt=   -1.256464036939732        -4927.576844159357      
    8741.591137322854     
 dudt=   -484324.6738612550     
 ---------------------
 rk4
 istep=     22000001
 grad_b=   0.5663548895421460       -7.8904867857509137E-002 
  -0.1737132719861567     
 bsub=   2.9207866691408447E-002   8.4919852999023618E-002 
    1.315054042124312     
 bsup=    0.000000000000000       -0.5188519806348899      
    1.129788740942344     
 b_abs=    1.200532852504813     
 g=  -7.8825196102348637E-003
 j=    0.000000000000000        -91.32951203062754      
    552.2693799345176     
 v_perp_2=    19620568.39456067     
 b_n=  -7.6289856126471854E-004  -0.5252788198544325      
    1.130220755212755     
 b_para_n=    1.200532913503819     
 dxdt=   -6.584398932000600        -4078.024921105842      
    8762.756345604335     
 dudt=    1057209.887930078     
 ---------------------
 rk4
 istep=     23000001
 grad_b=  -0.9687495326284949       -0.1378170993464887      
   0.1395262165751401     
 bsub=  -1.7458438337853821E-002  -0.1549970782960061      
    1.379629667965939     
 bsup=    0.000000000000000       -0.9102212046219603      
   0.8762272139373970     
 b_abs=    1.161786486111017     
 g=  -1.9432053577024107E-002
 j=    0.000000000000000         141.6762742243795      
    180.5169954554455     
 v_perp_2=    18987109.34441289     
 b_n=  -6.2786546104882132E-004  -0.9052504427850384      
   0.8767777355976922     
 b_para_n=    1.161786506772480     
 dxdt=   -5.597640547285068        -7274.408747779693      
    7050.300805686398     
 dudt=   -1742206.956066349     
 ---------------------
 rk4
 istep=     24000001
 grad_b=  -0.2080213169519611       -7.8280323532924342E-002 
  -9.8423555239306279E-002
 bsub=   4.6247807003568883E-002  -1.6507830890676506E-002 
   0.9264538188202127     
 bsup=    0.000000000000000       -0.1706341986073940      
    1.151459530643865     
 b_abs=    1.034435904014631     
 g=  -9.6268142494741159E-003
 j=    0.000000000000000         474.5320331204085      
   -199.1481911583811     
 v_perp_2=    16905631.07508735     
 b_n=  -7.1176870989359789E-004  -0.1688278358942291      
    1.151527222919984     
 b_para_n=    1.034435881679359     
 dxdt=   -7.119151584174078        -1541.112123809034      
    10522.20216880842     
 dudt=    789733.9070440533     
 ---------------------
 rk4
 istep=     25000001
 grad_b=  -0.7087674550275436        0.1175156279184905      
  -0.1107253674415319     
 bsub=   2.1151339920020648E-002  -0.2174008331682133      
    1.499027347197909     
 bsup=    0.000000000000000        -1.182425429958600      
   0.8952884177288583     
 b_abs=    1.264554691102761     
 g=  -1.7457211703570598E-002
 j=    0.000000000000000         103.2338337912459      
   -323.1044592997194     
 v_perp_2=    20666190.59429809     
 b_n=   5.2727261145010156E-004   -1.178750083920979      
   0.8958139732029745     
 b_para_n=    1.264554652559267     
 dxdt=    4.323119894205353        -8620.181596007487      
    6554.005461401242     
 dudt=    1538471.730017486     
 ---------------------
 rk4
 istep=     26000001
 grad_b=  -0.8129005131386098        4.7416186216457046E-002 
   5.0515226104909529E-002
 bsub=  -1.9861048978030416E-002  -9.5657639198937716E-002 
   0.8751054971438579     
 bsup=    0.000000000000000       -0.5256453847187514      
    1.064795755259361     
 b_abs=   0.9914944655253358     
 g=  -1.1471474971822215E-002
 j=    0.000000000000000         806.6436503831069      
   -311.5349466558401     
 v_perp_2=    16203484.33916942     
 b_n=   4.0781006816060378E-004  -0.5193919021625926      
    1.065488527622878     
 b_para_n=   0.9914944211375457     
 dxdt=    4.254188777678621        -4965.553312585508      
    10198.05537913554     
 dudt=   -237880.1790864982     
 ---------------------
 rk4
 istep=     27000001
 grad_b=   -1.201990549123944        5.5240080991448441E-002 
  -0.1204042139285723     
 bsub=   7.0751535679151861E-003  -8.2822910250997625E-002 
    1.186964046696760     
 bsup=    0.000000000000000       -0.7253070679924808      
   0.8799360626510462     
 b_abs=    1.050954444411723     
 g=  -1.9859443926253051E-002
 j=    0.000000000000000        -725.2861156689618      
   -48.12613366272267     
 v_perp_2=    17175004.20162240     
 b_n=   2.5025407014425964E-004  -0.7188888732455507      
   0.8803824142746153     
 b_para_n=    1.050954444742699     
 dxdt=    2.464038102749345        -6450.328032363648      
    7906.542329832686     
 dudt=    1135262.713886756     
 ---------------------
 rk4
 istep=     28000001
 grad_b=  -0.2603085244878999        0.1744018893377216      
   0.2584561086475694     
 bsub=  -5.6661447761907499E-002  -8.3749784461258081E-003 
    1.315321095417351     
 bsup=    0.000000000000000       -0.8862316393316667      
   0.9965497250694622     
 b_abs=    1.147924539716065     
 g=  -1.1742829881088126E-002
 j=    0.000000000000000        -14.28446248874712      
   -603.7779814072779     
 v_perp_2=    18759517.58092779     
 b_n=   1.4643305752759111E-003  -0.8841590519077108      
   0.9966259375679882     
 b_para_n=    1.147924465618551     
 dxdt=    13.21099840994658        -7202.584038367979      
    8120.875317705428     
 dudt=   -733190.8965358294     
 ---------------------
 rk4
 istep=     29000001
 grad_b=  -0.5601293239388965       -2.4461469157720898E-003 
   6.9865787670315149E-003
 bsub=  -2.9917860312021483E-002  -4.6557961363570086E-002 
   0.9478548857898890     
 bsup=    0.000000000000000       -0.3282284248033999      
    1.009244463684562     
 b_abs=   0.9856648609031322     
 g=  -1.6502399175722094E-002
 j=    0.000000000000000        -84.28061391086570      
   -12.97033626781734     
 v_perp_2=    16107667.28095925     
 b_n=  -1.2348958684296610E-005  -0.3249405678388986      
    1.009405569994692     
 b_para_n=   0.9856648598278045     
 dxdt=  -0.1295779744842186        -3127.132360234176      
    9723.150601509922     
 dudt=   -65108.57705955663     
 ---------------------
 Elapsed time (seconds):     153.5874770000000     

real	2m33.598s
user	2m33.343s
sys	0m0.014s
>>> [PID 3877220] DONE  u=9500, v_perp=4000, out=bounce/dat314.dat
