>>> [PID 3841622] START u=7000, v_perp=-9000, out=bounce/dat36.dat, dt=5.00E-09, steps=30000000
 outer boundary:   8.3000000000000462E-002
 rk4
 istep=            1
 grad_b=  -0.5028808094513066        4.9304406775787651E-003 
  -7.9801153683832504E-003
 bsub=   8.6927970977380767E-003   4.2252107541849916E-002 
    1.020727974779159     
 bsup=    0.000000000000000        0.5002852378281589      
   0.9181488397650392     
 b_abs=   0.9787595231840789     
 g=  -1.6418871510391238E-002
 j=    0.000000000000000         576.0999828334664      
    59.07354565695985     
 v_perp_2=    80999985.61294530     
 b_n=   2.5001068729814378E-005   0.5026748391240898      
   0.9180497192699569     
 b_para_n=   0.9787595313147288     
 dxdt=   0.3265935256276434         3609.210957703159      
    6565.223895979582     
 dudt=    205478.6570339008     
 ---------------------
 rk4
 istep=      1000001
 grad_b=   0.8429309861890038       -2.5561268193495891E-002 
   0.1694902300437173     
 bsub=   3.4642235969810760E-002   5.4756752647693412E-002 
    1.338734783477489     
 bsup=    0.000000000000000        0.1369919207550769      
    1.060008258238707     
 b_abs=    1.194394180027208     
 g=  -1.0196295241950294E-002
 j=    0.000000000000000        -19.14121483932632      
   -271.6731956474260     
 v_perp_2=    98845002.07415526     
 b_n=  -1.7462913608109958E-004   0.1324853767581680      
    1.060197086416816     
 b_para_n=    1.194394161265780     
 dxdt=   -2.110658814013342         585.7248999137115      
    4955.933792526399     
 dudt=   -6102862.524939117     
 ---------------------
 rk4
 istep=      2000001
 grad_b=  -3.0470017906691904E-002   2.2577720212620549E-002 
   7.7488510167009417E-002
 bsub=  -3.9915531232072782E-002  -1.4983110018796063E-003 
   0.9546139758849496     
 bsup=    0.000000000000000        7.6012725696879779E-002 
    1.101315079140416     
 b_abs=    1.024955649188775     
 g=  -1.2885179223426146E-002
 j=    0.000000000000000        -26.71497935010450      
    81.99471112680430     
 v_perp_2=    84822366.92260304     
 b_n=   1.1256376261121735E-004   7.6147754086312761E-002 
    1.101320004805131     
 b_para_n=    1.024955655775864     
 dxdt=    1.431132555478832         500.1912845505663      
    7222.241550705587     
 dudt=   -3514512.082329741     
 ---------------------
 rk4
 istep=      3000001
 grad_b=  -0.9740581928634965       -2.6740468427643018E-002 
  -6.3150289176326049E-002
 bsub=   2.2856153831310941E-003  -8.5725943831089224E-002 
    1.003563792641092     
 bsup=    0.000000000000000       -0.5110463501170264      
   0.9511788355517413     
 b_abs=   0.9992095566673730     
 g=  -1.6318586608320231E-002
 j=    0.000000000000000         720.0978553372680      
    379.1685485914443     
 v_perp_2=    82691346.79395044     
 b_n=  -1.4242703579921739E-004  -0.5067297350237390      
   0.9515479204944739     
 b_para_n=   0.9992095855386780     
 dxdt=   -1.837239656294810        -3462.141212865550      
    6552.266417510318     
 dudt=    1921544.942887093     
 ---------------------
 rk4
 istep=      4000001
 grad_b=   0.3565545274008840       -0.1013448276370534      
  -0.1770049615476916     
 bsub=   4.5559848429786838E-002   5.5224921033742581E-002 
    1.200234252583170     
 bsup=    0.000000000000000       -0.5505794318293434      
    1.125107754078634     
 b_abs=    1.149599474102466     
 g=  -8.2514134659029317E-003
 j=    0.000000000000000         1112.653925365430      
   -119.8854085387970     
 v_perp_2=    95136785.67618753     
 b_n=  -6.3364058972725399E-004  -0.5530491373393654      
    1.125245437446573     
 b_para_n=    1.149599469260099     
 dxdt=   -7.694976393711997        -2857.847835596368      
    5780.387093229455     
 dudt=    5159746.018224900     
 ---------------------
 rk4
 istep=      5000001
 grad_b=   0.6577961955508269       -6.2790926863686342E-002 
  -0.1762143464824892     
 bsub=  -1.0247885343887110E-002   0.1417968728722697      
    1.701567139043909     
 bsup=    0.000000000000000       -0.8221412006554302      
    1.086830174298854     
 b_abs=    1.316556044453105     
 g=  -8.2904228977584132E-003
 j=    0.000000000000000        -501.5451862887637      
    17.84662538354820     
 v_perp_2=    108953084.6225960     
 b_n=  -2.7339310126584925E-004  -0.8258735057163854      
    1.087139551229237     
 b_para_n=    1.316556043035182     
 dxdt=   -3.418506564286602        -2911.514578311336      
    3791.053821350271     
 dudt=    4396678.449817285     
 ---------------------
 rk4
 istep=      6000001
 grad_b=   0.4540066506044396        2.9086121543779639E-002 
  -2.5358980497318093E-002
 bsub=  -5.3430419173058685E-002   0.1665309860689186      
    2.041172917592811     
 bsup=    0.000000000000000        -1.145245065654869      
    1.070714997936074     
 b_abs=    1.412527971815641     
 g=  -9.4263643885192858E-003
 j=    0.000000000000000        -64.55605643563712      
    289.0033904458493     
 v_perp_2=    116894861.7041566     
 b_n=   1.2805225750711399E-004   -1.147108379261981      
    1.070870379603377     
 b_para_n=    1.412527985629914     
 dxdt=    1.791821736719750        -2961.168192448213      
    2746.259566380225     
 dudt=    1771173.393132362     
 ---------------------
 rk4
 istep=      7000001
 grad_b=  -5.3716318043745326E-002   0.1230845391445542      
  -4.5019365877205973E-002
 bsub=  -7.2419098319690109E-002  -0.1915615378789261      
    1.540513861292941     
 bsup=    0.000000000000000        -1.200079191172331      
   0.9317472917385525     
 b_abs=    1.290431160905090     
 g=  -1.8356048731026663E-002
 j=    0.000000000000000         298.9067944493206      
   -347.6310588766971     
 v_perp_2=    106790223.2222718     
 b_n=   2.9842575283390720E-004   -1.199937356664438      
   0.9317789387541030     
 b_para_n=    1.290431138358930     
 dxdt=    3.677251186955833        -4478.588089449148      
    3478.944403996709     
 dudt=    6081404.271911595     
 ---------------------
 rk4
 istep=      8000001
 grad_b=  -0.8812596481868835        0.1460667414717266      
  -0.1367671812849879     
 bsub=   1.3915770391856166E-002  -0.1664327255950007      
    1.405351646027791     
 bsup=    0.000000000000000       -0.9565444391865008      
   0.8820410535742761     
 b_abs=    1.182582018310974     
 g=  -1.8857953989433376E-002
 j=    0.000000000000000         296.7660973656902      
    41.12093974831056     
 v_perp_2=    97864692.25174956     
 b_n=   4.1041515553238869E-004  -0.9537637372625126      
   0.8823663024809911     
 b_para_n=    1.182582018758481     
 dxdt=    4.963063989134338        -4551.645783514671      
    4232.067313610719     
 dudt=    9109601.354986368     
 ---------------------
 rk4
 istep=      9000001
 grad_b=  -0.7211806372052254       -0.1302589122914969      
   0.1222386374212369     
 bsub=  -1.5132635600552419E-002  -0.2060844032268012      
    1.489577125598956     
 bsup=    0.000000000000000        -1.147039616788874      
   0.8953013034372732     
 b_abs=    1.252908466064053     
 g=  -1.7455970270842249E-002
 j=    0.000000000000000        -21.09743478141101      
   -271.4526303131009     
 v_perp_2=    103684146.3113787     
 b_n=  -3.3067076821762962E-004   -1.144939319286527      
   0.8955885078385132     
 b_para_n=    1.252908448879500     
 dxdt=   -4.021050687009017        -4670.889321630587      
    3669.206877645741     
 dudt=   -8548585.898816733     
 ---------------------
 rk4
 istep=     10000001
 grad_b=  -0.7890087328523934       -0.1568856888052176      
   0.1148286893859568     
 bsub=   3.6265158736317592E-003  -0.1168719198502622      
    1.277481575399594     
 bsup=    0.000000000000000       -0.7632550053800544      
   0.8826176316433458     
 b_abs=    1.102984482024605     
 g=  -2.0176692752316937E-002
 j=    0.000000000000000        -144.0270463293615      
   -288.0041686441268     
 v_perp_2=    91276864.00328317     
 b_n=  -4.9594168786991030E-004  -0.7605807245947844      
   0.8828636788946506     
 b_para_n=    1.102984458416134     
 dxdt=   -6.095639528849991        -4273.244289874924      
    4982.555618595071     
 dudt=   -8294031.125808715     
 ---------------------
 rk4
 istep=     11000001
 grad_b=   6.8724509626451769E-002  -9.0365267741077365E-002 
  -7.8844690576987508E-002
 bsub=   8.5287529110390864E-002   0.1061447362343111      
    1.944795453867931     
 bsup=    0.000000000000000        -1.115330405470708      
    1.049489976823413     
 b_abs=    1.386698497258239     
 g=  -1.2090493862793990E-002
 j=    0.000000000000000        -874.7616960763847      
   -260.9045866930210     
 v_perp_2=    114754961.1402267     
 b_n=  -2.9406137898723989E-004   -1.115577073870200      
    1.049516324119445     
 b_para_n=    1.386698481235234     
 dxdt=   -3.944236341902882        -3143.714005509857      
    2955.374168511802     
 dudt=   -538299.4196669689     
 ---------------------
 rk4
 istep=     12000001
 grad_b=   0.6669899100232481        6.4164281028108755E-002 
   0.1958115719288116     
 bsub=   2.6537272390186491E-002   0.1637881211055434      
    1.875356389043432     
 bsup=    0.000000000000000       -0.9516197951822244      
    1.074265549566936     
 b_abs=    1.363134698781747     
 g=  -8.5775348587412321E-003
 j=    0.000000000000000        -496.2278824992023      
    83.44618654759728     
 v_perp_2=    112804492.7556266     
 b_n=   2.4022836235948160E-004  -0.9550102782005786      
    1.074558266646714     
 b_para_n=    1.363134700988437     
 dxdt=    3.127821897105232        -2939.035400044941      
    3271.798581969073     
 dudt=   -4531681.693193672     
 ---------------------
 rk4
 istep=     13000001
 grad_b=   0.6682876138283304        6.8094698681129426E-002 
   0.1675483838273423     
 bsub=  -1.8383711220593301E-002   8.8884877103424062E-002 
    1.330478159313925     
 bsup=    0.000000000000000       -0.4512073892180448      
    1.129552337768398     
 b_abs=    1.209123702102309     
 g=  -8.0622597179706833E-003
 j=    0.000000000000000        -691.4415980195015      
    351.2307183776216     
 v_perp_2=    100059094.9216944     
 b_n=   3.6767227338782246E-004  -0.4555405798134862      
    1.129846922415892     
 b_para_n=    1.209123722071416     
 dxdt=    4.444126618675870        -2094.292052716783      
    5115.292577152579     
 dudt=   -5424938.560292546     
 ---------------------
 rk4
 istep=     14000001
 grad_b=  -0.8263701785718370        9.3657673200853608E-002 
   0.1132532117552356     
 bsub=  -3.2717459548088107E-002  -8.4591041968109598E-002 
    1.001396421486460     
 bsup=    0.000000000000000       -0.5370864357918587      
   0.9907049857058768     
 b_abs=    1.018026337261897     
 g=  -1.3034675043297247E-002
 j=    0.000000000000000        -545.4341783768245      
   -281.3232603991858     
 v_perp_2=    84244828.44579305     
 b_n=   5.4148594401568807E-004  -0.5327709949192582      
   0.9910871950870341     
 b_para_n=    1.018026317048388     
 dxdt=    6.910123116891490        -3513.589429934019      
    6587.598513475536     
 dudt=   -2515780.629068221     
 ---------------------
 rk4
 istep=     15000001
 grad_b=  -0.4122186362949057       -1.0482414587275144E-002 
  -3.0989662580150359E-002
 bsub=   3.3826009136406647E-002  -4.7457305819411613E-002 
   0.9077217186751749     
 bsup=    0.000000000000000       -0.2336204974119817      
    1.075924454224743     
 b_abs=   0.9939151544676262     
 g=  -1.3948087493643254E-002
 j=    0.000000000000000         610.8050753229020      
   -243.1135136126671     
 v_perp_2=    82249221.46108826     
 b_n=  -5.7637495002073284E-005  -0.2316627902997048      
    1.076028929340889     
 b_para_n=   0.9939151315083445     
 dxdt=  -0.7458427969197519        -1598.913382594336      
    7481.715601393267     
 dudt=    1286093.608098013     
 ---------------------
 rk4
 istep=     16000001
 grad_b=   0.7369034517704860       -4.9691531061343309E-003 
  -0.1514612904783241     
 bsub=  -4.1726309361149738E-003   5.9207911783518266E-002 
    1.196362626107598     
 bsup=    0.000000000000000        0.3093076507292366      
    1.090121443091451     
 b_abs=    1.150146751489462     
 g=  -9.8645754349177741E-003
 j=    0.000000000000000        -324.9181138475187      
   -145.4993024561561     
 v_perp_2=    95177434.80138059     
 b_n=   1.4300491491273097E-005   0.3051398575948913      
    1.090327745892018     
 b_para_n=    1.150146740152957     
 dxdt=   0.1736420627939226         1536.359819470940      
    5595.597677700343     
 dudt=    5995145.464740461     
 ---------------------
 rk4
 istep=     17000001
 grad_b=   0.5016630331663847        0.1381214667220667      
  -0.1672575352893681     
 bsub=  -3.9121327684314665E-002  -1.9845579137739086E-002 
    1.333076938599868     
 bsup=    0.000000000000000       -0.1201000422367302      
   0.9661473843070446     
 b_abs=    1.135756293777801     
 g=  -1.5745408624523213E-002
 j=    0.000000000000000        -289.9193483569009      
    211.2129171454257     
 v_perp_2=    93986194.52096240     
 b_n=   5.5888499839169728E-004  -0.1221469961240335      
   0.9661333275758210     
 b_para_n=    1.135756311350211     
 dxdt=    6.806408563336697        -659.5177445800492      
    5104.793260925549     
 dudt=    6491332.190682901     
 ---------------------
 rk4
 istep=     18000001
 grad_b=   0.1691101215871733       -3.0121551208943109E-002 
   0.1173403219651951     
 bsub=  -1.5415672628062295E-002   3.7646695955124800E-002 
    1.047337849024972     
 bsup=    0.000000000000000        0.4438231446005356      
    1.035567023726420     
 b_abs=    1.049484436708732     
 g=  -1.3235535028735389E-002
 j=    0.000000000000000        -727.8997490339908      
    152.4322215381680     
 v_perp_2=    86846643.66183843     
 b_n=  -1.6954666521344332E-004   0.4429795954484000      
    1.035594860059079     
 b_para_n=    1.049484447077828     
 dxdt=   -2.129149571815090         2767.464664474707      
    6482.356480628378     
 dudt=   -4263601.299084309     
 ---------------------
 rk4
 istep=     19000001
 grad_b=  -0.6815956329953088       -2.8646196618880258E-003 
  -1.0177487545840067E-002
 bsub=  -2.5868386406735035E-002  -5.3262569779623271E-002 
   0.9640777663889691     
 bsup=    0.000000000000000       -0.3801072743988633      
   0.9927562572487918     
 b_abs=   0.9885630549381853     
 g=  -1.6862670315781741E-002
 j=    0.000000000000000        -542.8549111117818      
   -4.493947089648316     
 v_perp_2=    81804956.11679022     
 b_n=  -1.4560478051193250E-005  -0.3772101454293372      
   0.9929159270934671     
 b_para_n=   0.9885630572338272     
 dxdt=  -0.1890321858603668        -2631.722037322487      
    6973.785055165503     
 dudt=    377313.2018383116     
 ---------------------
 rk4
 istep=     20000001
 grad_b=   -1.307576909473508        5.7515727507588585E-002 
  -0.1647357719585298     
 bsub=   3.0887229500853416E-002  -0.1117138743971315      
    1.325109804979058     
 bsup=    0.000000000000000       -0.8713415006258658      
   0.8708472803231992     
 b_abs=    1.118750478062040     
 g=  -2.0387435560939797E-002
 j=    0.000000000000000         1526.931580286205      
   -468.8778232267960     
 v_perp_2=    92577769.94504736     
 b_n=   1.4499250095633423E-004  -0.8670085368433497      
   0.8712091498287008     
 b_para_n=    1.118750427179156     
 dxdt=    1.773502306060702        -4711.530770325932      
    4766.253552335084     
 dudt=    7159172.119009002     
 ---------------------
 rk4
 istep=     21000001
 grad_b=   0.1169065485242293       -0.1598599491378588      
  -0.2719842276519921     
 bsub=   5.8727018368356851E-002   3.8739005849651037E-002 
    1.493717796975325     
 bsup=    0.000000000000000        -1.160101250088076      
    1.028478239356824     
 b_abs=    1.220769548351847     
 g=  -1.0581200689146378E-002
 j=    0.000000000000000        -894.1854084719721      
    423.7660684445040     
 v_perp_2=    101019569.2837003     
 b_n=  -8.1518442520255485E-004   -1.160782016954298      
    1.028527967806461     
 b_para_n=    1.220769576766639     
 dxdt=   -9.860158621772632        -5124.046354452967      
    4535.982843207331     
 dudt=    3195292.577983675     
 ---------------------
 rk4
 istep=     22000001
 grad_b=   0.4442278223706945       -7.1404197972238528E-002 
  -0.2147460365178606     
 bsub=   1.3085633974936048E-002   0.1672649781084504      
    1.972587727146083     
 bsup=    0.000000000000000        -1.347477610596232      
    1.069578070859737     
 b_abs=    1.372368514734115     
 g=  -7.6195248763316313E-003
 j=    0.000000000000000        -1516.509169655543      
    393.9293663628047     
 v_perp_2=    113564042.6212101     
 b_n=  -3.1012061820055893E-004   -1.350075776932969      
    1.069800449150469     
 b_para_n=    1.372368529545551     
 dxdt=   -4.081131667592118        -4014.788710135528      
    3162.578231502934     
 dudt=    4024022.941399950     
 ---------------------
 rk4
 istep=     23000001
 grad_b=   0.4227002943751368        4.2235191021034610E-002 
   9.7851579199962402E-002
 bsub=  -2.3292609898051136E-002   0.1772900690217900      
    2.133156014673553     
 bsup=    0.000000000000000        -1.552211016204255      
    1.073790294060005     
 b_abs=    1.419676395862995     
 g=  -7.6083027889155726E-003
 j=    0.000000000000000        -10.98761415083023      
    310.7051990318545     
 v_perp_2=    117478294.6246546     
 b_n=   1.7561903753156877E-004   -1.554393310330852      
    1.073973595868939     
 b_para_n=    1.419676411115884     
 dxdt=    2.491158591817262        -3899.906033104488      
    2679.066743954655     
 dudt=   -1151599.248766012     
 ---------------------
 rk4
 istep=     24000001
 grad_b=  -0.3285653810309804        0.1503126297207314      
   0.2779584617671556     
 bsub=  -6.9682655639861313E-002   1.2050424206795000E-002 
    1.689002147858957     
 bsup=    0.000000000000000        -1.284072250885428      
   0.9844263012375272     
 b_abs=    1.283743890737775     
 g=  -1.4713623784573072E-002
 j=    0.000000000000000         342.9050362595410      
    82.39149931457960     
 v_perp_2=    106229444.9051980     
 b_n=   5.2698393429883748E-004   -1.282945651290781      
   0.9844400092078465     
 b_para_n=    1.283743896310785     
 dxdt=    6.473544692049651        -4862.913513469449      
    3738.901589361373     
 dudt=   -2598280.900516368     
 ---------------------
 rk4
 istep=     25000001
 grad_b=  -0.5876895915412675       -4.3167295109315919E-002 
   4.6291512116479847E-002
 bsub=  -2.7930096040178994E-002  -0.2312421897326680      
    1.528281339932842     
 bsup=    0.000000000000000        -1.270237930611077      
   0.9043470457368293     
 b_abs=    1.294620507283664     
 g=  -1.7129297244270366E-002
 j=    0.000000000000000         684.3872172383486      
   -63.95723733168359     
 v_perp_2=    107129042.8277691     
 b_n=  -9.6312289277736174E-005   -1.268674966555601      
   0.9045817674320243     
 b_para_n=    1.294620497680596     
 dxdt=   -1.189026751884399        -4672.993831115714      
    3343.577319240112     
 dudt=   -3090307.175064819     
 ---------------------
 rk4
 istep=     26000001
 grad_b=   -1.212666864618917       -7.8665939022576514E-002 
   0.1360811998302435     
 bsub=  -1.4775202876293983E-002  -9.8906468627438682E-002 
    1.260202246327138     
 bsup=    0.000000000000000       -0.7851546633697082      
   0.8781454730457892     
 b_abs=    1.088347354483588     
 g=  -1.9909351063406883E-002
 j=    0.000000000000000        -905.5666638083358      
    230.6808900527117     
 v_perp_2=    90059718.65090036     
 b_n=  -2.4019689693274737E-004  -0.7808759539125637      
   0.8784784926983029     
 b_para_n=    1.088347381156471     
 dxdt=   -2.967286770906762        -4506.390479929105      
    5103.342559257224     
 dudt=   -6890885.463109107     
 ---------------------
 rk4
 istep=     27000001
 grad_b=  -0.5541953783815876        2.3461151357508786E-003 
   1.1184440574543431E-003
 bsub=   3.0733550315738604E-002  -2.0832794332877918E-002 
   0.9872538215870071     
 bsup=    0.000000000000000       -0.2717534771014291      
   0.9743674914363757     
 b_abs=   0.9835159500322883     
 g=  -1.7668489694255642E-002
 j=    0.000000000000000         340.5803703929125      
   -160.1146349242300     
 v_perp_2=    81384686.98882329     
 b_n=   9.9849499834806569E-006  -0.2694181612398672      
   0.9744164442866284     
 b_para_n=   0.9835159343806927     
 dxdt=   0.1300369097503510        -1896.136545880806      
    6908.249507368711     
 dudt=   -19023.50821891450     
 ---------------------
 rk4
 istep=     28000001
 grad_b=   0.5265644339794657       -9.7761294318245540E-002 
   0.1189201566147940     
 bsub=   9.7429753180629589E-002  -4.6987633094204215E-002 
    1.644996371949881     
 bsup=    0.000000000000000       -0.9764923547216109      
   0.9907538461509494     
 b_abs=    1.294480839746480     
 g=  -1.4947878392254010E-002
 j=    0.000000000000000         383.9149791818204      
    541.2514031519086     
 v_perp_2=    107116148.2936874     
 b_n=  -3.1014414325132724E-004  -0.9781998264064574      
   0.9907234689369526     
 b_para_n=    1.294480872484627     
 dxdt=   -3.828547838253364        -3629.669818003059      
    3660.919524197165     
 dudt=   -6816950.683938541     
 ---------------------
 rk4
 istep=     29000001
 grad_b=   0.7866052017068393        2.1238839726907970E-002 
   0.1683225280288365     
 bsub=   4.1829868131088625E-002   0.1093063937858924      
    1.593443474681772     
 bsup=    0.000000000000000       -0.6107893822990051      
    1.080376507930630     
 b_abs=    1.286563169875504     
 g=  -9.0729376848573823E-003
 j=    0.000000000000000        -746.4668768783140      
    225.0522791970811     
 v_perp_2=    106460539.6945596     
 b_n=   5.2197398786636853E-005  -0.6150018377346074      
    1.080664110624390     
 b_para_n=    1.286563180549936     
 dxdt=   0.6419611708219917        -2355.150470725722      
    4077.736299759334     
 dudt=   -5430897.974785113     
 ---------------------
 Elapsed time (seconds):     153.4403470000000     

real	2m33.452s
user	2m33.157s
sys	0m0.023s
>>> [PID 3841622] DONE  u=7000, v_perp=-9000, out=bounce/dat36.dat
