>>> [PID 3875605] START u=4500, v_perp=4000, out=bounce/dat304.dat, dt=5.00E-09, steps=30000000
 outer boundary:   8.3000000000000462E-002
 rk4
 istep=            1
 grad_b=  -0.5028814932947245        4.9310703088600930E-003 
  -7.9814565961468104E-003
 bsub=   8.6926219099157584E-003   4.2252206053495389E-002 
    1.020727592183300     
 bsup=    0.000000000000000        0.5002977158448924      
   0.9181487218742292     
 b_abs=   0.9787595852618689     
 g=  -1.6418808402251732E-002
 j=    0.000000000000000         576.0999287524868      
    59.08283357322738     
 v_perp_2=    15999998.17291217     
 b_n=   1.6074263622624414E-005   0.5018338951424839      
   0.9180850010776020     
 b_para_n=   0.9787595904893015     
 dxdt=   0.1031005549461438         2310.049960561686      
    4220.923548145615     
 dudt=    40595.50325236261     
 ---------------------
 rk4
 istep=      1000001
 grad_b=  -4.9062687899035895E-002  -6.3399854257285504E-002 
  -9.6239701153493770E-002
 bsub=   4.2292925524567974E-002  -4.1050001500719940E-003 
   0.9461416407666158     
 bsup=    0.000000000000000       -1.6691037839775769E-002 
    1.137865719810452     
 b_abs=    1.037561432494048     
 g=  -1.0730867370466312E-002
 j=    0.000000000000000         317.2763035592091      
   -96.57492345372714     
 v_perp_2=    16961209.39336771     
 b_n=  -2.4014954081421041E-004  -1.6522582291917508E-002 
    1.137877180017940     
 b_para_n=    1.037561427523569     
 dxdt=   -1.463464390517192        -69.62507309641299      
    4816.549113441428     
 dudt=    854335.1743157851     
 ---------------------
 rk4
 istep=      2000001
 grad_b=  -0.2872297168501327        1.3108562447810834E-003 
   4.3975172420229081E-002
 bsub=  -3.6231035579674595E-002  -2.3916095265414009E-002 
   0.9351990915195332     
 bsup=    0.000000000000000       -0.1407637900600478      
    1.055293831120473     
 b_abs=   0.9954848987964530     
 g=  -1.4944122282699321E-002
 j=    0.000000000000000         188.3520564514142      
   -56.32232574246967     
 v_perp_2=    16273336.85257568     
 b_n=   7.1911862100758836E-006  -0.1399207005818426      
    1.055315666660866     
 b_para_n=   0.9954848954062825     
 dxdt=   4.5437724116633563E-002   -626.6739120190678      
    4738.194066239140     
 dudt=   -379513.7312324964     
 ---------------------
 rk4
 istep=      3000001
 grad_b=   0.7682303162101618       -1.9434716212213807E-002 
  -0.1604062812213930     
 bsub=  -2.8128156727188720E-002   9.8427176207511943E-002 
    1.472460267086760     
 bsup=    0.000000000000000       -0.3660101812155270      
    1.095518198914508     
 b_abs=    1.255859896648127     
 g=  -8.6189947738922659E-003
 j=    0.000000000000000         1025.285444566322      
   -74.57888017349063     
 v_perp_2=    20529682.60927832     
 b_n=  -3.9143917931163041E-005  -0.3694479922572134      
    1.095747252713189     
 b_para_n=    1.255859896354044     
 dxdt=  -0.2042763935932868        -1173.474378797184      
    3459.864808114714     
 dudt=    1097403.143811563     
 ---------------------
 rk4
 istep=      4000001
 grad_b=   -1.242965129127633        1.1900752257272907E-002 
  -0.1308020224445215     
 bsub=   1.1902603300319194E-002  -8.3864624021329687E-002 
    1.165713742055116     
 bsup=    0.000000000000000       -0.7426463921927802      
   0.8751543211630922     
 b_abs=    1.040305787392099     
 g=  -1.9520744962450806E-002
 j=    0.000000000000000        -453.4797650913188      
   -557.7124189331360     
 v_perp_2=    17005950.27570053     
 b_n=   6.3067322090942167E-006  -0.7395022170777517      
   0.8753804281868143     
 b_para_n=    1.040305754774171     
 dxdt=   3.8345279751067746E-002   -3112.505010909628      
    3691.761495240768     
 dudt=    968831.6045744129     
 ---------------------
 rk4
 istep=      5000001
 grad_b=   0.1007206508036156        0.1645986084112039      
  -8.3839726765014111E-002
 bsub=  -6.6952403222082957E-002  -0.1760116405888204      
    1.506263859393223     
 bsup=    0.000000000000000        -1.087693356443651      
   0.9313220898416865     
 b_abs=    1.262528764269888     
 g=  -1.8562532319731220E-002
 j=    0.000000000000000         438.0864951537247      
   -223.5761713271083     
 v_perp_2=    20638608.09958930     
 b_n=   3.2574229730387570E-004   -1.087897438659538      
   0.9313127099156596     
 b_para_n=    1.262528750783003     
 dxdt=    1.693272240653729        -3405.033156081911      
    2914.554479783539     
 dudt=    1664546.671995573     
 ---------------------
 rk4
 istep=      6000001
 grad_b=   0.4002076007177419       -7.7229099090184078E-002 
  -0.2210194280196933     
 bsub=   3.9241429648919787E-002   0.1382321700158072      
    1.955552796836502     
 bsup=    0.000000000000000        -1.651019205399678      
    1.071987678256900     
 b_abs=    1.366457703667706     
 g=  -8.2615435450014377E-003
 j=    0.000000000000000        -1268.551201840499      
    198.5592097557608     
 v_perp_2=    22337488.38479668     
 b_n=  -3.0474559809875047E-004   -1.653020895141007      
    1.072135290845704     
 b_para_n=    1.366457709259752     
 dxdt=   -1.499643277469465        -4516.550678923759      
    2926.874920039666     
 dudt=    654519.4345586795     
 ---------------------
 rk4
 istep=      7000001
 grad_b=  -0.5267189857730910       -5.1357424959945108E-002 
   4.4121259781272827E-002
 bsub=  -1.1592415476771130E-002  -0.2410576670594615      
    1.516661801684088     
 bsup=    0.000000000000000        -1.255454630263895      
   0.9001616086210228     
 b_abs=    1.291538152539245     
 g=  -1.6782658345991117E-002
 j=    0.000000000000000         605.7386442642576      
   -41.63710212915984     
 v_perp_2=    21112729.68234286     
 b_n=  -9.7785958680486287E-005   -1.254293867370798      
   0.9003453469703996     
 b_para_n=    1.291538146125533     
 dxdt=  -0.5000009310184725        -3776.030364143614      
    2712.610719408234     
 dudt=   -659384.4237927259     
 ---------------------
 rk4
 istep=      8000001
 grad_b=   0.4347809980307138        7.0507685772350684E-002 
   0.2064156886607766     
 bsub=  -5.2806189888652683E-003   0.1777980892011575      
    2.006762985365050     
 bsup=    0.000000000000000        -1.311448540584075      
    1.072714683358669     
 b_abs=    1.384932475492789     
 g=  -7.3410188866381496E-003
 j=    0.000000000000000        -1335.315364077865      
    217.8620629301122     
 v_perp_2=    22639389.75946365     
 b_n=   2.8724295606307728E-004   -1.313843173860661      
    1.072927605881645     
 b_para_n=    1.384932480544542     
 dxdt=    1.401552392777205        -3505.189763015263      
    2858.592751245786     
 dudt=   -761070.8075099634     
 ---------------------
 rk4
 istep=      9000001
 grad_b=   -1.005975359098285       -9.5210397409746406E-002 
   0.1041902340226036     
 bsub=   1.8727459316217566E-003  -8.0528047370390266E-002 
    1.182226875713348     
 bsup=    0.000000000000000       -0.6795066052162962      
   0.8800044748873295     
 b_abs=    1.046425539073757     
 g=  -2.0332682357737553E-002
 j=    0.000000000000000         315.1226511969535      
    322.1313358660199     
 v_perp_2=    17105806.89068402     
 b_n=  -2.1416401787381238E-004  -0.6770611139931774      
   0.8801714066758997     
 b_para_n=    1.046425557745899     
 dxdt=   -1.295547857619380        -2826.420012814748      
    3680.562898972754     
 dudt=   -1221483.955643478     
 ---------------------
 rk4
 istep=     10000001
 grad_b=  -0.6395136102018470        0.1522305831100492      
   0.2048783649894549     
 bsub=  -4.7481848620130565E-002  -5.4750588942774306E-002 
    1.153410859242656     
 bsup=    0.000000000000000       -0.6732272783411133      
   0.9695494533586099     
 b_abs=    1.075181543116414     
 g=  -1.2921502392019880E-002
 j=    0.000000000000000         1100.748119078808      
   -994.7330650496978     
 v_perp_2=    17575839.32752739     
 b_n=   5.6535467245033284E-004  -0.6710242508366046      
   0.9696772459227398     
 b_para_n=    1.075181483770990     
 dxdt=    3.341579878707341        -2692.808706115092      
    3897.560976524675     
 dudt=   -730951.8003957061     
 ---------------------
 rk4
 istep=     11000001
 grad_b=   0.7895444852782274       -4.2271131618069842E-002 
   0.1701622031550277     
 bsub=   4.7930130396290190E-002   4.6043589875799949E-002 
    1.411367145473783     
 bsup=    0.000000000000000       -3.3757341613266489E-002 
    1.040014994701491     
 b_abs=    1.211007501235999     
 g=  -1.1142252146237451E-002
 j=    0.000000000000000         1042.370482346475      
   -112.8846455942074     
 v_perp_2=    19796120.37823674     
 b_n=  -1.7528118640202438E-004  -3.6629995353083700E-002 
    1.040114659511586     
 b_para_n=    1.211007497187928     
 dxdt=  -0.9403001424426191        -128.4826403599954      
    3484.123795728050     
 dudt=   -1204053.629866359     
 ---------------------
 rk4
 istep=     12000001
 grad_b=  -0.2220939809654849       -1.9154608275851890E-002 
  -5.4560497215440290E-002
 bsub=   3.7838405295916755E-002  -2.4981695698145887E-002 
   0.9224914272388400     
 bsup=    0.000000000000000       -7.9735021394745753E-002 
    1.090028937963339     
 b_abs=    1.003919248459349     
 g=  -1.3547144892778192E-002
 j=    0.000000000000000        -410.9034071489918      
   -54.83041491433173     
 v_perp_2=    16410852.42079054     
 b_n=  -6.4956000481129967E-005  -7.9042874484542322E-002 
    1.090050343564409     
 b_para_n=    1.003919246117049     
 dxdt=  -0.4073877811802321        -349.4215201289762      
    4836.295268587443     
 dudt=    471760.7585918214     
 ---------------------
 rk4
 istep=     13000001
 grad_b=  -4.5964462441274723E-003   3.2868340464703320E-002 
   8.7375921552957730E-002
 bsub=  -3.8439726679031748E-002   1.1321822459857550E-003 
   0.9564943188194575     
 bsup=    0.000000000000000        7.8441230125554484E-002 
    1.107823818285011     
 b_abs=    1.029125850715848     
 g=  -1.2536254354500353E-002
 j=    0.000000000000000         215.9782209532092      
    47.64264165253273     
 v_perp_2=    16822857.84318100     
 b_n=   1.0883975442987001E-004   7.8444846382951502E-002 
    1.107828190768591     
 b_para_n=    1.029125853222397     
 dxdt=   0.6679766386515520         335.9765967392111      
    4744.704007353366     
 dudt=   -789242.7857862593     
 ---------------------
 rk4
 istep=     14000001
 grad_b=   0.7092034812261934        5.3467830353447349E-002 
  -0.1792911583541658     
 bsub=  -3.0174520016394153E-002   3.5287551072356621E-002 
    1.285385983924732     
 bsup=    0.000000000000000        0.4019899643110053      
    1.032009876053908     
 b_abs=    1.157519542215572     
 g=  -1.1224544366434053E-002
 j=    0.000000000000000        -484.4103445085099      
    142.8387478391143     
 v_perp_2=    18921636.95624693     
 b_n=   2.1733066874337367E-004   0.3993659092157776      
    1.032087021907548     
 b_para_n=    1.157519549016478     
 dxdt=    1.208297139852022         1431.069312240708      
    3711.799196390346     
 dudt=    1154751.184317699     
 ---------------------
 rk4
 istep=     15000001
 grad_b=  -0.4736712521960158       -0.1472846616660090      
  -0.1774820584916157     
 bsub=   5.2521843764695729E-002  -4.2870231574541187E-002 
    1.081003039938969     
 bsup=    0.000000000000000       -0.5957209240835589      
    1.026838330614457     
 b_abs=    1.065623855347063     
 g=  -1.1238892428277854E-002
 j=    0.000000000000000        -169.0841366760547      
    80.77955735712328     
 v_perp_2=    17419404.93234156     
 b_n=  -5.9341050958605884E-004  -0.5939327095433291      
    1.026938083570170     
 b_para_n=    1.065623860098131     
 dxdt=   -3.534175819792178        -2415.238997039945      
    4182.075382669952     
 dudt=    724853.4654628579     
 ---------------------
 rk4
 istep=     16000001
 grad_b=  -0.9182393393911872        4.4043050154949893E-002 
  -6.3003261216756562E-002
 bsub=  -1.2744857924513707E-002  -5.6035722744632012E-002 
    1.084844941762567     
 bsup=    0.000000000000000       -0.5713268493046944      
   0.9021597746086309     
 b_abs=    1.005481701676264     
 g=  -1.9696279242275700E-002
 j=    0.000000000000000         793.2398644599731      
   -208.9248637886038     
 v_perp_2=    16436243.12777745     
 b_n=   1.0347969591018071E-004  -0.5689953816630260      
   0.9022814035396431     
 b_para_n=    1.005481685984483     
 dxdt=   0.6481118994958853        -2514.660063248185      
    3994.620628218133     
 dudt=    666575.5419466273     
 ---------------------
 rk4
 istep=     17000001
 grad_b=   0.5083951725336832       -7.9251992126011542E-002 
  -0.2049108912097871     
 bsub=  -3.2452664933643790E-003   0.1684891384985289      
    1.884253753785783     
 bsup=    0.000000000000000        -1.064554054850194      
    1.077076052171248     
 b_abs=    1.359473157857286     
 g=  -7.7382837164650864E-003
 j=    0.000000000000000        -571.7170528461171      
    385.8448330472062     
 v_perp_2=    22222768.37573836     
 b_n=  -3.1452818423823427E-004   -1.067176697567100      
    1.077310038133008     
 b_para_n=    1.359473174659822     
 dxdt=   -1.552903851708308        -2945.752730946871      
    2968.456958552716     
 dudt=    819671.6102222888     
 ---------------------
 rk4
 istep=     18000001
 grad_b=  -0.8142306681108827        0.1341424939597500      
  -0.1295749916140737     
 bsub=   2.5561267370784249E-002  -0.2079881437517727      
    1.475148309190204     
 bsup=    0.000000000000000        -1.121381303139066      
   0.8872603424450407     
 b_abs=    1.241768897785087     
 g=  -1.8181506829167943E-002
 j=    0.000000000000000         60.63732696377338      
   -267.7808304896456     
 v_perp_2=    20298654.50662513     
 b_n=   2.5474283080433307E-004   -1.119596179995807      
   0.8875076095580293     
 b_para_n=    1.241768883905144     
 dxdt=    1.340648166208898        -3597.315134183617      
    2855.005552674078     
 dudt=    1746805.012178655     
 ---------------------
 rk4
 istep=     19000001
 grad_b=   0.3204201571694760        0.1006905668781296      
   0.2097348930888408     
 bsub=  -5.0927972543136316E-002   0.1262844527853626      
    1.970832718461942     
 bsup=    0.000000000000000        -1.538281101515246      
    1.061790592200842     
 b_abs=    1.377346740908452     
 g=  -9.5858050091097539E-003
 j=    0.000000000000000        -209.6253305597031      
    116.7438937887031     
 v_perp_2=    22514835.36098767     
 b_n=   3.6662374984265455E-004   -1.539650262602671      
    1.061887801042369     
 b_para_n=    1.377346746137665     
 dxdt=    1.795028608626231        -4145.836259294852      
    2857.490934964775     
 dudt=   -402353.8232212521     
 ---------------------
 rk4
 istep=     20000001
 grad_b=  -0.2767387527361916       -6.2181016802420642E-002 
  -3.3570540679046204E-002
 bsub=   9.6674459037670052E-002  -0.1287813542884711      
    1.651684997697506     
 bsup=    0.000000000000000        -1.229529986892334      
   0.9612751557472415     
 b_abs=    1.321514127855993     
 g=  -1.7221473489306974E-002
 j=    0.000000000000000        -125.9651581170748      
   -487.7118180532702     
 v_perp_2=    21602117.06550030     
 b_n=  -1.4248268969289598E-004   -1.228925803083223      
   0.9613305851989680     
 b_para_n=    1.321514105115201     
 dxdt=  -0.7169229865723444        -3557.818745959421      
    2784.241212718574     
 dudt=   -273260.3969176650     
 ---------------------
 rk4
 istep=     21000001
 grad_b=   -1.277687007433328       -5.5232472821983299E-002 
   0.1526913791763160     
 bsub=  -2.2578936171858695E-002  -0.1033719554103258      
    1.272520814444740     
 bsup=    0.000000000000000       -0.8156325898046780      
   0.8648397444170206     
 b_abs=    1.088735791808241     
 g=  -2.0586643591530139E-002
 j=    0.000000000000000         463.1182608114597      
   -366.2384014674096     
 v_perp_2=    17796976.01841576     
 b_n=  -1.0036905868773879E-004  -0.8126446583464376      
   0.8650806641963591     
 b_para_n=    1.088735767323806     
 dxdt=  -0.5869815802319887        -3200.672740100398      
    3413.706759777349     
 dudt=   -1329522.523658442     
 ---------------------
 rk4
 istep=     22000001
 grad_b=   0.7214472269411142        3.1366446716846894E-002 
   0.1673692879973068     
 bsub=   3.0652735009313113E-002   0.1238939036283531      
    1.605090610564793     
 bsup=    0.000000000000000       -0.6064017042749965      
    1.091083954908692     
 b_abs=    1.294856089887774     
 g=  -8.6391367081645361E-003
 j=    0.000000000000000        -386.6929287522893      
    124.8132597573205     
 v_perp_2=    21166258.15045008     
 b_n=   8.3056830179967182E-005  -0.6096355211001393      
    1.091331984695208     
 b_para_n=    1.294856094529523     
 dxdt=   0.4239082697440193        -1835.340463241468      
    3273.852957887660     
 dudt=   -1032608.547568153     
 ---------------------
 rk4
 istep=     23000001
 grad_b=  -0.4924090640107223        2.9074581279572593E-003 
  -1.5537762810634306E-002
 bsub=   3.1491205076751752E-002  -4.0186418464421905E-002 
   0.9460775399056107     
 bsup=    0.000000000000000       -0.2962191888700393      
    1.011756171340616     
 b_abs=   0.9843102585478143     
 g=  -1.6526689584673026E-002
 j=    0.000000000000000         410.2693952127746      
   -80.74225906081682     
 v_perp_2=    16089913.59641740     
 b_n=   6.2375193623305992E-006  -0.2948539868372952      
    1.011813947348700     
 b_para_n=   0.9843102528894548     
 dxdt=   3.9807098202346063E-002   -1342.511563175823      
    4615.563646927152     
 dudt=    137685.4952087372     
 ---------------------
 rk4
 istep=     24000001
 grad_b=   0.1023866459921921        7.8985125738590872E-002 
   0.1226638771056702     
 bsub=  -4.3541238853737514E-002   2.2185048980854351E-002 
    1.008947189022646     
 bsup=    0.000000000000000       -0.1838459242360678      
    1.143073017754949     
 b_abs=    1.072239238800227     
 g=  -9.5841632678668881E-003
 j=    0.000000000000000         85.46217904103690      
    30.16664697311654     
 v_perp_2=    17527190.88725227     
 b_n=   3.1620499613000476E-004  -0.1842922421168975      
    1.143096479098484     
 b_para_n=    1.072239240399963     
 dxdt=    1.873307762727854        -744.5483234016465      
    4612.972512688735     
 dudt=   -958093.4443482236     
 ---------------------
 rk4
 istep=     25000001
 grad_b=  -0.4042644427764425       -4.0842574004483462E-002 
   7.7498179626234800E-002
 bsub=  -5.8773959286426295E-003   3.8265177293181352E-002 
    1.029062542426110     
 bsup=    0.000000000000000        0.8399656209265334      
   0.9285915549094518     
 b_abs=   0.9939446093814397     
 g=  -1.4307627641780748E-002
 j=    0.000000000000000        -246.4413610306044      
    94.72641094911586     
 v_perp_2=    16247327.01571987     
 b_n=  -1.4894060996649376E-004   0.8413411677858496      
   0.9285395602865202     
 b_para_n=   0.9939446146216865     
 dxdt=  -0.9423668208822011         3788.281564047970      
    4178.037813526854     
 dudt=   -309657.8536773946     
 ---------------------
 rk4
 istep=     26000001
 grad_b=   0.3969505970581224       -6.4878117106124678E-002 
  -0.1425528893024371     
 bsub=   3.0529393043410361E-002   5.2371041017278325E-002 
    1.099293514142517     
 bsup=    0.000000000000000       -0.1067080096687132      
    1.133156495872068     
 b_abs=    1.113228924777709     
 g=  -9.5558302162456893E-003
 j=    0.000000000000000        -205.6115263077599      
    288.4160020647599     
 v_perp_2=    18197148.28112828     
 b_n=  -2.3967520433642076E-004  -0.1083622351813516      
    1.133241974425000     
 b_para_n=    1.113228938582729     
 dxdt=   -1.375810877294318        -416.7685847868951      
    4325.412979479924     
 dudt=    1135136.073485911     
 ---------------------
 rk4
 istep=     27000001
 grad_b=  -0.6546485233165038       -1.1255833275033190E-003 
  -6.2846404215671503E-003
 bsub=  -2.5354277094126264E-002  -5.4439420161313895E-002 
   0.9619457222429724     
 bsup=    0.000000000000000       -0.3880476679792824      
   0.9836134999654540     
 b_abs=   0.9834352515070210     
 g=  -1.7278518374289079E-002
 j=    0.000000000000000        -448.6245462192580      
    3.628609505898964     
 v_perp_2=    16075464.14433043     
 b_n=  -4.0066289739535904E-006  -0.3862764900862360      
   0.9837136324220932     
 b_para_n=   0.9834352532112542     
 dxdt=  -2.5589959295290576E-002   -1761.003292400637      
    4493.060904518255     
 dudt=    47744.43818913057     
 ---------------------
 rk4
 istep=     28000001
 grad_b=   0.7241045957941075       -2.5528319505786899E-002 
  -0.1787701263379595     
 bsub=  -4.7693493432306069E-002   0.1309749464660810      
    1.712480556214194     
 bsup=    0.000000000000000       -0.7366435225391212      
    1.076360831507180     
 b_abs=    1.321510341483283     
 g=  -9.2583149815320571E-003
 j=    0.000000000000000        -1343.373401129120      
    605.0331919704295     
 v_perp_2=    21601675.66464259     
 b_n=  -5.0276318598775045E-005  -0.7396932082316348      
    1.076592698266425     
 b_para_n=    1.321510366265378     
 dxdt=  -0.2529721790105309        -2148.786473861565      
    3118.485895837389     
 dudt=    1073758.473320191     
 ---------------------
 rk4
 istep=     29000001
 grad_b=   -1.306854432443439        3.3300888253233255E-002 
  -0.1811321308055193     
 bsub=   3.3643720789848258E-002  -0.1094134650624684      
    1.326826274071578     
 bsup=    0.000000000000000       -0.8877209417116759      
   0.8645927055912610     
 b_abs=    1.115579071427377     
 g=  -2.0794090700886031E-002
 j=    0.000000000000000         1912.314434056169      
   -765.5907899511446     
 v_perp_2=    18235434.52072302     
 b_n=   4.1807621219211510E-005  -0.8847561515896567      
   0.8648360834395981     
 b_para_n=    1.115579016502721     
 dxdt=   0.2395686704672126        -3360.454122947327      
    3290.843454274805     
 dudt=    1363924.945986050     
 ---------------------
 Elapsed time (seconds):     153.5028960000000     

real	2m33.514s
user	2m33.266s
sys	0m0.015s
>>> [PID 3875605] DONE  u=4500, v_perp=4000, out=bounce/dat304.dat
