>>> [PID 3877450] START u=3000, v_perp=5000, out=bounce/dat322.dat, dt=5.00E-09, steps=30000000
 outer boundary:   8.3000000000000462E-002
 rk4
 istep=            1
 grad_b=  -0.5028818843743864        4.9314544385554576E-003 
  -7.9822678856510676E-003
 bsub=   8.6925176542291226E-003   4.2252264808789512E-002 
    1.020727362258229     
 bsup=    0.000000000000000        0.5003051760671079      
   0.9181486527825736     
 b_abs=   0.9787596225137467     
 g=  -1.6418770562619853E-002
 j=    0.000000000000000         576.0999452976744      
    59.08849149884104     
 v_perp_2=    24999998.09668265     
 b_n=   1.0717049722886244E-005   0.5013292984965591      
   0.9181061720569007     
 b_para_n=   0.9787596259989404     
 dxdt=   7.8472302751086978E-002    1540.986258597548      
    2813.910301699821     
 dudt=    63437.19380165735     
 ---------------------
 rk4
 istep=      1000001
 grad_b=   -1.066827575265403       -5.2531116951970408E-002 
   0.1727451178808904     
 bsub=  -6.1931435780741853E-002  -0.1685630957212054      
    1.516304407195057     
 bsup=    0.000000000000000        -1.163258171952377      
   0.8970351596772385     
 b_abs=    1.247455472672195     
 g=  -2.0022067070386465E-002
 j=    0.000000000000000        -407.4666374026657      
    7.833699281729906     
 v_perp_2=    31863154.81526371     
 b_n=  -2.4803543396237464E-005   -1.162469458361172      
   0.8971218263953255     
 b_para_n=    1.247455473667082     
 dxdt=  -0.2457661105896410        -1355.315950986149      
    1052.023857804207     
 dudt=   -2212045.478299394     
 ---------------------
 rk4
 istep=      2000001
 grad_b=   2.4120284353762872E-002  -6.0537967123247723E-002 
   0.1314392863407038     
 bsub=  -4.5502194193720348E-003   3.4437438402361756E-002 
    1.070547776281137     
 bsup=    0.000000000000000        0.7354760491169908      
   0.9880571920534972     
 b_abs=    1.040350492320047     
 g=  -1.2947611401095620E-002
 j=    0.000000000000000        -469.8516724244280      
    44.66884988635739     
 v_perp_2=    26573157.55594683     
 b_n=   1.4105984459261462E-004   0.7355298157634045      
   0.9880560610232528     
 b_para_n=    1.040350491272724     
 dxdt=   -1.030561123716045        -1926.990105345777      
   -2588.231551992932     
 dudt=   -1047692.720519746     
 ---------------------
 rk4
 istep=      3000001
 grad_b=  -0.9271108976583454       -1.7270002781311272E-002 
  -0.1790866612399932     
 bsub=   8.4341387508178781E-002  -0.1228202405723667      
    1.608169724937856     
 bsup=    0.000000000000000        -1.211930600276272      
   0.9323337618741732     
 b_abs=    1.284012802968091     
 g=  -1.8856080471044291E-002
 j=    0.000000000000000         1080.681490153791      
   -342.8977742991303     
 v_perp_2=    32796886.43466898     
 b_n=   1.8370234284497085E-005   -1.212475367145355      
   0.9322911979056328     
 b_para_n=    1.284012808951976     
 dxdt=  -0.2295846837244402         1042.097417678556      
   -795.9122295648584     
 dudt=    1452549.863737195     
 ---------------------
 rk4
 istep=      4000001
 grad_b=   0.2927807064295947        0.1640386756287077      
  -0.1489528933533242     
 bsub=  -3.8032274895515188E-002  -4.3826838534822180E-002 
    1.323839556176652     
 bsup=    0.000000000000000       -0.3235226639892645      
   0.9451777301265345     
 b_abs=    1.124982873227957     
 g=  -1.7793060524889846E-002
 j=    0.000000000000000         624.7495585797218      
    34.48740808912552     
 v_perp_2=    28734850.93696311     
 b_n=   2.2453558577688651E-004  -0.3239297861997789      
   0.9451707029983691     
 b_para_n=    1.124982873663546     
 dxdt=    1.707700664121625        -662.9751898671575      
    1927.795064191961     
 dudt=    2200745.390287948     
 ---------------------
 rk4
 istep=      5000001
 grad_b=  -0.9904003901348373        0.1090780461725023      
   0.2427379292589096     
 bsub=  -4.2507043260183952E-002  -6.6496522862569046E-002 
    1.282780273263177     
 bsup=    0.000000000000000       -0.9770417858573162      
   0.9020236068032348     
 b_abs=    1.105534072578124     
 g=  -1.6514606612132353E-002
 j=    0.000000000000000         218.4507417779375      
    522.3957489928320     
 v_perp_2=    28238066.79537286     
 b_n=   1.9416540876534991E-004  -0.9754739834880668      
   0.9021113268276639     
 b_para_n=    1.105534089505135     
 dxdt=    1.454630764394206        -2109.666942325341      
    1959.185498333318     
 dudt=   -1298240.547285815     
 ---------------------
 rk4
 istep=      6000001
 grad_b=   0.6406083655031433       -0.1130869057869258      
   0.1512852894835981     
 bsub=   7.1734242817732496E-002  -3.0547225870963646E-002 
    1.489913356346316     
 bsup=    0.000000000000000       -0.5355990396822976      
   0.9840663962470788     
 b_abs=    1.217629504676932     
 g=  -1.4969988164926883E-002
 j=    0.000000000000000        -583.8248306172263      
   -142.0934206768804     
 v_perp_2=    31101244.61123903     
 b_n=   1.3150597583773418E-004  -0.5348417816763592      
   0.9840755928983405     
 b_para_n=    1.217629507603768     
 dxdt=   -1.170325591141202         742.1722768396345      
   -1376.071015869394     
 dudt=   -2196776.672140190     
 ---------------------
 rk4
 istep=      7000001
 grad_b=  -0.7618314366679826       -0.1368354248648031      
  -0.2755165943220538     
 bsub=   5.2128142062397374E-002  -4.7216599697702533E-002 
    1.354827375793083     
 bsup=    0.000000000000000        -1.087573738080309      
   0.9246701772935597     
 b_abs=    1.141933032505529     
 g=  -1.5243796449755041E-002
 j=    0.000000000000000         72.76066686494366      
    358.2489358152533     
 v_perp_2=    29167754.80975344     
 b_n=   2.2952623011820967E-004   -1.088751220568293      
   0.9246203010564756     
 b_para_n=    1.141933021825230     
 dxdt=   -1.775331360438818         2102.702003985730      
   -1779.617132377541     
 dudt=    1184854.729913907     
 ---------------------
 rk4
 istep=      8000001
 grad_b=   0.5466455564542669        0.1148065454872330      
  -0.1291606894268766     
 bsub=  -9.0733159331992663E-002  -6.3023874048059092E-002 
    1.583735028397930     
 bsup=    0.000000000000000       -0.8933873624935844      
   0.9794200558040952     
 b_abs=    1.267814118436851     
 g=  -1.5580821612654698E-002
 j=    0.000000000000000         170.0188724779672      
   -82.14990010665629     
 v_perp_2=    32383049.83369486     
 b_n=   9.2257222660241733E-005  -0.8938410015194972      
   0.9794072877867407     
 b_para_n=    1.267814116972301     
 dxdt=    1.019115873562261        -901.0617373617195      
    982.1987406051669     
 dudt=    2307511.329802160     
 ---------------------
 rk4
 istep=      9000001
 grad_b=  -0.7408964210666389        0.1313852980119559      
   0.1768708025318882     
 bsub=  -4.5018678876406273E-002  -6.2404507670387716E-002 
    1.113229618484137     
 bsup=    0.000000000000000       -0.6208106756991525      
   0.9731615862410460     
 b_abs=    1.059337828277408     
 g=  -1.3136793070921627E-002
 j=    0.000000000000000         533.2327245445049      
   -656.0959360879069     
 v_perp_2=    27058044.90365584     
 b_n=   2.9410773827869159E-004  -0.6192834150466722      
   0.9732590713594866     
 b_para_n=    1.059337804706346     
 dxdt=    2.157095420858218        -1532.863682271772      
    2421.138738459211     
 dudt=   -1091757.300161191     
 ---------------------
 rk4
 istep=     10000001
 grad_b=   0.4969629399770799       -8.8651868568038222E-002 
   0.1072835171804785     
 bsub=   0.1052220255429799       -4.1991504132456628E-002 
    1.676241053920962     
 bsup=    0.000000000000000        -1.043847352175445      
   0.9944545956387101     
 b_abs=    1.307985312425727     
 g=  -1.4733097600811797E-002
 j=    0.000000000000000         162.9493758796874      
    469.1281696163115     
 v_perp_2=    33409085.03388624     
 b_n=   4.5974156135769208E-005   -1.043585176719143      
   0.9944582738836210     
 b_para_n=    1.307985307821089     
 dxdt=  -0.7908254692975141         608.9648141602055      
   -584.5095973955843     
 dudt=   -1945264.054215139     
 ---------------------
 rk4
 istep=     11000001
 grad_b=  -0.7580644377061129       -8.2915941902391432E-002 
  -9.1427149120582765E-002
 bsub=   3.5481616995502514E-002  -8.1910006613936229E-002 
   0.9291427934722370     
 bsup=    0.000000000000000       -0.5588976225453413      
    1.049440224716548     
 b_abs=    1.010588307477935     
 g=  -1.1420804839525987E-002
 j=    0.000000000000000         756.9963879024709      
   -404.0931880612641     
 v_perp_2=    25812838.08419500     
 b_n=   2.1693339219473238E-004  -0.5606969426071456      
    1.049273336286189     
 b_para_n=    1.010588323590645     
 dxdt=   -1.582470311697719         1595.556038978305      
   -2970.107275134036     
 dudt=    626887.2216193865     
 ---------------------
 rk4
 istep=     12000001
 grad_b=   0.4872711510435099        7.6998198447884442E-002 
  -0.1015786830414899     
 bsub=  -0.1067946810218694       -1.7775403975059525E-002 
    1.715204344023512     
 bsup=    0.000000000000000        -1.054275668300739      
    1.004861751075702     
 b_abs=    1.320004893240055     
 g=  -1.4128159823945271E-002
 j=    0.000000000000000        -186.7880156680592      
    370.6882645352362     
 v_perp_2=    33716059.21970826     
 b_n=   2.9497927608629990E-005   -1.054462473330978      
    1.004861653757095     
 b_para_n=    1.320004895809598     
 dxdt=   0.7188908203064103        -430.1436716451073      
    405.6412101025359     
 dudt=    1772962.310289148     
 ---------------------
 rk4
 istep=     13000001
 grad_b=  -0.6254368187040896        9.9988321499750649E-002 
   0.1124144861097635     
 bsub=  -4.5932055267484159E-002  -6.3786517604974877E-002 
   0.9495826342031400     
 bsup=    0.000000000000000       -0.5834207456985865      
    1.070081799524308     
 b_abs=    1.026352089343189     
 g=  -1.0656498318465206E-002
 j=    0.000000000000000         383.3552774246873      
   -130.4129170016284     
 v_perp_2=    26215455.32438324     
 b_n=   2.6552584407452448E-004  -0.5818898924061303      
    1.070197469972260     
 b_para_n=    1.026352084179689     
 dxdt=    1.937221483343517        -1574.827345839719      
    2909.800359508209     
 dudt=   -770952.7116071166     
 ---------------------
 rk4
 istep=     14000001
 grad_b=   0.1442977644603312       -7.5883267407368865E-002 
   3.7198806097797341E-002
 bsub=   0.1102680041771573       -5.5434933832519358E-002 
    1.721324659433822     
 bsup=    0.000000000000000        -1.153644197458909      
   0.9921236850167600     
 b_abs=    1.331058783665056     
 g=  -1.5198255583218185E-002
 j=    0.000000000000000        -1118.928435555820      
    150.8982744068521     
 v_perp_2=    33998366.16691161     
 b_n=   2.0188771421968790E-006   -1.153640360800580      
   0.9921236791717785     
 b_para_n=    1.331058783568548     
 dxdt=  -0.6379381995171707         33.82090233827529      
   -30.12631937113687     
 dudt=   -1194048.269438486     
 ---------------------
 rk4
 istep=     15000001
 grad_b=  -0.5926868720949012        0.1008957297045674      
   0.1126197285051274     
 bsub=  -4.7118534767488382E-002  -6.0912761816958941E-002 
   0.9381363515999287     
 bsup=    0.000000000000000       -0.5892920529359200      
    1.082703072682625     
 b_abs=    1.025767865819782     
 g=  -1.0279356929504296E-002
 j=    0.000000000000000         531.6250168375916      
   -61.24411815877222     
 v_perp_2=    26200506.14006539     
 b_n=  -2.7421496087791500E-004  -0.5907796923151347      
    1.082592711737066     
 b_para_n=    1.025767868954524     
 dxdt=    2.000553165532727         1615.260657046524      
   -2946.964123389598     
 dudt=   -777857.0080398481     
 ---------------------
 rk4
 istep=     16000001
 grad_b=   0.5174553728279928        6.6644688046923861E-002 
  -0.1071858807844397     
 bsub=  -0.1038646774187411        1.0363062814330175E-002 
    1.743254710034929     
 bsup=    0.000000000000000        -1.033662271063831      
    1.016016464388355     
 b_abs=    1.326924874808490     
 g=  -1.3450995141508755E-002
 j=    0.000000000000000        -158.3655909553978      
    35.60825418728383     
 v_perp_2=    33892740.93236317     
 b_n=  -1.6967788964450675E-005   -1.033533384223190      
    1.016014687130893     
 b_para_n=    1.326924874660713     
 dxdt=   0.6658534629571421         250.0650544784926      
   -250.6978583603733     
 dudt=    1711169.537680931     
 ---------------------
 rk4
 istep=     17000001
 grad_b=  -0.6582485710017897        1.1824270839160760E-002 
   1.2546294591903588E-002
 bsub=  -7.8181363511503447E-003  -9.1181121338698212E-002 
   0.8131873898943853     
 bsup=    0.000000000000000       -0.2604998214221184      
    1.162345902368321     
 b_abs=   0.9848419707114497     
 g=  -9.7457590295891190E-003
 j=    0.000000000000000         460.6514141301282      
   -350.6593149161234     
 v_perp_2=    25155136.16683031     
 b_n=   3.5414293562080179E-005  -0.2587382562870170      
    1.162543747750860     
 b_para_n=   0.9848419575236730     
 dxdt=   0.2590211283510405        -773.7748464574721      
    3511.506149907075     
 dudt=   -149166.5239281786     
 ---------------------
 rk4
 istep=     18000001
 grad_b=   0.2519357384767292       -0.1065547628886949      
   7.0360221009490534E-002
 bsub=   9.7639655456173452E-002  -0.1060461244884952      
    1.633113904034919     
 bsup=    0.000000000000000        -1.124167331751323      
   0.9714275061518829     
 b_abs=    1.306101151347042     
 g=  -1.6418144431269158E-002
 j=    0.000000000000000         172.4337014224075      
    49.09684552071523     
 v_perp_2=    33360818.98932213     
 b_n=  -4.9737892526534825E-005   -1.124288146272487      
   0.9714226350752444     
 b_para_n=    1.306101151728388     
 dxdt=  -0.8249660385737172        -690.1268939822753      
    594.5474205346287     
 dudt=   -1839598.462636561     
 ---------------------
 rk4
 istep=     19000001
 grad_b=  -0.8627279526692819        7.0011463069692831E-002 
   0.2337185564117152     
 bsub=  -7.7681089828772240E-002  -7.4606421712677007E-002 
    1.609268164218495     
 bsup=    0.000000000000000        -1.171974964691180      
   0.9372014959389489     
 b_abs=    1.263270221292492     
 g=  -1.8457073017524854E-002
 j=    0.000000000000000         611.4677423138480      
   -137.3023979204893     
 v_perp_2=    32266804.93115451     
 b_n=  -6.0835328151714368E-005   -1.172615666656414      
   0.9371688583807284     
 b_para_n=    1.263270224183560     
 dxdt=   0.6535486908286100         1228.248843429226      
   -976.3476681530179     
 dudt=   -1384910.172810846     
 ---------------------
 rk4
 istep=     20000001
 grad_b=   0.4491944105150711        7.2220463642721194E-002 
  -0.1756013170933753     
 bsub=  -1.3033017658683079E-002   2.5273625474524913E-002 
    1.176643039658539     
 bsup=    0.000000000000000        0.7527546954123708      
   0.9999336959856038     
 b_abs=    1.093525028434784     
 g=  -1.1946507839075689E-002
 j=    0.000000000000000        -504.8625828627453      
    290.9411438425101     
 v_perp_2=    27931109.78017367     
 b_n=  -1.6131206050084605E-004   0.7537041057178736      
   0.9999115081313993     
 b_para_n=    1.093525019508789     
 dxdt=    1.199666175619471        -1702.879201354628      
   -2252.502675213864     
 dudt=    1415773.436630833     
 ---------------------
 rk4
 istep=     21000001
 grad_b=   -1.243468399461291        8.5879234448364809E-003 
  -0.2175845054475045     
 bsub=   4.8206483878775477E-002  -0.1182517581628526      
    1.416661134443413     
 bsup=    0.000000000000000       -0.9979331147528546      
   0.8738669420023281     
 b_abs=    1.164307260984822     
 g=  -2.0971420765440063E-002
 j=    0.000000000000000         461.8091315835713      
   -590.4536717854604     
 v_perp_2=    29739032.08054890     
 b_n=  -1.0302949999911835E-005  -0.9966029725576380      
   0.8739783077690457     
 b_para_n=    1.164307243146947     
 dxdt=  -8.2009908689054625E-002   -1758.657298237555      
    1550.173421036667     
 dudt=    2179627.019776728     
 ---------------------
 Particle has exited the domain at step      21385901  s =  
   8.3000003149420576E-002
 Elapsed time (seconds):     109.3278480000000     

real	1m49.337s
user	1m49.136s
sys	0m0.014s
>>> [PID 3877450] DONE  u=3000, v_perp=5000, out=bounce/dat322.dat
