>>> [PID 3884409] START u=7000, v_perp=8000, out=bounce/dat393.dat, dt=5.00E-09, steps=30000000
 outer boundary:   8.3000000000000462E-002
 rk4
 istep=            1
 grad_b=  -0.5028808148871717        4.9304388766023902E-003 
  -7.9801135122659905E-003
 bsub=   8.6927968551089273E-003   4.2252107640008127E-002 
    1.020727974885610     
 bsup=    0.000000000000000        0.5002852453838540      
   0.9181488392997175     
 b_abs=   0.9787595231840953     
 g=  -1.6418871503164130E-002
 j=    0.000000000000000         576.0999680450525      
    59.07352160520093     
 v_perp_2=    63999988.63245177     
 b_n=   2.5001059052573415E-005   0.5026748466333751      
   0.9180497188064226     
 b_para_n=   0.9787595313147426     
 dxdt=   0.2955761520822087         3606.246339580132      
    6565.346669826867     
 dudt=    162353.4785940509     
 ---------------------
 rk4
 istep=      1000001
 grad_b=   0.6316370980145648        3.9330300735046335E-003 
   0.1431571520007896     
 bsub=   6.7365517772165123E-002   0.1465624218952621      
    1.900369786745034     
 bsup=    0.000000000000000       -0.9245983051030138      
    1.066822152741801     
 b_abs=    1.375335525532502     
 g=  -1.0140587383632450E-002
 j=    0.000000000000000         525.5821152397317      
   -79.49353863512403     
 v_perp_2=    89931216.97073610     
 b_n=  -3.5383043006123609E-005  -0.9277173914208138      
    1.067063958860808     
 b_para_n=    1.375335523061077     
 dxdt=  -0.3644199459201633        -3261.040720938929      
    3728.086012224004     
 dudt=   -3544062.509292710     
 ---------------------
 rk4
 istep=      2000001
 grad_b=   0.4273596195007945        3.5928618390278902E-002 
   8.9808972878064039E-002
 bsub=  -1.1248333968906222E-002   0.1876369913497181      
    2.154133179456057     
 bsup=    0.000000000000000        -1.550754670190928      
    1.076265890579523     
 b_abs=    1.424564216082245     
 g=  -7.2831775397688035E-003
 j=    0.000000000000000        0.7938346996250658      
   -281.7094081334881     
 v_perp_2=    93149791.39513901     
 b_n=   1.9092457508744989E-004   -1.553660942703041      
    1.076520028473299     
 b_para_n=    1.424564198572007     
 dxdt=    1.998155936586020        -4880.437019566911      
    3368.706135777210     
 dudt=   -939626.4273943000     
 ---------------------
 rk4
 istep=      3000001
 grad_b=   0.2599578942822227        7.0983503054393132E-002 
  -5.2966797091186874E-002
 bsub=  -0.1079435201093916       -7.7189929570280376E-003 
    1.766596541544398     
 bsup=    0.000000000000000        -1.107533505364241      
    1.010171246320955     
 b_abs=    1.339074774560855     
 g=  -1.4087220516692329E-002
 j=    0.000000000000000        -1186.581182917355      
    181.6598488739976     
 v_perp_2=    87559397.52385834     
 b_n=   2.6109686941844283E-004   -1.108480945277744      
    1.010183069494830     
 b_para_n=    1.339074786766987     
 dxdt=    2.675883065834502        -4181.435192636077      
    3805.114143486605     
 dudt=    3225815.502938772     
 ---------------------
 rk4
 istep=      4000001
 grad_b=   0.1354275836039431       -3.0041127833719629E-002 
   0.1127524945672631     
 bsub=  -1.7094186590318104E-002   3.6554149769220529E-002 
    1.040071111083729     
 bsup=    0.000000000000000        0.4104943575140306      
    1.034353216011629     
 b_abs=    1.044537739041020     
 g=  -1.3458400157567850E-002
 j=    0.000000000000000        -371.9557655040517      
    47.35680490828379     
 v_perp_2=    68299885.80547865     
 b_n=  -1.6846158120582176E-004   0.4098142122939274      
    1.034374354390337     
 b_para_n=    1.044537741913574     
 dxdt=   -1.902058327815971         2619.788412745540      
    6620.864547710780     
 dudt=   -3264378.021249199     
 ---------------------
 rk4
 istep=      5000001
 grad_b=   0.8199600688887425        2.4645670448722186E-002 
   0.1606080866806011     
 bsub=   1.2737841212466194E-002   8.4480871290123466E-002 
    1.352530587949195     
 bsup=    0.000000000000000       -0.1975537581382583      
    1.109171865809998     
 b_abs=    1.217584954429231     
 g=  -8.5780629012462539E-003
 j=    0.000000000000000        -173.5449983312627      
    357.5515952783168     
 v_perp_2=    79614661.87073644     
 b_n=   9.3950479164997997E-005  -0.2028154492507979      
    1.109499654905743     
 b_para_n=    1.217584978456327     
 dxdt=   0.9774366410498724        -992.2253062443701      
    5266.944357062465     
 dudt=   -4652584.289080567     
 ---------------------
 rk4
 istep=      6000001
 grad_b=   0.5023098651211488        7.0294963246412656E-002 
   0.1828709352597271     
 bsub=  -3.2499195608654247E-002   0.1255822562414067      
    1.702435931814690     
 bsup=    0.000000000000000        -1.164290927994198      
    1.083054937334067     
 b_abs=    1.303693348141225     
 g=  -8.0082883344599464E-003
 j=    0.000000000000000         388.1329126618040      
   -346.6614189085403     
 v_perp_2=    85244670.11783729     
 b_n=   3.9159613079285823E-004   -1.167777725831065      
    1.083319603819682     
 b_para_n=    1.303693326078056     
 dxdt=    4.012583958614851        -4740.724542763966      
    4379.426816378020     
 dudt=   -2914402.628665896     
 ---------------------
 rk4
 istep=      7000001
 grad_b=  -0.4208210710552598        0.1806080020024407      
  -0.1062929993075323     
 bsub=  -1.6332234434415359E-002  -0.2010971273092084      
    1.430498405415930     
 bsup=    0.000000000000000        -1.052152336650238      
   0.8922762983016911     
 b_abs=    1.219914563229004     
 g=  -1.8590994657737534E-002
 j=    0.000000000000000         269.7302763054966      
    102.0947676665602     
 v_perp_2=    79766279.57304442     
 b_n=   5.1658752051587432E-004   -1.050836307698828      
   0.8924672054515279     
 b_para_n=    1.219914567904208     
 dxdt=    5.370860254951263        -4958.404234595198      
    4218.555816467295     
 dudt=    7634478.886453616     
 ---------------------
 rk4
 istep=      8000001
 grad_b=  -0.7827680305151586        2.4256331117234464E-003 
  -2.6387739293784324E-002
 bsub=  -2.1933154522182259E-002  -5.4306000627317955E-002 
   0.9957400782895254     
 bsup=    0.000000000000000       -0.4348462340757391      
   0.9603612450900270     
 b_abs=   0.9899225690693920     
 g=  -1.7880360728826487E-002
 j=    0.000000000000000        -114.5786576288908      
   -209.5931859619525     
 v_perp_2=    64727524.14635634     
 b_n=   4.0747981731973675E-006  -0.4316105397243258      
   0.9605377854483846     
 b_para_n=   0.9899225501968015     
 dxdt=   4.7773330503382706E-002   -3014.062622370639      
    6742.431463511125     
 dudt=    871774.0963112514     
 ---------------------
 rk4
 istep=      9000001
 grad_b=  -0.1061712423751018        3.6348232997277331E-002 
   7.5158908960932302E-002
 bsub=  -4.1042807403757597E-002  -1.3522135520784809E-002 
   0.9331698343071999     
 bsup=    0.000000000000000        2.1861379379287005E-002 
    1.118434113870206     
 b_abs=    1.020990886769454     
 g=  -1.2140336734051007E-002
 j=    0.000000000000000        -140.1331897315775      
    132.1437505512638     
 v_perp_2=    66758666.50588416     
 b_n=   1.9638243654542106E-004   2.2400962153997225E-002 
    1.118450581784588     
 b_para_n=    1.020990897507072     
 dxdt=    2.252116773665561         151.7911842978781      
    7449.287175274978     
 dudt=   -2717125.498783327     
 ---------------------
 rk4
 istep=     10000001
 grad_b=  -0.7540497705989248        0.1340945786056188      
   0.1815047769653385     
 bsub=  -4.3039858466520801E-002  -6.6350153982229099E-002 
    1.114736602123066     
 bsup=    0.000000000000000       -0.6316903778609425      
   0.9636790751560173     
 b_abs=    1.056576561786256     
 g=  -1.3353383713404310E-002
 j=    0.000000000000000         499.0634606239013      
   -636.2496632848831     
 v_perp_2=    69085182.93954356     
 b_n=   7.5117836076382162E-004  -0.6278175293000132      
   0.9639385386897458     
 b_para_n=    1.056576503853176     
 dxdt=    8.417246163250983        -3918.552162962474      
    6047.082498210458     
 dudt=   -2791179.341173902     
 ---------------------
 rk4
 istep=     11000001
 grad_b=  -0.7847581119263031       -0.1151393101986082      
   0.1180250620459775     
 bsub=  -2.8316536486924653E-002  -0.2111226895160984      
    1.500223921601448     
 bsup=    0.000000000000000        -1.177941023559355      
   0.8952622005094524     
 b_abs=    1.261685365718698     
 g=  -1.7753945660725766E-002
 j=    0.000000000000000         93.75226732406628      
   -296.6867093481089     
 v_perp_2=    82496014.13917340     
 b_n=  -3.0220525915587140E-004   -1.175540886854292      
   0.8955942437126591     
 b_para_n=    1.261685344513985     
 dxdt=   -3.111756369354164        -5131.735911912066      
    3922.439143087051     
 dudt=   -6252297.000864428     
 ---------------------
 rk4
 istep=     12000001
 grad_b=   -1.090951413851478        0.1177350512848446      
  -0.1535370456956944     
 bsub=   2.9814983554497798E-002  -0.1577027224901328      
    1.412578699710130     
 bsup=    0.000000000000000       -0.9673684042457554      
   0.8782604340420348     
 b_abs=    1.180377024900925     
 g=  -1.9513056045700090E-002
 j=    0.000000000000000         612.5029416772556      
    63.82507048134391     
 v_perp_2=    77179251.21559227     
 b_n=   3.2725124394020205E-004  -0.9638298321996477      
   0.8786485788059905     
 b_para_n=    1.180377024537503     
 dxdt=    3.446893947580699        -4867.722918385636      
    4457.264670879739     
 dudt=    6889293.977329305     
 ---------------------
 rk4
 istep=     13000001
 grad_b=  -0.9159230007563197       -6.8510062218787027E-002 
  -9.3253768659991576E-002
 bsub=   2.1898702944792806E-002  -9.1417260441623988E-002 
   0.9974736996249989     
 bsup=    0.000000000000000       -0.5216564407074845      
   0.9713799347604560     
 b_abs=    1.007766968896452     
 g=  -1.4147904114423546E-002
 j=    0.000000000000000        -440.0054512284529      
    219.3660920119732     
 v_perp_2=    65892787.87232553     
 b_n=  -3.8409565377564093E-004  -0.5171011867305831      
   0.9718058740394543     
 b_para_n=    1.007766991910333     
 dxdt=   -4.445460882305651        -3500.056653102088      
    6620.582389972075     
 dudt=    1779239.403284974     
 ---------------------
 rk4
 istep=     14000001
 grad_b=  -0.4297488941566794       -1.6821149249896389E-002 
  -3.2489568659701373E-002
 bsub=   3.1396035482519936E-002  -5.5732314668136503E-002 
   0.8910131470236640     
 bsup=    0.000000000000000       -0.2469474526128016      
    1.090004307996643     
 b_abs=   0.9925274213438111     
 g=  -1.3213348845559050E-002
 j=    0.000000000000000         402.9684281373305      
   -233.2138044339384     
 v_perp_2=    64896082.78824398     
 b_n=  -9.3639995834806275E-005  -0.2448186437151626      
    1.090140739450915     
 b_para_n=   0.9925274000319974     
 dxdt=   -1.095733542211159        -1700.738018840963      
    7618.455824674318     
 dudt=    1029652.209910668     
 ---------------------
 rk4
 istep=     15000001
 grad_b=   -1.093733620252197       -2.7524083880755942E-002 
   8.4366953120180568E-002
 bsub=   4.4977279483265657E-003  -6.7856777648974548E-002 
    1.104356960313132     
 bsup=    0.000000000000000       -0.6286651019545400      
   0.9016674416406094     
 b_abs=    1.018920726497996     
 g=  -1.9138275616194324E-002
 j=    0.000000000000000         1013.440673416501      
   -588.0328305520839     
 v_perp_2=    66621498.43275661     
 b_n=  -8.8464190291737119E-005  -0.6243326121193840      
   0.9019339529181202     
 b_para_n=    1.018920664566828     
 dxdt=   -1.015939784796713        -4152.064266097207      
    6029.549999738092     
 dudt=   -2995918.322680257     
 ---------------------
 rk4
 istep=     16000001
 grad_b=  -0.4147035697979768       -0.1320476123972353      
   8.7313283566154920E-002
 bsub=   1.6181809303402503E-002  -0.2273029109894825      
    1.487907471678682     
 bsup=    0.000000000000000        -1.190072436070201      
   0.8985565571146222     
 b_abs=    1.267846112869626     
 g=  -1.7480296012362697E-002
 j=    0.000000000000000        -466.2243955285952      
   -57.83265370500847     
 v_perp_2=    82896909.35788168     
 b_n=  -3.6081102898450718E-004   -1.188809102682481      
   0.8987534773337570     
 b_para_n=    1.267846113763686     
 dxdt=   -3.711297110741150        -5137.066481534614      
    3890.546255394592     
 dudt=   -6075090.529711571     
 ---------------------
 rk4
 istep=     17000001
 grad_b=   0.5203841219833129       -8.8347555067731856E-002 
  -0.1840565569705885     
 bsub=   3.9430588419128096E-002   0.1000836812886434      
    1.529371764497965     
 bsup=    0.000000000000000       -0.9023278892731588      
    1.095115474030174     
 b_abs=    1.258280314220181     
 g=  -8.1558007835782938E-003
 j=    0.000000000000000         627.0062714552514      
   -142.2610608268271     
 v_perp_2=    82271110.02396631     
 b_n=  -5.2408463558346831E-004  -0.9059347017117443      
    1.095365013791883     
 b_para_n=    1.258280307094220     
 dxdt=   -5.399644875491811        -4012.374331160102      
    4827.111509355744     
 dudt=    3165703.255305189     
 ---------------------
 rk4
 istep=     18000001
 grad_b=   0.6928896198287746       -2.6523077405228416E-002 
  -0.1497319025460440     
 bsub=   7.5859358495560456E-003   6.5434922918830740E-002 
    1.190399633205798     
 bsup=    0.000000000000000        7.3525968635242911E-002 
    1.113562526955037     
 b_abs=    1.153778032978398     
 g=  -9.4020041924963525E-003
 j=    0.000000000000000         395.0539253393700      
   -117.3588948710902     
 v_perp_2=    75438010.58443780     
 b_n=  -1.1155041853415239E-004   6.9294828556688226E-002 
    1.113795812131521     
 b_para_n=    1.153778026087386     
 dxdt=   -1.187574439228302         345.5193225572129      
    5917.645535494149     
 dudt=    4779652.829420641     
 ---------------------
 rk4
 istep=     19000001
 grad_b=  -9.2214861943183235E-002   1.4135333941028366E-002 
  -7.0238321878922441E-002
 bsub=   3.3061721416626305E-002   1.1064472697335084E-002 
   0.9781992055991706     
 bsup=    0.000000000000000        9.7367761900720273E-002 
    1.046113248263773     
 b_abs=    1.011900517973194     
 g=  -1.4627381555614390E-002
 j=    0.000000000000000        -321.0156682823973      
    52.67528168372769     
 v_perp_2=    66161252.69256552     
 b_n=   6.9813311687301041E-005   9.7787838759694420E-002 
    1.046106141519567     
 b_para_n=    1.011900522188690     
 dxdt=   0.8056571928845707         663.3846233773043      
    7075.196113368254     
 dudt=    2329377.614695755     
 ---------------------
 rk4
 istep=     20000001
 grad_b=  -2.4267637163034733E-002  -7.3853580842371591E-002 
   8.0923175188999941E-003
 bsub=   0.1048196399531667       -8.2830881883399349E-002 
    1.698387776295263     
 bsup=    0.000000000000000        -1.182822978408005      
   0.9817065031079913     
 b_abs=    1.328712570761557     
 g=  -1.5955982712110656E-002
 j=    0.000000000000000        -1163.198548147323      
   -74.10227195303449     
 v_perp_2=    86875001.23260802     
 b_n=  -2.3682104003923578E-004   -1.182743191734606      
   0.9817250093672647     
 b_para_n=    1.328712569638564     
 dxdt=   -2.425693391275529        -4549.239510990692      
    3776.596315757848     
 dudt=   -2344741.721960525     
 ---------------------
 rk4
 istep=     21000001
 grad_b=   0.4188580778844643       -6.3412035846918957E-002 
  -0.1939741007406685     
 bsub=   1.4588178821457111E-002   0.1786436849205153      
    2.076906435947518     
 bsup=    0.000000000000000        -1.493359095951929      
    1.073004452935613     
 b_abs=    1.400388803014960     
 g=  -7.4266189573971931E-003
 j=    0.000000000000000        -160.3213007619984      
    282.8912873385719     
 v_perp_2=    91561004.50998461     
 b_n=  -3.2277477370555509E-004   -1.496261818295828      
    1.073256407475558     
 b_para_n=    1.400388820362747     
 dxdt=   -3.346142199818060        -4967.713825638350      
    3550.379006322225     
 dudt=    2648152.194670444     
 ---------------------
 rk4
 istep=     22000001
 grad_b=   0.7549612808646533       -2.1642143764646252E-002 
  -0.1800127250486500     
 bsub=  -5.7226512819462901E-002   0.1305584254594481      
    1.760958551219268     
 bsup=    0.000000000000000       -0.8056972705344483      
    1.069712090713864     
 b_abs=    1.333379625373148     
 g=  -9.6424878357171343E-003
 j=    0.000000000000000        -969.5731088400046      
    596.8407532922314     
 v_perp_2=    87179377.44181083     
 b_n=  -4.5299750403630403E-005  -0.8097878393892591      
    1.070013921892876     
 b_para_n=    1.333379660107093     
 dxdt=  -0.4640697958524313        -3112.350902048209      
    4079.676247354254     
 dudt=    4293631.788083995     
 ---------------------
 rk4
 istep=     23000001
 grad_b=  -0.4080095942807223        3.3622266660544117E-002 
  -5.6248030611195571E-002
 bsub=   5.7477478406949608E-004   4.1097644684995216E-002 
    1.027379654105870     
 bsup=    0.000000000000000        0.8636230648516461      
   0.9146353953628840     
 b_abs=   0.9874078897472496     
 g=  -1.4944254163631343E-002
 j=    0.000000000000000        -421.2765878690445      
   -50.03222860607643     
 v_perp_2=    64558650.16552111     
 b_n=   1.8417367794763993E-004   0.8657176443600052      
   0.9145514979350936     
 b_para_n=   0.9874078832984874     
 dxdt=    2.163255297802402         6112.057513941802      
    6446.042223375015     
 dudt=    741930.6058066728     
 ---------------------
 rk4
 istep=     24000001
 grad_b=   0.7783404738153468        3.8164829985517720E-003 
   0.1737234564689268     
 bsub=   6.6396705249242918E-002   0.1053061178977287      
    1.706759681882354     
 bsup=    0.000000000000000       -0.7808444811252051      
    1.060769746718053     
 b_abs=    1.314466850290525     
 g=  -1.0110990067133513E-002
 j=    0.000000000000000        -1847.368731531329      
    184.0053418165780     
 v_perp_2=    85941992.60955219     
 b_n=  -3.6695142613063808E-005  -0.7849466746219254      
    1.061024280927395     
 b_para_n=    1.314466855020648     
 dxdt=  -0.3758272404510700        -3132.044388345334      
    4200.384112925931     
 dudt=   -4508935.049222664     
 ---------------------
 rk4
 istep=     25000001
 grad_b=   0.4382543386281268        6.1064505902282004E-002 
   0.1922596882428142     
 bsub=  -6.1664599272436491E-003   0.1794002817418549      
    2.055391133148508     
 bsup=    0.000000000000000        -1.393720661562242      
    1.070580353679089     
 b_abs=    1.396153754874758     
 g=  -7.4268730070232289E-003
 j=    0.000000000000000        -203.3200298565895      
    289.8054339965541     
 v_perp_2=    91282401.28060684     
 b_n=   3.0652553882613951E-004   -1.396758208669580      
    1.070846410836460     
 b_para_n=    1.396153772450085     
 dxdt=    3.173375182662947        -4683.539814674713      
    3576.238948610776     
 dudt=   -2826691.705509088     
 ---------------------
 rk4
 istep=     26000001
 grad_b=  -0.2482927663140055        9.3035636541576941E-002 
   8.6808412825595357E-002
 bsub=  -0.1008368427012587        3.2350132599026700E-002 
    1.847584130644861     
 bsup=    0.000000000000000        -1.122256644860690      
    1.019722383161734     
 b_abs=    1.359172293891515     
 g=  -1.4097321907346579E-002
 j=    0.000000000000000        -1822.838157255877      
    749.9938608507513     
 v_perp_2=    88864111.58559616     
 b_n=   3.3368917097110860E-004   -1.121368668776540      
    1.019725081313095     
 b_para_n=    1.359172340275083     
 dxdt=    3.426550435470376        -4047.360729707817      
    3685.889452557085     
 dudt=    382168.0727076157     
 ---------------------
 rk4
 istep=     27000001
 grad_b=  -0.2540141874402589       -1.9359707764547374E-002 
   4.8747853311360931E-002
 bsub=  -3.3128437340270225E-002   4.8492565195380616E-003 
   0.9743710914539655     
 bsup=    0.000000000000000       -3.5849650520618503E-003 
    1.019047816449850     
 b_abs=   0.9963689614181137     
 g=  -1.5651229705705504E-002
 j=    0.000000000000000        -664.7057726196867      
    134.8777986442553     
 v_perp_2=    65143337.63366336     
 b_n=  -8.8963233846088715E-005  -2.4397287177541139E-003 
    1.019039104105691     
 b_para_n=   0.9963689731621487     
 dxdt=   -1.038073048320951        -11.52708423027411      
    7075.209876891075     
 dudt=   -1632131.958391214     
 ---------------------
 rk4
 istep=     28000001
 grad_b=   0.6420201993616500        2.0668692045488081E-002 
   0.1457479327836980     
 bsub=  -9.9878437206366230E-003   5.9258106734612216E-002 
    1.153168303571560     
 bsup=    0.000000000000000        0.1897520880533657      
    1.105833964965914     
 b_abs=    1.134307019214589     
 g=  -9.9855960206587727E-003
 j=    0.000000000000000         892.3041231757024      
   -261.3986125536025     
 v_perp_2=    74161482.78003244     
 b_n=   7.7120768026024472E-005   0.1859878286679017      
    1.106028052161037     
 b_para_n=    1.134307003387239     
 dxdt=   0.8282482408913014         1002.099824350771      
    6077.704926342622     
 dudt=   -4757942.694523025     
 ---------------------
 rk4
 istep=     29000001
 grad_b=   0.6098252157946318        7.5486832749090488E-002 
   0.1694533873536857     
 bsub=  -2.7197486792204861E-002   0.1057700469387042      
    1.487664736993359     
 bsup=    0.000000000000000       -0.7426140385322841      
    1.112403694201919     
 b_abs=    1.255313017043499     
 g=  -7.7508737955060362E-003
 j=    0.000000000000000        -611.4411010419815      
    122.4732816742965     
 v_perp_2=    82072522.11858642     
 b_n=   4.4954744807444019E-004  -0.7469574263000619      
    1.112720723786596     
 b_para_n=    1.255313022496207     
 dxdt=    4.634089216284681        -3334.678041466549      
    4931.403512633453     
 dudt=   -3448988.029160035     
 ---------------------
 Elapsed time (seconds):     153.3902090000000     

real	2m33.400s
user	2m33.114s
sys	0m0.019s
>>> [PID 3884409] DONE  u=7000, v_perp=8000, out=bounce/dat393.dat
