>>> [PID 3879223] START u=8500, v_perp=5000, out=bounce/dat333.dat, dt=5.00E-09, steps=30000000
 outer boundary:   8.3000000000000462E-002
 rk4
 istep=            1
 grad_b=  -0.5028804256449682        4.9300541003538673E-003 
  -7.9793015713097021E-003
 bsub=   8.6929010265078890E-003   4.2252048908847400E-002 
    1.020728204864472     
 bsup=    0.000000000000000        0.5002777879872229      
   0.9181489082282172     
 b_abs=   0.9787594859427438     
 g=  -1.6418909339731710E-002
 j=    0.000000000000000         576.0999398783526      
    59.06785576206201     
 v_perp_2=    24999994.60831275     
 b_n=   3.0355948189843726E-005   0.5031794383961162      
   0.9180285481822219     
 b_para_n=   0.9787594958149954     
 dxdt=   0.3092349746275328         4374.202692623297      
    7972.403817378323     
 dudt=    63412.60361648723     
 ---------------------
 rk4
 istep=      1000001
 grad_b=  -0.6057493592797691       -2.1841672368002017E-003 
  -1.1964014186257865E-003
 bsub=  -2.8417714313336728E-002  -4.6464005284241050E-002 
   0.9611519815987248     
 bsup=    0.000000000000000       -0.3524121483279594      
   0.9923561121309419     
 b_abs=   0.9848095293315432     
 g=  -1.7085756632502405E-002
 j=    0.000000000000000        -389.6701987148951      
    3.487204918076401     
 v_perp_2=    25154305.16355520     
 b_n=  -1.1551563454575912E-005  -0.3492909840552529      
   0.9925066564351950     
 b_para_n=   0.9848095318011795     
 dxdt=  -0.1169709520321532        -3006.853463718105      
    8557.508560042368     
 dudt=    5414.579031407006     
 ---------------------
 rk4
 istep=      2000001
 grad_b=   -1.280250406703078        6.4225546906152967E-002 
  -0.1665141825781610     
 bsub=   3.1571702123144141E-002  -0.1183852580450393      
    1.336834326766404     
 bsup=    0.000000000000000       -0.8793794827834296      
   0.8671778939868717     
 b_abs=    1.124124366758858     
 g=  -2.0665522725288821E-002
 j=    0.000000000000000         1497.761701027846      
   -425.1156296845945     
 v_perp_2=    28712468.75617877     
 b_n=   2.1937630327911183E-004  -0.8737205687151895      
   0.8676737921815882     
 b_para_n=    1.124124302540301     
 dxdt=    1.954040281546074        -6425.883836242515      
    6390.846175867498     
 dudt=    2282142.984362759     
 ---------------------
 rk4
 istep=      3000001
 grad_b=   0.2386557575182677       -6.9482221876558239E-002 
  -3.4078777136498845E-002
 bsub=   7.4986280815612871E-002   0.1354735848288787      
    1.982796462513204     
 bsup=    0.000000000000000        -1.091937902862541      
    1.061343802398761     
 b_abs=    1.398738259159524     
 g=  -1.1102068638260073E-002
 j=    0.000000000000000        -405.6492539625950      
   -255.6061397926379     
 v_perp_2=    35726389.21549831     
 b_n=  -5.0302466343392989E-004   -1.093735269956375      
    1.061485609338233     
 b_para_n=    1.398738229551283     
 dxdt=   -3.639822239685707        -6136.261295829207      
    5952.719538070017     
 dudt=   -362482.4901399706     
 ---------------------
 rk4
 istep=      4000001
 grad_b=   0.7749049933810632        4.3574296847761221E-002 
   0.1620917255207323     
 bsub=   5.3777421816657602E-003   0.1031381886526237      
    1.426456437730288     
 bsup=    0.000000000000000       -0.4223134267340864      
    1.118712850135066     
 b_abs=    1.245835024247849     
 g=  -8.1532946576064694E-003
 j=    0.000000000000000         32.54932221089763      
   -190.1557428673003     
 v_perp_2=    31820668.93548793     
 b_n=   3.0384850996544082E-004  -0.4296991433523971      
    1.119245703805740     
 b_para_n=    1.245835005893843     
 dxdt=    2.452518899450790        -2801.570700422408      
    7267.774140930283     
 dudt=   -1670178.991865783     
 ---------------------
 rk4
 istep=      5000001
 grad_b=  -0.6885573772313928       -8.8971043936990624E-003 
  -8.5726845778478673E-003
 bsub=   6.3082617127511037E-003  -9.3031584531375819E-002 
   0.8049420596817547     
 bsup=    0.000000000000000       -0.2476825866496836      
    1.172548912170988     
 b_abs=   0.9841067850301536     
 g=  -9.5024928337221568E-003
 j=    0.000000000000000         940.2055535569662      
   -335.7726913911250     
 v_perp_2=    25135492.08666608     
 b_n=  -7.6834148088222664E-005  -0.2423325497763446      
    1.173167797105557     
 b_para_n=   0.9841067437911282     
 dxdt=  -0.7785619614256294        -2083.083715486365      
    10124.39720843157     
 dudt=    101846.2547759627     
 ---------------------
 rk4
 istep=      6000001
 grad_b=   0.7905986924625935       -3.6650740609457513E-002 
  -0.1619542881429419     
 bsub=  -8.2398848498700869E-003   9.7618650470666979E-002 
    1.401902369616359     
 bsup=    0.000000000000000       -0.3550489061079106      
    1.117195399969887     
 b_abs=    1.237406946208949     
 g=  -8.2476105387375084E-003
 j=    0.000000000000000       -0.4242296207910670      
   -7.423845581757163     
 v_perp_2=    31604874.64805277     
 b_n=  -2.3874841802038022E-004  -0.3624790129221799      
    1.117711376586261     
 b_para_n=    1.237406945482084     
 dxdt=   -1.939568754057410        -2385.114747351230      
    7319.250696633313     
 dudt=    1733037.407763364     
 ---------------------
 rk4
 istep=      7000001
 grad_b=   0.1008914008429899        8.0752552243417819E-002 
   3.8224122801897645E-002
 bsub=  -8.8926286025369242E-002   0.1025423616930544      
    1.932571441764938     
 bsup=    0.000000000000000        -1.070002235316238      
    1.049052474318795     
 b_abs=    1.385054299775641     
 g=  -1.2211814377802397E-002
 j=    0.000000000000000        -865.7422336173802      
   -408.8467500880580     
 v_perp_2=    35375649.67420665     
 b_n=   5.3442005209431288E-004   -1.070699140767803      
    1.049114009276291     
 b_para_n=    1.385054252398607     
 dxdt=    3.902719816511395        -6081.865173559945      
    5958.247135348303     
 dudt=    426954.2537504796     
 ---------------------
 rk4
 istep=      8000001
 grad_b=   -1.233285233621265       -8.4482039269145007E-002 
   0.1628695589857320     
 bsub=  -3.2066161960847273E-002  -0.1308906416452683      
    1.362128820513652     
 bsup=    0.000000000000000       -0.9001366264706783      
   0.8690934588323743     
 b_abs=    1.140995990924812     
 g=  -2.0522215697126166E-002
 j=    0.000000000000000         1182.503774407860      
   -165.4931465440578     
 v_perp_2=    29141922.43421987     
 b_n=  -3.0297613872204312E-004  -0.8947248268858496      
   0.8696063343221191     
 b_para_n=    1.140995959239983     
 dxdt=   -2.660234369422489        -6463.122058009096      
    6290.609040910304     
 dudt=   -2435366.845518409     
 ---------------------
 rk4
 istep=      9000001
 grad_b=  -0.6562356654419605        5.3362557412743941E-004 
   8.7628077130596019E-003
 bsub=   2.6970884939770550E-002  -4.6528902453260572E-002 
   0.9738084111354424     
 bsup=    0.000000000000000       -0.3748252757414499      
   0.9785151727803071     
 b_abs=   0.9849005602651528     
 g=  -1.7535099546795472E-002
 j=    0.000000000000000        -524.5892207474786      
   -9.313360399204925     
 v_perp_2=    25154899.43923938     
 b_n=   4.8429578474463179E-006  -0.3714868440616139      
   0.9786745518530443     
 b_para_n=   0.9849005620302766     
 dxdt=   4.9035210586050537E-002   -3197.587983857401      
    8437.448301212014     
 dudt=   -108584.4884960225     
 ---------------------
 rk4
 istep=     10000001
 grad_b=  -0.4006244694045144       -3.7826949411498785E-002 
   5.1436147758709902E-002
 bsub=  -1.1992419006611632E-002   3.9047933090903639E-002 
    1.020868187948926     
 bsup=    0.000000000000000        0.4551544595762973      
   0.9386975439580699     
 b_abs=   0.9881087545964889     
 g=  -1.5666780148947027E-002
 j=    0.000000000000000         930.8615095289276      
    267.0575855552258     
 v_perp_2=    25236615.88330741     
 b_n=  -2.3577897184298574E-004   0.4575246578291162      
   0.9386041489250104     
 b_para_n=   0.9881087899011540     
 dxdt=   -2.379724234100311         3932.877133505847      
    8060.773952873095     
 dudt=   -401489.9680017433     
 ---------------------
 rk4
 istep=     11000001
 grad_b=   -1.047748726800962        2.2256562948995480E-002 
  -7.4641053157837270E-002
 bsub=  -6.8284133288146935E-003  -6.6942231911343034E-002 
    1.084877631963447     
 bsup=    0.000000000000000       -0.6038484997573172      
   0.9049852290589748     
 b_abs=    1.010975223154665     
 g=  -1.9103878904575385E-002
 j=    0.000000000000000         1191.835986254981      
   -740.9352232629152     
 v_perp_2=    25820401.29599372     
 b_n=   8.6712006755975288E-005  -0.5986988632215081      
   0.9053034429739292     
 b_para_n=    1.010975127098752     
 dxdt=   0.8559185667170476        -4997.253681172088      
    7568.684522944962     
 dudt=    1023004.594578487     
 ---------------------
 rk4
 istep=     12000001
 grad_b=   -1.040985443156007        8.8476128358181236E-002 
  -0.1542091137280553     
 bsub=   5.1757768153283604E-002  -0.1856151101635654      
    1.495676406018413     
 bsup=    0.000000000000000        -1.148282432504406      
   0.8903202616978318     
 b_abs=    1.242880734402788     
 g=  -1.9657567693567159E-002
 j=    0.000000000000000        -298.2393563905377      
   -37.30195097258935     
 v_perp_2=    31743015.95510497     
 b_n=   2.8917734984604878E-004   -1.143963273280591      
   0.8908462671897959     
 b_para_n=    1.242880734372900     
 dxdt=    2.339382208819385        -7442.673311136505      
    5802.020211063258     
 dudt=    2454493.777719121     
 ---------------------
 rk4
 istep=     13000001
 grad_b=   0.6740730488423937        8.7872314181345751E-003 
   0.1602691455400579     
 bsub=   6.6421485011517414E-002   0.1399843381898366      
    1.856796837421684     
 bsup=    0.000000000000000       -0.8904993095537611      
    1.066748117157352     
 b_abs=    1.362184239328383     
 g=  -1.0099458912512229E-002
 j=    0.000000000000000         495.8914888690725      
    149.8309104220153     
 v_perp_2=    34789719.81661145     
 b_n=  -2.6996891738153859E-005  -0.8959743501331877      
    1.067161861733250     
 b_para_n=    1.362184258792941     
 dxdt=  -0.2002527509291058        -5207.150627746211      
    6192.175991896290     
 dudt=   -1529371.278309716     
 ---------------------
 rk4
 istep=     14000001
 grad_b=   0.5867249761305409        5.3432364624193172E-002 
   0.1508711335435703     
 bsub=  -1.9476165302927471E-002   6.6307684776498621E-002 
    1.173009642986455     
 bsup=    0.000000000000000       -0.1141528194982161      
    1.129669677693052     
 b_abs=    1.148197258630743     
 g=  -9.0754122266465936E-003
 j=    0.000000000000000         520.8413511601261      
   -123.1993105894847     
 v_perp_2=    29324304.08367557     
 b_n=   3.7957726988529058E-004  -0.1191335864899810      
    1.129957523118121     
 b_para_n=    1.148197249592232     
 dxdt=    3.312702235915567        -862.8524058740081      
    8111.226797024365     
 dudt=   -1827648.971023915     
 ---------------------
 rk4
 istep=     15000001
 grad_b=  -0.1221410737322579       -9.8206778471579770E-002 
  -0.1269794460822981     
 bsub=   5.1673081944459569E-002   2.4412016129379474E-003 
   0.9869472685212159     
 bsup=    0.000000000000000       -0.4148546388627322      
    1.142577751899403     
 b_abs=    1.061754888551859     
 g=  -8.9171597810211063E-003
 j=    0.000000000000000         254.1263556843035      
   -36.65274317648402     
 v_perp_2=    27116395.89442074     
 b_n=  -8.4203210459798776E-004  -0.4138611909994419      
    1.142619376717735     
 b_para_n=    1.061754885079627     
 dxdt=   -7.925460315004202        -3262.811143692450      
    9012.462160847235     
 dudt=    1254919.131085201     
 ---------------------
 rk4
 istep=     16000001
 grad_b=   0.6965510855268150       -5.2895604437077741E-002 
  -0.1798444316185740     
 bsub=  -2.4056264853365737E-002   0.1438842704126318      
    1.705461612466904     
 bsup=    0.000000000000000       -0.7518931407904039      
    1.086744142214036     
 b_abs=    1.321138318049442     
 g=  -8.5586485934834554E-003
 j=    0.000000000000000        -710.3945129685756      
    59.84755012723700     
 v_perp_2=    33740556.19161507     
 b_n=  -3.5905308403400910E-004  -0.7584989780897157      
    1.087296390699523     
 b_para_n=    1.321138318040625     
 dxdt=   -2.741183070788883        -4585.951013014180      
    6559.600678404619     
 dudt=    1504667.757556310     
 ---------------------
 rk4
 istep=     17000001
 grad_b=  -0.2988251312749356        0.1370478912058667      
   0.2226228189004658     
 bsub=  -7.8902780777597381E-002   3.1542008396612239E-002 
    1.786838518356785     
 bsup=    0.000000000000000        -1.225148333773620      
    1.006238930223185     
 b_abs=    1.326453736042624     
 g=  -1.4498148996609289E-002
 j=    0.000000000000000         1027.725897626360      
    111.2578343867131     
 v_perp_2=    33876005.25810061     
 b_n=   7.7656440063355854E-004   -1.223462358820177      
    1.006243470251342     
 b_para_n=    1.326453749795581     
 dxdt=    5.906227003586356        -7339.966308035150      
    6039.027785403907     
 dudt=   -540132.4767091344     
 ---------------------
 rk4
 istep=     18000001
 grad_b=   -1.223850738300034       -2.7482746522690685E-002 
   0.1178720083346602     
 bsub=  -7.4330538848387875E-003  -7.9821073215311886E-002 
    1.157765211734035     
 bsup=    0.000000000000000       -0.7169097647455667      
   0.8823443837419597     
 b_abs=    1.038519511940600     
 g=  -1.9498715360106098E-002
 j=    0.000000000000000        -305.9723125594289      
   -462.1386861129132     
 v_perp_2=    26522303.74675181     
 b_n=  -9.3755278131908387E-005  -0.7109855091140095      
   0.8827521772985120     
 b_para_n=    1.038519459595765     
 dxdt=  -0.9015869689490528        -5748.596643862796      
    7149.184977595384     
 dudt=   -1521044.295842485     
 ---------------------
 rk4
 istep=     19000001
 grad_b=  -0.2114953402928523        9.5231834007368302E-003 
  -5.2955496571597399E-002
 bsub=   3.5687181919658556E-002  -4.5576759584527761E-003 
   0.9584907232206488     
 bsup=    0.000000000000000       -3.2989827008263362E-002 
    1.044242360777032     
 b_abs=    1.000631725733206     
 g=  -1.5096628478468800E-002
 j=    0.000000000000000        -663.9026567299875      
    179.4141766712838     
 v_perp_2=    25554468.48498968     
 b_n=   5.2077019261332210E-005  -3.1813013351699650E-002 
    1.044246037933332     
 b_para_n=    1.000631745187867     
 dxdt=   0.5192095423797881        -267.4261293882257      
    8836.389984905176     
 dudt=    709679.1909796840     
 ---------------------
 rk4
 istep=     20000001
 grad_b=  -0.4502545792359683       -9.0543027571779108E-003 
   1.2924377369125065E-002
 bsub=  -3.0368357418192184E-002  -1.6080720572195367E-003 
   0.9898190335619257     
 bsup=    0.000000000000000       -0.1465177282475217      
   0.9741093498607620     
 b_abs=   0.9821859665182305     
 g=  -1.7372642586794503E-002
 j=    0.000000000000000         499.4453382173443      
   -309.4063103255884     
 v_perp_2=    25083175.63515094     
 b_n=  -4.7414850743703529E-005  -0.1441564148911325      
   0.9741116960841428     
 b_para_n=   0.9821859309706517     
 dxdt=  -0.4813692934396478        -1243.286000224502      
    8425.273950607569     
 dudt=   -180921.7897563182     
 ---------------------
 rk4
 istep=     21000001
 grad_b=   -1.200855023494685        8.5401688727059694E-002 
  -0.1406226392209401     
 bsub=   1.8055755053567032E-002  -0.1084539928456726      
    1.282466222307220     
 bsup=    0.000000000000000       -0.8026552458323528      
   0.8715320379441125     
 b_abs=    1.097714587656294     
 g=  -2.0253734449852488E-002
 j=    0.000000000000000        -478.8788552419836      
    219.0724582662178     
 v_perp_2=    28033308.70231961     
 b_n=   3.3620826041483998E-004  -0.7971720470811537      
   0.8719910266193059     
 b_para_n=    1.097714617871999     
 dxdt=    3.064159363659941        -6033.407770212959      
    6609.586242174611     
 dudt=    2223007.670125458     
 ---------------------
 rk4
 istep=     22000001
 grad_b=  -0.4495499856750147       -3.5211599882935055E-002 
  -2.8359571927378757E-002
 bsub=   6.6147602988699136E-002  -0.2126318277882945      
    1.548867664121643     
 bsup=    0.000000000000000        -1.274205780615493      
   0.9196445329548268     
 b_abs=    1.301867510554242     
 g=  -1.8554155043619243E-002
 j=    0.000000000000000         59.41800137123663      
   -211.0803663510736     
 v_perp_2=    33246655.81229299     
 b_n=  -1.6120112250994243E-004   -1.272357598391525      
   0.9199051220347036     
 b_para_n=    1.301867489482377     
 dxdt=   -1.247896714374637        -7815.915635151251      
    5653.397759334448     
 dudt=   -184255.6488329506     
 ---------------------
 rk4
 istep=     23000001
 grad_b=   0.7665257617937580        1.5394146556792020E-002 
   0.1650598798877544     
 bsub=   4.2291144887422125E-002   0.1039067319035066      
    1.568300009146822     
 bsup=    0.000000000000000       -0.5479928269550699      
    1.079887473107983     
 b_abs=    1.279541343757870     
 g=  -9.0862619508674282E-003
 j=    0.000000000000000        -511.4071226837496      
    60.97158779662003     
 v_perp_2=    32676222.91743597     
 b_n=   3.9511186955130781E-005  -0.5547468109670471      
    1.080333890844440     
 b_para_n=    1.279541346499077     
 dxdt=   0.3109206951330873        -3494.655159071589      
    6785.426872434575     
 dudt=   -1694553.202712501     
 ---------------------
 rk4
 istep=     24000001
 grad_b=   8.5195130524114704E-002   5.7274999735429301E-002 
   0.1039801124799309     
 bsub=  -4.0982845764953063E-002   1.1606124830479320E-002 
   0.9783431381991066     
 bsup=    0.000000000000000        1.6932274860765206E-002 
    1.132064993089665     
 b_abs=    1.052844952578549     
 g=  -1.0878208793874408E-002
 j=    0.000000000000000         403.7577823618342      
   -25.42906442283110     
 v_perp_2=    26886737.25602710     
 b_n=   3.9901017297743044E-004   1.6294723252323041E-002 
    1.132089268786047     
 b_para_n=    1.052844950569752     
 dxdt=    3.786383828918657         128.8536312746430      
    9019.677701602854     
 dudt=   -1439336.460760904     
 ---------------------
 rk4
 istep=     25000001
 grad_b=   0.5215377876389548       -8.0968273929482096E-002 
  -0.1703418747700963     
 bsub=   3.1851419279077635E-002   7.6446635995014903E-002 
    1.258692163955610     
 bsup=    0.000000000000000       -0.4796253748678933      
    1.132948927052999     
 b_abs=    1.179177903326802     
 g=  -8.0302021947640488E-003
 j=    0.000000000000000         421.9933405543454      
    280.7563570800285     
 v_perp_2=    30112689.44875035     
 b_n=  -6.8242708559955966E-004  -0.4847066178767299      
    1.133274833137465     
 b_para_n=    1.179177933202509     
 dxdt=   -5.805419379802065        -3375.991948724874      
    7875.277701525495     
 dudt=    1669237.850305673     
 ---------------------
 rk4
 istep=     26000001
 grad_b=   0.5813799763514064       -4.8365237482712868E-002 
  -0.1645866937005747     
 bsub=  -2.7304650193927624E-002   0.1792410770171688      
    1.995911004625377     
 bsup=    0.000000000000000        -1.079275852593895      
    1.074412160101090     
 b_abs=    1.396756350480847     
 g=  -8.3543154567560368E-003
 j=    0.000000000000000         453.0070608821538      
   -26.73399309031877     
 v_perp_2=    35668676.94258899     
 b_n=  -3.3763776079639019E-004   -1.085097987612728      
    1.074930393992353     
 b_para_n=    1.396756351952956     
 dxdt=   -2.446314283152180        -6105.864185328061      
    6040.109732575338     
 dudt=    1139344.609296057     
 ---------------------
 rk4
 istep=     27000001
 grad_b=  -0.7839003086872038        0.1316720396110739      
   0.2943795664710122     
 bsub=  -5.9791779561289927E-002  -4.6391215112440598E-002 
    1.508045964382895     
 bsup=    0.000000000000000        -1.155634017030990      
   0.9253864682083630     
 b_abs=    1.203775321846256     
 g=  -1.7262076951903290E-002
 j=    0.000000000000000        -1451.166506258740      
    773.4567355093147     
 v_perp_2=    30740298.37180046     
 b_n=   7.2385191337553099E-004   -1.151662089416296      
   0.9255374270179698     
 b_para_n=    1.203775413126738     
 dxdt=    6.037241171528191        -7796.071479684537      
    6270.575170874410     
 dudt=   -1275473.504225808     
 ---------------------
 rk4
 istep=     28000001
 grad_b=  -0.8409970680796495        1.4461630280877963E-003 
   3.3648286365075365E-002
 bsub=   1.6286142293340300E-002  -6.6117800913590263E-002 
   0.9957695169578162     
 bsup=    0.000000000000000       -0.4688047205218402      
   0.9542603015243991     
 b_abs=   0.9907463184495041     
 g=  -1.7733880393681501E-002
 j=    0.000000000000000         715.0212362050372      
   -352.8097624398504     
 v_perp_2=    25300054.53541872     
 b_n=   1.8682402285471717E-005  -0.4645327471875437      
   0.9545436043874967     
 b_para_n=   0.9907462731674548     
 dxdt=   0.1880724458077746        -3970.693577808553      
    8172.806638395243     
 dudt=   -405067.7717727865     
 ---------------------
 rk4
 istep=     29000001
 grad_b=   0.1716570885764372        3.3559355452820377E-002 
  -0.1221919845023465     
 bsub=   1.3353530306081839E-002   3.8991251415530448E-002 
    1.053257290355518     
 bsup=    0.000000000000000        0.4737514397480775      
    1.031208436349869     
 b_abs=    1.050999788228614     
 g=  -1.3205570853166301E-002
 j=    0.000000000000000        -927.2563191113596      
    231.8860631466153     
 v_perp_2=    26838463.37752718     
 b_n=   2.4139038563914092E-004   0.4726534646464064      
    1.031246043352468     
 b_para_n=    1.050999809009064     
 dxdt=    2.294558621630729         3771.983815308111      
    8233.501817669347     
 dudt=    1337634.934883937     
 ---------------------
 Elapsed time (seconds):     154.2850650000000     

real	2m34.296s
user	2m34.073s
sys	0m0.014s
>>> [PID 3879223] DONE  u=8500, v_perp=5000, out=bounce/dat333.dat
