>>> [PID 3876328] START u=7000, v_perp=4000, out=bounce/dat309.dat, dt=5.00E-09, steps=30000000
 outer boundary:   8.3000000000000462E-002
 rk4
 istep=            1
 grad_b=  -0.5028808302354774        4.9304337914920920E-003 
  -7.9801082714637678E-003
 bsub=   8.6927961700383055E-003   4.2252107917160740E-002 
    1.020727975186174     
 bsup=    0.000000000000000        0.5002852667175812      
   0.9181488379858695     
 b_abs=   0.9787595231841458     
 g=  -1.6418871482758210E-002
 j=    0.000000000000000         576.0999262896396      
    59.07345369431687     
 v_perp_2=    15999997.15811377     
 b_n=   2.5001031728599626E-005   0.5026748678360629      
   0.9180497174976215     
 b_para_n=   0.9787595313147855     
 dxdt=   0.2079978048979884         3597.875652750627      
    6565.693325412774     
 dudt=    40588.34974392331     
 ---------------------
 rk4
 istep=      1000001
 grad_b=   0.6983625201833162       -5.5889252974525405E-002 
  -0.1617336059874495     
 bsub=   1.0079435448553380E-002   8.5156700100876476E-002 
    1.286009359159187     
 bsup=    0.000000000000000       -0.2804988313513151      
    1.132076238394190     
 b_abs=    1.196818496106120     
 g=  -8.2521608579297582E-003
 j=    0.000000000000000        -572.7387389189474      
  -0.5542998757937596     
 v_perp_2=    19564544.58098528     
 b_n=  -3.4662206483440606E-004  -0.2858664996245369      
    1.132434387426977     
 b_para_n=    1.196818493044692     
 dxdt=   -2.372516846749261        -1616.532998232822      
    6378.400296225502     
 dudt=    1143369.940079855     
 ---------------------
 rk4
 istep=      2000001
 grad_b=   -1.106494217010696        0.1164681439299808      
  -0.1527399366476423     
 bsub=   2.8298065753332491E-002  -0.1519346062847682      
    1.389726669824776     
 bsup=    0.000000000000000       -0.9301815023636690      
   0.8723470015612886     
 b_abs=    1.163538963732878     
 g=  -1.9964630562475778E-002
 j=    0.000000000000000         667.2626326080751      
    116.8383314339275     
 v_perp_2=    19020396.30651678     
 b_n=   3.6390103626521422E-004  -0.9261569506675994      
   0.8727795870962265     
 b_para_n=    1.163538967749006     
 dxdt=    2.559371750491811        -5392.569585718390      
    5086.871635839643     
 dudt=    1697028.122063798     
 ---------------------
 rk4
 istep=      3000001
 grad_b=  -0.5105207486695422        0.1592204869880835      
   0.3093265793123315     
 bsub=  -5.8279714512734969E-002  -2.2044588418587051E-002 
    1.513268004794822     
 bsup=    0.000000000000000        -1.238045400701141      
   0.9467682655688004     
 b_abs=    1.208359008367671     
 g=  -1.5099645495725860E-002
 j=    0.000000000000000        -743.0408734810103      
    462.7541708659805     
 v_perp_2=    19752961.00523016     
 b_n=   7.9080227423997953E-004   -1.235637171026294      
   0.9468338379648062     
 b_para_n=    1.208359051770414     
 dxdt=    5.363071596189206        -6875.515185507880      
    5270.834916682306     
 dudt=   -647582.9747972230     
 ---------------------
 rk4
 istep=      4000001
 grad_b=   0.8285884562718667       -5.9217385782540377E-003 
   0.1657509287219963     
 bsub=   2.8105652433069468E-002   6.7275383203968364E-002 
    1.338548947761085     
 bsup=    0.000000000000000        0.1026600956101854      
    1.078418271435759     
 b_abs=    1.204266565163474     
 g=  -9.4779214234919223E-003
 j=    0.000000000000000        -318.7893469827592      
   -238.9422182356354     
 v_perp_2=    19685942.72883786     
 b_n=  -9.7740793613335729E-005   9.7001593636734704E-002 
    1.078704700915092     
 b_para_n=    1.204266544338160     
 dxdt=  -0.6650239816344671         535.3460443846391      
    6030.057791563419     
 dudt=   -1209046.007193622     
 ---------------------
 rk4
 istep=      5000001
 grad_b=   0.4709244691780397       -6.9408939655151089E-003 
  -0.1342741052367392     
 bsub=   1.4126940335034435E-002   4.9348339108802347E-002 
    1.089957231310429     
 bsup=    0.000000000000000        0.3648798736090865      
    1.084477033798424     
 b_abs=    1.095040645556068     
 g=  -1.1471964063011767E-002
 j=    0.000000000000000        -371.0650346466958      
   -182.1338436345912     
 v_perp_2=    17900340.18813542     
 b_n=  -4.9012474268162074E-006   0.3621909733122653      
    1.084598822190188     
 b_para_n=    1.095040629241592     
 dxdt=  -3.6554605559801584E-002    2266.747600222597      
    6797.622590842524     
 dudt=    1105792.541611056     
 ---------------------
 rk4
 istep=      6000001
 grad_b=  -0.7427763192319371       -0.1421391549481061      
  -0.2352866768921179     
 bsub=   4.5243942697867877E-002  -5.8024771272741749E-002 
    1.220660591685911     
 bsup=    0.000000000000000       -0.8522197573874460      
   0.9343767901345732     
 b_abs=    1.091240953993618     
 g=  -1.4197187893082063E-002
 j=    0.000000000000000         860.6680563719315      
   -282.4038058162276     
 v_perp_2=    17838117.69897927     
 b_n=  -7.9533917500091691E-004  -0.8484119040225020      
   0.9345872511348080     
 b_para_n=    1.091240924072154     
 dxdt=   -5.951845576332818        -5334.735570436827      
    5881.840859443379     
 dudt=    739352.6196311982     
 ---------------------
 rk4
 istep=      7000001
 grad_b=  -0.5102901369130355       -2.3175964419656501E-002 
   2.2383959050731317E-002
 bsub=  -1.3841780876467938E-002  -0.2413051469034228      
    1.521370168648773     
 bsup=    0.000000000000000        -1.267906397426082      
   0.9019629466843060     
 b_abs=    1.295529104508649     
 g=  -1.6755699949227373E-002
 j=    0.000000000000000         771.5468475488443      
    7.005889640158415     
 v_perp_2=    21177424.79249031     
 b_n=  -7.3527037415441692E-005   -1.265995317141585      
   0.9022653871965441     
 b_para_n=    1.295529095407700     
 dxdt=  -0.4664873483540719        -6466.591746512261      
    4610.746522465739     
 dudt=   -312756.4918937701     
 ---------------------
 rk4
 istep=      8000001
 grad_b=   0.6411739243119069        5.7535953716523036E-002 
   0.1602335461808721     
 bsub=   1.3344455276951862E-003   0.1317006875490692      
    1.600147951480855     
 bsup=    0.000000000000000       -0.7047570044146677      
    1.103795462212683     
 b_abs=    1.294023705002788     
 g=  -7.9573185769709343E-003
 j=    0.000000000000000         245.8554900913704      
   -98.06289721122879     
 v_perp_2=    21152682.44397940     
 b_n=   3.6893489348735042E-004  -0.7100898725743353      
    1.104234072718213     
 b_para_n=    1.294023698528566     
 dxdt=    2.343276272696478        -3640.228282333024      
    5651.087565225543     
 dudt=   -860988.3510308299     
 ---------------------
 rk4
 istep=      9000001
 grad_b=  -0.5049698688774769       -2.6444901773495233E-003 
   1.1778493619694769E-003
 bsub=   8.0572770497007937E-003   4.2482104060970603E-002 
    1.022176593633760     
 bsup=    0.000000000000000        0.5057361931768090      
   0.9161608460279741     
 b_abs=   0.9785915884760594     
 g=  -1.6525645464334306E-002
 j=    0.000000000000000         416.9135772038795      
   -14.18190770964988     
 v_perp_2=    15996399.85691904     
 b_n=  -1.2740386444546908E-005   0.5081248597601131      
   0.9160616727267769     
 b_para_n=   0.9785915887850120     
 dxdt=  -0.1060121640986558         3637.609262099625      
    6552.839853316837     
 dudt=    2157.440396888802     
 ---------------------
 rk4
 istep=     10000001
 grad_b=   0.6992831145084120       -5.4578066584649011E-002 
  -0.1609503110595292     
 bsub=   9.8052999063952054E-003   8.4202621569118064E-002 
    1.280518197160207     
 bsup=    0.000000000000000       -0.2643637150513310      
    1.131738392653057     
 b_abs=    1.194749333866961     
 g=  -8.2912698462075315E-003
 j=    0.000000000000000        -539.5695863215026      
  -0.8795033075910794     
 v_perp_2=    19529679.21149217     
 b_n=  -3.3579174275549366E-004  -0.2697104982496751      
    1.132092547906288     
 b_para_n=    1.194749330975455     
 dxdt=   -2.302211033890132        -1528.727383128388      
    6389.962659611666     
 dudt=    1147391.223118291     
 ---------------------
 rk4
 istep=     11000001
 grad_b=   -1.119173319885457        0.1139814707467672      
  -0.1531017149304415     
 bsub=   2.8240650433259455E-002  -0.1489975608645788      
    1.384292372156693     
 bsup=    0.000000000000000       -0.9217321900541826      
   0.8716964160661907     
 b_abs=    1.159393287336528     
 g=  -2.0044348189848720E-002
 j=    0.000000000000000         691.8475265695804      
    120.2233962804334     
 v_perp_2=    18951616.96527897     
 b_n=   3.5562596778851966E-004  -0.9176615074894050      
   0.8721273102546878     
 b_para_n=    1.159393291540260     
 dxdt=    2.509794596064625        -5366.143867405494      
    5105.055259513464     
 dudt=    1681433.084868087     
 ---------------------
 rk4
 istep=     12000001
 grad_b=  -0.5885950037086907        0.1547520332107788      
   0.3070092447458938     
 bsub=  -5.8050401565047878E-002  -2.8803891228952785E-002 
    1.505173306886765     
 bsup=    0.000000000000000        -1.212289003485879      
   0.9397552837540635     
 b_abs=    1.203959989589435     
 g=  -1.5647688158838449E-002
 j=    0.000000000000000        -911.3892038631975      
    641.3128427075087     
 v_perp_2=    19680002.56678224     
 b_n=   7.5071053744720970E-004   -1.209593538030709      
   0.9398358670517903     
 b_para_n=    1.203960050128638     
 dxdt=    5.109043061300800        -6760.240342295918      
    5255.244872798485     
 dudt=   -685017.2515577554     
 ---------------------
 rk4
 istep=     13000001
 grad_b=   0.8302987242232547       -4.0972527777924164E-003 
   0.1652936313574075     
 bsub=   2.8344745246003264E-002   6.8762159122752853E-002 
    1.345446076603279     
 bsup=    0.000000000000000        7.4030175430906064E-002 
    1.079687539054852     
 b_abs=    1.207305993468160     
 g=  -9.4179244328734760E-003
 j=    0.000000000000000        -128.4088664832416      
   -238.8833339940720     
 v_perp_2=    19734576.41986889     
 b_n=  -8.6541754475882293E-005   6.8326353985178404E-002 
    1.079980851358811     
 b_para_n=    1.207305973429113     
 dxdt=  -0.5874001952908567         373.8336783258274      
    6018.769513998363     
 dudt=   -1206081.832969249     
 ---------------------
 rk4
 istep=     14000001
 grad_b=   0.4557233469662281       -6.0346735832295731E-003 
  -0.1330412213027218     
 bsub=   1.4655139507219847E-002   4.8557124699827939E-002 
    1.085943454375598     
 bsup=    0.000000000000000        0.3665085533948639      
    1.083344009985190     
 b_abs=    1.092400802759752     
 g=  -1.1570511549314589E-002
 j=    0.000000000000000        -510.3991134264940      
   -162.3908965241153     
 v_perp_2=    17856236.09147433     
 b_n=  -4.8492910599239897E-007   0.3639238233799109      
    1.083459575436097     
 b_para_n=    1.092400787546114     
 dxdt=  -3.6251797416649799E-003    2284.315423214351      
    6810.070500041439     
 dudt=    1094874.293022089     
 ---------------------
 rk4
 istep=     15000001
 grad_b=  -0.6966065476982788       -0.1477143993266306      
  -0.2369545593397585     
 bsub=   4.6892349857083654E-002  -5.4064718218830757E-002 
    1.223717533697244     
 bsup=    0.000000000000000       -0.8436728491440020      
   0.9417306932734115     
 b_abs=    1.094892250529814     
 g=  -1.3853836727716819E-002
 j=    0.000000000000000         994.2136534066817      
   -536.2133621875819     
 v_perp_2=    17896851.07254458     
 b_n=  -8.3685489207602920E-004  -0.8400354664432730      
   0.9419234155760565     
 b_para_n=    1.094892197097829     
 dxdt=   -6.242259796651576        -5261.309404866065      
    5904.540255640592     
 dudt=    735445.4523035777     
 ---------------------
 rk4
 istep=     16000001
 grad_b=  -0.4997593452575994       -1.2595255319422476E-002 
   1.3354445453457570E-002
 bsub=  -1.2106863380555010E-002  -0.2419147966374685      
    1.521669253703583     
 bsup=    0.000000000000000        -1.269559817965110      
   0.9021615921546496     
 b_abs=    1.296199301188750     
 g=  -1.6710084239523790E-002
 j=    0.000000000000000         788.1992235973603      
    19.72602875895286     
 v_perp_2=    21187251.42149565     
 b_n=  -3.9303506179437151E-005   -1.267684497199290      
   0.9024594106278937     
 b_para_n=    1.296199292867813     
 dxdt=  -0.2492349843713813        -6471.191948235116      
    4608.831174907314     
 dudt=   -176787.8710555824     
 ---------------------
 rk4
 istep=     17000001
 grad_b=   0.6320140100984166        5.8533896819288750E-002 
   0.1603112905416789     
 bsub=   3.1163553297515120E-004   0.1326487086526492      
    1.607695390980886     
 bsup=    0.000000000000000       -0.7220577898419747      
    1.102997271539887     
 b_abs=    1.295637526037856     
 g=  -7.9316088147289646E-003
 j=    0.000000000000000         197.4178866289730      
   -74.38068470521735     
 v_perp_2=    21177934.36247525     
 b_n=   3.7886284213587459E-004  -0.7273425167083144      
    1.103433229656087     
 b_para_n=    1.295637521196067     
 dxdt=    2.403470628944785        -3722.748459397716      
    5638.329137878382     
 dudt=   -848779.9890682616     
 ---------------------
 rk4
 istep=     18000001
 grad_b=  -0.5015655024066994       -1.0557454263333689E-002 
   1.0872072852683101E-002
 bsub=   7.4441370176140283E-003   4.2502790583784991E-002 
    1.024442583232575     
 bsup=    0.000000000000000        0.5079265638479733      
   0.9147184665576150     
 b_abs=   0.9789887745389556     
 g=  -1.6629913630238614E-002
 j=    0.000000000000000         271.6254747414013      
   -89.74282225040916     
 v_perp_2=    16002040.04334413     
 b_n=  -5.1815137356748904E-005   0.5102877399414590      
   0.9146208735716226     
 b_para_n=   0.9789887668201493     
 dxdt=  -0.4309799035034494         3651.358217530146      
    6539.504346435284     
 dudt=   -38255.14969623998     
 ---------------------
 rk4
 istep=     19000001
 grad_b=   0.6989667087263649       -5.3232380273308441E-002 
  -0.1600551595733451     
 bsub=   9.6453137912170736E-003   8.3059454849984379E-002 
    1.273835967082087     
 bsup=    0.000000000000000       -0.2460708645706448      
    1.131349290753545     
 b_abs=    1.192173344705475     
 g=  -8.3382067461291211E-003
 j=    0.000000000000000        -494.8970694182916      
   -1.481991612486723     
 v_perp_2=    19486533.19618895     
 b_n=  -3.2466294370564870E-004  -0.2513826468836691      
    1.131698097061568     
 b_para_n=    1.192173342022589     
 dxdt=   -2.230534112670454        -1428.979242133060      
    6404.567279333050     
 dudt=    1151551.615357903     
 ---------------------
 rk4
 istep=     20000001
 grad_b=   -1.132906686570530        0.1110595819321052      
  -0.1533914193479375     
 bsub=   2.8098801366435305E-002  -0.1456286939498962      
    1.377840392447435     
 bsup=    0.000000000000000       -0.9121511908195041      
   0.8709931189199256     
 b_abs=    1.154599029325852     
 g=  -2.0128985453244284E-002
 j=    0.000000000000000         716.8102954756904      
    121.2951264999324     
 v_perp_2=    18872243.61669780     
 b_n=   3.4603207615029416E-004  -0.9080293483678652      
   0.8714217173999240     
 b_para_n=    1.154599033527794     
 dxdt=    2.451867488954000        -5336.375688822152      
    5126.512821779819     
 dudt=    1662753.499335129     
 ---------------------
 rk4
 istep=     21000001
 grad_b=  -0.6660709685931129        0.1485055928993968      
   0.3036869122870858     
 bsub=  -5.7922171961322710E-002  -3.5577136824980954E-002 
    1.498671631599521     
 bsup=    0.000000000000000        -1.187525677251063      
   0.9330568428120191     
 b_abs=    1.200270277276964     
 g=  -1.6214060549783745E-002
 j=    0.000000000000000        -1072.248233601159      
    775.6595968782797     
 v_perp_2=    19618645.55020434     
 b_n=   7.0407961866380913E-004   -1.184567123530132      
   0.9331543473450473     
 b_para_n=    1.200270351082275     
 dxdt=    4.805842100579254        -6644.844102470528      
    5237.486723779113     
 dudt=   -728577.1503776190     
 ---------------------
 rk4
 istep=     22000001
 grad_b=   0.8317992068732197       -2.2887069531582413E-003 
   0.1647953501828797     
 bsub=   2.8713361592530635E-002   7.0400248928296161E-002 
    1.353777386197871     
 bsup=    0.000000000000000        4.1286514805098096E-002 
    1.080876029178069     
 b_abs=    1.210792318899152     
 g=  -9.3572583566475919E-003
 j=    0.000000000000000         106.7655526335409      
   -238.6965724548602     
 v_perp_2=    19790509.40899495     
 b_n=  -7.5377479486414989E-005   3.5536622933435673E-002 
    1.081176621522022     
 b_para_n=    1.210792299868480     
 dxdt=  -0.5102063211978034         190.3540369371126      
    6004.380850999154     
 dudt=   -1201645.282345442     
 ---------------------
 rk4
 istep=     23000001
 grad_b=   0.4372698585332899       -5.0520597564647357E-003 
  -0.1315041747833503     
 bsub=   1.5327023762239843E-002   4.7616396714543062E-002 
    1.081227102502812     
 bsup=    0.000000000000000        0.3666392545154322      
    1.082159357499060     
 b_abs=    1.089335164089361     
 g=  -1.1683826190069458E-002
 j=    0.000000000000000        -658.8647386597277      
   -141.0495316971802     
 v_perp_2=    17805176.97830085     
 b_n=   4.1434503064410782E-006   0.3641779854245315      
    1.082267677031109     
 b_para_n=    1.089335150094669     
 dxdt=   3.1059649177544713E-002    2293.746075413960      
    6825.406970745183     
 dudt=    1081538.849726973     
 ---------------------
 rk4
 istep=     24000001
 grad_b=  -0.6478062961701743       -0.1531692549311851      
  -0.2378102026949069     
 bsub=   4.8479858411435282E-002  -4.9708738275286449E-002 
    1.226360271402985     
 bsup=    0.000000000000000       -0.8317333510611831      
   0.9497713858433043     
 b_abs=    1.098562723111642     
 g=  -1.3507680406605969E-002
 j=    0.000000000000000         1082.529272543631      
   -771.7546439560000     
 v_perp_2=    17955891.53809270     
 b_n=  -8.7884810410957816E-004  -0.8282871207157461      
   0.9499457490367045     
 b_para_n=    1.098562648376948     
 dxdt=   -6.534247712703289        -5167.300645290120      
    5931.189698755032     
 dudt=    732537.0053521708     
 ---------------------
 rk4
 istep=     25000001
 grad_b=  -0.4907798429427271       -2.1585878166173727E-004 
   2.9274921218289565E-003
 bsub=  -1.0160815702170272E-002  -0.2423211656728034      
    1.521659179862584     
 bsup=    0.000000000000000        -1.270219853090016      
   0.9022680155205698     
 b_abs=    1.296514621203691     
 g=  -1.6672177564473263E-002
 j=    0.000000000000000         783.1756249803091      
    26.30648062454503     
 v_perp_2=    21191276.51609055     
 b_n=   9.4118394294629342E-007   -1.268374715597895      
   0.9025618496371483     
 b_para_n=    1.296514613451935     
 dxdt=   5.9669240295687383E-003   -6472.881159997459      
    4608.016760381822     
 dudt=   -18377.89760604614     
 ---------------------
 rk4
 istep=     26000001
 grad_b=   0.6216744897077852        5.9642307296779509E-002 
   0.1604187215579148     
 bsub=  -7.7475211734458552E-004   0.1337328392546370      
    1.616752407928428     
 bsup=    0.000000000000000       -0.7423184230473391      
    1.101972129456235     
 b_abs=    1.297541193971532     
 g=  -7.9038095599080829E-003
 j=    0.000000000000000         147.2679126262642      
   -47.36332994043808     
 v_perp_2=    21207920.94563063     
 b_n=   3.9005311161110053E-004  -0.7475481000401125      
    1.102404896978331     
 b_para_n=    1.297541191032373     
 dxdt=    2.470995027038453        -3819.010334783990      
    5622.882953811823     
 dudt=   -834548.5501120106     
 ---------------------
 rk4
 istep=     27000001
 grad_b=  -0.4925745381652037       -1.8680863847073789E-002 
   2.0956834983140993E-002
 bsub=   6.8705151508448720E-003   4.2261221246832605E-002 
    1.027702112764574     
 bsup=    0.000000000000000        0.5066035228780786      
   0.9138416135575590     
 b_abs=   0.9800186298930424     
 g=  -1.6729021324679481E-002
 j=    0.000000000000000         151.5097521544695      
   -159.8150513791196     
 v_perp_2=    16018020.29455816     
 b_n=  -9.1522133108667869E-005   0.5089110179463194      
   0.9137473220573938     
 b_para_n=   0.9800186147723781     
 dxdt=  -0.7604660325450529         3637.035598614910      
    6525.332296315819     
 dudt=   -80782.79982451024     
 ---------------------
 rk4
 istep=     28000001
 grad_b=   0.6972338102873260       -5.1855450465141111E-002 
  -0.1590586755569142     
 bsub=   9.6094514790507693E-003   8.1735148621491990E-002 
    1.265995947491898     
 bsup=    0.000000000000000       -0.2255516766265330      
    1.130890470040819     
 b_abs=    1.189088337272668     
 g=  -8.3941547967816364E-003
 j=    0.000000000000000        -434.8800266084315      
   -3.972905553740617     
 v_perp_2=    19435072.04016102     
 b_n=  -3.1324871540885105E-004  -0.2308127135833997      
    1.131232508069232     
 b_para_n=    1.189088334726141     
 dxdt=   -2.157483754357907        -1316.639846232717      
    6422.159778904480     
 dudt=    1155869.507295873     
 ---------------------
 rk4
 istep=     29000001
 grad_b=   -1.147431096847277        0.1076754697534618      
  -0.1535685900075143     
 bsub=   2.7856674514112861E-002  -0.1418549836578155      
    1.370336923591303     
 bsup=    0.000000000000000       -0.9016041449086367      
   0.8702605424164840     
 b_abs=    1.149182348178191     
 g=  -2.0215341547934518E-002
 j=    0.000000000000000         739.2308777639090      
    118.7567289509625     
 v_perp_2=    18782705.50021930     
 b_n=   3.3504805479504438E-004  -0.8974266448325116      
   0.8706861825428289     
 b_para_n=    1.149182352094778     
 dxdt=    2.384836772149737        -5303.972756910286      
    5151.314933556261     
 dudt=    1640771.569067003     
 ---------------------
 Elapsed time (seconds):     154.0403120000000     

real	2m34.050s
user	2m33.767s
sys	0m0.020s
>>> [PID 3876328] DONE  u=7000, v_perp=4000, out=bounce/dat309.dat
