>>> [PID 3883146] START u=8000, v_perp=7000, out=bounce/dat374.dat, dt=5.00E-09, steps=30000000
 outer boundary:   8.3000000000000462E-002
 rk4
 istep=            1
 grad_b=  -0.5028805521983183        4.9301834189573041E-003 
  -7.9795733099711219E-003
 bsub=   8.6928664453765486E-003   4.2252068428597890E-002 
    1.020728128141545     
 bsup=    0.000000000000000        0.5002802693349819      
   0.9181488855257293     
 b_abs=   0.9787594983560767     
 g=  -1.6418896731814792E-002
 j=    0.000000000000000         576.0999582329202      
    59.06975850026031     
 v_perp_2=    48999990.05374642     
 b_n=   2.8571088818688561E-005   0.5030112370347282      
   0.9180356053081928     
 b_para_n=   0.9787595076478219     
 dxdt=   0.3229268053581044         4119.963664016781      
    7503.312525387758     
 dudt=    124293.1087829497     
 ---------------------
 rk4
 istep=      1000001
 grad_b=   -1.175605689928848       -1.7810721604570506E-002 
   0.1018275190829155     
 bsub=  -2.7665227328181070E-003  -7.5251945263490660E-002 
    1.123340090352282     
 bsup=    0.000000000000000       -0.6744320056892301      
   0.8925469965026810     
 b_abs=    1.026147235267795     
 g=  -1.9114100153290084E-002
 j=    0.000000000000000         298.0789246672119      
   -596.2118317870606     
 v_perp_2=    51372042.85194274     
 b_n=  -5.0372719484716608E-005  -0.6690444125636335      
   0.8929077224252713     
 b_para_n=    1.026147167426419     
 dxdt=  -0.5459842930752111        -5101.220887138854      
    6832.174442454195     
 dudt=   -2510051.539442474     
 ---------------------
 rk4
 istep=      2000001
 grad_b=   0.4088494352753292        6.7885342493386513E-002 
   0.1924654615997072     
 bsub=  -2.8533290176570331E-002   0.1653171012681940      
    2.067736375965823     
 bsup=    0.000000000000000        -1.609545992193872      
    1.074260413449787     
 b_abs=    1.397817795015607     
 g=  -7.7097709410653770E-003
 j=    0.000000000000000        -2047.420294602414      
    419.5500651837743     
 v_perp_2=    69978467.41320418     
 b_n=   4.9446006304061923E-004   -1.613421972194834      
    1.074577139989012     
 b_para_n=    1.397817818363139     
 dxdt=    4.207188145430395        -7585.566241211915      
    5043.523510938318     
 dudt=   -1745854.319915944     
 ---------------------
 rk4
 istep=      3000001
 grad_b=   0.2844511203742293       -0.1391875793720586      
  -0.2556123408081761     
 bsub=   5.6148627873801149E-002   6.3047595889267741E-002 
    1.570576684507925     
 bsup=    0.000000000000000        -1.249766048590991      
    1.047462214811754     
 b_abs=    1.251688957550899     
 g=  -9.8847803270387599E-003
 j=    0.000000000000000        -51.40077700251052      
    449.0015520230293     
 v_perp_2=    62662453.90430400     
 b_n=  -9.7047434703226743E-004   -1.251976000192722      
    1.047585656887348     
 b_para_n=    1.251688999340292     
 dxdt=   -8.924789656902160        -7104.319399096067      
    5938.420833140268     
 dudt=    1875654.834827740     
 ---------------------
 rk4
 istep=      4000001
 grad_b=  -0.4586485209858785       -1.0270692939548234E-003 
   2.1333599524525446E-002
 bsub=  -3.3275406799928034E-002  -4.0884440187539298E-002 
   0.9346829379959180     
 bsup=    0.000000000000000       -0.2673539198764757      
    1.034524920234628     
 b_abs=   0.9888009164439991     
 g=  -1.5650931031919026E-002
 j=    0.000000000000000         703.1494730216380      
   -110.0161884590543     
 v_perp_2=    49501308.21424541     
 b_n=  -4.7816333001113043E-007  -0.2650222914697992      
    1.034626877237538     
 b_para_n=   0.9888009023460919     
 dxdt=  -5.3554554195234414E-003   -2128.453300744504      
    8338.231994860953     
 dudt=   -565644.6823189956     
 ---------------------
 rk4
 istep=      5000001
 grad_b=  -9.6429494649757225E-002   2.8907117116866256E-002 
  -7.7738966398842119E-002
 bsub=   2.6468506757101589E-002   2.4096628489006584E-002 
    1.000673989915934     
 bsup=    0.000000000000000        0.1973386807470222      
    1.019853049306697     
 b_abs=    1.012410126046507     
 g=  -1.4824127295850148E-002
 j=    0.000000000000000         686.1066532809876      
   -275.5644121336240     
 v_perp_2=    50682887.66108426     
 b_n=   1.6740427502841124E-004   0.1978520371589609      
    1.019836232969231     
 b_para_n=    1.012410099800639     
 dxdt=    1.836120095896548         1544.349700121404      
    7951.969794002195     
 dudt=    1819142.034688132     
 ---------------------
 rk4
 istep=      6000001
 grad_b=   -1.262677207011940       -1.8485196978322224E-003 
   0.1365723741890262     
 bsub=  -1.4422679767903969E-002  -8.2800746390377697E-002 
    1.169713794845634     
 bsup=    0.000000000000000       -0.7557853826248662      
   0.8797638904508503     
 b_abs=    1.044721338646622     
 g=  -1.9148049589864619E-002
 j=    0.000000000000000        -416.3314713521303      
   -512.9465351443167     
 v_perp_2=    52300100.04134500     
 b_n=   3.5669643215349330E-005  -0.7500329144324825      
   0.8801714838894609     
 b_para_n=    1.044721285576081     
 dxdt=   0.3806039925903408        -5574.892753014481      
    6565.192763398181     
 dudt=   -2912188.167140934     
 ---------------------
 rk4
 istep=      7000001
 grad_b=   0.4212453051159800        3.3553740672576993E-002 
   9.9162038614246745E-002
 bsub=  -7.7830598333492075E-003   0.1895280137333437      
    2.153840648430861     
 bsup=    0.000000000000000        -1.541510279869296      
    1.076660869400501     
 b_abs=    1.424387780235481     
 g=  -7.2161881030409041E-003
 j=    0.000000000000000         288.8423822210697      
   -345.5195826966861     
 v_perp_2=    71306155.69797508     
 b_n=   2.4673020541090038E-004   -1.545699992104707      
    1.077030417197098     
 b_para_n=    1.424387751389268     
 dxdt=    2.074918204280844        -7023.254553394672      
    4883.859043114314     
 dudt=   -967213.0722312306     
 ---------------------
 rk4
 istep=      8000001
 grad_b=   -1.123550524711531       -8.4976938878402436E-002 
  -0.2354319126372152     
 bsub=   3.9266615281752404E-002  -7.5660259087188944E-002 
    1.295650929652567     
 bsup=    0.000000000000000       -0.9631975514120377      
   0.8860473170889824     
 b_abs=    1.104920406405745     
 g=  -1.7989936128798237E-002
 j=    0.000000000000000         504.2942908792263      
    255.1728658613473     
 v_perp_2=    55312925.03937445     
 b_n=  -4.6276417886854438E-004  -0.9579644194833190      
   0.8863669538986161     
 b_para_n=    1.104920430325125     
 dxdt=   -4.706094745144056        -6567.782221300902      
    6093.921893015801     
 dudt=    2871433.894219300     
 ---------------------
 rk4
 istep=      9000001
 grad_b=  -0.3062587546122696       -6.7344463363763277E-003 
   3.9772499192389996E-002
 bsub=  -3.6368555253969426E-002  -1.7472705517137723E-002 
   0.9476442004427983     
 bsup=    0.000000000000000       -0.1262416098663819      
    1.041023564810667     
 b_abs=   0.9946541771411074     
 g=  -1.5390558708648215E-002
 j=    0.000000000000000         274.8956772707360      
   -9.069235619840313     
 v_perp_2=    49792605.31987483     
 b_n=  -3.1064139006767108E-005  -0.1246641671088919      
    1.041051456108996     
 b_para_n=   0.9946541757257297     
 dxdt=  -0.3460964876018741        -991.4791317644001      
    8321.250837575442     
 dudt=   -1063311.629541883     
 ---------------------
 rk4
 istep=     10000001
 grad_b=  -0.1596763183024091        2.6473602041359665E-003 
  -5.9034666675599604E-002
 bsub=   3.6807968175609787E-002  -4.2774424027374087E-003 
   0.9556633642745487     
 bsup=    0.000000000000000       -7.8114856603661575E-004 
    1.060250428955568     
 b_abs=    1.006625241439071     
 g=  -1.4535494535494308E-002
 j=    0.000000000000000        -780.5556748964259      
    172.6510532804942     
 v_perp_2=    50391534.73064097     
 b_n=   1.2799698581540936E-005   6.4174651186915804E-005 
    1.060253737741695     
 b_para_n=    1.006625258719789     
 dxdt=   0.1411013426201138         3.178733348046207      
    8334.106768686395     
 dudt=    1556406.127998776     
 ---------------------
 rk4
 istep=     11000001
 grad_b=  -0.9607630934204420        0.1120414885706875      
   0.2298433249261397     
 bsub=  -3.8632680992967613E-002  -7.0075820462922350E-002 
    1.236790234537274     
 bsup=    0.000000000000000       -0.9147837994878201      
   0.9025965159832352     
 b_abs=    1.086686647522941     
 g=  -1.6159904084033075E-002
 j=    0.000000000000000         89.09080160454999      
    612.7627997580772     
 v_perp_2=    54399033.29247031     
 b_n=   6.4912853100447239E-004  -0.9098343495455570      
   0.9028972815756553     
 b_para_n=    1.086686711576902     
 dxdt=    6.695194799148095        -6393.113493336677      
    6361.411780531073     
 dudt=   -2417593.660421093     
 ---------------------
 rk4
 istep=     12000001
 grad_b=   0.4315128101871659       -2.3792650925932961E-002 
  -3.9679228958787602E-002
 bsub=   1.1718272486133736E-002   0.1885011387064499      
    2.162114865899703     
 bsup=    0.000000000000000        -1.543525560885604      
    1.076448972090676     
 b_abs=    1.427566670054433     
 g=  -7.2623939129071923E-003
 j=    0.000000000000000         685.2402397555297      
   -111.0246194521455     
 v_perp_2=    71462813.40149914     
 b_n=  -2.0027573643684383E-004   -1.547777891713050      
    1.076820788371416     
 b_para_n=    1.427566665444624     
 dxdt=   -1.681962950345970        -7004.158674422160      
    4862.891194614921     
 dudt=    104989.6354280332     
 ---------------------
 rk4
 istep=     13000001
 grad_b=   -1.311445431828479        2.8785662746930445E-002 
  -0.1533947748536545     
 bsub=   2.1370729525105325E-002  -9.2052055404481886E-002 
    1.239597182699023     
 bsup=    0.000000000000000       -0.8089887171862588      
   0.8708613504024236     
 b_abs=    1.074429681475088     
 g=  -1.9994667865889083E-002
 j=    0.000000000000000         236.2221241069053      
   -607.5968885010805     
 v_perp_2=    53784662.29102354     
 b_n=   7.5203640407004287E-005  -0.8033302447361961      
   0.8712801912219457     
 b_para_n=    1.074429613566557     
 dxdt=   0.7832246190613534        -5735.110162970743      
    6241.540489275333     
 dudt=    3654454.511414461     
 ---------------------
 rk4
 istep=     14000001
 grad_b=  -0.2494144435918769       -2.4854268520615494E-002 
   5.3454691239047974E-002
 bsub=  -2.9832001202542521E-002   1.4818316097909874E-002 
   0.9873416375830436     
 bsup=    0.000000000000000        6.4863031917053116E-002 
    1.005791756977906     
 b_abs=   0.9967127771867749     
 g=  -1.5698738281025252E-002
 j=    0.000000000000000        -563.5695355048997      
    31.85126149493601     
 v_perp_2=    49893922.62971938     
 b_n=  -1.3498721004286975E-004   6.6166724320097806E-002 
    1.005768114660205     
 b_para_n=   0.9967127796148157     
 dxdt=   -1.501174204843708         531.4653581116396      
    8016.031092124093     
 dudt=   -1309631.264898214     
 ---------------------
 rk4
 istep=     15000001
 grad_b=  -0.3237215891344863       -3.6771875877648543E-003 
  -3.8842527415179975E-002
 bsub=   3.6791483527756068E-002  -3.0146497644629355E-002 
   0.9286635344922720     
 bsup=    0.000000000000000       -0.1640080010487802      
    1.061997275246342     
 b_abs=   0.9959147235702315     
 g=  -1.4674668293262062E-002
 j=    0.000000000000000         506.8558843200248      
   -167.4608972805566     
 v_perp_2=    49853637.02414302     
 b_n=  -2.6192474297887958E-005  -0.1622990400057843      
    1.062053770341104     
 b_para_n=   0.9959147055810798     
 dxdt=  -0.2914902920202666        -1289.612084688794      
    8474.374508301824     
 dudt=    1021545.815857844     
 ---------------------
 rk4
 istep=     16000001
 grad_b=   0.3900767853408132        0.1210988851449570      
   0.2282524919937677     
 bsub=  -5.2000705131857596E-002   7.5038976825153342E-002 
    1.518111685907646     
 bsup=    0.000000000000000        -1.022590507748717      
    1.069436118939021     
 b_abs=    1.243603376682723     
 g=  -9.2108187257354361E-003
 j=    0.000000000000000        -1198.393373171795      
    243.3955046097947     
 v_perp_2=    62252012.00114331     
 b_n=   8.7219855079667468E-004   -1.025750810457725      
    1.069622219789127     
 b_para_n=    1.243603393612482     
 dxdt=    8.060640781021865        -5886.935369877606      
    6127.795595917332     
 dudt=   -2420496.610509792     
 ---------------------
 rk4
 istep=     17000001
 grad_b=   0.3793416894279692       -6.2744974523209748E-002 
  -0.1576917511290652     
 bsub=   3.4133131633831824E-002   0.1619878327408380      
    2.083746059392813     
 bsup=    0.000000000000000        -1.586892793052049      
    1.073177193453286     
 b_abs=    1.406640576456895     
 g=  -8.0216111593417062E-003
 j=    0.000000000000000        -850.9135691735183      
    551.3817621573315     
 v_perp_2=    70412824.39716704     
 b_n=  -4.5250724820823879E-004   -1.590316031620636      
    1.073450753732497     
 b_para_n=    1.406640620297280     
 dxdt=   -3.834837745716071        -7391.146808775037      
    4981.152801093440     
 dudt=    1239509.004613047     
 ---------------------
 rk4
 istep=     18000001
 grad_b=   -1.246147061276878        4.0640045856842361E-002 
  -0.1263692113104056     
 bsub=   1.0195452792513165E-002  -8.3157870693563160E-002 
    1.187122506046422     
 bsup=    0.000000000000000       -0.7407010902247149      
   0.8796047290920070     
 b_abs=    1.051569110347501     
 g=  -1.9706745234697214E-002
 j=    0.000000000000000        -653.0397395802484      
   -289.8098610746449     
 v_perp_2=    52638460.42301387     
 b_n=   1.4074833213383693E-004  -0.7351883508065596      
   0.8799896637005284     
 b_para_n=    1.051569083585975     
 dxdt=    1.493305647857023        -5414.005405690185      
    6502.835202487364     
 dudt=    3362094.680565782     
 ---------------------
 rk4
 istep=     19000001
 grad_b=  -0.4725409687506954        2.3788639360173197E-002 
  -2.8997088940746346E-002
 bsub=  -1.0333424034894113E-002   3.8477407573469805E-002 
    1.037881709316536     
 bsup=    0.000000000000000        0.3177907659660293      
   0.9165560858228105     
 b_abs=   0.9814362897406391     
 g=  -1.7622035325785646E-002
 j=    0.000000000000000        -314.6621732564273      
    15.75772679311407     
 v_perp_2=    49127491.16647024     
 b_n=   1.2711179080416270E-004   0.3202080052379483      
   0.9164677374637197     
 b_para_n=   0.9814362902039250     
 dxdt=    1.433168231200902         2615.086566648117      
    7462.699504060432     
 dudt=    484984.1241495974     
 ---------------------
 rk4
 istep=     20000001
 grad_b=  -0.4966739199033470       -3.4048474369389251E-003 
  -1.9693801144210474E-002
 bsub=   3.0698787374969574E-002  -5.2160310879296901E-002 
   0.9198013759575092     
 bsup=    0.000000000000000       -0.3016040355468486      
    1.045762563769224     
 b_abs=   0.9885146344725588     
 g=  -1.5058156172749785E-002
 j=    0.000000000000000         455.6993156820192      
   -59.13983343880466     
 v_perp_2=    49481485.03321924     
 b_n=  -2.3566733898044442E-005  -0.2990187591019550      
    1.045909947771642     
 b_para_n=   0.9885146260912875     
 dxdt=  -0.2640137204316101        -2402.705429616749      
    8433.060179446500     
 dudt=    495445.7080909231     
 ---------------------
 rk4
 istep=     21000001
 grad_b=   0.5216320051505862        6.5909897471397472E-002 
   0.1693008107189180     
 bsub=  -2.0292916645429787E-002   0.1333141852847712      
    1.689838340666721     
 bsup=    0.000000000000000        -1.026925076824804      
    1.089138041684495     
 b_abs=    1.305786207247822     
 g=  -7.7128505767217886E-003
 j=    0.000000000000000         741.8983453200296      
    244.3154873760101     
 v_perp_2=    65362464.56585817     
 b_n=   4.8759423593336762E-004   -1.031783621205274      
    1.089527216873719     
 b_para_n=    1.305786234481260     
 dxdt=    4.345386931526823        -5471.317462626542      
    5760.325784069984     
 dudt=   -2236926.575506240     
 ---------------------
 rk4
 istep=     22000001
 grad_b=   0.1114936563506890       -0.1285780013942687      
  -0.2382376055785971     
 bsub=   6.4950150832006184E-002   8.1524958799561106E-002 
    1.855411894033093     
 bsup=    0.000000000000000        -1.415680859891173      
    1.035458548195421     
 b_abs=    1.343632442945875     
 g=  -1.1717829666828005E-002
 j=    0.000000000000000         1042.046892466451      
   -511.7787621294772     
 v_perp_2=    67256453.80607316     
 b_n=  -7.3296034484538017E-004   -1.416424445465956      
    1.035516847624064     
 b_para_n=    1.343632400363560     
 dxdt=   -6.401789666916744        -7132.560304729658      
    5212.662428985249     
 dudt=    1204418.906205344     
 ---------------------
 rk4
 istep=     23000001
 grad_b=   -1.143594858512286        3.4449754420990450E-002 
  -9.7556982156551245E-002
 bsub=  -3.7372785507788601E-004  -7.2295953951375835E-002 
    1.129449166753368     
 bsup=    0.000000000000000       -0.6658515815660527      
   0.8925106677634010     
 b_abs=    1.027570215382352     
 g=  -1.9380963666628868E-002
 j=    0.000000000000000         552.8788410510485      
   -417.4571165415766     
 v_perp_2=    51435359.92239561     
 b_n=   1.2777875429072506E-004  -0.6606705110557750      
   0.8928423045097560     
 b_para_n=    1.027570165417227     
 dxdt=    1.383274260374070        -5028.217588656643      
    6818.617609816694     
 dudt=    2679409.327773219     
 ---------------------
 rk4
 istep=     24000001
 grad_b=   0.4852961000431043        7.3915456023502649E-002 
  -0.1764982959937244     
 bsub=  -1.5606396210453052E-002   2.3475396485124089E-002 
    1.192128402104899     
 bsup=    0.000000000000000        0.6719018137362824      
   0.9998049538350002     
 b_abs=    1.098984910313491     
 g=  -1.2105203453928006E-002
 j=    0.000000000000000        -697.2302299012135      
    226.5593241870459     
 v_perp_2=    55009679.89479300     
 b_n=   5.0272728349417281E-004   0.6687643077640600      
   0.9998733383061775     
 b_para_n=    1.098984931344270     
 dxdt=    5.135763932051328         4623.721395768071      
    6928.593579007387     
 dudt=    2887662.580189398     
 ---------------------
 rk4
 istep=     25000001
 grad_b=  -0.6815203248152268        2.6968858626586906E-003 
   4.2583352950901765E-003
 bsub=   1.8997487862253547E-002  -7.3779817964167466E-002 
   0.9225414329586500     
 bsup=    0.000000000000000       -0.4048343194946701      
    1.020290214915456     
 b_abs=   0.9854602982844004     
 g=  -1.5272833508046509E-002
 j=    0.000000000000000        -434.2350616205233      
    189.7993047158496     
 v_perp_2=    49326883.01662960     
 b_n=   1.5771419510357254E-005  -0.4012952304675431      
    1.020572951025795     
 b_para_n=   0.9854603206592757     
 dxdt=   0.1771715749648352        -3238.297745298363      
    8264.747017633956     
 dudt=   -82613.72084860659     
 ---------------------
 rk4
 istep=     26000001
 grad_b=   0.5343267169478005        7.6031086782254523E-002 
   0.1960493718426130     
 bsub=   1.3339399490158322E-003   0.1579169407000447      
    1.824882415387945     
 bsup=    0.000000000000000        -1.023712549265642      
    1.077820783356597     
 b_abs=    1.343093080714785     
 g=  -7.8836828701428913E-003
 j=    0.000000000000000        -573.4831422761910      
    455.9381224183630     
 v_perp_2=    67227562.45947459     
 b_n=   5.3644919246673291E-004   -1.028564157798341      
    1.078240254047508     
 b_para_n=    1.343093117273431     
 dxdt=    4.686677915351042        -5199.110275104499      
    5432.947220926235     
 dudt=   -2487107.588227579     
 ---------------------
 rk4
 istep=     27000001
 grad_b=   -1.025411957364637       -1.6339492049782547E-002 
  -0.2145632354953994     
 bsub=   7.1606603833040239E-002  -0.1205035663705672      
    1.553581739335009     
 bsup=    0.000000000000000        -1.157056176333879      
   0.9129348255546528     
 b_abs=    1.248200617571214     
 g=  -1.9766768405642808E-002
 j=    0.000000000000000        -63.95332455142113      
   -162.6843119030008     
 v_perp_2=    62477351.24535387     
 b_n=  -1.2372210029868057E-004   -1.153246762907574      
   0.9132359934089943     
 b_para_n=    1.248200602874785     
 dxdt=   -1.140166896969753        -6553.797130283287      
    5201.519587217733     
 dudt=    3548471.203349051     
 ---------------------
 rk4
 istep=     28000001
 grad_b=  -0.9893763883027215        2.8462491343263941E-002 
  -6.6543400031598365E-002
 bsub=  -1.0763900256316714E-002  -6.1042709782292703E-002 
    1.078548071821554     
 bsup=    0.000000000000000       -0.5788266365204572      
   0.9091872880497119     
 b_abs=    1.007959353128234     
 g=  -1.9182569820034679E-002
 j=    0.000000000000000         1084.589365164614      
   -609.0020641480780     
 v_perp_2=    50451979.85010789     
 b_n=   1.1307907491975267E-004  -0.5742933459444853      
   0.9094449185976440     
 b_para_n=    1.007959279135015     
 dxdt=    1.245084395188100        -4491.721267677835      
    7136.574842251513     
 dudt=    1911237.622831611     
 ---------------------
 rk4
 istep=     29000001
 grad_b=   0.6293202710959978        9.7742749837845845E-003 
  -0.1483783298832753     
 bsub=  -1.0185547376785412E-003   5.1245481145033966E-002 
    1.143867958734514     
 bsup=    0.000000000000000        0.5228113616779764      
    1.070687325599365     
 b_abs=    1.118870196089554     
 g=  -1.0833198602500418E-002
 j=    0.000000000000000         1045.929548514508      
   -290.7336571595973     
 v_perp_2=    56003092.28029886     
 b_n=   1.0939529079324240E-004   0.5186200229139831      
    1.070875174073935     
 b_para_n=    1.118870173973015     
 dxdt=    1.100791258680787         3485.518796850886      
    7226.403896046556     
 dudt=    3439209.716152103     
 ---------------------
 Elapsed time (seconds):     151.2114950000000     

real	2m31.222s
user	2m30.982s
sys	0m0.015s
>>> [PID 3883146] DONE  u=8000, v_perp=7000, out=bounce/dat374.dat
