>>> [PID 3883262] START u=8500, v_perp=7000, out=bounce/dat375.dat, dt=5.00E-09, steps=30000000
 outer boundary:   8.3000000000000462E-002
 rk4
 istep=            1
 grad_b=  -0.5028804179711009        4.9300566429115317E-003 
  -7.9793041916985663E-003
 bsub=   8.6929013690460639E-003   4.2252048770269196E-002 
    1.020728204714164     
 bsup=    0.000000000000000        0.5002777773204206      
   0.9181489088851524     
 b_abs=   0.9787594859427131     
 g=  -1.6418909349933924E-002
 j=    0.000000000000000         576.0999607557749      
    59.06788971649141     
 v_perp_2=    48999989.43229157     
 b_n=   3.0355964546200773E-005   0.5031794277865960      
   0.9180285488370171     
 b_para_n=   0.9787594958149693     
 dxdt=   0.3530206514300926         4378.388008355649      
    7972.230491353035     
 dudt=    124288.7335672690     
 ---------------------
 rk4
 istep=      1000001
 grad_b=   -1.093977119553107        0.1124578617700199      
  -0.1369231270763438     
 bsub=   1.5649572050785911E-002  -0.1222611763222394      
    1.312536894407232     
 bsup=    0.000000000000000       -0.8211639139472979      
   0.8742117204867488     
 b_abs=    1.117002312077696     
 g=  -1.9991548998546466E-002
 j=    0.000000000000000        -519.6614001896512      
    406.0195907969885     
 v_perp_2=    55920430.23717833     
 b_n=   4.4362833239096491E-004  -0.8163036094096700      
   0.8746592055806516     
 b_para_n=    1.117002362873420     
 dxdt=    4.584006971319992        -5891.751222858137      
    6330.452507675465     
 dudt=    4751882.567493332     
 ---------------------
 rk4
 istep=      2000001
 grad_b=  -0.8095194185215372       -2.1835299076737848E-002 
   4.0073569384360005E-002
 bsub=   2.0519067577433416E-002  -4.4966696274077574E-002 
    1.037841158264246     
 bsup=    0.000000000000000       -0.4743022090872515      
   0.9296505460614564     
 b_abs=   0.9930573217552248     
 g=  -1.8971918291383481E-002
 j=    0.000000000000000        -676.9748343159998      
   -217.5341824867932     
 v_perp_2=    49714997.07195976     
 b_n=  -9.8651054275818568E-005  -0.4703250719690955      
   0.9298247934143099     
 b_para_n=   0.9930572997323553     
 dxdt=   -1.132168702558710        -3993.972680012086      
    7919.803335417881     
 dudt=   -1200092.503598884     
 ---------------------
 rk4
 istep=      3000001
 grad_b=  -0.6083892232490365        5.1336388977263336E-003 
  -1.1884542384636473E-002
 bsub=  -2.8396152289468547E-002  -2.1651790004450801E-002 
    1.003029885739700     
 bsup=    0.000000000000000       -0.3117626316933087      
   0.9570822896680647     
 b_abs=   0.9829847082348305     
 g=  -1.8257576315520767E-002
 j=    0.000000000000000        -2.846597283508345      
   -80.90532111118762     
 v_perp_2=    49210326.03417709     
 b_n=   2.4621850522701378E-005  -0.3086895005794367      
   0.9571493153386611     
 b_para_n=   0.9829846988708691     
 dxdt=   0.2852113368717744        -2656.328199858522      
    8264.739953411616     
 dudt=    330399.2577774856     
 ---------------------
 rk4
 istep=      4000001
 grad_b=  -0.9783523833375386       -0.1348208100315139      
   0.1441586286408863     
 bsub=  -2.1527863152135184E-002  -0.1642547318898164      
    1.408778059215264     
 bsup=    0.000000000000000       -0.9601668862762672      
   0.8793709647969313     
 b_abs=    1.181704510354906     
 g=  -1.9131556216382989E-002
 j=    0.000000000000000         442.7654561903296      
    80.08379761778987     
 v_perp_2=    59158206.41632307     
 b_n=  -5.1299978040292087E-004  -0.9559235416271358      
   0.8798578755341094     
 b_para_n=    1.181704513329205     
 dxdt=   -5.050352008021072        -6360.804280116634      
    5868.609436109379     
 dudt=   -5427203.024173790     
 ---------------------
 rk4
 istep=      5000001
 grad_b=  -0.3972733645243799        4.0128477289647316E-002 
  -7.0695009995610708E-002
 bsub=   3.2804849574095542E-003   3.9049109463805839E-002 
    1.028413977362814     
 bsup=    0.000000000000000        0.9384945043306208      
   0.9203733371588994     
 b_abs=   0.9915808309126155     
 g=  -1.4302615953453786E-002
 j=    0.000000000000000        -37.18553871117115      
    45.31163728094830     
 v_perp_2=    49639874.76181455     
 b_n=   2.7717454257041778E-004   0.9410650305369197      
   0.9202748544824901     
 b_para_n=   0.9915808360208017     
 dxdt=    3.185301739351819         8038.771722208986      
    7853.450991573631     
 dudt=    691802.0338197323     
 ---------------------
 rk4
 istep=      6000001
 grad_b=  -0.7995545450473435        0.1462202949881704      
  -0.1340784298279747     
 bsub=   1.5938209679611237E-002  -0.1928314208345500      
    1.452639243989150     
 bsup=    0.000000000000000        -1.059744279672056      
   0.8866282532168814     
 b_abs=    1.221460294078103     
 g=  -1.8169426425582422E-002
 j=    0.000000000000000         257.9186041009710      
   -138.1633013415454     
 v_perp_2=    61147468.60858674     
 b_n=   5.5813595572735703E-004   -1.056275700221535      
   0.8870825535686083     
 b_para_n=    1.221460276970423     
 dxdt=    5.344522865291397        -6692.960380970051      
    5631.760815582504     
 dudt=    5611513.343168783     
 ---------------------
 rk4
 istep=      7000001
 grad_b=  -0.4944330266772946        6.4205115562693191E-003 
  -1.0415781360668369E-002
 bsub=   3.2376869477426032E-002  -2.5808529129345371E-002 
   0.9676461103777421     
 bsup=    0.000000000000000       -0.2585932569469258      
   0.9947345706910282     
 b_abs=   0.9844169837608390     
 g=  -1.7072099626634019E-002
 j=    0.000000000000000         514.1153573471512      
   -149.8042561964030     
 v_perp_2=    49280460.44871826     
 b_n=   3.1886146747804940E-005  -0.2560284580740522      
   0.9948018921903541     
 b_para_n=   0.9844169655512358     
 dxdt=   0.3688669069894206        -2198.829065532796      
    8573.179951666332     
 dudt=    305658.1825995804     
 ---------------------
 rk4
 istep=      8000001
 grad_b=  -0.8456776844259468        5.7806226812761527E-002 
  -6.2934107879154211E-002
 bsub=  -1.5364076765193071E-002  -4.7194976939749951E-002 
    1.095366220653971     
 bsup=    0.000000000000000       -0.5435265138002435      
   0.9046330605129718     
 b_abs=    1.008469452644691     
 g=  -1.9774969073074126E-002
 j=    0.000000000000000         60.68700084838223      
    246.1935394869349     
 v_perp_2=    50484120.14150473     
 b_n=   2.6408018039086992E-004  -0.5394687656932091      
   0.9048116235647294     
 b_para_n=    1.008469481657617     
 dxdt=    2.988605977403007        -4487.957364311271      
    7548.104991111732     
 dudt=    2192879.466097478     
 ---------------------
 rk4
 istep=      9000001
 grad_b=   -1.183051722803901       -8.4702175781483646E-002 
   0.1335049030716690     
 bsub=  -1.3300681891758929E-002  -0.1004968989077327      
    1.256664348420539     
 bsup=    0.000000000000000       -0.7758701482411228      
   0.8752869600939619     
 b_abs=    1.085385078646170     
 g=  -2.0086881282993730E-002
 j=    0.000000000000000        -1069.941800601488      
    293.3372434252639     
 v_perp_2=    54334119.66787432     
 b_n=  -3.3642033792538796E-004  -0.7705001241558332      
   0.8757128839499929     
 b_para_n=    1.085385122112108     
 dxdt=   -3.564871392279437        -5790.590207829970      
    6601.280922248755     
 dudt=   -4210257.949444211     
 ---------------------
 rk4
 istep=     10000001
 grad_b=  -0.1253613759702252        8.7745704650419337E-002 
  -0.1176032772112921     
 bsub=  -6.0300879006195025E-003   2.6420632022089739E-002 
    1.106364931253530     
 bsup=    0.000000000000000        0.4559882547594218      
   0.9302347926761783     
 b_abs=    1.020480767483258     
 g=  -1.6259965118598056E-002
 j=    0.000000000000000         248.3663795846255      
   -248.5504334151030     
 v_perp_2=    51084593.39195153     
 b_n=   5.1848403553642509E-004   0.4567097307524678      
   0.9302203631576307     
 b_para_n=    1.020480739098715     
 dxdt=    5.805187768338559         3750.996371310615      
    7635.546133657548     
 dudt=    1701898.662036818     
 ---------------------
 rk4
 istep=     11000001
 grad_b=  -0.4950181022270317        2.2808530202159321E-002 
  -1.6903637230087157E-002
 bsub=  -6.6053093544306022E-003  -0.2376956911343082      
    1.526385724905024     
 bsup=    0.000000000000000        -1.273887644142853      
   0.9042551888537481     
 b_abs=    1.297388933480778     
 g=  -1.6570790060218513E-002
 j=    0.000000000000000         726.2821158917391      
   -9.825199458932218     
 v_perp_2=    64945931.28909390     
 b_n=   8.6673593054623532E-005   -1.271760761444772      
   0.9045867623768958     
 b_para_n=    1.297388922484624     
 dxdt=   0.7904010626022576        -7348.285804095740      
    5232.891549779872     
 dudt=    855430.2738295377     
 ---------------------
 rk4
 istep=     12000001
 grad_b=  -0.1789417697049949        1.1803239061729219E-002 
  -5.7727008842956729E-002
 bsub=   3.5076316534234396E-002   1.1360069442199194E-003 
   0.9652773512640347     
 bsup=    0.000000000000000        1.0001001387552555E-002 
    1.043573686413916     
 b_abs=    1.003630439136587     
 g=  -1.4984315112561011E-002
 j=    0.000000000000000        -776.1642332420143      
    186.4713231797593     
 v_perp_2=    50240279.55021844     
 b_n=   6.6929355701829450E-005   1.0997957636332531E-002 
    1.043570101523267     
 b_para_n=    1.003630458835808     
 dxdt=   0.7607509545746202         95.30298558970560      
    8762.058845636944     
 dudt=    1499428.742143029     
 ---------------------
 rk4
 istep=     13000001
 grad_b=  -0.8819600353592641        0.1368942515584309      
  -0.1127901690843187     
 bsub=  -2.2030917619956488E-003  -0.1008843558532265      
    1.241800188086930     
 bsup=    0.000000000000000       -0.7242767585343173      
   0.8810906187366635     
 b_abs=    1.080280206004793     
 g=  -2.0305361705437199E-002
 j=    0.000000000000000        -127.5848325363690      
   -63.79975585574635     
 v_perp_2=    54076814.13021878     
 b_n=   5.7393050231831406E-004  -0.7203129873104669      
   0.8814136500212693     
 b_para_n=    1.080280199878376     
 dxdt=    6.107031120365916        -5452.802476569885      
    6688.140578178390     
 dudt=    4599730.348697711     
 ---------------------
 rk4
 istep=     14000001
 grad_b=   -1.089076009850998       -2.7829623415776619E-002 
   8.3851306068375750E-002
 bsub=   4.5527642373434903E-003  -6.8143678480412834E-002 
    1.103464043937877     
 bsup=    0.000000000000000       -0.6284932172762695      
   0.9005739144363342     
 b_abs=    1.018016682798303     
 g=  -1.9189811619680051E-002
 j=    0.000000000000000         1022.268205896887      
   -600.4894011736720     
 v_perp_2=    50959635.35864697     
 b_n=  -1.1023458348295512E-004  -0.6231913702024630      
   0.9009017093963170     
 b_para_n=    1.018016604919133     
 dxdt=   -1.236929607423233        -5116.501330057358      
    7420.407154759855     
 dudt=   -2286606.088511854     
 ---------------------
 rk4
 istep=     15000001
 grad_b=   0.2010951198848734        0.1501151191032440      
  -0.1523263919253174     
 bsub=  -2.4213939000757041E-002  -1.4516812419082873E-002 
    1.244951004976038     
 bsup=    0.000000000000000       -6.4754137883103413E-002 
   0.9408458896054182     
 b_abs=    1.082645334740413     
 g=  -1.7544091016919991E-002
 j=    0.000000000000000        -276.0372972306753      
   -45.93254140894896     
 v_perp_2=    54194339.51776201     
 b_n=   7.6933978869305668E-004  -6.5781752434279528E-002 
   0.9408488662458044     
 b_para_n=    1.082645329856454     
 dxdt=    8.170493942991833        -500.6910613976935      
    7116.262135619430     
 dudt=    3537920.830776124     
 ---------------------
 rk4
 istep=     16000001
 grad_b=  -0.8672090536361936       -0.1258171124924887      
   0.1333212117438982     
 bsub=  -2.9499109281258019E-002  -0.2009534898409843      
    1.482807569216946     
 bsup=    0.000000000000000        -1.129437711036845      
   0.8903956548522441     
 b_abs=    1.243890010813191     
 g=  -1.8193697799214991E-002
 j=    0.000000000000000         73.22735202893355      
   -245.7764609989262     
 v_perp_2=    62265336.78242032     
 b_n=  -4.5601543317405017E-004   -1.125778731013629      
   0.8908824354669113     
 b_para_n=    1.243889986071574     
 dxdt=   -4.301652955687152        -6938.969285137099      
    5502.159962339661     
 dudt=   -5247782.804531246     
 ---------------------
 rk4
 istep=     17000001
 grad_b=   0.1655237037211384        1.2128887138547172E-002 
  -0.1040068381830868     
 bsub=   2.4607095864282585E-002   3.1570430445096678E-002 
    1.021193411585746     
 bsup=    0.000000000000000        0.2986868162483374      
    1.061332620012942     
 b_abs=    1.045798260656345     
 g=  -1.3321608151895719E-002
 j=    0.000000000000000         378.5461210939313      
   -246.9429051125152     
 v_perp_2=    52349040.34592558     
 b_n=   9.3392319254907819E-005   0.2976641489820842      
    1.061361961042175     
 b_para_n=    1.045798236687761     
 dxdt=    1.022868089797929         2359.522081564975      
    8424.280396645067     
 dudt=    2555088.163047160     
 ---------------------
 rk4
 istep=     18000001
 grad_b=  -0.5825397024364540        0.1806380911929156      
  -0.1152624380377598     
 bsub=  -5.7893209821322338E-003  -0.1804869100786122      
    1.394890077777433     
 bsup=    0.000000000000000       -0.9639794830656019      
   0.8852896200481999     
 b_abs=    1.187006369403549     
 g=  -1.8991744195223599E-002
 j=    0.000000000000000         225.2016652860442      
   -98.90459660881557     
 v_perp_2=    59416960.58945070     
 b_n=   7.1065931189081037E-004  -0.9614793611707394      
   0.8856160529069826     
 b_para_n=    1.187006356299396     
 dxdt=    6.969751808663943        -6361.423339859477      
    5867.858607015879     
 dudt=    5823142.513789724     
 ---------------------
 rk4
 istep=     19000001
 grad_b=  -0.7855665576591533       -6.5182565757420166E-004 
   2.6019830641027503E-002
 bsub=   2.0892652400757921E-002  -5.7912463965490102E-002 
   0.9908130247070307     
 bsup=    0.000000000000000       -0.4386707128473890      
   0.9624963021877725     
 b_abs=   0.9895534589812360     
 g=  -1.7740594383960608E-002
 j=    0.000000000000000         61.27434720035171      
   -221.5390548031365     
 v_perp_2=    49532841.85691369     
 b_n=   4.3911891813217828E-006  -0.4346984321354032      
   0.9627283618391695     
 b_para_n=   0.9895534336214223     
 dxdt=   5.0557389923759723E-002   -3708.409671829513      
    8239.715287355328     
 dudt=   -640646.1365106087     
 ---------------------
 rk4
 istep=     20000001
 grad_b=   0.4066663771219932        0.1598311737560160      
  -0.1435688106466613     
 bsub=  -5.4317972005434437E-002  -6.5127835412308530E-002 
    1.415445950471097     
 bsup=    0.000000000000000       -0.5151481965804092      
   0.9539091731967294     
 b_abs=    1.176348561038304     
 g=  -1.7235621632608347E-002
 j=    0.000000000000000         570.6529591528778      
   -389.3363842144082     
 v_perp_2=    58882521.43530476     
 b_n=   7.5127708390467375E-004  -0.5171150543026004      
   0.9538474673749195     
 b_para_n=    1.176348516904103     
 dxdt=    7.424546549630439        -3477.838124039977      
    6403.372393675039     
 dudt=    4665547.748841972     
 ---------------------
 rk4
 istep=     21000001
 grad_b=   -1.194563160407548       -9.6809379146803931E-002 
   0.1558669849663457     
 bsub=  -2.8853780450397343E-002  -0.1335307673886381      
    1.362365757933427     
 bsup=    0.000000000000000       -0.8935539878331953      
   0.8720708652437181     
 b_abs=    1.143477189987575     
 g=  -2.0192898648539057E-002
 j=    0.000000000000000         857.1308923966316      
    44.95224856075308     
 v_perp_2=    57236695.15766374     
 b_n=  -3.5212836548398552E-004  -0.8884089859436681      
   0.8725676855119682     
 b_para_n=    1.143477185707065     
 dxdt=   -3.565306576729861        -6200.043022400198      
    6106.850385771118     
 dudt=   -4868361.367812081     
 ---------------------
 rk4
 istep=     22000001
 grad_b=   0.5672208243536968        1.0011522826286052E-002 
  -0.1448021880108376     
 bsub=   3.0073280560119590E-003   4.9358269368944316E-002 
    1.121794154051190     
 bsup=    0.000000000000000        0.5224227853047239      
    1.067720490286047     
 b_abs=    1.106106108161990     
 g=  -1.1223766916044943E-002
 j=    0.000000000000000         835.8890430747290      
   -234.4705084931010     
 v_perp_2=    55365625.75574765     
 b_n=   1.1364619887874384E-004   0.5184853904317223      
    1.067893409560160     
 b_para_n=    1.106106088819786     
 dxdt=    1.184380174460835         3792.651635474878      
    7837.036816636298     
 dudt=    3379912.685236055     
 ---------------------
 rk4
 istep=     23000001
 grad_b=  -0.3604455198319101        9.0919242377262649E-002 
  -5.0714698655598245E-002
 bsub=  -3.1713440673348123E-002  -0.2349420090310718      
    1.506498802571016     
 bsup=    0.000000000000000        -1.244039224966732      
   0.9043064418431772     
 b_abs=    1.286365243184215     
 g=  -1.7646894755476872E-002
 j=    0.000000000000000        -514.6820074777181      
   -65.96959881395956     
 v_perp_2=    64387912.66471425     
 b_n=   3.3783994949230595E-004   -1.242567956006013      
   0.9045430026766815     
 b_para_n=    1.286365244474485     
 dxdt=    3.101696307746496        -7279.071754229360      
    5303.231948310357     
 dudt=    3092851.300437991     
 ---------------------
 rk4
 istep=     24000001
 grad_b=  -0.4588043009165875        1.7632933014487869E-004 
  -2.1762001706494949E-002
 bsub=   3.3179556008205928E-002  -4.2229467983283239E-002 
   0.9320032580137576     
 bsup=    0.000000000000000       -0.2688312080799966      
    1.037790525212240     
 b_abs=   0.9891407583506480     
 g=  -1.5514608109833425E-002
 j=    0.000000000000000         694.0200602471159      
   -113.7134686018905     
 v_perp_2=    49510194.90786559     
 b_n=  -4.4052425940397359E-006  -0.2663392308474770      
    1.037903578258049     
 b_para_n=   0.9891407429537220     
 dxdt=  -5.0738324723453077E-002   -2273.279106919029      
    8887.821823109791     
 dudt=    572621.9773241255     
 ---------------------
 rk4
 istep=     25000001
 grad_b=   0.5012019530917760        0.1183528141028186      
  -0.1228432603790186     
 bsub=  -8.9469437877343183E-002  -7.1402485085356973E-002 
    1.592255319197023     
 bsup=    0.000000000000000       -0.9215792324254324      
   0.9776693225116960     
 b_abs=    1.273721353980279     
 g=  -1.5794043775825599E-002
 j=    0.000000000000000         287.2075382982812      
    7.138124500924484     
 v_perp_2=    63754001.72549317     
 b_n=   5.5624294029559896E-004  -0.9240157624408143      
   0.9775913147519888     
 b_para_n=    1.273721353418586     
 dxdt=    5.147287598519569        -5508.815425964972      
    5819.457491101824     
 dudt=    4502893.596409718     
 ---------------------
 rk4
 istep=     26000001
 grad_b=   -1.270664106885641       -4.0834834607572430E-002 
   0.1352053302146897     
 bsub=  -1.4001094520629571E-002  -8.6938486468466206E-002 
    1.207724252115639     
 bsup=    0.000000000000000       -0.7644810756742462      
   0.8763219261092074     
 b_abs=    1.060664988230129     
 g=  -1.9823102477105350E-002
 j=    0.000000000000000        -668.3674383176574      
   -337.6212673742989     
 v_perp_2=    53089414.48106728     
 b_n=  -1.4547604140133016E-004  -0.7585450950827153      
   0.8767475137919738     
 b_para_n=    1.060664954497848     
 dxdt=   -1.573331295261511        -5886.325356317456      
    6825.666708584915     
 dudt=   -3532184.484035402     
 ---------------------
 rk4
 istep=     27000001
 grad_b=   0.7963706989466441        1.6283460444983699E-002 
  -0.1649588530982727     
 bsub=  -2.1869786020997536E-002   5.6681501677012448E-002 
    1.268648981216854     
 bsup=    0.000000000000000        0.3296062932942910      
    1.071270687393068     
 b_abs=    1.173728363823132     
 g=  -9.8961372809805628E-003
 j=    0.000000000000000        -1692.776938595979      
   -3.558586184705412     
 v_perp_2=    58748075.16821361     
 b_n=   1.8204588286469662E-004   0.3234988975273692      
    1.071546688696104     
 b_para_n=    1.173728356243867     
 dxdt=    1.802474595973977         2159.640382501232      
    7218.430293428243     
 dudt=    3653513.971394083     
 ---------------------
 rk4
 istep=     28000001
 grad_b=  -0.8897083729007742       -7.1726063847843247E-002 
   0.1222657819630052     
 bsub=  -5.5381899171551882E-002  -0.2025464987274203      
    1.523390467679709     
 bsup=    0.000000000000000        -1.219707950289139      
   0.9003445801753485     
 b_abs=    1.272181906102980     
 g=  -1.9093237978756401E-002
 j=    0.000000000000000        -71.84183965549062      
   -9.461000467713745     
 v_perp_2=    63675422.11418832     
 b_n=  -2.1707124326931880E-004   -1.216243639392817      
   0.9007972955167783     
 b_para_n=    1.272181906111517     
 dxdt=   -2.010639427794410        -7242.727667034834      
    5374.201174594499     
 dudt=   -3886458.272548949     
 ---------------------
 rk4
 istep=     29000001
 grad_b=  -0.1485272067520560       -1.4166988599971980E-002 
  -6.1385620451713752E-002
 bsub=   3.9032619958824268E-002  -1.1967046750898727E-002 
   0.9407094319168189     
 bsup=    0.000000000000000       -5.2458729598574561E-003 
    1.086826850958414     
 b_abs=    1.011089436998710     
 g=  -1.3629072116398045E-002
 j=    0.000000000000000        -624.7287406654200      
    104.6042478230304     
 v_perp_2=    50606776.44582756     
 b_n=  -8.8740470957766391E-005  -4.3793076053623347E-003 
    1.086841569182135     
 b_para_n=    1.011089448442492     
 dxdt=   -1.001905713886886        -33.82374844246150      
    9034.705941454298     
 dudt=    1649467.152856222     
 ---------------------
 Elapsed time (seconds):     153.8197970000000     

real	2m33.830s
user	2m33.588s
sys	0m0.014s
>>> [PID 3883262] DONE  u=8500, v_perp=7000, out=bounce/dat375.dat
