>>> [PID 3880755] START u=6500, v_perp=6000, out=bounce/dat350.dat, dt=5.00E-09, steps=30000000
 outer boundary:   8.3000000000000462E-002
 rk4
 istep=            1
 grad_b=  -0.5028809570983652        4.9305630027906139E-003 
  -7.9803799014018378E-003
 bsub=   8.6927615748020499E-003   4.2252127441371981E-002 
    1.020727898471545     
 bsup=    0.000000000000000        0.5002877485296329      
   0.9181488152561411     
 b_abs=   0.9787595355987979     
 g=  -1.6418858874352217E-002
 j=    0.000000000000000         576.0999429740835      
    59.07535508944932     
 v_perp_2=    35999994.06238241     
 b_n=   2.3215880798680394E-005   0.5025066659771714      
   0.9180567746610467     
 b_para_n=   0.9787595431488516     
 dxdt=   0.2198633609514599         3343.454616639442      
    6096.609326024906     
 dudt=    91327.02280933289     
 ---------------------
 rk4
 istep=      1000001
 grad_b=   0.7629930615838348        1.0259283459608075E-003 
   0.1724979058564035     
 bsub=   6.5397650115404660E-002   0.1023098583550983      
    1.692691149479778     
 bsup=    0.000000000000000       -0.7586052839699537      
    1.060287169828241     
 b_abs=    1.310254487626969     
 g=  -1.0128012465982786E-002
 j=    0.000000000000000        -2022.460063400743      
    78.02881012896478     
 v_perp_2=    48192565.96779350     
 b_n=  -5.2487057322603445E-005  -0.7628284338039057      
    1.060544451420882     
 b_para_n=    1.310254484485025     
 dxdt=  -0.3956838529410470        -3206.050346903763      
    4438.473435900608     
 dudt=   -2556188.271189754     
 ---------------------
 rk4
 istep=      2000001
 grad_b=   0.4314829365220542        5.6657075750900079E-002 
   0.1799457467159055     
 bsub=  -3.8463188331422284E-003   0.1834883779193595      
    2.076436060014933     
 bsup=    0.000000000000000        -1.403250456708262      
    1.072137834651285     
 b_abs=    1.402734199047518     
 g=  -7.3095211158304921E-003
 j=    0.000000000000000         204.2106034257581      
    222.6104699432406     
 v_perp_2=    51593835.04103200     
 b_n=   3.1780716971074012E-004   -1.406617679384769      
    1.072435986280412     
 b_para_n=    1.402734216284828     
 dxdt=    2.301760662790878        -5189.248559864585      
    3948.313685557458     
 dudt=   -1487016.880725335     
 ---------------------
 rk4
 istep=      3000001
 grad_b=  -7.0710090292387451E-002   9.4752310765303008E-002 
   7.2116595272737977E-002
 bsub=  -9.4182982388606867E-002   7.3766713897437275E-002 
    1.897716651311892     
 bsup=    0.000000000000000        -1.094421555910488      
    1.037092003060745     
 b_abs=    1.373975472504446     
 g=  -1.3068527419243171E-002
 j=    0.000000000000000        -1552.750478415924      
    75.64746308012106     
 v_perp_2=    50535839.89534648     
 b_n=   3.8953030994321917E-004   -1.094137242397755      
    1.037100284441595     
 b_para_n=    1.373975473568194     
 dxdt=    2.853254450186748        -4191.222816322241      
    3973.706567801158     
 dudt=    386919.9710010756     
 ---------------------
 rk4
 istep=      4000001
 grad_b=  -0.6795828715391916        1.6106717567116575E-002 
  -2.5339602292570290E-002
 bsub=  -2.5471263330686549E-002  -2.7227286583451915E-002 
    1.021841181694884     
 bsup=    0.000000000000000       -0.3759925657735815      
   0.9406373380318145     
 b_abs=   0.9853600157364117     
 g=  -1.8809550879456606E-002
 j=    0.000000000000000        -795.7184099505646      
    30.41064117027867     
 v_perp_2=    36242105.15983339     
 b_n=   5.8544503945747539E-005  -0.3734120216314114      
   0.9407075612516431     
 b_para_n=   0.9853600203647257     
 dxdt=   0.5512003264327253        -2448.849951986349      
    6187.840929162266     
 dudt=    557878.9533080587     
 ---------------------
 rk4
 istep=      5000001
 grad_b=   6.2834218526804431E-002   1.6941716639543754E-002 
   8.9823910358474035E-002
 bsub=  -3.5821711181950253E-002   1.1751878882038012E-002 
   0.9766783658140159     
 bsup=    0.000000000000000        0.1381526376280827      
    1.092765218426125     
 b_abs=    1.033832285467411     
 g=  -1.3029808100456952E-002
 j=    0.000000000000000         492.3009099351571      
   -76.31727207720212     
 v_perp_2=    38024773.37460683     
 b_n=   7.3805233195851561E-005   0.1378449620944735      
    1.092771621814090     
 b_para_n=    1.033832280104007     
 dxdt=   0.6667836705919368         844.7565975993946      
    6703.934674221204     
 dudt=   -1787673.531273778     
 ---------------------
 rk4
 istep=      6000001
 grad_b=   0.5842342245249543        6.7571446267239030E-002 
   0.1589469267936813     
 bsub=  -2.2102663258936783E-002   7.4223398339216151E-002 
    1.218780565477509     
 bsup=    0.000000000000000       -0.2979818472015416      
    1.135780204396218     
 b_abs=    1.167476413084933     
 g=  -8.4499767452205429E-003
 j=    0.000000000000000         124.4344230707815      
   -99.42527565919582     
 v_perp_2=    42940055.78341658     
 b_n=   3.8083287548656850E-004  -0.3018441136836382      
    1.136022315636314     
 b_para_n=    1.167476406669141     
 dxdt=    3.116968433940332        -1548.278077267398      
    5782.871505925295     
 dudt=   -2526516.806850059     
 ---------------------
 rk4
 istep=      7000001
 grad_b=   -1.056971943755445        0.1000963212161389      
   0.2548530089644522     
 bsub=  -4.3374272738021864E-002  -7.1110502322017821E-002 
    1.332552626408681     
 bsup=    0.000000000000000        -1.008154059211206      
   0.8910744965219055     
 b_abs=    1.122027874547116     
 g=  -1.7821140098905411E-002
 j=    0.000000000000000         367.8418042372596      
    431.9290815919503     
 v_perp_2=    41268282.23958072     
 b_n=   4.2961357081764111E-004   -1.004191498079628      
   0.8912999683189110     
 b_para_n=    1.122027909436214     
 dxdt=    3.627624766584014        -5430.617163557552      
    4831.422941382830     
 dudt=   -2068092.811510126     
 ---------------------
 rk4
 istep=      8000001
 grad_b=  -0.4998827743848419        6.7332782710810501E-002 
  -5.3587469635784521E-002
 bsub=  -8.4445315420647420E-004  -0.2371680589661512      
    1.516603514137254     
 bsup=    0.000000000000000        -1.251361184513301      
   0.9013866331160276     
 b_abs=    1.289928946434332     
 g=  -1.6697212596615097E-002
 j=    0.000000000000000         333.3453568305031      
   -95.36682250081347     
 v_perp_2=    47443477.90928438     
 b_n=   1.8686075012944674E-004   -1.249776606887282      
   0.9016345267401110     
 b_para_n=    1.289928936624817     
 dxdt=    1.423157718573771        -5372.343033970518      
    3880.413624613525     
 dudt=    1889864.055291380     
 ---------------------
 rk4
 istep=      9000001
 grad_b=   -1.248378639347621        5.8496873844848585E-002 
  -0.1365935991631725     
 bsub=   1.4809424170540306E-002  -9.3047646483350871E-002 
    1.230904706825088     
 bsup=    0.000000000000000       -0.7716690269373624      
   0.8727260846019721     
 b_abs=    1.070683569085462     
 g=  -2.0136510783718566E-002
 j=    0.000000000000000        -770.8995782767150      
   -112.2203508992620     
 v_perp_2=    39379455.22312114     
 b_n=   1.6753812669369859E-004  -0.7673329898059779      
   0.8730518383516552     
 b_para_n=    1.070683564337835     
 dxdt=    1.469758383718522        -4455.414606127290      
    5084.769687294450     
 dudt=    2822841.548040600     
 ---------------------
 rk4
 istep=     10000001
 grad_b=  -0.8263508453208984       -3.6882847494755351E-002 
  -4.4642332560956677E-002
 bsub=   1.2263752292545126E-002  -9.7851392302221618E-002 
   0.8984173243180943     
 bsup=    0.000000000000000       -0.5040647745535148      
    1.033836019970551     
 b_abs=   0.9894475458478488     
 g=  -1.2638419631322617E-002
 j=    0.000000000000000         519.5424911182283      
   -129.7147258259260     
 v_perp_2=    36391454.10051449     
 b_n=  -2.0516042292957617E-004  -0.5000065399225525      
    1.034280808318663     
 b_para_n=   0.9894475313064642     
 dxdt=   -1.924654506873285        -3257.917146796191      
    6764.239043081113     
 dudt=    512256.2046910717     
 ---------------------
 rk4
 istep=     11000001
 grad_b=  -0.3632213942350249       -2.3836261515534137E-002 
  -4.1500944179522811E-002
 bsub=   3.4070387164473956E-002  -4.9558873096359785E-002 
   0.8897222201128661     
 bsup=    0.000000000000000       -0.1838194076287648      
    1.104076821728780     
 b_abs=   0.9960634989510909     
 g=  -1.2732851023001156E-002
 j=    0.000000000000000         322.2364820789419      
   -235.4496138655317     
 v_perp_2=    36634637.95997570     
 b_n=  -1.2428400688263162E-004  -0.1821005021563729      
    1.104177305030919     
 b_para_n=   0.9960634796794878     
 dxdt=   -1.159218424711107        -1174.472439847191      
    7151.481789043569     
 dudt=    765057.6924251135     
 ---------------------
 rk4
 istep=     12000001
 grad_b=  -0.9787644831425514       -1.3521494078041804E-002 
   6.0053613198838243E-002
 bsub=   1.0662339238199125E-002  -6.4874636071600572E-002 
    1.055434763109744     
 bsup=    0.000000000000000       -0.5582775519710143      
   0.9173684355138417     
 b_abs=    1.002227086312550     
 g=  -1.8807220062452043E-002
 j=    0.000000000000000         1137.007575569392      
   -820.4588799264367     
 v_perp_2=    36861165.53421840     
 b_n=  -3.6963524184585872E-005  -0.5545948111053980      
   0.9175951016229039     
 b_para_n=    1.002227007188851     
 dxdt=  -0.3429316591267812        -3549.484007956049      
    5890.801209920389     
 dudt=   -1149364.968928136     
 ---------------------
 rk4
 istep=     13000001
 grad_b=  -0.6582553402147533       -0.1699616018510002      
   0.1218974971208549     
 bsub=  -2.0742825009849200E-003  -0.1905541918120436      
    1.419106500215179     
 bsup=    0.000000000000000        -1.006629645887084      
   0.8837898823950601     
 b_abs=    1.202387452768036     
 g=  -1.8547125789984298E-002
 j=    0.000000000000000         261.2786145941126      
   -52.95305795620587     
 v_perp_2=    44222696.71051822     
 b_n=  -4.9605807445409682E-004   -1.004504249632129      
   0.8840745447744423     
 b_para_n=    1.202387446141127     
 dxdt=   -3.970409845543631        -4866.576900688386      
    4289.918864114328     
 dudt=   -4264303.332808475     
 ---------------------
 rk4
 istep=     14000001
 grad_b=   0.3417611209881405       -0.1174086209129502      
  -0.2548238141629282     
 bsub=   5.4168062490407884E-002   8.4919613303859026E-002 
    1.753277814526681     
 bsup=    0.000000000000000        -1.565040180112172      
    1.049141225809843     
 b_abs=    1.307061919088575     
 g=  -9.7351451561573966E-003
 j=    0.000000000000000         748.5051626742220      
   -301.5988255759780     
 v_perp_2=    48072321.50138223     
 b_n=  -6.3652974069295298E-004   -1.567158348445500      
    1.049263469935636     
 b_para_n=    1.307061899422452     
 dxdt=   -4.806069575491405        -6593.665769235545      
    4410.335372355900     
 dudt=    1176153.076028681     
 ---------------------
 rk4
 istep=     15000001
 grad_b=   0.7617179368454003       -4.2416337751229570E-002 
  -0.1603360291318660     
 bsub=  -8.7690254718694009E-003   0.1095987097809237      
    1.470446198930457     
 bsup=    0.000000000000000       -0.4780202232788774      
    1.113951311295061     
 b_abs=    1.259306395656399     
 g=  -8.1731176925005262E-003
 j=    0.000000000000000         374.4749764871308      
   -276.2383171232523     
 v_perp_2=    46315720.73162302     
 b_n=  -2.0433188485767645E-004  -0.4831225744543031      
    1.114330378392547     
 b_para_n=    1.259306378550526     
 dxdt=   -1.581853767202221        -2184.580054351071      
    5001.707059826505     
 dudt=    2312074.763374017     
 ---------------------
 rk4
 istep=     16000001
 grad_b=   0.5659700059418264        3.9788839115863471E-003 
  -0.1439525734549590     
 bsub=   4.7746261570275686E-003   5.1107119785763613E-002 
    1.120109105997333     
 bsup=    0.000000000000000        0.4824317138592631      
    1.073416348446876     
 b_abs=    1.107560432818114     
 g=  -1.1168384363041895E-002
 j=    0.000000000000000         719.2536400795559      
   -292.4820012415952     
 v_perp_2=    40734500.78841888     
 b_n=   5.5254244908548272E-005   0.4794635131688252      
    1.073551523871829     
 b_para_n=    1.107560413726178     
 dxdt=   0.4714575488675097         2642.599695274489      
    5937.320931518691     
 dudt=    2533716.499290068     
 ---------------------
 rk4
 istep=     17000001
 grad_b=  -0.4112223233730751       -8.7360645205917645E-002 
   7.3504578090795483E-002
 bsub=   1.5453226147068132E-002   1.1941658358768812E-002 
    1.105541122597211     
 bsup=    0.000000000000000       -5.3407165717309302E-002 
   0.9134985804276404     
 b_abs=    1.004519514360427     
 g=  -1.9456631160340861E-002
 j=    0.000000000000000         457.8472682725111      
    227.7108099428383     
 v_perp_2=    36944637.19582044     
 b_n=  -3.3376069618365294E-004  -5.1846315339378890E-002 
   0.9134864055496835     
 b_para_n=    1.004519535897292     
 dxdt=   -3.090383268718797        -327.2472780570846      
    5844.459172957280     
 dudt=   -1314621.551983298     
 ---------------------
 rk4
 istep=     18000001
 grad_b=   0.6148299738598683        9.3417420140441982E-003 
   0.1427945397356175     
 bsub=   5.9475254351300036E-002   0.1580921963909078      
    1.921010626773455     
 bsup=    0.000000000000000       -0.9280462951256168      
    1.070701326801194     
 b_abs=    1.381969604041502     
 g=  -9.8093482701583391E-003
 j=    0.000000000000000         153.9426764150871      
    16.54378655723795     
 v_perp_2=    50826412.96768973     
 b_n=  -1.3536910121717555E-005  -0.9314753239464703      
    1.070983943980381     
 b_para_n=    1.381969606064396     
 dxdt=  -9.8831403891498096E-002   -3541.718435357817      
    4059.315318397914     
 dudt=   -1919063.412769430     
 ---------------------
 rk4
 istep=     19000001
 grad_b=   0.4280827937703055        2.4640195972665757E-002 
   4.1032711685401117E-002
 bsub=  -1.2644421450436170E-002   0.1886294112560962      
    2.162395763190543     
 bsup=    0.000000000000000        -1.546583305434534      
    1.077041817056749     
 b_abs=    1.427759827248818     
 g=  -7.2327279035207066E-003
 j=    0.000000000000000         775.0155611133505      
   -23.13121775337357     
 v_perp_2=    52510261.52680551     
 b_n=   1.6394455078508319E-004   -1.549917474567819      
    1.077333622954639     
 b_para_n=    1.427759830395452     
 dxdt=    1.176793431892062        -5519.597435642903      
    3829.279722982245     
 dudt=   -78383.32757227444     
 ---------------------
 rk4
 istep=     20000001
 grad_b=   0.4194387671310708        7.4856284716793606E-002 
  -8.8391338200141709E-002
 bsub=  -0.1046868627616082       -1.1856010207975089E-002 
    1.734013945408359     
 bsup=    0.000000000000000        -1.065836172609910      
    1.008055148162523     
 b_abs=    1.326966486876048     
 g=  -1.4051903347737182E-002
 j=    0.000000000000000        -590.0319480000089      
    293.7136221707013     
 v_perp_2=    48803061.33210512     
 b_n=   2.9540764635503121E-004   -1.067483690273145      
    1.008061734078523     
 b_para_n=    1.326966507793447     
 dxdt=    2.209100988166542        -4370.955947309033      
    4122.394871785251     
 dudt=    2340435.983225476     
 ---------------------
 rk4
 istep=     21000001
 grad_b=  -0.2900567690327605       -1.8904802331228529E-002 
   4.2607824126696392E-002
 bsub=  -3.2865867101787336E-002   2.3934473864155106E-003 
   0.9736526124781458     
 bsup=    0.000000000000000       -4.0207104995846565E-002 
    1.011562470050175     
 b_abs=   0.9923819791200286     
 g=  -1.5995367289136062E-002
 j=    0.000000000000000        -473.8870811266798      
    97.87156207433696     
 v_perp_2=    36497570.68363058     
 b_n=  -7.9425693133786809E-005  -3.9001239202802775E-002 
    1.011556833018390     
 b_para_n=   0.9923819872417815     
 dxdt=  -0.7431921576811905        -250.5135926997547      
    6586.447442689506     
 dudt=   -812736.9367217411     
 ---------------------
 rk4
 istep=     22000001
 grad_b=   0.5349366133982270        2.0661183365671791E-002 
   0.1391934030679109     
 bsub=  -1.5491291028800785E-002   5.3904617751205725E-002 
    1.112059622846996     
 bsup=    0.000000000000000        0.2415866485511822      
    1.102134267805483     
 b_abs=    1.112657871682964     
 g=  -1.0638448068476384E-002
 j=    0.000000000000000         462.3981660507660      
   -156.9535223222730     
 v_perp_2=    40920858.52577738     
 b_n=   7.5093407924523080E-005   0.2386892008907320      
    1.102275751498088     
 b_para_n=    1.112657861975946     
 dxdt=   0.6383590794584089         1301.954713264009      
    6053.174150085710     
 dudt=   -2617872.309138061     
 ---------------------
 rk4
 istep=     23000001
 grad_b=   0.6401834173536834        6.9487385580928818E-002 
   0.1712606104632981     
 bsub=  -1.9115116137228792E-002   0.1052368735026039      
    1.439950917173682     
 bsup=    0.000000000000000       -0.6030947314929915      
    1.122901330781071     
 b_abs=    1.245758348702336     
 g=  -7.7250637281659658E-003
 j=    0.000000000000000        -663.1056340263361      
    474.6873163124059     
 v_perp_2=    45815755.84967834     
 b_n=   4.0769033873057407E-004  -0.6076922560666383      
    1.123242772312343     
 b_para_n=    1.245758378311580     
 dxdt=    3.180167714737108        -2792.969550032999      
    5136.117256485281     
 dudt=   -2220074.780577936     
 ---------------------
 rk4
 istep=     24000001
 grad_b=   -1.173003248385925       -2.1038116399665102E-002 
   0.2087745928300506     
 bsub=  -5.9757001863097889E-002  -0.1358063639840461      
    1.487477174053433     
 bsup=    0.000000000000000        -1.093552714634851      
   0.8901321775721415     
 b_abs=    1.213451861177831     
 g=  -2.0529120728061463E-002
 j=    0.000000000000000        -471.7096636825529      
   -141.1558684682672     
 v_perp_2=    44627426.59155410     
 b_n=  -5.9014926264366509E-006   -1.090076345982483      
   0.8904493260793541     
 b_para_n=    1.213451853624358     
 dxdt=  -4.6915544858222677E-002   -5197.921269258817      
    4256.030977872141     
 dudt=   -3164794.028842102     
 ---------------------
 rk4
 istep=     25000001
 grad_b=  -0.9672237405099297        0.1386926401962631      
  -0.1402429683950554     
 bsub=   1.8215982582056197E-002  -0.1584601863311642      
    1.386203957758411     
 bsup=    0.000000000000000       -0.9214340717294061      
   0.8761678651653448     
 b_abs=    1.166352248088042     
 g=  -1.9390733989782558E-002
 j=    0.000000000000000         220.2653282650244      
    151.7513328211411     
 v_perp_2=    42895027.50410052     
 b_n=   4.0096096673614563E-004  -0.9182783711314921      
   0.8765233401031639     
 b_para_n=    1.166352258169837     
 dxdt=    3.284092292712146        -4671.577349104136      
    4469.570914563402     
 dudt=    3952087.689955845     
 ---------------------
 rk4
 istep=     26000001
 grad_b=  -0.9848822171641272        4.5151342374038193E-005 
  -5.9433810762947528E-002
 bsub=  -7.9750667201851123E-003  -7.1759466676348319E-002 
    1.039315237987880     
 bsup=    0.000000000000000       -0.5476512098115406      
   0.9241762626483789     
 b_abs=   0.9999310547851459     
 g=  -1.8291692794323151E-002
 j=    0.000000000000000         1231.470700297380      
   -710.0835757547566     
 v_perp_2=    36774363.74795784     
 b_n=  -1.5538416365352440E-005  -0.5438785852624761      
   0.9244365567598501     
 b_para_n=   0.9999309848110284     
 dxdt=  -0.1444433639265031        -3492.134207104426      
    5954.671868614570     
 dudt=    1010554.432687592     
 ---------------------
 rk4
 istep=     27000001
 grad_b=  -0.6648201860298638        7.5793109750005166E-003 
   9.8834095355688281E-003
 bsub=  -4.9247613400191376E-003  -9.3367082947144159E-002 
   0.8150325853296150     
 bsup=    0.000000000000000       -0.2966621079051683      
    1.152455373820797     
 b_abs=   0.9833842920085779     
 g=  -9.9433333222730229E-003
 j=    0.000000000000000         267.5869330694194      
   -201.5996535465419     
 v_perp_2=    36165670.06286896     
 b_n=   5.0112592940027925E-005  -0.2928380814646735      
    1.152893722638210     
 b_para_n=   0.9833842753147077     
 dxdt=   0.4726317742523623        -1920.971110657834      
    7606.715471853575     
 dudt=   -170941.1194551462     
 ---------------------
 rk4
 istep=     28000001
 grad_b=  -0.7385599679958466        5.4094569884082129E-003 
   1.3519204195687792E-002
 bsub=   1.7137380122666371E-002  -7.4381299936824241E-002 
   0.9422921603055057     
 bsup=    0.000000000000000       -0.4249763768980649      
   0.9965873714022753     
 b_abs=   0.9854652030464413     
 g=  -1.6089827025070225E-002
 j=    0.000000000000000        -183.6829705394604      
    110.4350853898910     
 v_perp_2=    36242051.81878770     
 b_n=   2.6482680777569552E-005  -0.4219554389498527      
   0.9968253630105433     
 b_para_n=   0.9854652133754108     
 dxdt=   0.2493094023597214        -2766.608393720935      
    6556.744183531720     
 dudt=   -208504.5628497145     
 ---------------------
 rk4
 istep=     29000001
 grad_b=   -1.178731699709095       -8.4123032066211190E-002 
   0.1324962486389088     
 bsub=  -1.2806526463099899E-002  -9.9915496951618124E-002 
    1.250808984603178     
 bsup=    0.000000000000000       -0.7696943451579842      
   0.8734856588514194     
 b_abs=    1.081489730189078     
 g=  -2.0195089697257619E-002
 j=    0.000000000000000        -1083.981659523019      
    290.0939533852039     
 v_perp_2=    39773322.33332725     
 b_n=  -2.5270518205019858E-004  -0.7656485705071097      
   0.8738062792182562     
 b_para_n=    1.081489763038480     
 dxdt=   -2.198529882923676        -4379.435212510273      
    5012.724987290828     
 dudt=   -3068670.865206983     
 ---------------------
 Elapsed time (seconds):     153.1985830000000     

real	2m33.208s
user	2m32.932s
sys	0m0.016s
>>> [PID 3880755] DONE  u=6500, v_perp=6000, out=bounce/dat350.dat
