>>> [PID 3881004] START u=7500, v_perp=6000, out=bounce/dat352.dat, dt=5.00E-09, steps=30000000
 outer boundary:   8.3000000000000462E-002
 rk4
 istep=            1
 grad_b=  -0.5028806902592435        4.9303089232709610E-003 
  -7.9798411181948720E-003
 bsub=   8.6928313504955369E-003   4.2252088155776781E-002 
    1.020728051644743     
 bsup=    0.000000000000000        0.5002827666895973      
   0.9181488618378896     
 b_abs=   0.9787595107698899     
 g=  -1.6418884108572781E-002
 j=    0.000000000000000         576.0999450044376      
    59.07161033008742     
 v_perp_2=    35999993.14914407     
 b_n=   2.6786109625180303E-005   0.5028430512693579      
   0.9180426614737954     
 b_para_n=   0.9787595194810959     
 dxdt=   0.2709373327463468         3859.444104836540      
    7034.481247094773     
 dudt=    91320.58928634919     
 ---------------------
 rk4
 istep=      1000001
 grad_b=   1.4047980491449508E-004  -3.7680546866888015E-002 
  -8.8304936974822223E-002
 bsub=   3.9904040642349037E-002   5.7372115615399177E-005 
   0.9551552049279211     
 bsup=    0.000000000000000        7.1772779617051308E-002 
    1.115617609984911     
 b_abs=    1.032016312923238     
 g=  -1.2144592668969667E-002
 j=    0.000000000000000         240.0663521593563      
    37.29099627160176     
 v_perp_2=    37958611.23078270     
 b_n=  -2.1445482521042573E-004   7.1751003073333652E-002 
    1.115626574190814     
 b_para_n=    1.032016316163980     
 dxdt=   -2.066400434391325         512.2249873840403      
    7965.242127099531     
 dudt=    1803726.442010049     
 ---------------------
 rk4
 istep=      2000001
 grad_b=  -0.2015843584224606        2.6443315914447457E-002 
   5.9091344385548861E-002
 bsub=  -3.9220784546856471E-002  -2.4223869661289331E-002 
   0.9199345039205373     
 bsup=    0.000000000000000       -4.5395486943888730E-002 
    1.105294382426411     
 b_abs=    1.008827402427152     
 g=  -1.2853787782190621E-002
 j=    0.000000000000000        -314.1737949689892      
    38.28753377878220     
 v_perp_2=    37105447.97469642     
 b_n=   1.5296329741571312E-004  -4.4308003587812492E-002 
    1.105329544212792     
 b_para_n=    1.008827406535787     
 dxdt=    1.504770396127525        -323.4561957777530      
    8136.373193824943     
 dudt=   -1168741.615258960     
 ---------------------
 rk4
 istep=      3000001
 grad_b=  -0.4744353854238183        7.8975141966846074E-003 
  -1.3445272276983722E-002
 bsub=  -1.3490340386977804E-002   3.6718240743687597E-002 
    1.031254691752902     
 bsup=    0.000000000000000        0.2446086415676669      
   0.9222500734974943     
 b_abs=   0.9796458889132993     
 g=  -1.7626669316510787E-002
 j=    0.000000000000000        -698.6762072497563      
    185.8571534388768     
 v_perp_2=    36031906.86385367     
 b_n=   4.0053544166180518E-005   0.2468780700788608      
   0.9221698097339697     
 b_para_n=   0.9796459059641212     
 dxdt=   0.4047966836994542         1895.086248181841      
    7057.773405076771     
 dudt=    196511.1388185299     
 ---------------------
 rk4
 istep=      4000001
 grad_b=   0.7129662036011267       -4.1275706440700402E-002 
  -0.1550404158734002     
 bsub=   7.4632716752759953E-003   7.6087732696826657E-002 
    1.242608027605178     
 bsup=    0.000000000000000       -0.1244052923603967      
    1.125355386304253     
 b_abs=    1.178878981880692     
 g=  -8.6962012017217667E-003
 j=    0.000000000000000        -257.9312981637034      
    45.56738572339573     
 v_perp_2=    43359550.42805203     
 b_n=  -2.3903356313894207E-004  -0.1297745220749943      
    1.125685594514257     
 b_para_n=    1.178878984327761     
 dxdt=   -2.046443286054449        -783.8406968322790      
    6677.538274138654     
 dudt=    2641675.077740799     
 ---------------------
 rk4
 istep=      5000001
 grad_b=  -0.8887586053098002       -7.4366053841651378E-003 
  -4.1126421020094568E-002
 bsub=  -1.0807110944867658E-002  -7.4850354465103547E-002 
   0.9958894589569957     
 bsup=    0.000000000000000       -0.4872130664809357      
   0.9513794367308706     
 b_abs=   0.9921697340008864     
 g=  -1.7394668843046652E-002
 j=    0.000000000000000         1114.139692072074      
   -260.1059219561658     
 v_perp_2=    36492066.85175022     
 b_n=  -4.7830369030868222E-005  -0.4831730190073565      
   0.9516825308086571     
 b_para_n=   0.9921696998532930     
 dxdt=  -0.4777707752457156        -3626.437024832483      
    7163.161359033678     
 dudt=    658066.4536953066     
 ---------------------
 rk4
 istep=      6000001
 grad_b=  -0.6991325267545441        8.8835697648965262E-002 
  -7.0720061113885638E-002
 bsub=  -1.6807358159934942E-002  -3.7557658037119190E-002 
    1.122916583601498     
 bsup=    0.000000000000000       -0.4947332482958390      
   0.9015197460303779     
 b_abs=    1.015500510045396     
 g=  -2.0289942611297181E-002
 j=    0.000000000000000        -521.8954896705636      
    425.6006082763761     
 v_perp_2=    37349946.71024364     
 b_n=   3.5971325396163948E-004  -0.4918205314421471      
   0.9016225928283967     
 b_para_n=    1.015500557038992     
 dxdt=    3.517391791226152        -3581.269972350590      
    6578.817625100703     
 dudt=    1950469.933366715     
 ---------------------
 rk4
 istep=      7000001
 grad_b=   0.6496728796228262       -6.0857980002090445E-002 
  -0.1735995140915572     
 bsub=  -1.0972921085901215E-002   0.1431586868827452      
    1.687348395573403     
 bsup=    0.000000000000000       -0.7794222504223050      
    1.091062734865441     
 b_abs=    1.315315833302031     
 g=  -8.2163054981987324E-003
 j=    0.000000000000000        -411.5175996226002      
   -23.91392738996257     
 v_perp_2=    48376822.30439314     
 b_n=  -3.7943874517414077E-004  -0.7847568973801311      
    1.091512867708510     
 b_para_n=    1.315315828305886     
 dxdt=   -2.964248345344731        -3966.699049328112      
    5497.903225011366     
 dudt=    1984983.636655806     
 ---------------------
 rk4
 istep=      8000001
 grad_b=   -1.291491368940324        5.8575766808249691E-002 
  -0.1603896998631951     
 bsub=   2.7603184083883441E-002  -0.1099133687517974      
    1.306788199583308     
 bsup=    0.000000000000000       -0.8495103193066941      
   0.8671458798609160     
 b_abs=    1.107676351987940     
 g=  -2.0555958486942881E-002
 j=    0.000000000000000         1207.388584959239      
   -411.2771768510481     
 v_perp_2=    40739634.75114531     
 b_n=   1.7539691617546912E-004  -0.8444990804865208      
   0.8675636243297554     
 b_para_n=    1.107676300452436     
 dxdt=    1.585884763050228        -5459.003035040155      
    5622.357813439305     
 dudt=    3135179.025153746     
 ---------------------
 rk4
 istep=      9000001
 grad_b=  -0.5758018136066233        0.1825267985517560      
  -0.1144005155944430     
 bsub=  -6.2034891686378792E-003  -0.1801987682182883      
    1.391404144931689     
 bsup=    0.000000000000000       -0.9584177528741856      
   0.8848295741743604     
 b_abs=    1.184910236416423     
 g=  -1.9071740078671302E-002
 j=    0.000000000000000         205.3770247629569      
   -113.5992487839044     
 v_perp_2=    43579996.36606840     
 b_n=   6.3603439145671140E-004  -0.9562321065091042      
   0.8851154589891939     
 b_para_n=    1.184910223673792     
 dxdt=    5.421357350016825        -5624.240891008429      
    5212.042737245196     
 dudt=    4286008.341680165     
 ---------------------
 rk4
 istep=     10000001
 grad_b=   0.4355850913928977       -4.0551705595848406E-002 
  -0.1401745414879265     
 bsub=  -5.4550762979422673E-004   0.1875377541240235      
    2.116656620222472     
 bsup=    0.000000000000000        -1.437887101436484      
    1.073117173773936     
 b_abs=    1.414658131543356     
 g=  -7.2716105942442454E-003
 j=    0.000000000000000         1185.631009621319      
    131.2116314746881     
 v_perp_2=    52029600.07724224     
 b_n=  -2.7148054745727797E-004   -1.442090167070106      
    1.073489513273735     
 b_para_n=    1.414658152377057     
 dxdt=   -2.004255657017302        -6477.121730236049      
    4813.565775405411     
 dudt=    1197424.559329266     
 ---------------------
 rk4
 istep=     11000001
 grad_b=  -0.5888215417162603        4.1147924476812779E-002 
  -4.6596756084008130E-002
 bsub=   3.3266538742041891E-002  -0.2349149276479069      
    1.522675329687518     
 bsup=    0.000000000000000        -1.265904363900974      
   0.9023835013828218     
 b_abs=    1.292905737758480     
 g=  -1.7511263963413199E-002
 j=    0.000000000000000         494.5704970707321      
   -24.72032711382054     
 v_perp_2=    47551362.21268103     
 b_n=   1.2355365313695507E-004   -1.263765719076203      
   0.9027107405027789     
 b_para_n=    1.292905729670482     
 dxdt=   0.9787450792850371        -6529.136637190963      
    4668.879093314823     
 dudt=    1338944.682821958     
 ---------------------
 rk4
 istep=     12000001
 grad_b=  -0.8075912476051057       -9.5388586470991243E-002 
   0.1090094080200444     
 bsub=  -4.0552732402793987E-002  -0.2160365754480892      
    1.509362027067332     
 bsup=    0.000000000000000        -1.209152247839299      
   0.8960691483474719     
 b_abs=    1.270375014132315     
 g=  -1.8334141577447480E-002
 j=    0.000000000000000         52.62659181799688      
   -175.9459875081548     
 v_perp_2=    46722437.52344028     
 b_n=  -2.8729562896297059E-004   -1.206254791829759      
   0.8964761325586748     
 b_para_n=    1.270374998910790     
 dxdt=   -2.308913836508076        -6398.949799542467      
    4762.611452035887     
 dudt=   -3083533.108084638     
 ---------------------
 rk4
 istep=     13000001
 grad_b=   0.4627469864715159        5.8802219480261951E-002 
   0.1748849972452681     
 bsub=   3.1372259454679067E-003   0.1828989735915855      
    2.063821304682897     
 bsup=    0.000000000000000        -1.331407021596174      
    1.071354650100191     
 b_abs=    1.402357767806141     
 g=  -7.4407018560726061E-003
 j=    0.000000000000000        -207.3845857820683      
   -20.17541527383796     
 v_perp_2=    51576217.80972631     
 b_n=   4.0749163599265942E-004   -1.335759027779877      
    1.071739709752287     
 b_para_n=    1.402357764413880     
 dxdt=    3.028133325152653        -6087.272796020311      
    4875.135568454965     
 dudt=   -1430286.320934819     
 ---------------------
 rk4
 istep=     14000001
 grad_b=  -0.6987757096136609       -0.1746398248610664      
   0.1165987733859574     
 bsub=   2.7145305371458067E-003  -0.1495364900031680      
    1.336490200069127     
 bsup=    0.000000000000000       -0.8520307080263512      
   0.8810615058722751     
 b_abs=    1.142338723064969     
 g=  -1.9770851512858890E-002
 j=    0.000000000000000        -134.5041956512346      
   -266.6721067219733     
 v_perp_2=    42012918.27564545     
 b_n=  -6.2070343332475445E-004  -0.8493457196260353      
   0.8813631625762547     
 b_para_n=    1.142338699052080     
 dxdt=   -5.461622484221532        -5262.927150525318      
    5469.332930279615     
 dudt=   -4049006.568430524     
 ---------------------
 rk4
 istep=     15000001
 grad_b=   -1.302830641585930       -3.6753712832607900E-002 
   0.1517679949326554     
 bsub=  -2.1063256784640522E-002  -9.4253249867298855E-002 
    1.245350494558682     
 bsup=    0.000000000000000       -0.8067605013685996      
   0.8694233665182208     
 b_abs=    1.076676912613246     
 g=  -2.0155726495231969E-002
 j=    0.000000000000000         192.8243105593237      
   -541.1256315480673     
 v_perp_2=    39597777.79412125     
 b_n=  -1.0223173119259534E-004  -0.8014996023798265      
   0.8698197546671850     
 b_para_n=    1.076676855663609     
 dxdt=  -0.9480613346736311        -5388.315832251049      
    5863.091420528927     
 dudt=   -2760036.360612725     
 ---------------------
 rk4
 istep=     16000001
 grad_b=   0.6961470511025218        5.0814424181620348E-002 
   0.1637327632472853     
 bsub=   1.2440748511905552E-002   0.1307077530034278      
    1.605597991422486     
 bsup=    0.000000000000000       -0.6656735486753597      
    1.099244685209197     
 b_abs=    1.295636661194178     
 g=  -8.2596518624155936E-003
 j=    0.000000000000000         68.53873571076787      
   -179.5688275884525     
 v_perp_2=    47650294.53867519     
 b_n=   3.0327216484352354E-004  -0.6712954015806962      
    1.099699984669115     
 b_para_n=    1.295636646583678     
 dxdt=    2.398262763434330        -3475.641880368742      
    5669.608039580728     
 dudt=   -2074369.736132667     
 ---------------------
 rk4
 istep=     17000001
 grad_b=  -0.6673745621321729       -5.8663548458803713E-002 
   5.4115438468919003E-002
 bsub=   2.0343123881548183E-002  -2.0035474862604874E-002 
    1.083445150509683     
 bsup=    0.000000000000000       -0.3943571853573825      
   0.9124967224870099     
 b_abs=   0.9982849724594217     
 g=  -1.9830836510867644E-002
 j=    0.000000000000000        -800.9839098874849      
    235.3150982084624     
 v_perp_2=    36714222.19820400     
 b_n=  -2.4645384319621364E-004  -0.3915005283888818      
   0.9125542009069246     
 b_para_n=   0.9982849991004807     
 dxdt=   -2.447918609212453        -2915.516312187630      
    6812.391385457830     
 dudt=   -1335731.749218995     
 ---------------------
 rk4
 istep=     18000001
 grad_b=  -0.7759526642188299        6.2399883451080239E-003 
   2.0432726724388506E-002
 bsub=   1.6208313999285760E-002  -7.3187736268773021E-002 
   0.9578859681940036     
 bsup=    0.000000000000000       -0.4374386632583352      
   0.9828499018926672     
 b_abs=   0.9869332972075252     
 g=  -1.6575636131338868E-002
 j=    0.000000000000000         161.6489533893385      
    12.68186117527193     
 v_perp_2=    36296517.80832200     
 b_n=   3.6219062232484865E-005  -0.4338344654652944      
   0.9831246695246555     
 b_para_n=   0.9869332972395348     
 dxdt=   0.3635500274595229        -3279.276154401057      
    7452.014971656054     
 dudt=   -323315.0453124236     
 ---------------------
 rk4
 istep=     19000001
 grad_b=   0.6408600049426021        3.9881222089201231E-002 
   0.1503663267100450     
 bsub=  -1.3461067308463900E-002   6.7010645676904179E-002 
    1.182534424730381     
 bsup=    0.000000000000000       -2.0244888170709907E-002 
    1.122803673272539     
 b_abs=    1.152148554685987     
 g=  -9.2240178088860165E-003
 j=    0.000000000000000         608.6102913900231      
   -132.2832553094649     
 v_perp_2=    42372355.70693523     
 b_n=   2.2377312297409019E-004  -2.4829926894875252E-002 
    1.123066032916936     
 b_para_n=    1.152148546597386     
 dxdt=    1.954314540257887        -164.1399959665740      
    6884.824540587411     
 dudt=   -2681675.714913932     
 ---------------------
 rk4
 istep=     20000001
 grad_b=  -0.4925588975673696        4.9168703910325157E-003 
  -3.7682051487771678E-003
 bsub=   1.0569050202092544E-002   4.0979121787620761E-002 
    1.022798972994670     
 bsup=    0.000000000000000        0.4044387425872432      
   0.9207911564344280     
 b_abs=   0.9787304179143546     
 g=  -1.6801999918659972E-002
 j=    0.000000000000000         498.9912181396885      
    54.30717966212121     
 v_perp_2=    35994371.24339152     
 b_n=   2.5270041512334928E-005   0.4068946685328602      
   0.9206925044848164     
 b_para_n=   0.9787304257367512     
 dxdt=   0.2556070333030565         3124.206117161770      
    7055.367192764032     
 dudt=    27827.84463574814     
 ---------------------
 rk4
 istep=     21000001
 grad_b=  -7.0457669272153911E-002  -3.4770895496242522E-002 
  -7.9194893291537033E-002
 bsub=   4.0208173181055976E-002  -8.2540325287325383E-003 
   0.9415125435604876     
 bsup=    0.000000000000000        4.1564329392963284E-002 
    1.113438328456237     
 b_abs=    1.023255153688297     
 g=  -1.2360111674056429E-002
 j=    0.000000000000000        -46.57063402545532      
    119.4711471721231     
 v_perp_2=    37631607.75267523     
 b_n=  -1.9948207291360892E-004   4.1941607007915611E-002 
    1.113450166416606     
 b_para_n=    1.023255164161478     
 dxdt=   -1.937087186809427         303.8605557228865      
    8041.885485315548     
 dudt=    1610571.104614891     
 ---------------------
 rk4
 istep=     22000001
 grad_b=  -0.1365694025464763        3.0478995100306817E-002 
   6.9062796075627722E-002
 bsub=  -3.9944854495614010E-002  -1.6056271465234487E-002 
   0.9302807095734917     
 bsup=    0.000000000000000        3.2887313207086155E-003 
    1.109517876678375     
 b_abs=    1.015557912442650     
 g=  -1.2620574159276355E-002
 j=    0.000000000000000        -280.5548462234020      
    131.6622840135132     
 v_perp_2=    37348278.24882469     
 b_n=   1.7545937186323944E-004   4.0288790699987299E-003 
    1.109538198385907     
 b_para_n=    1.015557924436290     
 dxdt=    1.715591702998900         31.23179515361089      
    8095.305544171536     
 dudt=   -1389236.556181827     
 ---------------------
 rk4
 istep=     23000001
 grad_b=  -0.4851242707931220        5.2429468920816569E-003 
  -9.9958126847830980E-003
 bsub=  -1.1527371595271126E-002   3.9412286280766748E-002 
    1.028121705479475     
 bsup=    0.000000000000000        0.3281986407533711      
   0.9201406663261211     
 b_abs=   0.9790286674256378     
 g=  -1.7290649275321167E-002
 j=    0.000000000000000        -114.6088149226532      
    59.42220663165406     
 v_perp_2=    36004651.95590179     
 b_n=   2.7383680317852246E-005   0.3305603875294490      
   0.9200504430771085     
 b_para_n=   0.9790286732452366     
 dxdt=   0.2769083069103440         2537.994692020604      
    7047.675500186689     
 dudt=    140428.4767055223     
 ---------------------
 rk4
 istep=     24000001
 grad_b=   0.6769181642207412       -4.1114422312752030E-002 
  -0.1525397897958931     
 bsub=   1.0770214575397466E-002   7.1419588792714206E-002 
    1.210631956061764     
 bsup=    0.000000000000000       -7.3279380555649531E-002 
    1.124639007729735     
 b_abs=    1.165087343153476     
 g=  -8.9384183208708230E-003
 j=    0.000000000000000         217.1940830331870      
   -69.80498213408302     
 v_perp_2=    42846870.13025519     
 b_n=  -2.3562611811464571E-004  -7.8255749622961279E-002 
    1.124934673561512     
 b_para_n=    1.165087338456786     
 dxdt=   -2.037907493334239        -485.1198449546232      
    6787.276618254797     
 dudt=    2659961.629930084     
 ---------------------
 rk4
 istep=     25000001
 grad_b=  -0.8286444833445666       -6.9668941771644267E-003 
  -2.9916718975624406E-002
 bsub=  -1.3820986115989371E-002  -7.3882013638594243E-002 
   0.9755688669654442     
 bsup=    0.000000000000000       -0.4591876008527639      
   0.9672388120009399     
 b_abs=   0.9889999993358572     
 g=  -1.7008070503381094E-002
 j=    0.000000000000000         681.8462645659745      
   -109.7200045758583     
 v_perp_2=    36370884.37994169     
 b_n=  -4.2340243480706094E-005  -0.4553854482821338      
   0.9675261416523933     
 b_para_n=   0.9889999835202373     
 dxdt=  -0.4241728272463747        -3432.621882288210      
    7313.632923126904     
 dudt=    478517.7828231798     
 ---------------------
 rk4
 istep=     26000001
 grad_b=  -0.6782077719931733        7.5759125751154635E-002 
  -6.3782680978630227E-002
 bsub=  -1.8517209280804775E-002  -2.8094883308273706E-002 
    1.105148365120503     
 bsup=    0.000000000000000       -0.4443287981519682      
   0.9062633046499796     
 b_abs=    1.007097625329088     
 g=  -2.0115770695347455E-002
 j=    0.000000000000000        -852.0939210174610      
    355.4733174535215     
 v_perp_2=    37036205.88078171     
 b_n=   3.1217622009639109E-004  -0.4414686073547900      
   0.9063412831271030     
 b_para_n=    1.007097665471593     
 dxdt=    3.075814969990486        -3250.179059376920      
    6687.387590131533     
 dudt=    1669989.850310595     
 ---------------------
 rk4
 istep=     27000001
 grad_b=   0.6725096867379572       -5.5470526636397358E-002 
  -0.1675267025344354     
 bsub=  -1.1399110628921422E-002   0.1365893574991112      
    1.642660082824498     
 bsup=    0.000000000000000       -0.7195064573510845      
    1.095624000225955     
 b_abs=    1.304692816775219     
 g=  -8.2358547500297787E-003
 j=    0.000000000000000        -141.5861257706518      
   -101.8592406009435     
 v_perp_2=    47980044.00901452     
 b_n=  -3.3880104842634113E-004  -0.7249819266371975      
    1.096076934034216     
 b_para_n=    1.304692807183558     
 dxdt=   -2.664087622381611        -3712.336131313738      
    5590.936485612797     
 dudt=    2024301.623371725     
 ---------------------
 rk4
 istep=     28000001
 grad_b=   -1.301409965720170        4.7797418198028227E-002 
  -0.1557281767337715     
 bsub=   2.4019922068296101E-002  -0.1009908853050644      
    1.274120949754239     
 bsup=    0.000000000000000       -0.8249351114815509      
   0.8679119280032044     
 b_abs=    1.090702631561834     
 g=  -2.0382104590859606E-002
 j=    0.000000000000000         698.1842416795076      
   -472.1303245752613     
 v_perp_2=    40110278.27773578     
 b_n=   1.4073229840200443E-004  -0.8197808302499546      
   0.8683177737389551     
 b_para_n=    1.090702577934420     
 dxdt=    1.290060296514256        -5414.074310686568      
    5749.562297577290     
 dudt=    2943268.924161388     
 ---------------------
 rk4
 istep=     29000001
 grad_b=  -0.6291732950627582        0.1810448277066082      
  -0.1153969781456682     
 bsub=  -4.7006406642664447E-003  -0.1648941771712883      
    1.363762132849362     
 bsup=    0.000000000000000       -0.9020016887111740      
   0.8828779994425819     
 b_abs=    1.163148435134273     
 g=  -1.9462234103408353E-002
 j=    0.000000000000000         34.54614846405337      
   -223.2755335943732     
 v_perp_2=    42774203.71608976     
 b_n=   6.3683103151628809E-004  -0.8996022276148875      
   0.8831702982292590     
 b_para_n=    1.163148413933005     
 dxdt=    5.515850695533000        -5433.888971529593      
    5341.556810537120     
 dudt=    4192106.354149806     
 ---------------------
 Elapsed time (seconds):     153.7682900000000     

real	2m33.778s
user	2m33.500s
sys	0m0.015s
>>> [PID 3881004] DONE  u=7500, v_perp=6000, out=bounce/dat352.dat
