>>> [PID 3878349] START u=6000, v_perp=5000, out=bounce/dat328.dat, dt=5.00E-09, steps=30000000
 outer boundary:   8.3000000000000462E-002
 rk4
 istep=            1
 grad_b=  -0.5028810935506745        4.9306890354414157E-003 
  -7.9806482559854619E-003
 bsub=   8.6927265514538422E-003   4.2252147138365025E-002 
    1.020727821945435     
 bsup=    0.000000000000000        0.5002902436819096      
   0.9181487917053059     
 b_abs=   0.9787595480139160     
 g=  -1.6418846253170818E-002
 j=    0.000000000000000         576.0999332945543      
    59.07721406368026     
 v_perp_2=    24999996.19376808     
 b_n=   2.1430617129970979E-005   0.5023384770528396      
   0.9180638310282386     
 b_para_n=   0.9787595549833528     
 dxdt=   0.1769901763470361         3083.799348052100      
    5627.742010794544     
 dudt=    63423.77131799274     
 ---------------------
 rk4
 istep=      1000001
 grad_b=   0.2356388485716488       -1.2489609482232385E-002 
   0.1155050990615148     
 bsub=  -1.9849469395453567E-002   3.8033807892650984E-002 
    1.041135288113812     
 bsup=    0.000000000000000        0.3600354197188912      
    1.060577704078945     
 b_abs=    1.057372625317816     
 g=  -1.2968974803535298E-002
 j=    0.000000000000000        -538.4740941472497      
   -110.3437104859075     
 v_perp_2=    27007863.86197575     
 b_n=  -7.3178761557870026E-005   0.3589937405050084      
    1.060614353163588     
 b_para_n=    1.057372616038004     
 dxdt=  -0.5637999672595355         1977.184293709264      
    5848.232540645036     
 dudt=   -1425295.053259589     
 ---------------------
 rk4
 istep=      2000001
 grad_b=  -0.2367498236292954        1.3308598615581747E-002 
   5.1364435760330701E-002
 bsub=  -3.7839852797545426E-002  -2.3928944721531335E-002 
   0.9267520176656324     
 bsup=    0.000000000000000       -8.9781187765743176E-002 
    1.081588438117763     
 b_abs=    1.002515598529427     
 g=  -1.3906162203812434E-002
 j=    0.000000000000000        -341.2356234972045      
   -65.55644187082099     
 v_perp_2=    25606575.81587216     
 b_n=   6.0397596330196226E-005  -8.8812809397328774E-002 
    1.081615903508060     
 b_para_n=    1.002515594436995     
 dxdt=   0.4880726303488211        -524.9637900559113      
    6418.701921128392     
 dudt=   -692501.1936631922     
 ---------------------
 rk4
 istep=      3000001
 grad_b=  -0.7152657054984873       -4.3316313803470619E-003 
  -8.1876682696349554E-003
 bsub=  -1.5488298509322689E-002  -8.0091111319246205E-002 
   0.9207400731082487     
 bsup=    0.000000000000000       -0.4238437054769469      
    1.013940855492673     
 b_abs=   0.9837666981623092     
 g=  -1.5231850869410330E-002
 j=    0.000000000000000        -412.7664004285184      
    221.0166098348442     
 v_perp_2=    25127578.88586251     
 b_n=  -1.9739594959977391E-005  -0.4210439326677131      
    1.014184083872832     
 b_para_n=   0.9837667174082706     
 dxdt=  -0.1622691450275539        -2557.425562949961      
    6175.064303941476     
 dudt=    83939.02315157745     
 ---------------------
 rk4
 istep=      4000001
 grad_b=   0.1346417857948439       -0.1412798643998495      
  -0.2041573382640806     
 bsub=   5.4753211266448179E-002   3.2927962815873332E-002 
    1.225520698373788     
 bsup=    0.000000000000000       -0.6348805107239723      
    1.086402131806700     
 b_abs=    1.145549317259899     
 g=  -9.0430992993037335E-003
 j=    0.000000000000000         376.0341778755294      
   -295.6072526185503     
 v_perp_2=    29259761.25116754     
 b_n=  -8.2653131410257005E-004  -0.6357555195298945      
    1.086462550924248     
 b_para_n=    1.145549297512209     
 dxdt=   -5.938531118076519        -3128.649279111679      
    5343.394117322657     
 dudt=    1472722.727435766     
 ---------------------
 rk4
 istep=      5000001
 grad_b=   0.6522595474701507       -5.6381885162355178E-002 
  -0.1599375831495219     
 bsub=  -2.1461636340007612E-003   0.1300503340711534      
    1.588700950236260     
 bsup=    0.000000000000000       -0.6837847276445825      
    1.105001384541328     
 b_abs=    1.291338230139837     
 g=  -7.9814762461798971E-003
 j=    0.000000000000000         328.5740473300322      
   -124.3982253768259     
 v_perp_2=    32983390.64925293     
 b_n=  -2.8613129701989524E-004  -0.6880945353839183      
    1.105353791647705     
 b_para_n=    1.291338223676056     
 dxdt=   -1.863197852808699        -2830.832342996254      
    4531.589731837259     
 dudt=    1366550.561046313     
 ---------------------
 rk4
 istep=      6000001
 grad_b=   0.6587798814992023       -3.9546184102410620E-002 
  -0.1772152974230156     
 bsub=  -4.1594893547369644E-002   0.1673055378094957      
    1.895854637170685     
 bsup=    0.000000000000000       -0.9050160085480564      
    1.075810373511267     
 b_abs=    1.374012694253564     
 g=  -9.0536587944571884E-003
 j=    0.000000000000000        -346.5995966895282      
    163.8893833214809     
 v_perp_2=    35094917.49356801     
 b_n=  -1.4119469673102447E-004  -0.9088837708195471      
    1.076148604809694     
 b_para_n=    1.374012703210533     
 dxdt=  -0.8773051801947805        -3376.448838733094      
    3987.185464292903     
 dudt=    1439372.665150000     
 ---------------------
 rk4
 istep=      7000001
 grad_b=  -0.2907588036744106        7.9414781363045236E-002 
   6.9055872269646990E-002
 bsub=  -0.1040993054973748       -1.9827261037427928E-003 
    1.806787588563114     
 bsup=    0.000000000000000        -1.143696794255475      
    1.007527857341033     
 b_abs=    1.349756811798422     
 g=  -1.4722233193221235E-002
 j=    0.000000000000000        -1480.333630922151      
    880.6723514836390     
 v_perp_2=    34475235.72314835     
 b_n=   2.8850948833179340E-004   -1.142656005561378      
    1.007545666407902     
 b_para_n=    1.349756871042210     
 dxdt=    1.816267419492535        -4357.411328818550      
    3844.500619790907     
 dudt=    201066.5694772460     
 ---------------------
 rk4
 istep=      8000001
 grad_b=  -0.4493753494767351        0.1197686824768714      
  -8.2514569408847271E-002
 bsub=  -1.0257554685602134E-002  -0.2335031798735482      
    1.492337058386638     
 bsup=    0.000000000000000        -1.203388920340945      
   0.8971734181511264     
 b_abs=    1.272712060079637     
 g=  -1.7253077898622952E-002
 j=    0.000000000000000        -420.3903305157108      
   -84.22322091357366     
 v_perp_2=    32507247.58974786     
 b_n=   3.1864697489977295E-004   -1.202047227298224      
   0.8973855395422871     
 b_para_n=    1.272712058887101     
 dxdt=    2.098799129121010        -5038.276025595248      
    3764.217143311949     
 dudt=    2189086.664140497     
 ---------------------
 rk4
 istep=      9000001
 grad_b=  -0.5649684088073048       -7.9938221599620815E-002 
   6.9202702635640947E-002
 bsub=  -1.2397558594487778E-002  -0.2343385701752278      
    1.513878777965566     
 bsup=    0.000000000000000        -1.239067967983246      
   0.8996056592759207     
 b_abs=    1.285445857612419     
 g=  -1.6875114380782610E-002
 j=    0.000000000000000         401.7099062181491      
   -169.9678336893516     
 v_perp_2=    32832352.61889206     
 b_n=  -2.0867880074515097E-004   -1.237366583866314      
   0.8998673009234439     
 b_para_n=    1.285445842772429     
 dxdt=   -1.363722979927719        -5104.717682887391      
    3715.981671450832     
 dudt=   -1602538.731635440     
 ---------------------
 rk4
 istep=     10000001
 grad_b=  -0.8259901724131331       -0.1562519705731965      
   0.1325821930657948     
 bsub=  -1.2259027242423531E-002  -0.1759749429031930      
    1.404340672066584     
 bsup=    0.000000000000000       -0.9617232469111773      
   0.8786815668443664     
 b_abs=    1.184443685691407     
 g=  -1.8944507551896760E-002
 j=    0.000000000000000         250.0730375451073      
   0.1697196341689420     
 v_perp_2=    30252471.06515487     
 b_n=  -4.2802254221396889E-004  -0.9591949363467460      
   0.8789946457733006     
 b_para_n=    1.184443683417139     
 dxdt=   -2.989583872083794        -4484.706808172441      
    4115.788161994886     
 dudt=   -2876302.628641013     
 ---------------------
 rk4
 istep=     11000001
 grad_b=   0.1176338284403849       -0.1760345401131125      
   9.3944199899316017E-002
 bsub=   6.2933406945555229E-002  -0.1689555490005540      
    1.486735726058329     
 bsup=    0.000000000000000        -1.032741743008580      
   0.9293473474705668     
 b_abs=    1.247330889060122     
 g=  -1.8732008388115593E-002
 j=    0.000000000000000         131.8150735828576      
   -176.0584012825945     
 v_perp_2=    31858571.83717107     
 b_n=  -4.7639208461223992E-004   -1.033069177808172      
   0.9293302919114138     
 b_para_n=    1.247330876104682     
 dxdt=   -3.188755131005649        -4471.758951845869      
    4021.976069155840     
 dudt=   -2755197.363641383     
 ---------------------
 rk4
 istep=     12000001
 grad_b=   0.7315925248454297        1.1699290501434974E-002 
   0.1750919314223045     
 bsub=   6.3255348527701649E-002   0.1244793791702888      
    1.768220640738172     
 bsup=    0.000000000000000       -0.8231122952852779      
    1.066145177572232     
 b_abs=    1.334921632069722     
 g=  -9.9420086365060514E-003
 j=    0.000000000000000        -731.1519380510506      
    481.8595535725682     
 v_perp_2=    34095628.42945532     
 b_n=  -3.3948595249478070E-006  -0.8270405326589449      
    1.066421861462909     
 b_para_n=    1.334921661190476     
 dxdt=  -2.1549373366928477E-002   -3223.202108482979      
    4144.346615599075     
 dudt=   -1693699.024838788     
 ---------------------
 rk4
 istep=     13000001
 grad_b=   0.7657227385329805        3.7348867854849421E-002 
   0.1603344019007630     
 bsub=   1.1816563315213462E-002   0.1078701363387626      
    1.464013612786192     
 bsup=    0.000000000000000       -0.4457591248892988      
    1.112862147739771     
 b_abs=    1.257532527512050     
 g=  -8.2046427971025349E-003
 j=    0.000000000000000         434.9072612456704      
   -211.9516322120415     
 v_perp_2=    32118877.04331957     
 b_n=   1.6199089074109499E-004  -0.4506084934269022      
    1.113218136965323     
 b_para_n=    1.257532515744976     
 dxdt=    1.077215018966967        -1937.217259257113      
    4758.228656280223     
 dudt=   -1642931.811204474     
 ---------------------
 rk4
 istep=     14000001
 grad_b=   0.4019261638000143        8.8097540386096046E-002 
   0.1682556717779141     
 bsub=  -3.8140242772015526E-002   6.1954105947051190E-002 
    1.179667485569956     
 bsup=    0.000000000000000       -0.4553854142558709      
    1.136207873079318     
 b_abs=    1.145799182266613     
 g=  -8.2803545752046480E-003
 j=    0.000000000000000         316.7377766934239      
    18.88646447089718     
 v_perp_2=    29264955.11441540     
 b_n=   5.0689664160158149E-004  -0.4579906144687457      
    1.136361084659343     
 b_para_n=    1.145799184630373     
 dxdt=    3.641286015550657        -2257.642668325360      
    5587.330990669518     
 dudt=   -1683583.997882570     
 ---------------------
 rk4
 istep=     15000001
 grad_b=  -0.6262986314129255       -9.6465959590799621E-003 
  -1.2394517250706533E-002
 bsub=   1.3992248208769108E-002  -8.5899155682020015E-002 
   0.8570396830015768     
 bsup=    0.000000000000000       -0.3831070396457890      
    1.090936143629310     
 b_abs=   0.9833346233761466     
 g=  -1.2115996944045349E-002
 j=    0.000000000000000        -635.4141120050760      
    284.1716483174966     
 v_perp_2=    25115345.95430214     
 b_n=  -4.9919789618061259E-005  -0.3802367657939052      
    1.091224667569878     
 b_para_n=   0.9833346476568154     
 dxdt=  -0.4105273107014277        -2310.246758627023      
    6648.250789832528     
 dudt=    127608.9371342493     
 ---------------------
 rk4
 istep=     16000001
 grad_b=  -1.4687159300160291E-002  -3.1149462420399208E-002 
  -8.4683403592980058E-002
 bsub=   3.8900312368837689E-002  -4.4245927265717730E-004 
   0.9543681720555388     
 bsup=    0.000000000000000        7.4076270410113110E-002 
    1.107134682553427     
 b_abs=    1.027564197096820     
 g=  -1.2594688933592472E-002
 j=    0.000000000000000         137.7291945975667      
    66.12858431504378     
 v_perp_2=    26244905.60082028     
 b_n=  -1.3804281915624371E-004   7.4126009408170143E-002 
    1.107140337259735     
 b_para_n=    1.027564201724712     
 dxdt=   -1.091007736381654         425.3837378938788      
    6351.901884879191     
 dudt=    1193867.331268881     
 ---------------------
 rk4
 istep=     17000001
 grad_b=   0.5352652244136299       -4.3250430918348112E-003 
  -0.1402932088062157     
 bsub=   9.4096890689104457E-003   5.1873101008598377E-002 
    1.109111662931507     
 bsup=    0.000000000000000        0.4082449460764481      
    1.081810445016528     
 b_abs=    1.104663202262038     
 g=  -1.1200645139433290E-002
 j=    0.000000000000000         310.0210145117667      
   -290.8572100103602     
 v_perp_2=    28213966.24163876     
 b_n=   1.0871142443942675E-005   0.4056373310315271      
    1.081932291988730     
 b_para_n=    1.104663183354389     
 dxdt=   8.0595261789355027E-002    2096.763964793515      
    5608.357530060953     
 dudt=    1774954.052733864     
 ---------------------
 rk4
 istep=     18000001
 grad_b=   6.6819798784362505E-002   0.1180758569854514      
  -0.1433755898411385     
 bsub=  -1.2920359622934904E-002   1.1683140033315643E-002 
    1.166943651103032     
 bsup=    0.000000000000000        0.2436811686691810      
   0.9383052721149227     
 b_abs=    1.047766677640865     
 g=  -1.6674674211158171E-002
 j=    0.000000000000000        -56.38610011492864      
   -95.76126013316106     
 v_perp_2=    26760672.65248398     
 b_n=   4.6637080065375404E-004   0.2434266073133604      
   0.9383129772870684     
 b_para_n=    1.047766669764385     
 dxdt=    3.622353482540688         1358.903336249640      
    5240.191408522301     
 dudt=    1288988.591655139     
 ---------------------
 rk4
 istep=     19000001
 grad_b=  -0.5540474766041746       -2.7682499022451679E-003 
   1.3522984631373636E-003
 bsub=  -3.0235715771804235E-002  -2.8530120192145625E-002 
   0.9779824196329749     
 bsup=    0.000000000000000       -0.3017018171177817      
   0.9781149088302764     
 b_abs=   0.9822440542069518     
 g=  -1.7671743283820894E-002
 j=    0.000000000000000         141.2520927726978      
   -103.8572780753579     
 v_perp_2=    25087080.18257164     
 b_n=  -9.8131024100371146E-006  -0.2997095329173434      
   0.9781727165479656     
 b_para_n=   0.9822440455839411     
 dxdt=  -8.0781747469075751E-002   -1824.303155607324      
    5968.022667898585     
 dudt=   -28055.01105046393     
 ---------------------
 rk4
 istep=     20000001
 grad_b=  -0.9914621726659523        1.4380721332268729E-002 
  -6.2747279835765363E-002
 bsub=  -9.5584847472569290E-003  -6.6335789031288367E-002 
    1.059912668608011     
 bsup=    0.000000000000000       -0.5694036855654849      
   0.9131329771732092     
 b_abs=    1.002791506541550     
 g=  -1.8908032198485782E-002
 j=    0.000000000000000         1159.144470061972      
   -843.4866752786016     
 v_perp_2=    25611766.42699599     
 b_n=   3.6265594055572060E-005  -0.5659620595841020      
   0.9133486306951243     
 b_para_n=    1.002791431033087     
 dxdt=   0.2929874300888682        -3350.035733787324      
    5418.667804422474     
 dudt=    833933.1827474206     
 ---------------------
 rk4
 istep=     21000001
 grad_b=   -1.286653633355641        3.4791505792294390E-002 
  -0.1462195662333229     
 bsub=   1.8168153130624448E-002  -9.1558244993343335E-002 
    1.225924164805345     
 bsup=    0.000000000000000       -0.7886597416922272      
   0.8693387632730022     
 b_abs=    1.066917418539893     
 g=  -2.0108015133643815E-002
 j=    0.000000000000000        -217.7389900131074      
   -522.3690051609668     
 v_perp_2=    27249458.99604603     
 b_n=   7.7703709301204249E-005  -0.7844785742530489      
   0.8696498463045674     
 b_para_n=    1.066917376911358     
 dxdt=   0.5939129409618601        -4262.409989903318      
    4736.054838903357     
 dudt=    1849888.012318908     
 ---------------------
 rk4
 istep=     22000001
 grad_b=  -0.1621292645440048       -0.1646163579627409      
  -0.3081084880810916     
 bsub=   5.9028191456458545E-002   9.3050743397897276E-003 
    1.546478103127395     
 bsup=    0.000000000000000        -1.345834860215875      
   0.9818953197853747     
 b_abs=    1.227109195638222     
 g=  -1.2664141110763142E-002
 j=    0.000000000000000        -36.33052753541836      
   -233.9987384613348     
 v_perp_2=    31340700.91414452     
 b_n=  -7.5202588140501540E-004   -1.345140099456049      
   0.9819198301834597     
 b_para_n=    1.227109178416241     
 dxdt=   -5.100957702738633        -5968.239270045134      
    4357.917445176328     
 dudt=    842774.4211900840     
 ---------------------
 rk4
 istep=     23000001
 grad_b=   0.4049839153000414       -7.1127010719711045E-002 
  -0.2097445397728659     
 bsub=   1.9008373937455726E-002   0.1746982904040558      
    2.052068497400961     
 bsup=    0.000000000000000        -1.516784538314192      
    1.074925695299698     
 b_abs=    1.392641398810975     
 g=  -7.3956574275545403E-003
 j=    0.000000000000000        -687.5365470749583      
    398.8102523792585     
 v_perp_2=    35568300.74257989     
 b_n=  -4.0207808896251888E-004   -1.519855974370153      
    1.075190915842255     
 b_para_n=    1.392641422680377     
 dxdt=   -2.474154054560845        -5511.427671149125      
    3894.115868873035     
 dudt=    1078131.679516068     
 ---------------------
 rk4
 istep=     24000001
 grad_b=   0.4237608618597580        2.9976373767424250E-002 
   5.9430153889284576E-002
 bsub=  -1.2522292563953742E-002   0.1891404525828262      
    2.162833490841078     
 bsup=    0.000000000000000        -1.559181096115878      
    1.077929761680662     
 b_abs=    1.427560609716601     
 g=  -7.1834116028561545E-003
 j=    0.000000000000000         383.6377954415493      
   -87.09341328966093     
 v_perp_2=    36459989.96669357     
 b_n=   1.8972479345345317E-004   -1.562428288405196      
    1.078214825661852     
 b_para_n=    1.427560606015851     
 dxdt=    1.147443811399162        -5430.163434378629      
    3742.255211556755     
 dudt=   -154959.7315357912     
 ---------------------
 rk4
 istep=     25000001
 grad_b=   0.2933428554223971        0.1187361310589013      
   0.2489832207679276     
 bsub=  -5.5352494388555648E-002   9.3262771178530032E-002 
    1.844576215546317     
 bsup=    0.000000000000000        -1.583569549734934      
    1.047006925571224     
 b_abs=    1.335404318695637     
 g=  -1.0157449309380602E-002
 j=    0.000000000000000         768.2407995114967      
   -239.7841189977279     
 v_perp_2=    34106171.74081105     
 b_n=   5.8643313355719344E-004   -1.585231421462057      
    1.047108538274969     
 b_para_n=    1.335404304525528     
 dxdt=    3.721410868938043        -6160.200102081306      
    4066.604795268747     
 dudt=   -694822.3335124592     
 ---------------------
 rk4
 istep=     26000001
 grad_b=   -1.275974361305754       -5.7020996488237233E-002 
   0.1828660387075025     
 bsub=  -3.9727320886116607E-002  -0.1279415352247822      
    1.382051552399647     
 bsup=    0.000000000000000       -0.9406665007914743      
   0.8686166884403688     
 b_abs=    1.149316687124848     
 g=  -2.0869472803983772E-002
 j=    0.000000000000000         1373.631674274685      
   -535.5371456276125     
 v_perp_2=    29353396.83264714     
 b_n=  -1.1829206387581757E-004  -0.9369171793452840      
   0.8689603337838486     
 b_para_n=    1.149316635846844     
 dxdt=  -0.8475225223312078        -4577.394358427060      
    4254.058542095574     
 dudt=   -2360812.241804563     
 ---------------------
 rk4
 istep=     27000001
 grad_b=   -1.222157641296964       -6.1035795593422731E-002 
   0.1300154764609936     
 bsub=  -1.1457043982032674E-002  -9.0113716644832476E-002 
    1.214711709510111     
 bsup=    0.000000000000000       -0.7517154935684618      
   0.8736334501959516     
 b_abs=    1.062611381563566     
 g=  -2.0131256367647433E-002
 j=    0.000000000000000        -960.5133095303287      
   -29.53294333775776     
 v_perp_2=    27138845.76893167     
 b_n=  -1.6717990677325942E-004  -0.7477437208127633      
   0.8739265234107696     
 b_para_n=    1.062611384997223     
 dxdt=   -1.282379696997987        -4086.050766487020      
    4786.407769237944     
 dudt=   -1916384.455159335     
 ---------------------
 rk4
 istep=     28000001
 grad_b=  -0.9025560377750065       -2.3914813133980556E-002 
   5.1921609289884006E-002
 bsub=   1.5071646115936810E-002  -5.6314822342725272E-002 
    1.053732784805537     
 bsup=    0.000000000000000       -0.5353852347193983      
   0.9169373699023630     
 b_abs=   0.9982523891349070     
 g=  -1.9156603088010871E-002
 j=    0.000000000000000         462.8814039304918      
   -579.9827317778553     
 v_perp_2=    25495026.13596996     
 b_n=  -7.2740520525143602E-005  -0.5322770362555176      
   0.9171044748489454     
 b_para_n=   0.9982523390444024     
 dxdt=  -0.5900800936202477        -3170.520198430216      
    5474.588650547787     
 dudt=   -772806.5727726524     
 ---------------------
 rk4
 istep=     29000001
 grad_b=  -0.5276246112125343       -7.8023958905113461E-002 
   6.3976574718389523E-002
 bsub=   1.8398452882033269E-002  -2.0497330675950387E-004 
    1.100452872360113     
 bsup=    0.000000000000000       -0.2179293992383690      
   0.9112712835380614     
 b_abs=    1.001331106078622     
 g=  -1.9881810445417217E-002
 j=    0.000000000000000         711.7886355742639      
    156.9311382097670     
 v_perp_2=    25573551.53287354     
 b_n=  -2.6815257940125556E-004  -0.2161120508216398      
   0.9112761175334524     
 b_para_n=    1.001331119544298     
 dxdt=   -2.169233863927266        -1280.692691977356      
    5416.726558779669     
 dudt=   -960331.4353715366     
 ---------------------
 Elapsed time (seconds):     153.9238920000000     

real	2m33.934s
user	2m33.683s
sys	0m0.012s
>>> [PID 3878349] DONE  u=6000, v_perp=5000, out=bounce/dat328.dat
