>>> [PID 3885017] START u=9000, v_perp=8000, out=bounce/dat397.dat, dt=5.00E-09, steps=30000000
 outer boundary:   8.3000000000000462E-002
 rk4
 istep=            1
 grad_b=  -0.5028802786247101        4.9299315614506900E-003 
  -7.9790368204988027E-003
 bsub=   8.6929365211316639E-003   4.2252029019116372E-002 
    1.020728281187240     
 bsup=    0.000000000000000        0.5002752782013062      
   0.9181489326825807     
 b_abs=   0.9787594735297669     
 g=  -1.6418921974832794E-002
 j=    0.000000000000000         576.0999769300601      
    59.06604359238891     
 v_perp_2=    63999985.38560984     
 b_n=   3.2140755590517082E-005   0.5033476111480971      
   0.9180214928241507     
 b_para_n=   0.9787594839825110     
 dxdt=   0.4123025777062087         4639.600009192428      
    8441.032931102751     
 dudt=    162330.6170286922     
 ---------------------
 rk4
 istep=      1000001
 grad_b=  -0.3001615406933295       -7.8993336193236563E-004 
   4.0725725536042076E-002
 bsub=  -3.7358761774579967E-002  -2.2797636163940167E-002 
   0.9380392503570509     
 bsup=    0.000000000000000       -0.1313691378516370      
    1.055955922917066     
 b_abs=   0.9971069962889791     
 g=  -1.4882700096384920E-002
 j=    0.000000000000000         297.1304181283675      
   -81.08847302936715     
 v_perp_2=    65199128.94086414     
 b_n=   1.1839890904568085E-006  -0.1296003876670818      
    1.055998946488768     
 b_para_n=   0.9971069865040790     
 dxdt=   1.4940663194817431E-002   -1154.623347059779      
    9460.906954807000     
 dudt=   -1413477.089301224     
 ---------------------
 rk4
 istep=      2000001
 grad_b=   -1.262189400650881       -4.6164134199567775E-003 
  -0.1376843347483726     
 bsub=   1.5103645969266459E-002  -8.2170706471764929E-002 
    1.166298936127026     
 bsup=    0.000000000000000       -0.7562188833851118      
   0.8821464210917489     
 b_abs=    1.044388535373568     
 g=  -1.8934338529117724E-002
 j=    0.000000000000000        -464.0228332344010      
   -454.5941489684385     
 v_perp_2=    68290160.80285414     
 b_n=  -7.4080728507598941E-005  -0.7496971252182855      
   0.8826068194506669     
 b_para_n=    1.044388483430349     
 dxdt=  -0.8977868481889072        -6262.739595474710      
    7403.406216742170     
 dudt=    3692882.982104024     
 ---------------------
 rk4
 istep=      3000001
 grad_b=   0.4099446919366097       -7.3080039603498931E-002 
  -0.2210177236461838     
 bsub=   3.6163071499316177E-002   0.1461838460858371      
    1.972402203213271     
 bsup=    0.000000000000000        -1.608729765987154      
    1.071378145190601     
 b_abs=    1.369678152884738     
 g=  -8.1004289173570859E-003
 j=    0.000000000000000        -1540.732126509512      
    381.0220933888185     
 v_perp_2=    89559391.48005378     
 b_n=  -5.7324363111584467E-004   -1.612915478377385      
    1.071698896910438     
 b_para_n=    1.369678180345683     
 dxdt=   -5.633300034902341        -8786.510139369324      
    5827.378212026380     
 dudt=    2845913.032152876     
 ---------------------
 rk4
 istep=      4000001
 grad_b=   0.4351670642571579        7.1057783333700053E-002 
   0.2143759174885876     
 bsub=  -1.3490582426191189E-002   0.1694892699895070      
    1.986073319009197     
 bsup=    0.000000000000000        -1.368431924831028      
    1.070560839628034     
 b_abs=    1.375920431148174     
 g=  -7.5441191747351337E-003
 j=    0.000000000000000        -1347.190400576526      
    416.7570875551456     
 v_perp_2=    89966735.78086862     
 b_n=   5.6942973092642115E-004   -1.373144136530245      
    1.070966863784283     
 b_para_n=    1.375920462024917     
 dxdt=    5.579636324395304        -7424.238311594974      
    5776.036008103526     
 dudt=   -3142738.314121918     
 ---------------------
 rk4
 istep=      5000001
 grad_b=  -0.9992391630814799        9.3488218469837903E-002 
   0.1661167285127214     
 bsub=  -3.0378991532773830E-002  -8.0012704743888163E-002 
    1.120604379857309     
 bsup=    0.000000000000000       -0.6915592962662620      
   0.9209714277781648     
 b_abs=    1.042995653827717     
 g=  -1.5482981190179440E-002
 j=    0.000000000000000        -831.0165405528296      
    852.2807729671167     
 v_perp_2=    68197365.80905756     
 b_n=   6.4261133197429513E-004  -0.6854916759400239      
   0.9214221858248035     
 b_para_n=    1.042995762019390     
 dxdt=    7.796757144833600        -5737.168409266154      
    7743.877505528832     
 dudt=   -2768912.979174304     
 ---------------------
 rk4
 istep=      6000001
 grad_b=  -0.2222270837278133       -1.1343021468005435E-002 
  -5.1166475349517293E-002
 bsub=   3.8950249601076056E-002  -2.0711213394743008E-002 
   0.9312701327547037     
 bsup=    0.000000000000000       -6.6827602782615847E-002 
    1.082571313319390     
 b_abs=    1.004992572867250     
 g=  -1.3851874014841149E-002
 j=    0.000000000000000        -419.5175660852536      
   -26.55713460705655     
 v_perp_2=    65711907.79203597     
 b_n=  -7.7390832397788097E-005  -6.5462954341816024E-002 
    1.082604897611977     
 b_para_n=    1.004992571007844     
 dxdt=  -0.9698380299326381        -575.0011316235280      
    9592.166387104799     
 dudt=    1777244.205237424     
 ---------------------
 rk4
 istep=      7000001
 grad_b=   0.3653907467184923        0.1091189942248550      
  -0.1737873045763543     
 bsub=  -1.6752544185880902E-002   1.1937669435386947E-002 
    1.203823503654049     
 bsup=    0.000000000000000        0.4040937854501763      
   0.9674778113850084     
 b_abs=    1.081522526706527     
 g=  -1.4275799790543987E-002
 j=    0.000000000000000         374.6100728281565      
    86.87191271450931     
 v_perp_2=    70715219.47999558     
 b_n=   7.2051544206023989E-004   0.4017343731797250      
   0.9675112446708577     
 b_para_n=    1.081522537270138     
 dxdt=    8.474945844729318         3192.549040314408      
    7710.410684400170     
 dudt=    3749550.315155162     
 ---------------------
 rk4
 istep=      8000001
 grad_b=  -0.9663353067297210        2.7927650045642814E-002 
  -6.2682912136115529E-002
 bsub=  -1.2471758047016876E-002  -5.8415229519010459E-002 
    1.072970255445724     
 bsup=    0.000000000000000       -0.5634518006638671      
   0.9132513255307628     
 b_abs=    1.006435401120735     
 g=  -1.9107300617570371E-002
 j=    0.000000000000000         906.3865282801551      
   -569.3084142479588     
 v_perp_2=    65805071.54346120     
 b_n=   1.2653017857490874E-004  -0.5584603591963206      
   0.9135244711179755     
 b_para_n=    1.006435324451885     
 dxdt=    1.583637441995251        -4919.710030899353      
    8078.615885869110     
 dudt=    2370661.862884772     
 ---------------------
 rk4
 istep=      9000001
 grad_b=  -0.9933644205883621        0.1195505163540561      
  -0.1464718935468156     
 bsub=   3.6344798651003235E-002  -0.1873856227236534      
    1.471645498912643     
 bsup=    0.000000000000000        -1.096267282839396      
   0.8868816880590012     
 b_abs=    1.229124675313145     
 g=  -1.8866954424418346E-002
 j=    0.000000000000000         145.0246015331424      
   -127.5047464617543     
 v_perp_2=    80364755.67396018     
 b_n=   4.3815973043197985E-004   -1.091969285705289      
   0.8874181213038458     
 b_para_n=    1.229124660284550     
 dxdt=    4.647691471965036        -7125.005312092396      
    5806.711359698542     
 dudt=    6941046.965478627     
 ---------------------
 rk4
 istep=     10000001
 grad_b=   6.1877371934160041E-003  -9.7112604203493991E-002 
  -9.1156052999004103E-002
 bsub=   8.6928167592772512E-002   9.6244703792982861E-002 
    1.929463179516955     
 bsup=    0.000000000000000        -1.117651925292643      
    1.045446914946118     
 b_abs=    1.381994640612677     
 g=  -1.2437269070853438E-002
 j=    0.000000000000000        -1089.814006992658      
   -204.2249657651910     
 v_perp_2=    90359191.93805848     
 b_n=  -5.8143787471359536E-004   -1.117716665980244      
    1.045476321671560     
 b_para_n=    1.381994615226653     
 dxdt=   -5.681430307200987        -5978.671710474313      
    5592.120386774090     
 dudt=   -313179.7796828035     
 ---------------------
 rk4
 istep=     11000001
 grad_b=   0.7261014539571892        4.8414737877995648E-002 
   0.1624941763776576     
 bsub=   1.2707841206204296E-002   0.1251392687868895      
    1.581770651085765     
 bsup=    0.000000000000000       -0.6438563299948485      
    1.100000720382799     
 b_abs=    1.288441470455828     
 g=  -8.3242671503462960E-003
 j=    0.000000000000000         281.4667625409003      
   -213.7290070830068     
 v_perp_2=    84241632.53206888     
 b_n=   3.3191005722508609E-004  -0.6506215499772502      
    1.100533258228702     
 b_para_n=    1.288441451761741     
 dxdt=    3.400005106959938        -3964.479531512573      
    6660.198887616373     
 dudt=   -3744282.474761958     
 ---------------------
 rk4
 istep=     12000001
 grad_b=  -0.6775862107801431        7.4163584372045344E-002 
   8.0616166502676528E-002
 bsub=  -3.8454262229694558E-002  -7.5574034442618121E-002 
   0.8759508535445935     
 bsup=    0.000000000000000       -0.5285444536557415      
    1.109151196882022     
 b_abs=    1.006457402223459     
 g=  -1.0045666156784731E-002
 j=    0.000000000000000         831.9200635711836      
   -192.8234827503405     
 v_perp_2=    65804235.55980670     
 b_n=   6.5009899336646612E-004  -0.5231424402801795      
    1.109645772665984     
 b_para_n=    1.006457375454352     
 dxdt=    8.136361870087757        -4605.835786209189      
    9813.419586405171     
 dudt=   -1631100.997239487     
 ---------------------
 rk4
 istep=     13000001
 grad_b=   0.5116665128366366       -3.2589475558431336E-002 
  -0.1376290809301847     
 bsub=   2.1437190503110694E-002   5.2198601888694025E-002 
    1.107036145705649     
 bsup=    0.000000000000000        0.1181050589308803      
    1.113997298231874     
 b_abs=    1.113091096187764     
 g=  -1.0323138637241479E-002
 j=    0.000000000000000         284.9525600509917      
    67.49434272528475     
 v_perp_2=    72775542.59929948     
 b_n=  -2.0084835102171831E-004   0.1141471364821142      
    1.114187818330162     
 b_para_n=    1.113091104266811     
 dxdt=   -2.306082947516939         856.2932523824945      
    8507.603661211157     
 dudt=    4615926.265190901     
 ---------------------
 rk4
 istep=     14000001
 grad_b=   0.7240352424605485        5.4008113335719657E-002 
  -0.1567860027264224     
 bsub=  -8.6306848398706323E-002   2.9563333336851412E-002 
    1.636968407539835     
 bsup=    0.000000000000000       -0.7620414940459785      
    1.020597891715688     
 b_abs=    1.283694803011407     
 g=  -1.2638784550407796E-002
 j=    0.000000000000000        -341.0879406646622      
    337.1049115462924     
 v_perp_2=    83929122.01622233     
 b_n=   3.6523822765464881E-004  -0.7666408851041820      
    1.020700238986051     
 b_para_n=    1.283694836786443     
 dxdt=    3.751326110962137        -4686.341629618772      
    6214.174128001828     
 dudt=    5123048.515076400     
 ---------------------
 rk4
 istep=     15000001
 grad_b=  -0.8440707913562396        0.1532298395208471      
  -0.1320264894803136     
 bsub=   1.0415314478588244E-002  -0.1647414129233376      
    1.389849270897325     
 bsup=    0.000000000000000       -0.9323596779830307      
   0.8800733373771564     
 b_abs=    1.173238870818253     
 g=  -1.9047959059997253E-002
 j=    0.000000000000000         129.3397252879370      
    34.37424110677648     
 v_perp_2=    76706737.18804981     
 b_n=   6.3050507164432433E-004  -0.9284959853089442      
   0.8805265848952067     
 b_para_n=    1.173238872907230     
 dxdt=    6.935241134902962        -6524.787967756971      
    6203.981410362598     
 dudt=    7218243.760594355     
 ---------------------
 rk4
 istep=     16000001
 grad_b=  -0.7579552912044988       -0.1459343547523374      
   0.1307515303138851     
 bsub=  -1.3490184325570738E-002  -0.1969235423514997      
    1.460704768179474     
 bsup=    0.000000000000000        -1.079884689965585      
   0.8889541197212516     
 b_abs=    1.229140341530147     
 g=  -1.7946474229072130E-002
 j=    0.000000000000000         121.5945635716834      
   -164.4745442944221     
 v_perp_2=    80360881.79921046     
 b_n=  -5.8140070295366157E-004   -1.076455615206066      
   0.8894110221989296     
 b_para_n=    1.229140323047110     
 dxdt=   -6.166908294248062        -7027.187749089544      
    5819.523376972151     
 dudt=   -7282503.777036604     
 ---------------------
 rk4
 istep=     17000001
 grad_b=   0.4883615895760267       -0.1306387929662447      
   0.1270831009374516     
 bsub=   8.2994764312922922E-002  -7.8998121208911087E-002 
    1.555446745614520     
 bsup=    0.000000000000000       -0.8593564852921034      
   0.9706205404643784     
 b_abs=    1.255977501099860     
 g=  -1.6231909361838381E-002
 j=    0.000000000000000         5.424783915146406      
   -451.3862408665298     
 v_perp_2=    82114766.95535418     
 b_n=  -6.2583511593858386E-004  -0.8617834396753521      
   0.9705306356751392     
 b_para_n=    1.255977454671284     
 dxdt=   -6.531251025989604        -5451.153713071762      
    6127.389477059641     
 dudt=   -6132357.859511623     
 ---------------------
 rk4
 istep=     18000001
 grad_b=   0.7247952876537398        2.0105568162227604E-002 
   0.1510548730797052     
 bsub=  -2.5804319413771371E-003   6.5738309778061083E-002 
    1.204470211952460     
 bsup=    0.000000000000000        0.1198535117838431      
    1.108032715018513     
 b_abs=    1.158887874763755     
 g=  -9.4021663864724738E-003
 j=    0.000000000000000        -50.77764562990944      
   -42.77535338960568     
 v_perp_2=    75766464.96999003     
 b_n=   9.8484687324381032E-005   0.1138327764201750      
    1.108361525077376     
 b_para_n=    1.158887870295531     
 dxdt=    1.094021079992328         793.6515793503942      
    7959.188142688167     
 dudt=   -4789137.421840343     
 ---------------------
 rk4
 istep=     19000001
 grad_b=  -0.6334234680279467        1.1978014149134533E-002 
   1.4301914069867111E-002
 bsub=  -1.1104786630486582E-002  -8.7556815564321072E-002 
   0.8356044178595954     
 bsup=    0.000000000000000       -0.3296572310096450      
    1.127221170493967     
 b_abs=   0.9849936182269716     
 g=  -1.0794950850813344E-002
 j=    0.000000000000000        -71.08097056812127      
    179.0656984498884     
 v_perp_2=    64396936.48650689     
 b_n=   1.0098711182734881E-004  -0.3249120973185664      
    1.127719742428037     
 b_para_n=   0.9849936371864682     
 dxdt=    1.288165547900018        -2944.198825496903      
    10280.64167631788     
 dudt=   -403978.2153716569     
 ---------------------
 rk4
 istep=     20000001
 grad_b=   0.7510950408639423       -5.4498033846021532E-002 
  -0.1634729888301246     
 bsub=   1.8913779482439622E-003   0.1050555449965971      
    1.436138258772209     
 bsup=    0.000000000000000       -0.4916247476590465      
    1.120128718694458     
 b_abs=    1.247583330685987     
 g=  -8.0810112660497906E-003
 j=    0.000000000000000         52.97572344970513      
   -129.6885490035727     
 v_perp_2=    81563870.00267059     
 b_n=  -4.0471671394100522E-004  -0.4987725949088839      
    1.120652116279313     
 b_para_n=    1.247583318530894     
 dxdt=   -4.244797002402327        -3213.543949412923      
    7156.488536420289     
 dudt=    4095811.947895227     
 ---------------------
 rk4
 istep=     21000001
 grad_b=   0.4125501573446482        3.6674211500238516E-002 
  -3.7129592839658207E-002
 bsub=  -6.8634194144634023E-002   0.1524118376655305      
    1.992279683660734     
 bsup=    0.000000000000000        -1.046933462830656      
    1.066711292385313     
 b_abs=    1.401985873963203     
 g=  -1.0366660223216875E-002
 j=    0.000000000000000         2.752343804121978      
   -100.1529467024569     
 v_perp_2=    91657492.78498115     
 b_n=   2.9519953260680794E-004   -1.050005916900549      
    1.066956501690304     
 b_para_n=    1.401985864236722     
 dxdt=    2.859047773861207        -5483.719779153104      
    5559.369457166365     
 dudt=    1818683.628355721     
 ---------------------
 rk4
 istep=     22000001
 grad_b=  -0.8414938433336098       -9.3935172554243315E-002 
   0.1138568655123695     
 bsub=  -4.3052349789886868E-002  -0.2112819213545203      
    1.511768794711775     
 bsup=    0.000000000000000        -1.208137120656729      
   0.8969993631280103     
 b_abs=    1.269416010617195     
 g=  -1.8422781272069838E-002
 j=    0.000000000000000         3.026239634171645      
   -156.4858198635630     
 v_perp_2=    82989778.71405971     
 b_n=  -3.2731926993400913E-004   -1.204620507305011      
   0.8974815040609083     
 b_para_n=    1.269415995377982     
 dxdt=   -3.389197235853510        -7458.108928261151      
    5569.411132184501     
 dudt=   -5552206.123926178     
 ---------------------
 rk4
 istep=     23000001
 grad_b=   -1.151836719581677       -4.9889693843422032E-002 
   0.1053141972651771     
 bsub=  -9.4597515342013071E-004  -7.4333747774510475E-002 
    1.154267822581289     
 bsup=    0.000000000000000       -0.6850302008923619      
   0.8889806271806088     
 b_abs=    1.037720569842000     
 g=  -1.9577813183648766E-002
 j=    0.000000000000000         186.8462475617710      
   -102.9942565501428     
 v_perp_2=    67841794.77373347     
 b_n=  -2.1688148342948729E-004  -0.6792355274224533      
   0.8893536080853663     
 b_para_n=    1.037720555604204     
 dxdt=   -2.642911790083153        -5727.949046679698      
    7529.483347972265     
 dudt=   -4025585.518527003     
 ---------------------
 rk4
 istep=     24000001
 grad_b=  -0.3757557158830880       -7.8810707021022303E-002 
   7.2230706221686092E-002
 bsub=   1.3023362734436193E-002   2.1304427118380365E-002 
    1.093229629403054     
 bsup=    0.000000000000000        7.5865832625722218E-002 
   0.9153002504521565     
 b_abs=    1.001066638302518     
 g=  -1.8930059185963823E-002
 j=    0.000000000000000         74.77434006143733      
    226.6883734448266     
 v_perp_2=    65444931.57320603     
 b_n=  -4.3135744807769560E-004   7.7891017357635331E-002 
   0.9152659498255045     
 b_para_n=    1.001066667486034     
 dxdt=   -5.424165113057279         701.4199579836534      
    8154.766534992313     
 dudt=   -1963528.061857237     
 ---------------------
 rk4
 istep=     25000001
 grad_b=   5.1388513805954994E-002   1.1644861658992492E-002 
   8.6152270620677804E-002
 bsub=  -3.6079846912955793E-002   1.1098091861074936E-002 
   0.9763977758736304     
 bsup=    0.000000000000000        0.1399180061306201      
    1.088008226625907     
 b_abs=    1.031356322632772     
 g=  -1.3215799550820187E-002
 j=    0.000000000000000         466.1240121853261      
   -63.46040881430443     
 v_perp_2=    67424520.12899864     
 b_n=   6.8259134366740958E-005   0.1395688019688506      
    1.088014711588736     
 b_para_n=    1.031356316450911     
 dxdt=   0.8362509259332105         1190.609417658016      
    9291.576277524158     
 dudt=   -3022399.031800429     
 ---------------------
 rk4
 istep=     26000001
 grad_b=   -1.016874663853852       -2.8158262137194565E-002 
  -7.4635429094304595E-002
 bsub=   4.0306993027927982E-003  -8.5049785101883796E-002 
    1.025508588193994     
 bsup=    0.000000000000000       -0.5410892020997768      
   0.9361075147330786     
 b_abs=    1.002940058154692     
 g=  -1.6762566340080835E-002
 j=    0.000000000000000         503.3187612184418      
    386.1169924654191     
 v_perp_2=    65566215.38418983     
 b_n=  -1.9478277251618346E-004  -0.5353242668403524      
   0.9365864311254128     
 b_para_n=    1.002940099291387     
 dxdt=   -2.445296153344341        -4735.982144389805      
    8324.671931256249     
 dudt=    1780482.057366637     
 ---------------------
 rk4
 istep=     27000001
 grad_b=   0.4655496769909387       -7.0715966624710747E-002 
  -0.2001619966938571     
 bsub=   2.3336526353435492E-002   0.1461888477546874      
    1.824803371927211     
 bsup=    0.000000000000000        -1.260685028467685      
    1.075947551059337     
 b_abs=    1.334186062773064     
 g=  -7.7732305352309523E-003
 j=    0.000000000000000        -1235.498928470409      
    141.4543076793350     
 v_perp_2=    87220407.53062499     
 b_n=  -5.7345374144339401E-004   -1.265594344377337      
    1.076348183517135     
 b_para_n=    1.334186067124366     
 dxdt=   -5.733099854660501        -7231.610170544110      
    6134.025925472498     
 dudt=    3092156.275764243     
 ---------------------
 rk4
 istep=     28000001
 grad_b=   0.4163916753276365        6.1936097504419176E-002 
   0.1680797102201088     
 bsub=  -2.4424533557906931E-002   0.1728605327390937      
    2.100583124007402     
 bsup=    0.000000000000000        -1.588756612915386      
    1.074449065540228     
 b_abs=    1.407756161639799     
 g=  -7.5868935894859929E-003
 j=    0.000000000000000        -1645.656992719378      
    300.0448878652429     
 v_perp_2=    92029102.02953430     
 b_n=   5.1170788098573903E-004   -1.593206844900398      
    1.074821243718792     
 b_para_n=    1.407756178335135     
 dxdt=    4.943642403641133        -8256.878068643115      
    5558.505943632444     
 dudt=   -1908392.204699675     
 ---------------------
 rk4
 istep=     29000001
 grad_b=   -1.249443271785857        4.6853091849493628E-002 
   0.2036360705887107     
 bsub=  -3.3275370555659226E-002  -8.3257462746393812E-002 
    1.265770046797528     
 bsup=    0.000000000000000       -0.9017192004519031      
   0.8775573892889657     
 b_abs=    1.089005089879186     
 g=  -1.8817185395553399E-002
 j=    0.000000000000000         880.6564914103773      
   -261.6304529630944     
 v_perp_2=    71190839.74397255     
 b_n=   3.0713606020463772E-004  -0.8953768546094242      
   0.8779826053383336     
 b_para_n=    1.089005051357592     
 dxdt=    3.591539010726923        -7039.551756867029      
    6928.074987208171     
 dudt=   -4095608.727328132     
 ---------------------
 Elapsed time (seconds):     153.8365860000000     

real	2m33.847s
user	2m33.589s
sys	0m0.016s
>>> [PID 3885017] DONE  u=9000, v_perp=8000, out=bounce/dat397.dat
