>>> [PID 3882187] START u=5000, v_perp=7000, out=bounce/dat368.dat, dt=5.00E-09, steps=30000000
 outer boundary:   8.3000000000000462E-002
 rk4
 istep=            1
 grad_b=  -0.5028813507766571        4.9309462904246412E-003 
  -7.9811903156131181E-003
 bsub=   8.6926572042642439E-003   4.2252186248113326E-002 
    1.020727668588455     
 bsup=    0.000000000000000        0.5002952122280427      
   0.9181487459449743     
 b_abs=   0.9787595728454241     
 g=  -1.6418821031576037E-002
 j=    0.000000000000000         576.0999557609823      
    59.08100141081080     
 v_perp_2=    48999993.78293442     
 b_n=   1.7859823368130522E-005   0.5020020766306621      
   0.9180779451629216     
 b_para_n=   0.9787595786535545     
 dxdt=   0.1806493192228058         2573.026303014960      
    4689.653571179297     
 dudt=    124319.3865715631     
 ---------------------
 rk4
 istep=      1000001
 grad_b=   0.5474649929762684       -8.1883230639924670E-002 
  -0.1751577667280013     
 bsub=   3.5026067598207596E-002   0.1058355043210107      
    1.540296567410079     
 bsup=    0.000000000000000       -0.8893095447027404      
    1.099097573459353     
 b_abs=    1.264172353575454     
 g=  -7.9618030054777085E-003
 j=    0.000000000000000         792.4997715139984      
   -97.94090817636680     
 v_perp_2=    63288604.72617461     
 b_n=  -2.8950322866567454E-004  -0.8915951396304370      
    1.099261201021129     
 b_para_n=    1.264172351772087     
 dxdt=   -2.963714314396336        -2325.739610935464      
    2847.138391989140     
 dudt=    2370079.388399650     
 ---------------------
 rk4
 istep=      2000001
 grad_b=   -1.225996121764868       -2.8588726106753559E-002 
   0.1160238509193728     
 bsub=  -6.7666889094947658E-003  -7.8119333600217819E-002 
    1.156828224782974     
 bsup=    0.000000000000000       -0.7129163053809878      
   0.8863667937120580     
 b_abs=    1.039623774093715     
 g=  -1.9359570869736328E-002
 j=    0.000000000000000        -270.3568480106065      
   -418.5935792766809     
 v_perp_2=    52046877.58439149     
 b_n=  -5.6242183833188927E-005  -0.7095957415042877      
   0.8865906750274070     
 b_para_n=    1.039623747700258     
 dxdt=  -0.5539445852634532        -3180.293151864603      
    3996.916847171314     
 dudt=   -2966853.237246078     
 ---------------------
 rk4
 istep=      3000001
 grad_b=   -1.102951731026409        1.8179390989912367E-002 
  -8.3597085346290581E-002
 bsub=  -3.5661569907781115E-003  -6.9463415605645396E-002 
    1.095800004522921     
 bsup=    0.000000000000000       -0.6242677251677404      
   0.9043193914828976     
 b_abs=    1.016874698932470     
 g=  -1.8930088747598831E-002
 j=    0.000000000000000         938.5384480101964      
   -710.7021189226901     
 v_perp_2=    50907875.58341130     
 b_n=   3.6248672010970961E-005  -0.6211628517400440      
   0.9045162813788618     
 b_para_n=    1.016874647369698     
 dxdt=   0.3601199694939426        -2919.245254970378      
    4275.482448281852     
 dudt=    2140311.361607918     
 ---------------------
 rk4
 istep=      4000001
 grad_b=   0.6328706240905724        6.3559105664453053E-002 
   0.1602680924821897     
 bsub=  -1.4027258704824335E-002   0.1188965133324921      
    1.547103915978728     
 bsup=    0.000000000000000       -0.7431613751069661      
    1.108777297858560     
 b_abs=    1.275940066926078     
 g=  -7.7912061474262329E-003
 j=    0.000000000000000         111.1837349651295      
    82.15042567270967     
 v_perp_2=    63877372.52449525     
 b_n=   2.0803012641127809E-004  -0.7457365553742026      
    1.108977092225211     
 b_para_n=    1.275940070530995     
 dxdt=    2.155419174403935        -1879.784371125935      
    2766.850682622635     
 dudt=   -2559507.774269722     
 ---------------------
 rk4
 istep=      5000001
 grad_b=   0.4907940534283498        0.1192387175628025      
  -0.1210882600712743     
 bsub=  -8.9564812800085353E-002  -7.4201799807599583E-002 
    1.593274400323105     
 bsup=    0.000000000000000       -0.9319511606470671      
   0.9768904831774169     
 b_abs=    1.274936609819044     
 g=  -1.5862508885880599E-002
 j=    0.000000000000000         296.3533612514596      
    4.321727513682063     
 v_perp_2=    63827042.53074935     
 b_n=   2.3422735714567856E-004  -0.9329490701253411      
   0.9768571752634254     
 b_para_n=    1.274936609429414     
 dxdt=    2.424201658586141        -2341.789332470608      
    2443.541031360835     
 dudt=    4504220.361039223     
 ---------------------
 rk4
 istep=      6000001
 grad_b=  -2.0898716396021630E-002  -0.1325039093705862      
  -0.2234534469823369     
 bsub=   7.1152257906657884E-002   7.2717914794878255E-002 
    1.852166423314250     
 bsup=    0.000000000000000        -1.320630722874961      
    1.030143182436830     
 b_abs=    1.346113150292975     
 g=  -1.2585784258145227E-002
 j=    0.000000000000000         1127.107090993146      
   -391.3969914851969     
 v_perp_2=    67390209.19740650     
 b_n=  -2.7027448361851414E-004   -1.320603794897368      
    1.030152499282875     
 b_para_n=    1.346113138299950     
 dxdt=   -3.147658198425069        -2521.968958243868      
    1967.586610132347     
 dudt=    1026467.909462376     
 ---------------------
 rk4
 istep=      7000001
 grad_b=  -1.9363931368397591E-002  -3.9201140038271409E-002 
  -8.5732724750428285E-002
 bsub=   4.0963244198674302E-002  -3.3463990880199523E-003 
   0.9497135759298885     
 bsup=    0.000000000000000        5.8248980868195854E-002 
    1.119229484438468     
 b_abs=    1.030570028421908     
 g=  -1.1991657695305979E-002
 j=    0.000000000000000         173.2541877884224      
    41.70338172042857     
 v_perp_2=    51593147.05663712     
 b_n=  -1.4587397914444725E-004   5.8306841662917074E-002 
    1.119235982664310     
 b_para_n=    1.030570030708566     
 dxdt=   -1.441412580779187         268.1193998042334      
    5140.880263864230     
 dudt=    2386094.048588755     
 ---------------------
 rk4
 istep=      8000001
 grad_b=  -0.5310579424057362        5.2934838443549827E-002 
  -4.6734921230208781E-002
 bsub=   6.5546934641024408E-003  -0.2327390969383975      
    1.526379336698376     
 bsup=    0.000000000000000        -1.265009202583293      
   0.9041879007313843     
 b_abs=    1.294103472416721     
 g=  -1.6590693235595966E-002
 j=    0.000000000000000         687.0299094022726      
   -121.3041283449288     
 v_perp_2=    64786228.60558485     
 b_n=   7.9914199815632608E-005   -1.264083092181933      
   0.9043287619446910     
 b_para_n=    1.294103464194765     
 dxdt=   0.8464509242678195        -2957.367458090848      
    2122.334483991271     
 dudt=    2112604.159958121     
 ---------------------
 rk4
 istep=      9000001
 grad_b=   0.2251924710176185        4.3145431554157898E-002 
   0.1099325860428873     
 bsub=  -3.6294370347604986E-002   2.6311893141777079E-002 
    1.013813988160484     
 bsup=    0.000000000000000        8.5243391427563098E-002 
    1.121454573309286     
 b_abs=    1.067716766297561     
 g=  -1.1168717230927626E-002
 j=    0.000000000000000        -168.9278140381963      
    196.1517469869268     
 v_perp_2=    53452610.57262009     
 b_n=   1.5213872428108881E-004   8.4378223176330980E-002 
    1.121482484587796     
 b_para_n=    1.067716776460183     
 dxdt=    1.486018801139686         353.4448298350848      
    4761.335755469736     
 dudt=   -2976462.112461971     
 ---------------------
 rk4
 istep=     10000001
 grad_b=   6.7390596756055077E-002   0.1227241830731415      
   0.2051581742253278     
 bsub=  -6.9295717745444282E-002   9.1538877449896611E-002 
    1.897630025194689     
 bsup=    0.000000000000000        -1.330668119251973      
    1.041138262931718     
 b_abs=    1.361423089863326     
 g=  -1.1893027366149361E-002
 j=    0.000000000000000         783.7071615563391      
   -354.4545080783578     
 v_perp_2=    68156180.86839126     
 b_n=   2.4563670542361723E-004   -1.330831127076353      
    1.041155088708109     
 b_para_n=    1.361423079560438     
 dxdt=    2.979634245641738        -2364.766982069797      
    1848.892440195840     
 dudt=   -924688.1325904906     
 ---------------------
 rk4
 istep=     11000001
 grad_b=   0.4072527283149371       -0.1482533679228572      
   0.1207158374837816     
 bsub=   7.7343608400129882E-002  -0.1025422687806102      
    1.528688291746576     
 bsup=    0.000000000000000       -0.8799821213197125      
   0.9587984394156339     
 b_abs=    1.247277533649039     
 g=  -1.7084314343657859E-002
 j=    0.000000000000000        -95.71722636995443      
   -708.1391029597718     
 v_perp_2=    62441647.35750876     
 b_n=  -2.8671539779662148E-004  -0.8808027428835263      
   0.9587578744208384     
 b_para_n=    1.247277502830650     
 dxdt=   -2.892487716494998        -2406.883672889544      
    2613.028941605686     
 dudt=   -4940938.004553602     
 ---------------------
 rk4
 istep=     12000001
 grad_b=   0.6602808855241803       -6.7151968636473172E-002 
  -0.1695502308122120     
 bsub=   1.6721594365824557E-002   0.1054043120011735      
    1.445401701872979     
 bsup=    0.000000000000000       -0.6001146169362572      
    1.121087625832031     
 b_abs=    1.247303868946730     
 g=  -7.8192135416688385E-003
 j=    0.000000000000000        -531.4304758761605      
    416.3965074990030     
 v_perp_2=    62442873.62347496     
 b_n=  -2.3151835043274297E-004  -0.6029130970457798      
    1.121294393808248     
 b_para_n=    1.247303884627094     
 dxdt=   -2.335688518148055        -1663.869270444340      
    3057.655726760602     
 dudt=    3005855.242307066     
 ---------------------
 rk4
 istep=     13000001
 grad_b=   -1.240554301429304       -5.3745470857849170E-002 
   0.1283119631106943     
 bsub=  -1.0702271641859190E-002  -8.5670447739653377E-002 
    1.205504017506984     
 bsup=    0.000000000000000       -0.7486680254881548      
   0.8798766046014143     
 b_abs=    1.060638906425394     
 g=  -1.9789020027218308E-002
 j=    0.000000000000000        -899.2588343293139      
   -73.04259949662224     
 v_perp_2=    53097905.91632599     
 b_n=  -1.1558373970903886E-004  -0.7454579851039054      
   0.8801037029439609     
 b_para_n=    1.060638905836982     
 dxdt=   -1.131043564354424        -3195.719167137308      
    3794.927740907974     
 dudt=   -3614005.701753031     
 ---------------------
 rk4
 istep=     14000001
 grad_b=   -1.030370200425428        3.4104220219865027E-003 
  -6.7220058263124827E-002
 bsub=  -6.6900942441009484E-003  -6.9865304650378768E-002 
    1.056600848325525     
 bsup=    0.000000000000000       -0.5683070914834277      
   0.9202544590435455     
 b_abs=    1.005957774012906     
 g=  -1.8391251006551236E-002
 j=    0.000000000000000         1143.291839420194      
   -765.2526155486245     
 v_perp_2=    50360339.82598439     
 b_n=  -2.9869277422153617E-006  -0.5653303545185959      
   0.9204512165993944     
 b_para_n=    1.005957717895580     
 dxdt=  -2.9814050440763951E-002   -2717.068589368056      
    4449.800725212499     
 dudt=    1587468.215658404     
 ---------------------
 rk4
 istep=     15000001
 grad_b=   0.5318984095155864        7.2910732093211916E-002 
   0.1749105309546982     
 bsub=  -3.2701838281213910E-002   0.1172729499679807      
    1.626798147012497     
 bsup=    0.000000000000000        -1.030611845160972      
    1.090674044663857     
 b_abs=    1.286311510357946     
 g=  -7.9624674901940164E-003
 j=    0.000000000000000         1134.032095476824      
   -250.2797921429633     
 v_perp_2=    64395319.23344523     
 b_n=   2.4141345042322850E-004   -1.032755300232249      
    1.090833410028021     
 b_para_n=    1.286311503606996     
 dxdt=    2.531477533136759        -2505.555167624883      
    2629.458979012477     
 dudt=   -2250056.676159315     
 ---------------------
 rk4
 istep=     16000001
 grad_b=  -0.4805510524613655        2.5227938427559719E-002 
  -2.9286893829448157E-002
 bsub=  -7.2335366784526817E-003   4.1323592065823325E-002 
    1.032697311906010     
 bsup=    0.000000000000000        0.4612604345030874      
   0.9140799879554968     
 b_abs=   0.9812943381862085     
 g=  -1.6997065382151934E-002
 j=    0.000000000000000         79.17702161415764      
   -186.8874521069808     
 v_perp_2=    49125465.10678801     
 b_n=   8.6911257204649921E-005   0.4628431423549716      
   0.9140172520754034     
 b_para_n=   0.9812943252676904     
 dxdt=   0.8779176954596437         2360.347928591614      
    4645.186549797208     
 dudt=    386037.5253101767     
 ---------------------
 rk4
 istep=     17000001
 grad_b=   0.4068856010243432       -7.7272767682581345E-002 
  -0.2242895904900539     
 bsub=   4.2179998992274238E-002   0.1316785813229582      
    1.923995646240555     
 bsup=    0.000000000000000        -1.627588079594914      
    1.068832915231676     
 b_abs=    1.356969879481245     
 g=  -8.4589083995019691E-003
 j=    0.000000000000000        -898.2065949401118      
    124.4403481932054     
 v_perp_2=    67932380.35165946     
 b_n=  -1.9710714888586641E-004   -1.628898924356868      
    1.068926952372236     
 b_para_n=    1.356969881611795     
 dxdt=   -2.360751072616122        -2970.196170721777      
    1941.336462250995     
 dudt=    2102125.612218477     
 ---------------------
 rk4
 istep=     18000001
 grad_b=  -0.1536285157388151       -2.3890860788231515E-002 
  -6.3362575641886812E-002
 bsub=   4.0114981909131583E-002  -1.6422549341632044E-002 
   0.9316725948733519     
 bsup=    0.000000000000000       -5.7231408418358942E-003 
    1.102502243563497     
 b_abs=    1.013319496663642     
 g=  -1.2970721412372861E-002
 j=    0.000000000000000        -437.7498668513863      
    97.24231877898987     
 v_perp_2=    50728529.51969766     
 b_n=  -8.8285491977226955E-005  -5.1904410360603991E-003 
    1.102515441311124     
 b_para_n=    1.013319502703218     
 dxdt=  -0.8783889899566807        -21.94563037345898      
    5248.749620303951     
 dudt=    1722231.875167847     
 ---------------------
 rk4
 istep=     19000001
 grad_b=  -0.6543658848906462        0.1006092317476386      
  -9.4825404975233063E-002
 bsub=   1.8521458015656019E-002  -0.2214945784308947      
    1.512449297505461     
 bsup=    0.000000000000000        -1.217035092534294      
   0.8997079968461759     
 b_abs=    1.276865331332536     
 g=  -1.7104609222569352E-002
 j=    0.000000000000000         225.7753351153733      
   -292.7335241569733     
 v_perp_2=    63921970.52675603     
 b_n=   1.5620408445001600E-004   -1.215858533560150      
   0.8998783775666215     
 b_para_n=    1.276865318719116     
 dxdt=    1.619991289134013        -3013.637014890674      
    2238.655411000754     
 dudt=    4072799.978492152     
 ---------------------
 rk4
 istep=     20000001
 grad_b=   0.3477876715423669        6.3937364507949582E-002 
   0.1344894119288579     
 bsub=  -3.4918470123265051E-002   4.3778481221088739E-002 
    1.074814820292568     
 bsup=    0.000000000000000       -0.1083253477199280      
    1.133646227705174     
 b_abs=    1.101315862497241     
 g=  -9.7418116959544290E-003
 j=    0.000000000000000        -465.6572441661213      
    335.0926602956380     
 v_perp_2=    55133568.54883624     
 b_n=   2.4163851669098079E-004  -0.1097809907729283      
    1.133713384488896     
 b_para_n=    1.101315878493598     
 dxdt=    2.345510973449862        -441.3606506946627      
    4471.712072900737     
 dudt=   -3307773.204670699     
 ---------------------
 rk4
 istep=     21000001
 grad_b=  -0.1366413411183058        6.8939117114213161E-002 
   1.1809632869815165E-002
 bsub=  -0.1030130229987608       -9.5891435073629822E-002 
    1.688377981931858     
 bsup=    0.000000000000000        -1.201353790557597      
   0.9759052647328154     
 b_abs=    1.327828359551604     
 g=  -1.6350812244925406E-002
 j=    0.000000000000000        -901.7504264185079      
   -248.5778544677393     
 v_perp_2=    66473030.96844511     
 b_n=   1.1701017245581964E-004   -1.201125339953456      
   0.9759253733678194     
 b_para_n=    1.327828352735006     
 dxdt=    1.309311898064784        -2479.656499776524      
    2016.620888307015     
 dudt=    1343977.692319830     
 ---------------------
 rk4
 istep=     22000001
 grad_b=  -4.0271511700918500E-002  -9.4641077972187168E-002 
  -7.5057638937216911E-002
 bsub=   9.2615251503799734E-002   8.1607677130774020E-002 
    1.908711382251460     
 bsup=    0.000000000000000        -1.097044916638600      
    1.040021919092375     
 b_abs=    1.376978479711831     
 g=  -1.2860587237080152E-002
 j=    0.000000000000000        -1522.830687337289      
   -71.54608252133536     
 v_perp_2=    68933410.65974565     
 b_n=  -1.6853009258453372E-004   -1.096977432722022      
    1.040027208339333     
 b_para_n=    1.376978475641061     
 dxdt=   -2.149588880586176        -1792.447810449220      
    1700.162493775501     
 dudt=   -468335.8533721435     
 ---------------------
 rk4
 istep=     23000001
 grad_b=   0.7517291812260355       -5.5537252099573289E-002 
  -0.1651418195841500     
 bsub=   5.6259328422613858E-003   9.5186491521149219E-002 
    1.368261122515214     
 bsup=    0.000000000000000       -0.4054445516540865      
    1.126085885655702     
 b_abs=    1.225403800371329     
 g=  -8.1251268532251987E-003
 j=    0.000000000000000        -598.3968356092588      
   -12.03794373630910     
 v_perp_2=    61345285.19521978     
 b_n=  -1.8383854825810742E-004  -0.4085847687210643      
    1.126305096522122     
 b_para_n=    1.225403798084416     
 dxdt=   -1.827233191442694        -1208.216838490616      
    3271.205561155501     
 dudt=    3338639.059295150     
 ---------------------
 rk4
 istep=     24000001
 grad_b=   -1.197162831804770       -8.4732401402696694E-002 
   0.1372923917994537     
 bsub=  -1.5746541295029559E-002  -0.1039097736522840      
    1.271572133435677     
 bsup=    0.000000000000000       -0.7920406182959785      
   0.8753107857143998     
 b_abs=    1.093386848452007     
 g=  -2.0054531048314013E-002
 j=    0.000000000000000        -807.3695081577196      
    269.2055618995719     
 v_perp_2=    54736247.53346913     
 b_n=  -1.7902471927591101E-004  -0.7891293828885615      
   0.8755464855036800     
 b_para_n=    1.093386869022775     
 dxdt=   -1.739605276513564        -3151.102686195547      
    3515.943252101087     
 dudt=   -4287447.966283902     
 ---------------------
 rk4
 istep=     25000001
 grad_b=  -0.8599576581674617       -7.0317721601909182E-003 
  -3.5256538980098159E-002
 bsub=  -1.3109987109010251E-002  -7.2270222011476357E-002 
   0.9866417123105119     
 bsup=    0.000000000000000       -0.4679821887849397      
   0.9623562714500828     
 b_abs=   0.9918862034325068     
 g=  -1.7156415349686364E-002
 j=    0.000000000000000         902.3195147741237      
   -199.3667218301997     
 v_perp_2=    49654898.96158022     
 b_n=  -2.9008658422942532E-005  -0.4653860082370846      
   0.9625460354859918     
 b_para_n=   0.9918861861642827     
 dxdt=  -0.2914626540756906        -2301.863328753269      
    4789.087503121250     
 dudt=    773174.9392259850     
 ---------------------
 rk4
 istep=     26000001
 grad_b=   0.2951108578170140        0.1266254267016965      
   0.2633850162916792     
 bsub=  -5.6460926095226585E-002   7.5344372438462676E-002 
    1.730950936582510     
 bsup=    0.000000000000000        -1.547810571609268      
    1.041326302726658     
 b_abs=    1.299041081949119     
 g=  -1.0111365702756189E-002
 j=    0.000000000000000         689.3665984190354      
   -312.9233160756477     
 v_perp_2=    65031295.07594655     
 b_n=   3.6601206849459317E-004   -1.548775797143021      
    1.041380246976898     
 b_para_n=    1.299041070523788     
 dxdt=    3.902938741174183        -3578.579912946556      
    2401.225182064448     
 dudt=   -1508285.928504163     
 ---------------------
 rk4
 istep=     27000001
 grad_b=   0.4943539910983423       -0.1430433081793837      
   0.1607539897802503     
 bsub=   4.6347855794191553E-002  -3.2304998994596046E-002 
    1.373324817925786     
 bsup=    0.000000000000000       -0.2620810284368627      
   0.9650010213708965     
 b_abs=    1.154689558313425     
 g=  -1.6060845899841084E-002
 j=    0.000000000000000         83.13460294206490      
  -0.7896487074789036     
 v_perp_2=    57804802.12575382     
 b_n=  -3.7600715838344496E-004  -0.2634011327679667      
   0.9649826578956694     
 b_para_n=    1.154689558163828     
 dxdt=   -3.649138577331428        -926.2167882881743      
    3363.044778938839     
 dudt=   -4175381.142391354     
 ---------------------
 rk4
 istep=     28000001
 grad_b=   0.4407626296832015       -7.4627866416553904E-002 
  -0.2143135159533872     
 bsub=   2.4269726539759173E-002   0.1539088232099272      
    1.900451476847034     
 bsup=    0.000000000000000        -1.373805548260671      
    1.072945206254392     
 b_abs=    1.351727961018859     
 g=  -7.7526659854906393E-003
 j=    0.000000000000000        -1171.462254369325      
    354.0672485922619     
 v_perp_2=    67668615.64149685     
 b_n=  -2.0226102116430064E-004   -1.375371844768544      
    1.073074642722280     
 b_para_n=    1.351727969936746     
 dxdt=   -2.388521375981151        -2575.817627355617      
    1998.802140910182     
 dudt=    2359528.035228540     
 ---------------------
 rk4
 istep=     29000001
 grad_b=  -0.2414002510219279       -1.2450598669946356E-002 
  -4.9237359822081717E-002
 bsub=   3.8762985382829143E-002  -2.3962577468650062E-002 
   0.9270738325868919     
 bsup=    0.000000000000000       -8.3980045039782014E-002 
    1.084019018902304     
 b_abs=    1.003759381096032     
 g=  -1.3800541410681490E-002
 j=    0.000000000000000        -300.3404498056927      
   -79.07709285850606     
 v_perp_2=    50248933.88893179     
 b_n=  -4.6650288229396753E-005  -8.3166456607881828E-002 
    1.084041994160118     
 b_para_n=    1.003759376891885     
 dxdt=  -0.4660955443439809        -399.6155559814408      
    5263.417063443335     
 dudt=    1304900.988411315     
 ---------------------
 Elapsed time (seconds):     154.1631150000000     

real	2m34.173s
user	2m33.904s
sys	0m0.019s
>>> [PID 3882187] DONE  u=5000, v_perp=7000, out=bounce/dat368.dat
