>>> [PID 3881627] START u=9000, v_perp=6000, out=bounce/dat355.dat, dt=5.00E-09, steps=30000000
 outer boundary:   8.3000000000000462E-002
 rk4
 istep=            1
 grad_b=  -0.5028802875774490        4.9299285951323185E-003 
  -7.9790337633833114E-003
 bsub=   8.6929361215026604E-003   4.2252029180791607E-002 
    1.020728281362610     
 bsup=    0.000000000000000        0.5002752906458827      
   0.9181489319161524     
 b_abs=   0.9787594735298037     
 g=  -1.6418921962930499E-002
 j=    0.000000000000000         576.0999525731384      
    59.06600397929115     
 v_perp_2=    35999991.77940688     
 b_n=   3.2140735460289878E-005   0.5033476235290478      
   0.9180214920600702     
 b_para_n=   0.9787594839825423     
 dxdt=   0.3612206137112960         4634.717151708042      
    8441.235144106577     
 dudt=    91310.94595380923     
 ---------------------
 rk4
 istep=      1000001
 grad_b=   0.7514912147233850        9.4520797543621304E-003 
   0.1546881446553860     
 bsub=   6.4186479442336700E-003   6.4791958967766308E-002 
    1.224491823893987     
 bsup=    0.000000000000000        0.2328863568512203      
    1.096136177282784     
 b_abs=    1.165064106130061     
 g=  -9.4899782821051756E-003
 j=    0.000000000000000        -1057.207840509980      
    49.75154136029948     
 v_perp_2=    42852095.17748246     
 b_n=   1.0849701461187747E-005   0.2264580162740464      
    1.096476264814637     
 b_para_n=    1.165064105498053     
 dxdt=   0.1033611993881663         1660.008597456713      
    8104.715535178942     
 dudt=   -2711211.705328305     
 ---------------------
 rk4
 istep=      2000001
 grad_b=   0.5109038951394353        8.5971358822795996E-002 
   0.1761732179580964     
 bsub=  -3.5275443505381823E-002   7.6912582538186669E-002 
    1.285386491130460     
 bsup=    0.000000000000000       -0.5390079823923661      
    1.127958327103666     
 b_abs=    1.187070966786336     
 g=  -7.9509916394394000E-003
 j=    0.000000000000000         474.8134970849877      
    301.4127134722704     
 v_perp_2=    43661101.46024029     
 b_n=   7.7529291258859423E-004  -0.5443088713499338      
    1.128296819900821     
 b_para_n=    1.187071000657937     
 dxdt=    7.258034388568209        -3938.157395579775      
    8140.529187743570     
 dudt=   -2360631.238698894     
 ---------------------
 rk4
 istep=      3000001
 grad_b=   -1.173946024739164       -4.2658216149133940E-003 
   0.1029893565707950     
 bsub=  -4.4372774860410458E-003  -7.7308564712888050E-002 
    1.113563064329092     
 bsup=    0.000000000000000       -0.6715214768651019      
   0.8938650568391222     
 b_abs=    1.023143145069860     
 g=  -1.8835180339946050E-002
 j=    0.000000000000000         216.2440967974497      
   -586.7355888403067     
 v_perp_2=    37631431.40795682     
 b_n=   1.5181434347069651E-005  -0.6653442869765419      
   0.8942938968022605     
 b_para_n=    1.023143070099880     
 dxdt=   0.1635286333874869        -5780.659895089385      
    7787.849486506476     
 dudt=   -1706155.033609226     
 ---------------------
 rk4
 istep=      4000001
 grad_b=   -1.091929127740507       -0.1042572854449473      
   0.1274252726382883     
 bsub=  -9.1820990733918716E-003  -0.1044330515116337      
    1.259214495202197     
 bsup=    0.000000000000000       -0.7645154719485169      
   0.8755054039140554     
 b_abs=    1.087287895783868     
 g=  -2.0130907830007736E-002
 j=    0.000000000000000        -1155.482679061620      
    408.2491967701516     
 v_perp_2=    39990293.72151364     
 b_n=  -4.5509934506880441E-004  -0.7592160184792771      
   0.8759416494315905     
 b_para_n=    1.087287957726326     
 dxdt=   -4.626810644259199        -6116.538203046567      
    7070.652304627113     
 dudt=   -3235000.095337477     
 ---------------------
 rk4
 istep=      5000001
 grad_b=  -0.1034809826670911       -8.5973314728552214E-002 
  -4.9582689882889580E-002
 bsub=   0.1016883716337568        4.6743354551711205E-002 
    1.864264619175841     
 bsup=    0.000000000000000        -1.101133035135160      
    1.027337100763089     
 b_abs=    1.365203924705259     
 g=  -1.3572449222602588E-002
 j=    0.000000000000000        -1255.173607613659      
    664.9565808528989     
 v_perp_2=    50211517.71893311     
 b_n=  -5.3387459498417677E-004   -1.100498153259486      
    1.027350352781898     
 b_para_n=    1.365203992783140     
 dxdt=   -4.397229165631729        -6586.403764096146      
    6149.982916446931     
 dudt=   -589055.9441208813     
 ---------------------
 rk4
 istep=      6000001
 grad_b=   0.4211634984367599        3.1507670620681147E-002 
   0.1029755198634516     
 bsub=  -5.8142826326564616E-003   0.1900298523315143      
    2.152089266133933     
 bsup=    0.000000000000000        -1.531248599836117      
    1.076431029790843     
 b_abs=    1.423895470209383     
 g=  -7.2012428508096520E-003
 j=    0.000000000000000         660.2717234072811      
   -304.1060806201500     
 v_perp_2=    52369666.90893457     
 b_n=   2.7787425380525465E-004   -1.536473098961131      
    1.076893086448175     
 b_para_n=    1.423895442634261     
 dxdt=    2.204500698004642        -8686.862532221703      
    6081.184478414555     
 dudt=   -808476.0931934613     
 ---------------------
 rk4
 istep=      7000001
 grad_b=  -0.7154826945296219        2.9981757378925410E-002 
   0.1280291400483025     
 bsub=  -9.0238364840063479E-002  -0.1251995947459718      
    1.642632443352844     
 bsup=    0.000000000000000        -1.232176539152743      
   0.9478580834145645     
 b_abs=    1.308335756577962     
 g=  -1.8115595645636671E-002
 j=    0.000000000000000         1435.413161162141      
   -410.4444623935714     
 v_perp_2=    48119038.84048553     
 b_n=   1.8277768553165701E-004   -1.228918020908569      
   0.9481164415838006     
 b_para_n=    1.308335702148262     
 dxdt=    1.564440554195681        -7788.447977770136      
    6014.969428067014     
 dudt=   -1186437.417907473     
 ---------------------
 rk4
 istep=      8000001
 grad_b=   -1.001312342179145        0.1324596683264529      
  -0.1434351114271650     
 bsub=   2.0576009981155607E-002  -0.1560242197335938      
    1.389868527001770     
 bsup=    0.000000000000000       -0.9266096579035857      
   0.8771184350286190     
 b_abs=    1.167697984612633     
 g=  -1.9387635617506980E-002
 j=    0.000000000000000         354.2534974427290      
    158.2411534881105     
 v_perp_2=    42946127.45803463     
 b_n=   5.5074931133297005E-004  -0.9218802272370145      
   0.8776412107049824     
 b_para_n=    1.167697998274600     
 dxdt=    5.235716889374329        -6783.773234297306      
    6468.973363093694     
 dudt=    3914232.382548855     
 ---------------------
 rk4
 istep=      9000001
 grad_b=   -1.314844686540936        1.3003350913955566E-003 
  -0.1689816425701182     
 bsub=   2.5284336724099202E-002  -8.9617271545134436E-002 
    1.242569210341585     
 bsup=    0.000000000000000       -0.8366541851232406      
   0.8709233709105353     
 b_abs=    1.075852150643835     
 g=  -1.9699827737429572E-002
 j=    0.000000000000000         702.6892376599460      
   -707.9097378520212     
 v_perp_2=    39567783.97052275     
 b_n=  -5.4616088301409411E-005  -0.8300752977857816      
   0.8713988868861374     
 b_para_n=    1.075852056435495     
 dxdt=  -0.5608489638825640        -6775.563924784716      
    7128.298008973253     
 dudt=    2534119.836803198     
 ---------------------
 rk4
 istep=     10000001
 grad_b=   0.6666081510062543       -6.1990466242447570E-002 
  -0.1636358101955898     
 bsub=   1.0270136849119871E-002   0.1142914393982018      
    1.496001261025790     
 bsup=    0.000000000000000       -0.6293791999182045      
    1.116570277395759     
 b_abs=    1.264192469266795     
 g=  -7.8336122552490808E-003
 j=    0.000000000000000         118.8425173924191      
    149.0756212494613     
 v_perp_2=    46494187.40992076     
 b_n=  -5.1947094906959468E-004  -0.6363881602905462      
    1.117109327654544     
 b_para_n=    1.264192485608866     
 dxdt=   -4.587971858826752        -4242.243575454325      
    7421.027230517753     
 dudt=    2090194.414733112     
 ---------------------
 rk4
 istep=     11000001
 grad_b=   0.8449303612114295        1.3238634075920130E-002 
  -0.1636402961945582     
 bsub=  -4.0218895898368218E-002   6.8018308466285621E-002 
    1.412177948418359     
 bsup=    0.000000000000000       -0.1066031262488309      
    1.067604338437783     
 b_abs=    1.225124248607232     
 g=  -9.7926762649684120E-003
 j=    0.000000000000000         1229.586470913169      
   -448.7564600014280     
 v_perp_2=    45056905.30374996     
 b_n=   1.8006198682089846E-004  -0.1137667165980714      
    1.067954469330042     
 b_para_n=    1.225124207740116     
 dxdt=    1.637000842332140        -803.1743315228382      
    7394.550234961804     
 dudt=    2643431.500198368     
 ---------------------
 rk4
 istep=     12000001
 grad_b=  -0.3715486019520013       -1.7703171579926999E-002 
   2.9714518824251857E-002
 bsub=  -2.9898094129937797E-002   9.2524016603263981E-003 
   0.9885939476071297     
 bsup=    0.000000000000000       -3.3759482899439863E-002 
   0.9840785664917084     
 b_abs=   0.9861607384883879     
 g=  -1.6651982378672714E-002
 j=    0.000000000000000        -518.0563073305457      
   -75.91507087204928     
 v_perp_2=    36268095.09214262     
 b_n=  -1.0318013041861128E-004  -3.1632681807171548E-002 
   0.9840555312802114     
 b_para_n=   0.9861607287907204     
 dxdt=   -1.151257343355044        -283.8584899591943      
    8965.865513916386     
 dudt=   -556396.0488770782     
 ---------------------
 rk4
 istep=     13000001
 grad_b=  -0.1245836447211370        2.1296353438774219E-002 
   6.6510414592757805E-002
 bsub=  -3.9483179091175734E-002  -1.1618952469227041E-002 
   0.9391272639694077     
 bsup=    0.000000000000000        1.2126305282383787E-002 
    1.096876775989378     
 b_abs=    1.014620923067675     
 g=  -1.3196548721686666E-002
 j=    0.000000000000000        -474.3618466370482      
    116.2980900804872     
 v_perp_2=    37314419.44453540     
 b_n=   1.4279488640331746E-004   1.2912472166505994E-002 
    1.096892520076773     
 b_para_n=    1.014620936146436     
 dxdt=    1.550462369263775         115.2240363633344      
    9650.539313002189     
 dudt=   -1326843.818486630     
 ---------------------
 rk4
 istep=     14000001
 grad_b=  -0.6968651388427926        2.2558613855334822E-002 
   1.9442513542917050E-002
 bsub=  -1.5267310048377367E-002  -9.1013936623171615E-002 
   0.8122773575689316     
 bsup=    0.000000000000000       -0.2960764443693343      
    1.164480583669637     
 b_abs=   0.9861345611855445     
 g=  -9.5370582459621146E-003
 j=    0.000000000000000        -184.5214090912854      
   -189.7632530891056     
 v_perp_2=    36266449.09431548     
 b_n=   2.0365256523564379E-004  -0.2903424104212272      
    1.165126877417059     
 b_para_n=   0.9861345445023909     
 dxdt=    2.272359269600803        -2633.726073612375      
    10617.40006870929     
 dudt=   -297626.8672734722     
 ---------------------
 rk4
 istep=     15000001
 grad_b=  -0.3901136139745509       -6.3550368317766342E-003 
  -3.2501759877671940E-002
 bsub=   3.4682076655996014E-002  -4.1500764362884551E-002 
   0.9185738468567630     
 bsup=    0.000000000000000       -0.2252792137151842      
    1.062334283456010     
 b_abs=   0.9926891995048867     
 g=  -1.4591644102918752E-002
 j=    0.000000000000000         757.8105661967156      
   -218.2654517546532     
 v_perp_2=    36507169.09388566     
 b_n=  -4.6909056955221383E-005  -0.2229473784333750      
    1.062441375871196     
 b_para_n=   0.9926891717436435     
 dxdt=  -0.5200993093818193        -2010.186821155910      
    9602.409468827682     
 dudt=    613054.0149988297     
 ---------------------
 rk4
 istep=     16000001
 grad_b=  -0.5792238545224598       -5.1222105050629518E-003 
   9.8852328709565368E-003
 bsub=   2.8363114970367191E-002  -1.4018639707603579E-002 
    1.006555144253337     
 bsup=    0.000000000000000       -0.2735193225635937      
   0.9545990105514610     
 b_abs=   0.9820315868809505     
 g=  -1.8267420281058652E-002
 j=    0.000000000000000         502.6946408133813      
   -184.1271162389125     
 v_perp_2=    36114876.94377983     
 b_n=  -2.6795685502262122E-005  -0.2704039939712110      
   0.9546431308526475     
 b_para_n=   0.9820315632950587     
 dxdt=  -0.3001844625987588        -2470.037460961810      
    8742.877911301832     
 dudt=   -202923.5309707589     
 ---------------------
 rk4
 istep=     17000001
 grad_b=   0.7846334864794805       -4.7025597610800829E-003 
   0.1658285299717794     
 bsub=   5.8236537445039045E-002   8.8606509831100744E-002 
    1.595050894264578     
 bsup=    0.000000000000000       -0.5906132095386590      
    1.061303166052087     
 b_abs=    1.280932417900755     
 g=  -9.9552488567802785E-003
 j=    0.000000000000000        -1405.877109306700      
   -67.51293426952316     
 v_perp_2=    47106700.08012645     
 b_n=  -1.1883688866398875E-004  -0.5972627973031459      
    1.061676882957673     
 b_para_n=    1.280932402343270     
 dxdt=   -1.036980348780061        -3912.761265117947      
    6930.035141682547     
 dudt=   -2566239.241591493     
 ---------------------
 rk4
 istep=     18000001
 grad_b=   0.5466961786522058        6.5478839584225457E-002 
   0.1633473755941625     
 bsub=  -1.3005745485327576E-002   0.1354728100704879      
    1.674978741716119     
 bsup=    0.000000000000000       -0.9353335485442724      
    1.092370876816471     
 b_abs=    1.305497712130861     
 g=  -7.7312030481176842E-003
 j=    0.000000000000000         566.9019738160935      
    304.4100721102243     
 v_perp_2=    48009629.93642689     
 b_n=   5.7733822717582779E-004  -0.9413862560445281      
    1.092864933880081     
 b_para_n=    1.305497749718904     
 dxdt=    4.951309703520761        -6002.835705983547      
    6954.291727336295     
 dudt=   -1650594.813274807     
 ---------------------
 rk4
 istep=     19000001
 grad_b=   -1.303258608726163       -4.4005658647296664E-002 
   0.1864285800736693     
 bsub=  -3.9819079061389949E-002  -0.1198053799834100      
    1.371549100391408     
 bsup=    0.000000000000000       -0.9330821552574792      
   0.8696559352337192     
 b_abs=    1.142189251479132     
 g=  -2.0763371518453262E-002
 j=    0.000000000000000         1559.119738214383      
   -677.6193145673587     
 v_perp_2=    42003605.83208293     
 b_n=  -1.2716381778294874E-004  -0.9271284337611227      
   0.8701722223022358     
 b_para_n=    1.142189154073466     
 dxdt=   -1.234149497363831        -7016.820812290793      
    6598.717506988698     
 dudt=   -3270988.810751867     
 ---------------------
 rk4
 istep=     20000001
 grad_b=  -0.6868799915545220       -0.1293761790238118      
   0.1161244243096611     
 bsub=  -1.4629818865832478E-002  -0.2139273425773000      
    1.489995289256840     
 bsup=    0.000000000000000        -1.158604667058306      
   0.8941543666505166     
 b_abs=    1.256952112525752     
 g=  -1.7422869361701669E-002
 j=    0.000000000000000        -35.38677881165873      
   -299.2949361150036     
 v_perp_2=    46223506.17362578     
 b_n=  -5.3691576455469061E-004   -1.155337828793476      
   0.8946181080331030     
 b_para_n=    1.256952081838222     
 dxdt=   -4.767090749488389        -7725.624737006269      
    5988.761198477046     
 dudt=   -3711612.419904524     
 ---------------------
 rk4
 istep=     21000001
 grad_b=  -0.8592548030174509       -6.0148304577676379E-002 
  -0.2232785834874511     
 bsub=   7.8003062683599078E-002  -8.3758640217010683E-002 
    1.611825500056387     
 bsup=    0.000000000000000        -1.173530663485259      
   0.9365463425877733     
 b_abs=    1.268157935056650     
 g=  -1.8643773798891976E-002
 j=    0.000000000000000         739.6596990496646      
   -235.3718068789380     
 v_perp_2=    46635141.49973579     
 b_n=  -3.3848525835246217E-004   -1.169528039745261      
   0.9367706961739296     
 b_para_n=    1.268157904794338     
 dxdt=   -2.980897555847585        -7727.204329899834      
    6196.869387229885     
 dudt=    2008472.632719045     
 ---------------------
 rk4
 istep=     22000001
 grad_b=   0.4501506607899762       -6.2680614626639417E-002 
  -0.1899766424153183     
 bsub=   1.9574866089113090E-003   0.1802681151157841      
    2.048276022421493     
 bsup=    0.000000000000000        -1.348400214501756      
    1.070707490181365     
 b_abs=    1.395980812576785     
 g=  -7.4254300381560332E-003
 j=    0.000000000000000        -465.1984530090409      
    150.0526489919439     
 v_perp_2=    51335225.50312033     
 b_n=  -5.5151648045633709E-004   -1.353804104372802      
    1.071183620191032     
 b_para_n=    1.395980824793920     
 dxdt=   -4.452848550568093        -7870.814808822110      
    6219.080058855937     
 dudt=    1565943.605852465     
 ---------------------
 rk4
 istep=     23000001
 grad_b=   0.3534084772507754        6.4599781495651751E-002 
  -6.9426542942328875E-002
 bsub=  -0.1057379663891440        2.1015145098939696E-002 
    1.790293193230277     
 bsup=    0.000000000000000        -1.077349047113895      
    1.020950448974285     
 b_abs=    1.343638986818714     
 g=  -1.3395939617645004E-002
 j=    0.000000000000000        -461.0945535753692      
   -69.64140932699321     
 v_perp_2=    49409956.18275174     
 b_n=   4.1648480942308000E-004   -1.079573070588997      
    1.021001147722807     
 b_para_n=    1.343638978774568     
 dxdt=    3.479796578510757        -6610.551674011059      
    6247.307504810525     
 dudt=    1922328.776960697     
 ---------------------
 rk4
 istep=     24000001
 grad_b=   -1.052794112929687        5.2071912126636963E-002 
  -8.7886608855778647E-002
 bsub=  -5.4262193696058879E-003  -6.7148483051231625E-002 
    1.126466107422835     
 bsup=    0.000000000000000       -0.6392809185442661      
   0.8931140178809709     
 b_abs=    1.024176745734651     
 g=  -1.9672340254022220E-002
 j=    0.000000000000000         1088.277617499073      
   -108.7288619700161     
 v_perp_2=    37661927.17604282     
 b_n=   2.3823279027932991E-004  -0.6339232275692323      
   0.8934345167971365     
 b_para_n=    1.024176723903960     
 dxdt=    2.563661821927044        -5502.125997860474      
    7770.798121255967     
 dudt=    2006753.884928480     
 ---------------------
 rk4
 istep=     25000001
 grad_b=  -0.9178560465056719       -7.8987167156287473E-003 
  -4.6437222555475000E-002
 bsub=  -9.3812068079347083E-003  -7.4943510950532075E-002 
    1.005129138116172     
 bsup=    0.000000000000000       -0.4994283518341248      
   0.9462807848456344     
 b_abs=   0.9944524189346505     
 g=  -1.7488706030595165E-002
 j=    0.000000000000000         1247.389056678155      
   -313.3595774452551     
 v_perp_2=    36568520.39329568     
 b_n=  -6.1947957736733990E-005  -0.4944211160457294      
   0.9466535033787601     
 b_para_n=   0.9944523702389310     
 dxdt=  -0.6856721777974590        -4448.617574542674      
    8538.055262487382     
 dudt=    739513.9654654549     
 ---------------------
 rk4
 istep=     26000001
 grad_b=   0.3370345930872651       -8.9089442009511285E-002 
  -0.1620217558917743     
 bsub=   4.1316521522289693E-002   5.2624298560013535E-002 
    1.138671974470778     
 bsup=    0.000000000000000       -0.4318681414963039      
    1.137507611156313     
 b_abs=    1.127793100780689     
 g=  -8.4943050190431982E-003
 j=    0.000000000000000        -128.3531044527140      
    50.09004393777650     
 v_perp_2=    41471436.66441179     
 b_n=  -7.8191981334490342E-004  -0.4351540107344795      
    1.137687845560090     
 b_para_n=    1.127793105297297     
 dxdt=   -7.679674470545550        -3360.226571054333      
    8767.346745781180     
 dudt=    2377374.540212563     
 ---------------------
 rk4
 istep=     27000001
 grad_b=   0.5098363264856878       -1.2268440333647868E-002 
  -0.1350809632211735     
 bsub=   1.4911235851844493E-002   5.0373168909792293E-002 
    1.098598097434546     
 bsup=    0.000000000000000        0.3154335966723694      
    1.092368388457557     
 b_abs=    1.102291809945901     
 g=  -1.1105529476947604E-002
 j=    0.000000000000000         4.673664293558033      
   -177.2917027288120     
 v_perp_2=    40533304.65954974     
 b_n=  -4.5244126753923156E-005   0.3116226866073344      
    1.092543722798931     
 b_para_n=    1.102291791540246     
 dxdt=  -0.4540526239296334         2464.102187503721      
    8667.560617780797     
 dudt=    2525791.901645476     
 ---------------------
 rk4
 istep=     28000001
 grad_b=  -0.4740759587540668       -1.9323560305782198E-002 
   3.4029483556338676E-002
 bsub=  -2.0950197405057739E-003   4.2484319642182133E-002 
    1.014554256462703     
 bsup=    0.000000000000000        0.9387278844600472      
   0.9119348133286311     
 b_abs=   0.9823909162423154     
 g=  -1.4643037088945293E-002
 j=    0.000000000000000         86.88567704640053      
   -79.69135171794616     
 v_perp_2=    36123982.98176431     
 b_n=  -1.4014231320570137E-004   0.9419294817735464      
   0.9118004483406890     
 b_para_n=   0.9823909067899771     
 dxdt=   -1.569416401817394         8629.258456108317      
    8346.627906151454     
 dudt=   -241298.2924324044     
 ---------------------
 rk4
 istep=     29000001
 grad_b=   0.5758196456417690        1.6046573673400504E-002 
   0.1410799866222835     
 bsub=  -1.2181103610793942E-002   5.4699991735910794E-002 
    1.122839086485555     
 bsup=    0.000000000000000        0.2779418329979585      
    1.098075714193960     
 b_abs=    1.116966978913798     
 g=  -1.0585571262443501E-002
 j=    0.000000000000000         691.3735902785545      
   -266.8693249474148     
 v_perp_2=    41072151.90164311     
 b_n=   7.1099485565117795E-005   0.2734672566927845      
    1.098294444114545     
 b_para_n=    1.116966954872892     
 dxdt=   0.7046768394879447         2123.925586062801      
    8568.452686762188     
 dudt=   -2623365.052026455     
 ---------------------
 Elapsed time (seconds):     153.4707480000000     

real	2m33.481s
user	2m33.228s
sys	0m0.017s
>>> [PID 3881627] DONE  u=9000, v_perp=6000, out=bounce/dat355.dat
