>>> [PID 3882312] START u=5500, v_perp=7000, out=bounce/dat369.dat, dt=5.00E-09, steps=30000000
 outer boundary:   8.3000000000000462E-002
 rk4
 istep=            1
 grad_b=  -0.5028812184880609        4.9308188814671389E-003 
  -7.9809205413361589E-003
 bsub=   8.6926920419615229E-003   4.2252166627057650E-002 
    1.020727745194606     
 bsup=    0.000000000000000        0.5002927228404400      
   0.9181487691398902     
 b_abs=   0.9787595604294401     
 g=  -1.6418833647273305E-002
 j=    0.000000000000000         576.0999546651387      
    59.07912399599898     
 v_perp_2=    48999993.16134845     
 b_n=   1.9645274251612118E-005   0.5021702719216347      
   0.9180708883982085     
 b_para_n=   0.9787595668182385     
 dxdt=   0.1998036948563013         2830.419582994161      
    5158.614725634873     
 dudt=    124315.0037860294     
 ---------------------
 rk4
 istep=      1000001
 grad_b=   -1.197095849678209        7.6679375319044785E-003 
   0.1150434370942306     
 bsub=  -8.8441996017226011E-003  -8.0148059227348065E-002 
    1.122568895252247     
 bsup=    0.000000000000000       -0.6947324619164326      
   0.8908550597854162     
 b_abs=    1.027260919265835     
 g=  -1.8630919366443847E-002
 j=    0.000000000000000        -237.7151314147673      
   -395.2454066969647     
 v_perp_2=    51428012.08146379     
 b_n=   5.0038527752526479E-005  -0.6909636383175881      
   0.8911245112061075     
 b_para_n=    1.027260891362413     
 dxdt=   0.4943961199263507        -3529.991177879026      
    4576.917430866593     
 dudt=   -2367522.197795937     
 ---------------------
 rk4
 istep=      2000001
 grad_b=   0.6103871048423133        5.7702782615804332E-002 
   0.1822045746497236     
 bsub=   2.6398009363818305E-002   0.1750742846807404      
    1.958057506982351     
 bsup=    0.000000000000000        -1.036851132303960      
    1.073966892017249     
 b_abs=    1.385952828796378     
 g=  -8.4078051182750226E-003
 j=    0.000000000000000         202.1270823868618      
    14.03201665155799     
 v_perp_2=    69385087.52039528     
 b_n=   1.6497173613683809E-004   -1.039272952625065      
    1.074181209220007     
 b_para_n=    1.385952830147671     
 dxdt=    1.688629961027662        -2374.501172393866      
    2436.017118313317     
 dudt=   -2453614.622846432     
 ---------------------
 rk4
 istep=      3000001
 grad_b=   -1.065578638490927       -0.1188430810756348      
   0.1363358101988958     
 bsub=  -1.5169673610839986E-002  -0.1268171144234362      
    1.320995465681912     
 bsup=    0.000000000000000       -0.8291307420299202      
   0.8743750522676074     
 b_abs=    1.122495624624644     
 g=  -1.9932843966705950E-002
 j=    0.000000000000000        -479.1943372390355      
    391.2608526966373     
 v_perp_2=    56195474.41881437     
 b_n=  -2.7940673364598641E-004  -0.8263196177906658      
   0.8746417395096621     
 b_para_n=    1.122495653562089     
 dxdt=   -2.651782900323937        -3519.954732434526      
    3742.699591456703     
 dudt=   -4855663.438461778     
 ---------------------
 rk4
 istep=      4000001
 grad_b=   0.1140205663326093        0.1282164422904587      
   0.2371598046776892     
 bsub=  -6.4879468562814541E-002   8.2415228614824670E-002 
    1.858093528122136     
 bsup=    0.000000000000000        -1.414978088716074      
    1.036017658402687     
 b_abs=    1.344597470405912     
 g=  -1.1696035113756364E-002
 j=    0.000000000000000         1032.497916491603      
   -505.8310769538389     
 v_perp_2=    67314371.44707213     
 b_n=   3.7379185596228000E-004   -1.415366468199929      
    1.036047921103064     
 b_para_n=    1.344597448932418     
 dxdt=    3.668690778791538        -3639.445472898061      
    2662.232609990977     
 dudt=   -1196622.784857510     
 ---------------------
 rk4
 istep=      5000001
 grad_b=   0.3702677214626428       -0.1182545524660659      
  -0.2379015045330711     
 bsub=   5.3337048882780194E-002   8.0089173158432683E-002 
    1.629189235711219     
 bsup=    0.000000000000000        -1.314611810445325      
    1.058373284012517     
 b_abs=    1.272929877757538     
 g=  -9.4356492175630587E-003
 j=    0.000000000000000         923.0764914060941      
    260.2085815716364     
 v_perp_2=    63726332.78451549     
 b_n=  -4.6803338860098572E-004   -1.316272280114346      
    1.058470245996709     
 b_para_n=    1.272929893672277     
 dxdt=   -4.422147459237570        -4084.712527062996      
    3276.822921080546     
 dudt=    1894266.053485292     
 ---------------------
 rk4
 istep=      6000001
 grad_b=  -0.6629175568807093       -1.4464821599925390E-004 
  -1.0382952315141081E-002
 bsub=  -2.7171474202465726E-002  -4.4863709112062028E-002 
   0.9777190673062450     
 bsup=    0.000000000000000       -0.3735877144038272      
   0.9767164957456882     
 b_abs=   0.9855980233924226     
 g=  -1.7591709776480786E-002
 j=    0.000000000000000        -573.6468091230241      
   -6.316112058833170     
 v_perp_2=    49341578.43598597     
 b_n=  -2.0330498789397015E-006  -0.3714168150200363      
   0.9768160547986180     
 b_para_n=   0.9855980248401415     
 dxdt=  -2.0586322391972889E-002   -2050.970896239453      
    5420.585791828564     
 dudt=    256184.3015995866     
 ---------------------
 rk4
 istep=      7000001
 grad_b=   0.7702674521925079       -2.6508072944412969E-002 
  -0.1634341108431548     
 bsub=  -2.9503625592117638E-002   0.1099721761182743      
    1.541438803306671     
 bsup=    0.000000000000000       -0.5324141409096904      
    1.092855531002570     
 b_abs=    1.275369611797214     
 g=  -8.6671603152177982E-003
 j=    0.000000000000000         219.6921184880833      
   0.6362119545489762     
 v_perp_2=    63848152.48566566     
 b_n=  -6.6654536057705931E-005  -0.5358579038727821      
    1.093099947175845     
 b_para_n=    1.275369612594654     
 dxdt=  -0.6302413825933297        -1670.886512444718      
    3365.204424798329     
 dudt=    3228523.818271372     
 ---------------------
 rk4
 istep=      8000001
 grad_b=  -0.4388663526921220        1.7940817120300556E-002 
   3.2359706554584713E-002
 bsub=  -3.0395260151119406E-002  -5.8492894384982647E-002 
   0.8866687550340269     
 bsup=    0.000000000000000       -0.2557763333035543      
    1.091924922584665     
 b_abs=   0.9915811264306212     
 g=  -1.3072871801570893E-002
 j=    0.000000000000000         343.2071101963559      
   -210.0622726554805     
 v_perp_2=    49640853.79123652     
 b_n=   7.8833535303534310E-005  -0.2540573064297441      
    1.092041011188656     
 b_para_n=   0.9915811114190259     
 dxdt=   0.7952516430620159        -1386.264506909976      
    5993.249382750408     
 dudt=   -776129.9017290372     
 ---------------------
 rk4
 istep=      9000001
 grad_b=  -0.4176042554731862       -5.0378861514284237E-002 
   5.5548453719038160E-002
 bsub=   8.6243647691504402E-003   3.5600385643466056E-002 
    1.056853689429466     
 bsup=    0.000000000000000        0.3189010326061996      
   0.9153661989624633     
 b_abs=   0.9893764233631115     
 g=  -1.7793257529093449E-002
 j=    0.000000000000000        -135.8049706382658      
   -85.65096962369208     
 v_perp_2=    49530364.70476465     
 b_n=  -1.8081770410029231E-004   0.3203477628729686      
   0.9153189344967896     
 b_para_n=   0.9893764163815989     
 dxdt=   -1.826555905919224         1771.793822815545      
    5043.290039204219     
 dudt=   -879961.9300718899     
 ---------------------
 rk4
 istep=     10000001
 grad_b=   -1.183606302454488        1.8038887667617028E-003 
   0.1075676705405895     
 bsub=  -6.3247831456613550E-003  -7.8643863776794332E-002 
    1.115675325513194     
 bsup=    0.000000000000000       -0.6794344490206957      
   0.8931910103959051     
 b_abs=    1.024436599893139     
 g=  -1.8709334182418182E-002
 j=    0.000000000000000        -23.09775340872966      
   -503.0048432592054     
 v_perp_2=    51285432.15023117     
 b_n=   2.9505664142541675E-005  -0.6757157324877535      
   0.8934532756684167     
 b_para_n=    1.024436562838539     
 dxdt=   0.2919709045920899        -3470.450320482797      
    4613.257845807539     
 dudt=   -2317625.304046031     
 ---------------------
 rk4
 istep=     11000001
 grad_b=   0.6031368508474317        6.6170159693650657E-002 
   0.1929844750248466     
 bsub=   2.1614934940163845E-002   0.1732679255542472      
    1.939047643368183     
 bsup=    0.000000000000000        -1.035255407482188      
    1.073968037762767     
 b_abs=    1.379200705691038     
 g=  -8.2818170496961174E-003
 j=    0.000000000000000         8.248699892118509      
    51.13287610035687     
 v_perp_2=    69045459.10065980     
 b_n=   2.0125062352582693E-004   -1.037727502123894      
    1.074186695491567     
 b_para_n=    1.379200707911547     
 dxdt=    2.043078402246355        -2422.917553739626      
    2489.705640457632     
 dudt=   -2518267.699760488     
 ---------------------
 rk4
 istep=     12000001
 grad_b=   -1.060852238240063       -0.1178075294886755      
   0.1333569179754136     
 bsub=  -1.3066816653928144E-002  -0.1215318836874604      
    1.305486832775365     
 bsup=    0.000000000000000       -0.8105818057848072      
   0.8745527519392786     
 b_abs=    1.113564466929352     
 g=  -1.9992890475450477E-002
 j=    0.000000000000000        -763.3982659665945      
    401.4304220117438     
 v_perp_2=    55747065.80707762     
 b_n=  -2.8147190456845333E-004  -0.8077522057780639      
   0.8748133780693929     
 b_para_n=    1.113564498632959     
 dxdt=   -2.678686521051240        -3501.997010069544      
    3809.907981156849     
 dudt=   -4768059.955456710     
 ---------------------
 rk4
 istep=     13000001
 grad_b=  -0.1618070389116232        0.1419946408106106      
   0.2405424006709343     
 bsub=  -7.3071980051959223E-002   4.7172788196022178E-002 
    1.794950448940819     
 bsup=    0.000000000000000        -1.290163798751165      
    1.013634024670878     
 b_abs=    1.326291579707787     
 g=  -1.3613850844685171E-002
 j=    0.000000000000000         1191.414126861982      
   -213.8871074519306     
 v_perp_2=    66396393.95274159     
 b_n=   3.8141322512985290E-004   -1.289736402468788      
    1.013638313089713     
 b_para_n=    1.326291570926942     
 dxdt=    3.693947260808785        -3483.394078939506      
    2740.067454818486     
 dudt=   -1144174.791560946     
 ---------------------
 rk4
 istep=     14000001
 grad_b=   0.4623573390490717       -8.9208805794058099E-002 
  -0.2040133682430184     
 bsub=   4.6172728293051503E-002   0.1018122176359324      
    1.653439638028119     
 bsup=    0.000000000000000        -1.234456736737743      
    1.074885275378241     
 b_abs=    1.285847394247782     
 g=  -8.7242230012856414E-003
 j=    0.000000000000000         894.1419929802905      
   -296.8594054743365     
 v_perp_2=    64371531.72117165     
 b_n=  -3.5452792779007333E-004   -1.236621685275233      
    1.075028475021640     
 b_para_n=    1.285847381985981     
 dxdt=   -3.364134026717887        -3723.644568062621      
    3225.780345783027     
 dudt=    2125079.338590151     
 ---------------------
 rk4
 istep=     15000001
 grad_b=  -0.7062584181754072        9.4535263015696480E-004 
  -1.6037525361611946E-002
 bsub=  -2.5279910354214920E-002  -4.8943002464719179E-002 
   0.9830828909928391     
 bsup=    0.000000000000000       -0.3980602197656636      
   0.9706354049389982     
 b_abs=   0.9866715954150287     
 g=  -1.7715368605929784E-002
 j=    0.000000000000000        -525.3063010866474      
   -51.49339788212319     
 v_perp_2=    49394181.43769888     
 b_n=   4.7872815837873812E-007  -0.3957576354103673      
   0.9707500500837110     
 b_para_n=   0.9866715935768497     
 dxdt=   4.8441754115670990E-003   -2181.101564546027      
    5376.401765974692     
 dudt=    404452.9303548457     
 ---------------------
 rk4
 istep=     16000001
 grad_b=   0.7648092917000873       -2.4522829460783730E-002 
  -0.1656265322580225     
 bsub=  -3.4757241169941278E-002   0.1114796977174157      
    1.569560401128314     
 bsup=    0.000000000000000       -0.5683537528974780      
    1.087480724318417     
 b_abs=    1.282207373800493     
 g=  -8.8161712367560256E-003
 j=    0.000000000000000        -214.8246593255277      
    111.0312227776203     
 v_perp_2=    64188982.85069322     
 b_n=  -5.6094807507837915E-005  -0.5717001046731782      
    1.087717164129657     
 b_para_n=    1.282207378465350     
 dxdt=  -0.5315819815076497        -1751.945955439033      
    3293.714733461410     
 dudt=    3244056.323815327     
 ---------------------
 rk4
 istep=     17000001
 grad_b=  -0.4768834973045286        1.7665586379849996E-002 
   2.9050916366995402E-002
 bsub=  -2.7620346245516549E-002  -6.4750852185102487E-002 
   0.8795336809470982     
 bsup=    0.000000000000000       -0.2837732091272829      
    1.092920975520257     
 b_abs=   0.9896746994648509     
 g=  -1.2861202603718282E-002
 j=    0.000000000000000         169.6185407195501      
   -109.6426413206327     
 v_perp_2=    49544267.48140572     
 b_n=   7.8842798383968801E-005  -0.2818783104161648      
    1.093062944153763     
 b_para_n=   0.9896746916067811     
 dxdt=   0.7962865407696015        -1543.646571869399      
    6020.324197998309     
 dudt=   -676232.8900301916     
 ---------------------
 rk4
 istep=     18000001
 grad_b=  -0.1204238586644112       -0.1164893386165916      
   0.1183937600085103     
 bsub=   1.3068828647047233E-002   1.1626575266147202E-002 
    1.147033459745944     
 bsup=    0.000000000000000        0.1153904942542203      
   0.9254441463087988     
 b_abs=    1.030967466868715     
 g=  -1.8116283622385074E-002
 j=    0.000000000000000        -311.2416051392239      
   -242.7567682411265     
 v_perp_2=    51611309.78113271     
 b_n=  -3.8557561556997513E-004   0.1157894270481068      
   0.9254444792460880     
 b_para_n=    1.030967448527414     
 dxdt=   -3.801956464327498         592.3488643273993      
    4719.155608217223     
 dudt=   -2333783.237825983     
 ---------------------
 rk4
 istep=     19000001
 grad_b=   -1.160342967740988       -1.3469442540388100E-003 
   9.9085213339371259E-002
 bsub=  -3.6288810275697126E-003  -7.6960059380872692E-002 
    1.104843091532597     
 bsup=    0.000000000000000       -0.6590134776601230      
   0.8971374021175312     
 b_abs=    1.020517182150875     
 g=  -1.8703586441056554E-002
 j=    0.000000000000000         287.8872425862687      
   -586.1457342282301     
 v_perp_2=    51088037.36698801     
 b_n=   1.7492413452475942E-005  -0.6553606445015359      
   0.8973918635435666     
 b_para_n=    1.020517137285325     
 dxdt=   0.1734683137041269        -3390.707507105383      
    4667.722045353757     
 dudt=   -2202067.459560639     
 ---------------------
 rk4
 istep=     20000001
 grad_b=   0.5924563699095591        7.2202874433089606E-002 
   0.1998327170276325     
 bsub=   1.7132640999157310E-002   0.1707278607016300      
    1.916636333408136     
 bsup=    0.000000000000000        -1.031435367296285      
    1.074195147645520     
 b_abs=    1.371672270865935     
 g=  -8.1804243199063431E-003
 j=    0.000000000000000        -194.6669276607957      
    119.2608841764904     
 v_perp_2=    68666983.95284663     
 b_n=   2.3055920765474407E-004   -1.033938652546374      
    1.074416074553034     
 b_para_n=    1.371672275306230     
 dxdt=    2.320774617588814        -2471.422567554223      
    2549.860819926713     
 dudt=   -2558136.160238489     
 ---------------------
 rk4
 istep=     21000001
 grad_b=   -1.050476854727263       -0.1179862044144810      
   0.1303602788315627     
 bsub=  -1.0929378919629973E-002  -0.1172459027231392      
    1.292035541475612     
 bsup=    0.000000000000000       -0.7946580173500197      
   0.8749382702974910     
 b_abs=    1.106077648719474     
 g=  -2.0038521997450640E-002
 j=    0.000000000000000        -923.0838983322029      
    410.1220107042903     
 v_perp_2=    55370982.65880205     
 b_n=  -2.8601537434100983E-004  -0.7918307667519320      
   0.8751924387238680     
 b_para_n=    1.106077682227254     
 dxdt=   -2.728634964679810        -3483.801212197337      
    3867.874235724969     
 dudt=   -4702815.250548108     
 ---------------------
 rk4
 istep=     22000001
 grad_b=  -0.4766051917354837        0.1253333626437492      
   0.2263453950387900     
 bsub=  -8.0964252458955235E-002  -1.8163937146546821E-003 
    1.733653677314076     
 bsup=    0.000000000000000        -1.199729111976889      
   0.9859103037293597     
 b_abs=    1.308151453748164     
 g=  -1.5769722508070117E-002
 j=    0.000000000000000         1016.482550254334      
    197.9368050725527     
 v_perp_2=    65486758.34558199     
 b_n=   3.1308818810989441E-004   -1.198567098210438      
   0.9859261502336927     
 b_para_n=    1.308151463475558     
 dxdt=    3.000287190327984        -3391.266098484203      
    2796.168380750632     
 dudt=   -1392771.426675627     
 ---------------------
 rk4
 istep=     23000001
 grad_b=   0.4931195172541061       -7.5729556536114934E-002 
  -0.1881353780604157     
 bsub=   3.8946658082342184E-002   0.1152646265492885      
    1.670026583560285     
 bsup=    0.000000000000000        -1.173967940698034      
    1.082099933190774     
 b_abs=    1.293699894719599     
 g=  -8.2664635761277930E-003
 j=    0.000000000000000         675.4096373696241      
   -524.3499144913128     
 v_perp_2=    64763143.30316661     
 b_n=  -3.0157535828181415E-004   -1.176359133033780      
    1.082271986970461     
 b_para_n=    1.293699870867025     
 dxdt=   -2.870489861591803        -3476.660497489790      
    3185.255546359035     
 dudt=    2218750.789573863     
 ---------------------
 rk4
 istep=     24000001
 grad_b=  -0.7422288003488702        1.6242445272137210E-003 
  -2.0879428422308430E-002
 bsub=  -2.3533923962218883E-002  -5.2264145858744449E-002 
   0.9881903469399230     
 bsup=    0.000000000000000       -0.4176197283400468      
   0.9654886059071659     
 b_abs=   0.9878606025330212     
 g=  -1.7802517236225900E-002
 j=    0.000000000000000        -340.6457310850417      
   -115.2512320855898     
 v_perp_2=    49452560.73665841     
 b_n=   1.6889696346614313E-006  -0.4152071692921238      
   0.9656162362835674     
 b_para_n=   0.9878605954671253     
 dxdt=   1.7077421529168996E-002   -2283.282052252684      
    5336.370848357006     
 dudt=    527966.5193797819     
 ---------------------
 rk4
 istep=     25000001
 grad_b=   0.7646704496885428       -2.1468735730877066E-002 
  -0.1675119558900975     
 bsub=  -4.0127600389172506E-002   0.1110637638798204      
    1.590864482999234     
 bsup=    0.000000000000000       -0.5957168812033358      
    1.082308597988328     
 b_abs=    1.286905918052667     
 g=  -8.9896833337381951E-003
 j=    0.000000000000000        -665.4478448086139      
    206.6986048482916     
 v_perp_2=    64422707.89316926     
 b_n=  -4.2072792047717513E-005  -0.5989902422720080      
    1.082536067739607     
 b_para_n=    1.286905925844713     
 dxdt=  -0.3993732813314851        -1813.549383817193      
    3240.594525084637     
 dudt=    3277500.688650164     
 ---------------------
 rk4
 istep=     26000001
 grad_b=  -0.5068470700653804        1.8431207526586703E-002 
   2.7065523605561151E-002
 bsub=  -2.4929036894964500E-002  -7.0260195192642844E-002 
   0.8700786516500501     
 bsup=    0.000000000000000       -0.2978578437999623      
    1.099223782873680     
 b_abs=   0.9884794390919426     
 g=  -1.2434532345092257E-002
 j=    0.000000000000000         3.827426796693544      
   -18.80987826179447     
 v_perp_2=    49483286.97134949     
 b_n=   8.4270717112742212E-005  -0.2957892859958262      
    1.099393235204879     
 b_para_n=   0.9884794378708208     
 dxdt=   0.8517390597618237        -1623.111757481891      
    6068.851299955632     
 dudt=   -614334.6695165687     
 ---------------------
 rk4
 istep=     27000001
 grad_b=   0.2991400098082278       -0.1520519793770420      
   0.1582781850481808     
 bsub=   2.8740238419176577E-002  -2.0130510348644659E-002 
    1.275527616251470     
 bsup=    0.000000000000000       -0.1016355440620900      
   0.9470853661579677     
 b_abs=    1.099943305214127     
 g=  -1.7142938767011402E-002
 j=    0.000000000000000        -144.2662494924525      
    95.23115705760827     
 v_perp_2=    55063034.92031097     
 b_n=  -4.7320484068818131E-004  -0.1025707791524733      
   0.9470812741814441     
 b_para_n=    1.099943311860526     
 dxdt=   -4.524110286157249        -463.3703032682661      
    4234.532753233912     
 dudt=   -3762792.292597055     
 ---------------------
 rk4
 istep=     28000001
 grad_b=   -1.133271971898963       -3.4110264026005130E-003 
   9.1229758161121804E-002
 bsub=  -1.0649016965589963E-003  -7.5282361456118066E-002 
    1.094235530338004     
 bsup=    0.000000000000000       -0.6391489896503094      
   0.9012857729065140     
 b_abs=    1.016820360095841     
 g=  -1.8682889500902380E-002
 j=    0.000000000000000         526.5306748515995      
   -658.6073997504881     
 v_perp_2=    50901794.09855346     
 b_n=   9.0414276314136497E-006  -0.6355734464274146      
   0.9015317278405865     
 b_para_n=    1.016820308623804     
 dxdt=   8.9847210362468150E-002   -3311.199049922315      
    4721.782450803902     
 dudt=   -2077676.627506833     
 ---------------------
 rk4
 istep=     29000001
 grad_b=   0.5771183081132041        7.5861948910310895E-002 
   0.2029169249931725     
 bsub=   1.2722795533882503E-002   0.1679480500202016      
    1.894798008853818     
 bsup=    0.000000000000000        -1.030730316984165      
    1.074630585587232     
 b_abs=    1.364395860199743     
 g=  -8.0855492236298759E-003
 j=    0.000000000000000        -382.2764644088896      
    209.9063548489853     
 v_perp_2=    68301141.69833258     
 b_n=   2.5220453746317375E-004   -1.033239277797031      
    1.074851282970817     
 b_para_n=    1.364395867993407     
 dxdt=    2.519409245034104        -2524.770095304689      
    2608.377484526748     
 dudt=   -2565863.352378423     
 ---------------------
 Elapsed time (seconds):     153.7702770000000     

real	2m33.780s
user	2m33.516s
sys	0m0.016s
>>> [PID 3882312] DONE  u=5500, v_perp=7000, out=bounce/dat369.dat
