>>> [PID 3875112] START u=3000, v_perp=4000, out=bounce/dat301.dat, dt=5.00E-09, steps=30000000
 outer boundary:   8.3000000000000462E-002
 rk4
 istep=            1
 grad_b=  -0.5028818872524810        4.9314534850998168E-003 
  -7.9822669029883525E-003
 bsub=   8.6925175257812348E-003   4.2252264860753772E-002 
    1.020727362314560     
 bsup=    0.000000000000000        0.5003051800672431      
   0.9181486525362375     
 b_abs=   0.9787596225137513     
 g=  -1.6418770558792997E-002
 j=    0.000000000000000         576.0999374682393      
    59.08847876454030     
 v_perp_2=    15999998.78187697     
 b_n=   1.0717047294022201E-005   0.5013293024638856      
   0.9181061718118942     
 b_para_n=   0.9787596259989443     
 dxdt=   6.2047854544364713E-002    1539.416727169331      
    2813.975301388097     
 dudt=    40599.80030096627     
 ---------------------
 rk4
 istep=      1000001
 grad_b=  -0.6144581956544641        2.0465441972347995E-002 
  -2.4440036808042520E-002
 bsub=  -2.5152850257876024E-002  -1.0524298520737080E-002 
    1.032138484006950     
 bsup=    0.000000000000000       -0.2961367224656909      
   0.9342751595685302     
 b_abs=   0.9834371472686607     
 g=  -1.8954121730889888E-002
 j=    0.000000000000000         417.3744482120409      
   -102.4985435235871     
 v_perp_2=    16076449.35646202     
 b_n=   3.5571867731399493E-005  -0.2950544760890096      
   0.9342870574078225     
 b_para_n=   0.9834371427945634     
 dxdt=   0.2053821110963339        -893.2790790995065      
    2837.968402260009     
 dudt=    240148.0803688334     
 ---------------------
 rk4
 istep=      2000001
 grad_b=  -0.8086390279727951       -0.1131123039522659      
   0.1176969069342315     
 bsub=  -3.4509489457665271E-002  -0.2159816163650518      
    1.495520324783077     
 bsup=    0.000000000000000        -1.177559607961096      
   0.8914763088813493     
 b_abs=    1.260040890702398     
 g=  -1.8288333722174508E-002
 j=    0.000000000000000         17.22375162063526      
   -263.8378711063179     
 v_perp_2=    20598135.16827985     
 b_n=  -1.0865586346475379E-004   -1.176648525932164      
   0.8916053733876063     
 b_para_n=    1.260040883783131     
 dxdt=  -0.6042192838822475        -1955.658286037721      
    1485.092353710423     
 dudt=   -1544630.857394851     
 ---------------------
 rk4
 istep=      3000001
 grad_b=   0.1989199264792541       -4.4246759297579978E-002 
  -0.1101062109456436     
 bsub=   3.5398023571310416E-002   2.5886175223689526E-002 
    1.008451733211184     
 bsup=    0.000000000000000        9.5225055616631082E-002 
    1.120070718630449     
 b_abs=    1.064379969018499     
 g=  -1.1309190339335300E-002
 j=    0.000000000000000        -97.44711670393522      
    163.1525743735059     
 v_perp_2=    17399616.43189666     
 b_n=  -9.4028361730884397E-005   9.4764711148940570E-002 
    1.120085841309852     
 b_para_n=    1.064379974201362     
 dxdt=  -0.5223210074391276         244.0878166470607      
    2901.209407076401     
 dudt=    979408.4901930870     
 ---------------------
 rk4
 istep=      4000001
 grad_b=   0.4205035936460227       -5.2181096895120530E-002 
  -0.1696064120189204     
 bsub=   3.6294062865913114E-003   0.1867315884070227      
    2.095475910679137     
 bsup=    0.000000000000000        -1.428928276120947      
    1.073930211033909     
 b_abs=    1.408079379001592     
 g=  -7.1913548842511051E-003
 j=    0.000000000000000         601.5509818934595      
    208.1499993284100     
 v_perp_2=    23018116.87952130     
 b_n=  -8.0231057053530586E-005   -1.429839074698794      
    1.074011516318665     
 b_para_n=    1.408079384121583     
 dxdt=  -0.5460328325083577        -1434.837085644371      
    1074.265655124158     
 dudt=    624492.0752285732     
 ---------------------
 rk4
 istep=      5000001
 grad_b=   0.6735410811240895        5.2747688854313926E-002 
   0.1668090782486297     
 bsub=   1.3894441514259523E-002   0.1372541304315216      
    1.636108183468159     
 bsup=    0.000000000000000       -0.6870786513782348      
    1.097445992861140     
 b_abs=    1.304569618620427     
 g=  -8.2314699189893932E-003
 j=    0.000000000000000        -79.33472339390562      
   -131.3361642327333     
 v_perp_2=    21326005.88113955     
 b_n=   9.0757383407062215E-005  -0.6886526918011024      
    1.097577266677659     
 b_para_n=    1.304569615277664     
 dxdt=   0.5203594044584831        -1018.529670499843      
    1613.198475549460     
 dudt=   -919890.6632963467     
 ---------------------
 rk4
 istep=      6000001
 grad_b=  -0.9375019540718585       -9.8788003321537534E-004 
  -5.1036699270111452E-002
 bsub=  -9.8532615807910319E-003  -7.2484034056114241E-002 
    1.023515945047891     
 bsup=    0.000000000000000       -0.5269067295962697      
   0.9291434264087542     
 b_abs=   0.9946870493581067     
 g=  -1.8216814848598457E-002
 j=    0.000000000000000         1207.865262198875      
   -643.2036872413398     
 v_perp_2=    16260294.48143067     
 b_n=  -8.0828119148749958E-006  -0.5252593024163448      
   0.9292599887184365     
 b_para_n=   0.9946870200592401     
 dxdt=  -4.6370209839656867E-002   -1556.563215511766      
    2762.166613322928     
 dudt=    385387.5253233264     
 ---------------------
 rk4
 istep=      7000001
 grad_b=  -0.9708335511495358       -0.1336887722231361      
   0.1252102855561505     
 bsub=  -7.7983487739816566E-003  -0.1224540502193493      
    1.290400399071471     
 bsup=    0.000000000000000       -0.7866556245919435      
   0.8725745751010158     
 b_abs=    1.105420553774562     
 g=  -2.0214602398555208E-002
 j=    0.000000000000000        -911.0014611772501      
    287.3153562773623     
 v_perp_2=    18070461.72727779     
 b_n=  -1.7523639156234505E-004  -0.7852600596481598      
   0.8727059615486427     
 b_para_n=    1.105420567433833     
 dxdt=  -0.9614056874719374        -1865.651686355359      
    2078.632856750480     
 dudt=   -1585452.365834172     
 ---------------------
 rk4
 istep=      8000001
 grad_b=   0.1989487619706350        7.1155870049883371E-002 
  -0.1619842111510240     
 bsub=  -4.2085197445243562E-003   2.7294554243361260E-002 
    1.118977973709062     
 bsup=    0.000000000000000        0.8844341286761852      
   0.9822406396070202     
 b_abs=    1.059980870544551     
 g=  -1.2306644457669163E-002
 j=    0.000000000000000         793.0991994363319      
    41.02127406129280     
 v_perp_2=    17327640.05064987     
 b_n=   1.7612761497163432E-004   0.8839690455568467      
   0.9822526485954453     
 b_para_n=    1.059980872733798     
 dxdt=   0.9799766396140703         2308.582496719471      
    2566.821450046870     
 dudt=    741609.2722443057     
 ---------------------
 rk4
 istep=      9000001
 grad_b=  -0.3109586710267038        0.1987820038613899      
  -0.1097296053703613     
 bsub=  -2.3665666046207075E-002  -0.1069596384906757      
    1.297114519492047     
 bsup=    0.000000000000000       -0.6890311833721048      
   0.9015880678507621     
 b_abs=    1.114855643462253     
 g=  -2.0607708926739896E-002
 j=    0.000000000000000         34.96964226932218      
    3.104037928515481     
 v_perp_2=    18224670.59147586     
 b_n=   2.6164806132098823E-004  -0.6885996008914274      
   0.9016284297384314     
 b_para_n=    1.114855643470126     
 dxdt=    1.432499101407207        -1606.375601569529      
    2105.233705668639     
 dudt=    1729488.067601510     
 ---------------------
 rk4
 istep=     10000001
 grad_b=  -0.9103168028977069       -9.7175407767003230E-002 
   0.1298060618830090     
 bsub=  -4.6686751538273487E-002  -0.2055572198604539      
    1.501944486326516     
 bsup=    0.000000000000000        -1.182185557701082      
   0.8923500029113278     
 b_abs=    1.258289163136836     
 g=  -1.9082693775128494E-002
 j=    0.000000000000000        -195.9112139824630      
   -125.6193979863903     
 v_perp_2=    20569380.07324232     
 b_n=  -8.6927552494573844E-005   -1.181193485303245      
   0.8924830744177373     
 b_para_n=    1.258289160543143     
 dxdt=  -0.4829628184942996        -1972.083500577950      
    1493.489147606728     
 dudt=   -1498647.326782678     
 ---------------------
 rk4
 istep=     11000001
 grad_b=  -0.1203702446264310       -4.3022425737156068E-002 
  -7.8370975780298016E-002
 bsub=   4.0220604843178104E-002  -1.5663554323760348E-002 
   0.9281011194664271     
 bsup=    0.000000000000000        8.5783422929233133E-003 
    1.122770081900253     
 b_abs=    1.020243382848460     
 g=  -1.1879768411586380E-002
 j=    0.000000000000000        -93.61172679863569      
    159.5783775051541     
 v_perp_2=    16678010.40516094     
 b_n=  -1.0044661626529976E-004   8.8432978972320594E-003 
    1.122778912543651     
 b_para_n=    1.020243388298004     
 dxdt=  -0.5686160747344233         25.75555523067266      
    3174.734876077108     
 dudt=    707898.5258874198     
 ---------------------
 rk4
 istep=     12000001
 grad_b=   0.4181312477135952       -7.0237767496536041E-002 
  -0.2114964681719435     
 bsub=   1.1411943971708156E-002   0.1748560001976336      
    2.002600590438325     
 bsup=    0.000000000000000        -1.369066472977944      
    1.073085622015953     
 b_abs=    1.381423641617064     
 g=  -7.3319661065690475E-003
 j=    0.000000000000000        -1238.199793328107      
    365.8891997505345     
 v_perp_2=    22582240.10378689     
 b_n=  -1.2053418526671575E-004   -1.370042796863813      
    1.073171559900194     
 b_para_n=    1.381423647146702     
 dxdt=  -0.7692702366462614        -1547.236633865498      
    1208.401421059269     
 dudt=    773873.7832532690     
 ---------------------
 rk4
 istep=     13000001
 grad_b=   0.6557907262350195        6.2002629951947011E-002 
   0.1906703612207499     
 bsub=   2.3007289845975280E-002   0.1585270270389244      
    1.785972137282624     
 bsup=    0.000000000000000       -0.8310548922391943      
    1.083225047397915     
 b_abs=    1.342654979477631     
 g=  -8.4643189700241307E-003
 j=    0.000000000000000        -714.2850924434297      
    73.85315592900058     
 v_perp_2=    21948466.05895896     
 b_n=   9.6422131199008437E-005  -0.8324523821878069      
    1.083347849892781     
 b_para_n=    1.342654979715421     
 dxdt=   0.5766065359922972        -1089.602646033659      
    1410.066537797103     
 dudt=   -943644.5117356788     
 ---------------------
 rk4
 istep=     14000001
 grad_b=  -0.6540823922236378       -1.7182189431854331E-003 
  -3.3433973222604385E-003
 bsub=  -2.4086223994854297E-002  -6.1334146731363851E-002 
   0.9469271074226905     
 bsup=    0.000000000000000       -0.3901700922240774      
   0.9967392595671034     
 b_abs=   0.9837163661291061     
 g=  -1.6652262871242572E-002
 j=    0.000000000000000        -413.2815572297029      
    60.08511941674823     
 v_perp_2=    16080862.08386669     
 b_n=  -3.5521574426130016E-006  -0.3889690886165298      
   0.9968169638120798     
 b_para_n=   0.9837163694659415     
 dxdt=  -2.0505751372213665E-002   -1177.595358649950      
    3026.477702401374     
 dudt=    22118.90121752425     
 ---------------------
 rk4
 istep=     15000001
 grad_b=  -0.9486838590327743       -0.1424174089214489      
   0.1351614129408616     
 bsub=  -1.4777106837977859E-002  -0.1514353627790289      
    1.360005670077980     
 bsup=    0.000000000000000       -0.8797333853971667      
   0.8729161006900821     
 b_abs=    1.148976842409143     
 g=  -1.9706299125602282E-002
 j=    0.000000000000000        -83.53547909799892      
    216.9818473956391     
 v_perp_2=    18782372.84881159     
 b_n=  -1.7369200771956956E-004  -0.8784416613620527      
   0.8730580521663798     
 b_para_n=    1.148976850050835     
 dxdt=  -0.9462927491345338        -1902.165648921566      
    1895.181539345758     
 dudt=   -1730583.139598801     
 ---------------------
 rk4
 istep=     16000001
 grad_b=   0.6256805565842414        4.9573297692599758E-002 
  -0.1666394045083837     
 bsub=  -1.4966681794576820E-002   3.9584212144331041E-002 
    1.190029477502890     
 bsup=    0.000000000000000        0.6904439253718916      
    1.038647718530506     
 b_abs=    1.124121072679590     
 g=  -1.0942259946503321E-002
 j=    0.000000000000000        -412.8493789225600      
    192.4087524457853     
 v_perp_2=    18376042.00871734     
 b_n=   1.2772016262622510E-004   0.6889988884106368      
    1.038697396792871     
 b_para_n=    1.124121078372875     
 dxdt=   0.6980301353148208         1572.892198540980      
    2378.283067395482     
 dudt=    1009598.565462654     
 ---------------------
 rk4
 istep=     17000001
 grad_b=   9.0303226822113045E-002   7.8654637247340120E-002 
  -2.8610885652373630E-002
 bsub=  -0.1045616211728615       -7.1541847972025410E-002 
    1.702783240004937     
 bsup=    0.000000000000000        -1.159120229535327      
   0.9864869776457517     
 b_abs=    1.327739067039011     
 g=  -1.5621623864090817E-002
 j=    0.000000000000000        -1223.534699279947      
    117.7256971472566     
 v_perp_2=    21704575.77923230     
 b_n=   9.0948509555602666E-005   -1.159224226882065      
   0.9864881960848719     
 b_para_n=    1.327739070937729     
 dxdt=   0.5338430646200992        -1585.399215685300      
    1348.765926092620     
 dudt=    734987.9743005898     
 ---------------------
 rk4
 istep=     18000001
 grad_b=   -1.160322820466677        3.3130550777808708E-003 
   0.2245571881665263     
 bsub=  -5.9863392698944945E-002  -0.1216625890239060      
    1.485389597702950     
 bsup=    0.000000000000000        -1.083336842248721      
   0.8912401027048049     
 b_abs=    1.206411974173341     
 g=  -2.0513083166582822E-002
 j=    0.000000000000000        -618.4139655531948      
   -215.1612633907809     
 v_perp_2=    19721224.32977522     
 b_n=   2.5957000853916732E-005   -1.081960093934005      
   0.8913539088879220     
 b_para_n=    1.206411969102120     
 dxdt=   0.1417751602416807        -2055.647707172182      
    1697.949269230852     
 dudt=   -1331601.901367971     
 ---------------------
 rk4
 istep=     19000001
 grad_b=  -0.3629911963971579       -3.3174162530565335E-002 
  -4.7360967467907938E-002
 bsub=   3.3803262091424702E-002  -5.2525716409281081E-002 
   0.8773934564042316     
 bsup=    0.000000000000000       -0.1525614256903237      
    1.123969296675485     
 b_abs=   0.9975223277517968     
 g=  -1.1756809376168423E-002
 j=    0.000000000000000         411.3476383932301      
    22.49027064647262     
 v_perp_2=    16306492.36952250     
 b_n=  -8.3304828242601660E-005  -0.1517258815460263      
    1.124022526451216     
 b_para_n=   0.9975223276788149     
 dxdt=  -0.4771626124020555        -446.1550280906383      
    3322.532190220584     
 dudt=    394705.2126038877     
 ---------------------
 rk4
 istep=     20000001
 grad_b=   0.4357999909699990       -7.1999262899018340E-002 
  -0.2079997075160080     
 bsub=   1.9473138597065013E-002   0.1571849292297666      
    1.881434835054662     
 bsup=    0.000000000000000        -1.299295976729166      
    1.076296859655835     
 b_abs=    1.349403697151103     
 g=  -7.5157684023205050E-003
 j=    0.000000000000000        -1775.185920632938      
    289.5704921806926     
 v_perp_2=    22058679.45212761     
 b_n=  -1.3473059150271091E-004   -1.300376262978804      
    1.076388509274869     
 b_para_n=    1.349403700441957     
 dxdt=  -0.8133365395558717        -1657.864614976039      
    1368.475308545265     
 dudt=    789370.0718042131     
 ---------------------
 rk4
 istep=     21000001
 grad_b=   0.6390372726854839        5.1361779283901038E-002 
   0.1839692519608859     
 bsub=   3.2941188773199861E-002   0.1723965444048043      
    1.904977323900414     
 bsup=    0.000000000000000       -0.9275468917920937      
    1.077499518561517     
 b_abs=    1.375671464324499     
 g=  -8.7097195388236518E-003
 j=    0.000000000000000        -213.1269594237936      
    84.00240100335108     
 v_perp_2=    22488058.06881056     
 b_n=   6.6519470367270569E-005  -0.9287653688415285      
    1.077608638952042     
 b_para_n=    1.375671465681798     
 dxdt=   0.4196819415094548        -1076.314057467395      
    1242.075337887647     
 dudt=   -894700.6475011978     
 ---------------------
 rk4
 istep=     22000001
 grad_b=  -0.3519774810367404        6.2190634616868636E-003 
   3.7495926221539300E-002
 bsub=  -3.5061371139790284E-002  -3.6971804404791891E-002 
   0.9216975209645467     
 bsup=    0.000000000000000       -0.2046232881709871      
    1.060002304922817     
 b_abs=   0.9924998888242492     
 g=  -1.4741765793280156E-002
 j=    0.000000000000000         669.3651324330490      
   -209.0736305199828     
 v_perp_2=    16224352.75768994     
 b_n=   1.5191728048788795E-005  -0.2039337125542137      
    1.060030534319737     
 b_para_n=   0.9924998802272892     
 dxdt=   8.7259093997879122E-002   -606.7902330182300      
    3164.012460739856     
 dudt=   -316836.0189699900     
 ---------------------
 rk4
 istep=     23000001
 grad_b=  -0.8123957992990485       -0.1502758547014236      
   0.1344285483750980     
 bsub=  -1.7290000408350749E-002  -0.1943191093102171      
    1.442921370779464     
 bsup=    0.000000000000000        -1.043166913400110      
   0.8824015619657672     
 b_abs=    1.214747978542597     
 g=  -1.8437308602984891E-002
 j=    0.000000000000000         253.7523850771596      
   -119.7316474236574     
 v_perp_2=    19857420.14723882     
 b_n=  -1.6630300257427193E-004   -1.042146753936651      
   0.8825369509434072     
 b_para_n=    1.214747974055982     
 dxdt=  -0.9098571326309557        -1941.831996040844      
    1648.032800921790     
 dudt=   -1852918.386680233     
 ---------------------
 rk4
 istep=     24000001
 grad_b=   0.6408647189243705        1.1242497701966222E-002 
  -0.1517858949953742     
 bsub=  -3.5855762313760364E-003   5.2932262434286254E-002 
    1.155264388197473     
 bsup=    0.000000000000000        0.5437294473565304      
    1.070392305968036     
 b_abs=    1.125147831268275     
 g=  -1.0693285625226865E-002
 j=    0.000000000000000         884.5192472743483      
   -309.1796607525326     
 v_perp_2=    18392719.72424621     
 b_n=   4.1759983247182212E-005   0.5422598513087912      
    1.070459761917244     
 b_para_n=    1.125147822983691     
 dxdt=   0.2281901531188665         1234.149856553857      
    2445.739640760502     
 dudt=    1135838.033840946     
 ---------------------
 rk4
 istep=     25000001
 grad_b=   6.1410676499579320E-002   8.2675770414446237E-002 
   3.4139420759004328E-002
 bsub=  -9.1637934392201789E-002   9.1028593317433390E-002 
    1.914758356144002     
 bsup=    0.000000000000000        -1.065710080600206      
    1.045000591934113     
 b_abs=    1.380106332251906     
 g=  -1.2526023510688246E-002
 j=    0.000000000000000        -758.0982374986705      
   -216.7426969181619     
 v_perp_2=    22560492.55012137     
 b_n=   1.0628965085461224E-004   -1.065792766206648      
    1.045009605978735     
 b_para_n=    1.380106327034025     
 dxdt=   0.6765092695101484        -1206.610341345134      
    1182.704197132111     
 dudt=    310524.3735044546     
 ---------------------
 rk4
 istep=     26000001
 grad_b=  -0.3242665938275787        0.1663034651103509      
   0.3103655142027975     
 bsub=  -5.7222575963797345E-002  -9.5066751508988117E-003 
    1.490250879103154     
 bsup=    0.000000000000000        -1.273937273304248      
   0.9627299800209347     
 b_abs=    1.202716758756510     
 g=  -1.3474442452134033E-002
 j=    0.000000000000000        -133.0519862952667      
   -98.93506082990565     
 v_perp_2=    19660703.65046953     
 b_n=   3.1102942018607565E-004   -1.273359977831236      
   0.9627456031442323     
 b_para_n=    1.202716755686857     
 dxdt=    1.697740891752587        -2444.371364323657      
    1849.707992323545     
 dudt=   -590815.2449349058     
 ---------------------
 rk4
 istep=     27000001
 grad_b=  -0.5541412812877831       -2.7002264106460054E-002 
  -2.9928524351948566E-002
 bsub=   1.9770625596986564E-002  -8.1567325078978209E-002 
   0.8351799808008182     
 bsup=    0.000000000000000       -0.2567589160956985      
    1.139658353825549     
 b_abs=   0.9867210083028181     
 g=  -1.0593555220818771E-002
 j=    0.000000000000000         628.7487682462727      
    84.97663889504675     
 v_perp_2=    16129829.16493475     
 b_n=  -7.5500403723577361E-005  -0.2553625970569984      
    1.139796512645133     
 b_para_n=   0.9867210090944595     
 dxdt=  -0.4350872774061830        -766.9453574051151      
    3440.699943575625     
 dudt=    225104.5548568668     
 ---------------------
 rk4
 istep=     28000001
 grad_b=   0.4801014596467405       -6.9749771191268822E-002 
  -0.1868122245347407     
 bsub=   3.0102046683444440E-002   0.1337138000771466      
    1.747340857719416     
 bsup=    0.000000000000000        -1.222369107171072      
    1.082915629301611     
 b_abs=    1.315571043267568     
 g=  -7.8241853924988659E-003
 j=    0.000000000000000        -69.30735553718372      
   -249.4750967991503     
 v_perp_2=    21505492.56938077     
 b_n=  -1.3993718122054080E-004   -1.223588754540281      
    1.083011367785088     
 b_para_n=    1.315571036946193     
 dxdt=  -0.8106944488759580        -1743.990665197089      
    1539.323212485322     
 dudt=    727164.1709544632     
 ---------------------
 rk4
 istep=     29000001
 grad_b=   0.5699680259957147        1.4264869025446459E-002 
   0.1281129494730705     
 bsub=   4.6037210361931785E-002   0.1749252584177270      
    1.979704221239824     
 bsup=    0.000000000000000       -0.9927865546217194      
    1.075233204741947     
 b_abs=    1.398241483630867     
 g=  -9.1890151199984990E-003
 j=    0.000000000000000         127.0526332251146      
    142.6640545668072     
 v_perp_2=    22856876.81248333     
 b_n=   4.9700126093508022E-006  -0.9937434416309562      
    1.075317641140774     
 b_para_n=    1.398241486629871     
 dxdt=   3.2951970646106311E-002   -1045.779164980046      
    1126.315248212446     
 dudt=   -722442.5085966001     
 ---------------------
 Elapsed time (seconds):     153.7398990000000     

real	2m33.750s
user	2m33.474s
sys	0m0.017s
>>> [PID 3875112] DONE  u=3000, v_perp=4000, out=bounce/dat301.dat
