>>> [PID 3885753] START u=6000, v_perp=9000, out=bounce/dat412.dat, dt=5.00E-09, steps=30000000
 outer boundary:   8.3000000000000462E-002
 rk4
 istep=            1
 grad_b=  -0.5028810756438631        4.9306949680657935E-003 
  -7.9806543702733157E-003
 bsub=   8.6927273506984155E-003   4.2252146815023151E-002 
    1.020727821594816     
 bsup=    0.000000000000000        0.5002902187924636      
   0.9181487932381120     
 b_abs=   0.9787595480138646     
 g=  -1.6418846276978906E-002
 j=    0.000000000000000         576.0999820097070      
    59.07729329459896     
 v_perp_2=    80999987.66780432     
 b_n=   2.1430644816690450E-005   0.5023384523290879      
   0.9180638325545604     
 b_para_n=   0.9787595549833090     
 dxdt=   0.2791704226728890         3093.565192205336      
    5627.337576537875     
 dudt=    205493.1366316408     
 ---------------------
 rk4
 istep=      1000001
 grad_b=   0.1453791547560387       -6.7850353502439828E-002 
  -0.1163932693804617     
 bsub=   4.3879009711537319E-002   2.0953370403867286E-002 
    1.009681057561658     
 bsup=    0.000000000000000       -0.1281519663766626      
    1.140015508488562     
 b_abs=    1.071842154073805     
 g=  -9.8934288483655784E-003
 j=    0.000000000000000         17.50962467091995      
    61.46551879097092     
 v_perp_2=    88703103.45965789     
 b_n=  -3.2348266609480832E-004  -0.1288956645260164      
    1.140045004094797     
 b_para_n=    1.071842157873858     
 dxdt=   -4.121714244439705        -645.4858285268932      
    5658.198418303631     
 dudt=    4786879.405035655     
 ---------------------
 rk4
 istep=      2000001
 grad_b=  -0.6742820138560517       -6.6559169187366304E-002 
   7.2912202468640566E-002
 bsub=  -3.3488603098573898E-002  -0.2228462413652947      
    1.528207944871575     
 bsup=    0.000000000000000        -1.257138494278197      
   0.9039851278035652     
 b_abs=    1.289110049789692     
 g=  -1.7395319192726307E-002
 j=    0.000000000000000         570.6591238173278      
   -151.0981898207530     
 v_perp_2=    106683443.8773476     
 b_n=   9.9347089712688771E-005   -1.258333450242090      
   0.9038130617429579     
 b_para_n=    1.289110058888241     
 dxdt=   -1.527401428849278         3150.650927856826      
   -2249.718958411861     
 dudt=   -4801507.069860765     
 ---------------------
 rk4
 istep=      3000001
 grad_b=  -0.6259369991372545       -1.3599047780260977E-002 
  -5.2882384570620278E-002
 bsub=   8.1246700508173203E-002  -0.1842901120247922      
    1.590850114409393     
 bsup=    0.000000000000000        -1.292381892505046      
   0.9289248340958601     
 b_abs=    1.309784093932262     
 g=  -1.8065844799900373E-002
 j=    0.000000000000000         98.55742750013931      
    2.830935215242562     
 v_perp_2=    108394147.3695101     
 b_n=   3.1073137965962906E-005   -1.293363683197019      
   0.9288095130466409     
 b_para_n=    1.309784094239335     
 dxdt=  -0.5078883229606233         2910.644241792648      
   -2078.663441205625     
 dudt=    996681.3915226862     
 ---------------------
 rk4
 istep=      4000001
 grad_b=   0.5872684227776702       -1.8692326294046033E-003 
  -0.1090812308648888     
 bsub=  -5.8086160162425231E-002   0.1621595505756308      
    1.981546511635317     
 bsup=    0.000000000000000        -1.020258618111049      
    1.068750657088262     
 b_abs=    1.397257312427287     
 g=  -9.6303177602058542E-003
 j=    0.000000000000000         216.1889339398039      
    112.9041565061629     
 v_perp_2=    115632912.7305329     
 b_n=  -9.0981048567671188E-006   -1.019505662142856      
    1.068688770919305     
 b_para_n=    1.397257310389844     
 dxdt=   0.3295924443001768         826.4754854151357      
   -892.0887933138632     
 dudt=    3395953.579489315     
 ---------------------
 rk4
 istep=      5000001
 grad_b=   0.6530802744028799        7.3208361019541202E-002 
  -0.1407225511203588     
 bsub=  -9.5403381293258704E-002   5.7301650355884304E-004 
    1.661753666421603     
 bsup=    0.000000000000000       -0.8919623706299024      
    1.008743990680177     
 b_abs=    1.294533890990625     
 g=  -1.3596254683648359E-002
 j=    0.000000000000000         290.2832066797769      
    554.6838783716416     
 v_perp_2=    107131648.9639264     
 b_n=   1.7558510472110486E-004  -0.8935083267004479      
    1.008754622028323     
 b_para_n=    1.294533913709785     
 dxdt=    2.738898609726671        -2188.604082691499      
    2448.043905646972     
 dudt=    6624617.159246439     
 ---------------------
 rk4
 istep=      6000001
 grad_b=  -7.7882634868341238E-002  -0.1163550802605124      
  -0.1577207418942099     
 bsub=   5.6023143744490911E-002   6.8789868570381801E-003 
    1.054834655799443     
 bsup=    0.000000000000000       -0.5747595306086046      
    1.118054956719036     
 b_abs=    1.083577311846595     
 g=  -8.8713206981420687E-003
 j=    0.000000000000000        -688.5323927502102      
    96.64437163944999     
 v_perp_2=    89673301.46562704     
 b_n=  -6.3869791744227821E-004  -0.5743746384596584      
    1.118086374308619     
 b_para_n=    1.083577317536165     
 dxdt=   -8.136906975183578        -2767.904577720216      
    5394.224919783364     
 dudt=    4180101.068243176     
 ---------------------
 rk4
 istep=      7000001
 grad_b=  -0.7940412480029101        0.1473742846624440      
  -0.1343740685611354     
 bsub=   1.1432811998057024E-002  -0.1818706804988065      
    1.442197456214308     
 bsup=    0.000000000000000        -1.031232744418926      
   0.8885631340690427     
 b_abs=    1.211896171183202     
 g=  -1.8188708190021680E-002
 j=    0.000000000000000         321.8518847140106      
   -70.21067278323109     
 v_perp_2=    100292329.8737846     
 b_n=   3.0110639458938703E-004   -1.029402075343302      
   0.8887916017112892     
 b_para_n=    1.211896165336764     
 dxdt=    4.063723749965182        -3453.450865801888      
    3000.042588818199     
 dudt=    9265772.390423290     
 ---------------------
 rk4
 istep=      8000001
 grad_b=   0.5561405497096015       -7.2488690099649089E-002 
  -0.1759969317195551     
 bsub=   3.4390854895420778E-002   0.1121168580280289      
    1.617576353930082     
 bsup=    0.000000000000000        -1.026308880914485      
    1.085422464955202     
 b_abs=    1.281286340621814     
 g=  -8.2405217635966900E-003
 j=    0.000000000000000         1214.579003104836      
   -239.8718370748303     
 v_perp_2=    106034577.8581823     
 b_n=   2.4973100528743265E-004   -1.023989800281337      
    1.085256421516314     
 b_para_n=    1.281286347299789     
 dxdt=   -3.765960875028618         2617.461465340951      
   -2802.705349308915     
 dudt=    3766642.363746562     
 ---------------------
 rk4
 istep=      9000001
 grad_b=  -2.0015768351496238E-002   9.7623323091212910E-002 
  -0.1237333851021303     
 bsub=  -1.8276071923657367E-002   1.0076719171269170E-002 
    1.155247151242827     
 bsup=    0.000000000000000        0.1441411557869001      
   0.9536272811146208     
 b_abs=    1.050271561421867     
 g=  -1.6613628837228396E-002
 j=    0.000000000000000        -382.6427109372114      
    71.94636695437367     
 v_perp_2=    86916470.21949270     
 b_n=  -3.5702331509425238E-004   0.1440617012904590      
   0.9536223213233835     
 b_para_n=    1.050271556240769     
 dxdt=    4.557891297766193        -751.7355047364724      
   -4980.075652833907     
 dudt=    4094336.923686593     
 ---------------------
 rk4
 istep=     10000001
 grad_b=   0.3746613861430329        6.4257018072612138E-002 
   0.1290045280947523     
 bsub=  -4.6679566627091329E-002   0.1536717253119858      
    2.067834502137282     
 bsup=    0.000000000000000        -1.461037154568128      
    1.067408693697292     
 b_abs=    1.408272538415955     
 g=  -8.8220891128642752E-003
 j=    0.000000000000000        -917.8913689904147      
    434.5456641151554     
 v_perp_2=    116543049.5371973     
 b_n=  -4.5693143753984666E-005   -1.460721573144735      
    1.067384207376895     
 b_para_n=    1.408272535021591     
 dxdt=    2.818892580190278         681.8400808319728      
   -510.8535382406062     
 dudt=   -1287484.847308948     
 ---------------------
 rk4
 istep=     11000001
 grad_b=   0.8517538160231718       -1.3837029756197194E-002 
  -0.1618896471242547     
 bsub=  -2.7264913870814277E-002   8.2350732255178583E-002 
    1.405198909460370     
 bsup=    0.000000000000000       -0.2337656639381350      
    1.091768360579546     
 b_abs=    1.230631443212111     
 g=  -8.9077481223992800E-003
 j=    0.000000000000000         1027.537035569150      
   -9.433884856442937     
 v_perp_2=    101842000.2467874     
 b_n=  -1.8453561183501596E-005  -0.2373659382652855      
    1.091978996282737     
 b_para_n=    1.230631445623892     
 dxdt=  -0.2545044853590124        -789.2144869867426      
    3456.913845360073     
 dudt=    5834045.640802532     
 ---------------------
 rk4
 istep=     12000001
 grad_b=   8.9474557974240310E-002   5.0129280656144380E-002 
   0.1030931406974462     
 bsub=  -3.8257723731719373E-002   1.2893004993832585E-002 
   0.9775996231792529     
 bsup=    0.000000000000000        6.9451513076776217E-002 
    1.123413048930924     
 b_abs=    1.048699826942602     
 g=  -1.1446049379748077E-002
 j=    0.000000000000000         361.6164005343387      
    15.44966209697822     
 v_perp_2=    86785927.80551273     
 b_n=  -2.1779788177387412E-004   6.9869085446747248E-002 
    1.123399017035336     
 b_para_n=    1.048699825643853     
 dxdt=    2.781108410063360        -369.3605595298156      
   -5888.161114177608     
 dudt=   -4707067.345305292     
 ---------------------
 rk4
 istep=     13000001
 grad_b=   -1.130284537291296        1.6250780982592875E-002 
  -9.2726493078425565E-002
 bsub=   1.4471075576009962E-004  -7.4841044699709550E-002 
    1.106295745654664     
 bsup=    0.000000000000000       -0.6525136916784398      
   0.8929688898433655     
 b_abs=    1.017993467923806     
 g=  -1.9176674500299699E-002
 j=    0.000000000000000         661.7622976720897      
   -697.2719991570614     
 v_perp_2=    84244573.62452978     
 b_n=   3.3256900445368165E-005  -0.6487463520507030      
   0.8932236916430564     
 b_para_n=    1.017993408322378     
 dxdt=   0.4274136408126488        -3620.064109908051      
    5023.613445899159     
 dudt=    3796615.583736133     
 ---------------------
 Particle has exited the domain at step      13593514  s =  
   8.3000006134615445E-002
 Elapsed time (seconds):     70.10814499999999     

real	1m10.118s
user	1m9.986s
sys	0m0.015s
>>> [PID 3885753] DONE  u=6000, v_perp=9000, out=bounce/dat412.dat
