>>> [PID 3843060] START u=7500, v_perp=-8000, out=bounce/dat58.dat, dt=5.00E-09, steps=30000000
 outer boundary:   8.3000000000000462E-002
 rk4
 istep=            1
 grad_b=  -0.5028806813061729        4.9303118895861406E-003 
  -7.9798441753246158E-003
 bsub=   8.6928317501211785E-003   4.2252087994103654E-002 
    1.020728051469404     
 bsup=    0.000000000000000        0.5002827542449475      
   0.9181488626043051     
 b_abs=   0.9787595107698590     
 g=  -1.6418884120475943E-002
 j=    0.000000000000000         576.0999693616722      
    59.07164994436932     
 v_perp_2=    63999987.82069851     
 b_n=   2.6786126611976292E-005   0.5028430388979442      
   0.9180426622374160     
 b_para_n=   0.9787595194810697     
 dxdt=   0.3220233634893648         3864.326994656293      
    7034.279032026812     
 dudt=    162347.7607309102     
 ---------------------
 rk4
 istep=      1000001
 grad_b=   0.5797448269767645       -6.4509455712834674E-002 
  -0.1621739628149494     
 bsub=   8.2700991164106983E-003   0.1346463109506627      
    1.659490879907519     
 bsup=    0.000000000000000       -0.8763924703062445      
    1.093847777312550     
 b_abs=    1.303315915272664     
 g=  -7.8434964969903223E-003
 j=    0.000000000000000         291.7653416932537      
    176.9533395437930     
 v_perp_2=    85221911.31784424     
 b_n=  -3.9602297972761555E-004  -0.8808697126852737      
    1.094213033429434     
 b_para_n=    1.303315930522948     
 dxdt=   -3.986053707517745        -4024.826960344149      
    4970.919306953184     
 dudt=    3031784.222342854     
 ---------------------
 rk4
 istep=      2000001
 grad_b=   -1.148506328862166       -8.6474089005006721E-002 
   0.1262317472631677     
 bsub=  -8.6439526381490474E-003  -9.4267568629888290E-002 
    1.234138692035981     
 bsup=    0.000000000000000       -0.7498470397705255      
   0.8780852504811111     
 b_abs=    1.074429269279211     
 g=  -2.0020513452720403E-002
 j=    0.000000000000000        -1198.520673024748      
    330.7194304528230     
 v_perp_2=    70254957.67476326     
 b_n=  -3.0348389541264855E-004  -0.7453140787006617      
   0.8784294038628531     
 b_para_n=    1.074429311242021     
 dxdt=   -3.400461372298022        -4883.880966609433      
    5782.451649027990     
 dudt=   -5345921.758938742     
 ---------------------
 rk4
 istep=      3000001
 grad_b=  -0.6877931824135908       -2.5241894754281166E-003 
   2.1210605525037729E-004
 bsub=   1.6687421462319761E-003  -9.3973263739425134E-002 
   0.8095333390743660     
 bsup=    0.000000000000000       -0.2848934417791396      
    1.162793348002237     
 b_abs=   0.9841237474424418     
 g=  -9.6783280776132335E-003
 j=    0.000000000000000         212.0918822584898      
   -365.6284821032495     
 v_perp_2=    64349669.77712192     
 b_n=  -1.6885092823144579E-005  -0.2802472331882664      
    1.163332690841047     
 b_para_n=   0.9841237153804604     
 dxdt=  -0.2021156898607744        -2108.796705089260      
    8840.509685141356     
 dudt=   -32083.84111416628     
 ---------------------
 rk4
 istep=      4000001
 grad_b=   -1.029053108288584        0.1253966762870475      
  -0.1349390349622651     
 bsub=   1.3854236147489221E-002  -0.1304851999592347      
    1.327828814680291     
 bsup=    0.000000000000000       -0.8362307925455735      
   0.8756617057957508     
 b_abs=    1.127647137463510     
 g=  -1.9811933358441593E-002
 j=    0.000000000000000        -450.3800799936266      
    354.8086846439558     
 v_perp_2=    73733935.95920911     
 b_n=   4.2170893081838317E-004  -0.8323661809423079      
   0.8760371113376670     
 b_para_n=    1.127647174827187     
 dxdt=    4.572112563586556        -5015.815753434085      
    5300.272698706418     
 dudt=    6466068.608928276     
 ---------------------
 rk4
 istep=      5000001
 grad_b=   0.6860296202476605        5.5108598968003422E-002 
   0.1601390935583731     
 bsub=   1.6504231901308328E-003   0.1237893471858167      
    1.563211135702313     
 bsup=    0.000000000000000       -0.6659789899711912      
    1.105563820245957     
 b_abs=    1.283187046810493     
 g=  -8.0799373162161146E-003
 j=    0.000000000000000         456.5407035706386      
   -148.5163904249864     
 v_perp_2=    83903809.66318877     
 b_n=   3.1441350937010760E-004  -0.6710616257943043      
    1.105965970916372     
 b_para_n=    1.283187038355796     
 dxdt=    3.182235999963287        -3180.402439386539      
    5198.325715024564     
 dudt=   -3575698.016379120     
 ---------------------
 rk4
 istep=      6000001
 grad_b=  -0.2813665124450799        9.2194163761439824E-002 
  -9.0491936411959170E-002
 bsub=  -1.1373367725394837E-002   2.1077705600242178E-002 
    1.107450895476116     
 bsup=    0.000000000000000        0.1447646013233318      
   0.9185063904352481     
 b_abs=    1.010098922922358     
 g=  -1.8473775326151430E-002
 j=    0.000000000000000        -131.6652738046404      
   -47.53779726979752     
 v_perp_2=    66047025.98394446     
 b_n=   4.2500174365145697E-004   0.1460420668500654      
   0.9184864368177346     
 b_para_n=    1.010098917665041     
 dxdt=    4.984987157590444         1070.123738212140      
    6694.446156229782     
 dudt=    2258246.337483309     
 ---------------------
 rk4
 istep=      7000001
 grad_b=   0.4133801911024715       -6.7070643365199245E-002 
  -0.1892963607065196     
 bsub=   2.4526583266156539E-002   0.1709839809041688      
    2.080980275306128     
 bsup=    0.000000000000000        -1.584139586942588      
    1.074200172985541     
 b_abs=    1.401236122599947     
 g=  -7.5950650715955557E-003
 j=    0.000000000000000        -1769.445234917209      
    332.7337758925138     
 v_perp_2=    91621705.27361378     
 b_n=  -4.0240119930378006E-004   -1.587386025237985      
    1.074471669091242     
 b_para_n=    1.401236136566729     
 dxdt=   -3.995323422749063        -6081.180485084091      
    4104.468568571621     
 dudt=    2265342.475332442     
 ---------------------
 rk4
 istep=      8000001
 grad_b=  -0.4828494794386421        4.5038159485186191E-003 
  -1.5502254064637469E-002
 bsub=   3.3144496041296476E-002  -3.5683406890683174E-002 
   0.9489905189051470     
 bsup=    0.000000000000000       -0.2700099933479476      
    1.017242947208435     
 b_abs=   0.9873243100362569     
 g=  -1.6298382183335576E-002
 j=    0.000000000000000         534.0881240375618      
   -95.35013094850305     
 v_perp_2=    64557170.50591520     
 b_n=   1.8284392246732758E-005  -0.2677607909894607      
    1.017326870376457     
 b_para_n=   0.9873242990113061     
 dxdt=   0.2183045272679847        -2014.036388499891      
    7689.907181004300     
 dudt=    562440.8787081011     
 ---------------------
 rk4
 istep=      9000001
 grad_b=  -0.7577373560790022       -0.1266503980207330      
  -0.1609405109349624     
 bsub=   4.1529145669790282E-002  -7.0850709514068619E-002 
    1.075821907300877     
 bsup=    0.000000000000000       -0.5853628416102674      
   0.9754638792974152     
 b_abs=    1.044149191462228     
 g=  -1.3078651396826072E-002
 j=    0.000000000000000         64.18519819153423      
   -506.3532114505944     
 v_perp_2=    68272318.24496123     
 b_n=  -7.8103043600120958E-004  -0.5810862180659400      
   0.9757756292965715     
 b_para_n=    1.044149143709956     
 dxdt=   -8.934503032227989        -3992.843181503790      
    6738.868978744484     
 dudt=    2594242.778823214     
 ---------------------
 rk4
 istep=     10000001
 grad_b=  -0.6489098917265336       -8.3721278573873792E-002 
   8.1270868277021069E-002
 bsub=  -2.3910935083835155E-002  -0.2258179194568469      
    1.518487982738138     
 bsup=    0.000000000000000        -1.237923360192216      
   0.9008487631894917     
 b_abs=    1.283609363072108     
 g=  -1.7170129050567820E-002
 j=    0.000000000000000         410.1901064139764      
   -221.9283732667639     
 v_perp_2=    83929122.68537544     
 b_n=  -2.4242292887376309E-004   -1.235731672287964      
   0.9011708594664012     
 b_para_n=    1.283609342413214     
 dxdt=   -2.453256148051199        -5790.000812107653      
    4232.839005531703     
 dudt=   -4504314.176614741     
 ---------------------
 rk4
 istep=     11000001
 grad_b=   0.5259034683347188        4.2503278530912694E-002 
   0.1422662737859722     
 bsub=  -2.2443201772110122E-002   5.5624591788073774E-002 
    1.122489493088817     
 bsup=    0.000000000000000        2.4095435016194489E-002 
    1.121645026296463     
 b_abs=    1.122625728319354     
 g=  -9.8638858614629697E-003
 j=    0.000000000000000         434.2889128827968      
    58.02386065882732     
 v_perp_2=    73402736.60808168     
 b_n=   2.2922380461064734E-004   2.0676844550142976E-002 
    1.121819022911207     
 b_para_n=    1.122625734694249     
 dxdt=    2.492419380055945         109.7352686152930      
    6840.418714793283     
 dudt=   -4676771.647015723     
 ---------------------
 rk4
 istep=     12000001
 grad_b=   8.9577296152903885E-002   0.1978145904959281      
  -0.1132644925243677     
 bsub=  -4.7106026157714781E-002  -0.1302324240015633      
    1.405783517293299     
 bsup=    0.000000000000000       -0.7986882260696648      
   0.9234555395368805     
 b_abs=    1.184111686893484     
 g=  -1.9407417199828809E-002
 j=    0.000000000000000        -583.6897819912583      
    312.4798143849856     
 v_perp_2=    77422584.49985735     
 b_n=   6.6253808807945199E-004  -0.7989916706031351      
   0.9234496557425074     
 b_para_n=    1.184111718511690     
 dxdt=    6.971437294436480        -4417.326969302456      
    5103.627480238895     
 dudt=    7249833.825793844     
 ---------------------
 rk4
 istep=     13000001
 grad_b=   0.5304187775000092       -2.8254891832302960E-003 
   8.5223121058842111E-002
 bsub=   4.8591577229813401E-002   0.1722073687466668      
    2.020798857466486     
 bsup=    0.000000000000000        -1.079109476436628      
    1.072537491029726     
 b_abs=    1.407815428464946     
 g=  -9.2128181259898013E-003
 j=    0.000000000000000         292.0044879618773      
    182.7068655508469     
 v_perp_2=    92048818.29144385     
 b_n=  -6.2026000793358318E-005   -1.082358142309211      
    1.072815835875355     
 b_para_n=    1.407815443241718     
 dxdt=  -0.6158114003133742        -4102.806945979381      
    4048.526170934446     
 dudt=   -2193393.754047600     
 ---------------------
 rk4
 istep=     14000001
 grad_b=   0.4559441241999695       -3.9133896580114333E-003 
  -0.1302193923919706     
 bsub=   1.5309741222386888E-002   4.6472233339865311E-002 
    1.082805086832323     
 bsup=    0.000000000000000        0.3685211778970293      
    1.082131470221845     
 b_abs=    1.089941893166495     
 g=  -1.1620574886060012E-002
 j=    0.000000000000000        -563.0382693902612      
   -119.5524840061988     
 v_perp_2=    71264544.58589967     
 b_n=   9.6220663062494251E-006   0.3658920260967277      
    1.082244160962876     
 b_para_n=    1.089941881113580     
 dxdt=   0.1067317315713847         2337.261313449499      
    6950.057249455922     
 dudt=    4269887.890700743     
 ---------------------
 rk4
 istep=     15000001
 grad_b=  -0.9347376707072460       -0.1167845870508331      
  -0.2833043493420923     
 bsub=   5.3715665332537882E-002  -6.0203920946698908E-002 
    1.435275094182064     
 bsup=    0.000000000000000        -1.097338548457794      
   0.9072495606983252     
 b_abs=    1.169572982527944     
 g=  -1.7755670246553536E-002
 j=    0.000000000000000        -764.3377386297676      
    739.5135981933885     
 v_perp_2=    76470678.91489351     
 b_n=  -5.2631416440268087E-004   -1.093558449259377      
   0.9074278752749395     
 b_para_n=    1.169573052948446     
 dxdt=   -5.577958979538636        -6167.881683269266      
    5134.448224523430     
 dudt=    3602317.968028198     
 ---------------------
 rk4
 istep=     16000001
 grad_b=   -1.273141228240976       -3.7840271007565429E-002 
   0.1333052031000702     
 bsub=  -1.3230483016885803E-002  -8.5205934074685102E-002 
    1.200547572345157     
 bsup=    0.000000000000000       -0.7594161754486750      
   0.8782913349848189     
 b_abs=    1.057951815746465     
 g=  -1.9706111774096154E-002
 j=    0.000000000000000        -660.7799665841931      
   -350.2138624703104     
 v_perp_2=    69172163.12588403     
 b_n=  -1.1549425504642047E-004  -0.7542409465949272      
   0.8786573344957556     
 b_para_n=    1.057951785178513     
 dxdt=   -1.308504973054321        -5071.518202241515      
    5937.346538518045     
 dudt=   -4505849.518941824     
 ---------------------
 rk4
 istep=     17000001
 grad_b=  -0.3776995073365066        1.1520904529902063E-002 
   3.5409572854936705E-002
 bsub=  -3.5029586142921426E-002  -4.3260210801885274E-002 
   0.9099470840166536     
 bsup=    0.000000000000000       -0.2076381249167399      
    1.077438935926451     
 b_abs=   0.9948966154632921     
 g=  -1.3960711349109946E-002
 j=    0.000000000000000         572.5918213916868      
   -274.8783302389190     
 v_perp_2=    65049018.12016688     
 b_n=   6.7583204664431297E-005  -0.2057118806076993      
    1.077533084432639     
 b_para_n=   0.9948965883369710     
 dxdt=   0.8020713980112628        -1527.749673224854      
    8047.267482322733     
 dudt=   -1175020.348679377     
 ---------------------
 rk4
 istep=     18000001
 grad_b=  -0.6503571468191387        3.4030140136977700E-002 
   0.1114122920159629     
 bsub=  -9.2369217918251853E-002  -0.1257416988922106      
    1.648913015689567     
 bsup=    0.000000000000000        -1.236260483488800      
   0.9513911631019559     
 b_abs=    1.313246841431063     
 g=  -1.7897533737976406E-002
 j=    0.000000000000000         1242.010609002322      
   -443.5303328744175     
 v_perp_2=    85863172.75608173     
 b_n=   1.3936711198963628E-004   -1.234149506970456      
   0.9515599160336916     
 b_para_n=    1.313246801758932     
 dxdt=    1.399266923045525        -5499.067863662858      
    4249.932210068635     
 dudt=   -1591347.522376901     
 ---------------------
 rk4
 istep=     19000001
 grad_b=   0.7856003414565439        6.3089143112143396E-003 
   0.1684503571628289     
 bsub=   5.4773835220052927E-002   9.9130298240326029E-002 
    1.614261083320033     
 bsup=    0.000000000000000       -0.6332678336898849      
    1.067617892854139     
 b_abs=    1.288779060649096     
 g=  -9.6305014411659645E-003
 j=    0.000000000000000        -1671.547429292010      
    103.5390915001555     
 v_perp_2=    84262912.16934948     
 b_n=  -2.5558280658033633E-005  -0.6382072661480699      
    1.067922086166391     
 b_para_n=    1.288779060717380     
 dxdt=  -0.2582457645903917        -2997.601818060792      
    4972.551044465156     
 dudt=   -4460454.531982601     
 ---------------------
 rk4
 istep=     20000001
 grad_b=   0.8088005109245338       -8.1044240355667291E-003 
  -0.1621880527363285     
 bsub=  -4.2398127765781786E-002   9.1055997776698608E-002 
    1.514242655428045     
 bsup=    0.000000000000000       -0.4408477146582872      
    1.077678447170168     
 b_abs=    1.261907601785673     
 g=  -9.2193489814911336E-003
 j=    0.000000000000000         528.6411926708706      
   -169.2366678762784     
 v_perp_2=    82505575.68549317     
 b_n=   1.0927849927996445E-005  -0.4461792988750117      
    1.077999348657235     
 b_para_n=    1.261907591229388     
 dxdt=   0.1113507843553701        -2200.612332225519      
    5249.991851342068     
 dudt=    4435455.972962648     
 ---------------------
 rk4
 istep=     21000001
 grad_b=  -0.6595795481579581       -1.3154762821072127E-002 
  -9.4130890513936721E-002
 bsub=   8.0745945592361840E-002  -0.1748078235911008      
    1.590124482346143     
 bsup=    0.000000000000000        -1.260937803234379      
   0.9303774700184715     
 b_abs=    1.303712262101531     
 g=  -1.8687017445617689E-002
 j=    0.000000000000000         878.5170144316962      
   -247.5199094116858     
 v_perp_2=    85238322.16114804     
 b_n=  -7.2836965999686551E-005   -1.258908485052515      
   0.9306042380113808     
 b_para_n=    1.303712237059884     
 dxdt=  -0.7329902828583232        -5702.507728494937      
    4224.920664352589     
 dudt=    1780076.391239135     
 ---------------------
 rk4
 istep=     22000001
 grad_b=  -0.5385332795429777       -3.6792889552513253E-003 
  -1.5323674944519278E-002
 bsub=   2.8255685685669347E-002  -5.8441911307895660E-002 
   0.9151521087455701     
 bsup=    0.000000000000000       -0.3275204133733086      
    1.046403338879674     
 b_abs=   0.9879911260611471     
 g=  -1.4869147329143769E-002
 j=    0.000000000000000         177.5442480354588      
    22.22436499695726     
 v_perp_2=    64595757.73956353     
 b_n=  -2.2920995445143836E-005  -0.3248726424366114      
    1.046573135168357     
 b_para_n=   0.9879911270621243     
 dxdt=  -0.2735128290445211        -2441.463556409274      
    7903.265340604221     
 dudt=    490682.5287559297     
 ---------------------
 rk4
 istep=     23000001
 grad_b=   -1.191232763676097        1.9292808462399426E-002 
  -0.1051446134772440     
 bsub=   3.6979779548548652E-003  -7.5416136982158835E-002 
    1.130484091345958     
 bsup=    0.000000000000000       -0.6830185677999376      
   0.8922179249650659     
 b_abs=    1.029447210804977     
 g=  -1.9112246015784835E-002
 j=    0.000000000000000         138.2588102681294      
   -551.0999656222384     
 v_perp_2=    67305775.96260759     
 b_n=   5.2166830580817138E-005  -0.6779588930687288      
   0.8925552400626384     
 b_para_n=    1.029447153629391     
 dxdt=   0.6030941688876797        -4769.177694249509      
    6310.222450307385     
 dudt=    3397472.586009932     
 ---------------------
 rk4
 istep=     24000001
 grad_b=  -0.6219985281303603        0.1501023484328074      
   0.3040362908816355     
 bsub=  -5.9537411406978637E-002  -3.0488704408967636E-002 
    1.516840851944729     
 bsup=    0.000000000000000        -1.205859021680636      
   0.9388847835393240     
 b_abs=    1.208738894166952     
 g=  -1.5971131474571791E-002
 j=    0.000000000000000        -1057.009271646412      
    719.3390654057982     
 v_perp_2=    79027557.49258669     
 b_n=   6.8205788123032332E-004   -1.203195436652961      
   0.9389651450751818     
 b_para_n=    1.208738959063730     
 dxdt=    7.095610735885540        -6377.462905546770      
    4987.919276874487     
 dudt=   -2824896.477360672     
 ---------------------
 rk4
 istep=     25000001
 grad_b=   0.6434882365018783       -3.2952257507281001E-003 
   0.1468993163924424     
 bsub=  -5.6240477216339124E-004   5.2801082905101965E-002 
    1.145743805118991     
 bsup=    0.000000000000000        0.4664370494057856      
    1.077341272109902     
 b_abs=    1.122119393682960     
 g=  -1.0688141512553786E-002
 j=    0.000000000000000         983.0862847264007      
   -330.3020209193737     
 v_perp_2=    73363935.82626444     
 b_n=  -6.1381836391687856E-005   0.4625123532393008      
    1.077522086957337     
 b_para_n=    1.122119370338827     
 dxdt=  -0.6676030191047289         2803.582238348500      
    6576.064003737124     
 dudt=   -4565698.948584977     
 ---------------------
 rk4
 istep=     26000001
 grad_b=   0.6175918179965428       -2.4723222658797034E-002 
  -0.1444851936149578     
 bsub=  -4.5133548669777909E-002   0.1710802328577987      
    1.968478912119364     
 bsup=    0.000000000000000       -0.9978441131601289      
    1.072902651116039     
 b_abs=    1.393308538043383     
 g=  -9.1175004655240140E-003
 j=    0.000000000000000         158.8880215192618      
    124.3053864185991     
 v_perp_2=    91093742.55281636     
 b_n=  -7.6431382795640401E-005   -1.001703225927750      
    1.073236300686148     
 b_para_n=    1.393308547984771     
 dxdt=  -0.7589231463764685        -3905.382339807099      
    4161.259502504561     
 dudt=    3058237.374803130     
 ---------------------
 rk4
 istep=     27000001
 grad_b=  -0.2088542772770408       -0.2052169903071324      
   0.1096333655982608     
 bsub=   2.9738522449843548E-002  -0.1345440308752863      
    1.347766698080020     
 bsup=    0.000000000000000       -0.7900124212692974      
   0.9045043386397135     
 b_abs=    1.151217038755262     
 g=  -2.0239178826355435E-002
 j=    0.000000000000000        -128.8903078459108      
    232.7635326214777     
 v_perp_2=    75265500.04969147     
 b_n=  -6.8493094053421750E-004  -0.7892675619974628      
   0.9045938278361632     
 b_para_n=    1.151217060780469     
 dxdt=   -7.328710159708118        -4594.682134254057      
    5270.645234128096     
 dudt=   -7419383.744576900     
 ---------------------
 rk4
 istep=     28000001
 grad_b=   0.3313151386329701       -4.5129177658349826E-002 
  -0.1228997406602770     
 bsub=   3.2374018484931578E-002   3.8536871632727926E-002 
    1.051479755442200     
 bsup=    0.000000000000000        5.7854000199726974E-002 
    1.122399536263055     
 b_abs=    1.087354468448624     
 g=  -1.0649549874787442E-002
 j=    0.000000000000000        -501.7904066030488      
    399.0832223337408     
 v_perp_2=    71089850.56877911     
 b_n=  -2.4884134886498673E-004   5.5801360837208186E-002 
    1.122482459615777     
 b_para_n=    1.087354499655182     
 dxdt=   -2.764744374236571         350.2459472226378      
    7238.326886994704     
 dudt=    4225507.027133163     
 ---------------------
 rk4
 istep=     29000001
 grad_b=  -0.8520025487286752        0.1244135845203088      
  -0.1312882321552735     
 bsub=   2.8824835215317167E-002  -0.2019399855835023      
    1.486592187756368     
 bsup=    0.000000000000000        -1.137899544194180      
   0.8917846663468547     
 b_abs=    1.247202759929087     
 g=  -1.8066457886632539E-002
 j=    0.000000000000000         77.56157174655158      
   -257.4981009579629     
 v_perp_2=    81540051.22139144     
 b_n=   3.6696545998592437E-004   -1.134974755333946      
   0.8921748392367345     
 b_para_n=    1.247202738977091     
 dxdt=    3.758683050210820        -5646.510196194192      
    4452.707981505951     
 dudt=    6779275.171840180     
 ---------------------
 Elapsed time (seconds):     154.6612780000000     

real	2m34.676s
user	2m34.395s
sys	0m0.024s
>>> [PID 3843060] DONE  u=7500, v_perp=-8000, out=bounce/dat58.dat
