>>> [PID 3843168] START u=8000, v_perp=-8000, out=bounce/dat59.dat, dt=5.00E-09, steps=30000000
 outer boundary:   8.3000000000000462E-002
 rk4
 istep=            1
 grad_b=  -0.5028805474020888        4.9301850080554210E-003 
  -7.9795749477167971E-003
 bsub=   8.6928666594623047E-003   4.2252068341986984E-002 
    1.020728128047607     
 bsup=    0.000000000000000        0.5002802626682185      
   0.9181488859363116     
 b_abs=   0.9787594983560579     
 g=  -1.6418896738191337E-002
 j=    0.000000000000000         576.0999712813909      
    59.06977972198439     
 v_perp_2=    63999987.00897379     
 b_n=   2.8571098480086239E-005   0.5030112304054821      
   0.9180356057173578     
 b_para_n=   0.9787595076478057     
 dxdt=   0.3502936019329105         4122.579492055351      
    7503.204196256573     
 dudt=    162342.0445156398     
 ---------------------
 rk4
 istep=      1000001
 grad_b=  -0.4996838760362425       -5.0112048619463390E-003 
  -2.0437348104875505E-002
 bsub=   3.0287225305079841E-002  -5.4273720170441922E-002 
   0.9142464803281931     
 bsup=    0.000000000000000       -0.3015524266719264      
    1.052923038702391     
 b_abs=   0.9891843955688844     
 g=  -1.4727272021250404E-002
 j=    0.000000000000000         448.0537862960295      
   -59.80115184705835     
 v_perp_2=    64681250.67933297     
 b_n=  -3.2873843526330222E-005  -0.2989169246611424      
    1.053080573684163     
 b_para_n=   0.9891843871240137     
 dxdt=  -0.3995165029695683        -2393.752714023212      
    8471.956076214497     
 dudt=    661292.9477795555     
 ---------------------
 rk4
 istep=      2000001
 grad_b=   0.6783732939996875        5.7066664488919436E-002 
   0.1585094022764682     
 bsub=  -1.4432731214573814E-002   7.8564471541960237E-002 
    1.254788889205166     
 bsup=    0.000000000000000       -0.2723365268129865      
    1.131596597153053     
 b_abs=    1.182929813209009     
 g=  -8.4389552169672200E-003
 j=    0.000000000000000        -281.5954892046802      
   -41.27475484999599     
 v_perp_2=    77349413.23053008     
 b_n=   3.7295960864998492E-004  -0.2777178474410399      
    1.131937815978522     
 b_para_n=    1.182929808266923     
 dxdt=    3.957165848892676        -1695.569149053927      
    6811.704282101964     
 dudt=   -4527867.468033507     
 ---------------------
 rk4
 istep=      3000001
 grad_b=   0.3277653974277895       -0.1709277184611403      
   0.1407987390033795     
 bsub=   4.7947231544582525E-002  -6.8430700543740119E-002 
    1.385009241010386     
 bsup=    0.000000000000000       -0.4998467807268860      
   0.9455339558024382     
 b_abs=    1.159325764161079     
 g=  -1.7896902715969491E-002
 j=    0.000000000000000         788.0328722662630      
   -87.71889143607933     
 v_perp_2=    75805515.84605685     
 b_n=  -7.1357544795858053E-004  -0.5012518854668037      
   0.9454892249056585     
 b_para_n=    1.159325751765136     
 dxdt=   -7.675957033417118        -3130.012276941716      
    5891.806669266492     
 dudt=   -6163724.090079232     
 ---------------------
 rk4
 istep=      4000001
 grad_b=   -1.111328359324842       -1.6259654497211062E-002 
   8.5126991143938804E-002
 bsub=   2.7595108968217780E-003  -7.0380886840107473E-002 
    1.096517166670792     
 bsup=    0.000000000000000       -0.6279719321315044      
   0.9037591075205644     
 b_abs=    1.017287243685633     
 g=  -1.8898670797298608E-002
 j=    0.000000000000000         877.8423404953842      
   -713.1582631913045     
 v_perp_2=    66517554.38587790     
 b_n=  -4.9650087615699269E-005  -0.6228597934320576      
   0.9040872814667573     
 b_para_n=    1.017287159638949     
 dxdt=  -0.5897111940485787        -4779.581263510120      
    6969.917722547671     
 dudt=   -2800655.296556354     
 ---------------------
 rk4
 istep=      5000001
 grad_b=   0.5727734592832951        7.0278067449617621E-002 
   0.1629040211192407     
 bsub=  -2.5444859585242896E-002   0.1180453322720829      
    1.586149744811132     
 bsup=    0.000000000000000       -0.8979308365722195      
    1.100064639141339     
 b_abs=    1.280576138941482     
 g=  -7.7636892583266741E-003
 j=    0.000000000000000         985.6550765519331      
    74.51216026104393     
 v_perp_2=    83732668.27612339     
 b_n=   5.0429585151040926E-004  -0.9029203399145014      
    1.100444070742208     
 b_para_n=    1.280576151451358     
 dxdt=    5.098128144372645        -4715.736627166800      
    5719.338941471782     
 dudt=   -2964051.369917876     
 ---------------------
 rk4
 istep=      6000001
 grad_b=   0.1414174306442875       -6.9679816794092200E-002 
   1.0776206418870921E-002
 bsub=   0.1018987195501168        6.4067459012050743E-002 
    1.873304979832271     
 bsup=    0.000000000000000        -1.070415155100763      
    1.035739574421840     
 b_abs=    1.368283823811006     
 g=  -1.2878587733344249E-002
 j=    0.000000000000000         299.5617791688409      
    289.4026347159530     
 v_perp_2=    89467014.27800612     
 b_n=  -3.5342609843488568E-004   -1.071125695452419      
    1.035783117604136     
 b_para_n=    1.368283848278511     
 dxdt=   -3.464782892361735        -4863.119020830633      
    4699.267253619698     
 dudt=   -2048812.867523749     
 ---------------------
 rk4
 istep=      7000001
 grad_b=   -1.038402891099685       -0.1262079123184904      
   0.1474080967045654     
 bsub=  -2.3827978559587716E-002  -0.1557539858334361      
    1.399102524674156     
 bsup=    0.000000000000000       -0.9418241064015799      
   0.8784322455674717     
 b_abs=    1.172879918206094     
 g=  -1.9358660434019064E-002
 j=    0.000000000000000         505.3578291794267      
    131.4277704183062     
 v_perp_2=    76689792.65628618     
 b_n=  -4.3227405114401910E-004  -0.9377457572157404      
   0.8788789085942277     
 b_para_n=    1.172879925405400     
 dxdt=   -4.612937222200524        -5708.468945571397      
    5369.604301945043     
 dudt=   -6922584.333072191     
 ---------------------
 rk4
 istep=      8000001
 grad_b=   0.2870835930403224        0.1198088994291764      
   0.2519852454038137     
 bsub=  -5.6711610740235521E-002   8.8617723185481431E-002 
    1.824287820316659     
 bsup=    0.000000000000000        -1.581943653547155      
    1.044362119327338     
 b_abs=    1.328556052246573     
 g=  -1.0221216343612635E-002
 j=    0.000000000000000         799.3762939697501      
   -251.0174558520374     
 v_perp_2=    86868221.20181356     
 b_n=   7.2979439213682472E-004   -1.583944459885487      
    1.044481985364790     
 b_para_n=    1.328556033756173     
 dxdt=    7.243139045260049        -7656.455203119585      
    5042.692166404329     
 dudt=   -1811934.934078496     
 ---------------------
 rk4
 istep=      9000001
 grad_b=   0.3558961645386380       -7.5131825602913649E-002 
  -0.1617531146682146     
 bsub=   4.4371546084272247E-002   0.1506290808030722      
    2.052636019090393     
 bsup=    0.000000000000000        -1.515563125260447      
    1.069212768307777     
 b_abs=    1.402199040017442     
 g=  -8.7710436320862038E-003
 j=    0.000000000000000        -893.1134527012783      
    448.2271132032365     
 v_perp_2=    91682823.53303294     
 b_n=  -4.7471804745749356E-004   -1.518260065034591      
    1.069420962021187     
 b_para_n=    1.402199071669304     
 dxdt=   -4.615547413928649        -6539.810917849280      
    4597.288413277178     
 dudt=    1377495.970241430     
 ---------------------
 rk4
 istep=     10000001
 grad_b=  -0.5776168504943741        6.6578703379066947E-002 
  -6.1714443350517935E-002
 bsub=   1.5111452850846516E-002  -0.2301602160564933      
    1.523891276251805     
 bsup=    0.000000000000000        -1.255542629466199      
   0.9030789813762468     
 b_abs=    1.290479378161298     
 g=  -1.6783961051691360E-002
 j=    0.000000000000000         593.9716874848821      
   -164.5369063424438     
 v_perp_2=    84377467.89166628     
 b_n=   2.1569648372156598E-004   -1.253368944019778      
   0.9034051269246254     
 b_para_n=    1.290479357960447     
 dxdt=    2.171608171207394        -6404.043495779446      
    4625.285425742065     
 dudt=    3529603.430252283     
 ---------------------
 rk4
 istep=     11000001
 grad_b=  -0.5243127273005899        4.8628922954030346E-002 
   8.9891451990061835E-002
 bsub=  -9.8948462754824273E-002  -9.8258548290697828E-002 
    1.689066004652179     
 bsup=    0.000000000000000        -1.220749290226049      
   0.9672234245936433     
 b_abs=    1.324319938333204     
 g=  -1.7023915951769650E-002
 j=    0.000000000000000         492.6960126777988      
   -350.0519540760920     
 v_perp_2=    86589570.71160458     
 b_n=   2.0511833561866850E-004   -1.218772475462589      
   0.9673504144387470     
 b_para_n=    1.324319907477677     
 dxdt=    2.038763007824326        -5912.178204762678      
    4701.163915622577     
 dudt=   -680872.4654049207     
 ---------------------
 rk4
 istep=     12000001
 grad_b=   0.4517681833850353       -7.1984763295925402E-002 
  -0.2096276229791855     
 bsub=   1.4646050789479663E-002   0.1583378760115411      
    1.888518811349106     
 bsup=    0.000000000000000        -1.256279469310373      
    1.072862897892586     
 b_abs=    1.351604158398414     
 g=  -7.6388579042787688E-003
 j=    0.000000000000000        -1927.109992423444      
    355.2755439605517     
 v_perp_2=    88372948.18837933     
 b_n=  -4.8490604092541330E-004   -1.260320335872944      
    1.073205466143074     
 b_para_n=    1.351604174969797     
 dxdt=   -4.776687503835933        -5890.838912627849      
    5000.158522999071     
 dudt=    3252464.592519268     
 ---------------------
 rk4
 istep=     13000001
 grad_b=   -1.262839023483810        7.1853863982863642E-002 
  -0.1510998266078559     
 bsub=   2.4122098952584273E-002  -0.1096971555943954      
    1.301076553484275     
 bsup=    0.000000000000000       -0.8337659813679158      
   0.8713964698961050     
 b_abs=    1.107044069317112     
 g=  -2.0275099003989994E-002
 j=    0.000000000000000         516.6921471875007      
   -103.7510128102210     
 v_perp_2=    72382177.11901124     
 b_n=   2.4149358360770401E-004  -0.8286184283378812      
   0.8718259831461441     
 b_para_n=    1.107044053983929     
 dxdt=    2.685465245282689        -5559.523286612373      
    5875.043734400146     
 dudt=    5657415.835632759     
 ---------------------
 rk4
 istep=     14000001
 grad_b=  -0.5802044392318049        0.1596726589382136      
  -0.1002120617943211     
 bsub=  -1.5308474186985627E-002  -7.5626587818177216E-002 
    1.218219835979827     
 bsup=    0.000000000000000       -0.6129175657901513      
   0.8944397397798933     
 b_abs=    1.065721356862522     
 g=  -2.0774223505846127E-002
 j=    0.000000000000000         227.3104689145123      
   -318.3385199329446     
 v_perp_2=    69679920.74341705     
 b_n=   6.3298036366963076E-004  -0.6105190338428428      
   0.8945965625407126     
 b_para_n=    1.065721321062786     
 dxdt=    7.245497630587702        -4364.596892623022      
    6411.182070290591     
 dudt=    5751669.727344888     
 ---------------------
 rk4
 istep=     15000001
 grad_b=   0.7512413753513972       -4.5846177930463375E-002 
  -0.1599719952338027     
 bsub=  -9.7475620840338680E-003   0.1162852262673006      
    1.521695300138043     
 bsup=    0.000000000000000       -0.5672034935773567      
    1.107413620065018     
 b_abs=    1.272663688994276     
 g=  -8.2521869608567552E-003
 j=    0.000000000000000         514.6948898497068      
   -296.2928891793956     
 v_perp_2=    83209896.39962775     
 b_n=  -2.6799990656815344E-004  -0.5731835171169601      
    1.107868868242882     
 b_para_n=    1.272663667753781     
 dxdt=   -2.718438333187550        -3043.404212040878      
    5828.160362467940     
 dudt=    3882667.699357000     
 ---------------------
 rk4
 istep=     16000001
 grad_b=  -0.9469764976236571       -1.2734033417340768E-002 
  -5.2262364665446009E-002
 bsub=  -5.9471461249712516E-003  -7.8362381880559578E-002 
    1.007451745018974     
 bsup=    0.000000000000000       -0.5072032216923655      
   0.9458381291770994     
 b_abs=   0.9964607618264428     
 g=  -1.7222296547190971E-002
 j=    0.000000000000000         1197.806834279156      
   -150.3504736930687     
 v_perp_2=    65150591.86575121     
 b_n=  -8.2081818546990431E-005  -0.5025745943008599      
   0.9461976465997513     
 b_para_n=   0.9964607360754524     
 dxdt=  -0.9915103662623290        -3979.357076963974      
    7529.355321707724     
 dudt=    1409822.182251322     
 ---------------------
 rk4
 istep=     17000001
 grad_b=  -0.3495465225389740       -2.0524439801732658E-002 
   3.5705100117746691E-002
 bsub=  -2.9128507924303378E-002   1.3501171242477624E-002 
   0.9908156405523494     
 bsup=    0.000000000000000        1.2143873797935245E-002 
   0.9857744684661088     
 b_abs=   0.9882342431495055     
 g=  -1.6399979960506718E-002
 j=    0.000000000000000        -708.6457176314379      
   -13.88077252454826     
 v_perp_2=    64612323.37307708     
 b_n=  -1.0826165322629432E-004   1.3939472459015325E-002 
   0.9857468158390355     
 b_para_n=   0.9882342406501216     
 dxdt=   -1.316728107489251         119.6754488865520      
    7941.484515621191     
 dudt=   -1156076.048261600     
 ---------------------
 rk4
 istep=     18000001
 grad_b=   0.6885364012864413       -2.0895672071473904E-002 
  -0.1489311469486612     
 bsub=   6.1863580624117454E-003   6.3084389918799166E-002 
    1.180707395043468     
 bsup=    0.000000000000000        0.1497949384303463      
    1.107803234334404     
 b_abs=    1.148047058018142     
 g=  -9.6322420312985983E-003
 j=    0.000000000000000         499.8285562765878      
   -185.9187145829294     
 v_perp_2=    75060671.26142567     
 b_n=  -9.1592758490594429E-005   0.1449152031402182      
    1.108064421897281     
 b_para_n=    1.148047044375530     
 dxdt=  -0.9920100089874025         896.4997471238319      
    7023.718746208378     
 dudt=    4787131.492418093     
 ---------------------
 rk4
 istep=     19000001
 grad_b=  -0.4536218613427384        2.7563924557382075E-002 
   3.6678385989919682E-002
 bsub=  -2.8683240739782852E-002  -6.4831002113048680E-002 
   0.8631236222896232     
 bsup=    0.000000000000000       -0.2132315872449078      
    1.125530566895684     
 b_abs=   0.9930888789501179     
 g=  -1.1499944245936247E-002
 j=    0.000000000000000         574.9500363842128      
    21.72683829966570     
 v_perp_2=    64928865.05394926     
 b_n=   1.9170189859527649E-004  -0.2103710513923061      
    1.125751796028418     
 b_para_n=   0.9930888769893562     
 dxdt=    2.322137065728567        -1670.563235220136      
    9003.550009356190     
 dudt=   -1165459.913553026     
 ---------------------
 rk4
 istep=     20000001
 grad_b=   0.4723330030264661       -2.9533560790979966E-002 
   0.1469716484192149     
 bsub=  -1.6060580525983602E-003   4.4026382416025120E-002 
    1.110299318626076     
 bsup=    0.000000000000000        0.6215337458442710      
    1.047658033651196     
 b_abs=    1.091206594227887     
 g=  -1.1693156562250924E-002
 j=    0.000000000000000         734.3654861698035      
   -18.36281836512859     
 v_perp_2=    71343420.86077066     
 b_n=  -2.2204715476570902E-004   0.6185665247115399      
    1.047775371807260     
 b_para_n=    1.091206595220407     
 dxdt=   -2.496014632134508         4253.935851685598      
    7227.980947903276     
 dudt=   -4062857.623860116     
 ---------------------
 rk4
 istep=     21000001
 grad_b=   2.1982003827528018E-002  -1.0953685885862902E-002 
  -8.2644738951711247E-002
 bsub=   3.6530326186392445E-002   8.4291067134289258E-003 
   0.9715948420862965     
 bsup=    0.000000000000000        0.1224952769095612      
    1.086071824258982     
 b_abs=    1.027569087774238     
 g=  -1.3354972313089629E-002
 j=    0.000000000000000         282.2372453049562      
   -10.42613619870485     
 v_perp_2=    67182352.60587034     
 b_n=  -5.7542838590162255E-005   0.1223542723008042      
    1.086075210267309     
 b_para_n=    1.027569087021653     
 dxdt=  -0.6779201603548695         927.9964953648115      
    8242.603831059288     
 dudt=    2898160.937800436     
 ---------------------
 rk4
 istep=     22000001
 grad_b=  -0.3903962744809178        0.1028217030195509      
   0.1227775193887320     
 bsub=  -5.3047545856135157E-002  -3.1228249855220797E-002 
   0.9502296609466706     
 bsup=    0.000000000000000       -0.5418490044636295      
    1.122047535259209     
 b_abs=    1.041170877535839     
 g=  -9.2411253225330309E-003
 j=    0.000000000000000         341.8054747631638      
   -164.8924154777634     
 v_perp_2=    68071178.39183764     
 b_n=   8.2087219228825687E-004  -0.5389026028414615      
    1.122190174315859     
 b_para_n=    1.041170861823860     
 dxdt=    9.569706170329308        -3994.436551240035      
    8344.372418817786     
 dudt=   -2576071.842498815     
 ---------------------
 rk4
 istep=     23000001
 grad_b=   0.8462389030938242       -8.1976949841503326E-003 
   0.1618879772159486     
 bsub=   4.2519785404663210E-002   7.3211972114807206E-002 
    1.443591997085988     
 bsup=    0.000000000000000       -0.2207763481444188      
    1.069458060731500     
 b_abs=    1.236249338189788     
 g=  -9.6664938506241943E-003
 j=    0.000000000000000         1382.394053726660      
   -389.0507962527519     
 v_perp_2=    80824762.73652504     
 b_n=  -1.1520436231109996E-004  -0.2266844550770246      
    1.069761061161425     
 b_para_n=    1.236249310987337     
 dxdt=   -1.188359236972995        -1287.545556428389      
    5944.880679303679     
 dudt=   -4625890.324498801     
 ---------------------
 rk4
 istep=     24000001
 grad_b=  -0.6579133891028430        4.7163301155546053E-004 
   9.8654440751418868E-003
 bsub=   2.7608441604257229E-002  -4.3868587618471323E-002 
   0.9773626275715412     
 bsup=    0.000000000000000       -0.3678382914401730      
   0.9785668108039131     
 b_abs=   0.9860169908533505     
 g=  -1.7528935746859986E-002
 j=    0.000000000000000        -549.6539467364616      
    1.233991342919381     
 v_perp_2=    64464419.38834885     
 b_n=   4.3731216975927095E-006  -0.3646906816633541      
   0.9787079694148992     
 b_para_n=   0.9860169935822382     
 dxdt=   5.3286607532856585E-002   -2935.235711837758      
    7912.413987697801     
 dudt=   -314306.1509576155     
 ---------------------
 rk4
 istep=     25000001
 grad_b=  -0.8284470239077903        0.1292817095700407      
   0.2088481795568976     
 bsub=  -4.1692289428340627E-002  -6.6124937998441102E-002 
    1.174965765105661     
 bsup=    0.000000000000000       -0.7671065487293984      
   0.9338810004356356     
 b_abs=    1.071916752615530     
 g=  -1.4401593397685548E-002
 j=    0.000000000000000         398.5422200735890      
   -67.22210024955314     
 v_perp_2=    70079969.93105736     
 b_n=   7.9731732682153411E-004  -0.7624649329040604      
   0.9341705056463643     
 b_para_n=    1.071916743443182     
 dxdt=    9.085554200763639        -5393.501844865647      
    6633.777534908182     
 dudt=   -2923528.250788218     
 ---------------------
 rk4
 istep=     26000001
 grad_b=   0.7168531370703590        4.3877840913811722E-002 
   0.1878464963020082     
 bsub=   4.1781670685112238E-002   0.1541139276614078      
    1.822337498175469     
 bsup=    0.000000000000000       -0.8484587633468957      
    1.075374170453363     
 b_abs=    1.352236057207729     
 g=  -9.0996918093314040E-003
 j=    0.000000000000000        -833.3380096568058      
    282.9215019441976     
 v_perp_2=    88406122.30642620     
 b_n=   2.0180786294680646E-004  -0.8535959450780528      
    1.075804004701050     
 b_para_n=    1.352236074722076     
 dxdt=    1.987462996112047        -3998.729445336018      
    5008.276835959313     
 dudt=   -3983290.393379825     
 ---------------------
 rk4
 istep=     27000001
 grad_b=   -1.053737920815952       -0.1030267711082547      
   0.1190913101737017     
 bsub=  -3.8330032276351522E-003  -9.4095690883572572E-002 
    1.228524029863597     
 bsup=    0.000000000000000       -0.7303842327790417      
   0.8791040623851346     
 b_abs=    1.071725462580084     
 g=  -2.0112640141323416E-002
 j=    0.000000000000000        -899.8493780839306      
    333.5888197569420     
 v_perp_2=    70066541.09514204     
 b_n=  -3.9764781777250975E-004  -0.7259237703603105      
   0.8794444971395138     
 b_para_n=    1.071725505659002     
 dxdt=   -4.531864171151756        -5136.359917461034      
    6247.283857658969     
 dudt=   -5488395.669474955     
 ---------------------
 rk4
 istep=     28000001
 grad_b=   -1.234868187128361       -5.4329522885905965E-002 
   0.1912337708944144     
 bsub=  -5.0979360115689480E-002  -0.1426085794240594      
    1.447882383497348     
 bsup=    0.000000000000000        -1.039379425249767      
   0.8800144090710943     
 b_abs=    1.192659569408005     
 g=  -2.0597214694511597E-002
 j=    0.000000000000000         129.6010831770180      
   -233.9100442542126     
 v_perp_2=    77972385.64218235     
 b_n=  -1.2979215315259845E-004   -1.034888455117401      
   0.8804521561641857     
 b_para_n=    1.192659546060704     
 dxdt=   -1.369567259651045        -6116.609804349730      
    5223.509770805322     
 dudt=   -6160125.122111893     
 ---------------------
 rk4
 istep=     29000001
 grad_b=   0.4533678467920851        3.0557801641871669E-002 
   0.1086192761053661     
 bsub=   7.0812840377189479E-003   0.1865746359777125      
    2.124737440233049     
 bsup=    0.000000000000000        -1.423977521241767      
    1.072162483503790     
 b_abs=    1.418486387932220     
 g=  -7.3983260545816649E-003
 j=    0.000000000000000         1440.404620030417      
    39.57505177967509     
 v_perp_2=    92735604.95561402     
 b_n=   1.8638720983266420E-004   -1.427994331593573      
    1.072514590297164     
 b_para_n=    1.418486401621768     
 dxdt=    1.806275260060698        -6000.298623947561      
    4491.937252559216     
 dudt=   -1680949.312843232     
 ---------------------
 Elapsed time (seconds):     160.7636230000000     

real	2m40.775s
user	2m40.349s
sys	0m0.020s
>>> [PID 3843168] DONE  u=8000, v_perp=-8000, out=bounce/dat59.dat
