>>> [PID 3842806] START u=5500, v_perp=-8000, out=bounce/dat54.dat, dt=5.00E-09, steps=30000000
 outer boundary:   8.3000000000000462E-002
 rk4
 istep=            1
 grad_b=  -0.5028812136915333        4.9308204705624942E-003 
  -7.9809221790945462E-003
 bsub=   8.6926922560442918E-003   4.2252166540448562E-002 
    1.020727745100695     
 bsup=    0.000000000000000        0.5002927161736117      
   0.9181487695504607     
 b_abs=   0.9787595604294275     
 g=  -1.6418833653650617E-002
 j=    0.000000000000000         576.0999677139080      
    59.07914521877622     
 v_perp_2=    63999991.06788284     
 b_n=   1.9645281106369396E-005   0.5021702653009051      
   0.9180708888069622     
 b_para_n=   0.9787595668182277     
 dxdt=   0.2271741396420232         2833.035439851021      
    5158.506394663231     
 dudt=    162370.6420706138     
 ---------------------
 rk4
 istep=      1000001
 grad_b=   0.4862192942295775       -8.2184365168486581E-002 
  -0.1679343373638898     
 bsub=   3.5764841949758729E-002   6.7922311257630402E-002 
    1.221987714247563     
 bsup=    0.000000000000000       -0.4720146916446655      
    1.132640346242231     
 b_abs=    1.163364380474694     
 g=  -8.2123053699235202E-003
 j=    0.000000000000000         576.4893256202854      
    77.40176928210437     
 v_perp_2=    76070943.26313856     
 b_n=  -3.5725788958558514E-004  -0.4744231970302129      
    1.132784680727856     
 b_para_n=    1.163364386013592     
 dxdt=   -4.048831129767812        -1757.213618239840      
    4152.723681698375     
 dudt=    4255326.512831907     
 ---------------------
 rk4
 istep=      2000001
 grad_b=  -0.9424840131733716       -0.1253873295630419      
   0.1431168149470319     
 bsub=  -2.9838841506975914E-002  -0.1866520132728562      
    1.471553013344459     
 bsup=    0.000000000000000        -1.090706732033736      
   0.8896918131534739     
 b_abs=    1.229969946237092     
 g=  -1.8382637676216351E-002
 j=    0.000000000000000         202.1753124875167      
   -156.3148475951594     
 v_perp_2=    80426032.49293303     
 b_n=  -2.2071195744040708E-004   -1.088772857223060      
   0.8899326235039206     
 b_para_n=    1.229969937585767     
 dxdt=   -2.607984849826559        -3274.231711917083      
    2692.282986980752     
 dudt=   -7019873.569079793     
 ---------------------
 rk4
 istep=      3000001
 grad_b=  -0.8205270765275797       -3.0033649801854377E-003 
  -2.9327260856724949E-002
 bsub=  -1.8764433810837970E-002  -6.2112541041754586E-002 
   0.9880153981408258     
 bsup=    0.000000000000000       -0.4425305080160058      
   0.9693837497110712     
 b_abs=   0.9927676470104513     
 g=  -1.7301537010496585E-002
 j=    0.000000000000000         386.8557584859203      
   -231.1571301310633     
 v_perp_2=    64915570.87162907     
 b_n=  -1.5912802422732656E-005  -0.4398348727701775      
   0.9695528928812021     
 b_para_n=   0.9927676287750336     
 dxdt=  -0.1828707189832860        -2383.283961596193      
    5290.497959827821     
 dudt=    892478.8127528138     
 ---------------------
 rk4
 istep=      4000001
 grad_b=   0.5880786257220187        6.7897257349538553E-002 
   0.1611043486633345     
 bsub=  -2.2228014844839161E-002   0.1194922030086477      
    1.592288253955083     
 bsup=    0.000000000000000       -0.8868287200466507      
    1.098990141612366     
 b_abs=    1.282657372754511     
 g=  -7.8121448653965982E-003
 j=    0.000000000000000         874.3339847257243      
    109.5760705643937     
 v_perp_2=    83870866.15263097     
 b_n=   2.3302256860675168E-004  -0.8892935959695570      
    1.099178375302806     
 b_para_n=    1.282657379935698     
 dxdt=    2.950047445757033        -2258.664031262581      
    2762.730041137097     
 dudt=   -2978150.183976395     
 ---------------------
 rk4
 istep=      5000001
 grad_b=  -6.0227941861712930E-002   0.1287142900979789      
  -0.1270188345795767     
 bsub=  -1.5397379182884641E-002   4.2518420928083084E-003 
    1.169739451954576     
 bsup=    0.000000000000000        4.8304623274315450E-002 
   0.9274759564945356     
 b_abs=    1.041670564042596     
 g=  -1.8214766922394932E-002
 j=    0.000000000000000        -355.7305862236052      
   -272.6515956237776     
 v_perp_2=    68113007.16843146     
 b_n=   4.0889401014113064E-004   4.8500538435033450E-002 
   0.9274806090009571     
 b_para_n=    1.041670544194208     
 dxdt=    4.621710862770533         239.2897669331879      
    4552.029979848758     
 dudt=    3502381.455973173     
 ---------------------
 rk4
 istep=      6000001
 grad_b=   0.5290421858024962       -8.1355617724470197E-002 
  -0.1806890072722205     
 bsub=   3.7836362889000996E-002   0.1058457314076075      
    1.569277426766838     
 bsup=    0.000000000000000       -0.9648023935534231      
    1.091953596309769     
 b_abs=    1.269344944101970     
 g=  -8.1525450091681079E-003
 j=    0.000000000000000         947.7451340536456      
   -245.2811337946635     
 v_perp_2=    83000073.77806292     
 b_n=  -2.8995196387163462E-004  -0.9670383536023596      
    1.092111393563424     
 b_para_n=    1.269344936313436     
 dxdt=   -3.592478232806052        -2577.077673795357      
    2887.310914090842     
 dudt=    3060199.283418198     
 ---------------------
 rk4
 istep=      7000001
 grad_b=   -1.246728407429271       -2.7967131335490517E-002 
   0.1184357412990610     
 bsub=  -7.7318417277341938E-003  -7.7648812902887485E-002 
    1.162312585645429     
 bsup=    0.000000000000000       -0.7194740029006039      
   0.8888313588126688     
 b_abs=    1.043434200497934     
 g=  -1.9228246358519174E-002
 j=    0.000000000000000        -398.3517975879741      
   -394.1320829905700     
 v_perp_2=    68228069.86612454     
 b_n=  -5.9421211458251970E-005  -0.7157824116267557      
   0.8890775583236117     
 b_para_n=    1.043434174186178     
 dxdt=  -0.6713364896170609        -3475.676662578378      
    4348.124727258807     
 dudt=   -3928874.370347443     
 ---------------------
 rk4
 istep=      8000001
 grad_b=   -1.221032315818233        8.6169863019544712E-002 
  -0.1455426669756878     
 bsub=   2.1427772986934424E-002  -0.1124800471541661      
    1.308673857948426     
 bsup=    0.000000000000000       -0.8321841316726668      
   0.8764237150076202     
 b_abs=    1.113862527924296     
 g=  -1.9946041801021837E-002
 j=    0.000000000000000         19.53614614912328      
    176.4564546233606     
 v_perp_2=    72833080.32805493     
 b_n=   1.8859111822089146E-004  -0.8290640546816765      
   0.8766888061228597     
 b_para_n=    1.113862539140299     
 dxdt=    2.115881416163544        -3422.527595522944      
    3644.312374068538     
 dudt=    5848854.596845889     
 ---------------------
 rk4
 istep=      9000001
 grad_b=   0.6237513558784088        6.7017251474595876E-002 
   0.1615202759167608     
 bsub=  -2.2140126326986906E-002   7.7012693571370722E-002 
    1.252411722512352     
 bsup=    0.000000000000000       -0.3659612582930796      
    1.133163228941123     
 b_abs=    1.179747985280459     
 g=  -8.3256827503919509E-003
 j=    0.000000000000000        -192.9739004691450      
    24.27850151145287     
 v_perp_2=    77141040.18686791     
 b_n=   2.6698075411940347E-004  -0.3688918367850071      
    1.133348154907051     
 b_para_n=    1.179747985887807     
 dxdt=    3.046304900646016        -1316.530054785583      
    3975.077711338437     
 dudt=   -4392520.507901985     
 ---------------------
 rk4
 istep=     10000001
 grad_b=   0.3839741535030612        0.1456513210781312      
  -0.1139464083598488     
 bsub=  -8.0629566554948850E-002  -0.1105162929995201      
    1.544486006836178     
 bsup=    0.000000000000000       -0.9429338698831877      
   0.9587676403572539     
 b_abs=    1.258857120962187     
 g=  -1.7111910961692886E-002
 j=    0.000000000000000         112.7263863176185      
   -556.0867979096726     
 v_perp_2=    82313673.92144497     
 b_n=   2.8304808507785160E-004  -0.9437120556572676      
   0.9587267130845687     
 b_para_n=    1.258857095989252     
 dxdt=    3.455317468862026        -2597.355966366222      
    2630.812121942770     
 dudt=    6404152.747902479     
 ---------------------
 rk4
 istep=     11000001
 grad_b=   0.3856038986826753       -9.6958981105501635E-002 
  -0.2374521507113635     
 bsub=   5.1031432136586841E-002   0.1052877671880964      
    1.833973837667684     
 bsup=    0.000000000000000        -1.611331557840610      
    1.058772682720488     
 b_abs=    1.331660031227506     
 g=  -9.2197980615531510E-003
 j=    0.000000000000000         351.9797891652784      
   -226.3803040260446     
 v_perp_2=    87073889.09646574     
 b_n=  -2.6194578820904813E-004   -1.612564499825675      
    1.058850748816550     
 b_para_n=    1.331660023718376     
 dxdt=   -3.723861601923723        -3258.953880732724      
    2130.983990664230     
 dudt=    2336648.753559158     
 ---------------------
 rk4
 istep=     12000001
 grad_b=  -0.5148659948164209       -3.6712775244846160E-003 
  -1.7600000660990364E-002
 bsub=   3.0229427303163258E-002  -5.3989009744756428E-002 
   0.9167360470137338     
 bsup=    0.000000000000000       -0.3035989664372707      
    1.052246353137613     
 b_abs=   0.9901895866463790     
 g=  -1.4732952112632498E-002
 j=    0.000000000000000         377.9159027372667      
   -33.70825879829869     
 v_perp_2=    64745880.50991299     
 b_n=  -1.6977450616171571E-005  -0.3017442977332226      
    1.052356135278056     
 b_para_n=   0.9901895829098394     
 dxdt=  -0.1953181364711470        -1644.081052830664      
    5773.450181412181     
 dudt=    574669.5541991526     
 ---------------------
 rk4
 istep=     13000001
 grad_b=  -0.5885404304653116        7.4568436585100317E-002 
  -7.0171914550490169E-002
 bsub=   1.3069325975606361E-002  -0.2248982179923899      
    1.526394145271647     
 bsup=    0.000000000000000        -1.252641819122436      
   0.9044234456562426     
 b_abs=    1.289320235847073     
 g=  -1.6723453528566044E-002
 j=    0.000000000000000         546.4032700647128      
   -230.7668106984847     
 v_perp_2=    84305078.22024508     
 b_n=   1.1634552407862290E-004   -1.251576803179079      
   0.9045793584349637     
 b_para_n=    1.289320223997727     
 dxdt=    1.490751584445059        -3050.199030160176      
    2214.133195757535     
 dudt=    3977865.290913162     
 ---------------------
 rk4
 istep=     14000001
 grad_b=   2.7049170437528691E-002   4.5380846868636339E-002 
   9.1732220640610082E-002
 bsub=  -4.1849407601017713E-002   1.2130043530319823E-003 
   0.9584917287994350     
 bsup=    0.000000000000000        5.4419717019195457E-002 
    1.125849669991864     
 b_abs=    1.038764754904615     
 g=  -1.1524107842424913E-002
 j=    0.000000000000000         348.8932027189289      
   -47.87643641611308     
 v_perp_2=    67921813.48246916     
 b_n=   1.8728962701978387E-004   5.4291247675361455E-002 
    1.125858006883150     
 b_para_n=    1.038764752062323     
 dxdt=    2.118479102872136         267.3592615559668      
    5561.360385982438     
 dudt=   -3328196.570748551     
 ---------------------
 rk4
 istep=     15000001
 grad_b=  -0.4584737733279095        7.2826964618358719E-002 
   9.9266687890492894E-002
 bsub=  -0.1025873015335132       -3.0625245272940430E-002 
    1.770180005002826     
 bsup=    0.000000000000000        -1.170969513971571      
   0.9933482684359682     
 b_abs=    1.339225825600172     
 g=  -1.5592582876254351E-002
 j=    0.000000000000000        -786.9364361450650      
    531.1361003024126     
 v_perp_2=    87567938.53381495     
 b_n=   1.2760217408673465E-004   -1.170194583375645      
   0.9933690839866741     
 b_para_n=    1.339225843871455     
 dxdt=    1.860150703900518        -2248.903687788968      
    1917.660128634042     
 dudt=   -325371.9899431667     
 ---------------------
 rk4
 istep=     16000001
 grad_b=   2.3961671855704858E-002  -0.1230528620029351      
  -0.1994461394898513     
 bsub=   7.2341926910644394E-002   8.7582450809216505E-002 
    1.893583262887134     
 bsup=    0.000000000000000        -1.301051401431296      
    1.038933178149786     
 b_abs=    1.361286502010103     
 g=  -1.2175658437011717E-002
 j=    0.000000000000000         766.3009959294646      
   -321.0663098680689     
 v_perp_2=    89010217.84943050     
 b_n=  -2.2876792786559626E-004   -1.301114855487230      
    1.038944846513537     
 b_para_n=    1.361286493227127     
 dxdt=   -3.652057315539541        -2188.782580484080      
    1747.193578917593     
 dudt=    1131495.216526335     
 ---------------------
 rk4
 istep=     17000001
 grad_b=   0.2913144366177353       -4.2542982163511565E-002 
  -0.1155899575822110     
 bsub=   3.4750140693668441E-002   3.2329369919905954E-002 
    1.033806882216789     
 bsup=    0.000000000000000        7.3548175763705981E-002 
    1.121635650261017     
 b_abs=    1.078113228093609     
 g=  -1.0905325130125989E-002
 j=    0.000000000000000        -446.6236369150567      
    319.9695180968745     
 v_perp_2=    70494291.13529804     
 b_n=  -1.6188894020376251E-004   7.2320516091689768E-002 
    1.121679501708820     
 b_para_n=    1.078113245532791     
 dxdt=   -1.817785127265562         318.7151876626710      
    5071.233161851179     
 dudt=    4026475.542302277     
 ---------------------
 rk4
 istep=     18000001
 grad_b=  -0.9366174631215751       -0.1329668720349791      
   0.1441990851561148     
 bsub=  -2.3506560688348582E-002  -0.1772617312980424      
    1.447334973496190     
 bsup=    0.000000000000000        -1.034845704342411      
   0.8866719903881892     
 b_abs=    1.211039401797679     
 g=  -1.8502180524968836E-002
 j=    0.000000000000000         416.3714948747891      
   -68.63979770195331     
 v_perp_2=    79185743.54196376     
 b_n=  -2.4971943224096689E-004   -1.032822319074240      
   0.8869157428309937     
 b_para_n=    1.211039395773611     
 dxdt=   -2.903794790271813        -3293.057127719901      
    2844.536666942733     
 dudt=   -7166282.275056962     
 ---------------------
 rk4
 istep=     19000001
 grad_b=  -0.7655466074431463       -6.6223942301956856E-003 
  -1.8300323773748073E-002
 bsub=  -1.7666856110826447E-002  -7.0068345349771063E-002 
   0.9538660596088530     
 bsup=    0.000000000000000       -0.4231941993043190      
   0.9944194443347520     
 b_abs=   0.9892831922091018     
 g=  -1.6233894422712877E-002
 j=    0.000000000000000        -72.81411001646299      
    21.25053949099427     
 v_perp_2=    64685726.92711589     
 b_n=  -2.7207027017043705E-005  -0.4205786287313192      
   0.9946110748797242     
 b_para_n=   0.9892831940622305     
 dxdt=  -0.3131249454899093        -2295.859769503439      
    5467.739191391407     
 dudt=    508785.9497332102     
 ---------------------
 rk4
 istep=     20000001
 grad_b=  -0.1346175284645793        0.1440277590086528      
   0.2549019527916293     
 bsub=  -7.0647057316433740E-002   4.5028730579632283E-002 
    1.775662848788325     
 bsup=    0.000000000000000        -1.324630847604132      
    1.010905195794382     
 b_abs=    1.317558796422893     
 g=  -1.3438940315470866E-002
 j=    0.000000000000000         1132.854331921555      
   -320.1411141715859     
 v_perp_2=    86150352.59488909     
 b_n=   3.1173741912399411E-004   -1.324348736729109      
    1.010910436396656     
 b_para_n=    1.317558785270473     
 dxdt=    4.254436367100926        -2857.414192216860      
    2183.673630139746     
 dudt=   -1659971.290370345     
 ---------------------
 rk4
 istep=     21000001
 grad_b=  -0.1751285809116033       -8.8878936998429497E-002 
  -6.6301394261132407E-002
 bsub=   0.1020578024886364        3.8483503431385818E-002 
    1.855702502793441     
 bsup=    0.000000000000000        -1.112413177738830      
    1.023307174780516     
 b_abs=    1.362335424586028     
 g=  -1.3840263116651381E-002
 j=    0.000000000000000        -1609.139149860389      
    756.3248568806085     
 v_perp_2=    89077931.08932182     
 b_n=  -1.5040154136862775E-004   -1.112118470014754      
    1.023309350618251     
 b_para_n=    1.362335446197766     
 dxdt=   -2.413174935693268        -1852.280844518200      
    1708.295231691904     
 dudt=   -744494.4178190855     
 ---------------------
 rk4
 istep=     22000001
 grad_b=   0.7378765023071090       -5.8853536827477321E-002 
  -0.1653499215143204     
 bsub=   9.6678684005750241E-003   9.1379243033378479E-002 
    1.348584631963439     
 bsup=    0.000000000000000       -0.4105480134144340      
    1.126940211084652     
 b_abs=    1.217242611018130     
 g=  -8.1673678825897895E-003
 j=    0.000000000000000        -777.8653621259482      
    76.05217865037100     
 v_perp_2=    79590738.93779477     
 b_n=  -2.1269284407012453E-004  -0.4138469904216394      
    1.127165273422416     
 b_para_n=    1.217242612087606     
 dxdt=   -2.485164678859859        -1329.892597184325      
    3547.331972231610     
 dudt=    4355812.229682505     
 ---------------------
 rk4
 istep=     23000001
 grad_b=   -1.158899295424005       -2.9912315244959454E-002 
   9.7255070475834315E-002
 bsub=   4.3924125422884451E-004  -7.0633719552307933E-002 
    1.127284475412625     
 bsup=    0.000000000000000       -0.6619427081317750      
   0.8983583042997321     
 b_abs=    1.029159892861303     
 g=  -1.9106253190804091E-002
 j=    0.000000000000000         536.4186399120539      
   -449.3878983801408     
 v_perp_2=    67292622.42665012     
 b_n=  -7.2067847185016949E-005  -0.6584360628545137      
   0.8985780207497073     
 b_para_n=    1.029159857773261     
 dxdt=  -0.8173692889796308        -3299.690101545746      
    4534.655641437644     
 dudt=   -3404430.088320714     
 ---------------------
 rk4
 istep=     24000001
 grad_b=   -1.296573979233009        5.8240036364535439E-002 
  -0.1492305317856942     
 bsub=   2.2341416038763114E-002  -0.1001156429459897      
    1.275140026018305     
 bsup=    0.000000000000000       -0.8186714029088833      
   0.8742992026323412     
 b_abs=    1.094185950900987     
 g=  -2.0059268143085510E-002
 j=    0.000000000000000         248.3521258001532      
   -228.1375476207636     
 v_perp_2=    71544256.00065592     
 b_n=   1.2313926626493355E-004  -0.8152465080164080      
   0.8745659312766054     
 b_para_n=    1.094185934378916     
 dxdt=    1.381115716874728        -3526.807095249378      
    3810.464606763633     
 dudt=    5322966.707228507     
 ---------------------
 rk4
 istep=     25000001
 grad_b=   0.3706775331615467        0.1169208528219379      
   0.2374897977666058     
 bsub=  -5.3736419895390797E-002   8.0257621712424648E-002 
    1.633396090333209     
 bsup=    0.000000000000000        -1.322733333961551      
    1.057741892274353     
 b_abs=    1.273938970452765     
 g=  -9.4585890676396923E-003
 j=    0.000000000000000         996.5918507164484      
    243.4221564705471     
 v_perp_2=    83297396.33226372     
 b_n=   3.8775024999924772E-004   -1.324127670224543      
    1.057823170008512     
 b_para_n=    1.273938983256065     
 dxdt=    4.837722211064199        -3453.627658990079      
    2748.843357622733     
 dudt=   -2477685.212269985     
 ---------------------
 rk4
 istep=     26000001
 grad_b=   0.5431169386177049       -9.8804481742095052E-002 
   0.1231315651515733     
 bsub=   9.5582255345327966E-002  -4.5129543368498774E-002 
    1.636958401925387     
 bsup=    0.000000000000000       -0.9498958661875859      
   0.9907183342837027     
 b_abs=    1.290204447666038     
 g=  -1.4924770135453271E-002
 j=    0.000000000000000         461.1028668580379      
    551.8972869666666     
 v_perp_2=    84360737.57435991     
 b_n=  -2.0681617607525832E-004  -0.9510575598562393      
   0.9906984006882424     
 b_para_n=    1.290204469586347     
 dxdt=   -2.654164252342274        -2330.166755734825      
    2414.501973681027     
 dudt=   -5469274.371188660     
 ---------------------
 rk4
 istep=     27000001
 grad_b=   0.5531389286878621       -6.5587696953976912E-002 
  -0.1661669589322318     
 bsub=   1.4303833359610087E-002   0.1333470861612575      
    1.680149936395770     
 bsup=    0.000000000000000       -0.9646019193759193      
    1.089015531628756     
 b_abs=    1.304745986221029     
 g=  -7.8341533185378575E-003
 j=    0.000000000000000         579.6740775622652      
    312.3277843597925     
 v_perp_2=    85311412.42003852     
 b_n=  -2.0647304825360964E-004  -0.9667870376245650      
    1.089190724709729     
 b_para_n=    1.304746000121362     
 dxdt=   -2.730894915767944        -2239.228786220312      
    2497.730738483025     
 dudt=    2948994.685121015     
 ---------------------
 rk4
 istep=     28000001
 grad_b=  -0.3943611009192118       -2.6412112092540543E-003 
  -2.9547370428127356E-002
 bsub=   3.5734955335323108E-002  -3.7777339125455375E-002 
   0.9260372870673015     
 bsup=    0.000000000000000       -0.2150849491555271      
    1.057935767959958     
 b_abs=   0.9940119144688745     
 g=  -1.4772379722048947E-002
 j=    0.000000000000000         829.6883193749127      
   -196.2931783797510     
 v_perp_2=    64993803.69870514     
 b_n=  -1.3809422236697532E-005  -0.2136732081623089      
    1.057993875827220     
 b_para_n=   0.9940118991314438     
 dxdt=  -0.1586112317692673        -1154.166774197124      
    5757.407929128019     
 dudt=    1009420.460157072     
 ---------------------
 rk4
 istep=     29000001
 grad_b=  -0.6912591265966976        9.2296581960622681E-002 
  -9.2803169180977835E-002
 bsub=   2.5349115850032754E-002  -0.2195760477586375      
    1.518273471170158     
 bsup=    0.000000000000000        -1.228057624400263      
   0.9011133831525964     
 b_abs=    1.279817291756320     
 g=  -1.7239301634593328E-002
 j=    0.000000000000000         317.8844316667750      
   -277.3946612949477     
 v_perp_2=    83681118.54047616     
 b_n=   1.4423999624844705E-004   -1.226796333396496      
   0.9012933747991512     
 b_para_n=    1.279817278945656     
 dxdt=    1.816910031174585        -3103.614488346359      
    2291.268354507079     
 dudt=    5031601.265973250     
 ---------------------
 Elapsed time (seconds):     154.2762970000000     

real	2m34.288s
user	2m34.003s
sys	0m0.021s
>>> [PID 3842806] DONE  u=5500, v_perp=-8000, out=bounce/dat54.dat
