>>> [PID 3843951] START u=9500, v_perp=-8000, out=bounce/dat62.dat, dt=5.00E-09, steps=30000000
 outer boundary:   8.3000000000000462E-002
 rk4
 istep=            1
 grad_b=  -0.5028801437514396        4.9298049963769699E-003 
  -7.9787679208879470E-003
 bsub=   8.6929714734601295E-003   4.2252009348362339E-002 
    1.020728357748667     
 bsup=    0.000000000000000        0.5002727853111267      
   0.9181489560968452     
 b_abs=   0.9787594611172752     
 g=  -1.6418934593758774E-002
 j=    0.000000000000000         576.0999806589882      
    59.06417768509667     
 v_perp_2=    63999984.57397058     
 b_n=   3.3925441056884284E-005   0.5035158003824878      
   0.9180144364510364     
 b_para_n=   0.9787594721504783     
 dxdt=   0.4460410244967412         4898.368026613830      
    8909.936501867915     
 dudt=    162324.9057570308     
 ---------------------
 rk4
 istep=      1000001
 grad_b=   0.7450106472451952        4.0218788787646058E-002 
   0.1818617057976831     
 bsub=   3.8203512040783011E-002   0.1373342273764621      
    1.714945092003719     
 bsup=    0.000000000000000       -0.7514566915476076      
    1.079916641201724     
 b_abs=    1.322381742431154     
 g=  -8.9878160521064468E-003
 j=    0.000000000000000        -1018.017163888592      
    351.5681231573109     
 v_perp_2=    86468182.83247311     
 b_n=   2.4110708643925040E-004  -0.7584203098048360      
    1.080468944540534     
 b_para_n=    1.322381771095016     
 dxdt=    2.458561482229090        -4749.475928783419      
    6729.047708854790     
 dudt=   -4108382.672406430     
 ---------------------
 rk4
 istep=      2000001
 grad_b=   7.3529281514334813E-002   0.1236576156503192      
   0.2128981025764998     
 bsub=  -6.8817125020927489E-002   8.8974511434628561E-002 
    1.889118386465778     
 bsup=    0.000000000000000        -1.349623229854594      
    1.039580519799463     
 b_abs=    1.357714941791398     
 g=  -1.1874504256776709E-002
 j=    0.000000000000000         858.6710502737201      
   -397.9622551022783     
 v_perp_2=    88777685.98343708     
 b_n=   8.3013070738567618E-004   -1.350216990940808      
    1.039638697146157     
 b_para_n=    1.357714902817155     
 dxdt=    8.301431863952926        -8049.210889682998      
    6196.110894169776     
 dudt=   -1310758.307761264     
 ---------------------
 rk4
 istep=      3000001
 grad_b=   -1.071470944918948        5.1114492656256449E-002 
  -9.0578645657082665E-002
 bsub=  -4.7031759805200614E-003  -6.7655618315244317E-002 
    1.130599298135550     
 bsup=    0.000000000000000       -0.6450158499883881      
   0.8942647305657854     
 b_abs=    1.026941336940246     
 g=  -1.9572971124035408E-002
 j=    0.000000000000000         993.3322865292887      
   -110.6314469460755     
 v_perp_2=    67148529.00663362     
 b_n=   2.4436057278136796E-004  -0.6392837740246166      
   0.8946087370073226     
 b_para_n=    1.026941314569952     
 dxdt=    3.076757920635768        -5789.715370839573      
    8131.386870791773     
 dudt=    3628370.182733109     
 ---------------------
 rk4
 istep=      4000001
 grad_b=  -0.3587993459757193        2.2002503367564256E-002 
   4.0571231458965767E-002
 bsub=  -3.4996043780250424E-002  -4.7016938751590007E-002 
   0.8938266372559829     
 bsup=    0.000000000000000       -0.1735555541442252      
    1.103483030651895     
 b_abs=   0.9975918064047304     
 g=  -1.2796333234727000E-002
 j=    0.000000000000000         322.2614743583591      
   -242.4692139314861     
 v_perp_2=    65228803.21040371     
 b_n=   1.6721748504250732E-004  -0.1710807728714375      
    1.103619723556273     
 b_para_n=   0.9975917775042357     
 dxdt=    2.160939370985700        -1609.486529190104      
    10438.37795942010     
 dudt=   -1342046.123417275     
 ---------------------
 rk4
 istep=      5000001
 grad_b=  -0.8188935903581119        1.1500693138134500E-002 
   2.6735301682357375E-002
 bsub=   1.0648557277868415E-002  -8.0333569038124275E-002 
   0.9532398105970047     
 bsup=    0.000000000000000       -0.4499631548455146      
   0.9872188669323440     
 b_abs=   0.9889201091918963     
 g=  -1.5944949641111993E-002
 j=    0.000000000000000         313.9086078806428      
    107.5337423166537     
 v_perp_2=    64661207.24767676     
 b_n=   8.3253456199491212E-005  -0.4450044397434417      
   0.9876358391079255     
 b_para_n=   0.9889201190257340     
 dxdt=    1.084393492952697        -4242.091640984884      
    9454.283750278264     
 dudt=   -701471.1972244510     
 ---------------------
 rk4
 istep=      6000001
 grad_b=   -1.013384574636151       -0.1297970851634275      
   0.1397754911829717     
 bsub=  -1.7139995566678563E-002  -0.1437852294536666      
    1.363136182610988     
 bsup=    0.000000000000000       -0.8841560332409424      
   0.8770781610644427     
 b_abs=    1.149989678128926     
 g=  -1.9534302995538905E-002
 j=    0.000000000000000         45.15462621996102      
    258.7930156259057     
 v_perp_2=    75192074.63250346     
 b_n=  -5.6470550630410333E-004  -0.8791907571830060      
   0.8775948295482701     
 b_para_n=    1.149989708735552     
 dxdt=   -6.442489823952068        -6779.441612222543      
    6787.258261841063     
 dudt=   -6747593.709159516     
 ---------------------
 rk4
 istep=      7000001
 grad_b=   0.1974197038760830       -0.1389376719401835      
  -0.2761151837462728     
 bsub=   5.9089179759756826E-002   6.0674013635357363E-002 
    1.707378640904446     
 bsup=    0.000000000000000        -1.520495073785342      
    1.027486988056111     
 b_abs=    1.289552022031699     
 g=  -1.0822663068425168E-002
 j=    0.000000000000000         650.7659727619858      
   -339.6414596726360     
 v_perp_2=    84316528.14909899     
 b_n=  -1.0716898114309771E-003   -1.522212831548022      
    1.027585093100910     
 b_para_n=    1.289551986304738     
 dxdt=   -11.13939476468963        -9878.122725755229      
    6664.176445138667     
 dudt=    1836743.247299081     
 ---------------------
 rk4
 istep=      8000001
 grad_b=   0.8289253719352035       -2.0853733173717130E-002 
  -0.1613169509877479     
 bsub=  -2.0086640634365525E-002   8.6778906719966242E-002 
    1.393069433656416     
 bsup=    0.000000000000000       -0.2491947549347738      
    1.101701901972600     
 b_abs=    1.229768603692755     
 g=  -8.6502369461955234E-003
 j=    0.000000000000000         574.1980235996772      
    179.0475032496855     
 v_perp_2=    80406843.53708129     
 b_n=  -1.0343437099846127E-004  -0.2571077640099761      
    1.102193357818967     
 b_para_n=    1.229768626046712     
 dxdt=   -1.116270255063445        -1826.685922112494      
    7703.621219819113     
 dudt=    4586424.791610171     
 ---------------------
 rk4
 istep=      9000001
 grad_b=  -0.5080938580884962       -2.4363176741864639E-003 
  -2.3714693857469910E-003
 bsub=   6.1418598697023531E-003   4.3333019853485949E-002 
    1.018898235619092     
 bsup=    0.000000000000000        0.6264180324491581      
   0.9138302105285943     
 b_abs=   0.9788336603531789     
 g=  -1.6014642845279432E-002
 j=    0.000000000000000         181.4979099788791      
    6.251359907377008     
 v_perp_2=    63999136.12665797     
 b_n=  -1.5413115702861351E-005   0.6297711794180332      
   0.9136876982563054     
 b_para_n=   0.9788336622086401     
 dxdt=  -0.2026311837128048         6123.767089384389      
    8867.282538148589     
 dudt=    123349.6428160279     
 ---------------------
 rk4
 istep=     10000001
 grad_b=   0.7509713934013806        3.7261761642263844E-002 
   0.1768830801334285     
 bsub=   3.6331294761680871E-002   0.1308960254487902      
    1.674433259788409     
 bsup=    0.000000000000000       -0.7101615466679569      
    1.082473968809710     
 b_abs=    1.311375164304151     
 g=  -8.9191374968421548E-003
 j=    0.000000000000000        -927.9654940020403      
    304.9678704942629     
 v_perp_2=    85740845.17460455     
 b_n=   2.2151969164763531E-004  -0.7172241482719599      
    1.083021288727968     
 b_para_n=    1.311375188929290     
 dxdt=    2.273086552418807        -4554.808270960042      
    6837.882715855275     
 dudt=   -4113494.913020673     
 ---------------------
 rk4
 istep=     11000001
 grad_b=   6.3077264436023975E-002   0.1281749113290127      
   0.2281373427178122     
 bsub=  -6.7981355842298460E-002   8.0951859088464556E-002 
    1.863685328660460     
 bsup=    0.000000000000000        -1.372343564112216      
    1.034861002104990     
 b_abs=    1.348064638344159     
 g=  -1.2007662154830016E-002
 j=    0.000000000000000         1043.106922261115      
   -472.2091087461534     
 v_perp_2=    88138825.94222307     
 b_n=   8.5918045024522118E-004   -1.372862184258914      
    1.034914835458485     
 b_para_n=    1.348064591546806     
 dxdt=    8.636566036497502        -8282.530464470174      
    6242.325560269353     
 dudt=   -1459629.621779712     
 ---------------------
 rk4
 istep=     12000001
 grad_b=   -1.108065514447893        6.0441464840256372E-002 
  -0.1021084169547897     
 bsub=  -1.1820852778288878E-003  -7.3236134012427068E-002 
    1.155977750478225     
 bsup=    0.000000000000000       -0.6751918348863273      
   0.8887604994793217     
 b_abs=    1.037648682584986     
 g=  -1.9713737196175248E-002
 j=    0.000000000000000         411.6013652722245      
    61.63388122610459     
 v_perp_2=    67842607.23311944     
 b_n=   2.8584060073181140E-004  -0.6693228681078557      
   0.8891326201070673     
 b_para_n=    1.037648687250052     
 dxdt=    3.565890733936596        -5975.348362406744      
    7966.416367866351     
 dudt=    4144733.122419694     
 ---------------------
 rk4
 istep=     13000001
 grad_b=  -0.4130402182516458        1.8517258759921086E-002 
   3.4475727718039834E-002
 bsub=  -3.2241471917165553E-002  -5.4066782992186868E-002 
   0.8901533711951874     
 bsup=    0.000000000000000       -0.2282986882178874      
    1.095260629457903     
 b_abs=   0.9938026588784308     
 g=  -1.3028151659967145E-002
 j=    0.000000000000000         370.3623715772103      
   -252.1666081702780     
 v_perp_2=    64975256.52822649     
 b_n=   1.4094420203835924E-004  -0.2254827250464146      
    1.095436738165334     
 b_para_n=   0.9938026281292454     
 dxdt=    1.827661156518723        -2134.023747954212      
    10415.42217314244     
 dudt=   -1103016.957114787     
 ---------------------
 rk4
 istep=     14000001
 grad_b=  -0.7676405340026770        8.2959294228799642E-003 
   1.7645735448330903E-002
 bsub=   1.3891322953452925E-002  -7.8167625740942215E-002 
   0.9389120427643920     
 bsup=    0.000000000000000       -0.4326728584270861      
    1.001647775357466     
 b_abs=   0.9873668215051531     
 g=  -1.5630426725103081E-002
 j=    0.000000000000000        -120.7696069984957      
    136.2672980764518     
 v_perp_2=    64553893.81153775     
 b_n=   5.9614560056256338E-005  -0.4279848930741051      
    1.002037200887706     
 b_para_n=   0.9873668390508208     
 dxdt=   0.7775902868822117        -4089.041200797536      
    9612.864743722639     
 dudt=   -466341.3263479252     
 ---------------------
 rk4
 istep=     15000001
 grad_b=   -1.044519073820291       -0.1237269373240708      
   0.1377420118909103     
 bsub=  -1.5800639332249500E-002  -0.1333266331673608      
    1.338961820807375     
 bsup=    0.000000000000000       -0.8511899260655420      
   0.8761196187055100     
 b_abs=    1.134171011193313     
 g=  -1.9737785116482089E-002
 j=    0.000000000000000        -234.5547043235183      
    342.1998823426955     
 v_perp_2=    74151168.85769275     
 b_n=  -5.4319980091725977E-004  -0.8460404841909925      
   0.8766260002987796     
 b_para_n=    1.134171055962983     
 dxdt=   -6.270463853134141        -6657.335133706505      
    6919.344806563432     
 dudt=   -6513638.200381511     
 ---------------------
 rk4
 istep=     16000001
 grad_b=   0.2303841820211254       -0.1330056018866310      
  -0.2688565135311886     
 bsub=   5.8617831769010309E-002   6.9081309813117109E-002 
    1.744097838101196     
 bsup=    0.000000000000000        -1.545499998700260      
    1.032822784232294     
 b_abs=    1.302046047920657     
 g=  -1.0653414212717949E-002
 j=    0.000000000000000         812.0523966719071      
   -352.1772877942055     
 v_perp_2=    85125861.18433565     
 b_n=  -1.0277036734023782E-003   -1.547510881620802      
    1.032936946024231     
 b_para_n=    1.302046011936864     
 dxdt=   -10.60302776206524        -9889.392356051772      
    6596.171040975462     
 dudt=    1810677.924429002     
 ---------------------
 rk4
 istep=     17000001
 grad_b=   0.8221270311581541       -2.0759390659058408E-002 
  -0.1613760765828391     
 bsub=  -2.3632797040255088E-002   9.0758132165188840E-002 
    1.426886354740544     
 bsup=    0.000000000000000       -0.3175872896340713      
    1.098714986050907     
 b_abs=    1.240363409710979     
 g=  -8.6575579452318249E-003
 j=    0.000000000000000         932.5220381924644      
    48.08309105973409     
 v_perp_2=    81092348.16290449     
 b_n=  -1.0060109965253787E-004  -0.3254422213753378      
    1.099212948160851     
 b_para_n=    1.240363420911007     
 dxdt=   -1.078200954954466        -2274.185860890985      
    7581.790689513959     
 dudt=    4499058.547155289     
 ---------------------
 rk4
 istep=     18000001
 grad_b=  -0.5008598844883836       -8.3238393793787502E-003 
   7.3773506460460547E-003
 bsub=   3.9258372004692971E-003   4.3748415955925227E-002 
    1.017155817544514     
 bsup=    0.000000000000000        0.7395082271802615      
   0.9112845977544608     
 b_abs=   0.9794522383724633     
 g=  -1.5613807999986729E-002
 j=    0.000000000000000        -159.1038370617196      
   -67.09454867513278     
 v_perp_2=    64033876.98008694     
 b_n=  -5.8307151568268369E-005   0.7428880112608247      
   0.9111394470502566     
 b_para_n=   0.9794522285835339     
 dxdt=  -0.7660994903254660         7215.772220779178      
    8835.255595721248     
 dudt=   -18933.89963132481     
 ---------------------
 rk4
 istep=     19000001
 grad_b=   0.7563378840819640        3.4951486077197613E-002 
   0.1727050547330098     
 bsub=   3.4338780663722444E-002   0.1257856193289425      
    1.641139484885115     
 bsup=    0.000000000000000       -0.6735032913431247      
    1.085023221260016     
 b_abs=    1.302418216025330     
 g=  -8.8496962776136254E-003
 j=    0.000000000000000        -745.8988373814370      
    228.8677162447563     
 v_perp_2=    85147633.77954856     
 b_n=   2.0644674593474845E-004  -0.6806597602243449      
    1.085567425694015     
 b_para_n=    1.302418234178929     
 dxdt=    2.129467479166449        -4372.503577315403      
    6930.856432281410     
 dudt=   -4112291.127927747     
 ---------------------
 rk4
 istep=     20000001
 grad_b=   4.0172975556958923E-002   0.1326536883423853      
   0.2400279658281361     
 bsub=  -6.7734637941263276E-002   7.2407946746295859E-002 
    1.837597195327625     
 bsup=    0.000000000000000        -1.381190026912192      
    1.029489951514806     
 b_abs=    1.338540464099847     
 g=  -1.2218037730632382E-002
 j=    0.000000000000000         1140.356869088379      
   -517.1330823880669     
 v_perp_2=    87508324.92676432     
 b_n=   8.8384568378090404E-004   -1.381541624310114      
    1.029536346769939     
 b_para_n=    1.338540412086221     
 dxdt=    8.930835176776091        -8433.415714852303      
    6283.788929021395     
 dudt=   -1560142.809845388     
 ---------------------
 rk4
 istep=     21000001
 grad_b=   -1.129536740977534        6.7751212150863938E-002 
  -0.1103845095022144     
 bsub=   1.6289916467100637E-003  -7.8270240242833897E-002 
    1.176931518610051     
 bsup=    0.000000000000000       -0.6974471859724971      
   0.8851769879868279     
 b_abs=    1.047036840072921     
 g=  -1.9811395745862742E-002
 j=    0.000000000000000        -172.2404467501019      
    164.7872626996690     
 v_perp_2=    68450318.40968703     
 b_n=   3.1722105760919039E-004  -0.6915166820333850      
   0.8855709695687530     
 b_para_n=    1.047036863113082     
 dxdt=    3.925808359597109        -6096.706095677931      
    7835.763128743471     
 dudt=    4525645.488014282     
 ---------------------
 rk4
 istep=     22000001
 grad_b=  -0.4596161404474378        1.5598153717723426E-002 
   2.9389581170622278E-002
 bsub=  -2.9733903136513154E-002  -5.9422118778669292E-002 
   0.8887655049236365     
 bsup=    0.000000000000000       -0.2699678480799951      
    1.087592925017773     
 b_abs=   0.9912247647242260     
 g=  -1.3218066085358297E-002
 j=    0.000000000000000         313.2283731073317      
   -170.9250863050582     
 v_perp_2=    64800939.23153631     
 b_n=   1.1892163663876316E-004  -0.2668623590615504      
    1.087804509907977     
 b_para_n=   0.9912247431448948     
 dxdt=    1.545697683770898        -2535.529088139712      
    10379.99664092384     
 dudt=   -915197.5020460908     
 ---------------------
 rk4
 istep=     23000001
 grad_b=  -0.7251132106214319        5.5410586559963074E-003 
   1.0745624684550106E-002
 bsub=   1.6557672522055013E-002  -7.5829761856615246E-002 
   0.9293338012170220     
 bsup=    0.000000000000000       -0.4178917541404729      
    1.013013260463331     
 b_abs=   0.9866306679593223     
 g=  -1.5383441112322083E-002
 j=    0.000000000000000        -373.2725159539415      
    167.1052883727727     
 v_perp_2=    64500018.11347495     
 b_n=   3.9474137053006268E-005  -0.4134306896303755      
    1.013376586359296     
 b_para_n=   0.9866306914497586     
 dxdt=   0.5152293437390943        -3954.377153187716      
    9731.714810893516     
 dudt=   -283920.0478130821     
 ---------------------
 rk4
 istep=     24000001
 grad_b=   -1.061877367007626       -0.1188385715329184      
   0.1356587497461438     
 bsub=  -1.4417751438918871E-002  -0.1254871818584896      
    1.319615620805555     
 bsup=    0.000000000000000       -0.8277321699867246      
   0.8758269281575738     
 b_abs=    1.122235360598610     
 g=  -1.9857020577161537E-002
 j=    0.000000000000000        -530.6571561797284      
    383.4463535629667     
 v_perp_2=    73364292.58981520     
 b_n=  -5.2595752044179162E-004  -0.8224676240851946      
   0.8763218527551310     
 b_para_n=    1.122235414353739     
 dxdt=   -6.126583327967471        -6572.161177152790      
    7024.683753262243     
 dudt=   -6325625.415437707     
 ---------------------
 rk4
 istep=     25000001
 grad_b=   0.2607801672556246       -0.1272161990050837      
  -0.2618032820884844     
 bsub=   5.7863661902098934E-002   7.7210156357687479E-002 
    1.775572936993216     
 bsup=    0.000000000000000        -1.565126106147668      
    1.038077851463896     
 b_abs=    1.312603881440800     
 g=  -1.0444790486909397E-002
 j=    0.000000000000000         831.8269348296195      
   -326.5473612351126     
 v_perp_2=    85808474.01717491     
 b_n=  -9.8913459923447348E-004   -1.567425801831145      
    1.038210063488780     
 b_para_n=    1.312603848894810     
 dxdt=   -10.14228629422781        -9888.090353347230      
    6544.042005873859     
 dudt=    1809446.215875971     
 ---------------------
 rk4
 istep=     26000001
 grad_b=   0.8142670402270686       -2.0537904019916953E-002 
  -0.1614492724032728     
 bsub=  -2.6543319394950485E-002   9.3822056033757179E-002 
    1.453631981745011     
 bsup=    0.000000000000000       -0.3687280272805913      
    1.095925678227099     
 b_abs=    1.248352054206071     
 g=  -8.6880358615032544E-003
 j=    0.000000000000000         1017.598932467293      
   -25.59103798667795     
 v_perp_2=    81607358.66765799     
 b_n=  -9.6855007188726224E-005  -0.3764947439553267      
    1.096425201980825     
 b_para_n=    1.248352058395910     
 dxdt=   -1.032714610138982        -2600.286163533229      
    7487.707448620263     
 dudt=    4434523.920064759     
 ---------------------
 rk4
 istep=     27000001
 grad_b=  -0.4831426418977105       -1.3564392930678008E-002 
   1.9854418097558627E-002
 bsub=   1.9290720630057746E-003   4.3599220064768282E-002 
    1.016543399303490     
 bsup=    0.000000000000000        0.8261392433053576      
   0.9103699541224060     
 b_abs=   0.9805541112316442     
 g=  -1.5266186227648618E-002
 j=    0.000000000000000        -304.4107890604942      
   -112.0645280056800     
 v_perp_2=    64100204.29987843     
 b_n=  -9.9168575165080409E-005   0.8294630457562643      
   0.9102275695648822     
 b_para_n=   0.9805540947196206     
 dxdt=   -1.301640181103848         8043.149379801114      
    8813.261384336727     
 dudt=   -228963.5155627484     
 ---------------------
 rk4
 istep=     28000001
 grad_b=   0.7610171601243455        3.3511268913049196E-002 
   0.1696390321095076     
 bsub=   3.2374860149293729E-002   0.1220510259643380      
    1.615256039615433     
 bsup=    0.000000000000000       -0.6432973675874332      
    1.087393660309103     
 b_abs=    1.295522597816774     
 g=  -8.7864007507930369E-003
 j=    0.000000000000000        -519.2823138123715      
    150.0558246483260     
 v_perp_2=    84689277.55567175     
 b_n=   1.9776274690800393E-004  -0.6505379119583029      
    1.087936811645866     
 b_para_n=    1.295522609510435     
 dxdt=    2.048177898285652        -4216.403925066914      
    7006.041118148391     
 dudt=   -4110035.975404380     
 ---------------------
 rk4
 istep=     29000001
 grad_b=  -8.6582441304787830E-005   0.1372586132411728      
   0.2493728501077245     
 bsub=  -6.7982573198655152E-002   6.3176705289613611E-002 
    1.811571436737165     
 bsup=    0.000000000000000        -1.376746093739932      
    1.023320416962337     
 b_abs=    1.329282546399222     
 g=  -1.2521740000744717E-002
 j=    0.000000000000000         1197.392905113709      
   -515.4390072508863     
 v_perp_2=    86895340.72421685     
 b_n=   9.0375143998362045E-004   -1.376811173032107      
    1.023356563036093     
 b_para_n=    1.329282494003351     
 dxdt=    9.179024412249900        -8500.690016353223      
    6318.346250707503     
 dudt=   -1628200.011211959     
 ---------------------
 Elapsed time (seconds):     160.0887470000000     

real	2m40.100s
user	2m39.771s
sys	0m0.021s
>>> [PID 3843951] DONE  u=9500, v_perp=-8000, out=bounce/dat62.dat
