>>> [PID 3844517] START u=6500, v_perp=-7000, out=bounce/dat77.dat, dt=5.00E-09, steps=30000000
 outer boundary:   8.3000000000000462E-002
 rk4
 istep=            1
 grad_b=  -0.5028809529414808        4.9305643800074961E-003 
  -7.9803813207879187E-003
 bsub=   8.6927617603414775E-003   4.2252127366310184E-002 
    1.020727898390147     
 bsup=    0.000000000000000        0.5002877427517383      
   0.9181488156119727     
 b_abs=   0.9787595355987844     
 g=  -1.6418858879878952E-002
 j=    0.000000000000000         576.0999542828972      
    59.07537348216221     
 v_perp_2=    48999991.91824207     
 b_n=   2.3215887712439033E-005   0.5025066602362541      
   0.9180567750154423     
 b_para_n=   0.9787595431488399     
 dxdt=   0.2435831314890952         3345.721682643355      
    6096.515439818406     
 dudt=    124306.2419998762     
 ---------------------
 rk4
 istep=      1000001
 grad_b=   0.7927879735088004       -2.5140139943545702E-002 
   0.1684356589751849     
 bsub=   2.5367270490301821E-002   5.3290285666948864E-002 
    1.279455000318166     
 bsup=    0.000000000000000        0.3407834763266192      
    1.063482046318956     
 b_abs=    1.174146381196493     
 g=  -1.0110836859601640E-002
 j=    0.000000000000000        -1367.675854353439      
   -3.502848476214258     
 v_perp_2=    58781459.62236726     
 b_n=  -1.7594545124367027E-004   0.3364637743776769      
    1.063665449776511     
 b_para_n=    1.174146376992704     
 dxdt=   -1.626778720857901         1613.878563894206      
    5162.760428498860     
 dudt=   -3636168.265983383     
 ---------------------
 rk4
 istep=      2000001
 grad_b=   0.6186282449278535        2.7968332329389674E-002 
   0.1465291962133640     
 bsub=  -1.2790578392534391E-002   6.0814272676668120E-002 
    1.152785513355254     
 bsup=    0.000000000000000        0.1243012718329976      
    1.112431066412778     
 b_abs=    1.135931706319564     
 g=  -9.8197125308759712E-003
 j=    0.000000000000000         878.5256007818999      
   -193.5002603705913     
 v_perp_2=    56868072.40339070     
 b_n=   1.1294861312028168E-004   0.1208397351094749      
    1.112614920219132     
 b_para_n=    1.135931696185385     
 dxdt=    1.065204170235249         608.9900471732360      
    5744.035591381151     
 dudt=   -3668553.305766887     
 ---------------------
 rk4
 istep=      3000001
 grad_b=   0.1230465578024587        7.6676818032197086E-002 
   0.1223473632153268     
 bsub=  -4.3981161436957142E-002   2.3043924707535399E-002 
    1.014163716145137     
 bsup=    0.000000000000000       -0.1878334631764585      
    1.142552995670699     
 b_abs=    1.074568702877009     
 g=  -9.5811757836546611E-003
 j=    0.000000000000000        -23.71433553770134      
    56.98745277075531     
 v_perp_2=    53795834.51665238     
 b_n=   4.3370374507473598E-004  -0.1885867707584184      
    1.142588925021510     
 b_para_n=    1.074568706865874     
 dxdt=    4.243956510986234        -1077.137514238946      
    6507.522672424003     
 dudt=   -2920770.580395018     
 ---------------------
 rk4
 istep=      4000001
 grad_b=  -0.6905097346111714        6.4156510207671186E-004 
   1.1159509542180840E-003
 bsub=   1.0086951007813783E-002  -8.7950998529519694E-002 
   0.8741642119590616     
 bsup=    0.000000000000000       -0.4246939601038031      
    1.065181387087873     
 b_abs=   0.9837856983140745     
 g=  -1.2846684760655631E-002
 j=    0.000000000000000        -527.7126635348602      
    374.5288991027984     
 v_perp_2=    49250808.42531539     
 b_n=   3.5933417663846365E-006  -0.4214024915988716      
    1.065512542338351     
 b_para_n=   0.9837857312204229     
 dxdt=   3.7550188619771260E-002   -2763.271259432530      
    7020.331793327108     
 dudt=   -23312.17226310711     
 ---------------------
 rk4
 istep=      5000001
 grad_b=  -0.3460001315276161       -9.9760063769407641E-003 
  -3.8123302331927358E-002
 bsub=   3.5957263874369261E-002  -3.8154957787405047E-002 
   0.9160001782728225     
 bsup=    0.000000000000000       -0.1867196783891404      
    1.073744156392108     
 b_abs=   0.9956182508191086     
 g=  -1.4171720246053669E-002
 j=    0.000000000000000         511.3967031758070      
   -252.7206000705036     
 v_perp_2=    49842966.14552323     
 b_n=  -5.0760800660423373E-005  -0.1852074164214743      
    1.073809117278963     
 b_para_n=   0.9956182293981433     
 dxdt=  -0.5255318684487813        -1191.140812291936      
    6940.441944219283     
 dudt=    982322.0734530771     
 ---------------------
 rk4
 istep=      6000001
 grad_b=  -4.8658211002388596E-002   2.5546823141417430E-003 
  -7.4363532230744683E-002
 bsub=   3.4907675906190185E-002   7.7308274091265460E-003 
   0.9714077580948655     
 bsup=    0.000000000000000        9.4883012969743108E-002 
    1.065026257033340     
 b_abs=    1.017303471980588     
 g=  -1.4134168723023383E-002
 j=    0.000000000000000        -203.2145318876840      
    74.96889503815072     
 v_perp_2=    50928360.59674589     
 b_n=   1.3881066217747472E-005   9.5085867721773853E-002 
    1.065024149840168     
 b_para_n=    1.017303477728177     
 dxdt=   0.1413630490090633         594.3185850567704      
    6647.792772283516     
 dudt=    1942758.361649828     
 ---------------------
 rk4
 istep=      7000001
 grad_b=  -0.4689179323685659       -1.9045239727302363E-002 
   2.4037025560118858E-002
 bsub=   1.3235777433335434E-002   3.5298424881480342E-002 
    1.038496460344306     
 bsup=    0.000000000000000        0.2168860160530245      
   0.9198610441828625     
 b_abs=   0.9811621066064080     
 g=  -1.7931667157106364E-002
 j=    0.000000000000000        -800.4913079197441      
    241.7489176339406     
 v_perp_2=    49118843.07363962     
 b_n=  -8.1138974929636582E-005   0.2188027667862806      
   0.9197969467399270     
 b_para_n=   0.9811621263551887     
 dxdt=  -0.8496722526991261         1454.875760152074      
    6084.644821379253     
 dudt=   -458699.0925879104     
 ---------------------
 rk4
 istep=      8000001
 grad_b=   0.8399890416393258       -2.2191569287840461E-002 
   0.1660883932179487     
 bsub=   4.1074681378916927E-002   6.1171320936226709E-002 
    1.396170709778418     
 bsup=    0.000000000000000       -3.2736615042149364E-002 
    1.060700532907447     
 b_abs=    1.216289079508321     
 g=  -1.0120542695397795E-002
 j=    0.000000000000000         1007.461414400330      
   -436.5760593887845     
 v_perp_2=    60889479.68934444     
 b_n=  -1.5840549886436068E-004  -3.7225580510451592E-002 
    1.060901847667684     
 b_para_n=    1.216289052679963     
 dxdt=   -1.437206872378689        -189.0320408294800      
    4807.016967083761     
 dudt=   -3640462.238249953     
 ---------------------
 rk4
 istep=      9000001
 grad_b=   0.7477657470103751        2.9161554251927572E-002 
   0.1545877711915685     
 bsub=  -1.6342191010654053E-003   7.3957141980768179E-002 
    1.246332974752385     
 bsup=    0.000000000000000       -3.3703820263850659E-002 
    1.117249499606225     
 b_abs=    1.179143570345833     
 g=  -8.8708060085965386E-003
 j=    0.000000000000000        -559.6284566722659      
    194.7598204580838     
 v_perp_2=    59029662.86540900     
 b_n=   1.1994329740704558E-004  -3.8192160709733920E-002 
    1.117516004299860     
 b_para_n=    1.179143581152288     
 dxdt=    1.106308280847093        -203.6457742086826      
    5380.801351584706     
 dudt=   -3645459.008974398     
 ---------------------
 rk4
 istep=     10000001
 grad_b=   0.2832954147163410        8.7309693692862234E-002 
   0.1511398966713327     
 bsub=  -4.2056559296871888E-002   4.5519229503307182E-002 
    1.100704104435709     
 bsup=    0.000000000000000       -0.3702850439250758      
    1.140037398360132     
 b_abs=    1.111922723536080     
 g=  -8.7590216808187630E-003
 j=    0.000000000000000        -515.7840429821896      
    153.8627375447132     
 v_perp_2=    55664255.14631595     
 b_n=   5.1416602284483175E-004  -0.3721186763885588      
    1.140132882586183     
 b_para_n=    1.111922732789210     
 dxdt=    4.915885502037005        -2004.081426930363      
    6117.124712171391     
 dudt=   -3150998.898651394     
 ---------------------
 rk4
 istep=     11000001
 grad_b=  -0.8275192878261634        2.0041056668549391E-002 
   3.1136618354068224E-002
 bsub=   1.5815188455097287E-003  -9.1832280030837293E-002 
   0.9287266144367261     
 bsup=    0.000000000000000       -0.4659415180080417      
    1.003545433896605     
 b_abs=   0.9877609993284545     
 g=  -1.4554177443928264E-002
 j=    0.000000000000000         31.25840416851150      
    183.7407631415499     
 v_perp_2=    49448382.81973795     
 b_n=   1.0227611747990761E-004  -0.4622805519126799      
    1.003907270785751     
 b_para_n=   0.9877610139443284     
 dxdt=    1.065407759080236        -3011.696901303404      
    6572.503556830626     
 dudt=   -555189.9410910131     
 ---------------------
 rk4
 istep=     12000001
 grad_b=  -0.5498694964293136       -3.1092812675295733E-004 
  -1.1582793572628605E-002
 bsub=   2.9047273726256449E-002  -5.3923952077358346E-002 
   0.9295892240265727     
 bsup=    0.000000000000000       -0.3304413937037423      
    1.029150342937484     
 b_abs=   0.9869276222909449     
 g=  -1.5642842350721550E-002
 j=    0.000000000000000         42.98598836541913      
    15.50463961583426     
 v_perp_2=    49406454.81243952     
 b_n=  -4.0578179828460001E-006  -0.3281726269882494      
    1.029282078305321     
 b_para_n=   0.9869276233469226     
 dxdt=  -4.2298024294319329E-002   -2142.175837387733      
    6746.773905846864     
 dudt=    299720.1500898323     
 ---------------------
 rk4
 istep=     13000001
 grad_b=  -0.2697232092028030        6.6635172564803169E-003 
  -4.4289284473133045E-002
 bsub=   3.6506540383370457E-002  -1.3993336507424160E-002 
   0.9492483358626508     
 bsup=    0.000000000000000       -9.6869947837542325E-002 
    1.044741125525678     
 b_abs=   0.9968223183188152     
 g=  -1.5221721717799740E-002
 j=    0.000000000000000        -76.70257194749615      
    55.02843997522092     
 v_perp_2=    49901577.32115345     
 b_n=   2.5376179624583297E-005  -9.5738404943126659E-002 
    1.044756834992038     
 b_para_n=   0.9968223228540588     
 dxdt=   0.2624748049213806        -613.1820112091812      
    6739.549679133927     
 dudt=    1178076.451305898     
 ---------------------
 rk4
 istep=     14000001
 grad_b=  -0.4765973506359368       -5.7488304023610520E-002 
   5.0010086111658372E-002
 bsub=   1.6471794877996784E-002   1.7940303733450607E-002 
    1.075557120914226     
 bsup=    0.000000000000000       -3.2058128905356198E-002 
   0.9155387068001537     
 b_abs=   0.9920351075624694     
 g=  -1.9218604507792482E-002
 j=    0.000000000000000         569.6130433350922      
    428.3305773966147     
 v_perp_2=    49661720.42958260     
 b_n=  -2.2375635105070939E-004  -3.0226658284438088E-002 
   0.9155116220219144     
 b_para_n=   0.9920351481299826     
 dxdt=   -2.323035396775599        -189.3853455168129      
    5951.337748896565     
 dudt=   -1201737.735721607     
 ---------------------
 rk4
 istep=     15000001
 grad_b=   0.8027891189843481       -1.5392940523237000E-002 
   0.1611693636325496     
 bsub=   5.4331170229709777E-002   7.4426339855510490E-002 
    1.520144907130617     
 bsup=    0.000000000000000       -0.4051782411820884      
    1.058221664127687     
 b_abs=    1.256569402300786     
 g=  -1.0138040168178448E-002
 j=    0.000000000000000         247.1845883648837      
   -195.9361733819436     
 v_perp_2=    62904146.39008071     
 b_n=  -1.2315527534747774E-004  -0.4093939616327364      
    1.058432457352583     
 b_para_n=    1.256569389913136     
 dxdt=   -1.100796955932343        -1754.420911202365      
    4485.567615812156     
 dudt=   -3521536.736906562     
 ---------------------
 rk4
 istep=     16000001
 grad_b=   0.8013989977641927        3.2967581877379255E-002 
   0.1612114766157665     
 bsub=   7.1846792005955500E-003   8.9287682840989868E-002 
    1.355597997344520     
 bsup=    0.000000000000000       -0.2592443068821482      
    1.117186594632946     
 b_abs=    1.220910153796913     
 g=  -8.3790342997564528E-003
 j=    0.000000000000000        -316.1061929936925      
    236.9430752571055     
 v_perp_2=    61118776.92999330     
 b_n=   1.3929552073800464E-004  -0.2642338580782887      
    1.117514510422528     
 b_para_n=    1.220910167980239     
 dxdt=    1.261437922712755        -1210.742512643912      
    5025.821533478284     
 dudt=   -3517089.416061678     
 ---------------------
 rk4
 istep=     17000001
 grad_b=   0.4117224594508082        8.9833003415733581E-002 
   0.1707478367025037     
 bsub=  -3.9627314532530232E-002   6.2230078224943988E-002 
    1.195756798611144     
 bsup=    0.000000000000000       -0.4892802144648025      
    1.133155039134422     
 b_abs=    1.151467773319230     
 g=  -8.2177444371714838E-003
 j=    0.000000000000000         625.7827542253268      
    13.46940033814593     
 v_perp_2=    57642249.07943942     
 b_n=   5.3876933642813517E-004  -0.4920581939246829      
    1.133317469743048     
 b_para_n=    1.151467776483467     
 dxdt=    5.038673448582083        -2489.327354824122      
    5706.540381661609     
 dudt=   -3250386.574223100     
 ---------------------
 rk4
 istep=     18000001
 grad_b=  -0.9820750817309158        3.3646195444214086E-002 
   7.0339177638480743E-002
 bsub=  -5.9030566740926448E-003  -8.9184315113062018E-002 
    1.005695491230775     
 bsup=    0.000000000000000       -0.5195446700105650      
   0.9474061970942498     
 b_abs=   0.9994875146054416     
 g=  -1.6111599970567450E-002
 j=    0.000000000000000         404.3863888694661      
    577.5341732363415     
 v_perp_2=    50033968.14618842     
 b_n=   1.6737837435156175E-004  -0.5154249446189287      
   0.9477725594132854     
 b_para_n=   0.9994875606299026     
 dxdt=    1.727679323200869        -3294.648317413161      
    6089.220441130698     
 dudt=   -1231071.192837380     
 ---------------------
 rk4
 istep=     19000001
 grad_b=  -0.7612794480629667        2.8987747355222124E-003 
   2.0284522269234967E-002
 bsub=   2.0365601409498918E-002  -6.3060052759483676E-002 
   0.9725988846125485     
 bsup=    0.000000000000000       -0.4275105502747238      
   0.9756937339499664     
 b_abs=   0.9880310277417649     
 g=  -1.7194017784046282E-002
 j=    0.000000000000000         19.24668480053913      
   -100.6903998261844     
 v_perp_2=    49460252.56580380     
 b_n=   1.6513397450210627E-005  -0.4245256274447613      
   0.9758869117964051     
 b_para_n=   0.9880310191105665     
 dxdt=   0.1719817239672722        -2766.033201828796      
    6385.790417503855     
 dudt=   -469981.6433926541     
 ---------------------
 rk4
 istep=     20000001
 grad_b=  -0.4779822298504053        5.7082213997667088E-003 
  -1.4871529088528304E-002
 bsub=   3.2935517076152027E-002  -3.1586441671534661E-002 
   0.9555628085847800     
 bsup=    0.000000000000000       -0.2638322151425245      
    1.008466261537769     
 b_abs=   0.9858296577863023     
 g=  -1.6627889878219466E-002
 j=    0.000000000000000         563.2556967111220      
   -117.3245665426148     
 v_perp_2=    49349840.77711046     
 b_n=   2.0888791087375990E-005  -0.2619202524638598      
    1.008528730378932     
 b_para_n=   0.9858296464119418     
 dxdt=   0.2179291768006016        -1712.395612635504      
    6622.318752727590     
 dudt=    419012.4577675476     
 ---------------------
 rk4
 istep=     21000001
 grad_b=  -0.4646555730267841       -0.1111787338790665      
   8.3912910795523654E-002
 bsub=   1.8030567313262608E-002  -1.2021084872556102E-002 
    1.137766715073737     
 bsup=    0.000000000000000       -0.2787927600121817      
   0.9085392077896881     
 b_abs=    1.018226942112797     
 g=  -2.0211201318724843E-002
 j=    0.000000000000000         7.365582334050032      
   -40.25057832171871     
 v_perp_2=    50971410.14309555     
 b_n=  -3.9760339378460682E-004  -0.2771128813572986      
   0.9085632542119413     
 b_para_n=    1.018226938420315     
 dxdt=   -4.046299144803662        -1720.601289256801      
    5663.109879482891     
 dudt=   -2635958.381677206     
 ---------------------
 rk4
 istep=     22000001
 grad_b=   0.7771171370869774       -3.1218637191911362E-003 
   0.1697341831911650     
 bsub=   6.3372935622948948E-002   9.3680623499457619E-002 
    1.646104893608647     
 bsup=    0.000000000000000       -0.6896428248151941      
    1.059164444478516     
 b_abs=    1.295690004413835     
 g=  -1.0112446686666441E-002
 j=    0.000000000000000        -2093.461315578528      
   -27.67522117101574     
 v_perp_2=    64860641.69934258     
 b_n=  -6.6602773052767860E-005  -0.6936583362785365      
    1.059395525642201     
 b_para_n=    1.295689994692033     
 dxdt=  -0.5885708869053510        -2769.730336996881      
    4201.340155742616     
 dudt=   -3514395.782189756     
 ---------------------
 rk4
 istep=     23000001
 grad_b=   0.7773803280165623        3.7892293463360607E-002 
   0.1604808510355288     
 bsub=   1.2528306616816278E-002   0.1079994759648603      
    1.474324985135949     
 bsup=    0.000000000000000       -0.4732199005760406      
    1.110352650845946     
 b_abs=    1.259441241881144     
 g=  -8.2764761354108037E-003
 j=    0.000000000000000         457.7567933949445      
   -230.7820361275250     
 v_perp_2=    63045805.62996355     
 b_n=   1.6307702197450229E-004  -0.4780617797703841      
    1.110705938771528     
 b_para_n=    1.259441229080937     
 dxdt=    1.456226095375381        -2038.691587671209      
    4685.246096925563     
 dudt=   -3184868.582176535     
 ---------------------
 rk4
 istep=     24000001
 grad_b=   0.4996941919414558        9.0722850550727957E-002 
   0.1808348707415288     
 bsub=  -3.7690228340848092E-002   7.6194963453940279E-002 
    1.298455890247977     
 bsup=    0.000000000000000       -0.5720903865976088      
    1.124259607955392     
 b_abs=    1.190317407628424     
 g=  -7.9420639645881932E-003
 j=    0.000000000000000         243.5134402151492      
    129.3681023761111     
 v_perp_2=    59585316.52146190     
 b_n=   5.4418392154354899E-004  -0.5755203771486065      
    1.124476688886546     
 b_para_n=    1.190317417367654     
 dxdt=    4.993079493472348        -2735.986705828988      
    5316.846443428993     
 dudt=   -3183602.075066817     
 ---------------------
 rk4
 istep=     25000001
 grad_b=   -1.123065547354483        4.0162147303822338E-002 
   0.1176376904857335     
 bsub=  -1.3245243079907808E-002  -8.4144296380337255E-002 
    1.092077691996358     
 bsup=    0.000000000000000       -0.6558688607762841      
   0.9046325284745088     
 b_abs=    1.021210209440739     
 g=  -1.7381576495721616E-002
 j=    0.000000000000000        -740.1651229406903      
    497.5156357266338     
 v_perp_2=    51119908.89759796     
 b_n=   1.9654454632825102E-004  -0.6513905654535724      
   0.9049800089508917     
 b_para_n=    1.021210257802435     
 dxdt=    1.995767326288175        -4023.050239927215      
    5615.197996438913     
 dudt=   -1962640.358776496     
 ---------------------
 rk4
 istep=     26000001
 grad_b=  -0.9726405862898044       -4.3756946055341552E-003 
   5.6884094026365351E-002
 bsub=   1.0202966665033624E-002  -6.7670129498499640E-002 
    1.040975797373371     
 bsup=    0.000000000000000       -0.5406258875441241      
   0.9264187199134328     
 b_abs=    1.000515566871653     
 g=  -1.8386729974910046E-002
 j=    0.000000000000000         1184.784161869028      
   -756.1909256881498     
 v_perp_2=    50083763.02977226     
 b_n=  -2.5733382224635620E-006  -0.5369312788948414      
   0.9266588482431111     
 b_para_n=    1.000515493787364     
 dxdt=  -2.6540764215874233E-002   -3428.813398646512      
    5943.402129566432     
 dudt=   -1377485.681228642     
 ---------------------
 rk4
 istep=     27000001
 grad_b=  -0.7047090611787739       -3.7213661824190072E-003 
   1.8059719411566116E-002
 bsub=   2.5569144285838931E-002  -4.4385154717295636E-002 
   0.9924796271942448     
 bsup=    0.000000000000000       -0.3981050261242336      
   0.9622557588116654     
 b_abs=   0.9860992420002044     
 g=  -1.8050640914753158E-002
 j=    0.000000000000000        -628.2622471821198      
   -44.19917331413230     
 v_perp_2=    49361899.06383143     
 b_n=  -1.1155155589011251E-005  -0.3954053152670289      
   0.9623767798680691     
 b_para_n=   0.9860992406018365     
 dxdt=  -0.1163541648435322        -2584.737871906602      
    6316.871259668926     
 dudt=   -478687.3833097833     
 ---------------------
 rk4
 istep=     28000001
 grad_b=  -0.3676692490727284       -0.1700237584180725      
   0.1048859885642228     
 bsub=   2.0491203884493551E-002  -5.7501562061304176E-002 
    1.223496964264271     
 bsup=    0.000000000000000       -0.5017761080971557      
   0.9049046856033526     
 b_abs=    1.065719226121845     
 g=  -2.0656840839608684E-002
 j=    0.000000000000000        -504.5145660368389      
   -227.8428656708998     
 v_perp_2=    53347267.85131340     
 b_n=  -5.5452010363107158E-004  -0.5005353161083258      
   0.9049722716267495     
 b_para_n=    1.065719208323912     
 dxdt=   -5.457729034140073        -2886.482130763257      
    5228.180438382365     
 dudt=   -4232638.220372724     
 ---------------------
 rk4
 istep=     29000001
 grad_b=   0.7469321205586268        7.3621824018369267E-003 
   0.1734048619975160     
 bsub=   6.7598696535020847E-002   0.1180643564499117      
    1.766022703498342     
 bsup=    0.000000000000000       -0.8364787229736694      
    1.062824357946088     
 b_abs=    1.333243526706737     
 g=  -1.0134363644382825E-002
 j=    0.000000000000000        -728.2586456403565      
    360.5373179732111     
 v_perp_2=    66738579.43851326     
 b_n=  -2.1480915647567040E-005  -0.8402377045943279      
    1.063076495539136     
 b_para_n=    1.333243546872506     
 dxdt=  -0.1883615646791741        -3139.163198983561      
    3948.930243570630     
 dudt=   -3344181.401247089     
 ---------------------
 Elapsed time (seconds):     154.3066500000000     

real	2m34.318s
user	2m33.944s
sys	0m0.025s
>>> [PID 3844517] DONE  u=6500, v_perp=-7000, out=bounce/dat77.dat
