>>> [PID 3844699] START u=7000, v_perp=-7000, out=bounce/dat78.dat, dt=5.00E-09, steps=30000000
 outer boundary:   8.3000000000000462E-002
 rk4
 istep=            1
 grad_b=  -0.5028808196835204        4.9304372875054250E-003 
  -7.9801118745153887E-003
 bsub=   8.6927966410243439E-003   4.2252107726618346E-002 
    1.020727974979536     
 bsup=    0.000000000000000        0.5002852520506431      
   0.9181488388891400     
 b_abs=   0.9787595231841117     
 g=  -1.6418871496787286E-002
 j=    0.000000000000000         576.0999549964662      
    59.07350038305491     
 v_perp_2=    48999991.29672167     
 b_n=   2.5001050513831013E-005   0.5026748532592143      
   0.9180497183974223     
 b_para_n=   0.9787595313147567     
 dxdt=   0.2682078996602041         3603.630500003728      
    6565.454999694742     
 dudt=    124301.8629992575     
 ---------------------
 rk4
 istep=      1000001
 grad_b=   0.3896099314886540       -4.9176486316303183E-002 
  -0.1132791741139441     
 bsub=   3.2721569256839528E-002   0.1687300028416745      
    2.107518404756124     
 bsup=    0.000000000000000        -1.523342867160885      
    1.073896718455195     
 b_abs=    1.416525706156325     
 g=  -8.0111127801119272E-003
 j=    0.000000000000000        -200.7037464918830      
    413.5777490775362     
 v_perp_2=    70915681.60032287     
 b_n=  -2.8629107019433628E-004   -1.526136521043377      
    1.074124845328321     
 b_para_n=    1.416525734721368     
 dxdt=   -2.428831561138731        -5620.402277588843      
    3947.389440530264     
 dudt=    825902.8150685171     
 ---------------------
 rk4
 istep=      2000001
 grad_b=   0.7994367874523058       -9.1339667536609812E-003 
  -0.1596294306830351     
 bsub=  -1.4089859809070534E-002   6.9189892573899597E-002 
    1.277949631655333     
 bsup=    0.000000000000000        0.1323359433251782      
    1.095063120366042     
 b_abs=    1.186577238087015     
 g=  -9.1934127513417126E-003
 j=    0.000000000000000        -1564.690706672057      
    252.5179750996559     
 v_perp_2=    59403452.77831800     
 b_n=  -3.1533040806214117E-006   0.1272173372830232      
    1.095340225288053     
 b_para_n=    1.186577250526527     
 dxdt=  -2.9215011868386008E-002    645.4539299501713      
    5736.034880550239     
 dudt=    3713096.434947364     
 ---------------------
 rk4
 istep=      3000001
 grad_b=  -0.7144074791850353       -0.1521232027784848      
   0.1034422148813845     
 bsub=   1.0355835695447339E-002  -8.8068063115990927E-002 
    1.223721803406217     
 bsup=    0.000000000000000       -0.6698434509740138      
   0.8879423207909050     
 b_abs=    1.070276791576513     
 g=  -2.0628187057440371E-002
 j=    0.000000000000000         576.3370243186777      
   -322.8342509142087     
 v_perp_2=    53580847.17705392     
 b_n=  -5.2241505330906542E-004  -0.6672606155716020      
   0.8881325918627712     
 b_para_n=    1.070276757476461     
 dxdt=   -5.215211601844253        -4145.428918727386      
    5531.245939073930     
 dudt=   -4531327.083712382     
 ---------------------
 rk4
 istep=      4000001
 grad_b=   0.6129184487397340       -6.6950586863903983E-002 
  -0.1606616796728268     
 bsub=   1.8982854862092228E-002   0.1175079925030016      
    1.546105797230656     
 bsup=    0.000000000000000       -0.7755311294550853      
    1.108944799153164     
 b_abs=    1.274501208503410     
 g=  -7.7035838737643525E-003
 j=    0.000000000000000         85.33196522309731      
    108.3597495631310     
 v_perp_2=    63804543.42917483     
 b_n=  -4.1376182652547616E-004  -0.7801788947345526      
    1.109303128227167     
 b_para_n=    1.274501216906945     
 dxdt=   -3.669551374669298        -3599.525009093922      
    5091.257274025346     
 dudt=    2479409.501034724     
 ---------------------
 rk4
 istep=      5000001
 grad_b=  -0.4518070826523112        1.0505461995213520E-003 
  -2.2154628549265143E-002
 bsub=   3.3417258328891086E-002  -4.0230056169482345E-002 
   0.9347171579430784     
 bsup=    0.000000000000000       -0.2636538382322636      
    1.034804053661500     
 b_abs=   0.9888050016178677     
 g=  -1.5649377067498679E-002
 j=    0.000000000000000         710.5947518407309      
   -114.2694059543908     
 v_perp_2=    49501661.67893309     
 b_n=   4.3177817982533660E-007  -0.2616464704657033      
    1.034890421556027     
 b_para_n=   0.9888049889396870     
 dxdt=   4.5929258826307882E-003   -1835.540392098730      
    7288.961341248077     
 dudt=    587363.5435972817     
 ---------------------
 rk4
 istep=      6000001
 grad_b=  -0.8817406789473261        8.7519945464965138E-002 
  -0.1208805041547002     
 bsub=   4.8753662577556478E-002  -0.2070467733466234      
    1.513096476077097     
 bsup=    0.000000000000000        -1.206409804186736      
   0.8967837395469911     
 b_abs=    1.267553865007620     
 g=  -1.8858769009207202E-002
 j=    0.000000000000000        -78.00523655750203      
   -93.19823280863631     
 v_perp_2=    63456074.83544926     
 b_n=   2.1793806220980118E-004   -1.203714423279356      
   0.8971455387039877     
 b_para_n=    1.267553859002694     
 dxdt=    1.938703824200574        -5569.917364308971      
    4161.435427062656     
 dudt=    4225739.119903635     
 ---------------------
 rk4
 istep=      7000001
 grad_b=  -6.6437453267125857E-002  -6.1335289493691970E-002 
  -9.3068180003552478E-002
 bsub=   4.3175379025777533E-002  -6.9976672981338986E-003 
   0.9421207048627969     
 bsup=    0.000000000000000       -2.1574751105382983E-002 
    1.139126167653458     
 b_abs=    1.035886105724240     
 g=  -1.0696451720377365E-002
 j=    0.000000000000000         272.1965320088112      
   -120.8370844366930     
 v_perp_2=    51858118.90375167     
 b_n=  -3.6179666417358511E-004  -2.1212080665707983E-002 
    1.139145431190313     
 b_para_n=    1.035886096091654     
 dxdt=   -3.705660379032499        -137.7610419223910      
    7469.971516387912     
 dudt=    2529777.197488772     
 ---------------------
 rk4
 istep=      8000001
 grad_b=   -1.047416618578785       -0.1255658034727272      
   0.1475270087340677     
 bsub=  -2.4088143545752269E-002  -0.1545941949733634      
    1.393610107415640     
 bsup=    0.000000000000000       -0.9331898764217996      
   0.8765924833345550     
 b_abs=    1.168701895590624     
 g=  -1.9508458920212895E-002
 j=    0.000000000000000         505.5969477802939      
    150.4247224581190     
 v_perp_2=    58506790.96497086     
 b_n=  -3.7548550705090891E-004  -0.9295970714067738      
   0.8769845523509220     
 b_para_n=    1.168701903542877     
 dxdt=   -3.514620356865029        -4984.334044431275      
    4717.296694835469     
 dudt=   -5279336.856570489     
 ---------------------
 rk4
 istep=      9000001
 grad_b=   -1.022603562299799       -1.8744058202309646E-002 
  -7.1319129099617323E-002
 bsub=   2.3219158143572907E-004  -8.1755819667545845E-002 
    1.034089534318008     
 bsup=    0.000000000000000       -0.5530977196904057      
   0.9274983223574811     
 b_abs=    1.002145539395018     
 g=  -1.7429545151324097E-002
 j=    0.000000000000000         757.2496379082529      
   -31.19458637850005     
 v_perp_2=    50168474.69161945     
 b_n=  -1.0421830025852849E-004  -0.5487268148297134      
   0.9278439041981869     
 b_para_n=    1.002145530869846     
 dxdt=   -1.096422113429692        -3771.069407736887      
    6404.512270684535     
 dudt=    1393243.536485359     
 ---------------------
 rk4
 istep=     10000001
 grad_b=   -1.106879785685420        4.5463016753269969E-002 
   0.1180126731728592     
 bsub=  -1.4335072663898749E-002  -8.4893164807849489E-002 
    1.085920753846557     
 bsup=    0.000000000000000       -0.6445605242462370      
   0.9087255235226909     
 b_abs=    1.020450958981220     
 g=  -1.7088930475853303E-002
 j=    0.000000000000000        -824.4586577599997      
    677.2980325178921     
 v_perp_2=    51084647.77472453     
 b_n=   2.3913947726015187E-004  -0.6397273202272665      
   0.9091065873733123     
 b_para_n=    1.020451028633578     
 dxdt=    2.479051939057956        -4276.319548894960      
    6103.503659320391     
 dudt=   -1911706.642811415     
 ---------------------
 rk4
 istep=     11000001
 grad_b=   -1.113616726364105        0.1104288385197513      
  -0.1411425565533995     
 bsub=   1.8719608735992561E-002  -0.1264267698547682      
    1.326897994870240     
 bsup=    0.000000000000000       -0.8395872210234530      
   0.8734351757326895     
 b_abs=    1.124730430187047     
 g=  -2.0002735986507210E-002
 j=    0.000000000000000        -154.2193402911528      
    360.6409730801352     
 v_perp_2=    56304654.03775381     
 b_n=   3.4353986509693605E-004  -0.8356494661620435      
   0.8738055465422214     
 b_para_n=    1.124730463607302     
 dxdt=    3.303982957639622        -4782.285378809444      
    5018.043162057789     
 dudt=    4806849.246089472     
 ---------------------
 rk4
 istep=     12000001
 grad_b=   0.1875886701401844        5.5978727850753154E-002 
   0.1126621769107994     
 bsub=  -3.8829416170963922E-002   2.4169765526436481E-002 
    1.009082984404907     
 bsup=    0.000000000000000        8.9795393398965917E-003 
    1.130461522492958     
 b_abs=    1.068495937704170     
 g=  -1.0655883651073079E-002
 j=    0.000000000000000         6.045094560310815      
    197.9472041426052     
 v_perp_2=    53489248.90850903     
 b_n=   3.0845126163864413E-004   7.8684489077665027E-003 
    1.130500020997424     
 b_para_n=    1.068495953060478     
 dxdt=    3.083175400868237         44.96172639841198      
    7058.932631527106     
 dudt=   -2995254.573907981     
 ---------------------
 rk4
 istep=     13000001
 grad_b=  -0.9273685706309331       -4.8571763134441372E-002 
   0.1390424871355285     
 bsub=  -6.4755868672226435E-002  -0.1868265796563073      
    1.538531743889942     
 bsup=    0.000000000000000        -1.220017692475548      
   0.9057007530571194     
 b_abs=    1.273234675912274     
 g=  -1.9467228316365152E-002
 j=    0.000000000000000         27.39198267778704      
    25.26554879516934     
 v_perp_2=    63738239.21438728     
 b_n=  -9.4596686997055327E-005   -1.217266696278390      
   0.9060308311081877     
 b_para_n=    1.273234677514498     
 dxdt=  -0.8393947211034485        -5584.293160439885      
    4166.645008454990     
 dudt=   -3640554.842155796     
 ---------------------
 rk4
 istep=     14000001
 grad_b=  -0.2825321186081130       -3.1778371262828481E-004 
   4.3155712009119995E-002
 bsub=  -3.7155187753149889E-002  -2.1445224253359003E-002 
   0.9384276241696454     
 bsup=    0.000000000000000       -0.1222122585893778      
    1.056602539828642     
 b_abs=   0.9974326916309172     
 g=  -1.4862081427995534E-002
 j=    0.000000000000000         123.0966173706579      
   -46.84063342596133     
 v_perp_2=    49931302.60695695     
 b_n=   3.0770399700051824E-006  -0.1209194962263995      
    1.056632199706568     
 b_para_n=   0.9974326873619538     
 dxdt=   3.2497151044218610E-002   -835.8449336451051      
    7344.762444137928     
 dudt=   -1145235.207394463     
 ---------------------
 rk4
 istep=     15000001
 grad_b=   0.5680141404559880        6.4589720793054611E-002 
   0.1612910305990296     
 bsub=  -9.1335597733464176E-003   0.1350164381394240      
    1.657876352905334     
 bsup=    0.000000000000000       -0.8759031999901732      
    1.094946128262607     
 b_abs=    1.303253316212345     
 g=  -7.7904324484181697E-003
 j=    0.000000000000000         310.7375193720826      
    188.8833446830662     
 v_perp_2=    65240289.76075713     
 b_n=   3.8602979290244799E-004  -0.8801713092172455      
    1.095295859551484     
 b_para_n=    1.303253331943811     
 dxdt=    3.383494459369617        -3884.188946540723      
    4811.834505407729     
 dudt=   -2305257.636505399     
 ---------------------
 rk4
 istep=     16000001
 grad_b=  -0.2645833936091998        0.2017766389847914      
  -0.1104767531295126     
 bsub=  -2.5971054802233450E-002  -0.1137540805453439      
    1.313188487456311     
 bsup=    0.000000000000000       -0.7123372776272664      
   0.9034779776043548     
 b_abs=    1.125726541075298     
 g=  -2.0486891324436627E-002
 j=    0.000000000000000         9.186110034851936      
    141.8673929216873     
 v_perp_2=    56353107.65974617     
 b_n=   6.5635885757721671E-004  -0.7114263005136843      
   0.9035698818956637     
 b_para_n=    1.125726553477494     
 dxdt=    6.308404119386155        -4074.852559600557      
    5180.241629649981     
 dudt=    5415098.381380017     
 ---------------------
 rk4
 istep=     17000001
 grad_b=   0.8481656230562853       -2.4306626236789176E-003 
   0.1638886791860550     
 bsub=   3.2132175093849316E-002   7.1448061685333603E-002 
    1.378444275486839     
 bsup=    0.000000000000000       -4.7150183913309607E-002 
    1.078823394542542     
 b_abs=    1.218103258887251     
 g=  -9.3892465120597353E-003
 j=    0.000000000000000         740.8523094172726      
   -314.2732000584354     
 v_perp_2=    60977108.32999635     
 b_n=  -6.8811239079139314E-005  -5.2468056980278795E-002 
    1.079100618520585     
 b_para_n=    1.218103238386407     
 dxdt=  -0.6267824242575455        -283.9628422831648      
    5391.441389236137     
 dudt=   -3635362.980930457     
 ---------------------
 rk4
 istep=     18000001
 grad_b=   0.4332002541847661        1.3687277815050670E-002 
   1.8839946856990121E-002
 bsub=  -2.3862063842723436E-002   0.1808563386265598      
    2.134095667329454     
 bsup=    0.000000000000000        -1.453808239187317      
    1.074493815958516     
 b_abs=    1.425176682799419     
 g=  -7.6987252481585788E-003
 j=    0.000000000000000         841.3266888529996      
    73.74847116372035     
 v_perp_2=    71342659.93187433     
 b_n=   8.9127694110979335E-005   -1.457003136204189      
    1.074765574576860     
 b_para_n=    1.425176693143737     
 dxdt=   0.7549590787082491        -5293.862597957501      
    3894.936312478114     
 dudt=   -6054.243234285081     
 ---------------------
 rk4
 istep=     19000001
 grad_b=  -0.2494129448244405        6.0438142961966659E-002 
  -9.6746784426140847E-002
 bsub=  -3.2180925233394470E-004   3.5149116786348633E-002 
    1.060321487741162     
 bsup=    0.000000000000000        0.7632331910135431      
   0.9254274595510874     
 b_abs=    1.003830520422248     
 g=  -1.4983547309876916E-002
 j=    0.000000000000000        -332.4789680169158      
    16.27297292916580     
 v_perp_2=    50250312.23766606     
 b_n=   3.2310955959406350E-004   0.7644995114344583      
   0.9253855802141828     
 b_para_n=    1.003830520924231     
 dxdt=    3.394548386018133         5267.207759472327      
    6369.968099963225     
 dudt=    1082220.406789817     
 ---------------------
 rk4
 istep=     20000001
 grad_b=   0.4501984790962906       -2.7844586036919274E-002 
   4.0059088970871473E-002
 bsub=   5.6406961773858746E-002   0.1661116508019842      
    2.022638116267127     
 bsup=    0.000000000000000        -1.088339177526902      
    1.071337861524011     
 b_abs=    1.409332222038842     
 g=  -9.6735039793168567E-003
 j=    0.000000000000000        -32.43419451940110      
    218.9422069810439     
 v_perp_2=    70548790.54329611     
 b_n=  -1.7964970143039515E-004   -1.090930431758502      
    1.071555692083137     
 b_para_n=    1.409332237209060     
 dxdt=   -1.526078918447438        -4068.065521125135      
    3984.699066074671     
 dudt=   -1300376.371633484     
 ---------------------
 rk4
 istep=     21000001
 grad_b=   0.7671050539744144       -2.2578772041281475E-002 
  -0.1643659506998822     
 bsub=  -3.4578564820324065E-002   0.1082889944157564      
    1.553119118563461     
 bsup=    0.000000000000000       -0.5386172110259086      
    1.087940634385613     
 b_abs=    1.277467553948654     
 g=  -8.8083426476235124E-003
 j=    0.000000000000000        -13.97853428867182      
    58.43028256248029     
 v_perp_2=    63947560.26222789     
 b_n=  -7.3338355517309542E-005  -0.5436529072393070      
    1.088290111702819     
 b_para_n=    1.277467558143521     
 dxdt=  -0.6495674161277106        -2504.994707713794      
    4972.786901327175     
 dudt=    3265310.642867954     
 ---------------------
 rk4
 istep=     22000001
 grad_b=  -0.6360621915052312       -2.7234883457498513E-002 
   3.1283761617724976E-002
 bsub=   2.4304950226806506E-002  -1.1830389105268763E-002 
    1.042198339466052     
 bsup=    0.000000000000000       -0.3144784643394723      
   0.9298764998873194     
 b_abs=   0.9861981757918106     
 g=  -1.9088593470735871E-002
 j=    0.000000000000000         136.6941738352455      
   -30.54757162366337     
 v_perp_2=    49366927.48266118     
 b_n=  -1.1008695828436906E-004  -0.3118704505793987      
   0.9299086687791687     
 b_para_n=   0.9861981726383394     
 dxdt=   -1.173566128789781        -2195.981534966038      
    6575.814942437928     
 dudt=   -955647.4237015969     
 ---------------------
 rk4
 istep=     23000001
 grad_b=   0.4638598718494064       -7.2088062365394945E-002 
  -0.1986010980795702     
 bsub=   3.1118665195664395E-002   0.1380268226524877      
    1.805351191691690     
 bsup=    0.000000000000000        -1.321275522633890      
    1.076880809477852     
 b_abs=    1.327662038767667     
 g=  -7.9482348835841678E-003
 j=    0.000000000000000        -288.2466120789313      
   -63.52485352768348     
 v_perp_2=    66459531.07394448     
 b_n=  -4.3081461374136265E-004   -1.324813283706223      
    1.077158707599865     
 b_para_n=    1.327662032297572     
 dxdt=   -3.742352637851948        -5619.806221112065      
    4557.684568757843     
 dudt=    2236230.183678568     
 ---------------------
 rk4
 istep=     24000001
 grad_b=   2.6556173141680406E-002  -1.7335422216314282E-002 
  -8.4677991337335529E-002
 bsub=   3.7146786707749152E-002   7.0974784997032553E-003 
   0.9686722534094105     
 bsup=    0.000000000000000        0.1149460582949754      
    1.093065861104799     
 b_abs=    1.029202185261090     
 g=  -1.3110396567131909E-002
 j=    0.000000000000000         295.6927455486119      
   -4.055857660616837     
 v_perp_2=    51519092.85322986     
 b_n=  -8.3157101195180196E-005   0.1147978119546949      
    1.093070136064594     
 b_para_n=    1.029202185106236     
 dxdt=  -0.8561350546823694         759.9048738428186      
    7240.783604961437     
 dudt=    2299351.965384817     
 ---------------------
 rk4
 istep=     25000001
 grad_b=  -0.4348839266327276       -0.1448553726776294      
   9.5687447780123544E-002
 bsub=   1.3100463591244746E-002  -0.2241519678631146      
    1.477669873568426     
 bsup=    0.000000000000000        -1.164664811696114      
   0.8960445793825029     
 b_abs=    1.258969094980414     
 g=  -1.7607717501603351E-002
 j=    0.000000000000000        -352.0443765737399      
   -28.82002916524540     
 v_perp_2=    63020268.47457062     
 b_n=  -4.2699962120168179E-004   -1.163237358200988      
   0.8962649010200815     
 b_para_n=    1.258969096762339     
 dxdt=   -3.812928513685079        -5458.598594320261      
    4211.392455511587     
 dudt=   -5058449.183272437     
 ---------------------
 rk4
 istep=     26000001
 grad_b=   0.2977205529579814       -8.7709383739114466E-002 
  -0.1538575085296982     
 bsub=   4.1797861817071541E-002   4.7380874289835798E-002 
    1.109693275722296     
 bsup=    0.000000000000000       -0.3847111694650043      
    1.139537765441058     
 b_abs=    1.115718091540300     
 g=  -8.6943631350542127E-003
 j=    0.000000000000000        -445.0655287133238      
    131.6954105465666     
 v_perp_2=    55849289.21716193     
 b_n=  -5.6505480519341937E-004  -0.3868248695087363      
    1.139649306718184     
 b_para_n=    1.115718100114568     
 dxdt=   -5.466377128155740        -2259.080253920958      
    6632.043404009003     
 dudt=    3176094.712525671     
 ---------------------
 rk4
 istep=     27000001
 grad_b=   -1.206054496982233       -4.9605830954149777E-002 
   0.1183225379386000     
 bsub=  -6.4228673983307161E-003  -8.0805346411824283E-002 
    1.178076092850462     
 bsup=    0.000000000000000       -0.7198350284893779      
   0.8819955066568821     
 b_abs=    1.047447729542647     
 g=  -1.9740046893779402E-002
 j=    0.000000000000000        -551.9007412765437      
   -125.4689216828789     
 v_perp_2=    52431633.01002853     
 b_n=  -1.5937925294892157E-004  -0.7152046255687464      
   0.8823122339868725     
 b_para_n=    1.047447721193967     
 dxdt=   -1.618064312838442        -4592.075879224380      
    5687.368412231243     
 dudt=   -3346845.075939223     
 ---------------------
 rk4
 istep=     28000001
 grad_b=   -1.309567088015576        2.8273655994540476E-002 
  -0.1528213795158665     
 bsub=   2.1015474621815439E-002  -9.1749960978821737E-002 
    1.237011793052633     
 bsup=    0.000000000000000       -0.8067842138377498      
   0.8707314953919776     
 b_abs=    1.073092900606391     
 g=  -1.9990722621900495E-002
 j=    0.000000000000000         194.6794845466059      
   -606.2578999372276     
 v_perp_2=    53715032.23969868     
 b_n=   6.3369141453279397E-005  -0.8018947347916238      
   0.8710930240249258     
 b_para_n=    1.073092842273491     
 dxdt=   0.6313092044058015        -4954.493643509516      
    5403.370145192127     
 dudt=    3635595.656375973     
 ---------------------
 rk4
 istep=     29000001
 grad_b=  -0.8133897530405755        2.2109351476743165E-002 
   3.0915668764446180E-002
 bsub=  -1.6904677948921380E-003  -9.4562793988409749E-002 
   0.9103596345422904     
 bsup=    0.000000000000000       -0.4734996044744684      
    1.020589878533551     
 b_abs=   0.9872783579495122     
 g=  -1.3702917439856330E-002
 j=    0.000000000000000         9.686000476014144      
    123.4268721826661     
 v_perp_2=    49419261.74279787     
 b_n=   1.2584173848871410E-004  -0.4694574088139767      
    1.021010003038065     
 b_para_n=   0.9872783684262754     
 dxdt=    1.340293252838490        -3299.760872182354      
    7209.635563261812     
 dudt=   -534476.1848729146     
 ---------------------
 Elapsed time (seconds):     153.9108820000000     

real	2m33.923s
user	2m33.615s
sys	0m0.019s
>>> [PID 3844699] DONE  u=7000, v_perp=-7000, out=bounce/dat78.dat
