>>> [PID 3844124] START u=4500, v_perp=-7000, out=bounce/dat73.dat, dt=5.00E-09, steps=30000000
 outer boundary:   8.3000000000000462E-002
 rk4
 istep=            1
 grad_b=  -0.5028814827421071        4.9310738048672434E-003 
  -7.9814601992261730E-003
 bsub=   8.6926223808952291E-003   4.2252205862957165E-002 
    1.020727591976720     
 bsup=    0.000000000000000        0.5002977011778127      
   0.9181487227774745     
 b_abs=   0.9787595852618441     
 g=  -1.6418808416282522E-002
 j=    0.000000000000000         576.0999574599964      
    59.08288026427483     
 v_perp_2=    48999994.40454228     
 b_n=   1.6074276233238813E-005   0.5018338805843737      
   0.9180850019764990     
 b_para_n=   0.9787595904892803     
 dxdt=   0.1633187009782000         2315.804871137946      
    4220.685218382320     
 dudt=    124323.7706187349     
 ---------------------
 rk4
 istep=      1000001
 grad_b=   0.2350876445363416       -6.4631373849812032E-002 
   4.0560265841798546E-002
 bsub=   0.1054895884408051        4.0616085986828303E-002 
    1.832247146228405     
 bsup=    0.000000000000000        -1.081451624342769      
    1.027878735179597     
 b_abs=    1.356320217670043     
 g=  -1.3161006419375836E-002
 j=    0.000000000000000         140.6588038932681      
    199.3436453878233     
 v_perp_2=    67901850.76798387     
 b_n=  -6.0239212567158242E-005   -1.081665581539725      
    1.027886948530357     
 b_para_n=    1.356320220748108     
 dxdt=   -1.350240836492725        -930.5887082146661      
    880.1150734796865     
 dudt=   -2059394.635500529     
 ---------------------
 rk4
 istep=      2000001
 grad_b=   0.2168950062860403       -1.3464814242443425E-002 
   0.1089362257587799     
 bsub=  -2.2146488610198550E-002   3.4392516161817974E-002 
    1.033429840335983     
 bsup=    0.000000000000000        0.3457275274687123      
    1.060700410806124     
 b_abs=    1.052768652577748     
 g=  -1.3031450916488619E-002
 j=    0.000000000000000        -234.9902262213261      
   -134.4364133010319     
 v_perp_2=    52705012.37516301     
 b_n=  -5.2035453671774625E-005   0.3450600159363262      
    1.060721503221380     
 b_para_n=    1.052768645484782     
 dxdt=  -0.5212721919516528         1329.091048734326      
    4098.410106578792     
 dudt=   -2636704.198075543     
 ---------------------
 rk4
 istep=      3000001
 grad_b=   0.5483588523391389       -9.1159347078378417E-002 
  -0.1823663010490744     
 bsub=   4.0502511394660851E-002   7.9383978936840044E-002 
    1.368535206796148     
 bsup=    0.000000000000000       -0.6645662452311040      
    1.110756586952576     
 b_abs=    1.211087479158548     
 g=  -8.1555025140420158E-003
 j=    0.000000000000000        -1192.176899325658      
   -79.34375380526691     
 v_perp_2=    60630887.34866657     
 b_n=   2.8314838456697423E-004  -0.6626203972750617      
    1.110635339872823     
 b_para_n=    1.211087484506193     
 dxdt=   -3.100573588059563         1589.687048354352      
   -2691.289753721294     
 dudt=    2934601.082215549     
 ---------------------
 rk4
 istep=      4000001
 grad_b=  -0.6893566500291655       -4.0152791087619613E-002 
  -4.1949712315687226E-002
 bsub=   2.5876152772982702E-002  -7.8251510024653137E-002 
   0.8471454184155160     
 bsup=    0.000000000000000       -0.3742472995636842      
    1.144638869561780     
 b_abs=   0.9988082128377215     
 g=  -9.8616369826256232E-003
 j=    0.000000000000000        -698.3926568031829      
   -118.8639399071396     
 v_perp_2=    50003469.36069725     
 b_n=   1.7399773209512455E-004  -0.3769665356378475      
    1.144382379876159     
 b_para_n=   0.9988082154996631     
 dxdt=   -1.757038693574156         1671.273688443895      
   -5025.031837488638     
 dudt=    826781.0880346691     
 ---------------------
 rk4
 istep=      5000001
 grad_b=   6.4803845304915064E-002   7.4301049429260607E-002 
   0.1153915278710529     
 bsub=  -4.7408713497399516E-002   1.3945389660115246E-002 
   0.9973694233743706     
 bsup=    0.000000000000000       -0.2060928446085774      
    1.144247856128241     
 b_abs=    1.067278794886794     
 g=  -9.5584776275267659E-003
 j=    0.000000000000000         207.9736398301553      
   -59.73567346528390     
 v_perp_2=    53431269.52608719     
 b_n=  -2.7704752374424610E-004  -0.2058249502072485      
    1.144230944057962     
 b_para_n=    1.067278797488468     
 dxdt=    2.776074325575171         765.3325986551857      
   -4263.936977038048     
 dudt=   -2737595.449061120     
 ---------------------
 rk4
 istep=      6000001
 grad_b=  -0.7075496304628525       -6.0617963253364378E-003 
   2.1130477280683957E-002
 bsub=   2.6844096788936716E-002  -3.7098647502272403E-002 
    1.002868241309508     
 bsup=    0.000000000000000       -0.3808815424528893      
   0.9604597152171139     
 b_abs=   0.9884290488882599     
 g=  -1.8068888624747214E-002
 j=    0.000000000000000        -752.0282741277376      
    13.15341130729732     
 v_perp_2=    49483746.62076944     
 b_n=  -1.3951610331202179E-005  -0.3790105430397363      
   0.9605293041152033     
 b_para_n=   0.9884290513464616     
 dxdt=  -0.1413044531806498        -1694.244163683366      
    4320.825014790327     
 dudt=   -572430.5206379637     
 ---------------------
 rk4
 istep=      7000001
 grad_b=   0.5247515190613583        0.1074866281154782      
  -0.1795714868477287     
 bsub=  -2.5618905387731868E-002   7.4750534468211866E-003 
    1.254807205829105     
 bsup=    0.000000000000000        0.2753022597374274      
   0.9801798864842471     
 b_abs=    1.110101692813821     
 g=  -1.3950031233671953E-002
 j=    0.000000000000000         144.8130943773447      
   -31.40569931151187     
 v_perp_2=    55574988.45207078     
 b_n=   3.0654330341337076E-004   0.2738308165610400      
   0.9801949093035165     
 b_para_n=    1.110101691301884     
 dxdt=    3.096145790445335         902.2257879038957      
    3265.329827834890     
 dudt=    3301629.385544100     
 ---------------------
 rk4
 istep=      8000001
 grad_b=   0.3842579302927667       -0.1376539611199324      
   0.1094034186619607     
 bsub=   8.5477956773459290E-002  -0.1095184478853646      
    1.564415896196851     
 bsup=    0.000000000000000       -0.9884483277196052      
   0.9620339888687225     
 b_abs=    1.270051206626246     
 g=  -1.6900054704354538E-002
 j=    0.000000000000000         322.5845245764463      
   -360.6012605076921     
 v_perp_2=    63582438.56872568     
 b_n=  -1.8579886728622478E-004  -0.9889889867526025      
   0.9620062819125291     
 b_para_n=    1.270051194995123     
 dxdt=   -2.301848291402901        -1859.508163876732      
    1802.954026997377     
 dudt=   -4756043.453673941     
 ---------------------
 rk4
 istep=      9000001
 grad_b=   0.4671109254424626       -3.4296124912033883E-002 
   8.5507863222882341E-002
 bsub=   9.0000499788517138E-002   0.1121979330037250      
    1.902250242412891     
 bsup=    0.000000000000000       -0.9967316758759969      
    1.053726276589001     
 b_abs=    1.375938826130432     
 g=  -1.1430881606920074E-002
 j=    0.000000000000000         1760.086525702815      
   -520.2602496902871     
 v_perp_2=    68883401.18718861     
 b_n=  -2.1903358253736342E-005  -0.9969894900097314      
    1.053742516798943     
 b_para_n=    1.375938822799764     
 dxdt=  -0.9151636786075847        -449.3784776365331      
    464.3649156241746     
 dudt=   -2261039.602629685     
 ---------------------
 rk4
 istep=     10000001
 grad_b=  -0.6384720986117370       -5.9075748159230536E-002 
  -0.1296350118569080     
 bsub=   0.1101967210918335       -5.4958347075064612E-002 
    1.739130543678201     
 bsup=    0.000000000000000        -1.208156393174439      
   0.9785944141962981     
 b_abs=    1.329706291844338     
 g=  -1.6321697950634175E-002
 j=    0.000000000000000         28.81099123845595      
   -246.6839772117186     
 v_perp_2=    66568797.41764130     
 b_n=   6.5214424536777331E-005   -1.208807025031485      
   0.9785697253674852     
 b_para_n=    1.329706297086769     
 dxdt=   -1.077234734906787         1498.505190885474      
   -1204.660862234834     
 dudt=    1044535.448605682     
 ---------------------
 rk4
 istep=     11000001
 grad_b=  -0.8101156131303242       -4.3606101461442351E-002 
   5.4759706232313125E-002
 bsub=   2.0285036969973472E-002  -3.6060860942074419E-002 
    1.076152226333666     
 bsup=    0.000000000000000       -0.4733361804644402      
   0.9218441329330189     
 b_abs=    1.004672125038668     
 g=  -1.9105955132662941E-002
 j=    0.000000000000000        -864.3915072624834      
    160.7198125767836     
 v_perp_2=    50296609.77173755     
 b_n=   1.0616285747880300E-004  -0.4753976918937272      
   0.9217730416679460     
 b_para_n=    1.004672113464036     
 dxdt=   -1.070435397204904         2071.895723849895      
   -3993.913620388543     
 dudt=   -1771960.410506381     
 ---------------------
 rk4
 istep=     12000001
 grad_b=   -1.022989736256743       -5.7009206292494889E-002 
  -0.1041340556583741     
 bsub=   1.7663193312542208E-002  -8.6451609092194764E-002 
    1.042153214596719     
 bsup=    0.000000000000000       -0.5596781210906814      
   0.9427074550920103     
 b_abs=    1.014983340904412     
 g=  -1.5540721292831305E-002
 j=    0.000000000000000        -526.8126418196523      
    878.0013198819568     
 v_perp_2=    50812758.77585474     
 b_n=  -1.9195789707573328E-004  -0.5566920231455118      
   0.9429584709501101     
 b_para_n=    1.014983393537515     
 dxdt=   -1.931104769658078        -2337.663304710343      
    3990.624342155490     
 dudt=    1634121.955507299     
 ---------------------
 rk4
 istep=     13000001
 grad_b=  -0.5884461116281940       -2.9592451948295469E-002 
  -2.7779508630088365E-002
 bsub=   2.0913648641924788E-002  -7.8663331068060408E-002 
   0.8300757732010124     
 bsup=    0.000000000000000       -0.2054182641913809      
    1.162732710602081     
 b_abs=   0.9911744323215115     
 g=  -9.8109597799467436E-003
 j=    0.000000000000000         272.6460855328452      
   -162.7793929469462     
 v_perp_2=    49620767.96272863     
 b_n=  -1.2863148783191989E-004  -0.2030721619307638      
    1.162958272145055     
 b_para_n=   0.9911744230391913     
 dxdt=   -1.301715250704694        -894.4652310963583      
    5199.626620675434     
 dudt=    662198.2123684891     
 ---------------------
 rk4
 istep=     14000001
 grad_b=   0.6920620733361335       -5.6051802438325561E-002 
   0.1408565039571811     
 bsub=   0.1018702287900166        2.5516382115109797E-002 
    1.712189463080970     
 bsup=    0.000000000000000       -0.9576745111160421      
    1.020312908637292     
 b_abs=    1.312506078540313     
 g=  -1.2868338220687791E-002
 j=    0.000000000000000         107.4313309330880      
   -41.96324109749343     
 v_perp_2=    65707406.03717496     
 b_n=   8.8438358154134682E-005  -0.9566347422418380      
    1.020292152130138     
 b_para_n=    1.312506079532951     
 dxdt=   -1.302975594950767         1358.018449912116      
   -1462.857302962441     
 dudt=   -3764635.195406787     
 ---------------------
 rk4
 istep=     15000001
 grad_b=  -0.2273841246279000        6.3631923618338138E-002 
  -9.5177574857669200E-002
 bsub=  -4.9912482393662874E-003   2.9917814814751365E-002 
    1.077145732275180     
 bsup=    0.000000000000000        0.5368575754813272      
   0.9430327711855140     
 b_abs=    1.015741002239831     
 g=  -1.5470635496465551E-002
 j=    0.000000000000000         173.1172428649758      
   -67.99535169478366     
 v_perp_2=    50850517.95196477     
 b_n=  -2.0070236982831687E-004   0.5361676418962691      
   0.9430510076486694     
 b_para_n=    1.015741005959852     
 dxdt=    2.018765078073200        -2260.203279558512      
   -3982.599173945783     
 dudt=    1370026.971964900     
 ---------------------
 rk4
 istep=     16000001
 grad_b=   0.7821765449938224        2.5997984513019885E-002 
  -0.1659111688436766     
 bsub=  -7.3354800843102558E-002   6.5757434887763894E-002 
    1.615218929867152     
 bsup=    0.000000000000000       -0.6573391534411260      
    1.041952119918691     
 b_abs=    1.280369045495995     
 g=  -1.1109137685700123E-002
 j=    0.000000000000000        -1260.495839711126      
   -94.25071577110793     
 v_perp_2=    64098366.72460042     
 b_n=  -6.8975205595358266E-005  -0.6557077615114516      
    1.041882574961334     
 b_para_n=    1.280369049775589     
 dxdt=   0.8829525151396441         1144.387492819152      
   -1846.187004412542     
 dudt=    3713731.327744718     
 ---------------------
 rk4
 istep=     17000001
 grad_b=   0.2677445672386759        0.1296589030035833      
   0.2659680915562332     
 bsub=  -5.7610484913074536E-002   7.2283340830623544E-002 
    1.735119750109758     
 bsup=    0.000000000000000        -1.549373028685962      
    1.037362027989062     
 b_abs=    1.299717230876181     
 g=  -1.0338010142474367E-002
 j=    0.000000000000000         692.3676971121711      
   -331.8547964277423     
 v_perp_2=    65066907.78137304     
 b_n=   2.5208525778509783E-004   -1.549960982012134      
    1.037394885149479     
 b_para_n=    1.299717222507717     
 dxdt=    3.481861573948958        -2446.245394333023      
    1632.867470665015     
 dudt=   -1444712.556814712     
 ---------------------
 rk4
 istep=     18000001
 grad_b=  -0.6955088537576283       -9.7671282584589417E-003 
   8.7623550072000719E-002
 bsub=  -6.9769302713500375E-002  -0.1986454834632905      
    1.558828757856307     
 bsup=    0.000000000000000        -1.265353977999391      
   0.9174427226431342     
 b_abs=    1.296532493498378     
 g=  -1.8915248356178027E-002
 j=    0.000000000000000         507.1821197117568      
   -50.44426255704371     
 v_perp_2=    64907402.06953114     
 b_n=   1.4951909816580852E-006   -1.264614808696499      
   0.9175369813427317     
 b_para_n=    1.296532490574922     
 dxdt=   2.0363028657774767E-002   -2023.710882200944      
    1475.870605687932     
 dudt=   -1790621.903153480     
 ---------------------
 rk4
 istep=     19000001
 grad_b=  -0.5559082421227814       -2.4212861727082445E-002 
   3.1104066628108662E-002
 bsub=  -3.0748929621925828E-002  -0.2340460833025752      
    1.527870811895923     
 bsup=    0.000000000000000        -1.275698523047285      
   0.9047025359112837     
 b_abs=    1.296542451538780     
 g=  -1.7255289383145800E-002
 j=    0.000000000000000         550.7237891487150      
   -9.128776768169359     
 v_perp_2=    64907823.66907622     
 b_n=  -2.2331633991716903E-005   -1.275060901804805      
   0.9047997581773012     
 b_para_n=    1.296542449210992     
 dxdt=  -0.3041456040517866        -2041.604864322431      
    1455.352205907308     
 dudt=   -1139602.111953510     
 ---------------------
 rk4
 istep=     20000001
 grad_b=   -1.342056684058713       -2.0502094050508700E-002 
   0.1726658954611523     
 bsub=  -3.0139053742928978E-002  -9.6662258532957221E-002 
    1.287410184577616     
 bsup=    0.000000000000000       -0.8632999896563134      
   0.8714787903638239     
 b_abs=    1.098081188528555     
 g=  -2.0063592032422903E-002
 j=    0.000000000000000         1594.443926461548      
   -774.2194888156741     
 v_perp_2=    54972329.25688408     
 b_n=   1.5856708084113708E-005  -0.8661147173608137      
   0.8712678646061580     
 b_para_n=    1.098081235940610     
 dxdt=  -0.1596066593849399         2999.011842748687      
   -2996.701060994657     
 dudt=   -3833588.893341468     
 ---------------------
 rk4
 istep=     21000001
 grad_b=  -0.5439978690189279        0.1462447005352025      
   0.2473943393232245     
 bsub=  -5.8182008765132305E-002  -2.9377077764746636E-002 
    1.299164658562681     
 bsup=    0.000000000000000       -0.9363403223482251      
   0.9665058794125039     
 b_abs=    1.132648031828484     
 g=  -1.3096368936123381E-002
 j=    0.000000000000000         954.4209185469065      
   -649.5144087239207     
 v_perp_2=    56702761.09406746     
 b_n=  -4.3508765236280285E-004  -0.9378674165262864      
   0.9664518908806461     
 b_para_n=    1.132648063475976     
 dxdt=    4.435236279474527         2943.848249682913      
   -3022.069774318402     
 dudt=   -2257990.810485492     
 ---------------------
 rk4
 istep=     22000001
 grad_b=   0.1608576949272733        0.1101126963811901      
   0.2007181060942210     
 bsub=  -6.8109125748413726E-002   0.1037215476939822      
    1.928734228677838     
 bsup=    0.000000000000000        -1.387311390383075      
    1.046680620266645     
 b_abs=    1.368906046209863     
 g=  -1.1131831642271588E-002
 j=    0.000000000000000         235.2908358853298      
   -210.5621959086191     
 v_perp_2=    68530274.53931309     
 b_n=  -8.1502185900507763E-005   -1.387173573957370      
    1.046670332449199     
 b_para_n=    1.368906048481717     
 dxdt=    2.455231291966975         855.6211425686322      
   -648.3602720305698     
 dudt=   -1048251.829521648     
 ---------------------
 rk4
 istep=     23000001
 grad_b=   0.6409412157389988       -1.3376977728960704E-002 
  -0.1548895897979312     
 bsub=  -5.9604475932499471E-002   0.1543460877398846      
    1.894715478797211     
 bsup=    0.000000000000000       -0.9037921227040773      
    1.070603531419294     
 b_abs=    1.374257769299416     
 g=  -9.8128519544669161E-003
 j=    0.000000000000000         121.2676825571782      
    73.70139081585745     
 v_perp_2=    68798111.18055880     
 b_n=  -5.4604779948828750E-007  -0.9042494507397786      
    1.070640769339910     
 b_para_n=    1.374257770040440     
 dxdt=  -2.0599720633661292E-002   -459.3483410211173      
    525.0971841670837     
 dudt=    2800167.005059396     
 ---------------------
 rk4
 istep=     24000001
 grad_b=   0.2426986858386534        0.1084880104921725      
   0.1855838083377636     
 bsub=  -5.7340906473264827E-002   0.1240864414234595      
    1.969847233864496     
 bsup=    0.000000000000000        -1.394143674684260      
    1.059103964268739     
 b_abs=    1.382836766192675     
 g=  -1.0450082085989064E-002
 j=    0.000000000000000         1.581891371106622      
   -59.58248250390918     
 v_perp_2=    69227510.12114944     
 b_n=   1.4970121353562775E-005   -1.394182044463994      
    1.059106816978637     
 b_para_n=    1.382836766071870     
 dxdt=    2.500297229392110        -157.6009628567499      
    115.3344672055759     
 dudt=   -820068.0230313723     
 ---------------------
 Particle has exited the domain at step      24231855  s =  
   8.3000002437179546E-002
 Elapsed time (seconds):     123.4242650000000     

real	2m3.435s
user	2m3.076s
sys	0m0.026s
>>> [PID 3844124] DONE  u=4500, v_perp=-7000, out=bounce/dat73.dat
