>>> [PID 3845474] START u=9500, v_perp=-7000, out=bounce/dat83.dat, dt=5.00E-09, steps=30000000
 outer boundary:   8.3000000000000462E-002
 rk4
 istep=            1
 grad_b=  -0.5028801485474923        4.9298034072772084E-003 
  -7.9787662831498768E-003
 bsub=   8.6929712593725936E-003   4.2252009434974404E-002 
    1.020728357842620     
 bsup=    0.000000000000000        0.5002727919778490      
   0.9181489556862564     
 b_abs=   0.9787594611172956     
 g=  -1.6418934587382715E-002
 j=    0.000000000000000         576.0999676106820      
    59.06415646400703     
 v_perp_2=    48999988.18944727     
 b_n=   3.3925429711506996E-005   0.5035158070168410      
   0.9180144360416255     
 b_para_n=   0.9787594721504956     
 dxdt=   0.4186764030998461         4895.752215908280      
    8910.044829892820     
 dudt=    124279.9869208579     
 ---------------------
 rk4
 istep=      1000001
 grad_b=   0.5589640829771927        4.8479230052700759E-002 
   0.1585958483732360     
 bsub=   2.2969445457780187E-002   0.1797749267155709      
    2.026790719351589     
 bsup=    0.000000000000000        -1.158274948341267      
    1.072622641395074     
 b_abs=    1.402111761465479     
 g=  -8.1283988537374421E-003
 j=    0.000000000000000         424.2843112384982      
   -124.8173166907796     
 v_perp_2=    70193693.37157865     
 b_n=   3.7944185679227770E-004   -1.164418500737021      
    1.073163263243340     
 b_para_n=    1.402111751646047     
 dxdt=    3.391821623751671        -6919.761719548148      
    6362.034530563489     
 dudt=   -2034505.560367620     
 ---------------------
 rk4
 istep=      2000001
 grad_b=   0.6295457355700913        9.4314970737896631E-002 
  -0.1404361871882360     
 bsub=  -8.8275781489374164E-002  -2.6069456326277163E-002 
    1.599877394674194     
 bsup=    0.000000000000000       -0.8007243195519261      
   0.9946990563437170     
 b_abs=    1.269775849297786     
 g=  -1.4474136217086899E-002
 j=    0.000000000000000        -5.615443008332932      
    468.0591837950583     
 v_perp_2=    63567939.97180602     
 b_n=   5.7417759331575529E-004  -0.8046038704384179      
   0.9946675637140082     
 b_para_n=    1.269775902425484     
 dxdt=    5.585919062190441        -5523.699572391691      
    6814.618764827564     
 dudt=    4242511.920679529     
 ---------------------
 rk4
 istep=      3000001
 grad_b=   0.6345599787526952       -7.1210528021777367E-004 
   0.1459164369191979     
 bsub=  -2.1289657824910269E-003   5.3192113414714914E-002 
    1.141488873289939     
 bsup=    0.000000000000000        0.4468375172926198      
    1.079589566851347     
 b_abs=    1.120765262588534     
 g=  -1.0708187866633852E-002
 j=    0.000000000000000         985.9122249332931      
   -350.0235104336961     
 v_perp_2=    56107538.68514276     
 b_n=  -6.0809233358005289E-005   0.4416984510282783      
    1.079828895693169     
 b_para_n=    1.120765229464022     
 dxdt=  -0.6616569538710111         3579.433823369760      
    8785.858738725652     
 dudt=   -3511108.153932835     
 ---------------------
 rk4
 istep=      4000001
 grad_b=   0.4157702125972282        7.3722389879086941E-002 
   0.2222513712810623     
 bsub=  -3.6117105904274152E-002   0.1423361369749121      
    1.927762013180350     
 bsup=    0.000000000000000        -1.565527653460024      
    1.071708096014661     
 b_abs=    1.356794907006786     
 g=  -8.1172374842274023E-003
 j=    0.000000000000000        -591.9155128901562      
    412.3371297466385     
 v_perp_2=    67922895.40491781     
 b_n=   6.5326542147030331E-004   -1.570314241581287      
    1.072073782580945     
 b_para_n=    1.356794949866860     
 dxdt=    6.002455024511852        -9788.800897270239      
    6674.339231181750     
 dudt=   -2264975.448025237     
 ---------------------
 rk4
 istep=      5000001
 grad_b=  -0.9145946252780689        3.8904578466710735E-002 
  -6.0630872282905562E-002
 bsub=  -1.4287206537771116E-002  -5.3344974562991906E-002 
    1.078744271458167     
 bsup=    0.000000000000000       -0.5544040023772677      
   0.9097067599481626     
 b_abs=    1.005573452382178     
 g=  -1.9403213145346876E-002
 j=    0.000000000000000         527.3303002047453      
   -255.1969542322253     
 v_perp_2=    50339780.64025963     
 b_n=   1.9474235869080340E-004  -0.5494391655172594      
   0.9099548206086294     
 b_para_n=    1.005573415185637     
 dxdt=    2.343047400613483        -5138.889703378651      
    8533.268418706746     
 dudt=    1909823.111439205     
 ---------------------
 rk4
 istep=      6000001
 grad_b=   0.4790887068228478        4.9353466542827240E-002 
   0.1408099091021684     
 bsub=  -2.6014195006956162E-002   5.3331680727865816E-002 
    1.110442571043994     
 bsup=    0.000000000000000       -1.5643773077869905E-002 
    1.125410557046683     
 b_abs=    1.117374285483696     
 g=  -9.8380178653548443E-003
 j=    0.000000000000000         159.3877504447508      
    173.1024693064847     
 v_perp_2=    55936035.82223540     
 b_n=   3.6767285363201266E-004  -1.9808060308930581E-002 
    1.125619189813434     
 b_para_n=    1.117374304774936     
 dxdt=    4.011697791721876        -173.2282325224239      
    9195.571523116059     
 dudt=   -3532522.563117389     
 ---------------------
 rk4
 istep=      7000001
 grad_b=   -1.145561125353797       -8.3252781241873824E-002 
   0.1704962636450356     
 bsub=  -5.0441632377086321E-002  -0.1676185811889732      
    1.473086484791403     
 bsup=    0.000000000000000        -1.091812164121873      
   0.8847233913744410     
 b_abs=    1.219182230743951     
 g=  -2.0064494836810255E-002
 j=    0.000000000000000        -126.2778956160131      
   -22.59999859314821     
 v_perp_2=    61031980.78490151     
 b_n=  -2.9180334608396664E-004   -1.086603685477187      
   0.8853060575084387     
 b_para_n=    1.219182229795506     
 dxdt=   -2.942610384792904        -7867.613818534266      
    6423.766089523573     
 dudt=   -4962868.847958330     
 ---------------------
 rk4
 istep=      8000001
 grad_b=   -1.005367271133690        5.2997949779869571E-003 
  -6.2994921621597061E-002
 bsub=  -8.4886430003413178E-003  -6.8173358629243425E-002 
    1.051895027503761     
 bsup=    0.000000000000000       -0.5577022026711446      
   0.9223171269351339     
 b_abs=    1.004077201782550     
 g=  -1.8436104988063678E-002
 j=    0.000000000000000         1185.870119998113      
   -785.9276797258132     
 v_perp_2=    50263313.86278099     
 b_n=   6.7975313103355191E-006  -0.5520841790414200      
   0.9226811795631072     
 b_para_n=    1.004077090145319     
 dxdt=   8.1898768669314698E-002   -5171.908898156747      
    8669.529438967944     
 dudt=    1522031.631195134     
 ---------------------
 rk4
 istep=      9000001
 grad_b=  -0.8081009727632051        4.8181852349597598E-002 
   5.0742390952550231E-002
 bsub=  -2.0696535721211520E-002  -9.4392433801574999E-002 
   0.8719136264416215     
 bsup=    0.000000000000000       -0.5243152475088756      
    1.071415637198965     
 b_abs=   0.9923014691120354     
 g=  -1.1298861710032148E-002
 j=    0.000000000000000         741.5325451101264      
   -323.5259901027666     
 v_perp_2=    49673353.98232837     
 b_n=   4.1650358286013291E-004  -0.5180538741140037      
    1.072103322641118     
 b_para_n=   0.9923014246222855     
 dxdt=    5.074043611587605        -4924.599367364538      
    10227.45700044362     
 dudt=   -734097.9413774613     
 ---------------------
 rk4
 istep=     10000001
 grad_b=  -0.7147978570475785       -0.1223453716462908      
   0.1154376269389795     
 bsub=  -1.8711486435617989E-002  -0.2130594716368595      
    1.496604640313794     
 bsup=    0.000000000000000        -1.170998353238298      
   0.8955825774183728     
 b_abs=    1.260840625647920     
 g=  -1.7421335456521442E-002
 j=    0.000000000000000         12.20529137100957      
   -320.7771642516392     
 v_perp_2=    63115418.48596850     
 b_n=  -5.2243898947472369E-004   -1.167479523527199      
   0.8960769634813113     
 b_para_n=    1.260840590819520     
 dxdt=   -5.114087685239245        -8069.324233654464      
    6202.623570764079     
 dudt=   -4896249.608758868     
 ---------------------
 rk4
 istep=     11000001
 grad_b=  -0.9282520416054655       -9.0926787351596344E-002 
  -0.1318460321846655     
 bsub=   2.9136902197271018E-002  -8.4944366871453111E-002 
    1.052297948554744     
 bsup=    0.000000000000000       -0.5707467742242714      
   0.9520588149734398     
 b_abs=    1.024379910113326     
 g=  -1.4386306844101571E-002
 j=    0.000000000000000        -670.5222998558318      
    379.6929488578769     
 v_perp_2=    51278070.02224493     
 b_n=  -6.9470464313091547E-004  -0.5644228774610247      
   0.9525885849861745     
 b_para_n=    1.024379963755192     
 dxdt=   -8.214623011625513        -5151.042109212631      
    8723.419106063731     
 dudt=    1798994.839355706     
 ---------------------
 rk4
 istep=     12000001
 grad_b=  -0.5519580626634404       -3.6847434786350247E-004 
  -1.1151452208905191E-002
 bsub=   2.8929580094548747E-002  -5.4497793537877939E-002 
   0.9284138082467457     
 bsup=    0.000000000000000       -0.3305435078017455      
    1.031573292179885     
 b_abs=   0.9875440438859158     
 g=  -1.5526889640943901E-002
 j=    0.000000000000000         36.82690812965654      
    21.58586722192143     
 v_perp_2=    49433682.48067470     
 b_n=  -6.2190031555042834E-006  -0.3271903699560860      
    1.031770317257168     
 b_para_n=   0.9875440461897655     
 dxdt=  -7.6105837590218134E-002   -3131.086812327174      
    9902.092946012783     
 dudt=    288462.2933585667     
 ---------------------
 rk4
 istep=     13000001
 grad_b=  -0.4154434496888098       -6.5385289517223527E-002 
   3.8734875094898022E-002
 bsub=   2.6376611910580973E-002  -0.2374885198797313      
    1.514594119233062     
 bsup=    0.000000000000000        -1.259462378824428      
   0.9039590115763390     
 b_abs=    1.291654414541227     
 g=  -1.7291250778167264E-002
 j=    0.000000000000000        -231.7595260436064      
   -40.99733908583310     
 v_perp_2=    64655882.62057250     
 b_n=  -2.8136233298565631E-004   -1.257488420692926      
   0.9042734279297914     
 b_para_n=    1.291654414061153     
 dxdt=   -2.696710010490192        -8402.613626798944      
    6047.434389606515     
 dudt=   -2274169.646921315     
 ---------------------
 rk4
 istep=     14000001
 grad_b=   0.7213820561076080       -5.9580437566924736E-002 
  -0.1653702528342316     
 bsub=   9.9664533438395229E-003   9.1174561225179529E-002 
    1.336524241327130     
 bsup=    0.000000000000000       -0.3852369449008036      
    1.129392439737827     
 b_abs=    1.214060002747980     
 g=  -8.1228967584037141E-003
 j=    0.000000000000000        -767.2174013044398      
    60.91989513757036     
 v_perp_2=    60771185.19600991     
 b_n=  -4.9968782065297403E-004  -0.3927129505429501      
    1.129906162368937     
 b_para_n=    1.214060003654283     
 dxdt=   -5.057884457222456        -2886.692976103017      
    8246.219437743730     
 dudt=    3377101.236808177     
 ---------------------
 rk4
 istep=     15000001
 grad_b=  -0.4916112883079559        6.5088936562604262E-003 
  -1.0979501909380199E-002
 bsub=   3.2591018685817340E-002  -2.6375612229691058E-002 
   0.9661293468961030     
 bsup=    0.000000000000000       -0.2574983854415988      
   0.9970654948371911     
 b_abs=   0.9848569618658755     
 g=  -1.6990202937490227E-002
 j=    0.000000000000000         520.3676835066653      
   -142.3247080684112     
 v_perp_2=    49297638.56590108     
 b_n=   3.6118129266309566E-005  -0.2546408104789487      
   0.9971422692534636     
 b_para_n=   0.9848569424256366     
 dxdt=   0.4431338872933110        -2444.689087258269      
    9602.834082550567     
 dudt=    320791.9039697057     
 ---------------------
 rk4
 istep=     16000001
 grad_b=   0.2961725895020934       -9.2362726577975909E-002 
  -0.1621515079845111     
 bsub=   5.5594227322996008E-002   0.1371755211404342      
    2.011505223191783     
 bsup=    0.000000000000000        -1.406102553039505      
    1.063309019065808     
 b_abs=    1.394709474189739     
 g=  -9.8340155606999897E-003
 j=    0.000000000000000        -786.7681964463362      
    252.0559955927762     
 v_perp_2=    69812348.87367536     
 b_n=  -7.4530238826170435E-004   -1.408858644623293      
    1.063517586337343     
 b_para_n=    1.394709496664933     
 dxdt=   -6.691417560148394        -8425.739797245435      
    6354.790491834556     
 dudt=    763467.8725188965     
 ---------------------
 rk4
 istep=     17000001
 grad_b=   0.8531421022257636       -1.7337224891859973E-003 
  -0.1631546236210546     
 bsub=  -3.1311198430379411E-002   7.3912455806407609E-002 
    1.384646928868517     
 bsup=    0.000000000000000       -9.1813238435081990E-002 
    1.081889604190519     
 b_abs=    1.221136821419404     
 g=  -9.2668176704339966E-003
 j=    0.000000000000000         873.9187796926856      
   -244.6462841823557     
 v_perp_2=    61123521.62051562     
 b_n=   6.4632193420654100E-005  -9.9683875967803412E-002 
    1.082311181532914     
 b_para_n=    1.221136800055860     
 dxdt=   0.6508316169770144        -743.8248301552757      
    7835.254788244862     
 dudt=    3614452.427590188     
 ---------------------
 rk4
 istep=     18000001
 grad_b=   0.5527994942879277       -0.1315914332524287      
   0.1687011016830606     
 bsub=   4.2109916916934755E-002  -1.7568508246868841E-002 
    1.349196065053672     
 bsup=    0.000000000000000       -0.1226981511686291      
   0.9721672196534573     
 b_abs=    1.146053878665292     
 g=  -1.5316076345317594E-002
 j=    0.000000000000000        -399.4444884973195      
    177.8654876166898     
 v_perp_2=    57364675.85369755     
 b_n=  -8.2154888048038203E-004  -0.1261745797684150      
   0.9721476119242167     
 b_para_n=    1.146053901036220     
 dxdt=   -8.758964287376298        -1005.868113581800      
    7675.861590716272     
 dudt=   -3934052.528765266     
 ---------------------
 rk4
 istep=     19000001
 grad_b=   0.4344704516733606        1.4851141753034581E-002 
   1.4575186263719057E-002
 bsub=  -8.6577167215806279E-003   0.1897349173117918      
    2.164803309714550     
 bsup=    0.000000000000000        -1.535304985021497      
    1.076195720317742     
 b_abs=    1.428391556078116     
 g=  -7.2503913638740283E-003
 j=    0.000000000000000         908.6747014329173      
   -223.9884112707277     
 v_perp_2=    71496090.90950122     
 b_n=   1.7105040877162555E-004   -1.540780678016558      
    1.076676312427869     
 b_para_n=    1.428391539504928     
 dxdt=    1.505768616827044        -8895.580844278611      
    6205.936679446364     
 dudt=    124666.4944522174     
 ---------------------
 rk4
 istep=     20000001
 grad_b=  -0.4517285933454033        7.5138371426915637E-002 
  -6.3445430239459977E-002
 bsub=  -1.6046783082582134E-002   1.3522987274963854E-002 
    1.093277159989990     
 bsup=    0.000000000000000       -6.0612958767137182E-002 
   0.9136162043164989     
 b_abs=   0.9989291943590345     
 g=  -1.9442460061992531E-002
 j=    0.000000000000000         620.4873035392509      
    329.7513971611240     
 v_perp_2=    49999443.40407599     
 b_n=   4.2284938702790234E-004  -5.8091819864048065E-002 
   0.9135912681956373     
 b_para_n=   0.9989292402737181     
 dxdt=    5.119211359195742        -542.7177778933471      
    8640.111658405687     
 dudt=    1566318.107760287     
 ---------------------
 rk4
 istep=     21000001
 grad_b=   0.8203141628559620        2.1309976439297999E-002 
   0.1612696936819640     
 bsub=   2.1077456505881664E-002   8.9263972319389984E-002 
    1.407582029010301     
 bsup=    0.000000000000000       -0.2775900081581053      
    1.101441125801703     
 b_abs=    1.234882829163152     
 g=  -8.6169518370859156E-003
 j=    0.000000000000000         744.4259486811801      
    118.6849395813963     
 v_perp_2=    61809003.92927262     
 b_n=   1.0929502079513271E-004  -0.2856557904354560      
    1.101951008683272     
 b_para_n=    1.234882846878278     
 dxdt=    1.089681079684443        -2058.586425599846      
    7854.204025257533     
 dudt=   -3479948.949592481     
 ---------------------
 rk4
 istep=     22000001
 grad_b=  -0.3769720292264169        0.1200670074077241      
   0.1828047006192375     
 bsub=  -8.7905054496509150E-002   2.3906805021475280E-002 
    1.805387987149968     
 bsup=    0.000000000000000        -1.175537156037485      
    1.007257882082450     
 b_abs=    1.337890852796343     
 g=  -1.4793377554742687E-002
 j=    0.000000000000000        -196.4921219771021      
    294.5854044242845     
 v_perp_2=    66964141.21466653     
 b_n=   7.1344957410107691E-004   -1.173305056449662      
    1.007263087331123     
 b_para_n=    1.337890885713355     
 dxdt=    6.633913086130947        -7449.618959363211      
    6401.031005322041     
 dudt=   -804118.8114362425     
 ---------------------
 rk4
 istep=     23000001
 grad_b=  -0.4458172591431447       -4.3476980305933097E-003 
   2.0793576200439784E-002
 bsub=  -3.4043076175334717E-002  -3.3814681776827671E-002 
   0.9448576607374221     
 bsup=    0.000000000000000       -0.2479244811813073      
    1.025091712266895     
 b_abs=   0.9883964617102424     
 g=  -1.6028501334633051E-002
 j=    0.000000000000000         745.8832925946391      
   -117.1902946524162     
 v_perp_2=    49470724.23963548     
 b_n=  -2.1553823173461532E-005  -0.2452623016061636      
    1.025186191961652     
 b_para_n=   0.9883964443757539     
 dxdt=  -0.2635518047861914        -2344.158661722215      
    9828.124542313444     
 dudt=   -566985.6373006239     
 ---------------------
 rk4
 istep=     24000001
 grad_b=   0.5806174639569444        7.8771110249393483E-002 
   0.1758563540117596     
 bsub=  -2.9680714836626036E-002   8.7037301378179416E-002 
    1.339632381627307     
 bsup=    0.000000000000000       -0.5520511837507798      
    1.126820992388449     
 b_abs=    1.208518830490303     
 g=  -7.8612616285733128E-003
 j=    0.000000000000000        -432.3022460149878      
    557.4454941508729     
 v_perp_2=    60487538.39613844     
 b_n=   7.2954392952141180E-004  -0.5583831730046672      
    1.127248603061303     
 b_para_n=    1.208518887139596     
 dxdt=    7.414623823036282        -4118.371020165941      
    8279.214820431478     
 dudt=   -3202885.178719086     
 ---------------------
 rk4
 istep=     25000001
 grad_b=  -0.5684901585689753        0.1323068994529589      
  -0.1052908046270685     
 bsub=   2.1041785213188062E-003  -0.2200642514704216      
    1.489271918603608     
 bsup=    0.000000000000000        -1.169865531950367      
   0.8956911976532678     
 b_abs=    1.261387558205692     
 g=  -1.7246038122812793E-002
 j=    0.000000000000000        -196.8661496116098      
   -209.2805663348037     
 v_perp_2=    63133061.37439009     
 b_n=   5.7833013181464508E-004   -1.167050189852281      
   0.8961063769318719     
 b_para_n=    1.261387538861284     
 dxdt=    5.658958850299862        -8063.933707159296      
    6199.192614621772     
 dudt=    4941830.680383991     
 ---------------------
 rk4
 istep=     26000001
 grad_b=  -0.5232194956537173        6.2810244168606012E-003 
   1.8622729262634904E-002
 bsub=  -2.8096284948339299E-002  -6.0068747793623770E-002 
   0.9072311420068438     
 bsup=    0.000000000000000       -0.3217570981878535      
    1.055826430545735     
 b_abs=   0.9881964151740905     
 g=  -1.4465271773043280E-002
 j=    0.000000000000000         226.9282711076768      
    8.917982644077114     
 v_perp_2=    49459169.52603120     
 b_n=   4.7840047679579349E-005  -0.3184295382177210      
    1.056048232664792     
 b_para_n=   0.9881964144672938     
 dxdt=   0.5850798880865770        -3044.628852622684      
    10127.01831548040     
 dudt=   -446748.4856688596     
 ---------------------
 rk4
 istep=     27000001
 grad_b=   -1.087133315311854        2.5959548668813649E-002 
   9.0961458031249026E-002
 bsub=  -5.9046560382011466E-003  -8.2604554338505914E-002 
    1.061279921551153     
 bsup=    0.000000000000000       -0.5980665195166699      
   0.9160928976449214     
 b_abs=    1.010633749498014     
 g=  -1.7470749995926481E-002
 j=    0.000000000000000         63.69217652566016      
    157.3770731327727     
 v_perp_2=    50581687.88494537     
 b_n=   1.9357317065184525E-004  -0.5917001394766295      
   0.9165895194805292     
 b_para_n=    1.010633769103322     
 dxdt=    2.318014031690517        -5496.132923839466      
    8541.465888823521     
 dudt=   -1678909.052725506     
 ---------------------
 rk4
 istep=     28000001
 grad_b=  -0.9035904738645858        0.1294703758663094      
  -0.1395517966125076     
 bsub=   2.8383233874519610E-002  -0.1930625325531480      
    1.471273729431996     
 bsup=    0.000000000000000        -1.096934426433090      
   0.8883493107522216     
 b_abs=    1.232378868201077     
 g=  -1.8357400725300781E-002
 j=    0.000000000000000         161.6673490106506      
   -187.1205962107333     
 v_perp_2=    61679232.89369892     
 b_n=   5.4048142563067566E-004   -1.092553998507008      
   0.8889136701120658     
 b_para_n=    1.232378844833044     
 dxdt=    5.398328757876032        -7795.696173888557      
    6354.392023930101     
 dudt=    5401211.684427730     
 ---------------------
 rk4
 istep=     29000001
 grad_b=  -0.3034150920963119       -0.1007534182185391      
  -0.1218238073610522     
 bsub=   5.3082211751901462E-002  -1.8891956142274888E-002 
   0.9558745877042858     
 bsup=    0.000000000000000       -0.4824898553138092      
    1.135266398167596     
 b_abs=    1.046590126126917     
 g=  -9.0162964150921100E-003
 j=    0.000000000000000         441.3745891965943      
   -166.8090960558409     
 v_perp_2=    52380181.56402709     
 b_n=  -9.7356851471355808E-004  -0.4796902129084215      
    1.135375774700118     
 b_para_n=    1.046590107357716     
 dxdt=   -11.28403577475011        -4264.359892779185      
    10111.37158650264     
 dudt=    2144516.020272568     
 ---------------------
 Elapsed time (seconds):     154.0629710000000     

real	2m34.073s
user	2m33.744s
sys	0m0.021s
>>> [PID 3845474] DONE  u=9500, v_perp=-7000, out=bounce/dat83.dat
