>>> [PID 3845879] START u=4000, v_perp=-6000, out=bounce/dat93.dat, dt=5.00E-09, steps=30000000
 outer boundary:   8.3000000000000462E-002
 rk4
 istep=            1
 grad_b=  -0.5028816185415452        4.9312000475799644E-003 
  -7.9817287727779740E-003
 bsub=   8.6925873863175594E-003   4.2252225546649369E-002 
    1.020727515440776     
 bsup=    0.000000000000000        0.5003001954676930      
   0.9181486992815687     
 b_abs=   0.9787595976787118     
 g=  -1.6418795795865387E-002
 j=    0.000000000000000         576.0999484531052      
    59.08474216280482     
 v_perp_2=    35999996.34575940     
 b_n=   1.4288628253579264E-005   0.5016656895166431      
   0.9180920584848843     
 b_para_n=   0.9787596023254261     
 dxdt=   0.1240890398939838         2056.488197581943      
    3751.803554969196     
 dudt=    91343.12283784618     
 ---------------------
 rk4
 istep=      1000001
 grad_b=   0.6683047654495127       -8.5239298537796646E-002 
   0.1465432385284083     
 bsub=   8.4864918755636704E-002  -1.0684985067623467E-002 
    1.591484175436596     
 bsup=    0.000000000000000       -0.7289642422322002      
    1.000632979766320     
 b_abs=    1.265061123517898     
 g=  -1.4008044636544356E-002
 j=    0.000000000000000        -345.0841937006500      
    577.3089338017645     
 v_perp_2=    46530462.99253024     
 b_n=  -1.4634280831800470E-004  -0.7301114529561924      
    1.000633095293879     
 b_para_n=    1.265061141239728     
 dxdt=   -1.421319625626292        -1358.769840473393      
    1849.859809875556     
 dudt=   -3034986.545797257     
 ---------------------
 rk4
 istep=      2000001
 grad_b=   0.6573059368653722       -1.8076622768209250E-002 
   0.1521966259788498     
 bsub=   5.8397282454523206E-003   4.9928652272795991E-002 
    1.161233990553001     
 bsup=    0.000000000000000        0.5634472209904724      
    1.065502084118898     
 b_abs=    1.125241595917142     
 g=  -1.0693684826733815E-002
 j=    0.000000000000000         784.9595804731695      
   -188.3189443567057     
 v_perp_2=    41387693.21667158     
 b_n=  -7.1961297340859045E-005   0.5615283007815706      
    1.065584946404796     
 b_para_n=    1.125241589846134     
 dxdt=  -0.6145786344790219         1614.830822008310      
    3085.411216021492     
 dudt=   -2483916.403765218     
 ---------------------
 rk4
 istep=      3000001
 grad_b=  -0.9751290168970125       -0.1152551399543746      
   0.1432188764161328     
 bsub=  -3.9378436850977527E-002  -0.1930557160412845      
    1.481402743372624     
 bsup=    0.000000000000000        -1.123274720067603      
   0.8881663527136069     
 b_abs=    1.238036362051713     
 g=  -1.8909148814071713E-002
 j=    0.000000000000000         15.94971541468652      
   -148.7025901337067     
 v_perp_2=    45536381.74466696     
 b_n=   1.3131216023930248E-004   -1.124595200577702      
   0.8879977628998549     
 b_para_n=    1.238036366922482     
 dxdt=   -1.219523318225841         2318.959944126917      
   -1822.324752346921     
 dudt=   -3812676.218931736     
 ---------------------
 rk4
 istep=      4000001
 grad_b=  -0.5099601504176287        2.6060700908674520E-002 
   2.6788160094621993E-002
 bsub=  -6.9068359621980810E-002  -0.2032049433642234      
    1.565500542631287     
 bsup=    0.000000000000000        -1.287574092376540      
   0.9224447993288324     
 b_abs=    1.305872749286414     
 g=  -1.8141415941598221E-002
 j=    0.000000000000000         58.68432077607943      
   -66.33180792796981     
 v_perp_2=    48031431.39282841     
 b_n=  -3.1151046521083576E-005   -1.288110658445523      
   0.9223737791633321     
 b_para_n=    1.305872751064317     
 dxdt=   0.3350958276322150         1969.983701116986      
   -1406.438110287997     
 dudt=    124556.4753782743     
 ---------------------
 rk4
 istep=      5000001
 grad_b=  -0.1502006313402039        0.1219577186530617      
   0.2058577058502683     
 bsub=  -8.4919753681749713E-002   6.0402288400630055E-002 
    1.850313541270642     
 bsup=    0.000000000000000        -1.273189815002788      
    1.022936155350909     
 b_abs=    1.347587032317397     
 g=  -1.3182682709022855E-002
 j=    0.000000000000000         875.9694820859705      
   -179.6133610711969     
 v_perp_2=    49565681.41309159     
 b_n=  -1.4538088691974524E-004   -1.273367398566095      
    1.022935282524600     
 b_para_n=    1.347587035473528     
 dxdt=    1.881935225514097         1476.392164271957      
   -1184.339617807216     
 dudt=   -754733.8170459005     
 ---------------------
 rk4
 istep=      6000001
 grad_b=   0.4619287817828506        2.6470227274416482E-002 
  -4.8246906721341756E-002
 bsub=  -6.1077515879043462E-002   0.1613585668488448      
    2.009662026534511     
 bsup=    0.000000000000000        -1.067507088993592      
    1.069300741713810     
 b_abs=    1.405937649891976     
 g=  -9.8814360130601471E-003
 j=    0.000000000000000         58.66143147866194      
    130.8761907216051     
 v_perp_2=    51711824.70216285     
 b_n=  -1.7533516180899002E-005   -1.067241022988844      
    1.069278845345168     
 b_para_n=    1.405937648919136     
 dxdt=   0.6073625734519323         398.3824137180692      
   -407.5253626344152     
 dudt=    1044454.704674533     
 ---------------------
 rk4
 istep=      7000001
 grad_b=  -0.4285857289978132        2.6047276496234766E-002 
   3.7353121574177514E-002
 bsub=  -3.0379816355869858E-002  -6.0691010536727888E-002 
   0.8716211992743685     
 bsup=    0.000000000000000       -0.2116042353314817      
    1.117325892943819     
 b_abs=   0.9937370335146112     
 g=  -1.1940372394224000E-002
 j=    0.000000000000000         452.7670409052260      
   -82.59235286252429     
 v_perp_2=    36550632.91452108     
 b_n=   8.7079453641555931E-005  -0.2103054330696522      
    1.117419357751065     
 b_para_n=   0.9937370283098279     
 dxdt=   0.7518593244230647        -825.7528197630647      
    4420.211340730385     
 dudt=   -670373.4445733503     
 ---------------------
 rk4
 istep=      8000001
 grad_b=  -0.7924724222375340       -0.1024030636895031      
  -0.1214059433775337     
 bsub=   3.5637466999515283E-002  -8.2245864793071430E-002 
    1.005658611599347     
 bsup=    0.000000000000000       -0.5447099684617926      
   0.9938736528273595     
 b_abs=    1.021352273151512     
 g=  -1.2787020626376908E-002
 j=    0.000000000000000        -519.7138161092630      
   -349.4544045407239     
 v_perp_2=    37566311.67979625     
 b_n=  -3.3660357628321629E-004  -0.5423482371366374      
   0.9940787156951398     
 b_para_n=    1.021352258371904     
 dxdt=   -2.881463814002250        -2005.964392478397      
    3698.711538211521     
 dudt=    1168270.797448912     
 ---------------------
 rk4
 istep=      9000001
 grad_b=   0.2859147436040010       -0.1152553637965422      
  -0.1864988210919454     
 bsub=   4.9357757942262145E-002   4.8876258844808465E-002 
    1.205409263329271     
 bsup=    0.000000000000000       -0.5917059381877388      
    1.115795528068828     
 b_abs=    1.147821101063750     
 g=  -8.3498639120584434E-003
 j=    0.000000000000000         1066.689063183079      
   -332.5309195783486     
 v_perp_2=    42217918.49748035     
 b_n=  -3.8610685964543393E-004  -0.5927583531172362      
    1.115854000310991     
 b_para_n=    1.147821090181328     
 dxdt=   -3.322390772323294        -1621.361708219984      
    3040.870527345569     
 dudt=    2241446.459667504     
 ---------------------
 rk4
 istep=     10000001
 grad_b=   0.3518115975717752       -7.3713546297771562E-002 
  -0.1228966063270602     
 bsub=   4.9796146749410977E-002   0.1527540086931988      
    2.054303544642218     
 bsup=    0.000000000000000        -1.393791137113003      
    1.068514981348831     
 b_abs=    1.407984117748939     
 g=  -9.2209374210889955E-003
 j=    0.000000000000000        -1024.399755251965      
    388.5804149629987     
 v_perp_2=    51786904.13616494     
 b_n=  -3.5046421319252255E-005   -1.393983694428192      
    1.068530150404453     
 b_para_n=    1.407984119713589     
 dxdt=   -1.407692751035054        -464.7039312679647      
    350.9336072059217     
 dudt=    373241.1094769992     
 ---------------------
 rk4
 istep=     11000001
 grad_b=   0.7540127516168428        3.4707471366735292E-002 
   0.1840176053756503     
 bsub=   4.6524907133979054E-002   0.1381257882631942      
    1.751270973717817     
 bsup=    0.000000000000000       -0.7875814388647766      
    1.074970777676976     
 b_abs=    1.331686533324137     
 g=  -9.2576925827324470E-003
 j=    0.000000000000000        -1154.561279025256      
    489.2550116764969     
 v_perp_2=    48980559.26075142     
 b_n=   3.9158115218774619E-005  -0.7890341053798199      
    1.075084318553900     
 b_para_n=    1.331686542306947     
 dxdt=   0.4655243118715819        -1044.946747783751      
    1404.027454590407     
 dudt=   -2354285.903723157     
 ---------------------
 rk4
 istep=     12000001
 grad_b=  -0.2750644164878130       -2.7823493004865477E-002 
  -5.1500610587513262E-002
 bsub=   3.8151039253594865E-002  -3.5851487304630808E-002 
   0.9032446137438231     
 bsup=    0.000000000000000       -9.3069577611184173E-002 
    1.112803944509387     
 b_abs=    1.004393927011655     
 g=  -1.2466595109452881E-002
 j=    0.000000000000000       -0.8080906959020240      
   -39.00883283543490     
 v_perp_2=    36942427.60548486     
 b_n=   8.7081182158297142E-005  -9.3865204600024829E-002 
    1.112768688433781     
 b_para_n=    1.004393928791928     
 dxdt=  -0.7491354294048600         366.4126507388763      
   -4298.940332147396     
 dudt=    1001929.973890175     
 ---------------------
 rk4
 istep=     13000001
 grad_b=  -0.4111552623484970        0.1266913181309887      
  -8.9870553011048376E-002
 bsub=  -2.0601699639701258E-002  -0.2164026033161295      
    1.500956561150346     
 bsup=    0.000000000000000        -1.198366557210768      
   0.9039786435673867     
 b_abs=    1.271279581599870     
 g=  -1.7347801361955795E-002
 j=    0.000000000000000        -523.9044867532959      
   -115.8562906851087     
 v_perp_2=    46758663.49174952     
 b_n=  -1.4583093978029002E-004   -1.198895313630977      
   0.9039004086595347     
 b_para_n=    1.271279582726940     
 dxdt=    1.434058159160448         2163.290120791844      
   -1627.169611105104     
 dudt=    3371505.468002511     
 ---------------------
 rk4
 istep=     14000001
 grad_b=  -0.7990795878273383        4.0851438801771701E-002 
   0.1477928420005795     
 bsub=  -0.1079791569724418       -8.5123736387235596E-002 
    1.692502914463022     
 bsup=    0.000000000000000        -1.232412627425708      
   0.9615157437059748     
 b_abs=    1.316230435044817     
 g=  -1.7207072131366071E-002
 j=    0.000000000000000         1015.451447720752      
   -596.2055947879130     
 v_perp_2=    48411941.27393143     
 b_n=  -5.4324230790689304E-005   -1.233301069572439      
   0.9614676063156999     
 b_para_n=    1.316230450791606     
 dxdt=   0.6055968145776643         1783.497051907736      
   -1383.202440554647     
 dudt=   -1282061.981950514     
 ---------------------
 rk4
 istep=     15000001
 grad_b=   0.1846433576751448        7.6226777615245392E-002 
   7.1094845902836226E-002
 bsub=  -8.2992726308961165E-002   0.1209230827103800      
    1.977567145295514     
 bsup=    0.000000000000000        -1.155081194792587      
    1.053835503567566     
 b_abs=    1.394331011821041     
 g=  -1.1342592183254337E-002
 j=    0.000000000000000        -452.1813839252089      
   -71.55150292812728     
 v_perp_2=    51284490.21310712     
 b_n=  -5.7042227944115792E-005   -1.154932293931231      
    1.053824005562725     
 b_para_n=    1.394331012943138     
 dxdt=    1.274768156661211         697.4084491869520      
   -639.0577876942604     
 dudt=    173121.7047844234     
 ---------------------
 rk4
 istep=     16000001
 grad_b=   0.7578910420136743       -2.9882443311667607E-002 
  -0.1827284358628571     
 bsub=  -5.0470394137498244E-002   0.1350340727937805      
    1.751575640392456     
 bsup=    0.000000000000000       -0.7900801316845372      
    1.073168264327826     
 b_abs=    1.331380767342047     
 g=  -9.3885096649768580E-003
 j=    0.000000000000000        -1092.886280141200      
    558.1171003644772     
 v_perp_2=    48969083.01351668     
 b_n=   3.0278968308714214E-005  -0.7886373656555150      
    1.073057901609032     
 b_para_n=    1.331380756625108     
 dxdt=  -0.3594414881453428         1016.005302244954      
   -1401.996582220227     
 dudt=    2382583.001483062     
 ---------------------
 rk4
 istep=     17000001
 grad_b=  -0.3166702925769345        2.3752627409345202E-002 
   4.4991352537379972E-002
 bsub=  -3.7177033049626787E-002  -4.0511772883963043E-002 
   0.8996760175755996     
 bsup=    0.000000000000000       -0.1278499400463362      
    1.108469796665517     
 b_abs=    1.001548128151105     
 g=  -1.2645712893847746E-002
 j=    0.000000000000000         182.3883063438278      
   -160.3940773476449     
 v_perp_2=    36837583.84658140     
 b_n=   7.4479781092171279E-005  -0.1269403738090137      
    1.108513822875123     
 b_para_n=    1.001548120409905     
 dxdt=   0.6413254348844842        -489.2327044539907      
    4309.972065317554     
 dudt=   -859974.5900441053     
 ---------------------
 rk4
 istep=     18000001
 grad_b=  -0.4452727497122242       -3.7663412781191945E-002 
   1.4668746092165844E-002
 bsub=   3.4273212977679643E-002  -0.2357709072659878      
    1.523023227609578     
 bsup=    0.000000000000000        -1.274100369909333      
   0.9062617450496460     
 b_abs=    1.296434361584876     
 g=  -1.7466399997606318E-002
 j=    0.000000000000000        -97.52022529718164      
   -21.14552623687787     
 v_perp_2=    47683650.63129992     
 b_n=  -3.9908879779849895E-005   -1.273597908222519      
   0.9063404263573512     
 b_para_n=    1.296434361435166     
 dxdt=  -0.4172199522212472        -2036.538645016641      
    1453.139524602750     
 dudt=   -869284.4850431435     
 ---------------------
 rk4
 istep=     19000001
 grad_b=  -0.8506024081775356       -6.4189467051279522E-002 
  -0.2236142123425066     
 bsub=   7.9813772467269312E-002  -7.8005876664573010E-002 
    1.620388473467846     
 bsup=    0.000000000000000        -1.177949106826198      
   0.9400354487266407     
 b_abs=    1.270987511744409     
 g=  -1.8415383176715733E-002
 j=    0.000000000000000         893.6698817002123      
   -226.5924554456750     
 v_perp_2=    46747648.86329554     
 b_n=  -9.7887155045883460E-005   -1.176852619119888      
   0.9400930490324696     
 b_para_n=    1.270987503596202     
 dxdt=  -0.9619914649203689        -2113.261596539239      
    1695.605627438323     
 dudt=    1947472.199438587     
 ---------------------
 rk4
 istep=     20000001
 grad_b=   0.1353143645253730       -0.1119136895237391      
  -0.1876742764704991     
 bsub=   6.8203200011049764E-002   0.1061739441568595      
    1.935354823583762     
 bsup=    0.000000000000000        -1.338943095762167      
    1.048459224434552     
 b_abs=    1.373386438196134     
 g=  -1.1319219299334110E-002
 j=    0.000000000000000         266.0199131597655      
   -216.2739885228518     
 v_perp_2=    50513891.31199277     
 b_n=  -1.1747630784495875E-004   -1.339107170073508      
    1.048472363173688     
 b_para_n=    1.373386434879713     
 dxdt=   -1.876477311120700        -1191.108440678245      
    930.8549699383246     
 dudt=    628317.2428447377     
 ---------------------
 rk4
 istep=     21000001
 grad_b=   0.5454424536319011       -4.7188140823896593E-003 
   9.4898457424103910E-002
 bsub=   5.6665292453981934E-002   0.1653014943268090      
    1.992553274154481     
 bsup=    0.000000000000000        -1.028012550073024      
    1.070451375376133     
 b_abs=    1.401084313701554     
 g=  -9.6170113753394435E-003
 j=    0.000000000000000         183.9833534901890      
    125.2605881409353     
 v_perp_2=    51532579.36401521     
 b_n=  -9.5054135406479023E-006   -1.028422268176797      
    1.070485636662360     
 b_para_n=    1.401084314983564     
 dxdt=  -0.2603229417258979        -512.8561987208058      
    523.2822902752840     
 dudt=   -1397038.836765174     
 ---------------------
 rk4
 istep=     22000001
 grad_b=   0.2951211086748117       -8.3506230328682388E-002 
  -0.1478419536251158     
 bsub=   4.3179258749232848E-002   4.3115215968446891E-002 
    1.098472089122229     
 bsup=    0.000000000000000       -0.3638747346002063      
    1.138951573812998     
 b_abs=    1.110773792441661     
 g=  -8.8425611632058088E-003
 j=    0.000000000000000        -499.8208126727907      
    147.8404332437653     
 v_perp_2=    40854775.54595117     
 b_n=   2.7323768861503805E-004  -0.3628165101228387      
    1.138899292700466     
 b_para_n=    1.110773787431493     
 dxdt=   -2.326379498013326         1084.620943726430      
   -3422.690055206908     
 dudt=    2284739.933381397     
 ---------------------
 rk4
 istep=     23000001
 grad_b=  -0.7139898100148583        2.7800769817026019E-002 
   2.7307271807605338E-002
 bsub=  -1.6393415890501573E-002  -8.5849351855176545E-002 
   0.8364139041222850     
 bsup=    0.000000000000000       -0.3720890943585111      
    1.141614925346595     
 b_abs=   0.9926529008368887     
 g=  -1.0019496721252231E-002
 j=    0.000000000000000        -578.7600629525656      
   -57.78569115248926     
 v_perp_2=    36510202.02811501     
 b_n=  -1.0675102876293884E-004  -0.3745777274703603      
    1.141357400186920     
 b_para_n=   0.9926529007658219     
 dxdt=   0.9220617498724774         1496.768730219781      
   -4524.093991947719     
 dudt=   -385904.1037482702     
 ---------------------
 rk4
 istep=     24000001
 grad_b=   0.2722067120760693        9.4052220640365766E-002 
   0.1626928011156458     
 bsub=  -4.8228948349330801E-002   4.2115579038524434E-002 
    1.129023954840513     
 bsup=    0.000000000000000       -0.4937648159192989      
    1.131670816228114     
 b_abs=    1.120998988549500     
 g=  -8.5417278066812312E-003
 j=    0.000000000000000        -84.09918071589671      
   -18.20043076207932     
 v_perp_2=    41230791.30213653     
 b_n=  -3.1771358906063844E-004  -0.4927567603431831      
    1.131619642017691     
 b_para_n=    1.120998989376557     
 dxdt=    2.710540144574038         1436.862353585525      
   -3312.451699726022     
 dudt=   -2258588.714942189     
 ---------------------
 rk4
 istep=     25000001
 grad_b=   0.4225720635281616        3.9350050048752333E-002 
  -1.3543373375199397E-004
 bsub=  -5.5013446400528535E-002   0.1635346560248566      
    2.044804527707675     
 bsup=    0.000000000000000        -1.172438627552273      
    1.069900579431762     
 b_abs=    1.412935469684123     
 g=  -9.5157706692728366E-003
 j=    0.000000000000000        -236.6984355324894      
    324.5211289322461     
 v_perp_2=    51968283.01396787     
 b_n=   7.8935136646858327E-006   -1.172523370701073      
    1.069907569697247     
 b_para_n=    1.412935470416947     
 dxdt=   0.8160941269857575        -156.5407271649925      
    135.5776526994113     
 dudt=    602366.7777531012     
 ---------------------
 rk4
 istep=     26000001
 grad_b=   0.4175712336395104        9.2437890710134155E-002 
   0.2245317724005295     
 bsub=  -5.0340828527937552E-002   9.9635019599628408E-002 
    1.732922836333736     
 bsup=    0.000000000000000        -1.453146910586713      
    1.063230340202779     
 b_abs=    1.303466874090349     
 g=  -9.0771577412753403E-003
 j=    0.000000000000000         1836.032302549492      
    10.76474713982870     
 v_perp_2=    47941937.55543526     
 b_n=   1.8832463340649262E-004   -1.454151135343969      
    1.063293551596192     
 b_para_n=    1.303466877232518     
 dxdt=    2.010275712635997        -2256.508628963128      
    1643.860742469954     
 dudt=   -1472987.130160567     
 ---------------------
 rk4
 istep=     27000001
 grad_b=  -0.7251344258993249        0.1436474850916079      
   0.2862957979682222     
 bsub=  -5.1892378006591092E-002  -4.5520640005390467E-002 
    1.378628743726898     
 bsup=    0.000000000000000        -1.115844337488782      
   0.9239168765623514     
 b_abs=    1.150829715875439     
 g=  -1.5391373736049107E-002
 j=    0.000000000000000        -99.38170618669977      
    419.5537520322604     
 v_perp_2=    42327855.24651472     
 b_n=   3.3688570332636756E-004   -1.114272453056647      
   0.9239814738629616     
 b_para_n=    1.150829733870943     
 dxdt=    2.902477117352191        -3001.919740168572      
    2497.353376210642     
 dudt=   -1665507.883199524     
 ---------------------
 rk4
 istep=     28000001
 grad_b=   -1.338118751499952       -1.1482564138313686E-002 
   0.1765837150272624     
 bsub=  -3.0486984810916332E-002  -9.4716054860343971E-002 
    1.283659890635423     
 bsup=    0.000000000000000       -0.8672593110487995      
   0.8714025125929732     
 b_abs=    1.095936960923153     
 g=  -1.9978563461084720E-002
 j=    0.000000000000000         1605.946613888852      
   -788.4309642459775     
 v_perp_2=    40308844.16371027     
 b_n=   2.9599390839509379E-006  -0.8647067138474518      
   0.8715908914837591     
 b_para_n=    1.095936917353281     
 dxdt=   2.5154575087470477E-002   -2684.085372381061      
    2720.305393429661     
 dudt=   -2749171.624753446     
 ---------------------
 rk4
 istep=     29000001
 grad_b=   0.4315251466756372       -7.6363018022393647E-002 
  -0.2198311762046371     
 bsub=   2.9834002526082551E-002   0.1498272560028949      
    1.919552234538787     
 bsup=    0.000000000000000        -1.452597064617102      
    1.070456574349247     
 b_abs=    1.354767561905185     
 g=  -7.9853969721622679E-003
 j=    0.000000000000000        -592.5903327845680      
    468.9247012953027     
 v_perp_2=    49828662.72487921     
 b_n=  -1.1953318974701279E-004   -1.453475215706902      
    1.070526980728672     
 b_para_n=    1.354767570468519     
 dxdt=   -1.621809474325361        -1591.866964429647      
    1165.263244439187     
 dudt=    1688584.924222464     
 ---------------------
 Elapsed time (seconds):     153.7677210000000     

real	2m33.780s
user	2m33.529s
sys	0m0.020s
>>> [PID 3845879] DONE  u=4000, v_perp=-6000, out=bounce/dat93.dat
