>>> [PID 3846583] START u=6000, v_perp=-6000, out=bounce/dat97.dat, dt=5.00E-09, steps=30000000
 outer boundary:   8.3000000000000462E-002
 rk4
 istep=            1
 grad_b=  -0.5028810900332685        4.9306902007782288E-003 
  -7.9806494570062170E-003
 bsub=   8.6927267084483326E-003   4.2252147074851421E-002 
    1.020727821876563     
 bsup=    0.000000000000000        0.5002902387929109      
   0.9181487920063933     
 b_abs=   0.9787595480139057     
 g=  -1.6418846257847411E-002
 j=    0.000000000000000         576.0999428635837      
    59.07722962690013     
 v_perp_2=    35999994.51902564     
 b_n=   2.1430622568432648E-005   0.5023384721963881      
   0.9180638313280522     
 b_para_n=   0.9787595549833440     
 dxdt=   0.1970612772340923         3085.717638925739      
    5627.662568348556     
 dudt=    91330.24096120102     
 ---------------------
 rk4
 istep=      1000001
 grad_b=  -0.3674741352171118       -1.0392358312967545E-002 
   2.9889838504008615E-002
 bsub=  -3.4574388912427464E-002  -1.7488384657629086E-002 
   0.9566869248915297     
 bsup=    0.000000000000000       -0.1691703799474354      
    1.017941461817166     
 b_abs=   0.9885489555121055     
 g=  -1.6215359332769550E-002
 j=    0.000000000000000         665.4633033468581      
   -77.92101949902433     
 v_perp_2=    36359921.75735919     
 b_n=  -3.7125391021824974E-005  -0.1677887952538275      
    1.017965368545619     
 b_para_n=   0.9885489485905233     
 dxdt=  -0.3385691619338841        -1009.034958669403      
    6147.653102030466     
 dudt=   -598740.5537622988     
 ---------------------
 rk4
 istep=      2000001
 grad_b=   -1.102268300582872        0.1154537166901897      
  -0.1460961576140606     
 bsub=   2.2527650775024693E-002  -0.1384885309331549      
    1.356079337278986     
 bsup=    0.000000000000000       -0.8769009214540662      
   0.8723768892394959     
 b_abs=    1.142115510453976     
 g=  -1.9978190335598101E-002
 j=    0.000000000000000         281.8056762373776      
    271.0167457850350     
 v_perp_2=    42008109.91542344     
 b_n=   2.9972237386042297E-004  -0.8736219351208536      
   0.8727067893082688     
 b_para_n=    1.142115528584683     
 dxdt=    2.443676500640827        -4178.037624554406      
    4185.768342029759     
 dudt=    3682450.037209913     
 ---------------------
 rk4
 istep=      3000001
 grad_b=  -0.7987830878066275       -0.1604689299933691      
   0.1288800177354409     
 bsub=  -8.6533060768211809E-003  -0.1708791176393163      
    1.390776788150645     
 bsup=    0.000000000000000       -0.9384411265000644      
   0.8788322938544137     
 b_abs=    1.175731598741856     
 g=  -1.9066198027454087E-002
 j=    0.000000000000000         144.2825952541554      
   -12.22461278586312     
 v_perp_2=    43244385.23346964     
 b_n=  -4.2815891189564915E-004  -0.9360788596593516      
   0.8791198702570016     
 b_para_n=    1.175731596617463     
 dxdt=   -3.421163088360905        -4261.286206569829      
    4010.587954687738     
 dudt=   -4127107.124962457     
 ---------------------
 rk4
 istep=      4000001
 grad_b=   0.2066344154904224       -0.1813868428813873      
   0.1372689220755167     
 bsub=   3.8827752194305336E-002  -6.4958354582212691E-002 
    1.339347640740586     
 bsup=    0.000000000000000       -0.4572620324124436      
   0.9354968997264251     
 b_abs=    1.132760318666891     
 g=  -1.8666241280983306E-002
 j=    0.000000000000000         751.5543098955844      
    184.1421439493305     
 v_perp_2=    41663712.86267927     
 b_n=  -5.6299398911884263E-004  -0.4579149574947710      
   0.9354815635262722     
 b_para_n=    1.132760329829380     
 dxdt=   -4.617249811148297        -2228.707462685096      
    4548.555747619102     
 dudt=   -3431345.584774246     
 ---------------------
 rk4
 istep=      5000001
 grad_b=   0.3136735469391636       -1.0438721969929093E-003 
   0.1189335736836648     
 bsub=  -2.0466322759982176E-002   4.0276966171205186E-002 
    1.050102258212476     
 bsup=    0.000000000000000        0.3403487824054304      
    1.075963422684769     
 b_abs=    1.069307366103528     
 g=  -1.2401971304192926E-002
 j=    0.000000000000000        -932.3290749406590      
   -111.2670843335640     
 v_perp_2=    39329721.60359507     
 b_n=  -2.4821664672323262E-005   0.3389495031896951      
    1.076016598328887     
 b_para_n=    1.069307355957273     
 dxdt=  -0.2125420158352024         1807.292312661707      
    5751.826193043800     
 dudt=   -2194719.070713597     
 ---------------------
 rk4
 istep=      6000001
 grad_b=   -1.017010060118900        8.5562387871178196E-003 
  -6.6415418054050976E-002
 bsub=  -7.4825152219591268E-003  -6.9261465112710335E-002 
    1.059953990929949     
 bsup=    0.000000000000000       -0.5749994178247068      
   0.9143467157346450     
 b_abs=    1.004440064540535     
 g=  -1.8695282556225355E-002
 j=    0.000000000000000         1190.476307979216      
   -839.8581373196487     
 v_perp_2=    36943719.38199157     
 b_n=   1.4676689115142828E-005  -0.5714576263406083      
   0.9145781824895750     
 b_para_n=    1.004439989498520     
 dxdt=   0.1321002458250002        -3357.549081030795      
    5391.848597554358     
 dudt=    1201919.424082757     
 ---------------------
 rk4
 istep=      7000001
 grad_b=  -0.8109997462921439        8.7948289872223889E-002 
  -0.1071687371293452     
 bsub=   4.4142291452608604E-002  -0.2158770561999695      
    1.512900194335255     
 bsup=    0.000000000000000        -1.217393061849238      
   0.8970568761920483     
 b_abs=    1.272808206344934     
 g=  -1.8511775745762953E-002
 j=    0.000000000000000         28.71057222640027      
   -125.2481172057882     
 v_perp_2=    46814242.53117169     
 b_n=   1.9243470646714572E-004   -1.215253358780906      
   0.8973565708771370     
 b_para_n=    1.272808198375687     
 dxdt=    1.463916197060301        -4783.768196895762      
    3539.275539152040     
 dudt=    2935998.890667970     
 ---------------------
 rk4
 istep=      8000001
 grad_b=   8.8557038310465297E-002  -7.0954964630205675E-002 
   1.1454536189609954E-002
 bsub=   0.1062437296413778        2.2433228168466861E-002 
    1.821438434744151     
 bsup=    0.000000000000000        -1.106506620711922      
    1.020669773880819     
 b_abs=    1.354294317928589     
 g=  -1.3691429570541121E-002
 j=    0.000000000000000        -833.0665205819565      
    471.1689808108561     
 v_perp_2=    49811141.59918495     
 b_n=  -2.5412588449838915E-004   -1.106820809129965      
    1.020688487623274     
 b_para_n=    1.354294346273631     
 dxdt=   -1.876020716437976        -3850.969384130789      
    3550.230554343709     
 dudt=   -1224878.355461935     
 ---------------------
 rk4
 istep=      9000001
 grad_b=   0.8176285540285523        1.0249439270207109E-002 
   0.1620348244474999     
 bsub=   1.9397431944541604E-002   7.4192168857614954E-002 
    1.323075491853968     
 bsup=    0.000000000000000        3.0516919806013953E-002 
    1.094570648006448     
 b_abs=    1.203983872885152     
 g=  -9.0148024396686510E-003
 j=    0.000000000000000        -743.7690775385647      
    206.3588411443125     
 v_perp_2=    44282535.29771183     
 b_n=   6.4868387160646300E-006   2.5970634123525072E-002 
    1.094825497780497     
 b_para_n=    1.203983883286563     
 dxdt=   5.1024209525967902E-002    97.68325228419680      
    4788.304114602907     
 dudt=   -2713795.546000988     
 ---------------------
 rk4
 istep=     10000001
 grad_b=  -0.4106101342135201        1.0272401295568216E-002 
   3.2415651198512599E-002
 bsub=  -3.3095904769406020E-002  -4.8124305646982640E-002 
   0.9086145509845882     
 bsup=    0.000000000000000       -0.2467241674075912      
    1.068617546303005     
 b_abs=   0.9914224310554429     
 g=  -1.4256449325043724E-002
 j=    0.000000000000000         686.7465492700468      
   -235.5555592823991     
 v_perp_2=    36464385.56448481     
 b_n=   4.8481076714888869E-005  -0.2450685025267821      
    1.068706982155912     
 b_para_n=   0.9914224113559289     
 dxdt=   0.4410662140454191        -1468.428286715573      
    6426.144395232184     
 dudt=   -595525.3185876607     
 ---------------------
 rk4
 istep=     11000001
 grad_b=   -1.209326909426472       -6.0416923007405650E-002 
  -0.2197901858266658     
 bsub=   3.6253653185925439E-002  -8.2104444161498896E-002 
    1.288314302545128     
 bsup=    0.000000000000000       -0.9316125575786763      
   0.8779834594410669     
 b_abs=    1.098908940251696     
 g=  -1.8792798263436428E-002
 j=    0.000000000000000         939.3699467656368      
   -115.9307735430711     
 v_perp_2=    40417571.70511960     
 b_n=  -2.4839348800253581E-004  -0.9275969632368675      
   0.8782463518777935     
 b_para_n=    1.098908926395667     
 dxdt=   -2.083110829851430        -4730.594379549691      
    4492.215599697848     
 dudt=    2287417.054273446     
 ---------------------
 rk4
 istep=     12000001
 grad_b=   0.2960018114610241       -9.6037070762111779E-002 
  -0.1733587496365733     
 bsub=   5.4460821392547314E-002   0.1349651114565835      
    2.003346336954507     
 bsup=    0.000000000000000        -1.426633229324999      
    1.063200419148688     
 b_abs=    1.391586898851817     
 g=  -9.8413746520038294E-003
 j=    0.000000000000000        -581.3983725649691      
    186.5604482945227     
 v_perp_2=    51182014.60470301     
 b_n=  -4.2327365787499216E-004   -1.428142117447469      
    1.063313585708092     
 b_para_n=    1.391586907997879     
 dxdt=   -3.093811382510815        -4688.610101940882      
    3486.801218331627     
 dudt=    625140.8076593685     
 ---------------------
 rk4
 istep=     13000001
 grad_b=   0.7119478653964914        4.6515525916017840E-002 
   0.1792865412228367     
 bsub=   2.9448113457897933E-002   0.1410601229181163      
    1.699288731177351     
 bsup=    0.000000000000000       -0.7316354087622506      
    1.085624138100578     
 b_abs=    1.319725401496630     
 g=  -8.6979502027280126E-003
 j=    0.000000000000000        -765.1806412046578      
    150.6475279839911     
 v_perp_2=    48538786.14583888     
 b_n=   1.7980067841690876E-004  -0.7356645037574304      
    1.085955486727759     
 b_para_n=    1.319725406909702     
 dxdt=    1.342545375268447        -2715.344736965571      
    3986.949527874203     
 dudt=   -2237952.740557633     
 ---------------------
 rk4
 istep=     14000001
 grad_b=   0.2062689437402916        5.1440083107933396E-002 
   0.1128962309613924     
 bsub=  -3.7016438961816077E-002   2.6615194956003112E-002 
    1.013496884186694     
 bsup=    0.000000000000000        4.3889093523120759E-002 
    1.126518906366220     
 b_abs=    1.069408212704490     
 g=  -1.0864172192337694E-002
 j=    0.000000000000000        -106.3827459236058      
    240.1325406487197     
 v_perp_2=    39332107.12587359     
 b_n=   2.3643763944315843E-004   4.2862901232976730E-002 
    1.126554507154896     
 b_para_n=    1.069408228508637     
 dxdt=    2.024396089279200         225.7843308570648      
    6021.123115410458     
 dudt=   -2225812.351250509     
 ---------------------
 rk4
 istep=     15000001
 grad_b=  -0.6747113619902270       -0.1238543608144024      
  -0.1446645976740737     
 bsub=   4.4215955492552000E-002  -6.8665492185500138E-002 
    1.025476386188644     
 bsup=    0.000000000000000       -0.5670665335370302      
    1.010213486792384     
 b_abs=    1.036335298303191     
 g=  -1.2017831365052599E-002
 j=    0.000000000000000        -516.9205841568840      
   -247.8436847529857     
 v_perp_2=    38115568.95923509     
 b_n=  -6.4611565540968969E-004  -0.5638322748603050      
    1.010457894602940     
 b_para_n=    1.036335282722684     
 dxdt=   -5.670381961266528        -3156.794583700954      
    5676.453939900473     
 dudt=    1346985.549445943     
 ---------------------
 rk4
 istep=     16000001
 grad_b=   0.4397486386071265       -7.3604643318517488E-002 
  -0.2104228045810299     
 bsub=   2.3895907835990753E-002   0.1532220126218244      
    1.882809429265833     
 bsup=    0.000000000000000        -1.350709279358373      
    1.075029419228596     
 b_abs=    1.347995520732705     
 g=  -7.6722556070823490E-003
 j=    0.000000000000000        -1304.200145741707      
    272.2495120704201     
 v_perp_2=    49578009.12692164     
 b_n=  -3.7786687254019741E-004   -1.353669218317072      
    1.075275100874668     
 b_para_n=    1.347995531447408     
 dxdt=   -2.794839130406754        -4766.611752994922      
    3778.138786177375     
 dudt=    1729718.959582289     
 ---------------------
 rk4
 istep=     17000001
 grad_b=   0.4678571138711042        6.2989270803455177E-002 
   0.1839443295397847     
 bsub=   3.0314638791070240E-003   0.1818489747563525      
    2.047762987299841     
 bsup=    0.000000000000000        -1.305464249479199      
    1.071491524171767     
 b_abs=    1.398458830546445     
 g=  -7.4629257593616886E-003
 j=    0.000000000000000        -493.0721187771583      
   -21.83953512039801     
 v_perp_2=    51433796.87974608     
 b_n=   3.1055364382465963E-004   -1.308576739725333      
    1.071767462355237     
 b_para_n=    1.398458826449683     
 dxdt=    2.266376288146112        -4256.144191379991      
    3476.704174430810     
 dudt=   -1510444.084600167     
 ---------------------
 rk4
 istep=     18000001
 grad_b=   0.5691141445025918        7.6197094773117244E-002 
   0.1689214728259729     
 bsub=  -2.6676523508976160E-002   8.2134876750966049E-002 
    1.281014054325865     
 bsup=    0.000000000000000       -0.4557266804337464      
    1.133670895269658     
 b_abs=    1.189646473217332     
 g=  -7.9993779949368640E-003
 j=    0.000000000000000        -21.83575752861702      
    356.1644249708380     
 v_perp_2=    43753734.99836649     
 b_n=   4.1123773504707578E-004  -0.4593292669932020      
    1.133910467260292     
 b_para_n=    1.189646495653302     
 dxdt=    3.260109303680860        -2064.509375255118      
    5066.550826332737     
 dudt=   -2423418.620464705     
 ---------------------
 rk4
 istep=     19000001
 grad_b=  -0.5189776658771837       -6.2190589477791436E-002 
  -6.2555544269554869E-002
 bsub=   3.7027878729622307E-002  -5.8434316521366519E-002 
   0.8565692605450175     
 bsup=    0.000000000000000       -0.2151336139515526      
    1.162044022763896     
 b_abs=    1.003247593203674     
 g=  -9.4280440831011648E-003
 j=    0.000000000000000        -678.7968731874756      
    264.5853557714494     
 v_perp_2=    36898088.25403593     
 b_n=  -3.7182119203486386E-004  -0.2122452072327140      
    1.162257164310539     
 b_para_n=    1.003247613811290     
 dxdt=   -3.349871183409787        -1244.450380142319      
    6864.380278382202     
 dudt=    1087197.212314093     
 ---------------------
 rk4
 istep=     20000001
 grad_b=   0.6874419118720561       -5.6001655064274049E-002 
  -0.1599270674269440     
 bsub=   1.1567587772267039E-003   0.1193332422826580      
    1.519703346866849     
 bsup=    0.000000000000000       -0.6037015817317567      
    1.113448342015614     
 b_abs=    1.272912479751738     
 g=  -7.9562285084620391E-003
 j=    0.000000000000000         458.4390800360277      
   -117.9988985917958     
 v_perp_2=    46815830.87429244     
 b_n=  -2.6886847394446274E-004  -0.6079568328530859      
    1.113782681919077     
 b_para_n=    1.272912474677769     
 dxdt=   -2.045236448171517        -2412.427295624781      
    4392.248373989860     
 dudt=    2084103.559692704     
 ---------------------
 rk4
 istep=     21000001
 grad_b=   0.4325462638106842        7.6310198187234043E-003 
  -2.8541041790003940E-003
 bsub=  -1.5586229673099944E-002   0.1867626965501238      
    2.152034915664091     
 bsup=    0.000000000000000        -1.491950583609851      
    1.075489342648490     
 b_abs=    1.426969715016359     
 g=  -7.3686143094141444E-003
 j=    0.000000000000000         1518.100918382178      
    159.7698368840682     
 v_perp_2=    52481619.31323470     
 b_n=   5.2228488777362797E-005   -1.494817762147805      
    1.075738558667718     
 b_para_n=    1.426969732910545     
 dxdt=   0.3790959779058827        -4639.956146983758      
    3331.571262125310     
 dudt=    186275.5075441484     
 ---------------------
 rk4
 istep=     22000001
 grad_b=   0.4786528553829914        8.9469425746904252E-002 
   0.1997795728109306     
 bsub=  -4.4361369342302184E-002   0.1004885757967138      
    1.602890087787819     
 bsup=    0.000000000000000        -1.102242807069708      
    1.081429486737073     
 b_abs=    1.274238852411555     
 g=  -8.5484251843262991E-003
 j=    0.000000000000000         313.8167019398378      
   -396.6790452934488     
 v_perp_2=    46864243.19820455     
 b_n=   4.6605560704513133E-004   -1.105175485972235      
    1.081626221582543     
 b_para_n=    1.274238827881322     
 dxdt=    3.543151092032677        -4359.125752494696      
    4256.434904194142     
 dudt=   -1694689.038301804     
 ---------------------
 rk4
 istep=     23000001
 grad_b=  -0.7168859654046220        4.4263311556986124E-003 
   7.2438907020862253E-003
 bsub=   1.0131005243420643E-002  -8.7898778058109472E-002 
   0.8920075330164934     
 bsup=    0.000000000000000       -0.4355663880534145      
    1.041765683123998     
 b_abs=   0.9835899324849403     
 g=  -1.3716437415019373E-002
 j=    0.000000000000000        -403.4789338398830      
    340.8222342278625     
 v_perp_2=    36174574.71759245     
 b_n=   2.1635487416834635E-005  -0.4325486161344875      
    1.042062840293032     
 b_para_n=   0.9835899600964195     
 dxdt=   0.1981290139261317        -2622.914050643502      
    6342.171986870924     
 dudt=   -105042.1750117224     
 ---------------------
 rk4
 istep=     24000001
 grad_b=   0.6575612362994439       -3.5565627730415314E-002 
  -0.1508517835840499     
 bsub=   1.0896491668877399E-002   6.7791529089734071E-002 
    1.188824869330222     
 bsup=    0.000000000000000        1.0624655509245517E-002 
    1.120359446012668     
 b_abs=    1.154851339115488     
 g=  -9.2349019602645018E-003
 j=    0.000000000000000         531.5004605677146      
   -123.7931506033221     
 v_perp_2=    42473084.54292307     
 b_n=  -1.4794983259102204E-004   7.0090304739850407E-003 
    1.120566973644048     
 b_para_n=    1.154851333162673     
 dxdt=   -1.196826456354506         20.74331507460607      
    5273.253202794032     
 dudt=    2697185.983969683     
 ---------------------
 rk4
 istep=     25000001
 grad_b=   0.6365874959004425       -2.2845251721975515E-002 
  -0.1566714417442702     
 bsub=  -5.0581419900332630E-002   0.1652275262751940      
    1.922935835813048     
 bsup=    0.000000000000000       -0.9279368964034644      
    1.073283751201187     
 b_abs=    1.382139404639195     
 g=  -9.4066387019302103E-003
 j=    0.000000000000000        -87.60621271223152      
    139.7570169482794     
 v_perp_2=    50832082.64984587     
 b_n=  -4.8330195359934264E-005  -0.9311945137073131      
    1.073562395218319     
 b_para_n=    1.382139412689916     
 dxdt=  -0.3540498745589987        -3112.776999738085      
    3574.784154533585     
 dudt=    1955177.865768707     
 ---------------------
 rk4
 istep=     26000001
 grad_b=  -0.3455474137461128        0.1491474635367220      
   0.2711758667163383     
 bsub=  -7.0639205802660254E-002   1.1610473728778069E-002 
    1.700266978882014     
 bsup=    0.000000000000000        -1.266736705812172      
   0.9854738413149927     
 b_abs=    1.289015899667414     
 g=  -1.4911483222827187E-002
 j=    0.000000000000000         490.0102214580254      
    111.8174274725774     
 v_perp_2=    47407022.20550434     
 b_n=   5.2441100173359527E-004   -1.265546553232700      
   0.9854875071951972     
 b_para_n=    1.289015907350352     
 dxdt=    3.962080258475603        -4864.425845868874      
    3791.440171816170     
 dudt=   -1117098.657332975     
 ---------------------
 rk4
 istep=     27000001
 grad_b=   -1.214555297932930        1.3413397703064198E-003 
   0.1207937793290823     
 bsub=  -9.7701977642259408E-003  -8.1087727606960175E-002 
    1.137195915339258     
 bsup=    0.000000000000000       -0.7139290181793666      
   0.8846334569234130     
 b_abs=    1.031240749322815     
 g=  -1.8951474773258162E-002
 j=    0.000000000000000        -294.3907249624411      
   -470.8966703066741     
 v_perp_2=    37926520.24083135     
 b_n=   3.4300297696984258E-005  -0.7097476291200729      
   0.8849318719816567     
 b_para_n=    1.031240712403754     
 dxdt=   0.3022080052406543        -4004.292950611023      
    5010.020916822251     
 dudt=   -1888382.788079408     
 ---------------------
 rk4
 istep=     28000001
 grad_b=   2.7994100973999347E-002  -2.3759594431909399E-002 
  -8.7125703273158828E-002
 bsub=   3.7602593109401020E-002   6.0740926472719406E-003 
   0.9662077478909863     
 bsup=    0.000000000000000        0.1072480488845797      
    1.099655012747555     
 b_abs=    1.030901664454372     
 g=  -1.2848944269026382E-002
 j=    0.000000000000000         312.8669939617166      
  -0.2697402806768991     
 v_perp_2=    37913899.15754355     
 b_n=  -1.0031454664611619E-004   0.1071124366375796      
    1.099659769416632     
 b_para_n=    1.030901664572797     
 dxdt=  -0.8840705479874018         606.1852453296980      
    6227.744731829765     
 dudt=    1754436.731975475     
 ---------------------
 rk4
 istep=     29000001
 grad_b=   0.7792002816047722        1.6436722376067150E-002 
  -0.1626962059124721     
 bsub=  -5.9459707732946794E-002   7.6560077037235191E-002 
    1.562075500841273     
 bsup=    0.000000000000000       -0.5048493662367977      
    1.054668661612192     
 b_abs=    1.268452811628491     
 g=  -1.0324360331333018E-002
 j=    0.000000000000000        -633.9676680115928      
   -114.0833137552101     
 v_perp_2=    46650242.02392750     
 b_n=   1.2090790506151326E-004  -0.5086781507458356      
    1.054860911829057     
 b_para_n=    1.268452802300693     
 dxdt=   0.9215076430959903        -2033.073678032008      
    4187.748789512149     
 dudt=    2607836.043998221     
 ---------------------
 Elapsed time (seconds):     154.4243560000000     

real	2m34.436s
user	2m34.164s
sys	0m0.022s
>>> [PID 3846583] DONE  u=6000, v_perp=-6000, out=bounce/dat97.dat
