>>> [PID 3626484] START u=2000, v_perp=-4000, out=gc_grid/dat131.dat, dt=2e-09, steps=30000000
 outer boundary:   8.3000000000000462E-002
 rk4
 istep=            1
 grad_b=  -0.5028824622516150        4.9320163806056694E-003 
  -7.9834562945261950E-003
 bsub=   8.6923645526971634E-003   4.2252351054618602E-002 
    1.020727025130945     
 bsup=    0.000000000000000        0.5003161238788520      
   0.9181485510766179     
 b_abs=   0.9787596771569840     
 g=  -1.6418715058362014E-002
 j=    0.000000000000000         576.0999533908320      
    59.09677093573975     
 v_perp_2=    15999999.67514197     
 b_n=   7.1455512261870542E-006   0.5009988748994779      
   0.9181202304066521     
 b_para_n=   0.9787596794806788     
 dxdt=   4.3803711652229238E-002    1026.532614306437      
    1875.973525316046     
 dudt=    40606.10610317078     
 ---------------------
 rk4
 istep=      1000001
 grad_b=  -5.2380537645843162E-002  -0.2015060252736897      
   0.1061546060137451     
 bsub=   4.1557863006188085E-002  -0.1559597548419860      
    1.404516062152012     
 bsup=    0.000000000000000       -0.8915483474548054      
   0.9126439971254511     
 b_abs=    1.191989343066495     
 g=  -1.9679778340493888E-002
 j=    0.000000000000000        -398.4191128926119      
    250.7978611010441     
 v_perp_2=    19485711.01456242     
 b_n=   7.1494288363210673E-005  -0.8915692672638650      
   0.9126395563961431     
 b_para_n=    1.191989340316884     
 dxdt=  -0.8578709332198216         536.6354568619671      
   -549.0229655902879     
 dudt=   -1896224.470794540     
 ---------------------
 rk4
 istep=      2000001
 grad_b=  -8.3352371673856951E-002   0.1262384380348348      
  -0.1238894402699843     
 bsub=  -1.5427724447945521E-002   4.7558845963941131E-003 
    1.165663818616463     
 bsup=    0.000000000000000        4.2731557861089342E-002 
   0.9273255398679137     
 b_abs=    1.039768612124391     
 g=  -1.8275754104162125E-002
 j=    0.000000000000000        -343.3584120916248      
   -262.9022545371056     
 v_perp_2=    16997324.56739748     
 b_n=  -1.3555086689640542E-004   4.2640667535412222E-002 
   0.9273241224544498     
 b_para_n=    1.039768618616155     
 dxdt=   0.8652859292662837        -70.63390514765958      
   -1545.422248626294     
 dudt=    860710.9430067790     
 ---------------------
 rk4
 istep=      3000001
 grad_b=   0.1071225907401244        0.1781519417865658      
  -0.1373174247540075     
 bsub=  -3.0026713548842898E-002  -4.6439626983722268E-002 
    1.285735905116018     
 bsup=    0.000000000000000       -0.3438927340061395      
   0.9298697680115885     
 b_abs=    1.100899412929922     
 g=  -1.8979160174647368E-002
 j=    0.000000000000000         401.3032638209008      
   -17.45832844875846     
 v_perp_2=    17996642.28323488     
 b_n=   1.4334528032550653E-004  -0.3439787347412503      
   0.9298700088473801     
 b_para_n=    1.100899412299177     
 dxdt=    1.012081828104630        -442.7419537117344      
    1195.513151957660     
 dudt=    1402875.068899843     
 ---------------------
 rk4
 istep=      4000001
 grad_b=  -0.2381480986191128       -0.2041339511069500      
   0.1104377331409040     
 bsub=   2.7026015277523893E-002  -0.1154989796092667      
    1.318628060842881     
 bsup=    0.000000000000000       -0.7147688317747303      
   0.9042714208153655     
 b_abs=    1.129052131500461     
 g=  -2.0477026952325856E-002
 j=    0.000000000000000        -60.21489168812394      
    224.8898882940553     
 v_perp_2=    18456859.99213199     
 b_n=  -1.2766101921281837E-004  -0.7146110054316764      
   0.9042878646790905     
 b_para_n=    1.129052135388592     
 dxdt=  -0.9804387676899164        -785.2073884701573      
    995.0446943300872     
 dudt=   -1779246.172915504     
 ---------------------
 rk4
 istep=      5000001
 grad_b=  -0.4757880335008248       -3.8499477186440742E-002 
   3.6563424698612096E-002
 bsub=   1.6556103505710448E-002   2.4163892642125040E-002 
    1.056920005734834     
 bsup=    0.000000000000000        3.9071353695655175E-002 
   0.9204517002213918     
 b_abs=   0.9868580351744453     
 g=  -1.8687390651113057E-002
 j=    0.000000000000000        -40.20931578030292      
    450.5495229519030     
 v_perp_2=    16132381.36259738     
 b_n=   4.6998718712543228E-005   3.8502189560931585E-002 
   0.9204639647781004     
 b_para_n=   0.9868580225585996     
 dxdt=  -0.2889938844375144        -74.36222921538970      
   -1834.366105512026     
 dudt=   -266286.2870550200     
 ---------------------
 rk4
 istep=      6000001
 grad_b=   0.3230500806483046        0.1706582782975893      
  -0.1213477545184043     
 bsub=  -6.4428479754396126E-002  -0.1120088836489875      
    1.473025563899132     
 bsup=    0.000000000000000       -0.8037304891439897      
   0.9455298339134004     
 b_abs=    1.217669562505596     
 g=  -1.7995077173057761E-002
 j=    0.000000000000000        -501.5065736491871      
   -591.4083547650355     
 v_perp_2=    19905506.52326266     
 b_n=  -2.8660378498203438E-005  -0.8036740756397088      
   0.9455328718605259     
 b_para_n=    1.217669564726853     
 dxdt=   0.7693050422899667         201.3857210981819      
   -238.7783492167371     
 dudt=    1690886.664663602     
 ---------------------
 rk4
 istep=      7000001
 grad_b=  -0.4894176413241025        1.7137053368207169E-002 
  -3.0643140940573799E-002
 bsub=   7.1712422345186922E-003   4.2455384845189847E-002 
    1.018003573071915     
 bsup=    0.000000000000000        0.6477509339903044      
   0.9176178725767659     
 b_abs=   0.9805755120560213     
 g=  -1.5636403666002337E-002
 j=    0.000000000000000         315.5559208409344      
    224.5382756179776     
 v_perp_2=    16029678.45817878     
 b_n=   2.5991515555523991E-005   0.6484414168929913      
   0.9175888995501340     
 b_para_n=   0.9805755186482549     
 dxdt=   0.1594342422446936         1320.489865370362      
    1864.456503846884     
 dudt=    141855.1609974874     
 ---------------------
 rk4
 istep=      8000001
 grad_b=  -4.8672505807990429E-002  -0.1999678866976791      
   0.1026155408351012     
 bsub=   4.3177854085993457E-002  -0.1672442261709640      
    1.418561197134601     
 bsup=    0.000000000000000       -0.9366348486297843      
   0.9122505995177497     
 b_abs=    1.204460598197927     
 g=  -1.9574417901221990E-002
 j=    0.000000000000000        -145.2864525155056      
    197.6123377607000     
 v_perp_2=    19689575.14374506     
 b_n=   5.4702313340576100E-005  -0.9366499292286229      
   0.9122471552362592     
 b_para_n=    1.204460596659904     
 dxdt=  -0.8277972036716016         433.4955709546911      
   -421.9356083024466     
 dudt=   -1906274.004985564     
 ---------------------
 rk4
 istep=      9000001
 grad_b=  -0.1172545777218812        0.1071760867158166      
  -0.1184131757185349     
 bsub=  -1.0989930700693023E-002   1.7185344282596542E-002 
    1.134491244537909     
 bsup=    0.000000000000000        0.2138220158809372      
   0.9274722733350164     
 b_abs=    1.027643275140473     
 g=  -1.7578166567965500E-002
 j=    0.000000000000000        -143.8698192860816      
   -232.0789066997058     
 v_perp_2=    16799103.73927407     
 b_n=  -1.2464683136660526E-004   0.2136865835832106      
   0.9274731227671474     
 b_para_n=    1.027643281059542     
 dxdt=   0.7864619759990575        -371.4050082583506      
   -1614.714639574659     
 dudt=    691245.9874815759     
 ---------------------
 rk4
 istep=     10000001
 grad_b=   0.1751246867995002        0.1831381293465846      
  -0.1377804467451442     
 bsub=  -3.5928095631073083E-002  -6.0720453612336495E-002 
    1.325938878419062     
 bsup=    0.000000000000000       -0.4238165971287343      
   0.9333457967396989     
 b_abs=    1.124190879482702     
 g=  -1.8780484821312764E-002
 j=    0.000000000000000         636.9379128103317      
    197.3383157278816     
 v_perp_2=    18377387.22036798     
 b_n=   1.3164151969367294E-004  -0.4239441813697820      
   0.9333435236166013     
 b_para_n=    1.124190882437353     
 dxdt=   0.9938565658855329        -481.1889300342894      
    1057.554866805902     
 dudt=    1499310.274690453     
 ---------------------
 Particle has exited the domain at step      10090861  s =  
   8.3000000074847452E-002
 Elapsed time (seconds):     51.85248600000000     

real	0m51.863s
user	0m51.743s
sys	0m0.015s
>>> [PID 3626484] DONE  u=2000, v_perp=-4000, out=gc_grid/dat131.dat
