>>> [PID 3601676] START u=8500, v_perp=-10000, out=gc_grid/dat18.dat, dt=2e-09, steps=30000000
 outer boundary:   8.3000000000000462E-002
 rk4
 istep=            1
 grad_b=  -0.5028817637164722        4.9313574286455331E-003 
  -7.9820571321794764E-003
 bsub=   8.6925461864090850E-003   4.2252248845485160E-002 
    1.020727423250451     
 bsup=    0.000000000000000        0.5003031639139192      
   0.9181486726083687     
 b_abs=   0.9787596125795083     
 g=  -1.6418780674967909E-002
 j=    0.000000000000000         576.0999856627958      
    59.08705514313300     
 v_perp_2=    99999991.37174784     
 b_n=   3.0364345548106438E-005   0.5032048417551245      
   0.9180283107075428     
 b_para_n=   0.9787596224540519     
 dxdt=   0.4461879395389893         4387.501912691326      
    7971.858336952811     
 dudt=    253741.7384230794     
 ---------------------
 rk4
 istep=      1000001
 grad_b=   0.6410543458355813       -0.1132532239350308      
   0.1723229644601618     
 bsub=   4.5316617261363296E-002  -7.0780049540052140E-003 
    1.362518831529453     
 bsup=    0.000000000000000       -8.2172281452267459E-002 
   0.9852725222983258     
 b_abs=    1.158846115005371     
 g=  -1.4377008267823899E-002
 j=    0.000000000000000        -356.0169494686817      
    108.1540902075160     
 v_perp_2=    118399316.2067152     
 b_n=  -6.0872150210873155E-004  -8.5614296668060419E-002 
   0.9852748966332258     
 b_para_n=    1.158846125772489     
 dxdt=   -8.092238859946224        -566.1069010244918      
    6239.192738505036     
 dudt=   -7894805.498359174     
 ---------------------
 rk4
 istep=      2000001
 grad_b=   0.8434117336824610       -2.0905559510771176E-002 
   0.1620472763195289     
 bsub=   5.1889048691223766E-002   6.4742553628168276E-002 
    1.469830067458173     
 bsup=    0.000000000000000       -0.2812287711310174      
    1.055586870127841     
 b_abs=    1.238450953777941     
 g=  -1.0307884316200104E-002
 j=    0.000000000000000         900.4063441691130      
   -264.3711344732602     
 v_perp_2=    126532406.1126600     
 b_n=  -1.8442004468125945E-004  -0.2867375689397048      
    1.055836014107327     
 b_para_n=    1.238450934636239     
 dxdt=   -2.400209642294890        -1607.100831666298      
    5766.352040385788     
 dudt=   -7298360.595250300     
 ---------------------
 rk4
 istep=      3000001
 grad_b=   0.8491553221864552        1.5808013479344154E-002 
   0.1618244503762149     
 bsub=   2.7141785451499183E-002   8.4702326342066953E-002 
    1.416468526332165     
 bsup=    0.000000000000000       -0.2762254882190902      
    1.092848878967332     
 b_abs=    1.234582440144516     
 g=  -8.8574876333796428E-003
 j=    0.000000000000000         1058.972703861524      
   -10.55896148207135     
 v_perp_2=    126137027.4985724     
 b_n=   4.5699280205886411E-005  -0.2825315356245049      
    1.093225097654731     
 b_para_n=    1.234582444522122     
 dxdt=   0.5951498380945044        -1601.466190875425      
    6015.966630282790     
 dudt=   -7137042.251749845     
 ---------------------
 rk4
 istep=      4000001
 grad_b=   0.8191641375218286        3.3725776010538625E-002 
   0.1605309135411129     
 bsub=   5.2098836140118711E-003   8.5268440878748797E-002 
    1.340673754484644     
 bsup=    0.000000000000000       -0.2632921110056902      
    1.116411153027188     
 b_abs=    1.213959229186354     
 g=  -8.4929102986930384E-003
 j=    0.000000000000000        -537.7810084152211      
    257.1726061350980     
 v_perp_2=    124029826.8801432     
 b_n=   1.8299081316924630E-004  -0.2696617086336018      
    1.116815572652384     
 b_para_n=    1.213959247703764     
 dxdt=    2.392931418253452        -1589.373835168284      
    6391.369638099503     
 dudt=   -7168045.385356996     
 ---------------------
 rk4
 istep=      5000001
 grad_b=   0.6834440640135410        6.0597451657069042E-002 
   0.1608643274478805     
 bsub=  -1.6259903497719261E-002   8.0057490101820103E-002 
    1.272686202858502     
 bsup=    0.000000000000000       -0.3376010685254975      
    1.131053279983104     
 b_abs=    1.188703148810763     
 g=  -8.3510350454537152E-003
 j=    0.000000000000000        -478.2480190867911      
    20.10476460209729     
 v_perp_2=    121449291.8430132     
 b_n=   4.0594852849582132E-004  -0.3431139096205095      
    1.131405247265519     
 b_para_n=    1.188703147968578     
 dxdt=    5.343624113796836        -2096.822225997109      
    6786.426105885125     
 dudt=   -6939987.429299768     
 ---------------------
 rk4
 istep=      6000001
 grad_b=   0.3702957906415912        0.1018746444900968      
   0.1787860325219015     
 bsub=  -4.5653117022447218E-002   5.6600714036130539E-002 
    1.214105783228210     
 bsup=    0.000000000000000       -0.5611568167157034      
    1.122984749519029     
 b_abs=    1.154708339021958     
 g=  -8.2414530881062369E-003
 j=    0.000000000000000         1161.701692458446      
   -151.8828483321485     
 v_perp_2=    117975934.2951996     
 b_n=   7.9652064166962986E-004  -0.5643671510617907      
    1.123164355709655     
 b_para_n=    1.154708330403674     
 dxdt=    10.60504586690439        -3622.950625961472      
    7167.086902651002     
 dudt=   -6353188.531832194     
 ---------------------
 rk4
 istep=      7000001
 grad_b=  -0.6909259657798001        0.1414713727957865      
   0.1893213060974770     
 bsub=  -4.6235724667003777E-002  -5.9359900799679149E-002 
    1.129382357735828     
 bsup=    0.000000000000000       -0.6410764989784592      
   0.9715298009893427     
 b_abs=    1.065716602110571     
 g=  -1.3025776808940934E-002
 j=    0.000000000000000         808.4294132584794      
   -838.3980661492792     
 v_perp_2=    108883600.6812181     
 b_n=   9.6265106183835282E-004  -0.6367331976237428      
   0.9717974066532480     
 b_para_n=    1.065716510443274     
 dxdt=    13.36820023790025        -4728.165687488627      
    7260.496574558026     
 dudt=   -4469287.161602098     
 ---------------------
 rk4
 istep=      8000001
 grad_b=   -1.241490543087161        2.2940142214892569E-002 
   0.1417183732188218     
 bsub=  -1.7323667076560079E-002  -8.1240122156537906E-002 
    1.156936320834044     
 bsup=    0.000000000000000       -0.7549386472398357      
   0.8879734887607194     
 b_abs=    1.043271009134240     
 g=  -1.8346221006535837E-002
 j=    0.000000000000000        -554.2934945308409      
   -166.2736802231513     
 v_perp_2=    106590245.9227230     
 b_n=   1.6154732515671796E-004  -0.7488515391717809      
   0.8884033317364135     
 b_para_n=    1.043270994713949     
 dxdt=    2.273185883653372        -5777.943434678058      
    6902.925754846757     
 dudt=   -5313948.242473178     
 ---------------------
 rk4
 istep=      9000001
 grad_b=   -1.254181569367563       -1.9887967427645700E-002 
   0.1208133869255896     
 bsub=  -9.1480361073859751E-003  -7.8179989044092055E-002 
    1.159762948782550     
 bsup=    0.000000000000000       -0.7241460991638483      
   0.8886827855891496     
 b_abs=    1.042607303297745     
 g=  -1.9114992343878961E-002
 j=    0.000000000000000        -386.0668470208611      
   -467.5219915833091     
 v_perp_2=    106522325.0525874     
 b_n=  -5.5595088052771480E-005  -0.7182134107243020      
   0.8890822263447318     
 b_para_n=    1.042607253094016     
 dxdt=  -0.7826136421446789        -5547.408126553838      
    6915.975091292510     
 dudt=   -5966181.008260563     
 ---------------------
 rk4
 istep=     10000001
 grad_b=   -1.173952011535324       -2.6101382423616582E-002 
   9.9248738777893503E-002
 bsub=  -7.1127957613023943E-004  -7.1461727241803788E-002 
    1.127794599213648     
 bsup=    0.000000000000000       -0.6667328034790914      
   0.8985053134958794     
 b_abs=    1.029881047831114     
 g=  -1.9030525078278140E-002
 j=    0.000000000000000         382.8402962654112      
   -490.1477921774086     
 v_perp_2=    105221983.2579086     
 b_n=  -9.4813585460135858E-005  -0.6611150847592017      
   0.8988611618168021     
 b_para_n=    1.029880988960783     
 dxdt=   -1.345326926160585        -5220.498082520879      
    7147.739373367945     
 dudt=   -5286520.397988583     
 ---------------------
 rk4
 istep=     11000001
 grad_b=   -1.054058402251930       -2.7471274985924089E-002 
   7.6558564591449815E-002
 bsub=   7.8534937962634645E-003  -6.3414418856996640E-002 
    1.093493081398527     
 bsup=    0.000000000000000       -0.6019982103551035      
   0.9091771753199046     
 b_abs=    1.016000696624247     
 g=  -1.8990240341111780E-002
 j=    0.000000000000000         1141.940465212616      
   -586.5281924281168     
 v_perp_2=    103803730.3538374     
 b_n=  -1.1119625876223505E-004  -0.5969064205493924      
   0.9094731897765740     
 b_para_n=    1.016000621417372     
 dxdt=   -1.592063608262927        -4829.130278148038      
    7407.608398484249     
 dudt=   -4331259.118052446     
 ---------------------
 rk4
 istep=     12000001
 grad_b=  -0.9403185291574175       -3.8881607370594692E-002 
   6.4193850678954806E-002
 bsub=   1.3622948818760895E-002  -5.4242928285665452E-002 
    1.084189086869861     
 bsup=    0.000000000000000       -0.5615009974189189      
   0.9107763151460954     
 b_abs=    1.009029516205461     
 g=  -1.9282476765464913E-002
 j=    0.000000000000000         719.3760541396833      
   -268.3167745420950     
 v_perp_2=    103091381.4864880     
 b_n=  -1.7137850058022224E-004  -0.5569792228833838      
   0.9110046638982279     
 b_para_n=    1.009029480778019     
 dxdt=   -2.465198306595437        -4562.706283194644      
    7509.673189629625     
 dudt=   -4065279.593034658     
 ---------------------
 rk4
 istep=     13000001
 grad_b=  -0.7823129697549510       -0.1272772631948197      
   9.6515068715367580E-002
 bsub=   1.0425915851252958E-002  -7.2867450879662107E-002 
    1.189996540706266     
 bsup=    0.000000000000000       -0.6348422954556046      
   0.8901695134439017     
 b_abs=    1.051482875215194     
 g=  -2.0451230837931270E-002
 j=    0.000000000000000         811.3096589632537      
    34.77469227278662     
 v_perp_2=    107428675.4691714     
 b_n=  -5.3799592439664754E-004  -0.6313706359126270      
   0.8903868067613596     
 b_para_n=    1.051482873517248     
 dxdt=   -7.532972543409285        -4812.356831368189      
    6819.040646192108     
 dudt=   -8099559.957063207     
 ---------------------
 rk4
 istep=     14000001
 grad_b=   4.3095553882493989E-002  -8.8273807134385554E-002 
   2.7806062461791889E-002
 bsub=   9.9470315037215512E-002  -0.1151590053665458      
    1.650350699909297     
 bsup=    0.000000000000000        -1.185104507803652      
   0.9692088344673750     
 b_abs=    1.317733791883777     
 g=  -1.6649440251399292E-002
 j=    0.000000000000000        -369.0096934744928      
   -178.8910023974354     
 v_perp_2=    134631027.1602757     
 b_n=  -3.1622826139017426E-004   -1.185256244935335      
   0.9692172968884357     
 b_para_n=    1.317733780147642     
 dxdt=   -4.105702875318886        -5518.073763623516      
    4511.321075838196     
 dudt=   -5100292.002468669     
 ---------------------
 rk4
 istep=     15000001
 grad_b=   0.2035123847381343       -7.2939064861433256E-002 
  -4.4177036056645233E-002
 bsub=   8.0331402130075946E-002   0.1260227980576167      
    1.973386798225076     
 bsup=    0.000000000000000        -1.102285530224860      
    1.057179464494401     
 b_abs=    1.395484669456892     
 g=  -1.1372105866529833E-002
 j=    0.000000000000000        -502.7300398505153      
   -262.0037163551442     
 v_perp_2=    142574587.2112004     
 b_n=  -3.5607762668654809E-004   -1.103328179754300      
    1.057260529210714     
 b_para_n=    1.395484648112955     
 dxdt=   -4.729139935766142        -4316.808576811284      
    4127.958653373722     
 dudt=   -1233525.860494278     
 ---------------------
 rk4
 istep=     16000001
 grad_b=   0.5081474082136219       -2.1943766116953069E-003 
   5.4132620429642661E-002
 bsub=   3.7019096512345265E-002   0.1754507359414908      
    2.076472317442930     
 bsup=    0.000000000000000        -1.240112240989790      
    1.071991059585847     
 b_abs=    1.417816453840500     
 g=  -8.5117297272835676E-003
 j=    0.000000000000000         267.5767240243246      
   -18.09929998180458     
 v_perp_2=    144856042.1212177     
 b_n=  -4.4975000318239639E-005   -1.243482432303157      
    1.072276624642275     
 b_para_n=    1.417816454161014     
 dxdt=  -0.6049922993814244        -4623.256930627568      
    3961.137420567372     
 dudt=   -2188868.097520696     
 ---------------------
 rk4
 istep=     17000001
 grad_b=   0.4884388676965009        4.9399779291929458E-002 
   0.1524956173393538     
 bsub=   7.9297284219634438E-003   0.1811628240699466      
    2.080145065214293     
 bsup=    0.000000000000000        -1.341948808290094      
    1.069228029516292     
 b_abs=    1.407286694449166     
 g=  -7.6191051720711171E-003
 j=    0.000000000000000         338.7667680127527      
   -97.64836164345780     
 v_perp_2=    143780081.6609124     
 b_n=   2.7793697870815223E-004   -1.345702901807603      
    1.069553915996297     
 b_para_n=    1.407286689428518     
 dxdt=    3.714761666226544        -5138.168132979625      
    4058.328806887658     
 dudt=   -3512383.720222584     
 ---------------------
 rk4
 istep=     18000001
 grad_b=   0.4333763179659200        6.9078913095656447E-002 
   0.2112220834778100     
 bsub=  -1.5367084796665270E-002   0.1715406924573608      
    2.024239128088003     
 bsup=    0.000000000000000        -1.430996618487014      
    1.069977380979791     
 b_abs=    1.385352651414503     
 g=  -7.5998331783211498E-003
 j=    0.000000000000000        -626.3387348841748      
    454.7824220701877     
 v_perp_2=    141538967.3055868     
 b_n=   4.1178894962385417E-004   -1.434496504487081      
    1.070277120085519     
 b_para_n=    1.385352682281987     
 dxdt=    5.443140867795553        -5770.602779475224      
    4284.136135975466     
 dudt=   -4688623.356126853     
 ---------------------
 rk4
 istep=     19000001
 grad_b=   0.4145117171531806        7.4026208644054819E-002 
   0.2236326995219971     
 bsub=  -4.0516713216322553E-002   0.1351235226368122      
    1.920824222170323     
 bsup=    0.000000000000000        -1.593198589191019      
    1.068912016189514     
 b_abs=    1.355129198255619     
 g=  -8.3666756316018893E-003
 j=    0.000000000000000        -719.0372479919137      
    251.6835220896580     
 v_perp_2=    138450944.1605512     
 b_n=   4.4325008609483966E-004   -1.596386298550954      
    1.069145621813331     
 b_para_n=    1.355129214332451     
 dxdt=    5.796371943789279        -6876.732001946563      
    4588.838105904954     
 dudt=   -4565276.391254840     
 ---------------------
 rk4
 istep=     20000001
 grad_b=  -0.3408319963504542        0.1496413459918349      
   0.2775303105191440     
 bsub=  -7.0020342683553533E-002   1.0645278738614520E-002 
    1.687220961851182     
 bsup=    0.000000000000000        -1.280448810514149      
   0.9834158471964524     
 b_abs=    1.283110819316686     
 g=  -1.4790052255212405E-002
 j=    0.000000000000000         318.7574499804498      
    97.08471068711893     
 v_perp_2=    131092837.5268349     
 b_n=   6.8775343001342725E-004   -1.278917336314805      
   0.9834347331347515     
 b_para_n=    1.283110827881701     
 dxdt=    8.915069004895903        -6382.223378423162      
    4917.194229345289     
 dudt=   -3237544.206755166     
 ---------------------
 rk4
 istep=     21000001
 grad_b=  -0.5437762864379162        3.8152212818462136E-003 
   3.4130248599840179E-002
 bsub=  -5.4936814253892220E-002  -0.2232132931100153      
    1.538312882377011     
 bsup=    0.000000000000000        -1.280331444078203      
   0.9114458687403352     
 b_abs=    1.299045388214592     
 g=  -1.8287420082407295E-002
 j=    0.000000000000000         171.8819442802611      
   -29.86590204075711     
 v_perp_2=    132720705.5043635     
 b_n=   2.8746224741778311E-005   -1.278552558938604      
   0.9117050128171308     
 b_para_n=    1.299045384085131     
 dxdt=   0.3726922906867914        -6173.596304574886      
    4414.654660519524     
 dudt=   -1031203.595103410     
 ---------------------
 rk4
 istep=     22000001
 grad_b=  -0.5138685255011755        0.1229406909110108      
  -9.5485104482071995E-002
 bsub=  -4.4676946022439218E-003  -0.2220499641309167      
    1.498367132767275     
 bsup=    0.000000000000000        -1.194003312488919      
   0.8991499992651169     
 b_abs=    1.269731701283953     
 g=  -1.7104351334567183E-002
 j=    0.000000000000000        -335.4435406620455      
   -176.9527273231637     
 v_perp_2=    129725650.2013242     
 b_n=   4.0326746180933254E-004   -1.192097455213790      
   0.8994336309156653     
 b_para_n=    1.269731691146024     
 dxdt=    5.230163824698758        -6107.426839196046      
    4621.520225593446     
 dudt=    9359879.484613504     
 ---------------------
 rk4
 istep=     23000001
 grad_b=  -0.6214684525447054        0.1133069163843693      
  -0.1020198177314714     
 bsub=   9.0241278458587371E-003  -0.2167298983197819      
    1.507742900133433     
 bsup=    0.000000000000000        -1.200171409276403      
   0.9001472536365556     
 b_abs=    1.271686903854301     
 g=  -1.7000009307811030E-002
 j=    0.000000000000000        -31.80892682448595      
   -302.6150262473642     
 v_perp_2=    129925270.3397172     
 b_n=   3.6819140074683310E-004   -1.197853998502597      
   0.9004781451782492     
 b_para_n=    1.271686880088706     
 dxdt=    4.774692577457865        -6109.832114958840      
    4609.299970633112     
 dudt=    9151599.241770066     
 ---------------------
 rk4
 istep=     24000001
 grad_b=  -0.6199601911889454        8.6876602404726680E-002 
  -8.2691894509089564E-002
 bsub=   1.4779086738598290E-002  -0.2215263044523604      
    1.522768802067817     
 bsup=    0.000000000000000        -1.239367536720733      
   0.9034428495477124     
 b_abs=    1.284667748456096     
 g=  -1.6831470076955023E-002
 j=    0.000000000000000         389.2096993182906      
   -275.5338112736881     
 v_perp_2=    131251352.3772978     
 b_n=   2.7484344147049551E-004   -1.237093918374067      
   0.9037709172049093     
 b_para_n=    1.284667722658248     
 dxdt=    3.562595113885483        -6147.763177526087      
    4507.176863567080     
 dudt=    7252181.313924862     
 ---------------------
 rk4
 istep=     25000001
 grad_b=  -0.6110105366250762        6.2964343209111345E-002 
  -6.2802805447904134E-002
 bsub=   2.1879610860856991E-002  -0.2263545861251348      
    1.528691478363674     
 bsup=    0.000000000000000        -1.261243399232387      
   0.9045860254182998     
 b_abs=    1.291710685323241     
 g=  -1.6904069654344937E-002
 j=    0.000000000000000         667.4955184130765      
   -175.0239399814843     
 v_perp_2=    131970769.0122281     
 b_n=   1.9311982468525932E-004   -1.259047800732967      
   0.9049083477236730     
 b_para_n=    1.291710664388592     
 dxdt=    2.503283188465083        -6168.436824974246      
    4448.701715840984     
 dudt=    5387298.279764076     
 ---------------------
 rk4
 istep=     26000001
 grad_b=  -0.7680127457591736        7.8626829385421051E-002 
  -9.4463851982086691E-002
 bsub=   4.2426323189768800E-002  -0.2169675430640670      
    1.522377595645896     
 bsup=    0.000000000000000        -1.237895269245373      
   0.9011969873632948     
 b_abs=    1.280875255698262     
 g=  -1.8069966927365327E-002
 j=    0.000000000000000         252.2883504478364      
   -123.4327845214646     
 v_perp_2=    130863598.3347517     
 b_n=   2.2520809209480204E-004   -1.235250081174947      
   0.9015676898652351     
 b_para_n=    1.280875243189879     
 dxdt=    2.919402428346763        -6183.068646840567      
    4531.088838848418     
 dudt=    7276943.553220621     
 ---------------------
 rk4
 istep=     27000001
 grad_b=   -1.038842127167443       -6.2310139309642548E-002 
  -0.2549035067932044     
 bsub=   6.4650931249417495E-002  -8.6618924161008068E-002 
    1.515422625486141     
 bsup=    0.000000000000000        -1.111129433396591      
   0.9083067553824066     
 b_abs=    1.213443923995815     
 g=  -1.9443513318001603E-002
 j=    0.000000000000000        -1163.957418814267      
   -41.20039209594666     
 v_perp_2=    123974184.2821318     
 b_n=  -2.9579722637272025E-004   -1.107174396236388      
   0.9085454396367599     
 b_para_n=    1.213443926376984     
 dxdt=   -3.868471398297161        -6310.510548702127      
    5204.011251392888     
 dudt=    6832351.179336044     
 ---------------------
 rk4
 istep=     28000001
 grad_b=   0.3941449297033786       -0.1036773814500804      
  -0.2340287093352869     
 bsub=   5.2566088755874832E-002   9.0198215276115656E-002 
    1.700101251677054     
 bsup=    0.000000000000000        -1.434100471175856      
    1.059078873223362     
 b_abs=    1.293359297185629     
 g=  -9.3114290342569093E-003
 j=    0.000000000000000         1652.499920454137      
    58.28049385559575     
 v_perp_2=    132138794.8617677     
 b_n=  -6.5998633234204710E-004   -1.437003091210254      
    1.059253286376912     
 b_para_n=    1.293359309536264     
 dxdt=   -8.555162865233191        -7060.150598574758      
    5188.373718340694     
 dudt=    3916943.733736389     
 ---------------------
 rk4
 istep=     29000001
 grad_b=   0.4791887250977933       -6.9499293882991087E-002 
  -0.1961899852004845     
 bsub=   2.2127571366623921E-002   0.1434827803274118      
    1.803124931927883     
 bsup=    0.000000000000000        -1.216724260082530      
    1.075870897223785     
 b_abs=    1.329075468641003     
 g=  -7.8379147552632665E-003
 j=    0.000000000000000        -1099.504929282100      
    157.2905432774882     
 v_perp_2=    135787675.3583739     
 b_n=  -4.4333621716754286E-004   -1.220686446985352      
    1.076191630997462     
 b_para_n=    1.329075474296852     
 dxdt=   -5.764740132388308        -5579.477673323290      
    4892.187280704340     
 dudt=    4862602.003673013     
 ---------------------
 Elapsed time (seconds):     162.0945280000000     

real	2m42.104s
user	2m41.833s
sys	0m0.011s
>>> [PID 3601676] DONE  u=8500, v_perp=-10000, out=gc_grid/dat18.dat
