>>> [PID 3635667] START u=5000, v_perp=-3000, out=gc_grid/dat158.dat, dt=2e-09, steps=30000000
 outer boundary:   8.3000000000000462E-002
 rk4
 istep=            1
 grad_b=  -0.5028821484029442        4.9317094210229520E-003 
  -7.9828076106398388E-003
 bsub=   8.6924480022863848E-003   4.2252304036845781E-002 
    1.020727209043315     
 bsup=    0.000000000000000        0.5003101542043671      
   0.9181486064370402     
 b_abs=   0.9787596473505338     
 g=  -1.6418745331667484E-002
 j=    0.000000000000000         576.0999459474906      
    59.09224885401074     
 v_perp_2=    8999999.543187758     
 b_n=   1.7862714277352576E-005   0.5020170279177919      
   0.9180778050205295     
 b_para_n=   0.9787596531594531     
 dxdt=   0.1076771141569759         2566.126735936913      
    4689.941322548343     
 dudt=    22839.00004672812     
 ---------------------
 rk4
 istep=      1000001
 grad_b=   -1.227368764002214       -9.1323669849605396E-004 
   0.2230826179956965     
 bsub=  -5.2831542183941822E-002  -0.1171313463258901      
    1.440976493350556     
 bsup=    0.000000000000000        -1.029426244047951      
   0.8807303485190658     
 b_abs=    1.178690378218873     
 g=  -2.0736500788896325E-002
 j=    0.000000000000000        -102.3658535550040      
   -476.6763556384682     
 v_perp_2=    10838420.43141010     
 b_n=   4.3365323677748465E-005   -1.026355999493286      
   0.8809814814907755     
 b_para_n=    1.178690347484571     
 dxdt=   0.2184906674184018        -4187.726510204413      
    3597.328574718724     
 dudt=   -770047.8604159226     
 ---------------------
 rk4
 istep=      2000001
 grad_b=   0.5679285259322284       -8.3286025467915581E-002 
  -0.1807030510975601     
 bsub=   3.1018721786176293E-002   9.3012866844727538E-002 
    1.383925230939249     
 bsup=    0.000000000000000       -0.6134641235891158      
    1.123826842171405     
 b_abs=    1.223502953182136     
 g=  -7.6926031065960455E-003
 j=    0.000000000000000        -1134.094345236253      
    303.3983938560664     
 v_perp_2=    11250480.39260169     
 b_n=  -4.2661113818474774E-004  -0.6168941623502131      
    1.124066946749207     
 b_para_n=    1.223502966351307     
 dxdt=   -2.074308397538329        -2408.177097560404      
    4382.240440214159     
 dudt=    571129.8877803754     
 ---------------------
 rk4
 istep=      3000001
 grad_b=   0.7718585224637207       -2.2158249882243960E-002 
   0.1676729544839373     
 bsub=   2.3095194579163161E-002   5.5635805151982978E-002 
    1.270502927654037     
 bsup=    0.000000000000000        0.3838200910872918      
    1.067023773215060     
 b_abs=    1.173358150952650     
 g=  -9.9941386369071517E-003
 j=    0.000000000000000        -1623.187568899516      
    8.469297503862752     
 v_perp_2=    10789377.57976467     
 b_n=  -1.3729079602111167E-004   0.3802421029165439      
    1.067182946965971     
 b_para_n=    1.173358147293226     
 dxdt=  -0.6947267410589978         1557.837538731522      
    4381.943082636426     
 dudt=   -667713.5694864677     
 ---------------------
 rk4
 istep=      4000001
 grad_b=  -0.5058421364800100       -2.9400034682501922E-002 
   2.6102439037836878E-002
 bsub=  -1.1181955095205049E-002  -0.2438716591450201      
    1.517665989234754     
 bsup=    0.000000000000000        -1.262403918763473      
   0.9005016650409270     
 b_abs=    1.294117162739277     
 g=  -1.6747518526758164E-002
 j=    0.000000000000000         719.5429546198004      
    27.96143142061158     
 v_perp_2=    11899787.39664284     
 b_n=  -6.7076659403286117E-005   -1.261058262522551      
   0.9007173982923400     
 b_para_n=    1.294117157829750     
 dxdt=  -0.3092673581361079        -4579.678615239844      
    3272.210135292018     
 dudt=   -215366.3569626957     
 ---------------------
 rk4
 istep=      5000001
 grad_b=   0.7277502022908199       -3.0510418047696334E-002 
  -0.1561930139090593     
 bsub=   9.6279902563845693E-004   7.7119844136952026E-002 
    1.251267647575671     
 bsup=    0.000000000000000       -2.2134447802603652E-002 
    1.119300478730625     
 b_abs=    1.182887128432079     
 g=  -8.7579774329050192E-003
 j=    0.000000000000000        -557.3117010111342      
    204.2126191945163     
 v_perp_2=    10876989.60586195     
 b_n=  -1.0727194737008984E-004  -2.5873279338636604E-002 
    1.119531007144018     
 b_para_n=    1.182887138034759     
 dxdt=  -0.5386440390065780        -108.7540732443037      
    4551.306003792630     
 dudt=    676893.0437530618     
 ---------------------
 rk4
 istep=      6000001
 grad_b=   0.7612673093768191        3.3283103246914809E-002 
   0.1603985362739978     
 bsub=   1.3291312177188670E-002   0.1052189333590376      
    1.447442331431973     
 bsup=    0.000000000000000       -0.3947745974588168      
    1.113357878224379     
 b_abs=    1.252996848768025     
 g=  -8.1965268586682051E-003
 j=    0.000000000000000         468.1976176456676      
   -102.1090821557968     
 v_perp_2=    11521661.73391484     
 b_n=   1.2063434380613499E-004  -0.3990134048685087      
    1.113664898749171     
 b_para_n=    1.252996844856253     
 dxdt=   0.5734436046110797        -1513.911194635242      
    4214.221312466850     
 dudt=   -607057.1636610380     
 ---------------------
 rk4
 istep=      7000001
 grad_b=  -0.9366512416511760        0.1366552424001642      
  -0.1434576856522956     
 bsub=   2.7891665917115352E-002  -0.1889073278952674      
    1.446319343293411     
 bsup=    0.000000000000000        -1.046018888057827      
   0.8800584676119967     
 b_abs=    1.212619072090530     
 g=  -1.8953525958574254E-002
 j=    0.000000000000000         347.1023906491732      
   -98.81000352598045     
 v_perp_2=    11150371.36126710     
 b_n=   3.0601382615395726E-004   -1.043595305182052      
   0.8803691089151015     
 b_para_n=    1.212619063180820     
 dxdt=    1.500634304021867        -4111.508023774337      
    3470.702322142516     
 dudt=    1020653.868619123     
 ---------------------
 rk4
 istep=      8000001
 grad_b=   0.5401852599941848        6.4746712497050010E-003 
  -0.1454465745198055     
 bsub=   4.5970059072158974E-003   5.1196301870097348E-002 
    1.116135520775897     
 bsup=    0.000000000000000        0.5058997731814814      
    1.069702065463877     
 b_abs=    1.104330244339104     
 g=  -1.1326951586110807E-002
 j=    0.000000000000000         633.8351066261043      
   -276.8996337465156     
 v_perp_2=    10154620.80835958     
 b_n=   5.4263102311690863E-005   0.5036676333375920      
    1.069804214150849     
 b_para_n=    1.104330229778667     
 dxdt=   0.2910330508591015         2225.036707514534      
    4730.600693601305     
 dudt=    634105.8923761060     
 ---------------------
 rk4
 istep=      9000001
 grad_b=   0.5376037796800153        7.5002799196697612E-002 
   0.1694269424606654     
 bsub=  -3.0577164057531303E-002   0.1165112279910410      
    1.589312640442635     
 bsup=    0.000000000000000       -0.9419547097968182      
    1.099461666813698     
 b_abs=    1.279918305804737     
 g=  -7.7354929269380108E-003
 j=    0.000000000000000         1199.371406248815      
   -83.80130247375696     
 v_perp_2=    11769194.61843294     
 b_n=   3.8715244799091567E-004  -0.9453005942144537      
    1.099714399619881     
 b_para_n=    1.279918306052713     
 dxdt=    1.803708734724581        -3485.555434180952      
    4051.367862569663     
 dudt=   -415354.9942129783     
 ---------------------
 rk4
 istep=     10000001
 grad_b=   -1.241762986800249       -4.7254832046683654E-002 
  -0.2157400518238007     
 bsub=   3.5582421932807994E-002  -8.6299352414589081E-002 
    1.295884069762984     
 bsup=    0.000000000000000       -0.9232294086784123      
   0.8731464780859259     
 b_abs=    1.100533564297154     
 g=  -1.9351729661758424E-002
 j=    0.000000000000000         1292.828934832495      
   -339.0944690316002     
 v_perp_2=    10119698.30810576     
 b_n=  -1.7417752802800120E-004  -0.9197361765430546      
   0.8733838675040139     
 b_para_n=    1.100533535071169     
 dxdt=  -0.9372810067254639        -4080.658583741345      
    3878.348241590305     
 dudt=    604695.7581632492     
 ---------------------
 rk4
 istep=     11000001
 grad_b=  -0.4695899479834195       -1.7146846965992332E-002 
   2.9540220121415342E-002
 bsub=  -4.8636082051800762E-004   4.2952895265286284E-002 
    1.015061816354148     
 bsup=    0.000000000000000        0.9175933002646196      
   0.9108764248737137     
 b_abs=   0.9817942738752956     
 g=  -1.4809955010659468E-002
 j=    0.000000000000000        -126.8275855367221      
   -103.9220545223226     
 v_perp_2=    9027855.822332295     
 b_n=  -6.8385770124276772E-005   0.9193388237132103      
   0.9108025220159131     
 b_para_n=   0.9817942663146046     
 dxdt=  -0.4109928334058441         4680.928976811685      
    4635.806293070103     
 dudt=   -52324.96716620035     
 ---------------------
 rk4
 istep=     12000001
 grad_b=   -1.294624180779653       -1.1862479659686950E-002 
   0.2038442248571465     
 bsub=  -4.0980766340218813E-002  -0.1096388477541877      
    1.364985427901076     
 bsup=    0.000000000000000       -0.9402891587588219      
   0.8684947233962976     
 b_abs=    1.135081812045147     
 g=  -2.0796699960185742E-002
 j=    0.000000000000000         1640.207228981095      
   -808.8439379980198     
 v_perp_2=    10437370.98509431     
 b_n=   1.1669121042298986E-005  -0.9369557743417544      
   0.8687627661521380     
 b_para_n=    1.135081748454704     
 dxdt=   6.0955043439157044E-002   -4003.699677597879      
    3715.485861158297     
 dudt=   -762266.5939604366     
 ---------------------
 rk4
 istep=     13000001
 grad_b=   0.6023947355443297       -7.2582034751763086E-002 
  -0.1669201036888509     
 bsub=   2.3447615951646940E-002   0.1115742082038869      
    1.499198367838324     
 bsup=    0.000000000000000       -0.7243237808945243      
    1.116232785624177     
 b_abs=    1.261930802680546     
 g=  -7.5824664936247083E-003
 j=    0.000000000000000        -651.4877323595013      
    179.4862534114513     
 v_perp_2=    11603774.47893492     
 b_n=  -3.6979831041732581E-004  -0.7280427651706340      
    1.116515352165314     
 b_para_n=    1.261930810353380     
 dxdt=   -1.746071712701778        -2733.902894625149      
    4187.405724740974     
 dudt=    487291.0483234519     
 ---------------------
 rk4
 istep=     14000001
 grad_b=   0.6864607127368820       -6.3658998865598199E-003 
   0.1537598843226921     
 bsub=   6.5108238927394785E-003   5.6651383397783556E-002 
    1.180824103253256     
 bsup=    0.000000000000000        0.4874131625855169      
    1.077466899897428     
 b_abs=    1.140386498244993     
 g=  -1.0263476281081971E-002
 j=    0.000000000000000         94.61980685118957      
   -256.7051261604112     
 v_perp_2=    10486137.70024652     
 b_n=  -6.1676148274817605E-005   0.4843361927567169      
    1.077614847008602     
 b_para_n=    1.140386483648946     
 dxdt=  -0.3207344714776396         2056.559139534683      
    4582.334478373573     
 dudt=   -655415.8465167102     
 ---------------------
 rk4
 istep=     15000001
 grad_b=  -0.6821705873992004       -0.1172864691949836      
   0.1051663304485211     
 bsub=  -2.0993921266419191E-002  -0.2248706617100423      
    1.495342764650553     
 bsup=    0.000000000000000        -1.184758335371724      
   0.8930321294269352     
 b_abs=    1.265628734027550     
 g=  -1.7519969308980331E-002
 j=    0.000000000000000         52.56382326481042      
   -303.8893495035709     
 v_perp_2=    11637765.95135419     
 b_n=  -2.6748090779588448E-004   -1.182964009230341      
   0.8932981907885279     
 b_para_n=    1.265628715932506     
 dxdt=   -1.259467468270196        -4418.260942559025      
    3337.961995457673     
 dudt=   -845951.7268093068     
 ---------------------
 rk4
 istep=     16000001
 grad_b=   0.7796395019894691       -2.8104142165419940E-002 
  -0.1607912607274524     
 bsub=  -9.8512815413711215E-003   8.8836563485250264E-002 
    1.348808286086849     
 bsup=    0.000000000000000       -0.1812565682268696      
    1.115563136008276     
 b_abs=    1.219687011448065     
 g=  -8.3798488439915421E-003
 j=    0.000000000000000        -287.1335498927425      
    348.7973857087879     
 v_perp_2=    11215315.53349086     
 b_n=  -9.4627899519538310E-005  -0.1854626320672820      
    1.115839485840684     
 b_para_n=    1.219687030217232     
 dxdt=  -0.4614775754282763        -729.8722140420787      
    4367.182070704101     
 dudt=    656945.8902515215     
 ---------------------
 rk4
 istep=     17000001
 grad_b=   0.7682340338174004        3.5890990230128331E-002 
   0.1614188063151942     
 bsub=   4.5152538925973262E-003   9.0587305646265520E-002 
    1.340998495124223     
 bsup=    0.000000000000000       -0.2255723293699244      
    1.122113425002369     
 b_abs=    1.218088239459900     
 g=  -8.2643077310210738E-003
 j=    0.000000000000000        -462.9074323689808      
    230.2593875570180     
 v_perp_2=    11200607.54903066     
 b_n=   1.3650014377386796E-004  -0.2297661612336925      
    1.122396277927882     
 b_para_n=    1.218088250749220     
 dxdt=   0.6665094583826598        -904.7148689571409      
    4400.033493308559     
 dudt=   -653108.7986584520     
 ---------------------
 rk4
 istep=     18000001
 grad_b=  -0.7234200581006178        0.1192510336620441      
  -0.1106120947566133     
 bsub=   2.4696477607123395E-002  -0.2218494806529975      
    1.493357587829177     
 bsup=    0.000000000000000        -1.177045406385032      
   0.8919715431493260     
 b_abs=    1.262222416446463     
 g=  -1.7738771961126033E-002
 j=    0.000000000000000         26.29470853062060      
   -307.0239250952410     
 v_perp_2=    11606426.40436278     
 b_n=   2.6896702361508309E-004   -1.175157771939797      
   0.8922475020363366     
 b_para_n=    1.262222398315414     
 dxdt=    1.269700234610190        -4403.937822715384      
    3345.383955956620     
 dudt=    870650.4476817616     
 ---------------------
 rk4
 istep=     19000001
 grad_b=   0.6765231834417252        2.7178357847187286E-002 
  -0.1591209784438125     
 bsub=  -1.1836648592099805E-002   4.9576394641445934E-002 
    1.187617721691601     
 bsup=    0.000000000000000        0.6016231102537766      
    1.060496920152341     
 b_abs=    1.135795039998213     
 g=  -1.0523301061399044E-002
 j=    0.000000000000000        -180.2417191484922      
   -34.90874081113603     
 v_perp_2=    10443892.74015667     
 b_n=   1.5022990344306202E-004   0.5986250676815341      
    1.060623566569418     
 b_para_n=    1.135795037505704     
 dxdt=   0.7842710203329314         2555.196251373738      
    4532.361725952933     
 dudt=    616889.0336419699     
 ---------------------
 rk4
 istep=     20000001
 grad_b=   0.5273811408295722        9.4068088478090367E-002 
   0.1823461430397794     
 bsub=  -3.7422298924818527E-002   9.6187947973164850E-002 
    1.465122367932977     
 bsup=    0.000000000000000       -0.7736948595237123      
    1.106994202535613     
 b_abs=    1.243259436370724     
 g=  -7.8927823995149533E-003
 j=    0.000000000000000        -363.7559769911281      
   -68.23601866147443     
 v_perp_2=    11432045.63996555     
 b_n=   4.8999159315989247E-004  -0.7768703325870078      
    1.107215188903124     
 b_para_n=    1.243259430917620     
 dxdt=    2.346503344994223        -2971.544625515901      
    4230.954199056760     
 dudt=   -477327.0072282082     
 ---------------------
 rk4
 istep=     21000001
 grad_b=   -1.144443221920268       -7.1951974909417862E-002 
  -0.2542632383998584     
 bsub=   4.7642862837961167E-002  -8.1891896201423647E-002 
    1.389768990249550     
 bsup=    0.000000000000000        -1.015898941769654      
   0.8853008376532218     
 b_abs=    1.145899842053557     
 g=  -1.9323570758103040E-002
 j=    0.000000000000000         355.0186183669238      
    42.74952808731653     
 v_perp_2=    10536797.59543574     
 b_n=  -2.4129237558057567E-004   -1.012746634339278      
   0.8854948598110818     
 b_para_n=    1.145899843524871     
 dxdt=   -1.249002232325934        -4278.033254460610      
    3743.297929355044     
 dudt=    609873.0779548724     
 ---------------------
 rk4
 istep=     22000001
 grad_b=  -0.4250994911910639       -3.7004532902639581E-002 
   6.2842472527557564E-002
 bsub=  -7.8188030258077197E-003   3.9763151082473566E-002 
    1.024058731138941     
 bsup=    0.000000000000000        0.6836620631800678      
   0.9293085590327705     
 b_abs=   0.9893980445571375     
 g=  -1.4937592732153431E-002
 j=    0.000000000000000        -188.5461672717857      
    298.1070022157734     
 v_perp_2=    9097726.142117148     
 b_n=  -1.4421355777670907E-004   0.6852145027318480      
   0.9292471975901868     
 b_para_n=   0.9893980645135270     
 dxdt=  -0.8602359229717894         3457.440325589454      
    4686.778896621887     
 dudt=   -153818.1775610063     
 ---------------------
 rk4
 istep=     23000001
 grad_b=   -1.311665576457994       -1.4705376576808253E-002 
   0.1780298011022011     
 bsub=  -2.9307999547234793E-002  -9.8583204480351877E-002 
    1.285132128827001     
 bsup=    0.000000000000000       -0.8612535979501179      
   0.8645908758458800     
 b_abs=    1.093794675441014     
 g=  -2.0429581431087265E-002
 j=    0.000000000000000         1579.154647528909      
   -802.8264921015316     
 v_perp_2=    10057671.93737726     
 b_n=  -2.8223488783628343E-006  -0.8577340691953331      
   0.8648607421618636     
 b_para_n=    1.093794611596903     
 dxdt=  -1.5277685697759204E-002   -3833.766171305162      
    3869.207853325498     
 dudt=   -700227.2509431619     
 ---------------------
 rk4
 istep=     24000001
 grad_b=   0.5539525470547677       -6.6042132561254935E-002 
  -0.1577091314081973     
 bsub=   1.8700515779636852E-002   0.1282995447447361      
    1.619480372868104     
 bsup=    0.000000000000000       -0.8884101264875455      
    1.101609680349946     
 b_abs=    1.292952256677271     
 g=  -7.5703147053198631E-003
 j=    0.000000000000000         786.9895263628429      
    202.7529426222516     
 v_perp_2=    11888961.55852862     
 b_n=  -3.3708620847771003E-004  -0.8919087003600468      
    1.101890751769618     
 b_para_n=    1.292952272552934     
 dxdt=   -1.555508149121773        -3247.134172903414      
    4007.655616247675     
 dudt=    409146.5603188931     
 ---------------------
 rk4
 istep=     25000001
 grad_b=   0.5290265553980615        5.1427703121019394E-003 
   0.1412785918894604     
 bsub=  -9.3291076432512679E-003   5.2756729364967780E-002 
    1.109181258290306     
 bsup=    0.000000000000000        0.4086212682456591      
    1.082090567381351     
 b_abs=    1.105012721722585     
 g=  -1.1209495617199167E-002
 j=    0.000000000000000         286.7456562428947      
   -313.9447273846939     
 v_perp_2=    10160813.17556653     
 b_n=  -6.5274580941026337E-006   0.4064265811997187      
    1.082194882402561     
 b_para_n=    1.105012704212670     
 dxdt=  -3.4988328141543609E-002    1793.744065037643      
    4781.815838883884     
 dudt=   -644811.1371784826     
 ---------------------
 rk4
 istep=     26000001
 grad_b=  -0.8991351402971344       -0.1403210743458140      
   0.1405548151154388     
 bsub=  -2.5349153486164497E-002  -0.1920481738857128      
    1.448158791651293     
 bsup=    0.000000000000000        -1.051319014197241      
   0.8811188463337691     
 b_abs=    1.215651545822115     
 g=  -1.8748389349138039E-002
 j=    0.000000000000000         322.3078408255448      
   -124.9615944029903     
 v_perp_2=    11178154.33809732     
 b_n=  -3.1785554397597312E-004   -1.048976706929504      
   0.8814238998404731     
 b_para_n=    1.215651535501048     
 dxdt=   -1.555000368705500        -4119.974872209296      
    3464.079977841277     
 dudt=   -1026311.757692697     
 ---------------------
 rk4
 istep=     27000001
 grad_b=   0.7614750085603168       -2.6523145623983991E-002 
  -0.1601837727866007     
 bsub=  -1.9738187115873905E-002   0.1029839499947205      
    1.458510524742566     
 bsup=    0.000000000000000       -0.3796914743782031      
    1.106115546201014     
 b_abs=    1.254638086543491     
 g=  -8.3506917046162563E-003
 j=    0.000000000000000         746.2502488607445      
   -23.52153663140440     
 v_perp_2=    11536637.84743039     
 b_n=  -8.3693395553587497E-005  -0.3838687935461927      
    1.106409371290398     
 b_para_n=    1.254638088227558     
 dxdt=  -0.3973490414005054        -1454.164819727803      
    4179.885380272422     
 dudt=    612376.0423662335     
 ---------------------
 rk4
 istep=     28000001
 grad_b=   0.7031850467685663        3.9716894717175828E-002 
   0.1560671794135255     
 bsub=  -5.7772463858152615E-003   7.7904768634982205E-002 
    1.244174855985799     
 bsup=    0.000000000000000       -8.9595513702793783E-002 
    1.125352271080537     
 b_abs=    1.180665723635452     
 g=  -8.6614918565791794E-003
 j=    0.000000000000000        -273.6559703874480      
    65.30581166157808     
 v_perp_2=    10856441.12525946     
 b_n=   1.5529789959864735E-004  -9.3246120122518913E-002 
    1.125581579727757     
 b_para_n=    1.180665726354592     
 dxdt=   0.7811973207567485        -383.4322003054954      
    4586.546948201962     
 dudt=   -670059.7261333513     
 ---------------------
 rk4
 istep=     29000001
 grad_b=  -0.5236926679917484        3.8071961078684373E-002 
  -3.4561754120578977E-002
 bsub=   1.6202864219304110E-002  -0.2428538013986705      
    1.516964487129306     
 bsup=    0.000000000000000        -1.260074970666511      
   0.9001618472050297     
 b_abs=    1.292968351220880     
 g=  -1.6890553670485108E-002
 j=    0.000000000000000         691.8343306910534      
   -3.735985565992223     
 v_perp_2=    11889079.22363320     
 b_n=   8.5992083556631109E-005   -1.258691926008088      
   0.9003823375551951     
 b_para_n=    1.292968344798609     
 dxdt=   0.3968118253458885        -4576.217489004210      
    3274.696690699949     
 dudt=    281212.8037261872     
 ---------------------
 Elapsed time (seconds):     154.7674370000000     

real	2m34.778s
user	2m34.495s
sys	0m0.019s
>>> [PID 3635667] DONE  u=5000, v_perp=-3000, out=gc_grid/dat158.dat
