>>> [PID 3631826] START u=10000, v_perp=-4000, out=gc_grid/dat147.dat, dt=2e-09, steps=30000000
 outer boundary:   8.3000000000000462E-002
 rk4
 istep=            1
 grad_b=  -0.5028816126575368        4.9312019970571552E-003 
  -7.9817307820579664E-003
 bsub=   8.6925876489161447E-003   4.2252225440415452E-002 
    1.020727515325541     
 bsup=    0.000000000000000        0.5003001872908391      
   0.9181486997852174     
 b_abs=   0.9787595976787117     
 g=  -1.6418795803680570E-002
 j=    0.000000000000000         576.0999644622773      
    59.08476819905400     
 v_perp_2=    15999998.37589302     
 b_n=   3.5721580618263096E-005   0.5037139220090188      
   0.9180070978104851     
 b_para_n=   0.9787596092955000     
 dxdt=   0.3941652982836630         5149.242100898043      
    9379.175108514992     
 dudt=    40596.95082581473     
 ---------------------
 rk4
 istep=      1000001
 grad_b=   0.4977106445157145       -8.3671493089625959E-002 
  -0.1713049801027261     
 bsub=   3.4370898909767675E-002   7.3376895583889434E-002 
    1.249247401330550     
 bsup=    0.000000000000000       -0.4933194682612514      
    1.132044372686861     
 b_abs=    1.174457036859329     
 g=  -8.0535511734810567E-003
 j=    0.000000000000000         625.1285414679983      
    222.0000687861090     
 v_perp_2=    19199072.03147093     
 b_n=  -8.5203461671419338E-004  -0.4991349809901465      
    1.132409428527748     
 b_para_n=    1.174457067166623     
 dxdt=   -7.845559872501643        -4186.220819914146      
    9486.805008306786     
 dudt=    1062351.422656961     
 ---------------------
 rk4
 istep=      2000001
 grad_b=  -0.9073372756889214        0.1437036102424689      
  -0.1398740680402082     
 bsub=   1.8248462579726336E-002  -0.1728133941578170      
    1.416198368080168     
 bsup=    0.000000000000000       -0.9774646453434639      
   0.8802910630997213     
 b_abs=    1.189691805837407     
 g=  -1.8898158990334174E-002
 j=    0.000000000000000         393.0263488951866      
    19.70656097195497     
 v_perp_2=    19448076.42748542     
 b_n=   6.8923499345933720E-004  -0.9725360688746907      
   0.8808835946428681     
 b_para_n=    1.189691802185615     
 dxdt=    6.265959366681415        -8028.418420478733      
    7276.020910421434     
 dudt=    1810992.385181433     
 ---------------------
 rk4
 istep=      3000001
 grad_b=   0.5033643058106726        7.6204266611369254E-002 
   0.2091585649820655     
 bsub=   3.0172888499896680E-003   0.1706730436487529      
    1.936228869615947     
 bsup=    0.000000000000000        -1.151755338969180      
    1.072407071394624     
 b_abs=    1.370369221833971     
 g=  -7.7323503663790415E-003
 j=    0.000000000000000        -861.9775094994807      
    308.9187251670411     
 v_perp_2=    22401591.70373465     
 b_n=   7.7962269500987398E-004   -1.158544355292551      
    1.073004310497201     
 b_para_n=    1.370369252380517     
 dxdt=    6.162693306244361        -8184.906659799815      
    7575.774130814898     
 dudt=   -814357.9204554019     
 ---------------------
 rk4
 istep=      4000001
 grad_b=  -0.5675161138290534        2.5676347848849340E-003 
   1.0195188544326328E-004
 bsub=   3.0317888200873444E-002  -3.0754405138328174E-002 
   0.9770169216221076     
 bsup=    0.000000000000000       -0.3087988147258616      
   0.9804591033832858     
 b_abs=   0.9833714233155590     
 g=  -1.7570660859373428E-002
 j=    0.000000000000000        -5.665984621163489      
   -76.31798337651057     
 v_perp_2=    16075261.78277457     
 b_n=   1.5459216390782966E-005  -0.3053861606216128      
   0.9805660365516168     
 b_para_n=   0.9833714132062733     
 dxdt=   0.1697875314371873        -3101.542463779201      
    9967.806234176067     
 dudt=    5759.407814368002     
 ---------------------
 rk4
 istep=      5000001
 grad_b=  -0.7423679769412728       -1.6890205921838153E-002 
  -1.6017152823720751E-002
 bsub=   7.7392202479108583E-003  -9.6068051383468717E-002 
   0.8293762357812207     
 bsup=    0.000000000000000       -0.4188160024750155      
    1.120603608617066     
 b_abs=   0.9840521876936595     
 g=  -1.0467685354501835E-002
 j=    0.000000000000000        -456.7645989529618      
    73.06843019661038     
 v_perp_2=    16086356.21894064     
 b_n=  -1.6038749578833617E-004  -0.4124656022848493      
    1.121340699664162     
 b_para_n=   0.9840522018719108     
 dxdt=   -1.760313698371710        -4184.498225606634      
    11390.81574770400     
 dudt=    90327.58730605384     
 ---------------------
 rk4
 istep=      6000001
 grad_b=  -0.9148338425482632        0.1263530665745813      
  -0.1104460303420355     
 bsub=  -2.3645455436400531E-003  -9.3265130774152730E-002 
    1.223459842114396     
 bsup=    0.000000000000000       -0.7065374273506954      
   0.8812164793878988     
 b_abs=    1.069514464426655     
 g=  -2.0330268218712314E-002
 j=    0.000000000000000         1.463379856449137      
    59.38092176011050     
 v_perp_2=    17483379.31209495     
 b_n=   6.4426176988620408E-004  -0.7015386014012669      
   0.8815987954828397     
 b_para_n=    1.069514472698602     
 dxdt=    6.509565603169039        -6506.463247624277      
    8181.930508757313     
 dudt=    1426051.394667521     
 ---------------------
 rk4
 istep=      7000001
 grad_b=   0.4327075433261093       -1.6427173709020526E-002 
  -2.4815311500591505E-002
 bsub=   2.5578189632035540E-002   0.1797770801273570      
    2.130274226402121     
 bsup=    0.000000000000000        -1.446433275160237      
    1.074610272175274     
 b_abs=    1.424909572576314     
 g=  -7.7702371476523523E-003
 j=    0.000000000000000         603.4964203013293      
    60.89037367200164     
 v_perp_2=    23292988.25723632     
 b_n=  -1.9494656557598821E-004   -1.452322644629713      
    1.075109635672626     
 b_para_n=    1.424909587426926     
 dxdt=   -1.482787902821292        -9818.683971521132      
    7265.191686537039     
 dudt=    16669.12985821465     
 ---------------------
 rk4
 istep=      8000001
 grad_b=   -1.054627350344775       -2.3506406307341063E-002 
   7.5763378004607709E-002
 bsub=   6.7296647071955632E-003  -6.6604716002800365E-002 
    1.087779429241577     
 bsup=    0.000000000000000       -0.6062201445366063      
   0.9049628591512721     
 b_abs=    1.012237804110129     
 g=  -1.9104114094884887E-002
 j=    0.000000000000000         1155.883651864877      
   -710.7837399369851     
 v_perp_2=    16547014.97781592     
 b_n=  -1.0938722030834092E-004  -0.6001028865620807      
   0.9053379942626533     
 b_para_n=    1.012237695329289     
 dxdt=   -1.167340719132386        -5907.227361051362      
    8919.738568584333     
 dudt=   -668687.1051444771     
 ---------------------
 rk4
 istep=      9000001
 grad_b=   9.0165968111868389E-002   5.0562437925288722E-002 
   0.1009249114612814     
 bsub=  -4.0270090985082233E-002   1.0756701124512595E-002 
   0.9762182022356463     
 bsup=    0.000000000000000        5.2610602838261133E-002 
    1.127125679936405     
 b_abs=    1.049524146166135     
 g=  -1.1248570998504515E-002
 j=    0.000000000000000         399.7820060445717      
   -24.59191514354613     
 v_perp_2=    17156493.83342705     
 b_n=   4.0523292939166275E-004   5.1837649103720206E-002 
    1.127150910714756     
 b_para_n=    1.049524143827781     
 dxdt=    4.171866349916956         490.4158832298546      
    10677.37626767127     
 dudt=   -906613.9033180936     
 ---------------------
 rk4
 istep=     10000001
 grad_b=   0.2655528893298998        0.1644428894678617      
  -0.1509009479342887     
 bsub=  -3.3007761133485150E-002  -3.6087014283781492E-002 
    1.301220475179082     
 bsup=    0.000000000000000       -0.2498547716124407      
   0.9424124658675773     
 b_abs=    1.111476920012419     
 g=  -1.7836027547112387E-002
 j=    0.000000000000000         396.9320538472346      
    10.17091254379301     
 v_perp_2=    18169196.33580310     
 b_n=   9.7927708789709105E-004  -0.2514540302897558      
   0.9423929542978829     
 b_para_n=    1.111476919897745     
 dxdt=    9.523744040637954        -2238.991204161351      
    8386.264526764253     
 dudt=    1347917.439917890     
 ---------------------
 rk4
 istep=     11000001
 grad_b=   0.3014884998795795       -0.1162041876588132      
  -0.2468149511991063     
 bsub=   5.5425552847462305E-002   9.5107037415349732E-002 
    1.848931861979002     
 bsup=    0.000000000000000        -1.589733992485824      
    1.048102728080646     
 b_abs=    1.336580885257716     
 g=  -1.0058779538492314E-002
 j=    0.000000000000000         700.2853267454882      
   -200.5498897892640     
 v_perp_2=    21848906.96551735     
 b_n=  -1.0811087566982304E-003   -1.592960147753119      
    1.048301070753671     
 b_para_n=    1.336580863536250     
 dxdt=   -8.759174065211450        -11567.09763833036      
    7610.496819840316     
 dudt=    452240.3963481461     
 ---------------------
 rk4
 istep=     12000001
 grad_b=   -1.252034419864213       -7.2480119843444463E-002 
   0.1480514960282234     
 bsub=  -2.2124185159206031E-002  -0.1078263111474835      
    1.289338894359289     
 bsup=    0.000000000000000       -0.8202002402891526      
   0.8701714745568753     
 b_abs=    1.100338540361629     
 g=  -2.0334949938417043E-002
 j=    0.000000000000000         207.9713483655960      
   -53.31754025721543     
 v_perp_2=    17987052.59618129     
 b_n=  -3.2596768226589279E-004  -0.8134231198201314      
   0.8707326376075192     
 b_para_n=    1.100338530561240     
 dxdt=   -3.201963957881691        -7313.070744930827      
    7834.763816652246     
 dudt=   -1398545.260243604     
 ---------------------
 rk4
 istep=     13000001
 grad_b=   0.6836724335146095        2.4129612899550779E-002 
   0.1500641094560758     
 bsub=  -6.5574990404883571E-003   6.5266399147464696E-002 
    1.186631508608191     
 bsup=    0.000000000000000        0.1171362356360379      
    1.111183200472736     
 b_abs=    1.151924186923222     
 g=  -9.4898669910675245E-003
 j=    0.000000000000000         457.1104446690578      
   -149.2505398504332     
 v_perp_2=    18830271.51761287     
 b_n=   1.5427926871034597E-004   0.1104844070593202      
    1.111549898992106     
 b_para_n=    1.151924172540453     
 dxdt=    1.448150254482178         939.9433198778584      
    9512.276132565608     
 dudt=   -1203205.928186234     
 ---------------------
 rk4
 istep=     14000001
 grad_b=   0.6654830600733482        1.4295271189554863E-002 
  -0.1519285254336077     
 bsub=  -5.3855071944952961E-003   5.1458225175188013E-002 
    1.163036530617238     
 bsup=    0.000000000000000        0.5420879577634887      
    1.068885031175644     
 b_abs=    1.127711534200070     
 g=  -1.0616382526603376E-002
 j=    0.000000000000000         732.9080367195243      
   -221.9970884340237     
 v_perp_2=    18434436.90749081     
 b_n=   1.8708652136633340E-004   0.5361704763350512      
    1.069147692968403     
 b_para_n=    1.127711511687713     
 dxdt=    1.793484088279130         4691.374475462527      
    9364.790100740187     
 dudt=    1120831.427141053     
 ---------------------
 rk4
 istep=     15000001
 grad_b=   -1.179200271506008       -6.7707600216887973E-002 
  -0.2106560641597475     
 bsub=   3.3399415639018409E-002  -7.9838372466770877E-002 
    1.251419810628865     
 bsup=    0.000000000000000       -0.9052659270145840      
   0.8816640323725851     
 b_abs=    1.084283953573655     
 g=  -1.8158337882849554E-002
 j=    0.000000000000000         346.1346493150199      
    96.66969597644135     
 v_perp_2=    17724497.02613447     
 b_n=  -4.9332468808842387E-004  -0.8981312481693660      
   0.8821323876897481     
 b_para_n=    1.084283963920514     
 dxdt=   -4.917108375844666        -8205.559268247976      
    8065.553249434288     
 dudt=    937992.8924003860     
 ---------------------
 rk4
 istep=     16000001
 grad_b=   -1.163380548130220       -6.7949051129538751E-002 
   0.1800550330357432     
 bsub=  -5.3622918085702027E-002  -0.1605171962444557      
    1.476232975532486     
 bsup=    0.000000000000000        -1.093045375163615      
   0.8852328601980703     
 b_abs=    1.217498271308834     
 g=  -2.0318480615968387E-002
 j=    0.000000000000000        -203.8343255551712      
   -38.36394635772875     
 v_perp_2=    19902084.39558975     
 b_n=  -2.4314449141323212E-004   -1.087230342887714      
   0.8858563200744304     
 b_para_n=    1.217498269229613     
 dxdt=   -2.160455758447104        -8749.225274255112      
    7133.186337236727     
 dudt=   -1568623.299752959     
 ---------------------
 rk4
 istep=     17000001
 grad_b=   0.8170883689745347       -4.8331427382830999E-003 
   0.1608907000007859     
 bsub=   4.6136234218151384E-002   8.0424691912172663E-002 
    1.491762227610662     
 bsup=    0.000000000000000       -0.3493205700258706      
    1.069306261159803     
 b_abs=    1.252125951414886     
 g=  -9.6088581081785127E-003
 j=    0.000000000000000         939.2306928092983      
   -293.8945775182360     
 v_perp_2=    20468088.52512653     
 b_n=  -1.3676242198972917E-004  -0.3575432525221340      
    1.069753771599526     
 b_para_n=    1.252125921674151     
 dxdt=   -1.181926173874938        -2797.843830611576      
    8350.827585213139     
 dudt=   -1134029.936414384     
 ---------------------
 rk4
 istep=     18000001
 grad_b=   0.1035472677747943       -2.0204379116938967E-002 
  -9.4062345660608726E-002
 bsub=   3.5754392566617221E-002   1.4730849506807437E-002 
   0.9828860453061525     
 bsup=    0.000000000000000        0.1510634620724013      
    1.098172938149224     
 b_abs=    1.040123687880208     
 g=  -1.2720172205525277E-002
 j=    0.000000000000000         539.9176136964222      
   -116.9244444649945     
 v_perp_2=    17002525.44273711     
 b_n=  -1.3972771780350874E-004   0.1502682748240702      
    1.098189925073783     
 b_para_n=    1.040123674946883     
 dxdt=   -1.451406140480796         1436.802121567329      
    10505.21895571382     
 dudt=    835693.8027851513     
 ---------------------
 rk4
 istep=     19000001
 grad_b=  -0.9962620160617142       -4.0267163607970776E-003 
  -6.1326303367912297E-002
 bsub=  -6.4717507539159601E-003  -7.3737487685969716E-002 
    1.037437732969565     
 bsup=    0.000000000000000       -0.5470269618034743      
   0.9263493382426280     
 b_abs=    1.000705284408215     
 g=  -1.8079837101712848E-002
 j=    0.000000000000000         1242.382951834607      
   -601.6646927324405     
 v_perp_2=    16358129.37874005     
 b_n=  -5.0177093074391433E-005  -0.5410631398539183      
   0.9267728225955018     
 b_para_n=    1.000705190607438     
 dxdt=  -0.5416035967362839        -5392.245139257427      
    9244.945721060398     
 dudt=    446004.2116985907     
 ---------------------
 rk4
 istep=     20000001
 grad_b=  -0.3293556473508858        0.1074949106096348      
   0.1357420965694289     
 bsub=  -9.4416177034255172E-002   3.2228399897605314E-002 
    1.837484891215230     
 bsup=    0.000000000000000        -1.141730735301078      
    1.016116375827210     
 b_abs=    1.352713916250356     
 g=  -1.4376649131469191E-002
 j=    0.000000000000000        -1649.805823383475      
    489.0728665557093     
 v_perp_2=    22112235.40126603     
 b_n=   7.4424508496092451E-004   -1.139448320056935      
    1.016114628766951     
 b_para_n=    1.352713975108843     
 dxdt=    5.958852261444903        -8160.010057917540      
    7278.487428976036     
 dudt=   -91837.62265359471     
 ---------------------
 rk4
 istep=     21000001
 grad_b=   0.4992396115644340       -0.1042176111879689      
   0.1160156850142113     
 bsub=   9.5759541798042275E-002  -5.8610578869664094E-002 
    1.633628739865816     
 bsup=    0.000000000000000       -0.9805927942778606      
   0.9860654017294965     
 b_abs=    1.291632734744004     
 g=  -1.5286772960300239E-002
 j=    0.000000000000000         434.4076399622252      
    459.2239863305870     
 v_perp_2=    21113724.66933217     
 b_n=  -6.5312676241516081E-004  -0.9838072262452859      
   0.9859884045870764     
 b_para_n=    1.291632790374444     
 dxdt=   -5.473623596308918        -7422.163085583459      
    7435.850847006421     
 dudt=   -1370573.278634288     
 ---------------------
 rk4
 istep=     22000001
 grad_b=  -0.4393778151594894       -1.1626739118752179E-002 
  -2.9751237221267976E-002
 bsub=   3.1503750821376034E-002  -5.3645478315086821E-002 
   0.9019367151390877     
 bsup=    0.000000000000000       -0.2671872030637930      
    1.072584886770808     
 b_abs=   0.9907520557428562     
 g=  -1.3982092266135778E-002
 j=    0.000000000000000         543.4763204425241      
   -193.5918876828323     
 v_perp_2=    16195338.92380840     
 b_n=  -9.2008972546796721E-005  -0.2641765139590374      
    1.072767140659606     
 b_para_n=   0.9907520284796850     
 dxdt=   -1.003045520582497        -2661.355536545925      
    10817.37515166340     
 dudt=    237621.8314400952     
 ---------------------
 rk4
 istep=     23000001
 grad_b=  -0.5148651878743771       -1.1845502404645349E-003 
   1.4122330958676543E-002
 bsub=  -3.1132391094459227E-002  -4.6553662683049821E-002 
   0.9369660802238340     
 bsup=    0.000000000000000       -0.3064101948996667      
    1.024917629800306     
 b_abs=   0.9870191413518427     
 g=  -1.5939158025713558E-002
 j=    0.000000000000000         273.4976175539188      
   -42.87743468324373     
 v_perp_2=    16134282.58229445     
 b_n=  -3.0461155672567731E-006  -0.3031651972644083      
    1.025078750521263     
 b_para_n=   0.9870191342171277     
 dxdt=  -3.3332375151798078E-002   -3066.806082069460      
    10378.75801717345     
 dudt=   -122862.6487543396     
 ---------------------
 rk4
 istep=     24000001
 grad_b=   0.6636761306132749       -1.9485160546033799E-002 
  -0.1619821329571159     
 bsub=  -5.6830957137825294E-002   0.1556114251964101      
    1.890284858277610     
 bsup=    0.000000000000000       -0.9008287268678932      
    1.071037632803456     
 b_abs=    1.372576838575932     
 g=  -9.6702079685889730E-003
 j=    0.000000000000000        -81.80705407697573      
    142.9309007785599     
 v_perp_2=    22436749.80280646     
 b_n=  -6.4577162450782293E-005  -0.9077458469549416      
    1.071605132870878     
 b_para_n=    1.372576855953080     
 dxdt=  -0.5096533000595881        -6402.902172697963      
    7552.284443778574     
 dudt=    928547.5837633959     
 ---------------------
 rk4
 istep=     25000001
 grad_b=  -0.3669838596122403       -0.1472008088759954      
   8.9098990232736111E-002
 bsub=   2.1453103322025907E-002  -0.2248744141190092      
    1.476126641978694     
 bsup=    0.000000000000000        -1.169041571509975      
   0.8981319668211132     
 b_abs=    1.260435468452021     
 g=  -1.7859750667732727E-002
 j=    0.000000000000000        -417.3754561548694      
    45.76005207755546     
 v_perp_2=    20603592.22656459     
 b_n=  -7.1033778202491294E-004   -1.167083914180520      
   0.8984405327831279     
 b_para_n=    1.260435481497115     
 dxdt=   -6.098819221049805        -9042.089404863540      
    6962.269560194354     
 dudt=   -1634761.644118708     
 ---------------------
 rk4
 istep=     26000001
 grad_b=  -0.9263176385506490        6.3479833128840313E-002 
   8.8984751814921575E-002
 bsub=  -1.9584826668860762E-002  -9.2584871652662479E-002 
   0.9956346007978145     
 bsup=    0.000000000000000       -0.5193145694875545      
   0.9679341227538335     
 b_abs=    1.005417505089178     
 g=  -1.4377339161663297E-002
 j=    0.000000000000000        -379.4684099060331      
    317.4449056851376     
 v_perp_2=    16434937.73440300     
 b_n=   5.1313095515626082E-004  -0.5127028604462520      
   0.9685590906221991     
 b_para_n=    1.005417550662607     
 dxdt=    5.512855527443810        -5082.884936316548      
    9612.940865658898     
 dudt=   -432188.8840004737     
 ---------------------
 rk4
 istep=     27000001
 grad_b=  -1.4424835107119505E-002  -8.8794316995860351E-003 
   7.9900986909863941E-002
 bsub=  -3.2487592473922945E-002   1.4482680417591324E-002 
   0.9827371715074193     
 bsup=    0.000000000000000        0.1397499581482353      
    1.057834062861760     
 b_abs=    1.020425547743636     
 g=  -1.4181582985056455E-002
 j=    0.000000000000000         276.4361128413799      
   -58.28313559286991     
 v_perp_2=    16680229.02438495     
 b_n=  -6.9779865283891356E-005   0.1398317528413189      
    1.057830543684619     
 b_para_n=    1.020425541040586     
 dxdt=  -0.7387284271130228         1365.726255650031      
    10331.24155494798     
 dudt=   -667044.8790843510     
 ---------------------
 rk4
 istep=     28000001
 grad_b=   0.7509083846110980       -3.9009916271896830E-002 
  -0.1613537921075819     
 bsub=  -1.8064764314666411E-002   0.1185495363872280      
    1.546911769021684     
 bsup=    0.000000000000000       -0.5676238979278559      
    1.101680841551704     
 b_abs=    1.279680299967056     
 g=  -8.3831077714747477E-003
 j=    0.000000000000000         359.4474055820383      
   -218.5603102512581     
 v_perp_2=    20918057.56464864     
 b_n=  -3.0627273456058771E-004  -0.5762337748478792      
    1.102337074565979     
 b_para_n=    1.279680276836707     
 dxdt=   -2.590472600975704        -4398.043023950327      
    8400.214964647663     
 dudt=    993910.8125529722     
 ---------------------
 rk4
 istep=     29000001
 grad_b=  -0.6348545391238404        8.7065088080066605E-002 
  -8.1845732600200186E-002
 bsub=   2.1666623038767117E-002  -0.2277594543971147      
    1.515178198902539     
 bsup=    0.000000000000000        -1.233020143138337      
   0.8997272891657480     
 b_abs=    1.282280191958948     
 g=  -1.7145014345471939E-002
 j=    0.000000000000000         384.6593992713809      
   -228.8582964605686     
 v_perp_2=    20960510.73987820     
 b_n=   4.0981727023515645E-004   -1.229546492624782      
   0.9002435544970193     
 b_para_n=    1.282280158101579     
 dxdt=    3.459307044857206        -9344.988292492391      
    6844.734546166863     
 dudt=    1153628.435468982     
 ---------------------
 Elapsed time (seconds):     153.8230950000000     

real	2m33.834s
user	2m33.568s
sys	0m0.018s
>>> [PID 3631826] DONE  u=10000, v_perp=-4000, out=gc_grid/dat147.dat
