>>> [PID 3621395] START u=3500, v_perp=-5000, out=gc_grid/dat113.dat, dt=2e-09, steps=30000000
 outer boundary:   8.3000000000000462E-002
 rk4
 istep=            1
 grad_b=  -0.5028823043063745        4.9318632401486109E-003 
  -7.9831323018698247E-003
 bsub=   8.6924063231203462E-003   4.2252327527572124E-002 
    1.020727117066615     
 bsup=    0.000000000000000        0.5003131376146392      
   0.9181485788443803     
 b_abs=   0.9787596622534426     
 g=  -1.6418730196390563E-002
 j=    0.000000000000000         576.0999526449748      
    59.09451440559197     
 v_perp_2=    24999999.11173513     
 b_n=   1.2504308301049643E-005   0.5015079505684290      
   0.9180990177619360     
 b_para_n=   0.9787596663197976     
 dxdt=   9.0342221892008800E-002    1797.729354219781      
    3282.899546698202     
 dudt=    63444.35586781186     
 ---------------------
 rk4
 istep=      1000001
 grad_b=  -0.3516500904734736       -0.1554206242949616      
  -0.1926329080828742     
 bsub=   5.5298232866172845E-002  -2.6755191843560549E-002 
    1.126314497801374     
 bsup=    0.000000000000000       -0.6110998976558459      
    1.032762834548975     
 b_abs=    1.086526137509628     
 g=  -1.0947655188915838E-002
 j=    0.000000000000000         532.8352723628591      
    141.6682955008079     
 v_perp_2=    27752623.15759544     
 b_n=  -4.4953869103648929E-004  -0.6101384273424766      
    1.032807749567111     
 b_para_n=    1.086526142496338     
 dxdt=   -3.137996476724730        -1726.589071760345      
    2929.602743784102     
 dudt=    1222046.357069312     
 ---------------------
 rk4
 istep=      2000001
 grad_b=  -0.4141540527017587        0.1908378096143668      
  -0.1061528866177568     
 bsub=  -1.6862242588596768E-002  -0.1911134359789586      
    1.405688370464725     
 bsup=    0.000000000000000       -0.9975838933118593      
   0.8904044701208992     
 b_abs=    1.201130891165374     
 g=  -1.9094272238249489E-002
 j=    0.000000000000000         355.5500547998183      
    40.35804803015441     
 v_perp_2=    30679914.08417005     
 b_n=   2.4137900062371972E-004  -0.9970154462790244      
   0.8904846498709003     
 b_para_n=    1.201130890903323     
 dxdt=    1.717778492965163        -2124.802502102116      
    1900.697116102730     
 dudt=    3029213.266240771     
 ---------------------
 rk4
 istep=      3000001
 grad_b=   4.4348391012696137E-002  -7.8394652301748829E-002 
  -1.7066381590597896E-002
 bsub=   9.9083699174116580E-002   6.6404538561306958E-002 
    1.881887480518392     
 bsup=    0.000000000000000        -1.075120867453026      
    1.036052767371205     
 b_abs=    1.370709128865012     
 g=  -1.2992221591540277E-002
 j=    0.000000000000000        -305.8153981106915      
    354.1961845857845     
 v_perp_2=    35011363.56978256     
 b_n=  -9.3873984116759655E-005   -1.075175472414782      
    1.036059641678372     
 b_para_n=    1.370709135630637     
 dxdt=  -0.9037540581348315        -1174.081524505057      
    1130.976936986089     
 dudt=   -620548.8837406164     
 ---------------------
 rk4
 istep=      4000001
 grad_b=  -3.6787865634530514E-003  -6.4549461156790763E-002 
  -0.1006300246177805     
 bsub=   4.2890007006702327E-002   1.6642470666661593E-003 
   0.9580446142733146     
 bsup=    0.000000000000000       -2.8027640740061255E-002 
    1.138671065470197     
 b_abs=    1.044617729559555     
 g=  -1.0567195891754257E-002
 j=    0.000000000000000         479.1846977850308      
   -143.0106381969270     
 v_perp_2=    26682166.11790212     
 b_n=  -1.8189279821151721E-004  -2.8029955723358181E-002 
    1.138679206702183     
 b_para_n=    1.044617724224937     
 dxdt=   -1.280634480963358        -87.23759260212347      
    3543.569144926385     
 dudt=    1378766.417503102     
 ---------------------
 rk4
 istep=      5000001
 grad_b=  -0.7909390778659436        1.7321585361981289E-002 
  -3.5402184751555099E-002
 bsub=  -2.1130325898590860E-002  -4.6039399249692615E-002 
    1.027291477883514     
 bsup=    0.000000000000000       -0.4641628447381337      
   0.9336316383904285     
 b_abs=   0.9901521865727780     
 g=  -1.8889045347214178E-002
 j=    0.000000000000000        -682.0072650596253      
   -235.3317140046819     
 v_perp_2=    25290973.26641565     
 b_n=   3.1578434612785317E-005  -0.4625740849536852      
   0.9337034808536741     
 b_para_n=   0.9901521768183174     
 dxdt=   0.2269110143711156        -1609.708049946674      
    3261.296525684752     
 dudt=    530024.2954420237     
 ---------------------
 rk4
 istep=      6000001
 grad_b=   0.4383866718624014       -3.1641584678624039E-002 
   3.8672862320072721E-003
 bsub=   4.3489900647077542E-002   0.1737532462107017      
    2.070553472494622     
 bsup=    0.000000000000000        -1.222873844274238      
    1.074360945284412     
 b_abs=    1.418898225665389     
 g=  -8.9030664849351817E-003
 j=    0.000000000000000        -214.0085344531785      
    261.1216592906494     
 v_perp_2=    36242220.31787654     
 b_n=  -3.8780498959548406E-005   -1.223405587603350      
    1.074406384039727     
 b_para_n=    1.418898228965817     
 dxdt=  -0.5207977452587313        -872.3343750820384      
    760.7294925565261     
 dudt=   -385672.0731966464     
 ---------------------
 rk4
 istep=      7000001
 grad_b=   0.4264358540962818       -4.7282720926850971E-002 
  -0.1364176428438018     
 bsub=   2.7142891985224592E-002   4.9854241302912050E-002 
    1.090362020479494     
 bsup=    0.000000000000000        3.0867480567513428E-002 
    1.123208397487189     
 b_abs=    1.107124233082663     
 g=  -1.0158880115705527E-002
 j=    0.000000000000000        -111.3969828038348      
    321.0878515420097     
 v_perp_2=    28278728.83373928     
 b_n=  -1.1262102733783453E-004   2.9688095729544811E-002 
    1.123265136854281     
 b_para_n=    1.107124244151214     
 dxdt=  -0.7848889626344633         75.28925567002987      
    3039.117401255721     
 dudt=    1784372.545842346     
 ---------------------
 rk4
 istep=      8000001
 grad_b=   -1.081998104502394        4.0157389672458882E-002 
  -8.7913029252779967E-002
 bsub=  -4.0929202436161983E-003  -6.9004805524638252E-002 
    1.117808509688368     
 bsup=    0.000000000000000       -0.6421496570949423      
   0.8934580393064946     
 b_abs=    1.021202387010262     
 g=  -1.9539948503949117E-002
 j=    0.000000000000000         1008.604205840869      
   -375.9753834081564     
 v_perp_2=    26084063.10235148     
 b_n=   6.6599838684949360E-005  -0.6400741265909859      
   0.8935863914282286     
 b_para_n=    1.021202366375074     
 dxdt=   0.4724678715502872        -2086.498508763772      
    2924.456618407440     
 dudt=    1304807.163049736     
 ---------------------
 rk4
 istep=      9000001
 grad_b=   0.4982961117800786        4.2075731405428862E-002 
   0.1310799706635062     
 bsub=   1.5786482471270877E-002   0.1849386787415813      
    2.082156234192233     
 bsup=    0.000000000000000        -1.285454568248973      
    1.073455388727757     
 b_abs=    1.413510922622752     
 g=  -7.6863729572405996E-003
 j=    0.000000000000000         331.8255917901250      
   -305.0220447068280     
 v_perp_2=    36104600.58977087     
 b_n=   4.6197104406985043E-005   -1.286209463994120      
    1.073522086134428     
 b_para_n=    1.413510918582591     
 dxdt=   0.5862546038974374        -982.8559468895152      
    813.6082962585000     
 dudt=   -782641.1504996107     
 ---------------------
 rk4
 istep=     10000001
 grad_b=   0.7979395859489630       -3.0075054493029777E-002 
  -0.1613177118332897     
 bsub=  -1.1650925588906139E-002   9.3145209006898114E-002 
    1.386935843152078     
 bsup=    0.000000000000000       -0.2896124099104197      
    1.113650303212829     
 b_abs=    1.231624594078427     
 g=  -8.3549646836095868E-003
 j=    0.000000000000000         108.0909172581025      
    173.9367586365850     
 v_perp_2=    31458768.59352663     
 b_n=  -5.3011156048302228E-005  -0.2918070746954838      
    1.113797254016218     
 b_para_n=    1.231624599319740     
 dxdt=  -0.3849092303020136        -581.8151836763748      
    2177.052209853747     
 dudt=    1772566.481118665     
 ---------------------
 rk4
 istep=     11000001
 grad_b=   -1.034817122877840        0.1279481620656663      
  -0.1476601819008713     
 bsub=   2.4780243412128804E-002  -0.1593132652995136      
    1.399942059423973     
 bsup=    0.000000000000000       -0.9450333369025521      
   0.8759388694709078     
 b_abs=    1.173385005006401     
 g=  -1.9508268751907743E-002
 j=    0.000000000000000         487.8090119302769      
    126.4627432189299     
 v_perp_2=    29971177.44244646     
 b_n=   1.6350273518242643E-004  -0.9435148650284781      
   0.8761087794151690     
 b_para_n=    1.173385007565099     
 dxdt=    1.149914164910652        -2162.207755214920      
    2015.215193246848     
 dudt=    2723821.581126594     
 ---------------------
 rk4
 istep=     12000001
 grad_b=   0.4805420857659526        7.5818296050904496E-002 
   0.2106336606473648     
 bsub=  -6.9217255937184616E-004   0.1705550559882728      
    1.937567783730642     
 bsup=    0.000000000000000        -1.180811387001541      
    1.072682820528744     
 b_abs=    1.369348419620899     
 g=  -7.6220319450586308E-003
 j=    0.000000000000000        -1206.244917142306      
    332.9872907708221     
 v_perp_2=    34976565.81237245     
 b_n=   1.2248349773532583E-004   -1.181839172837578      
    1.072773338761612     
 b_para_n=    1.369348424266407     
 dxdt=    1.172322265956103        -1310.029872959340      
    1181.998649682326     
 dudt=   -1272285.157100710     
 ---------------------
 rk4
 istep=     13000001
 grad_b=   0.7365211084004319       -3.0760435618834320E-002 
  -0.1777713118948478     
 bsub=  -4.2118057287572945E-002   0.1306532023494573      
    1.688810844281363     
 bsup=    0.000000000000000       -0.7138882999274636      
    1.079763536177868     
 b_abs=    1.315349226686937     
 g=  -9.0644231994460086E-003
 j=    0.000000000000000        -1192.365948068584      
    482.2135979465239     
 v_perp_2=    33597291.64924526     
 b_n=  -3.6618351105088932E-005  -0.7154645746894407      
    1.079884577342636     
 b_para_n=    1.315349236250966     
 dxdt=  -0.2979013097296185        -1050.104945935285      
    1569.883979904749     
 dudt=    1650514.725834053     
 ---------------------
 rk4
 istep=     14000001
 grad_b=  -0.5455886522139881        4.7908024487148954E-002 
  -4.3997426686842277E-002
 bsub=   1.6360795065061134E-002  -0.2374636243542398      
    1.521316404577213     
 bsup=    0.000000000000000        -1.261527893448158      
   0.9018171800633041     
 b_abs=    1.292956381467773     
 g=  -1.6833806151886274E-002
 j=    0.000000000000000         698.9918521815086      
   -60.51512051599508     
 v_perp_2=    33025316.05110691     
 b_n=   4.7706206305757254E-005   -1.260894225789012      
   0.9019155732142591     
 b_para_n=    1.292956377296816     
 dxdt=   0.3722605989248051        -2000.497420871808      
    1434.380173705175     
 dudt=    988890.6212263965     
 ---------------------
 rk4
 istep=     15000001
 grad_b=   0.5306348219827833        6.5591524511380131E-002 
   0.1644347293278177     
 bsub=  -1.5185588214736071E-002   0.1360302882494232      
    1.682406030398659     
 bsup=    0.000000000000000       -0.9639268618088470      
    1.092036568670107     
 b_abs=    1.306701825347395     
 g=  -7.6679073281235750E-003
 j=    0.000000000000000         666.4420036649394      
    337.1191837921310     
 v_perp_2=    33376402.44112196     
 b_n=   1.3836457585128753E-004  -0.9653347214248226      
    1.092151657250980     
 b_para_n=    1.306701835315730     
 dxdt=    1.106247178578470        -1463.116454832368      
    1645.738410677726     
 dudt=   -1137097.775370490     
 ---------------------
 rk4
 istep=     16000001
 grad_b=   0.7451013832996444        9.2422241357551817E-003 
  -0.1682161855534505     
 bsub=  -7.5211158618271490E-002   9.5692660635260898E-002 
    1.735204657683155     
 bsup=    0.000000000000000       -0.8386977702811516      
    1.053311109577655     
 b_abs=    1.321736815165639     
 g=  -1.0695424277917897E-002
 j=    0.000000000000000        -1165.434103095960      
   -310.8030819197070     
 v_perp_2=    33760432.78831443     
 b_n=   3.3609477984961618E-005  -0.8400368196231888      
    1.053386404966585     
 b_para_n=    1.321736806016717     
 dxdt=   0.2772793691268717        -1196.396194322089      
    1489.287898398651     
 dudt=    1786933.064467402     
 ---------------------
 rk4
 istep=     17000001
 grad_b=  -0.5902325626334785        4.6105069605781965E-002 
  -4.9414057753855135E-002
 bsub=   3.1718038905559083E-002  -0.2360287077458303      
    1.520401927046073     
 bsup=    0.000000000000000        -1.262009527280406      
   0.9013874068922572     
 b_abs=    1.291727187064890     
 g=  -1.7485900580952587E-002
 j=    0.000000000000000         546.1172834993384      
   -24.93608427736329     
 v_perp_2=    32993905.73449618     
 b_n=   4.3226117240516899E-005   -1.261346849584795      
   0.9014893775667837     
 b_para_n=    1.291727184353461     
 dxdt=   0.3366291873117767        -2010.407373048687      
    1440.408924552603     
 dudt=    1015649.043693076     
 ---------------------
 rk4
 istep=     18000001
 grad_b=   0.4641940114715997        9.4156550893255378E-002 
   0.2058401027140929     
 bsub=  -4.6287346592010767E-002   9.7222850534455729E-002 
    1.607968065739521     
 bsup=    0.000000000000000        -1.140396746165618      
    1.077854503080878     
 b_abs=    1.274214315882211     
 g=  -8.7030760529469686E-003
 j=    0.000000000000000         257.7528884205888      
   -296.6464576602733     
 v_perp_2=    32546578.04632390     
 b_n=   2.1096118686131710E-004   -1.141610495918054      
    1.077933956730959     
 b_para_n=    1.274214307946101     
 dxdt=    1.601365261546883        -1950.190702139033      
    1835.132378565859     
 dudt=   -1147512.068582325     
 ---------------------
 rk4
 istep=     19000001
 grad_b=   0.1684995151707361        9.6877161142440368E-002 
  -0.1602436994674288     
 bsub=  -7.9347151710619894E-003   2.0561112357872904E-002 
    1.146234460394495     
 bsup=    0.000000000000000        0.6172924973356209      
   0.9568597538101785     
 b_abs=    1.053235038945781     
 g=  -1.4077750308408757E-002
 j=    0.000000000000000         218.4210475404442      
    208.4768006150893     
 v_perp_2=    26902219.65029392     
 b_n=   2.4639365760235812E-004   0.6168790401468075      
   0.9568688845584560     
 b_para_n=    1.053235048226821     
 dxdt=    1.730762429569601         1882.434013459141      
    2922.510718515213     
 dudt=    1134109.483832587     
 ---------------------
 rk4
 istep=     20000001
 grad_b=  -0.8010253994775927       -0.1348736241350279      
  -0.2427900248140227     
 bsub=   4.3395421181952387E-002  -6.1507660335417547E-002 
    1.239969886496640     
 bsup=    0.000000000000000       -0.9112202184950263      
   0.9204766894436257     
 b_abs=    1.094552986108137     
 g=  -1.4907561414689931E-002
 j=    0.000000000000000         604.7142218053458      
    184.1782996393669     
 v_perp_2=    27957576.83102674     
 b_n=  -3.2528494590658766E-004  -0.9094654808498334      
   0.9205751214179076     
 b_para_n=    1.094552992503157     
 dxdt=   -2.268724760709021        -2525.524441981152      
    2564.228814200590     
 dudt=    1173601.594816509     
 ---------------------
 rk4
 istep=     21000001
 grad_b=  -0.5289808352738777        2.2105227625738501E-002 
   5.4114415301141777E-002
 bsub=  -7.1860920203650494E-002  -0.2015163847495188      
    1.562377638972570     
 bsup=    0.000000000000000        -1.272494871762003      
   0.9230272440077933     
 b_abs=    1.303086795986286     
 g=  -1.8672624109980000E-002
 j=    0.000000000000000         340.2465135840833      
   -221.3744167211303     
 v_perp_2=    33284040.53247754     
 b_n=   2.9858820494200795E-005   -1.271954364313467      
   0.9230983269905323     
 b_para_n=    1.303086789596432     
 dxdt=   0.2371158420717474        -1940.426646007127      
    1411.201653344739     
 dudt=   -213855.2285312755     
 ---------------------
 rk4
 istep=     22000001
 grad_b=   0.2968289395990009       -8.3888520993049290E-002 
   6.7721167139604133E-002
 bsub=   0.1044831912427802       -5.0092079229788672E-002 
    1.705045578573628     
 bsup=    0.000000000000000        -1.107129444034454      
   0.9941153930943695     
 b_abs=    1.323126322735996     
 g=  -1.5012765363653346E-002
 j=    0.000000000000000        -807.7834282669534      
    411.5986729783594     
 v_perp_2=    33795891.79808919     
 b_n=  -1.0330359726734474E-004   -1.107498630925471      
   0.9941108852131479     
 b_para_n=    1.323126333095204     
 dxdt=  -0.8549767184548738        -1558.179536211036      
    1396.342107530756     
 dudt=   -1546281.368970409     
 ---------------------
 rk4
 istep=     23000001
 grad_b=  -0.1600621199054573       -7.3013850727278479E-002 
  -9.5564869753687998E-002
 bsub=   4.4652360327968557E-002  -1.3868121962055842E-002 
   0.9294860392886957     
 bsup=    0.000000000000000       -0.1055643365614632      
    1.148200586237675     
 b_abs=    1.033753417885623     
 g=  -9.9930690789803520E-003
 j=    0.000000000000000         296.3360232565258      
   -203.6466697826625     
 v_perp_2=    26404596.27491870     
 b_n=  -2.2322043385840585E-004  -0.1050981166118773      
    1.148218257094612     
 b_para_n=    1.033753410050541     
 dxdt=   -1.576768226671058        -333.0039030075624      
    3657.956146620596     
 dudt=    1260378.924881987     
 ---------------------
 rk4
 istep=     24000001
 grad_b=  -0.7686238317956336        2.3800600279218740E-002 
  -3.7030819135986263E-002
 bsub=  -2.1662773516446229E-002  -3.9865508180360665E-002 
    1.036743842399903     
 bsup=    0.000000000000000       -0.4559612997819055      
   0.9287001011494428     
 b_abs=   0.9903954192077877     
 g=  -1.9113263306344674E-002
 j=    0.000000000000000        -1081.076965623003      
   -79.63131135727167     
 v_perp_2=    25297121.02749604     
 b_n=   4.4755610407459673E-005  -0.4544224760487415      
   0.9287602063628613     
 b_para_n=   0.9903954173793598     
 dxdt=   0.3215608678473059        -1580.623146492628      
    3242.358114445099     
 dudt=    583407.8938314008     
 ---------------------
 rk4
 istep=     25000001
 grad_b=   0.3470980947268253       -6.0456774902200944E-002 
  -4.5012645810298582E-002
 bsub=   5.6173308944475489E-002   0.1594747178476328      
    2.040136970492140     
 bsup=    0.000000000000000        -1.196608275719651      
    1.070290905332454     
 b_abs=    1.411595906955700     
 g=  -9.7821938956165772E-003
 j=    0.000000000000000        -492.5383853712927      
    340.1179588428887     
 v_perp_2=    36055608.14638471     
 b_n=  -6.8135873902152653E-005   -1.197025123542449      
    1.070325368885865     
 b_para_n=    1.411595911392542     
 dxdt=  -0.8489752141698328        -931.6290337923541      
    829.0674035249830     
 dudt=   -218642.6714821310     
 ---------------------
 rk4
 istep=     26000001
 grad_b=   9.2747284978154321E-002  -4.8034866707774251E-002 
  -0.1005928861522023     
 bsub=   3.9513997317263946E-002   1.1195153294707199E-002 
   0.9763254223479723     
 bsup=    0.000000000000000        6.7461887133173692E-002 
    1.124339847346808     
 b_abs=    1.048358383120517     
 g=  -1.1423799860687702E-002
 j=    0.000000000000000         385.4416186761210      
   -16.46579427396786     
 v_perp_2=    26777632.43150339     
 b_n=  -1.2341954875723376E-004   6.7207019312869640E-002 
    1.124347764386142     
 b_para_n=    1.048358382665268     
 dxdt=  -0.8680483107568479         206.4507281293403      
    3470.701288984978     
 dudt=    1417281.595523624     
 ---------------------
 rk4
 istep=     27000001
 grad_b=  -0.7927942839420293        7.9381577394056126E-003 
  -3.0669627646397038E-002
 bsub=  -2.1023402414386085E-002  -5.2594103308626933E-002 
    1.009222069039131     
 bsup=    0.000000000000000       -0.4552293377420734      
   0.9457549119628956     
 b_abs=   0.9891479681935942     
 g=  -1.8413949899466521E-002
 j=    0.000000000000000        -212.1614094523612      
   -294.2621606986039     
 v_perp_2=    25265248.02649976     
 b_n=   1.2861972607374721E-005  -0.4536196711948148      
   0.9458390522359126     
 b_para_n=   0.9891479548986356     
 dxdt=   9.2464198146861298E-002   -1581.676609134279      
    3310.634500501332     
 dudt=    421163.0133011616     
 ---------------------
 rk4
 istep=     28000001
 grad_b=   0.4795960473384481        1.5580364831338997E-002 
   6.6604325010122950E-002
 bsub=   2.2105699003162164E-002   0.1843764046090973      
    2.109387816863404     
 bsup=    0.000000000000000        -1.332343524570895      
    1.074738494394261     
 b_abs=    1.422341637932078     
 g=  -7.7875048437042417E-003
 j=    0.000000000000000         498.9509226855271      
   -279.9085891304514     
 v_perp_2=    36330065.87842681     
 b_n=   1.3110357497835046E-005   -1.332986900970266      
    1.074794590856971     
 b_para_n=    1.422341634825441     
 dxdt=   0.1834102667029759        -907.4439793632883      
    725.5164861645542     
 dudt=   -456347.5718499076     
 ---------------------
 rk4
 istep=     29000001
 grad_b=   0.6939794574654999       -3.3038792532210565E-002 
  -0.1523361617130100     
 bsub=   7.3214624372611378E-003   7.0564197754529087E-002 
    1.210610692447723     
 bsup=    0.000000000000000       -1.6966145405993838E-003 
    1.119582447856343     
 b_abs=    1.164581445940972     
 g=  -9.0686655706610705E-003
 j=    0.000000000000000         134.5202608085142      
   -32.64169313430893     
 v_perp_2=    29746242.29998375     
 b_n=  -6.8146487431777837E-005  -3.6567183010407555E-003 
    1.119697109946942     
 b_para_n=    1.164581445143757     
 dxdt=  -0.4780066266466343        -17.73970191695596      
    2634.257557692617     
 dudt=    1869730.500013324     
 ---------------------
 Elapsed time (seconds):     153.2508420000000     

real	2m33.262s
user	2m32.981s
sys	0m0.016s
>>> [PID 3621395] DONE  u=3500, v_perp=-5000, out=gc_grid/dat113.dat
