>>> [PID 3634204] START u=3500, v_perp=-3000, out=gc_grid/dat155.dat, dt=2e-09, steps=30000000
 outer boundary:   8.3000000000000462E-002
 rk4
 istep=            1
 grad_b=  -0.5028823063530971        4.9318625621302681E-003 
  -7.9831316030708477E-003
 bsub=   8.6924062317821418E-003   4.2252327564523032E-002 
    1.020727117106668     
 bsup=    0.000000000000000        0.5003131404590774      
   0.9181485786692130     
 b_abs=   0.9787596622534442     
 g=  -1.6418730193669642E-002
 j=    0.000000000000000         576.0999470772866      
    59.09450534971232     
 v_perp_2=    8999999.680224666     
 b_n=   1.2504306334283009E-005   0.5015079533902670      
   0.9180990175876803     
 b_para_n=   0.9787596663197987     
 dxdt=   6.1140686398860854E-002    1794.939118808444      
    3283.015217227207     
 dudt=    22839.96661953787     
 ---------------------
 rk4
 istep=      1000001
 grad_b=  -0.6094582587817833       -5.3832112033048288E-002 
  -5.1947276870906750E-002
 bsub=   3.2123557271290099E-002  -7.2348067670553948E-002 
   0.8358418660755131     
 bsup=    0.000000000000000       -0.2675255267414268      
    1.163412374087823     
 b_abs=   0.9951700054537195     
 g=  -9.3452923502473882E-003
 j=    0.000000000000000        -623.6846041670983      
    228.7334713158749     
 v_perp_2=    9150895.932968196     
 b_n=  -1.9168611075792550E-004  -0.2655292422691538      
    1.163592546711719     
 b_para_n=   0.9951700163647464     
 dxdt=  -0.9233598170495210        -925.4546990935571      
    4067.295089453118     
 dudt=    212678.6806388450     
 ---------------------
 rk4
 istep=      2000001
 grad_b=  -0.3638608700001552       -2.0905907344512878E-002 
   3.3948385971986961E-002
 bsub=  -2.6707689028124953E-002   1.8509377886572979E-002 
   0.9975325121510189     
 bsup=    0.000000000000000        3.8160078890871918E-002 
   0.9739574034359481     
 b_abs=   0.9858459169938277     
 g=  -1.6632586108122065E-002
 j=    0.000000000000000        -831.3826498226815      
   -35.85466446605725     
 v_perp_2=    9065155.823558247     
 b_n=  -4.8530763012000761E-005   3.8977948706803073E-002 
   0.9739409259908637     
 b_para_n=   0.9858459145784636     
 dxdt=  -0.2357585051355093         139.0902641363398      
    3448.504774523983     
 dudt=   -150480.1095341448     
 ---------------------
 rk4
 istep=      3000001
 grad_b=   0.5343832264400582       -8.3570448452461255E-002 
  -0.1775261871468039     
 bsub=   3.1257250816078906E-002   8.5118080243791666E-002 
    1.315466080347794     
 bsup=    0.000000000000000       -0.5364521646792633      
    1.130046622419741     
 b_abs=    1.200290409217574     
 g=  -7.7810196377358712E-003
 j=    0.000000000000000         41.88406566228701      
    486.1098492704933     
 v_perp_2=    11037037.14617792     
 b_n=  -2.8279950416131770E-004  -0.5385652158445279      
    1.130190085564743     
 b_para_n=    1.200290427969164     
 dxdt=   -1.159808138619397        -1436.969594360198      
    3009.336899032360     
 dudt=    596713.0145458702     
 ---------------------
 rk4
 istep=      4000001
 grad_b=   -1.001405830379319        6.4707380610742951E-002 
  -8.5682519503550630E-002
 bsub=  -6.2059350830754364E-003  -6.7447657470096595E-002 
    1.129899620846552     
 bsup=    0.000000000000000       -0.6353258561651621      
   0.8868645268744715     
 b_abs=    1.022246213839347     
 g=  -2.0093225646012080E-002
 j=    0.000000000000000         1218.027278208438      
    100.8714811861249     
 v_perp_2=    9399863.429721965     
 b_n=   1.1548624940164873E-004  -0.6333842394562150      
   0.8869810643130286     
 b_para_n=    1.022246215217439     
 dxdt=   0.5431414824020169        -2130.321223400408      
    2987.054485445310     
 dudt=    526664.7681812404     
 ---------------------
 rk4
 istep=      5000001
 grad_b=   0.4273979686010748       -7.1932069464195586E-002 
  -0.2087219967272341     
 bsub=   1.6783665414190727E-002   0.1610590311229653      
    1.893545439134186     
 bsup=    0.000000000000000        -1.283939852178541      
    1.076701603744769     
 b_abs=    1.353443691219184     
 g=  -7.4174156988478452E-003
 j=    0.000000000000000        -1869.952964923082      
    330.9370706613532     
 v_perp_2=    12445322.79217117     
 b_n=  -2.3438267180169548E-004   -1.285796872906358      
    1.076861638531360     
 b_para_n=    1.353443698150180     
 dxdt=  -0.8770225020743228        -2821.837139461579      
    2361.141641349488     
 dudt=    449677.8302077083     
 ---------------------
 rk4
 istep=      6000001
 grad_b=  -0.5983025250240449        0.1282525075966514      
  -0.1027981374266620     
 bsub=   9.4497016625027311E-003  -0.2281541604055644      
    1.487247098354549     
 bsup=    0.000000000000000        -1.173379245204969      
   0.8922113391259863     
 b_abs=    1.262701934193731     
 g=  -1.7319594818468488E-002
 j=    0.000000000000000        -101.6414807123512      
   -251.0762831458247     
 v_perp_2=    11610922.21069034     
 b_n=   1.9676281517987500E-004   -1.172333795922847      
   0.8923704605880658     
 b_para_n=    1.262701925228398     
 dxdt=   0.7751746165524758        -2880.944307794600      
    2194.364287878518     
 dudt=    881903.8225238456     
 ---------------------
 rk4
 istep=      7000001
 grad_b=   0.4305448587453554        9.7620659803068881E-003 
   4.6849674082367967E-002
 bsub=   1.2103130049358743E-002   0.1904008118174460      
    2.149025151168940     
 bsup=    0.000000000000000        -1.460533323781082      
    1.076800047907507     
 b_abs=    1.427007292774944     
 g=  -7.2375899636512057E-003
 j=    0.000000000000000         1604.227992425719      
    68.06071223969344     
 v_perp_2=    13121755.93888656     
 b_n=   2.4403338987361764E-005   -1.462404575962214      
    1.076965706481409     
 b_para_n=    1.427007301088991     
 dxdt=   8.8109048047417940E-002   -2924.745234578023      
    2151.929129901976     
 dudt=   -116599.5877366972     
 ---------------------
 rk4
 istep=      8000001
 grad_b=   -1.098025117015970       -0.1160646463051248      
   0.1435655497826034     
 bsub=  -2.1006529714028901E-002  -0.1358603299896523      
    1.338959196750472     
 bsup=    0.000000000000000       -0.8530612491669335      
   0.8675016544814127     
 b_abs=    1.130253656115007     
 g=  -2.0318794798031545E-002
 j=    0.000000000000000         96.76797962591488      
    323.4376093916816     
 v_perp_2=    10393016.26745453     
 b_n=  -1.8047778788855731E-004  -0.8511127963409822      
   0.8676965389305941     
 b_para_n=    1.130253670353975     
 dxdt=  -0.7779695337931724        -2478.504186927656      
    2529.840926806291     
 dudt=   -909370.6640463241     
 ---------------------
 rk4
 istep=      9000001
 grad_b=   0.6495205746383255        5.6720873611165311E-002 
   0.1729031079377816     
 bsub=   1.5170620108166274E-002   0.1450941174849863      
    1.678751827605720     
 bsup=    0.000000000000000       -0.7275005062186171      
    1.094111207262706     
 b_abs=    1.315930710975961     
 g=  -8.2259345998820180E-003
 j=    0.000000000000000        -345.0350534397666      
   -69.31986683970166     
 v_perp_2=    12100367.94255753     
 b_n=   1.5580078425258740E-004  -0.7299169807108393      
    1.094318651629552     
 b_para_n=    1.315930707154032     
 dxdt=   0.5949398306021828        -1681.480939867391      
    2515.747389718122     
 dudt=   -516775.7101908893     
 ---------------------
 rk4
 istep=     10000001
 grad_b=  -0.7068045430290324       -1.5940414686239877E-003 
   1.5511093246084968E-002
 bsub=   2.3363114687079245E-002  -5.4452575164250679E-002 
   0.9797486122843397     
 bsup=    0.000000000000000       -0.4176991730939796      
   0.9638987009913899     
 b_abs=   0.9833734600757905     
 g=  -1.7930336093854995E-002
 j=    0.000000000000000        -377.9570299566092      
   -91.74275026080380     
 v_perp_2=    9042405.470910210     
 b_n=  -1.5117869406006119E-006  -0.4162386042881884      
   0.9639799093897401     
 b_para_n=   0.9833734567839160     
 dxdt=  -7.3607448636188672E-003   -1476.978413519744      
    3425.138201529678     
 dudt=   -73015.19602241680     
 ---------------------
 rk4
 istep=     11000001
 grad_b=   0.5542397687741206        5.0342633335803862E-002 
   0.1508563353085806     
 bsub=  -1.8632301319347712E-002   6.5606710884396680E-002 
    1.157183363004842     
 bsup=    0.000000000000000       -3.9282980485017549E-002 
    1.127314720998866     
 b_abs=    1.141302163860901     
 g=  -9.3013743675604502E-003
 j=    0.000000000000000         655.8578147639574      
   -61.02832625886776     
 v_perp_2=    10494602.58599141     
 b_n=   1.3694109407550023E-004  -4.1107104596199803E-002 
    1.127420344076834     
 b_para_n=    1.141302162947617     
 dxdt=   0.5854813018949496        -120.6789450964045      
    3239.800800481648     
 dudt=   -677116.2011442042     
 ---------------------
 rk4
 istep=     12000001
 grad_b=   0.1901668605456450        7.1795593697266680E-003 
  -0.1086406511943110     
 bsub=   2.3846850077195187E-002   3.4017703237800165E-002 
    1.025142881280175     
 bsup=    0.000000000000000        0.2960438528271019      
    1.066805754972315     
 b_abs=    1.050794635454664     
 g=  -1.3163729550726854E-002
 j=    0.000000000000000         60.05665305746857      
   -245.7105089784981     
 v_perp_2=    9662358.146995908     
 b_n=   2.7087484620086672E-005   0.2955598702470900      
    1.066821174661120     
 b_para_n=    1.050794625328628     
 dxdt=   0.1243355612163862         956.8162708137493      
    3456.001602150297     
 dudt=    497802.4031697973     
 ---------------------
 rk4
 istep=     13000001
 grad_b=  -0.3984101376232884        2.3982291942525154E-002 
   3.9425378048693935E-002
 bsub=  -3.1444327522500697E-002  -5.6829893491144860E-002 
   0.8823374976467415     
 bsup=    0.000000000000000       -0.2274526338458687      
    1.099615558482932     
 b_abs=   0.9918143036738136     
 g=  -1.2801617636620957E-002
 j=    0.000000000000000         333.0546482919267      
   -237.6352228153369     
 v_perp_2=    9120014.471240858     
 b_n=   6.7707328409156349E-005  -0.2264390996642352      
    1.099683239498324     
 b_para_n=   0.9918142930334719     
 dxdt=   0.3271382230444730        -793.8159685540229      
    3861.690238985577     
 dudt=   -175679.1015254478     
 ---------------------
 rk4
 istep=     14000001
 grad_b=   0.7246109084667320        8.4523291299773984E-002 
  -0.1745701988488389     
 bsub=  -4.9786258869615851E-002   1.0204089922711594E-002 
    1.397909805907410     
 bsup=    0.000000000000000       -6.4205129329459376E-002 
    1.004861925722502     
 b_abs=    1.185019473465227     
 g=  -1.3146056695702960E-002
 j=    0.000000000000000         17.72903203350688      
    134.5160408172437     
 v_perp_2=    10896589.26166526     
 b_n=   2.1869850572995244E-004  -6.6036318189024709E-002 
    1.004883086254398     
 b_para_n=    1.185019479135029     
 dxdt=   0.9063223474427912        -181.9242973699800      
    2728.579301793859     
 dudt=    701646.4557193182     
 ---------------------
 rk4
 istep=     15000001
 grad_b=   -1.052142874632756       -7.5031825583442679E-002 
  -0.1482104308621946     
 bsub=   2.2902688654609017E-002  -8.5968566853254422E-002 
    1.103004869628787     
 bsup=    0.000000000000000       -0.6770356425060142      
   0.9083782469676845     
 b_abs=    1.029704709024899     
 g=  -1.6327741839457965E-002
 j=    0.000000000000000        -1166.477150834330      
    1060.314182696485     
 v_perp_2=    9468423.236561459     
 b_n=  -1.9808821989592787E-004  -0.6746356086559868      
   0.9085694699397873     
 b_para_n=    1.029704763065733     
 dxdt=  -0.9256431596849088        -2245.623549188587      
    3028.892396941599     
 dudt=    374310.3613500551     
 ---------------------
 rk4
 istep=     16000001
 grad_b=   0.1306501243138048        0.1856278903915003      
  -0.1024104778171656     
 bsub=  -5.8513230493295890E-002  -0.1577391552150286      
    1.464233010643247     
 bsup=    0.000000000000000       -0.9595875229104429      
   0.9279449620413227     
 b_abs=    1.228720038474842     
 g=  -1.8925691037811769E-002
 j=    0.000000000000000        -304.7118581035325      
   -112.7783308295300     
 v_perp_2=    11298423.71074253     
 b_n=   2.9527570151157020E-004  -0.9598015674323692      
   0.9279337004333216     
 b_para_n=    1.228720035259054     
 dxdt=    1.188435320338499        -2464.503430650941      
    2382.357621625940     
 dudt=    1022105.198827482     
 ---------------------
 rk4
 istep=     17000001
 grad_b=  -0.2759329036393627       -0.1616266408685996      
  -0.3046481612804924     
 bsub=   6.1895309653537636E-002   6.6003649151978924E-003 
    1.615304154284455     
 bsup=    0.000000000000000        -1.324543420523960      
   0.9758914350527587     
 b_abs=    1.252244998078784     
 g=  -1.4056596048435087E-002
 j=    0.000000000000000        -144.0868623356829      
    25.17045088357972     
 v_perp_2=    11514739.33719222     
 b_n=  -3.8363731310183622E-004   -1.323911310157758      
   0.9759035531989250     
 b_para_n=    1.252244999117430     
 dxdt=   -1.521188222369825        -3297.772793433958      
    2431.613659933104     
 dudt=    305551.1622852531     
 ---------------------
 rk4
 istep=     18000001
 grad_b=  -0.5313458098245500       -7.8790174478838432E-003 
   2.7427435894045993E-002
 bsub=  -4.1483350999156891E-002  -0.2377276553368581      
    1.521073665971527     
 bsup=    0.000000000000000        -1.272524041525351      
   0.9039563525797158     
 b_abs=    1.295167792532551     
 g=  -1.7989877747570521E-002
 j=    0.000000000000000         227.2963503608720      
    24.92678752322399     
 v_perp_2=    11909424.28211276     
 b_n=  -5.7894587309398451E-006   -1.271668931047208      
   0.9040898390421874     
 b_para_n=    1.295167792146466     
 dxdt=  -2.2370862952824557E-002   -2999.498402568121      
    2133.601222464826     
 dudt=   -123603.4170782491     
 ---------------------
 rk4
 istep=     19000001
 grad_b=   0.1505884491397287       -8.6873292328496332E-002 
  -7.0874981353395330E-002
 bsub=   7.4916169683779621E-002   0.1265075985323347      
    1.970298262001599     
 bsup=    0.000000000000000        -1.114254276965374      
    1.058530264267341     
 b_abs=    1.394495377218389     
 g=  -1.1476468888083390E-002
 j=    0.000000000000000        -549.1560151777716      
   -293.3684603063977     
 v_perp_2=    12822765.46026075     
 b_n=  -2.2072298613839663E-004   -1.114665274527704      
    1.058565036827625     
 b_para_n=    1.394495364511138     
 dxdt=  -0.8090611895180136        -2321.088732046933      
    2203.707080646982     
 dudt=   -71793.99916263760     
 ---------------------
 rk4
 istep=     20000001
 grad_b=   -1.259972377574500       -6.4674478190609286E-002 
   0.1540393376619441     
 bsub=  -2.3915816370884600E-002  -0.1095971286477118      
    1.289957109642574     
 bsup=    0.000000000000000       -0.8254165930532922      
   0.8630726255488319     
 b_abs=    1.097387379814098     
 g=  -2.0759908424223282E-002
 j=    0.000000000000000         663.1578501331153      
   -268.4702727891959     
 v_perp_2=    10090774.95763668     
 b_n=  -9.3021583913648095E-005  -0.8231497369277229      
   0.8632634841950594     
 b_para_n=    1.097387364534477     
 dxdt=  -0.4111925787453968        -2502.619559434888      
    2628.111858820552     
 dudt=   -780653.2325811071     
 ---------------------
 rk4
 istep=     21000001
 grad_b=   0.7334180267967726        1.1489296745756581E-002 
   0.1732904142380841     
 bsub=   5.4883235747737971E-002   0.1138264402771135      
    1.677635421836977     
 bsup=    0.000000000000000       -0.7083890041562559      
    1.069631323421886     
 b_abs=    1.309042014706741     
 g=  -9.5924974188470961E-003
 j=    0.000000000000000        -1972.218591558990      
    385.6044689018772     
 v_perp_2=    12036992.96779520     
 b_n=  -8.6964950716773404E-007  -0.7107475725156813      
    1.069791386831658     
 b_para_n=    1.309042024543164     
 dxdt=  -3.3337469558748769E-003   -1651.592562400504      
    2480.782288848193     
 dudt=   -622426.8309808628     
 ---------------------
 rk4
 istep=     22000001
 grad_b=  -0.6769033733216663        1.7659493985578908E-003 
   6.0609265258304429E-003
 bsub=   2.2057786175465000E-002  -6.5864156264077378E-002 
   0.9470503154303742     
 bsup=    0.000000000000000       -0.4064167321579436      
   0.9910128488711365     
 b_abs=   0.9825474892991863     
 g=  -1.6733845693813202E-002
 j=    0.000000000000000        -337.8541560556789      
    65.19018638721622     
 v_perp_2=    9034786.891676921     
 b_n=   4.6887656452259406E-006  -0.4049655242176365      
   0.9911136704313843     
 b_para_n=   0.9825474932966246     
 dxdt=   2.2846414139091463E-002   -1438.596789095922      
    3525.630347219112     
 dudt=   -24747.61778801589     
 ---------------------
 rk4
 istep=     23000001
 grad_b=   0.6121988998436046        1.7179255048354890E-002 
   0.1476941012605164     
 bsub=  -7.4120625867266920E-003   6.0695032397268867E-002 
    1.146956973411111     
 bsup=    0.000000000000000        0.2890074448174954      
    1.099388860177047     
 b_abs=    1.130695508832029     
 g=  -1.0232557733629612E-002
 j=    0.000000000000000         948.5952095502971      
   -375.0194064016023     
 v_perp_2=    10397044.35137944     
 b_n=   2.8293176651391616E-005   0.2871547554390638      
    1.099487071779728     
 b_para_n=    1.130695496211410     
 dxdt=   0.1219205565681479         834.0654007514163      
    3203.590986608028     
 dudt=   -680429.6720511166     
 ---------------------
 rk4
 istep=     24000001
 grad_b=   0.2355749962720440       -2.5593723678902301E-002 
  -0.1110632459793150     
 bsub=   3.0203870220244525E-002   3.1840324357857087E-002 
    1.020525315910650     
 bsup=    0.000000000000000        0.1877299503721296      
    1.103582830462178     
 b_abs=    1.064407883531875     
 g=  -1.1972588655421168E-002
 j=    0.000000000000000        -403.0018328569919      
    4.850714171036429     
 v_perp_2=    9787510.434641633     
 b_n=  -5.8966935186052957E-005   0.1870934273198037      
    1.103604434826318     
 b_para_n=    1.064407883222251     
 dxdt=  -0.2676361027678390         594.2355995587295      
    3510.334165583619     
 dudt=    550175.2604306566     
 ---------------------
 rk4
 istep=     25000001
 grad_b=  -0.3580976604992312        8.4100225944142726E-003 
   3.8100077608697033E-002
 bsub=  -3.4392744869470727E-002  -3.9943339362811990E-002 
   0.9172596595760150     
 bsup=    0.000000000000000       -0.2160725971557893      
    1.061932265610479     
 b_abs=   0.9915306457743994     
 g=  -1.4647867361760283E-002
 j=    0.000000000000000         679.6846601506414      
   -233.7190366920880     
 v_perp_2=    9117382.455336055     
 b_n=   2.3370704146464245E-005  -0.2152447289008899      
    1.061969180403919     
 b_para_n=   0.9915306345246672     
 dxdt=   0.1129480573818418        -755.0497866323399      
    3730.686057647107     
 dudt=   -179181.5508354359     
 ---------------------
 rk4
 istep=     26000001
 grad_b=   0.7704632370684300       -1.6093722968626784E-002 
  -0.1600862949108083     
 bsub=  -2.9841178877409863E-002   9.4906568230292865E-002 
    1.462183753557482     
 bsup=    0.000000000000000       -0.3175408825121701      
    1.092851407079150     
 b_abs=    1.252178276249282     
 g=  -8.7057824974761614E-003
 j=    0.000000000000000         1172.020010697692      
   -126.0261805819409     
 v_perp_2=    11514103.55868679     
 b_n=  -1.9940895117368497E-005  -0.3202234235188206      
    1.093025115279576     
 b_para_n=    1.252178274338422     
 dxdt=  -7.9072358092522999E-002   -801.9013230638861      
    2723.910048340634     
 dudt=    623603.2669348222     
 ---------------------
 rk4
 istep=     27000001
 grad_b=   -1.186698813467171        2.9063053903458910E-002 
  -0.1118032408947293     
 bsub=   5.2567066701975761E-003  -8.0127292511019937E-002 
    1.145736107336019     
 bsup=    0.000000000000000       -0.7014193578475114      
   0.8784758476296627     
 b_abs=    1.030719840457360     
 g=  -1.9726119573553417E-002
 j=    0.000000000000000        -44.50510934807653      
   -509.9718818965490     
 v_perp_2=    9477732.655566368     
 b_n=   4.1689423355833361E-005  -0.6990915854187465      
   0.8786384274229860     
 b_para_n=    1.030719815801101     
 dxdt=   0.1946400436458796        -2324.026125879560      
    2925.041133283719     
 dudt=    529035.6511942970     
 ---------------------
 rk4
 istep=     28000001
 grad_b=   0.5023015077004973        1.2362211561730957E-002 
  -9.5694879009978751E-002
 bsub=  -6.0265496140974928E-002   0.1634223164597394      
    1.969015941606680     
 bsup=    0.000000000000000       -0.9761563860126117      
    1.071927667171655     
 b_abs=    1.396801880621913     
 g=  -9.9573367984754010E-003
 j=    0.000000000000000         149.4494154758108      
   -91.40179835586744     
 v_perp_2=    12843949.04559251     
 b_n=   6.2419913575484644E-005  -0.9776915415424899      
    1.072056988722557     
 b_para_n=    1.396801877583143     
 dxdt=   0.2285471086584137        -2031.812906098328      
    2225.456417406202     
 dudt=    377360.0242642125     
 ---------------------
 rk4
 istep=     29000001
 grad_b=  -0.8168776583493667        0.1135996990706078      
  -0.1187128267066591     
 bsub=   3.5459176768564492E-002  -0.2164883085925635      
    1.493603179796231     
 bsup=    0.000000000000000        -1.174724973993294      
   0.8903900718339777     
 b_abs=    1.258712789678024     
 g=  -1.8424025424737721E-002
 j=    0.000000000000000        -30.09048140233884      
   -258.0270042868711     
 v_perp_2=    11574181.58331459     
 b_n=   1.6050305743832972E-004   -1.173369492991996      
   0.8905827215136103     
 b_para_n=    1.258712779899043     
 dxdt=   0.6338758002614356        -2897.689428100179      
    2201.139999131542     
 dudt=    873526.7617065632     
 ---------------------
 Elapsed time (seconds):     153.4615730000000     

real	2m33.471s
user	2m33.176s
sys	0m0.021s
>>> [PID 3634204] DONE  u=3500, v_perp=-3000, out=gc_grid/dat155.dat
