>>> [PID 3647826] START u=1500, v_perp=-1000, out=gc_grid/dat193.dat, dt=2e-09, steps=30000000
 outer boundary:   8.3000000000000462E-002
 rk4
 istep=            1
 grad_b=  -0.5028825161781708        4.9320670035189473E-003 
  -7.9835638553777538E-003
 bsub=   8.6923505721547591E-003   4.2252358919921448E-002 
    1.020726994510970     
 bsup=    0.000000000000000        0.5003171210801469      
   0.9181485417112332     
 b_abs=   0.9787596821249719     
 g=  -1.6418710010645016E-002
 j=    0.000000000000000         576.0999500742910      
    59.09751746007208     
 v_perp_2=    999999.9847721738     
 b_n=   5.3592208124597288E-006   0.5008291845175140      
   0.9181273011966601     
 b_para_n=   0.9787596838677587     
 dxdt=   1.0038458203047147E-002    767.7211021728800      
    1407.070498086673     
 dudt=    2537.917326634383     
 ---------------------
 rk4
 istep=      1000001
 grad_b=  -0.6910643944219507       -2.4217679072511648E-002 
  -0.1166064813255673     
 bsub=   8.7179729210811407E-002  -0.1430124238930560      
    1.623890958489363     
 bsup=    0.000000000000000        -1.241934484978619      
   0.9420431853449411     
 b_abs=    1.306799000763012     
 g=  -1.8364737207137605E-002
 j=    0.000000000000000         1327.032887039279      
   -384.5306656842448     
 v_perp_2=    1335158.078227974     
 b_n=  -2.5850694899453411E-005   -1.241421151553756      
   0.9420897742978387     
 b_para_n=    1.306798992089482     
 dxdt=  -3.6916797582383032E-002   -1314.359602572269      
    997.6023211055216     
 dudt=    31184.10649769381     
 ---------------------
 rk4
 istep=      2000001
 grad_b=  -0.4334915286587657       -0.1242626831526478      
  -0.1463067855756942     
 bsub=   5.2988652033905931E-002  -3.9487153983017054E-002 
   0.9953822053574045     
 bsup=    0.000000000000000       -0.6173306666547351      
    1.079103175827189     
 b_abs=    1.047424525183735     
 g=  -9.9407450014866380E-003
 j=    0.000000000000000        -424.3906355376284      
    213.5188441359921     
 v_perp_2=    1070154.844532454     
 b_n=  -1.8335843891860307E-004  -0.6167305499934344      
    1.079136747920717     
 b_para_n=    1.047424529240318     
 dxdt=  -0.3219013574177252        -869.1241098348119      
    1521.142428372439     
 dudt=    39587.78295481536     
 ---------------------
 rk4
 istep=      3000001
 grad_b=   -1.018149877306788        9.3347376553042871E-002 
   0.1819596944495699     
 bsub=  -2.8741870086732457E-002  -8.2048388778057396E-002 
    1.146355249679315     
 bsup=    0.000000000000000       -0.7595242520445729      
   0.9014396385768689     
 b_abs=    1.047012580481429     
 g=  -1.6262118451578576E-002
 j=    0.000000000000000        -850.3170114639447      
    948.0414399013406     
 v_perp_2=    1069733.947674255     
 b_n=   1.0566033920402416E-004  -0.7585174501939508      
   0.9015143665357725     
 b_para_n=    1.047012600961204     
 dxdt=   0.1855651584025779        -1069.367480204379      
    1271.406183001252     
 dudt=   -45437.37255154902     
 ---------------------
 rk4
 istep=      4000001
 grad_b=  -0.6959608435846716        0.1743242697660633      
  -0.1114929253506037     
 bsub=  -5.9775488252181621E-003  -0.1255975740943346      
    1.284716365699143     
 bsup=    0.000000000000000       -0.7685092032701797      
   0.8808026249329748     
 b_abs=    1.108153823539891     
 g=  -2.0459106435219136E-002
 j=    0.000000000000000         141.9967473089466      
   -466.1204035990147     
 v_perp_2=    1132201.937019832     
 b_n=   1.2722606272130699E-004  -0.7679669907376034      
   0.8808562168652201     
 b_para_n=    1.108153813932640     
 dxdt=   0.2117385781268450        -1008.330282432521      
    1156.789440707289     
 dudt=    107030.0875057730     
 ---------------------
 rk4
 istep=      5000001
 grad_b=   0.3759560431859291       -7.4382329921039964E-002 
   0.1745600556048123     
 bsub=   1.0287724736123435E-002   2.5061462079889393E-002 
    1.160399533894751     
 bsup=    0.000000000000000        0.8057336154961691      
   0.9930299253256586     
 b_abs=    1.082996410345429     
 g=  -1.2072769968175082E-002
 j=    0.000000000000000        -123.1706049689972      
    283.2361348870554     
 v_perp_2=    1106498.542679266     
 b_n=  -9.8095015499082054E-005   0.8052636645150192      
   0.9930409496488456     
 b_para_n=    1.082996415688269     
 dxdt=  -0.1668394727971904         1088.447667402531      
    1342.465933502567     
 dudt=   -53496.07633790131     
 ---------------------
 rk4
 istep=      6000001
 grad_b=   0.1117478025120088       -0.1154933103464146      
  -0.1677481467227269     
 bsub=   6.6360843358599680E-002   0.1119817044302064      
    1.943618415486291     
 bsup=    0.000000000000000        -1.269979076035316      
    1.052626265378184     
 b_abs=    1.379520439342264     
 g=  -1.1510326463990724E-002
 j=    0.000000000000000         339.6010425971686      
   -170.4759541308737     
 v_perp_2=    1409457.389799524     
 b_n=  -1.3327203807933266E-004   -1.270127010651086      
    1.052639336988826     
 b_para_n=    1.379520436593411     
 dxdt=  -0.1812475100680886        -1249.140586325948      
    1035.205236771101     
 dudt=    11073.02267298211     
 ---------------------
 rk4
 istep=      7000001
 grad_b=   0.3334297734161725       -8.6701435619489009E-002 
  -0.1546135218791334     
 bsub=   3.6536216519516024E-002   5.4762552487011840E-002 
    1.117859480157703     
 bsup=    0.000000000000000       -0.3254460967879346      
    1.141066945188966     
 b_abs=    1.120821764969859     
 g=  -8.7338641031227560E-003
 j=    0.000000000000000        -421.8105278609012      
    149.9148343530580     
 v_perp_2=    1145144.671157533     
 b_n=  -1.2236029721699902E-004  -0.3259695263636255      
    1.141096588790143     
 b_para_n=    1.120821767163497     
 dxdt=  -0.2014701079564250        -422.1251512003196      
    1477.066487636761     
 dudt=    67550.45334463353     
 ---------------------
 rk4
 istep=      8000001
 grad_b=   -1.228439063979541       -1.3488531455001068E-002 
   0.1310214403782801     
 bsub=  -1.1448980274748499E-002  -8.5504049442598873E-002 
    1.165174241602250     
 bsup=    0.000000000000000       -0.7406407879940072      
   0.8700878006614439     
 b_abs=    1.037742211238715     
 g=  -1.9765920921130498E-002
 j=    0.000000000000000        -453.5478257091700      
   -578.7538598322276     
 v_perp_2=    1060262.185969120     
 b_n=  -3.2826304947523461E-006  -0.7396009108838009      
   0.8701640675436056     
 b_para_n=    1.037742199757548     
 dxdt=  -5.8141255592493281E-003   -1054.280474358291      
    1240.843310038709     
 dudt=   -61036.82392215940     
 ---------------------
 rk4
 istep=      9000001
 grad_b=   -1.034478929790133        9.5090758440909362E-002 
  -0.1087316278569785     
 bsub=   8.8017295342263883E-004  -8.5783346340373323E-002 
    1.190339238333840     
 bsup=    0.000000000000000       -0.6924170844264840      
   0.8741101863867041     
 b_abs=    1.048693831492414     
 g=  -2.0528795796662731E-002
 j=    0.000000000000000        -200.9309170254313      
    326.9970677240055     
 v_perp_2=    1071451.361288292     
 b_n=   7.1036177427806553E-005  -0.6915749607570220      
   0.8741708289169371     
 b_para_n=    1.048693838664166     
 dxdt=   0.1245664280904532        -973.0700569379242      
    1230.378211506085     
 dudt=    78372.40573064568     
 ---------------------
 rk4
 istep=     10000001
 grad_b=   0.6976184143499715       -1.6256699662208635E-002 
   0.1587871250200788     
 bsub=   1.1804594075621158E-002   5.5355136636494245E-002 
    1.199719519564365     
 bsup=    0.000000000000000        0.5427744127589398      
    1.070560427836400     
 b_abs=    1.146722762517032     
 g=  -1.0220233875240440E-002
 j=    0.000000000000000        -715.4347465732604      
   -109.6594839197780     
 v_perp_2=    1171607.563768440     
 b_n=  -3.1751481513908676E-005   0.5418372567341070      
    1.070603978335802     
 b_para_n=    1.146722760050058     
 dxdt=  -5.1169121264115124E-002    680.8672484739817      
    1345.981766151684     
 dudt=   -71798.04174431588     
 ---------------------
 rk4
 istep=     11000001
 grad_b=   0.3824758360639455       -5.2785853258094081E-002 
  -0.1265388607878737     
 bsub=   2.6836290432350578E-002   0.1743735801079598      
    2.119444996656128     
 bsup=    0.000000000000000        -1.580850268089895      
    1.078465514302532     
 b_abs=    1.417695450167597     
 g=  -7.6035952691095882E-003
 j=    0.000000000000000        -267.2539957595314      
    518.5141676465257     
 v_perp_2=    1448460.530866200     
 b_n=  -8.2521333713727338E-005   -1.581598225744802      
    1.078528102253096     
 b_para_n=    1.417695459406634     
 dxdt=  -0.1095355676221060        -1497.675304088043      
    1021.128830643319     
 dudt=    19105.61010336735     
 ---------------------
 rk4
 istep=     12000001
 grad_b=   0.4506019282294738       -5.4529957786543064E-002 
  -0.1460844744379342     
 bsub=   2.3930011568498062E-002   5.8577601444482749E-002 
    1.115122947103019     
 bsup=    0.000000000000000       -9.4151487305300652E-003 
    1.126993851855758     
 b_abs=    1.120645339639816     
 g=  -9.7252478339860983E-003
 j=    0.000000000000000         255.9289711377895      
    230.3615836795717     
 v_perp_2=    1144964.169084995     
 b_n=  -6.4934894377327161E-005  -1.0043949242959493E-002 
    1.127028280477327     
 b_para_n=    1.120645343769017     
 dxdt=  -0.1069332143803581        -13.22507496856787      
    1459.150125514590     
 dudt=    74816.06432096279     
 ---------------------
 rk4
 istep=     13000001
 grad_b=   -1.215685864840223       -5.9146729212848026E-002 
   0.1319353471197330     
 bsub=  -1.2254695810700785E-002  -9.3105687836052956E-002 
    1.213169924568149     
 bsup=    0.000000000000000       -0.7504996294752386      
   0.8651383870514249     
 b_abs=    1.058152200688469     
 g=  -2.0538547286700990E-002
 j=    0.000000000000000        -887.6384617636693      
   -154.4283599285559     
 v_perp_2=    1081114.852065291     
 b_n=  -3.9843242869658891E-005  -0.7495126498630760      
   0.8652137295333400     
 b_para_n=    1.058152198878004     
 dxdt=  -6.9273666918130833E-002   -1042.813262492297      
    1204.212044789321     
 dudt=   -76535.36016035704     
 ---------------------
 rk4
 istep=     14000001
 grad_b=   -1.080580965233528        5.5276803707882807E-002 
  -9.5747834593132020E-002
 bsub=  -1.5191778221187177E-003  -7.4826218278505316E-002 
    1.137596427938750     
 bsup=    0.000000000000000       -0.6639437919987715      
   0.8794501459815899     
 b_abs=    1.024686169596037     
 g=  -2.0158113384671793E-002
 j=    0.000000000000000         746.5644762636666      
   -141.4598995611690     
 v_perp_2=    1046922.478602670     
 b_n=   4.0876820899682323E-005  -0.6630418399694576      
   0.8795095234802341     
 b_para_n=    1.024686165567267     
 dxdt=   7.3279593969650184E-002   -960.1178823455816      
    1274.006166667716     
 dudt=    60276.95132112734     
 ---------------------
 rk4
 istep=     15000001
 grad_b=   0.7177646709974492        1.2300752760028857E-002 
   0.1567924169248104     
 bsub=   6.4885961428886064E-003   6.9881936885405380E-002 
    1.229191252314334     
 bsup=    0.000000000000000        0.2537894029324907      
    1.099986895494807     
 b_abs=    1.170370175503206     
 g=  -9.3303409642893527E-003
 j=    0.000000000000000        -1055.197031892651      
    73.00905564752770     
 v_perp_2=    1195767.876948869     
 b_n=   4.8841124761607502E-006   0.2527554881093829      
    1.100045650010738     
 b_para_n=    1.170370175723337     
 dxdt=   7.7220061312444970E-003    309.1610352172233      
    1347.159353805057     
 dudt=   -76643.17504984369     
 ---------------------
 rk4
 istep=     16000001
 grad_b=   0.3905807115291923       -3.6066004985782198E-002 
  -0.1069226467807619     
 bsub=   7.8073393034255372E-003   0.1941217780096662      
    2.163201468945027     
 bsup=    0.000000000000000        -1.569504267127196      
    1.081012042453828     
 b_abs=    1.426757384775044     
 g=  -6.9135828209164691E-003
 j=    0.000000000000000         283.4805130032856      
   -374.1160847786608     
 v_perp_2=    1457718.795271917     
 b_n=  -5.6985286319015667E-005   -1.570345915913413      
    1.081087771857883     
 b_para_n=    1.426757378253815     
 dxdt=  -7.5215372171421463E-002   -1473.814841495901      
    1014.439789765579     
 dudt=    21117.39538302730     
 ---------------------
 rk4
 istep=     17000001
 grad_b=   0.4404069558760879       -3.4800326688424019E-002 
  -0.1383432165253485     
 bsub=   2.0772852559052986E-002   5.3980962203445698E-002 
    1.094117267692740     
 bsup=    0.000000000000000        0.1643978597076815      
    1.111536185595085     
 b_abs=    1.106512616637634     
 g=  -1.0606505490262784E-002
 j=    0.000000000000000        -10.44945634973692      
    147.1629969358239     
 v_perp_2=    1130524.501022831     
 b_n=  -3.5896887824095332E-005   0.1638293653402132      
    1.111564917733679     
 b_para_n=    1.106512619145741     
 dxdt=  -5.9825747065880543E-002    215.3512867974005      
    1462.499257309984     
 dudt=    73634.84285297059     
 ---------------------
 rk4
 istep=     18000001
 grad_b=   -1.158488952674979       -9.0857370948832297E-002 
   0.1347444908720937     
 bsub=  -1.4649839585316200E-002  -0.1078852742942577      
    1.261139825817918     
 bsup=    0.000000000000000       -0.7733490143153114      
   0.8638084682422649     
 b_abs=    1.083057201428057     
 g=  -2.0724095461204513E-002
 j=    0.000000000000000        -909.8820746570200      
    293.0184493217562     
 v_perp_2=    1106560.055660853     
 b_n=  -6.3034360747180534E-005  -0.7724297634874994      
   0.8638863806940742     
 b_para_n=    1.083057209102143     
 dxdt=  -0.1072027942823399        -1043.830128716867      
    1167.806798905983     
 dudt=   -88041.68639470631     
 ---------------------
 rk4
 istep=     19000001
 grad_b=   -1.051974751665650        2.8741709597276354E-002 
  -7.9651370512883998E-002
 bsub=  -4.5957454867405993E-003  -7.1624255674543502E-002 
    1.094649321135951     
 bsup=    0.000000000000000       -0.6279752553463057      
   0.8896372381298889     
 b_abs=    1.009249506008892     
 g=  -1.9653940858991612E-002
 j=    0.000000000000000         1262.840333693163      
   -708.4297004451089     
 v_perp_2=    1031150.596216838     
 b_n=   2.0049841505539717E-005  -0.6270785622513603      
   0.8896959786931302     
 b_para_n=    1.009249489361088     
 dxdt=   3.6468212933494018E-002   -925.2157297829292      
    1313.147970960983     
 dudt=    45003.39628312730     
 ---------------------
 rk4
 istep=     20000001
 grad_b=   0.7242698606298547        2.8401869733792714E-002 
   0.1578826341794452     
 bsub=   1.8379653433120043E-003   7.9821498499502236E-002 
    1.262482093553926     
 bsup=    0.000000000000000        5.9453348776799531E-003 
    1.118503339003819     
 b_abs=    1.188541621810384     
 g=  -8.6742259561487043E-003
 j=    0.000000000000000        -748.1305885306194      
    290.2911878344791     
 v_perp_2=    1214333.377645337     
 b_n=   2.8326688241061946E-005   4.8318543602977838E-003 
    1.118573702347342     
 b_para_n=    1.188541625883666     
 dxdt=   4.4146656257378590E-002    5.401656709465851      
    1342.801086535618     
 dudt=   -75974.12649446627     
 ---------------------
 rk4
 istep=     21000001
 grad_b=   0.4222705989211060       -2.1552723806833748E-002 
  -7.9577146572836752E-002
 bsub=  -7.8078614945704039E-003   0.1931026792186188      
    2.146885645431309     
 bsup=    0.000000000000000        -1.454710306195637      
    1.077733964658900     
 b_abs=    1.425830843897343     
 g=  -7.0875278054882262E-003
 j=    0.000000000000000         1547.613886768389      
    66.97535139883531     
 v_perp_2=    1456771.822570282     
 b_n=  -3.0047446048128265E-005   -1.455591103532025      
    1.077813081674163     
 b_para_n=    1.425830847730315     
 dxdt=  -3.9682626715368166E-002   -1367.401013321708      
    1012.292851307695     
 dudt=    19494.15772926468     
 ---------------------
 rk4
 istep=     22000001
 grad_b=   0.3926788182387192       -1.9473859631786862E-002 
  -0.1303157592643299     
 bsub=   1.9920925364669530E-002   4.8636103581920415E-002 
    1.072597909672325     
 bsup=    0.000000000000000        0.2700048862916549      
    1.096387837024224     
 b_abs=    1.090151377776382     
 g=  -1.1462420833226900E-002
 j=    0.000000000000000        -744.9010026486701      
   -31.54127915771271     
 v_perp_2=    1113807.961702589     
 b_n=  -1.6331150020621285E-005   0.2695291989502852      
    1.096409708850913     
 b_para_n=    1.090151376643657     
 dxdt=  -2.7603343214878003E-002    361.1929775349494      
    1469.969994065460     
 dudt=    69416.62948253647     
 ---------------------
 rk4
 istep=     23000001
 grad_b=   -1.063519400042134       -0.1202722385932387      
   0.1354328469432130     
 bsub=  -1.5801467589001857E-002  -0.1284473834236408      
    1.308404995803501     
 bsup=    0.000000000000000       -0.8110025021049883      
   0.8651155654812861     
 b_abs=    1.111751014029432     
 g=  -2.0517936060243699E-002
 j=    0.000000000000000        -579.5740840276328      
    439.4371342909484     
 v_perp_2=    1135876.274039576     
 b_n=  -8.3954528374280895E-005  -0.8101691531977768      
   0.8651963707730362     
 b_para_n=    1.111751024072654     
 dxdt=  -0.1392964769159916        -1059.286263917809      
    1131.574745021534     
 dudt=   -98657.52722243340     
 ---------------------
 rk4
 istep=     24000001
 grad_b=  -0.9978543399265064        9.1719472838390128E-003 
  -6.4635452890337231E-002
 bsub=  -6.8839597764469200E-003  -7.3115477321724909E-002 
    1.055842953333963     
 bsup=    0.000000000000000       -0.5826993794499929      
   0.9041797404117001     
 b_abs=   0.9985905749634023     
 g=  -1.9034463472765890E-002
 j=    0.000000000000000         1244.585373535294      
   -909.0939529747707     
 v_perp_2=    1020260.130634153     
 b_n=   4.0807439371109878E-006  -0.5818318783170985      
   0.9042398205522058     
 b_para_n=   0.9985905542761476     
 dxdt=   7.4981608533430145E-003   -869.7390974861432      
    1352.165584588747     
 dudt=    32631.36446463820     
 ---------------------
 rk4
 istep=     25000001
 grad_b=   0.7001788586287779        5.1087192643459130E-002 
   0.1621676294610097     
 bsub=  -5.6515241902348745E-003   8.8587884406242684E-002 
    1.293405769713829     
 bsup=    0.000000000000000       -0.2235126665474492      
    1.132428461957631     
 b_abs=    1.202152438560329     
 g=  -8.1745658593862860E-003
 j=    0.000000000000000        -582.5929072691314      
    37.01026244373242     
 v_perp_2=    1228239.273977984     
 b_n=   6.5111134984448268E-005  -0.2246541353303402      
    1.132506927838909     
 b_para_n=    1.202152438511936     
 dxdt=   0.1004052695858619        -266.1273519596867      
    1339.538941586674     
 dudt=   -73186.15820684588     
 ---------------------
 rk4
 istep=     26000001
 grad_b=   0.4566788761024791        1.0591267024905419E-002 
  -3.9417771603062465E-002
 bsub=  -3.2200039603021736E-002   0.1849015698231359      
    2.086210199304048     
 bsup=    0.000000000000000        -1.231919015979429      
    1.078811647976054     
 b_abs=    1.422904022311216     
 g=  -8.3214830230335796E-003
 j=    0.000000000000000         21.13567543907743      
    26.48384318126010     
 v_perp_2=    1453781.162389692     
 b_n=   2.4453175486293826E-005   -1.232710813201907      
    1.078882203030969     
 b_para_n=    1.422904022826035     
 dxdt=   3.2353116979458363E-002   -1161.390033640969      
    1016.224213182991     
 dudt=    19951.39989503310     
 ---------------------
 rk4
 istep=     27000001
 grad_b=   0.3204349931473571        3.4767464533604769E-004 
  -0.1249629303908943     
 bsub=   1.8180421539482326E-002   4.3985079748352293E-002 
    1.057143486127396     
 bsup=    0.000000000000000        0.3549459030071491      
    1.074226981705880     
 b_abs=    1.072791754495916     
 g=  -1.2384738219135050E-002
 j=    0.000000000000000        -1015.311027051706      
   -130.7359828975622     
 v_perp_2=    1096071.380406648     
 b_n=   6.3167223514372862E-006   0.3545785421965088      
    1.074242154920573     
 b_para_n=    1.072791751430269     
 dxdt=   1.0840276189410905E-002    484.9513639905006      
    1469.616365439313     
 dudt=    63863.97770377622     
 ---------------------
 rk4
 istep=     28000001
 grad_b=  -0.9032863972030905       -0.1518382507208234      
   0.1314223562215728     
 bsub=  -1.3011879706496992E-002  -0.1567022246536294      
    1.356539270339667     
 bsup=    0.000000000000000       -0.8755822828413857      
   0.8699972221996632     
 b_abs=    1.147660960705459     
 g=  -1.9841057819351207E-002
 j=    0.000000000000000        -181.9238111865578      
    173.3131134831815     
 v_perp_2=    1172565.200471454     
 b_n=  -1.0696257110024295E-004  -0.8748762619358981      
   0.8700777562595178     
 b_para_n=    1.147660964497833     
 dxdt=  -0.1722434113172197        -1098.494289272639      
    1092.746693026484     
 dudt=   -110071.6585896318     
 ---------------------
 rk4
 istep=     29000001
 grad_b=  -0.9470773336238643       -7.1566347529140907E-003 
  -5.4128145282612249E-002
 bsub=  -6.3835064550586927E-003  -8.0140153247312024E-002 
    1.018253662128439     
 bsup=    0.000000000000000       -0.5355070217947713      
   0.9237358297518704     
 b_abs=   0.9918503597499195     
 g=  -1.8065805028902465E-002
 j=    0.000000000000000         1160.887411488217      
   -450.8484137356919     
 v_perp_2=    1013373.422676133     
 b_n=  -1.0233884318528046E-005  -0.5346577390542530      
   0.9238025963928771     
 b_para_n=   0.9918503487157997     
 dxdt=  -1.8926618622058713E-002   -805.8795637259276      
    1392.954338505443     
 dudt=    23778.54691817264     
 ---------------------
 Elapsed time (seconds):     150.6689410000000     

real	2m30.682s
user	2m30.256s
sys	0m0.020s
>>> [PID 3647826] DONE  u=1500, v_perp=-1000, out=gc_grid/dat193.dat
