>>> [PID 3600689] START u=4500, v_perp=-10000, out=gc_grid/dat10.dat, dt=2e-09, steps=30000000
 outer boundary:   8.3000000000000462E-002
 rk4
 istep=            1
 grad_b=  -0.5028821895408362        4.9317642819848573E-003 
  -7.9829195388306656E-003
 bsub=   8.6924345925544107E-003   4.2252311671625402E-002 
    1.020727178172348     
 bsup=    0.000000000000000        0.5003111336216101      
   0.9181485981664130     
 b_abs=   0.9787596523180900     
 g=  -1.6418740300976523E-002
 j=    0.000000000000000         576.0999776849126      
    59.09305195433371     
 v_perp_2=    99999995.43184423     
 b_n=   1.6076630766547168E-005   0.5018473206546378      
   0.9180848768481948     
 b_para_n=   0.9787596575461688     
 dxdt=   0.2564205167894358         2324.760257652268      
    4220.315299789545     
 dudt=    253770.3403925342     
 ---------------------
 rk4
 istep=      1000001
 grad_b=   0.2751517459888554        0.1796775315052458      
  -0.1295600024618753     
 bsub=  -5.1824158718996642E-002  -9.2076421109925005E-002 
    1.408601076626776     
 bsup=    0.000000000000000       -0.6423651172639260      
   0.9398638548311242     
 b_abs=    1.176144719284354     
 g=  -1.8405097727248906E-002
 j=    0.000000000000000         240.8498885725755      
   -48.54373933008220     
 v_perp_2=    120166827.5255929     
 b_n=  -2.8578539582803788E-005  -0.6423199847177143      
   0.9398657537906765     
 b_para_n=    1.176144719532547     
 dxdt=    5.069262557953599         149.5052888212715      
   -230.7959810736000     
 dudt=    10302071.01242231     
 ---------------------
 Particle has exited the domain at step       1301532  s =  
   8.3000005426036916E-002
 Elapsed time (seconds):     6.855526000000000     

real	0m6.865s
user	0m6.840s
sys	0m0.016s
>>> [PID 3600689] DONE  u=4500, v_perp=-10000, out=gc_grid/dat10.dat
