>>> [PID 3629980] START u=7000, v_perp=-4000, out=gc_grid/dat141.dat, dt=2e-09, steps=30000000
 outer boundary:   8.3000000000000462E-002
 rk4
 istep=            1
 grad_b=  -0.5028819351089202        4.9315061217682088E-003 
  -7.9823765382498607E-003
 bsub=   8.6925038163009755E-003   4.2252272617129362E-002 
    1.020727331574446     
 bsup=    0.000000000000000        0.5003061688129089      
   0.9181486436908234     
 b_abs=   0.9787596274809660     
 g=  -1.6418765519187702E-002
 j=    0.000000000000000         576.0999511512834      
    59.08925213200448     
 v_perp_2=    15999998.86307711     
 b_n=   2.5006721005381163E-005   0.5026957884651519      
   0.9180495219475094     
 b_para_n=   0.9787596356131586     
 dxdt=   0.2080451124547559         3598.024850938915      
    6565.691111505686     
 dudt=    40600.37909151983     
 ---------------------
 rk4
 istep=      1000001
 grad_b=  -0.1948976458560426       -4.2298216616072214E-002 
   7.8669675629511993E-002
 bsub=  -1.8065898761413901E-002   3.3670541063138465E-002 
    1.019450199136120     
 bsup=    0.000000000000000        0.3284115233713398      
   0.9820376183742323     
 b_abs=    1.006340847080652     
 g=  -1.5032605218403314E-002
 j=    0.000000000000000         894.6902646595627      
   -211.7344726349482     
 v_perp_2=    16450859.33615021     
 b_n=  -2.1915002449868481E-004   0.3293561388833498      
   0.9820025192952112     
 b_para_n=    1.006340830281617     
 dxdt=   -1.774432395009321         2281.510154687458      
    6799.166138668977     
 dudt=   -514659.4133840142     
 ---------------------
 rk4
 istep=      2000001
 grad_b=  -0.4182759649982996       -8.6826874317662874E-003 
   2.2078780149636656E-002
 bsub=  -3.3512844295407226E-002  -2.2509570429696708E-002 
   0.9586414714000193     
 bsup=    0.000000000000000       -0.2166595198648346      
    1.007939748645178     
 b_abs=   0.9855606114964746     
 g=  -1.6629972209176835E-002
 j=    0.000000000000000         777.9769458053328      
   -141.1027606875764     
 v_perp_2=    16111145.09555737     
 b_n=  -3.5441844131923495E-005  -0.2148470219511361      
    1.007981053496257     
 b_para_n=   0.9855605970384861     
 dxdt=  -0.2928729462035723        -1522.112828398060      
    7151.166715475084     
 dudt=   -200162.0313086180     
 ---------------------
 rk4
 istep=      3000001
 grad_b=  -0.8632259227163139        1.1477008110404934E-002 
  -4.1518303829315838E-002
 bsub=  -1.7034700064976323E-002  -5.8032128080859308E-002 
    1.026618537274090     
 bsup=    0.000000000000000       -0.4993225169287546      
   0.9318453206701359     
 b_abs=   0.9928528580127360     
 g=  -1.8686264354765329E-002
 j=    0.000000000000000         369.5844346143596      
   -581.1832121880376     
 v_perp_2=    16230336.43173636     
 b_n=   3.7176022007578083E-005  -0.4958047806109189      
   0.9320447305232467     
 b_para_n=   0.9928528004460817     
 dxdt=   0.3049998942471430        -3483.274506562870      
    6556.049669910834     
 dudt=    365679.3171555452     
 ---------------------
 rk4
 istep=      4000001
 grad_b=   -1.195658962783242        5.9570787183885310E-002 
  -0.1222035167294025     
 bsub=   7.7952800496788755E-003  -8.5347271870088559E-002 
    1.193738278304980     
 bsup=    0.000000000000000       -0.7294435129472411      
   0.8764548330200410     
 b_abs=    1.052873220252553     
 g=  -2.0038561737580115E-002
 j=    0.000000000000000        -805.9425006556221      
   -13.59691196787162     
 v_perp_2=    17211482.56402773     
 b_n=   1.9756078911412905E-004  -0.7247998629862554      
   0.8767855481838511     
 b_para_n=    1.052873224560996     
 dxdt=    1.530727586172093        -4753.378980807407      
    5757.163701333627     
 dudt=    1168812.313763936     
 ---------------------
 rk4
 istep=      5000001
 grad_b=   -1.106458330649189        0.1164749053147159      
  -0.1527396096355424     
 bsub=   2.8298958643904342E-002  -0.1519445532811290      
    1.389746260759224     
 bsup=    0.000000000000000       -0.9302132780774643      
   0.8723491171244067     
 b_abs=    1.163553628251887     
 g=  -1.9964389033951563E-002
 j=    0.000000000000000         667.2276128013023      
    116.8062078870720     
 v_perp_2=    19020774.70340990     
 b_n=   3.6392156153183651E-004  -0.9261888700340436      
   0.8727817090065587     
 b_para_n=    1.163553632265022     
 dxdt=    2.559484062452527        -5392.665502350814      
    5086.798979696271     
 dudt=    1697083.391740177     
 ---------------------
 rk4
 istep=      6000001
 grad_b=  -0.6724936770194272        8.4406278512188238E-002 
  -8.2943557861328315E-002
 bsub=   3.0458258057704014E-002  -0.2294066768407739      
    1.512334235736331     
 bsup=    0.000000000000000        -1.231756576998550      
   0.8978070479120840     
 b_abs=    1.280856163423672     
 g=  -1.7617868108754681E-002
 j=    0.000000000000000         328.1088594990622      
   -175.1604254700500     
 v_perp_2=    20938316.25206981     
 b_n=   2.6097173448788981E-004   -1.229319143780946      
   0.8981715120108479     
 b_para_n=    1.280856145329697     
 dxdt=    1.673805128505612        -6367.811333830983      
    4655.124883968549     
 dudt=    1138655.745819883     
 ---------------------
 rk4
 istep=      7000001
 grad_b=  -0.2915746569772449       -0.1253473067602359      
   6.6291150890383357E-002
 bsub=   3.4611886317847416E-002  -0.2307366900975949      
    1.490636869561371     
 bsup=    0.000000000000000        -1.210514254875144      
   0.9036699414427584     
 b_abs=    1.275349951156940     
 g=  -1.8061660610205987E-002
 j=    0.000000000000000        -461.8959166349476      
   -22.59964485185892     
 v_perp_2=    20848285.09064164     
 b_n=  -4.0592738429319925E-004   -1.209480425705485      
   0.9038393973516867     
 b_para_n=    1.275349955071475     
 dxdt=   -2.614240960367153        -6300.218403210401      
    4709.284289578502     
 dudt=   -1356371.474409378     
 ---------------------
 rk4
 istep=      8000001
 grad_b=   0.2886029997407906       -0.1404905770755850      
   9.3297411911216294E-002
 bsub=   8.4092841961798170E-002  -0.1310585141329164      
    1.564945851270443     
 bsup=    0.000000000000000        -1.053935141552185      
   0.9558139275381120     
 b_abs=    1.278170675672482     
 g=  -1.7342398169452149E-002
 j=    0.000000000000000         473.9100621381995      
   -327.7172401983601     
 v_perp_2=    20894376.95793302     
 b_n=  -5.0915774164362920E-004   -1.055023403131713      
   0.9557501242452375     
 b_para_n=    1.278170644945457     
 dxdt=   -3.272152299200807        -5483.102141789092      
    4965.873357499637     
 dudt=   -1517099.858503850     
 ---------------------
 rk4
 istep=      9000001
 grad_b=   0.7312968670748689       -4.8556851424560982E-002 
   0.1594987648602809     
 bsub=   7.8592952105213137E-002   3.7368365568178644E-002 
    1.605218528109777     
 bsup=    0.000000000000000       -0.6501213072370047      
    1.024541307185390     
 b_abs=    1.272726247539767     
 g=  -1.2312040251297892E-002
 j=    0.000000000000000        -617.4329907107817      
    343.7747178753939     
 v_perp_2=    20805358.01851819     
 b_n=  -2.9259492833577801E-004  -0.6541712700971376      
    1.024649935822512     
 b_para_n=    1.272726276068375     
 dxdt=   -1.888070358789235        -3421.950124703646      
    5352.247053722197     
 dudt=   -1252179.529557619     
 ---------------------
 rk4
 istep=     10000001
 grad_b=   0.8285599196736881       -5.9237080994863182E-003 
   0.1657522383647766     
 bsub=   2.8095059636364897E-002   6.7267405816352766E-002 
    1.338459468643239     
 bsup=    0.000000000000000        0.1029290961965655      
    1.078420490696238     
 b_abs=    1.204234639378192     
 g=  -9.4780376604050257E-003
 j=    0.000000000000000        -321.3950598666291      
   -238.5915288419017     
 v_perp_2=    19685701.67939657     
 b_n=  -9.7749505603231187E-005   9.7270915104806427E-002 
    1.078706888898247     
 b_para_n=    1.204234618571125     
 dxdt=  -0.6651008685430864         536.8676431747476      
    6030.245882303564     
 dudt=   -1209098.203555268     
 ---------------------
 rk4
 istep=     11000001
 grad_b=   0.5295811996305946        1.8007385665767442E-002 
   0.1391873074145439     
 bsub=  -1.4455966147800120E-002   5.3839447876880824E-002 
    1.109778963819343     
 bsup=    0.000000000000000        0.2762506275726424      
    1.098486558464050     
 b_abs=    1.110496469646814     
 g=  -1.0781111984840577E-002
 j=    0.000000000000000         353.8111294200564      
   -199.2917207220212     
 v_perp_2=    18153340.41968687     
 b_n=   6.7269143321893954E-005   0.2730745782999555      
    1.098641501752892     
 b_para_n=    1.110496454899186     
 dxdt=   0.4949397160788078         1679.281964766678      
    6771.579895169386     
 dudt=   -1161959.188293988     
 ---------------------
 rk4
 istep=     12000001
 grad_b=   8.0215600382373964E-003   2.8995560357923379E-002 
   8.6702959052382081E-002
 bsub=  -3.8286718531995265E-002   2.7960115082293520E-003 
   0.9599566446559401     
 bsup=    0.000000000000000        8.8932218031050558E-002 
    1.104593765386092     
 b_abs=    1.029595302494606     
 g=  -1.2673601570126310E-002
 j=    0.000000000000000         231.2827441745569      
    34.99673651916998     
 v_perp_2=    16830828.60744013     
 b_n=   1.4911864587714967E-004   8.8872682412226497E-002 
    1.104599889371385     
 b_para_n=    1.029595305441857     
 dxdt=    1.180806858441573         599.0119337873664      
    7446.007167934363     
 dudt=   -780759.0530236186     
 ---------------------
 rk4
 istep=     13000001
 grad_b=  -0.4617077222652778        1.0639375486898524E-002 
   2.7714959783169679E-002
 bsub=  -3.0104696067783068E-002  -5.6754354497399441E-002 
   0.9020594525474976     
 bsup=    0.000000000000000       -0.2912974438353179      
    1.065152182732044     
 b_abs=   0.9884261819381003     
 g=  -1.4222507147083268E-002
 j=    0.000000000000000         515.4741762374863      
   -140.5393591011435     
 v_perp_2=    16157819.09143776     
 b_n=   5.8775170705300846E-005  -0.2891103358839657      
    1.065291733185107     
 b_para_n=   0.9884261672649232     
 dxdt=   0.4843121106087603        -2041.611688949523      
    7532.363281932964     
 dudt=   -218484.3715150270     
 ---------------------
 rk4
 istep=     14000001
 grad_b=  -0.9090034545156339       -2.1021130794756791E-002 
  -4.7243059877313857E-002
 bsub=  -1.8716368133332491E-003  -8.8251812345460104E-002 
   0.9776024118437548     
 bsup=    0.000000000000000       -0.4885949407912767      
   0.9604667606042234     
 b_abs=   0.9912175150843983     
 g=  -1.6204939414443616E-002
 j=    0.000000000000000         785.0342092085937      
    297.8334232052183     
 v_perp_2=    16203432.55934313     
 b_n=  -1.1346111267672113E-004  -0.4845156519236555      
   0.9608348170144998     
 b_para_n=   0.9912175358232649     
 dxdt=  -0.9323578302919132        -3409.776968328218      
    6771.767046686527     
 dudt=    289469.6040165386     
 ---------------------
 rk4
 istep=     15000001
 grad_b=  -0.7427965439253914       -0.1421339120924048      
  -0.2353502183767882     
 bsub=   4.5244831329104646E-002  -5.8019700944658817E-002 
    1.220794744567987     
 bsup=    0.000000000000000       -0.8525485910683235      
   0.9343401446624408     
 b_abs=    1.091284100828883     
 g=  -1.4198717445236399E-002
 j=    0.000000000000000         860.6105655242579      
   -281.2260848644716     
 v_perp_2=    17839206.02243680     
 b_n=  -7.9524585656652656E-004  -0.8487409777243426      
   0.9345505525298626     
 b_para_n=    1.091284071016837     
 dxdt=   -5.950921245793371        -5336.533845195338      
    5881.309456777475     
 dudt=    739401.4883073694     
 ---------------------
 rk4
 istep=     16000001
 grad_b=   0.3826514423546949       -0.1080296965001704      
  -0.2421011214857922     
 bsub=   5.1845425919848330E-002   8.9527983508030262E-002 
    1.714693175005395     
 bsup=    0.000000000000000        -1.482345280973305      
    1.057965736798671     
 b_abs=    1.297358312293875     
 g=  -9.3323192142373453E-003
 j=    0.000000000000000         1472.027408564802      
   -43.04709766014639     
 v_perp_2=    21207881.71611097     
 b_n=  -7.2089147207306324E-004   -1.485292346501672      
    1.058141408838112     
 b_para_n=    1.297358315290454     
 dxdt=   -4.567509642692982        -7579.814796564158      
    5397.581464675997     
 dudt=    604793.5195645930     
 ---------------------
 rk4
 istep=     17000001
 grad_b=   0.3920283667947399       -7.0442600312057402E-002 
  -0.1935760453011525     
 bsub=   3.3140878092924174E-002   0.1577648944757488      
    2.050897627857137     
 bsup=    0.000000000000000        -1.635934482435121      
    1.074386936657736     
 b_abs=    1.394357480156344     
 g=  -7.9011712585836356E-003
 j=    0.000000000000000        -1832.681212655179      
    481.1704964959889     
 v_perp_2=    22793503.06783628     
 b_n=  -5.0406722929325850E-004   -1.639520174060922      
    1.074670931440918     
 b_para_n=    1.394357510805292     
 dxdt=   -2.982743007479311        -7643.436613487392      
    5007.512027982043     
 dudt=    543603.0496160871     
 ---------------------
 rk4
 istep=     18000001
 grad_b=   0.4527452744611761        6.5815826438838862E-003 
   3.5877140296087261E-002
 bsub=   2.0233129455155967E-002   0.1852167775264142      
    2.128799760701165     
 bsup=    0.000000000000000        -1.398182004975570      
    1.075365470863142     
 b_abs=    1.425337271015063     
 g=  -7.6160474598525336E-003
 j=    0.000000000000000         845.3854308218835      
   -152.9635076532033     
 v_perp_2=    23299905.03861479     
 b_n=   3.2160390114240537E-005   -1.402386911379732      
    1.075731009442386     
 b_para_n=    1.425337263951035     
 dxdt=   0.1864103145708436        -6358.905661273679      
    4874.115298909896     
 dudt=   -168470.0327807427     
 ---------------------
 rk4
 istep=     19000001
 grad_b=   0.5490578927728508        7.6144740139211506E-002 
   0.2032190086703592     
 bsub=   1.1434176215004114E-002   0.1733469908645630      
    1.923967048570678     
 bsup=    0.000000000000000        -1.060520793396234      
    1.075307725197767     
 b_abs=    1.372368377074845     
 g=  -7.9409852076487257E-003
 j=    0.000000000000000        -230.3294757435187      
    180.3083801675947     
 v_perp_2=    22434002.98439595     
 b_n=   5.0780870349923771E-004   -1.065331099929465      
    1.075738119769644     
 b_para_n=    1.372368391054840     
 dxdt=    3.050302798762264        -5070.628017379197      
    5114.616107868124     
 dudt=   -820520.1768427474     
 ---------------------
 rk4
 istep=     20000001
 grad_b=   0.6414255048986969        5.7509058567064258E-002 
   0.1602183899086342     
 bsub=   1.3417956617462791E-003   0.1316511111873894      
    1.599790616079217     
 bsup=    0.000000000000000       -0.7041911136628323      
    1.103839256994273     
 b_abs=    1.293939643788947     
 g=  -7.9575660161755775E-003
 j=    0.000000000000000         247.8909364932713      
   -98.62059781403298     
 v_perp_2=    21151913.15537408     
 b_n=   3.6869565494883344E-004  -0.7095254509340211      
    1.104277919584892     
 b_para_n=    1.293939637282559     
 dxdt=    2.341905634587969        -3637.609724911278      
    5651.728690634062     
 dudt=   -861334.2469979809     
 ---------------------
 rk4
 istep=     21000001
 grad_b=   0.6025394628990698        7.3695201490955292E-002 
   0.1689583458732910     
 bsub=  -2.2573771943938788E-002   8.6994489544174367E-002 
    1.302828001236810     
 bsup=    0.000000000000000       -0.4438566096222867      
    1.133856243703242     
 b_abs=    1.199355576793953     
 g=  -7.9498681703618346E-003
 j=    0.000000000000000        -330.4209982622619      
    391.6734550122194     
 v_perp_2=    19605736.75056284     
 b_n=   5.0119291924804999E-004  -0.4487186747638278      
    1.134189612537541     
 b_para_n=    1.199355606445115     
 dxdt=    3.423519975100711        -2526.630161954663      
    6371.852951111073     
 dudt=   -1082637.609564757     
 ---------------------
 rk4
 istep=     22000001
 grad_b=  -0.1738422180858241        0.1060593031196961      
   0.1361822251905721     
 bsub=  -5.3413260502235646E-002  -1.9684612209865948E-003 
   0.9939433230499077     
 bsup=    0.000000000000000       -0.4979524792811417      
    1.134438075495697     
 b_abs=    1.062421205456762     
 g=  -8.8460515796086187E-003
 j=    0.000000000000000        -72.36814546207705      
   -53.51207101789107     
 v_perp_2=    17367269.95816001     
 b_n=   7.6422211573904861E-004  -0.4967556221075928      
    1.134481509593747     
 b_para_n=    1.062421201192791     
 dxdt=    5.869548127721163        -3225.581352149617      
    7369.812884348678     
 dudt=   -782228.6843094309     
 ---------------------
 rk4
 istep=     23000001
 grad_b=  -0.6149636185594349       -3.0834583165842068E-002 
  -2.7126171607564552E-002
 bsub=   1.9694152781847173E-002  -8.3565919575057671E-002 
   0.8200346862209358     
 bsup=    0.000000000000000       -0.2175741119360515      
    1.166576525303204     
 b_abs=   0.9878073599435673     
 g=  -9.6275139551256980E-003
 j=    0.000000000000000         286.0297714091960      
   -187.8330264407376     
 v_perp_2=    16147552.89689202     
 b_n=  -2.1445589911019808E-004  -0.2136530366398530      
    1.166981234084926     
 b_para_n=   0.9878073431880116     
 dxdt=   -1.768214636298575        -1507.164756043850      
    8257.710925136440     
 dudt=    206328.0389754078     
 ---------------------
 rk4
 istep=     24000001
 grad_b=   0.2164894047060880       -7.5368250281209720E-002 
  -0.1302018255940968     
 bsub=   4.0364883662066905E-002   3.4356691475620017E-002 
    1.043184805744399     
 bsup=    0.000000000000000       -0.1765738029888873      
    1.139907156995706     
 b_abs=    1.087449518233014     
 g=  -9.5564110510564966E-003
 j=    0.000000000000000        -419.7326450098867      
    237.0454100574060     
 v_perp_2=    17776373.89048821     
 b_n=  -4.7170720097103357E-004  -0.1780439545049203      
    1.139973846323645     
 b_para_n=    1.087449536022586     
 dxdt=   -3.541915024200724        -1126.865800682475      
    7203.942234513729     
 dudt=    1015507.014779470     
 ---------------------
 rk4
 istep=     25000001
 grad_b=   0.6995749226211794       -5.4591915260206812E-002 
  -0.1609925412695546     
 bsub=   9.7782297146168165E-003   8.4271639216801364E-002 
    1.280968651939360     
 bsup=    0.000000000000000       -0.2650581654325681      
    1.131735279568858     
 b_abs=    1.194926222771469     
 g=  -8.2891245551435996E-003
 j=    0.000000000000000        -542.8545329722836      
  -0.3976607572059265     
 v_perp_2=    19533261.33117357     
 b_n=  -3.3593082748021897E-004  -0.2704086205142153      
    1.132089833910903     
 b_para_n=    1.194926219899730     
 dxdt=   -2.302838733584871        -1532.386471892045      
    6388.750346311635     
 dudt=    1147298.332527865     
 ---------------------
 rk4
 istep=     26000001
 grad_b=   0.7200403438590918       -4.3414470952956773E-002 
  -0.1611311204875517     
 bsub=  -1.5571603943348548E-002   0.1244700240598271      
    1.566603878469720     
 bsup=    0.000000000000000       -0.5925128033984632      
    1.102778486341056     
 b_abs=    1.286306528553291     
 g=  -8.2798134313055056E-003
 j=    0.000000000000000         276.2614042371290      
   -248.0468085027580     
 v_perp_2=    21027019.64249159     
 b_n=  -2.4284795516142947E-004  -0.5982121804186076      
    1.103228884853998     
 b_para_n=    1.286306509891009     
 dxdt=   -1.551264906239312        -3090.949375925583      
    5687.959537992219     
 dudt=    965633.5063779189     
 ---------------------
 rk4
 istep=     27000001
 grad_b=   0.6553981384986953       -5.4706897967340795E-002 
  -0.1892297751396273     
 bsub=  -3.1978743071714902E-002   0.1686243459715613      
    1.879842095677008     
 bsup=    0.000000000000000       -0.9080879673682799      
    1.077534080929833     
 b_abs=    1.368272360442363     
 g=  -8.7059338563984599E-003
 j=    0.000000000000000        -405.8360803358981      
    96.19285849175134     
 v_perp_2=    22366878.01062081     
 b_n=  -2.9726868712551193E-004  -0.9132260359678430      
    1.077989919338350     
 b_para_n=    1.368272365595552     
 dxdt=   -1.790684522336917        -4364.352164833320      
    5144.745341193685     
 dudt=    921254.1818620258     
 ---------------------
 rk4
 istep=     28000001
 grad_b=   0.4349599283173951        3.2336502100505836E-002 
  -8.7023248691067423E-003
 bsub=  -4.5289699958967075E-002   0.1734821278401846      
    2.062951336490031     
 bsup=    0.000000000000000        -1.195262380127621      
    1.074441082263785     
 b_abs=    1.417775861226043     
 g=  -9.0375878521324251E-003
 j=    0.000000000000000        -211.9897086625350      
    301.1737509564767     
 v_perp_2=    23176078.45305725     
 b_n=   2.5406344186039063E-004   -1.198602716416153      
    1.074727579645505     
 b_para_n=    1.417775885949579     
 dxdt=    1.479996767018136        -5471.611536089554      
    4902.699305519560     
 dudt=    276721.4715627230     
 ---------------------
 rk4
 istep=     29000001
 grad_b=   0.2333777276431436        0.1141726671204377      
   0.2144886285282933     
 bsub=  -5.9174437737636559E-002   0.1092112162298005      
    1.928829440269370     
 bsup=    0.000000000000000        -1.449529461221512      
    1.051789875753957     
 b_abs=    1.367220824166482     
 g=  -1.0649147344932339E-002
 j=    0.000000000000000         383.0557673927199      
   -221.6404475096074     
 v_perp_2=    22349643.65886858     
 b_n=   6.7542903840134402E-004   -1.451117964399633      
    1.051900526428745     
 b_para_n=    1.367220806452789     
 dxdt=    4.071600653944103        -6933.458784558516      
    5024.690504485022     
 dudt=   -359285.6816259694     
 ---------------------
 Elapsed time (seconds):     150.2347310000000     

real	2m30.245s
user	2m29.939s
sys	0m0.015s
>>> [PID 3629980] DONE  u=7000, v_perp=-4000, out=gc_grid/dat141.dat
