>>> [PID 3642606] START u=5000, v_perp=-2000, out=gc_grid/dat179.dat, dt=2e-09, steps=30000000
 outer boundary:   8.3000000000000462E-002
 rk4
 istep=            1
 grad_b=  -0.5028821490425346        4.9317092091420434E-003 
  -7.9828073922654924E-003
 bsub=   8.6924479737431129E-003   4.2252304048393009E-002 
    1.020727209055832     
 bsup=    0.000000000000000        0.5003101550932515      
   0.9181486063823000     
 b_abs=   0.9787596473505344     
 g=  -1.6418745330817230E-002
 j=    0.000000000000000         576.0999442075970      
    59.09224602408103     
 v_perp_2=    3999999.796972346     
 b_n=   1.7862713438195426E-005   0.5020170288003002      
   0.9180778049660422     
 b_para_n=   0.9787596531594536     
 dxdt=   9.8551930076535690E-002    2565.254789664758      
    4689.977469441205     
 dudt=    10150.66648009088     
 ---------------------
 rk4
 istep=      1000001
 grad_b=   -1.194882834976039       -2.2278097132195966E-002 
   0.2108097035997964     
 bsub=  -5.6088451150233948E-002  -0.1335493000256037      
    1.468329331406871     
 bsup=    0.000000000000000        -1.066081037970981      
   0.8844531247782172     
 b_abs=    1.200364274912823     
 g=  -2.0738672655325897E-002
 j=    0.000000000000000        -329.0690404461628      
   -228.8607714782742     
 v_perp_2=    4905652.603124863     
 b_n=  -7.8330393022645045E-006   -1.063086316731749      
   0.8847251944501270     
 b_para_n=    1.200364261831146     
 dxdt=  -3.5292132322983914E-002   -4345.987698118669      
    3617.982970027276     
 dudt=   -357829.3708175602     
 ---------------------
 rk4
 istep=      2000001
 grad_b=   0.4937821970210349       -8.4356510851259545E-002 
  -0.1724884325047030     
 bsub=   3.2712938520886192E-002   7.6477579297027906E-002 
    1.253663906333748     
 bsup=    0.000000000000000       -0.4855787602804293      
    1.133982820030174     
 b_abs=    1.177197642937962     
 g=  -7.9662264921142919E-003
 j=    0.000000000000000         566.3013627815112      
    271.9921427957499     
 v_perp_2=    4810972.722664778     
 b_n=  -4.3141241004759809E-004  -0.4884901934926678      
    1.134171700987884     
 b_para_n=    1.177197660868061     
 dxdt=   -1.981646281847069        -2042.081141813181      
    4738.553740814604     
 dudt=    268422.2720715998     
 ---------------------
 rk4
 istep=      3000001
 grad_b=   0.7959449362065449       -1.7409186518870853E-002 
   0.1606773196928030     
 bsub=   4.7072584678088045E-002   7.1493158342821758E-002 
    1.467919113602046     
 bsup=    0.000000000000000       -0.2306462948816952      
    1.061799304686420     
 b_abs=    1.242145609757772     
 g=  -1.0005668509414737E-002
 j=    0.000000000000000         1111.478112538784      
   -384.0457311286700     
 v_perp_2=    5076399.132402793     
 b_n=  -1.2277787284409520E-004  -0.2344937776687314      
    1.061990611615863     
 b_para_n=    1.242145589575245     
 dxdt=  -0.5347535455974790        -924.9696034406510      
    4181.862517893598     
 dudt=   -287263.4047019298     
 ---------------------
 rk4
 istep=      4000001
 grad_b=  -0.8904830645986082        0.1496547844622491      
  -0.1377405543614957     
 bsub=   1.7880237858617490E-002  -0.1769571537404506      
    1.408991621762432     
 bsup=    0.000000000000000       -0.9682530454651190      
   0.8761380864339327     
 b_abs=    1.185580842170068     
 g=  -1.9114057855627788E-002
 j=    0.000000000000000         338.2146920200086      
    30.80106293072522     
 v_perp_2=    4845227.938131399     
 b_n=   3.5688961783642258E-004  -0.9658566044539038      
   0.8764345290856858     
 b_para_n=    1.185580841413863     
 dxdt=    1.627847091077328        -4002.901159595780      
    3633.327206894286     
 dudt=    457745.0753890575     
 ---------------------
 rk4
 istep=      5000001
 grad_b=   0.1372059225281917       -2.8591761466052801E-002 
  -0.1017507642572018     
 bsub=   3.4456190024018327E-002   1.9563052374604366E-002 
   0.9910754327470233     
 bsup=    0.000000000000000        0.1496037983416526      
    1.104854283834443     
 b_abs=    1.048139414875670     
 g=  -1.2316562694974428E-002
 j=    0.000000000000000         333.9327146087892      
   -89.65046946010534     
 v_perp_2=    4283530.742087109     
 b_n=  -1.0126918187660427E-004   0.1490676561282131      
    1.104868382453872     
 b_para_n=    1.048139409978398     
 dxdt=  -0.5219663846462040         706.8417754975637      
    5240.650426459276     
 dudt=    227506.9655528061     
 ---------------------
 rk4
 istep=      6000001
 grad_b=   0.4951079947135504        7.7813335086197033E-002 
   0.2075723935601807     
 bsub=   4.5250576189391593E-003   0.1755279126837158      
    1.942458067004767     
 bsup=    0.000000000000000        -1.126303115280433      
    1.075360806562571     
 b_abs=    1.374470357913776     
 g=  -7.6457642812360234E-003
 j=    0.000000000000000        -597.1164662842150      
    254.2261512422248     
 v_perp_2=    5617175.050678560     
 b_n=   4.0176412284448457E-004   -1.129668107295233      
    1.075663953395402     
 b_para_n=    1.374470371004032     
 dxdt=    1.583237866060663        -3975.752405913397      
    3784.464384144615     
 dudt=   -201554.6013288565     
 ---------------------
 rk4
 istep=      7000001
 grad_b=   -1.008533926744946        5.6786234523017749E-003 
  -6.5418833958624162E-002
 bsub=  -6.6010648742729910E-003  -7.2711860794911501E-002 
    1.054303592596179     
 bsup=    0.000000000000000       -0.5768869026721147      
   0.9102082464923640     
 b_abs=    1.000748463509563     
 g=  -1.8765183592548484E-002
 j=    0.000000000000000         1194.801600914419      
   -853.0385195827837     
 v_perp_2=    4089848.830248794     
 b_n=   3.4180753414844768E-006  -0.5739314366519236      
   0.9104120353592373     
 b_para_n=    1.000748398895619     
 dxdt=   1.8446293750923742E-002   -2861.143670550417      
    4540.558239270342     
 dudt=    128271.5575534451     
 ---------------------
 rk4
 istep=      8000001
 grad_b=  -0.5541131093575316        2.7152523588127968E-003 
  -3.5641437987743996E-003
 bsub=   2.9754014942789210E-002  -3.5564956039297976E-002 
   0.9686642834395243     
 bsup=    0.000000000000000       -0.3216108208262536      
   0.9834936871138147     
 b_abs=   0.9816914653411472     
 g=  -1.7532711464900631E-002
 j=    0.000000000000000         10.69336434174551      
   -61.32532643710876     
 v_perp_2=    4011965.423056141     
 b_n=   7.7481001044049588E-006  -0.3199498980672065      
   0.9835544265328109     
 b_para_n=   0.9816914612644636     
 dxdt=   4.2620808478546837E-002   -1628.515840543732      
    5008.314421851584     
 dudt=    9114.004159008278     
 ---------------------
 rk4
 istep=      9000001
 grad_b=   0.1133020667396378        0.1012499931057164      
   0.1187908759542682     
 bsub=  -7.1897832733355718E-002   0.1199038428644216      
    1.963290653304069     
 bsup=    0.000000000000000        -1.182672543979989      
    1.055760281318904     
 b_abs=    1.389446603932325     
 g=  -1.1536732274306476E-002
 j=    0.000000000000000        -188.8469299204128      
   -144.6187910320218     
 v_perp_2=    5678371.282562694     
 b_n=   4.1859986928877494E-004   -1.183196508109623      
    1.055807603771073     
 b_para_n=    1.389446593850602     
 dxdt=    1.632033424788844        -4112.613262451682      
    3669.650768868459     
 dudt=   -8337.278422124844     
 ---------------------
 rk4
 istep=     10000001
 grad_b=  -0.6883997957126281        3.3747595260312374E-003 
   4.4816433124994642E-003
 bsub=  -4.2042837568841019E-003  -9.5195284856836121E-002 
   0.8303487809687071     
 bsup=    0.000000000000000       -0.3886022644447868      
    1.116274894546628     
 b_abs=   0.9812149821604511     
 g=  -1.0846826248722416E-002
 j=    0.000000000000000        -549.0867937781002      
    181.9188653535001     
 v_perp_2=    4010013.731516480     
 b_n=   1.6169532042607183E-005  -0.3857398679505454      
    1.116603152087769     
 b_para_n=   0.9812149960393531     
 dxdt=   8.8988417914617923E-002   -1964.059833692333      
    5688.895081879696     
 dudt=   -7687.190316033919     
 ---------------------
 rk4
 istep=     11000001
 grad_b=   0.1831858641496532       -0.1878673171328331      
   0.1118105613519739     
 bsub=   5.6620595247034229E-002  -0.1360081837063571      
    1.446619980181595     
 bsup=    0.000000000000000       -0.8591740910927479      
   0.9313500274465792     
 b_abs=    1.209942288974707     
 g=  -1.8883677023306719E-002
 j=    0.000000000000000        -688.4542788272615      
   -92.55609536253601     
 v_perp_2=    4944770.541084268     
 b_n=  -4.7619352819286637E-004  -0.8596542265607958      
   0.9313235228096982     
 b_para_n=    1.209942287201601     
 dxdt=   -2.128688974618635        -3484.888016881755      
    3775.195082571699     
 dudt=   -448461.3405082258     
 ---------------------
 rk4
 istep=     12000001
 grad_b=  -0.8569228189409741        0.1387530745183242      
  -0.1088134659334529     
 bsub=  -3.5925713442326920E-003  -9.6997101114313061E-002 
    1.228750386472031     
 bsup=    0.000000000000000       -0.7058055746146882      
   0.8798455027486782     
 b_abs=    1.072097526009348     
 g=  -2.0529735634583948E-002
 j=    0.000000000000000         128.3338369391791      
   -88.17021726086443     
 v_perp_2=    4381426.858496413     
 b_n=   3.5182637762027431E-004  -0.7034884789784618      
   0.8800294360964398     
 b_para_n=    1.072097519154623     
 dxdt=    1.773160234357792        -3254.818899400720      
    4072.887597568882     
 dudt=    369133.9147973940     
 ---------------------
 rk4
 istep=     13000001
 grad_b=  -0.4254266016574509       -1.9648323874979681E-002 
  -3.5378988304610184E-002
 bsub=   3.0254307880661604E-002  -5.9045504473748595E-002 
   0.8857523535762144     
 bsup=    0.000000000000000       -0.2608278011278803      
    1.088355412774449     
 b_abs=   0.9897212780688164     
 g=  -1.3231403356335622E-002
 j=    0.000000000000000         355.3671395962594      
   -227.0881828217806     
 v_perp_2=    4044771.719754500     
 b_n=  -7.8598352264378930E-005  -0.2593126574663959      
    1.088459082407372     
 b_para_n=   0.9897212631765069     
 dxdt=  -0.4288676786315375        -1308.235405967254      
    5493.932673546867     
 dudt=    68916.90877061230     
 ---------------------
 rk4
 istep=     14000001
 grad_b=   0.4188412232580201       -2.5423738715894373E-002 
  -3.9619071317716852E-002
 bsub=   2.8160263446635247E-002   0.1797770386667507      
    2.123142939140225     
 bsup=    0.000000000000000        -1.426517358720220      
    1.077068656697851     
 b_abs=    1.425481878500139     
 g=  -7.8818267983286824E-003
 j=    0.000000000000000         134.3306312809654      
    41.51552090126864     
 v_perp_2=    5825625.479815048     
 b_n=  -1.4733704001456001E-004   -1.429317129015399      
    1.077307683679282     
 b_para_n=    1.425481881997491     
 dxdt=  -0.5601102049793485        -4828.117381515981      
    3638.263734185930     
 dudt=    9181.466656139082     
 ---------------------
 rk4
 istep=     15000001
 grad_b=  -0.5412497902730231       -1.6817167330832571E-003 
   9.8888104193032844E-003
 bsub=  -2.9472350861489756E-002  -4.6926423012516788E-002 
   0.9461729264843133     
 bsup=    0.000000000000000       -0.3316477230531145      
    1.005300873547031     
 b_abs=   0.9830565670635244     
 g=  -1.6693780206130781E-002
 j=    0.000000000000000         23.97014594217188      
   -25.28942934715036     
 v_perp_2=    4017529.957133165     
 b_n=  -3.6532843269703681E-006  -0.3299888091523203      
    1.005383033528382     
 b_para_n=   0.9830565653600846     
 dxdt=  -2.0068274430722118E-002   -1677.114854573891      
    5111.796842396676     
 dudt=   -21823.21073535200     
 ---------------------
 rk4
 istep=     16000001
 grad_b=   -1.025863358848613       -2.0759569968749732E-002 
   7.1063234393595270E-002
 bsub=   7.0511410417771741E-003  -6.8695962586894629E-002 
    1.077050901251639     
 bsup=    0.000000000000000       -0.6002109610676256      
   0.9013605781936502     
 b_abs=    1.005934981905522     
 g=  -1.9258760870115379E-002
 j=    0.000000000000000         1229.870296551594      
   -823.6572470936082     
 v_perp_2=    4111027.355370626     
 b_n=  -4.6806641346115273E-005  -0.5972504536160547      
   0.9015496515247418     
 b_para_n=    1.005934918931565     
 dxdt=  -0.2513066571767985        -2960.821787862314      
    4471.268758259980     
 dudt=   -155424.5298988937     
 ---------------------
 rk4
 istep=     17000001
 grad_b=   0.6172458056193391       -5.1023324185467393E-002 
  -0.1797934432754593     
 bsub=  -3.1362964980200567E-002   0.1763868893748994      
    1.927977926868127     
 bsup=    0.000000000000000       -0.9527472795844314      
    1.077897400438250     
 b_abs=    1.381999279808890     
 g=  -8.6160308156849226E-003
 j=    0.000000000000000        -28.18669171412782      
    57.15005505534528     
 v_perp_2=    5647913.291391280     
 b_n=  -2.0478248792640304E-004  -0.9563858769489357      
    1.078226959772110     
 b_para_n=    1.381999283308503     
 dxdt=  -0.8026499548661019        -3345.707330806185      
    3770.346532976793     
 dudt=    214668.8849152597     
 ---------------------
 rk4
 istep=     18000001
 grad_b=   0.1170312664744926        4.6185087331279184E-002 
   0.1037697495459088     
 bsub=  -3.7524779146848944E-002   1.5877266055418438E-002 
   0.9842199046904749     
 bsup=    0.000000000000000        8.6298395062336941E-002 
    1.120710869972274     
 b_abs=    1.051263065879241     
 g=  -1.1548906593366274E-002
 j=    0.000000000000000         299.9457762464050      
    20.71873616746993     
 v_perp_2=    4296267.845720237     
 b_n=   1.7847377516187049E-004   8.5813295968687808E-002 
    1.120725501661549     
 b_para_n=    1.051263067366456     
 dxdt=   0.9171833303330326         405.5187311869938      
    5298.703581333492     
 dudt=   -233796.0733867853     
 ---------------------
 rk4
 istep=     19000001
 grad_b=  -0.6610280081222806       -0.1667948503297855      
   0.1222071259053031     
 bsub=  -5.1006316052785378E-003  -0.2021374287324676      
    1.434750669858971     
 bsup=    0.000000000000000        -1.043455206415038      
   0.8833482935492697     
 b_abs=    1.215676903938634     
 g=  -1.8303551148966916E-002
 j=    0.000000000000000         150.0117203426854      
   -67.68129639200234     
 v_perp_2=    4968186.541102047     
 b_n=  -4.0687466524554755E-004   -1.041658278352368      
   0.8836000058172263     
 b_para_n=    1.215676898381758     
 dxdt=   -1.810321124657147        -4199.745084958257      
    3563.227952764217     
 dudt=   -473992.2679218313     
 ---------------------
 rk4
 istep=     20000001
 grad_b=   0.6228035030932648        0.1199317229669208      
  -0.1663653866473036     
 bsub=  -5.1144550152541136E-002  -1.6213052061377582E-002 
    1.401725496599360     
 bsup=    0.000000000000000       -0.2080142804272107      
   0.9823764515378247     
 b_abs=    1.174800917360707     
 g=  -1.4737146409716823E-002
 j=    0.000000000000000        -649.0886559478702      
    108.6119601830276     
 v_perp_2=    4801133.725329984     
 b_n=   4.1852789170384610E-004  -0.2102016364665745      
   0.9823664286505860     
 b_para_n=    1.174800924987534     
 dxdt=    1.926349347730150        -881.0841793319082      
    4113.450757280482     
 dudt=    327659.5377381562     
 ---------------------
 rk4
 istep=     21000001
 grad_b=  -0.4996723058752678        0.1430911851721546      
   0.1712947888820199     
 bsub=  -5.1711673260164834E-002  -4.6704039824991224E-002 
    1.063490242188658     
 bsup=    0.000000000000000       -0.5929872506263070      
    1.029099944923523     
 b_abs=    1.059123794922597     
 g=  -1.1212358339664739E-002
 j=    0.000000000000000        -454.9601857515413      
    104.2648900738531     
 v_perp_2=    4328386.685997614     
 b_n=   6.6176357995094751E-004  -0.5908284249460789      
    1.029226937089217     
 b_para_n=    1.059123802614317     
 dxdt=    3.375763280237283        -2769.964502930729      
    4826.895434538388     
 dudt=   -176393.4544353038     
 ---------------------
 rk4
 istep=     22000001
 grad_b=  -1.3323742898998861E-002  -0.1495848865751663      
  -0.2815067039198675     
 bsub=   6.2913352885667198E-002   4.4807492781654024E-002 
    1.730739810802352     
 bsup=    0.000000000000000        -1.414603345539291      
    1.009779369102943     
 b_abs=    1.297923494271168     
 g=  -1.2604171700794708E-002
 j=    0.000000000000000         872.5914578373634      
   -477.4911061646749     
 v_perp_2=    5304301.538869108     
 b_n=  -5.9067133802295075E-004   -1.414590472597937      
    1.009800484634727     
 b_para_n=    1.297923464362921     
 dxdt=   -2.463242926399882        -5305.373470059046      
    3787.235101591035     
 dudt=    114386.2902149928     
 ---------------------
 rk4
 istep=     23000001
 grad_b=  -0.1017378937840680       -2.5813586646556100E-002 
   7.5739246568141794E-002
 bsub=  -2.8099272435139863E-002   2.0600129811966079E-002 
   0.9937702957173348     
 bsup=    0.000000000000000        0.1519895238476734      
    1.024530945497906     
 b_abs=    1.010354021775897     
 g=  -1.4957916470600794E-002
 j=    0.000000000000000         382.3673974838754      
   -184.7472317449623     
 v_perp_2=    4129072.105314832     
 b_n=  -9.2982411161866596E-005   0.1523277330260683      
    1.024521294078876     
 b_para_n=    1.010354010490286     
 dxdt=  -0.4970564072607541         752.0235356743657      
    5057.001409881641     
 dudt=   -149000.6377916302     
 ---------------------
 rk4
 istep=     24000001
 grad_b=   -1.250883276181601       -6.5939318938858058E-002 
   0.1486517379309422     
 bsub=  -2.1284177265532021E-002  -0.1060524071888990      
    1.275023246460727     
 bsup=    0.000000000000000       -0.8088860290259025      
   0.8643849666795871     
 b_abs=    1.090120769829697     
 g=  -2.0649721614661783E-002
 j=    0.000000000000000         176.1126753585579      
   -184.3448485554653     
 v_perp_2=    4455057.787801473     
 b_n=  -1.4427589129845304E-004  -0.8055241053736821      
   0.8646621805613587     
 b_para_n=    1.090120755923937     
 dxdt=  -0.7151984326241616        -3659.488723767967      
    3929.755210902074     
 dudt=   -340830.4108026447     
 ---------------------
 rk4
 istep=     25000001
 grad_b=   0.6604509769895823       -5.4179365709553590E-002 
  -0.1588660311904402     
 bsub=  -4.2336281224608224E-003   0.1292275245931296      
    1.571047197376179     
 bsup=    0.000000000000000       -0.6350535953509601      
    1.108468826214261     
 b_abs=    1.288467420378322     
 g=  -7.9603971754997928E-003
 j=    0.000000000000000         395.5601708861880      
   -186.4641294775038     
 v_perp_2=    5265649.267245977     
 b_n=  -2.4909127624658719E-004  -0.6390525783297678      
    1.108797086301979     
 b_para_n=    1.288467411048952     
 dxdt=   -1.046309202670851        -2417.982739637901      
    4192.582122161489     
 dudt=    224707.9414941549     
 ---------------------
 rk4
 istep=     26000001
 grad_b=   0.6741007985140827        1.9259180042254971E-002 
   0.1519390146935760     
 bsub=  -2.9071625199400195E-003   6.6467718290290273E-002 
    1.188090774031608     
 bsup=    0.000000000000000        0.2082027637801579      
    1.105860840442416     
 b_abs=    1.152497772315178     
 g=  -9.5871876758639851E-003
 j=    0.000000000000000         342.1013494356702      
   -196.5640235175186     
 v_perp_2=    4709971.878206116     
 b_n=   5.1755761178677030E-005   0.2049582445167405      
    1.106042471685403     
 b_para_n=    1.152497762032530     
 dxdt=   0.2427842476665858         875.1293520756967      
    4729.907385119172     
 dudt=   -305014.0882762437     
 ---------------------
 rk4
 istep=     27000001
 grad_b=  -0.5013087715533083        3.6540113403443250E-002 
  -3.0491170545233669E-002
 bsub=   7.1424306105701725E-003  -0.2441744620776011      
    1.516447761685115     
 bsup=    0.000000000000000        -1.259425836129334      
   0.9001128915434957     
 b_abs=    1.293321111343799     
 g=  -1.6697274282293034E-002
 j=    0.000000000000000         668.4755939762649      
    15.89638788564127     
 v_perp_2=    5285479.304485742     
 b_n=   8.7494117430493619E-005   -1.258039514590713      
   0.9003356967844222     
 b_para_n=    1.293321106019211     
 dxdt=   0.3661555312168217        -4736.327866688845      
    3390.137062120451     
 dudt=    116070.7161780869     
 ---------------------
 rk4
 istep=     28000001
 grad_b=   0.6568569568780195       -6.1006895225772413E-003 
  -0.1501299990617159     
 bsub=   3.1449111371205374E-004   5.9481903727434407E-002 
    1.162959918908306     
 bsup=    0.000000000000000        0.3976404676773103      
    1.088232835882023     
 b_abs=    1.135543887730964     
 g=  -1.0263681995137284E-002
 j=    0.000000000000000         705.5847163580720      
   -406.2955035536704     
 v_perp_2=    4640681.057477618     
 b_n=   7.1596545373357020E-006   0.3946600682477261      
    1.088385251263578     
 b_para_n=    1.135543866066880     
 dxdt=   3.4082850612994202E-002    1714.112479531030      
    4730.609474394561     
 dudt=    298356.1019374264     
 ---------------------
 rk4
 istep=     29000001
 grad_b=   0.5829205447093134        6.4092891076249950E-002 
   0.1563386628498005     
 bsub=  -1.4181667189232808E-002   0.1272879539276601      
    1.588448304686815     
 bsup=    0.000000000000000       -0.7942666448303584      
    1.107326085331849     
 b_abs=    1.288192983642403     
 g=  -7.5916104542670098E-003
 j=    0.000000000000000         234.5393803114836      
    122.9287334361520     
 v_perp_2=    5264516.133107458     
 b_n=   3.3138065658769729E-004  -0.7980217270827649      
    1.107629958903492     
 b_para_n=    1.288192992331157     
 dxdt=    1.392259164855163        -3019.669418225891      
    4189.151041384198     
 dudt=   -193854.8676023514     
 ---------------------
 Elapsed time (seconds):     154.1972570000000     

real	2m34.211s
user	2m33.869s
sys	0m0.018s
>>> [PID 3642606] DONE  u=5000, v_perp=-2000, out=gc_grid/dat179.dat
