>>> [PID 3632983] START u=500, v_perp=-3000, out=gc_grid/dat149.dat, dt=2e-09, steps=30000000
 outer boundary:   8.3000000000000462E-002
 rk4
 istep=            1
 grad_b=  -0.5028826187848099        4.9321699865495297E-003 
  -7.9837807678325989E-003
 bsub=   8.6923228451499801E-003   4.2252374555630703E-002 
    1.020726933168716     
 bsup=    0.000000000000000        0.5003191081970119      
   0.9181485234293478     
 b_abs=   0.9787596920611565     
 g=  -1.6418699922173433E-002
 j=    0.000000000000000         576.0999575805506      
    59.09903372628499     
 v_perp_2=    8999999.954315871     
 b_n=   1.7864461032601071E-006   0.5004897961499150      
   0.9181414432486948     
 b_para_n=   0.9787596926420962     
 dxdt=   1.7339533617031704E-002    257.2450412976785      
    468.9680642013651     
 dudt=    22841.90227781774     
 ---------------------
 rk4
 istep=      1000001
 grad_b=  -0.4925167786748804       -7.7804049564499850E-002 
   6.4013170245776269E-002
 bsub=   1.7516839617528993E-002   5.9564221731722988E-003 
    1.098384828145520     
 bsup=    0.000000000000000       -0.1509116739564122      
   0.9123467171834800     
 b_abs=    1.000513645820110     
 g=  -1.9717213039710461E-002
 j=    0.000000000000000         813.2229975823561      
    230.7144303938599     
 v_perp_2=    9200034.325610010     
 b_n=  -1.0170231352069191E-005  -0.1508474448769929      
   0.9123465317596937     
 b_para_n=    1.000513646578249     
 dxdt=  -0.2114575886731588        -32.38058280457440      
    203.8283222790523     
 dudt=   -322331.2077315137     
 ---------------------
 rk4
 istep=      2000001
 grad_b=  -0.4731312273009494       -4.3714577254756429E-002 
   4.0322148793169532E-002
 bsub=   1.6228455706802040E-002   2.3245067680101504E-002 
    1.061756147089820     
 bsup=    0.000000000000000        2.7027243141476309E-002 
   0.9183045962214772     
 b_abs=   0.9877877469560126     
 g=  -1.8857344320036488E-002
 j=    0.000000000000000         105.7827608291057      
    466.5477622537069     
 v_perp_2=    9083015.722587163     
 b_n=   1.1001711739881394E-005   2.6910373882094135E-002 
   0.9183069841385740     
 b_para_n=   0.9877877442151443     
 dxdt=  -0.1283336952771449        -9.817618006770036      
   -379.9205545723210     
 dudt=   -166847.5898693478     
 ---------------------
 rk4
 istep=      3000001
 grad_b=  -0.4792473183774293        2.4161860512798436E-002 
  -4.5940332414843216E-002
 bsub=   4.7021388149571216E-003   4.1368919728398207E-002 
    1.017443940723747     
 bsup=    0.000000000000000        0.8661775041771077      
   0.9175383720324807     
 b_abs=   0.9846749072861541     
 g=  -1.4676086728032566E-002
 j=    0.000000000000000         96.97751203209137      
    62.79887438765246     
 v_perp_2=    9054392.191414976     
 b_n=  -8.6114139142485073E-006   0.8660190247804306      
   0.9175448551538259     
 b_para_n=   0.9846749068789399     
 dxdt=   9.3387426044253152E-002   -387.3328850345168      
   -412.1910393764546     
 dudt=    99097.28233805533     
 ---------------------
 rk4
 istep=      4000001
 grad_b=  -0.2669104267541986        6.8602923532879279E-002 
  -9.1441272343072033E-002
 bsub=  -4.2005261869552946E-003   3.3490051607054996E-002 
    1.074054728732692     
 bsup=    0.000000000000000        0.5149636111945028      
   0.9220142848762314     
 b_abs=    1.003932629214005     
 g=  -1.6438532854865941E-002
 j=    0.000000000000000         220.0825114232925      
   -298.1112492015696     
 v_perp_2=    9231472.935585786     
 b_n=  -6.5960113994724220E-006   0.5149389389941009      
   0.9220150289017358     
 b_para_n=    1.003932629769386     
 dxdt=   0.2236939523647460        -68.98255791752737      
   -125.0328054268006     
 dudt=    224320.8823479358     
 ---------------------
 rk4
 istep=      5000001
 grad_b=  -0.3194323157346240        5.1242760018568201E-002 
  -7.9859358237715644E-002
 bsub=  -7.5012787944280825E-004   3.7969107635560717E-002 
    1.048876459683736     
 bsup=    0.000000000000000        0.7377232909971548      
   0.9193224855198958     
 b_abs=   0.9960527085849820     
 g=  -1.5392547358884451E-002
 j=    0.000000000000000        -454.5744773711986      
   -106.4002787936844     
 v_perp_2=    9159014.612345049     
 b_n=   1.1732721674128718E-005   0.7377925341100894      
   0.9193199868355590     
 b_para_n=   0.9960527080699343     
 dxdt=   0.1823867687222847         224.4835357809204      
    278.3625461197281     
 dudt=    164387.6171204996     
 ---------------------
 rk4
 istep=      6000001
 grad_b=  -0.4926677172345083        4.7893247438876713E-003 
  -5.1178497572562653E-003
 bsub=   9.7205526625168993E-003   4.1661716630939587E-002 
    1.022113723493685     
 bsup=    0.000000000000000        0.4424388220967876      
   0.9191128885641805     
 b_abs=   0.9784959971644047     
 g=  -1.6677791960955958E-002
 j=    0.000000000000000         576.3006561693155      
    48.54970379301743     
 v_perp_2=    8997575.186071126     
 b_n=   1.6814934491821061E-006   0.4426045617373917      
   0.9191061174527138     
 b_para_n=   0.9784959976723614     
 dxdt=   1.6250792730905735E-002    228.7765769761295      
    471.8626442079699     
 dudt=    12145.65311462170     
 ---------------------
 rk4
 istep=      7000001
 grad_b=  -0.4989539725430733       -8.0348857741806196E-002 
   6.5422954430598854E-002
 bsub=   1.7745304840382135E-002   3.2241830402207940E-003 
    1.101558212860827     
 bsup=    0.000000000000000       -0.1788867599947690      
   0.9113651300469408     
 b_abs=    1.001571187341274     
 g=  -1.9829385203965808E-002
 j=    0.000000000000000         748.9881605118217      
    191.1835562123408     
 v_perp_2=    9209758.736981152     
 b_n=  -9.3600952806465184E-006  -0.1788286489914791      
   0.9113651112536649     
 b_para_n=    1.001571187901274     
 dxdt=  -0.2164011824532963        -34.48533792983194      
    182.5346534024073     
 dudt=   -339681.5184045273     
 ---------------------
 rk4
 istep=      8000001
 grad_b=  -0.4755981715817355       -3.9158910305103711E-002 
   3.6593508912787204E-002
 bsub=   1.6348966660288650E-002   2.4284864983796801E-002 
    1.057537881543101     
 bsup=    0.000000000000000        3.5560441743408999E-002 
   0.9188591723879730     
 b_abs=   0.9862627300753134     
 g=  -1.8789133459810991E-002
 j=    0.000000000000000        -67.65782553219057      
    469.5244556999347     
 v_perp_2=    9068992.705851063     
 b_n=   1.0301489165180914E-005   3.5437809833907791E-002 
   0.9188618265473537     
 b_para_n=   0.9862627272296485     
 dxdt=  -0.1157677115005112        -13.96176478123099      
   -396.4031379269131     
 dudt=   -150254.6858137161     
 ---------------------
 rk4
 istep=      9000001
 grad_b=  -0.4626036302935803        2.7250350369513333E-002 
  -5.1394370204979438E-002
 bsub=   4.7150348385812486E-003   4.0964449616097048E-002 
    1.018858507183743     
 bsup=    0.000000000000000        0.8783801457351710      
   0.9180839005347490     
 b_abs=   0.9857034895399310     
 g=  -1.4595214335365163E-002
 j=    0.000000000000000        -40.77943061564295      
    64.23584160426950     
 v_perp_2=    9063850.313458038     
 b_n=  -9.5072260086590574E-006   0.8782302037014814      
   0.9180899727741751     
 b_para_n=   0.9857034891676190     
 dxdt=   0.1054729728046900        -382.8108937217775      
   -401.9203855180078     
 dudt=    108437.3855616950     
 ---------------------
 rk4
 istep=     10000001
 grad_b=  -0.2568131389423777        6.8715809796961402E-002 
  -9.3965607960347600E-002
 bsub=  -3.7183797445297234E-003   3.3545997891994056E-002 
    1.074128849900827     
 bsup=    0.000000000000000        0.5430427344232651      
   0.9223609300136396     
 b_abs=    1.004597205594522     
 g=  -1.6263307117464616E-002
 j=    0.000000000000000         64.56130364720428      
   -298.0194156007558     
 v_perp_2=    9237583.910291685     
 b_n=  -5.4660208291179594E-006   0.5430231179247239      
   0.9223615241638616     
 b_para_n=    1.004597206056018     
 dxdt=   0.2261419754923643        -59.42141933887507      
   -102.3306220201850     
 dudt=    225876.9747772272     
 ---------------------
 rk4
 istep=     11000001
 grad_b=  -0.3231275256080052        4.8926725731414267E-002 
  -7.9776937300746573E-002
 bsub=   3.7603572297327699E-004   3.8295027156697845E-002 
    1.044067667216098     
 bsup=    0.000000000000000        0.8123520794860413      
   0.9191736637855032     
 b_abs=   0.9952290635298123     
 g=  -1.5011440911102321E-002
 j=    0.000000000000000        -551.7986612075993      
   -8.276282010646099     
 v_perp_2=    9151440.928021790     
 b_n=   1.1958519704696438E-005   0.8124265915999368      
   0.9191709263540035     
 b_para_n=   0.9952290634057561     
 dxdt=   0.1789042923915007         257.3681134413529      
    289.9088551498123     
 dudt=    155143.8608973707     
 ---------------------
 rk4
 istep=     12000001
 grad_b=  -0.4794072074986872        2.8393858937171973E-003 
   1.3126704393028044E-004
 bsub=   1.1098364679215055E-002   4.0517840388784705E-002 
    1.024334656969609     
 bsup=    0.000000000000000        0.3688929155042082      
   0.9202707247621185     
 b_abs=   0.9783360943962122     
 g=  -1.7023812562735080E-002
 j=    0.000000000000000         335.8866685261424      
    52.12866866402265     
 v_perp_2=    8996104.818797382     
 b_n=   9.3920856284117770E-007   0.3690517864922309      
   0.9202644308431571     
 b_para_n=   0.9783360948599527     
 dxdt=   9.0535390509847175E-003    191.5252392869164      
    473.9135883311616     
 dudt=   -5490.057837393124     
 ---------------------
 rk4
 istep=     13000001
 grad_b=  -0.5041031292776185       -8.3893329040960002E-002 
   6.7458498947903373E-002
 bsub=   1.7925098315034842E-002  -9.7730479253505670E-005 
    1.105865210709805     
 bsup=    0.000000000000000       -0.2102258726832458      
   0.9101915038421974     
 b_abs=    1.003169377236308     
 g=  -1.9954691623535557E-002
 j=    0.000000000000000         645.0857791645633      
    139.6136490564157     
 v_perp_2=    9224454.578342268     
 b_n=  -7.7242827656803766E-006  -0.2101793532293725      
   0.9101916334494471     
 b_para_n=    1.003169377558539     
 dxdt=  -0.2234275942946902        -32.14855676928158      
    145.0194489530816     
 dudt=   -362235.4592585972     
 ---------------------
 rk4
 istep=     14000001
 grad_b=  -0.4746452888100866       -3.2327474618583998E-002 
   3.1355321644122108E-002
 bsub=   1.6296352752705030E-002   2.6405367672158977E-002 
    1.051283357440886     
 bsup=    0.000000000000000        5.9435905129080813E-002 
   0.9198696774951821     
 b_abs=   0.9842545239552757     
 g=  -1.8636570351366077E-002
 j=    0.000000000000000        -348.5187719004385      
    451.5241298925138     
 v_perp_2=    9050526.613711368     
 b_n=   9.0095493738454347E-006   5.9306639058326269E-002 
   0.9198727820041044     
 b_para_n=   0.9842545211340866     
 dxdt=  -9.6834651058755938E-002   -25.58081272767943      
   -417.4419682075832     
 dudt=   -125755.3926739507     
 ---------------------
 rk4
 istep=     15000001
 grad_b=  -0.4535276893287526        3.1360270596969241E-002 
  -5.8382946139208858E-002
 bsub=   4.5238695598839290E-003   4.0374268520128154E-002 
    1.021087062813487     
 bsup=    0.000000000000000        0.9026452280934043      
   0.9186948871789359     
 b_abs=   0.9873029379499448     
 g=  -1.4467996103125578E-002
 j=    0.000000000000000         151.4953528198289      
    27.90721221413931     
 v_perp_2=    9078557.727407459     
 b_n=  -1.0559321921726689E-005   0.9025030713379147      
   0.9187005547203190     
 b_para_n=   0.9873029377566618     
 dxdt=   0.1216785513105777        -376.9139543392891      
   -385.3482935565303     
 dudt=    117951.2617871815     
 ---------------------
 rk4
 istep=     16000001
 grad_b=  -0.2454887002499329        6.8955362365026140E-002 
  -9.6589963386518929E-002
 bsub=  -3.2601458180978472E-003   3.3542314735083581E-002 
    1.074336787813624     
 bsup=    0.000000000000000        0.5707702208730495      
   0.9227373023591711     
 b_abs=    1.005309575711797     
 g=  -1.6088750900574673E-002
 j=    0.000000000000000        -8.062526611657660      
   -267.4389640647341     
 v_perp_2=    9244134.363242926     
 b_n=  -3.8100462370587899E-006   0.5707572095353675      
   0.9227376972978087     
 b_para_n=    1.005309575998306     
 dxdt=   0.2290128686894623        -42.70087570765200      
   -70.32056884854012     
 dudt=    227614.4577504380     
 ---------------------
 rk4
 istep=     17000001
 grad_b=  -0.3365176567938158        4.6352559277969649E-002 
  -7.8544390365646879E-002
 bsub=   1.6595425561033352E-003   3.8559408823129637E-002 
    1.038006382865659     
 bsup=    0.000000000000000        0.8904589406644360      
   0.9190366009256542     
 b_abs=   0.9939808470215871     
 g=  -1.4617877722644203E-002
 j=    0.000000000000000        -451.6734333927524      
    38.25330226162387     
 v_perp_2=    9139963.177068735     
 b_n=   1.2288821709320078E-005   0.8905428404041686      
   0.9190334647017890     
 b_para_n=   0.9939808471199761     
 dxdt=   0.1744258212173514         298.3608474278386      
    306.6625706852820     
 dudt=    142974.6691397047     
 ---------------------
 Particle has exited the domain at step      17091067  s =  
   8.3000000096069573E-002
 Elapsed time (seconds):     89.57507800000000     

real	1m29.587s
user	1m29.363s
sys	0m0.016s
>>> [PID 3632983] DONE  u=500, v_perp=-3000, out=gc_grid/dat149.dat
