>>> [PID 3619119] START u=8500, v_perp=-6000, out=gc_grid/dat102.dat, dt=2e-09, steps=30000000
 outer boundary:   8.3000000000000462E-002
 rk4
 istep=            1
 grad_b=  -0.5028817719029572        4.9313547165685742E-003 
  -7.9820543370012625E-003
 bsub=   8.6925458210522569E-003   4.2252248993291379E-002 
    1.020727423410700     
 bsup=    0.000000000000000        0.5003031752915807      
   0.9181486719076832     
 b_abs=   0.9787596125795219     
 g=  -1.6418780664085288E-002
 j=    0.000000000000000         576.0999633924228      
    59.08701892106379     
 v_perp_2=    35999996.89382969     
 b_n=   3.0364328100578162E-005   0.5032048530716704      
   0.9180283100091406     
 b_para_n=   0.9787596224540608     
 dxdt=   0.3293941798577025         4376.341069642509      
    7972.321012743720     
 dudt=    91347.00194626942     
 ---------------------
 rk4
 istep=      1000001
 grad_b=   0.4049489297659457       -6.2535265798694797E-002 
   8.0568467294793639E-002
 bsub=   0.1046140327700695        2.5599281261178358E-002 
    1.787529933480650     
 bsup=    0.000000000000000        -1.064460497043425      
    1.022660346924767     
 b_abs=    1.342038890612984     
 g=  -1.3241216675019140E-002
 j=    0.000000000000000        -250.1657965107815      
   -179.1764506227520     
 v_perp_2=    49361791.34141194     
 b_n=  -3.8324002522696664E-004   -1.066868865200579      
    1.022717252389000     
 b_para_n=    1.342038872314187     
 dxdt=   -3.109833786666726        -6106.197013939086      
    5848.099978172670     
 dudt=   -2041273.889113295     
 ---------------------
 rk4
 istep=      2000001
 grad_b=   0.4332598952569993       -7.3566844421130373E-002 
  -0.2152345296213848     
 bsub=   1.9282798422027386E-002   0.1607876341551357      
    1.925420074352464     
 bsup=    0.000000000000000        -1.352589745609075      
    1.073009106659780     
 b_abs=    1.359403720680771     
 g=  -7.5897056490305918E-003
 j=    0.000000000000000        -1603.807286372624      
    379.6600163375457     
 v_perp_2=    50000431.43340541     
 b_n=  -6.0935046685448295E-004   -1.357362411391784      
    1.073413782269767     
 b_para_n=    1.359403746369265     
 dxdt=   -4.889400219203861        -7632.179818125075      
    6027.473666052690     
 dudt=    1778215.048164434     
 ---------------------
 rk4
 istep=      3000001
 grad_b=   0.6538285618315518       -2.6335644950787430E-002 
  -0.1485816464108396     
 bsub=   9.6828481597841035E-003   6.3384655492246048E-002 
    1.170329510332344     
 bsup=    0.000000000000000        0.1186516750220142      
    1.112172442416841     
 b_abs=    1.144453476295171     
 g=  -9.6325311441071322E-003
 j=    0.000000000000000         749.2401522190660      
   -196.3807985303419     
 v_perp_2=    42094257.81735554     
 b_n=  -1.4435439994485633E-004   0.1134812597263279      
    1.112453650157791     
 b_para_n=    1.144453461409257     
 dxdt=   -1.352318903661933         794.8192797536700      
    7906.831591331507     
 dudt=    2705642.463832004     
 ---------------------
 rk4
 istep=      4000001
 grad_b=  -0.6655157109126355        8.7690546940191738E-004 
   9.4431527246934543E-003
 bsub=   2.6610495680062587E-002  -4.8429754494991983E-002 
   0.9722321033544710     
 bsup=    0.000000000000000       -0.3787718266672894      
   0.9804211467905282     
 b_abs=   0.9855445397334386     
 g=  -1.7432434402971927E-002
 j=    0.000000000000000        -544.4040653952035      
   -6.199241167564367     
 v_perp_2=    36249363.58495799     
 b_n=   6.8673198382104085E-006  -0.3753783641983541      
   0.9805899995911525     
 b_para_n=   0.9855445420692384     
 dxdt=   7.4009871028672611E-002   -3224.569160353208      
    8443.027330654086     
 dudt=   -166563.7569643991     
 ---------------------
 rk4
 istep=      5000001
 grad_b=  -0.4949914729687096       -0.1251707247550244      
   9.2137980099232117E-002
 bsub=   5.0712662612592361E-003  -0.2279710654871988      
    1.492387498981433     
 bsup=    0.000000000000000        -1.191643184199988      
   0.8968739246068431     
 b_abs=    1.268846085958321     
 g=  -1.7193481463611052E-002
 j=    0.000000000000000        -380.0703190862940      
   -141.5192338504012     
 v_perp_2=    46669420.14037416     
 b_n=  -4.9171902189028109E-004   -1.189450962844744      
   0.8972104635750771     
 b_para_n=    1.268846077976965     
 dxdt=   -4.193453267587969        -7351.163331218801      
    5549.693533504667     
 dudt=   -3359600.151229143     
 ---------------------
 rk4
 istep=      6000001
 grad_b=  -0.9696980902797698       -0.1052292088026948      
  -0.1948531031205097     
 bsub=   3.4363131549776771E-002  -7.5635377613875260E-002 
    1.165182585136176     
 bsup=    0.000000000000000       -0.7810083146835278      
   0.9124824976564285     
 b_abs=    1.059748297480297     
 g=  -1.5622101759016422E-002
 j=    0.000000000000000        -400.5335526641636      
    737.3566916378993     
 v_perp_2=    38978541.88870410     
 b_n=  -6.8163873322555507E-004  -0.7754342162123632      
   0.9128645099895730     
 b_para_n=    1.059748384136444     
 dxdt=   -6.859545305808713        -6077.712325208931      
    7170.209481486784     
 dudt=    1659271.564643187     
 ---------------------
 rk4
 istep=      7000001
 grad_b=  -0.4292178352189617       -4.6662339119309476E-002 
  -4.9721607742927776E-002
 bsub=   3.3655997749006059E-002  -5.7526789065011616E-002 
   0.8616671377248101     
 bsup=    0.000000000000000       -0.1346923595144672      
    1.152134549914486     
 b_abs=    1.000413110354872     
 g=  -1.0275664639433290E-002
 j=    0.000000000000000        -252.9442490321824      
    147.7289575947023     
 v_perp_2=    36796098.25950731     
 b_n=  -3.7033323527910770E-004  -0.1315265509984458      
    1.152360389430629     
 b_para_n=    1.000413126104572     
 dxdt=   -3.934847643858996        -1104.452595447422      
    9737.418313741269     
 dudt=    937543.4770623046     
 ---------------------
 rk4
 istep=      8000001
 grad_b=   -1.265077392643511       -2.5403704327728573E-002 
   0.1313270921110741     
 bsub=  -1.2348916425772379E-002  -8.3508842195179858E-002 
    1.182280591438111     
 bsup=    0.000000000000000       -0.7502616329039309      
   0.8779278726067465     
 b_abs=    1.049077388013816     
 g=  -1.9587874769422330E-002
 j=    0.000000000000000        -548.5195108798421      
   -491.0689810380397     
 v_perp_2=    38585968.08274646     
 b_n=  -7.7230403718839979E-005  -0.7442101650458633      
   0.8783544561373159     
 b_para_n=    1.049077334696692     
 dxdt=  -0.7846148290928293        -5907.629947225599      
    6989.160662304408     
 dudt=   -2355254.124834451     
 ---------------------
 rk4
 istep=      9000001
 grad_b=  -0.8230007599974413        0.1422169400760592      
  -0.1352948801096620     
 bsub=   1.9185441119167847E-002  -0.1944970270793678      
    1.458519982523287     
 bsup=    0.000000000000000        -1.072175515660154      
   0.8868399593915169     
 b_abs=    1.225453798365628     
 g=  -1.8179440568455649E-002
 j=    0.000000000000000         221.6781125895483      
   -167.2845938070183     
 v_perp_2=    45073174.65486169     
 b_n=   5.5162972185970026E-004   -1.068527340824535      
   0.8873191790304276     
 b_para_n=    1.225453778388639     
 dxdt=    4.854236590873370        -6922.107573955584      
    5756.327536858867     
 dudt=    4088919.157359830     
 ---------------------
 rk4
 istep=     10000001
 grad_b=  -0.6235592257024595       -1.8590564190660332E-003 
   7.1062992520709578E-004
 bsub=  -2.6067151066493592E-002  -5.8068985844436913E-002 
   0.9412729024152610     
 bsup=    0.000000000000000       -0.3678564023602069      
    1.010328294703282     
 b_abs=   0.9859559326734391     
 g=  -1.6216927189221648E-002
 j=    0.000000000000000        -398.6632857410249      
    57.71281065271023     
 v_perp_2=    36264197.08504562     
 b_n=  -9.6201135185839654E-006  -0.3645518708293208      
    1.010531900681641     
 b_para_n=   0.9859559415627429     
 dxdt=  -0.1036359253633108        -3129.914708620164      
    8696.369525282913     
 dudt=   -26147.49249936596     
 ---------------------
 rk4
 istep=     11000001
 grad_b=   0.5412502020492239        6.7550980618605538E-002 
   0.1544285617455602     
 bsub=  -2.5214816591620191E-002   6.6996317114982357E-002 
    1.179412080889277     
 bsup=    0.000000000000000       -0.2478821951833389      
    1.135455996352386     
 b_abs=    1.150207641356301     
 g=  -8.7430400623164321E-003
 j=    0.000000000000000         295.5653008149401      
   -109.0666258544678     
 v_perp_2=    42305440.37694692     
 b_n=   5.0916250876072145E-004  -0.2525992741307417      
    1.135734826169614     
 b_para_n=    1.150207632574113     
 dxdt=    4.747829039867923        -1794.068502978532      
    8019.077018761654     
 dudt=   -2535840.644901689     
 ---------------------
 rk4
 istep=     12000001
 grad_b=   0.1086953329726683        0.1437026833373225      
   0.2814944658622408     
 bsub=  -6.0721672367845564E-002   5.3022231833946720E-002 
    1.719343727673296     
 bsup=    0.000000000000000        -1.488618480234048      
    1.018014955626535     
 b_abs=    1.292890450072806     
 g=  -1.1590855261891339E-002
 j=    0.000000000000000         855.3707297225059      
   -456.1367428062827     
 v_perp_2=    47553354.25466279     
 b_n=   9.7657667802403692E-004   -1.489476481038034      
    1.018075870701387     
 b_para_n=    1.292890404798466     
 dxdt=    8.189960095817449        -8977.435215809355      
    6134.949087364447     
 dudt=   -1033345.958407583     
 ---------------------
 rk4
 istep=     13000001
 grad_b=  -0.6484203735313739        0.1715193366100091      
  -0.1088632196522116     
 bsub=  -1.0705602855746199E-002  -0.1081209574716671      
    1.262817319909374     
 bsup=    0.000000000000000       -0.7223038902539193      
   0.8873790295245666     
 b_abs=    1.094800716329705     
 g=  -2.0557438000134216E-002
 j=    0.000000000000000         403.6192618674647      
   -500.4738198711390     
 v_perp_2=    40267430.72668701     
 b_n=   7.1704049702705976E-004  -0.7194332617841687      
   0.8876308351896377     
 b_para_n=    1.094800655227823     
 dxdt=    6.999488865322790        -5411.787570310166      
    6685.480281172291     
 dudt=    3703804.040953123     
 ---------------------
 rk4
 istep=     14000001
 grad_b=   7.0080834609977133E-002  -1.7332145844200585E-002 
   9.3677718259501483E-002
 bsub=  -2.6846451119118646E-002   2.6353686409340459E-002 
    1.006480374889286     
 bsup=    0.000000000000000        0.2461640444008164      
    1.050592264902448     
 b_abs=    1.031552356976416     
 g=  -1.3912828364535026E-002
 j=    0.000000000000000         967.6510265762995      
   -293.1371166158345     
 v_perp_2=    37941069.25640732     
 b_n=  -1.1798998093655586E-004   0.2457313118743691      
    1.050600419738191     
 b_para_n=    1.031552329054509     
 dxdt=   -1.217867565462439         1996.494095004818      
    8539.893716463635     
 dudt=   -1678491.625807515     
 ---------------------
 rk4
 istep=     15000001
 grad_b=   0.7533345602936765        2.4835047759631548E-002 
   0.1697914141823894     
 bsub=   3.9558413936385373E-002   0.1170549972964702      
    1.615160621162519     
 bsup=    0.000000000000000       -0.6290939465600506      
    1.082709802654547     
 b_abs=    1.294405502773168     
 g=  -8.9632556985885740E-003
 j=    0.000000000000000        -933.1612206012986      
    286.1958732114294     
 v_perp_2=    47608887.37383202     
 b_n=   1.0978266174797230E-004  -0.6356580889221445      
    1.083182852052093     
 b_para_n=    1.294405524343153     
 dxdt=   0.9197216879519302        -3839.668169450815      
    6517.626083032302     
 dudt=   -2389855.749868988     
 ---------------------
 rk4
 istep=     16000001
 grad_b=   0.4390420611240743       -2.3120159387563059E-003 
  -3.6692796504605427E-002
 bsub=  -1.0170850191311061E-002   0.1889537805072341      
    2.154864827067184     
 bsup=    0.000000000000000        -1.491917849803622      
    1.075015598988886     
 b_abs=    1.426561253903821     
 g=  -7.2885955959728060E-003
 j=    0.000000000000000         1750.591606046140      
    75.20202957986785     
 v_perp_2=    52469575.90750308     
 b_n=   1.0277930615554990E-005   -1.496899313033705      
    1.075452473150632     
 b_para_n=    1.426561277681226     
 dxdt=   7.9116814520169734E-002   -7849.143900826641      
    5631.507447940465     
 dudt=    464035.2249518248     
 ---------------------
 rk4
 istep=     17000001
 grad_b=   0.8306468322971666        1.6111360342130683E-002 
  -0.1618621052645115     
 bsub=  -4.6017695728504698E-002   6.9170141999041854E-002 
    1.451037676343238     
 bsup=    0.000000000000000       -0.2115448378184200      
    1.062657231052603     
 b_abs=    1.236116915055571     
 g=  -9.9751126946946642E-003
 j=    0.000000000000000         1251.206822048110      
   -394.4812515132792     
 v_perp_2=    45464886.15253969     
 b_n=   1.8803564686689371E-004  -0.2180593776119254      
    1.062973710544171     
 b_para_n=    1.236116881932731     
 dxdt=    1.641752941661248        -1412.915222833484      
    6814.565147391327     
 dudt=    2609682.298242399     
 ---------------------
 rk4
 istep=     18000001
 grad_b=  -0.3293138582149220        2.5010006542730001E-002 
  -4.3460088540301367E-002
 bsub=   2.6489761515968588E-002   2.0887017906368953E-002 
   0.9977512249235019     
 bsup=    0.000000000000000        8.6280238006943510E-002 
   0.9814768215209024     
 b_abs=   0.9902071501754066     
 g=  -1.6183321659322718E-002
 j=    0.000000000000000        -542.5622442246099      
   -21.77740004402248     
 v_perp_2=    36420174.47974537     
 b_n=   1.4450505062912382E-004   8.8109696174516763E-002 
   0.9814346832114470     
 b_para_n=   0.9902071464185752     
 dxdt=    1.550385476556431         758.1064801068856      
    8400.072298215497     
 dudt=    752116.6718717702     
 ---------------------
 rk4
 istep=     19000001
 grad_b=   9.8418993294465726E-002  -0.1030941306008309      
   4.3687830437687598E-002
 bsub=   9.4242552852971562E-002  -0.1311959259510097      
    1.620302141830441     
 bsup=    0.000000000000000        -1.171886104683885      
   0.9621742483017079     
 b_abs=    1.308859707310351     
 g=  -1.7033418884265301E-002
 j=    0.000000000000000         131.3633801731238      
   -212.0090469259181     
 v_perp_2=    48140260.08634178     
 b_n=  -4.4838123449324110E-004   -1.172317907321671      
   0.9621653473398635     
 b_para_n=    1.308859685846752     
 dxdt=   -3.719546395023808        -6945.264415322166      
    5699.377702471712     
 dudt=   -2288121.394447471     
 ---------------------
 rk4
 istep=     20000001
 grad_b=   0.4823938354925136       -7.0499756241053591E-002 
  -0.1894000690143764     
 bsub=   3.1753390331445884E-002   0.1318829188430407      
    1.751974320904416     
 bsup=    0.000000000000000        -1.243242148989866      
    1.080206944971198     
 b_abs=    1.315422813772084     
 g=  -7.9622340131385826E-003
 j=    0.000000000000000        -53.74687184822690      
   -267.3502176245431     
 v_perp_2=    48381599.45665245     
 b_n=  -5.7892280399821051E-004   -1.248242942764667      
    1.080593860044746     
 b_para_n=    1.315422785820546     
 dxdt=   -4.781254412062491        -7354.193506765359      
    6357.096369151868     
 dudt=    1634911.265526370     
 ---------------------
 rk4
 istep=     21000001
 grad_b=   0.4080809065957762       -3.9543197922355777E-002 
  -0.1305921142428709     
 bsub=   2.7146795132117693E-002   4.6209558386072998E-002 
    1.076693557726407     
 bsup=    0.000000000000000        9.2727372935858421E-002 
    1.117909039142432     
 b_abs=    1.098845712323077     
 g=  -1.0557325413323606E-002
 j=    0.000000000000000        -324.8850940859280      
    325.6397178788696     
 v_perp_2=    40415782.03179296     
 b_n=  -2.4698894169721366E-004   8.9733546644599413E-002 
    1.118043786319759     
 b_para_n=    1.098845742417152     
 dxdt=   -2.402741275074015         665.8930670855514      
    8380.348559267250     
 dudt=    2504638.234992913     
 ---------------------
 rk4
 istep=     22000001
 grad_b=  -0.8741175887323682       -5.2196320462978016E-003 
   4.0944753934799974E-002
 bsub=   1.6355860887038984E-002  -6.1264992720172474E-002 
    1.018085077534846     
 bsup=    0.000000000000000       -0.4907498291706937      
   0.9406487926753436     
 b_abs=   0.9939422357450776     
 g=  -1.8271094161627220E-002
 j=    0.000000000000000         685.9011327696753      
   -550.8491765191250     
 v_perp_2=    36557362.12490464     
 b_n=  -1.3767807289889028E-005  -0.4863792890884272      
   0.9409119521939429     
 b_para_n=   0.9939421678218477     
 dxdt=  -0.1471873233118735        -4133.853998330988      
    8015.970763183001     
 dudt=   -759997.5593651648     
 ---------------------
 rk4
 istep=     23000001
 grad_b=  -0.4873547515421796       -2.7957827297837863E-002 
   2.0180037776694984E-002
 bsub=   8.4954684077323192E-003  -0.2391031845015801      
    1.523806310351354     
 bsup=    0.000000000000000        -1.270968880999818      
   0.9035152417177863     
 b_abs=    1.296475452878248     
 g=  -1.6630801173247545E-002
 j=    0.000000000000000         645.3336205391008      
   -1.101459427928376     
 v_perp_2=    47684510.60351209     
 b_n=  -1.1002643918079425E-004   -1.268805401885189      
   0.9038553224482099     
 b_para_n=    1.296475443384046     
 dxdt=  -0.9204546217554653        -7611.175413997133      
    5426.396971359574     
 dudt=   -762658.8112855245     
 ---------------------
 rk4
 istep=     24000001
 grad_b=   -1.078352544363927       -3.1310306087511293E-002 
  -9.3324719420145114E-002
 bsub=   7.4853292241682835E-003  -8.4547537316453286E-002 
    1.057784668524852     
 bsup=    0.000000000000000       -0.5948894724593280      
   0.9170364329704025     
 b_abs=    1.009987630305291     
 g=  -1.7255925972148572E-002
 j=    0.000000000000000        -95.89111117595996      
    361.7350688000589     
 v_perp_2=    37147400.62030324     
 b_n=  -2.0552179295070224E-004  -0.5891765285296323      
   0.9174945570478972     
 b_para_n=    1.009987672768277     
 dxdt=   -2.164097618680328        -4906.487038586022      
    7661.023612031706     
 dudt=    1219147.531250370     
 ---------------------
 rk4
 istep=     25000001
 grad_b=  -0.7129861900503753        2.8789295466437333E-002 
   2.5807705871279264E-002
 bsub=  -1.7311082633318306E-002  -9.2533570651131464E-002 
   0.8203449523404338     
 bsup=    0.000000000000000       -0.3713545761960371      
    1.146439951485877     
 b_abs=   0.9865874888285253     
 g=  -9.7919163664102159E-003
 j=    0.000000000000000        -658.1378140884312      
   -126.4046260945230     
 v_perp_2=    36286703.47300358     
 b_n=   2.4214403721834507E-004  -0.3659126471163345      
    1.147058896071835     
 b_para_n=   0.9865874839252163     
 dxdt=    2.606990563994696        -3134.482444544171      
    9864.264755335282     
 dudt=   -352220.6929696703     
 ---------------------
 rk4
 istep=     26000001
 grad_b=   -1.323855047809098       -2.2146148812300009E-002 
   0.1675603540034885     
 bsub=  -2.6843225503092549E-002  -9.6091037867923085E-002 
    1.270041683791167     
 bsup=    0.000000000000000       -0.8435288384758716      
   0.8682534181306566     
 b_abs=    1.088215850087768     
 g=  -2.0184883407297072E-002
 j=    0.000000000000000         1183.960359025350      
   -741.1337025639529     
 v_perp_2=    40024549.89211287     
 b_n=  -4.3472622620939309E-005  -0.8374668263603660      
   0.8687110667424444     
 b_para_n=    1.088215753345164     
 dxdt=  -0.4267580330704987        -6343.117218460896      
    6594.785379274258     
 dudt=   -2774265.404257508     
 ---------------------
 rk4
 istep=     27000001
 grad_b=  -0.9443511888493262        0.1410440269389777      
  -0.1386902920944550     
 bsub=   1.6679787981328922E-002  -0.1587735167195596      
    1.386238058985108     
 bsup=    0.000000000000000       -0.9217206998049711      
   0.8772656843321980     
 b_abs=    1.167142814513080     
 g=  -1.9301516696627358E-002
 j=    0.000000000000000         200.7717333172676      
    139.5833345823287     
 v_perp_2=    42927415.32681884     
 b_n=   5.5794163657247003E-004  -0.9175183348044382      
   0.8777403016826117     
 b_para_n=    1.167142827119188     
 dxdt=    5.133156935338744        -6344.075547260694      
    6079.262098197080     
 dudt=    3965445.248768718     
 ---------------------
 rk4
 istep=     28000001
 grad_b=  -0.4075076494504470        1.9880598119696776E-003 
   2.9170290118349831E-002
 bsub=  -3.4481860826257565E-002  -3.9178949511218142E-002 
   0.9271791155948136     
 bsup=    0.000000000000000       -0.2355532444321323      
    1.049115093741403     
 b_abs=   0.9910014051736371     
 g=  -1.5126070267323205E-002
 j=    0.000000000000000         847.8473560756381      
   -170.3171040222468     
 v_perp_2=    36448897.74701824     
 b_n=   1.7819633746120408E-005  -0.2333044620275719      
    1.049210757998848     
 b_para_n=   0.9910013834937396     
 dxdt=   0.1910401718608765        -1989.988543591186      
    8971.479774522930     
 dudt=   -559206.8544301665     
 ---------------------
 rk4
 istep=     29000001
 grad_b=   0.7376430322141891        4.8926024624341438E-002 
   0.1606495755047014     
 bsub=  -6.3395807551577255E-003   8.4663652234925668E-002 
    1.296090879359812     
 bsup=    0.000000000000000       -0.2624707032816344      
    1.128329314900962     
 b_abs=    1.200165602428309     
 g=  -8.3352870467997865E-003
 j=    0.000000000000000        -674.3709753831245      
    63.97542233671184     
 v_perp_2=    44141866.98048640     
 b_n=   3.4751917426339339E-004  -0.2691479590291693      
    1.128767190252308     
 b_para_n=    1.200165604315394     
 dxdt=    3.116611064043675        -1810.923260333806      
    7531.435524819404     
 dudt=   -2580723.380624443     
 ---------------------
 Elapsed time (seconds):     154.4121940000000     

real	2m34.424s
user	2m34.117s
sys	0m0.018s
>>> [PID 3619119] DONE  u=8500, v_perp=-6000, out=gc_grid/dat102.dat
