>>> [PID 3635765] START u=5500, v_perp=-3000, out=gc_grid/dat159.dat, dt=2e-09, steps=30000000
 outer boundary:   8.3000000000000462E-002
 rk4
 istep=            1
 grad_b=  -0.5028820954959737        4.9316584585950909E-003 
  -7.9826997005624512E-003
 bsub=   8.6924619372232281E-003   4.2252296189527590E-002 
    1.020727239684073     
 bsup=    0.000000000000000        0.5003091584326907      
   0.9181486157148931     
 b_abs=   0.9787596423830371     
 g=  -1.6418750378000033E-002
 j=    0.000000000000000         576.0999461815181      
    59.09149782837566     
 v_perp_2=    8999999.497510076     
 b_n=   1.9648773198631442E-005   0.5021867188197348      
   0.9180707342038714     
 b_para_n=   0.9787596487727904     
 dxdt=   0.1268386191572970         2823.536024244017      
    5158.902251010494     
 dudt=    22838.67804191553     
 ---------------------
 rk4
 istep=      1000001
 grad_b=  -0.3261200069831628        8.6320702409102834E-002 
  -3.7491175051871335E-002
 bsub=  -4.1517119792460852E-002  -0.2348594469774244      
    1.507562530986507     
 bsup=    0.000000000000000        -1.248882461018414      
   0.9068181055364615     
 b_abs=    1.288583151305584     
 g=  -1.8073974625680347E-002
 j=    0.000000000000000        -498.3088138735875      
   -98.00754925255509     
 v_perp_2=    11848916.96463973     
 b_n=   2.2139370157219350E-004   -1.247982519198176      
   0.9069644011772227     
 b_para_n=    1.288583150032415     
 dxdt=    1.093820939970361        -5068.882198019109      
    3684.485095240582     
 dudt=    505949.0404826318     
 ---------------------
 rk4
 istep=      2000001
 grad_b=  -0.3899894604326579       -2.7168841519677273E-002 
  -4.1380342688884866E-002
 bsub=   3.2038080801179120E-002  -5.6215346098755545E-002 
   0.8785770977520038     
 bsup=    0.000000000000000       -0.2020374960420513      
    1.110167394860188     
 b_abs=   0.9937279646815821     
 g=  -1.2346836813167710E-002
 j=    0.000000000000000         363.5841739147255      
   -166.4559043627758     
 v_perp_2=    9137627.833375154     
 b_n=  -1.2334323799505413E-004  -0.2004304275160955      
    1.110274706436773     
 b_para_n=   0.9937279525047035     
 dxdt=  -0.7844573235990433        -1105.452224601470      
    6131.147920058297     
 dudt=    187148.7737612860     
 ---------------------
 rk4
 istep=      3000001
 grad_b=   0.4012006353729242       -7.3499562976559615E-002 
  -0.2137859395252106     
 bsub=   2.2663847121354184E-002   0.1707214661460146      
    2.043399623324897     
 bsup=    0.000000000000000        -1.555520664055317      
    1.076080784196968     
 b_abs=    1.389743851446343     
 g=  -7.4384226862229553E-003
 j=    0.000000000000000        -1236.834968676083      
    443.8786603216923     
 v_perp_2=    12779105.21903178     
 b_n=  -4.2594834692745323E-004   -1.558610339932656      
    1.076343660574749     
 b_para_n=    1.389743875815890     
 dxdt=   -1.957543318712908        -5772.910826404223      
    3984.979569372238     
 dudt=    382836.0371378057     
 ---------------------
 rk4
 istep=      4000001
 grad_b=   0.5423810160117373        1.3625583441012726E-002 
   0.1412663109266754     
 bsub=  -1.1535207786974526E-002   5.4753627367829572E-002 
    1.114238778226778     
 bsup=    0.000000000000000        0.3303395395237459      
    1.092812442921306     
 b_abs=    1.111310731261562     
 g=  -1.0871352799055824E-002
 j=    0.000000000000000         459.0729293170027      
   -302.4993767871142     
 v_perp_2=    10218823.65741297     
 b_n=   3.1266091188737234E-005   0.3277955147821038      
    1.092937761986569     
 b_para_n=    1.111310713371507     
 dxdt=   0.1782693499791158         1587.106975815911      
    5299.086547889658     
 dudt=   -657301.8314352855     
 ---------------------
 rk4
 istep=      5000001
 grad_b=  -0.8981695241184184        0.1433043399445957      
  -0.1405678353927745     
 bsub=   2.2792979472560201E-002  -0.1871635404328149      
    1.437461367142975     
 bsup=    0.000000000000000        -1.026343940201319      
   0.8799328224783844     
 b_abs=    1.206986669305459     
 g=  -1.8809069519430923E-002
 j=    0.000000000000000         349.9548570963110      
   -72.80474229671309     
 v_perp_2=    11098584.92861588     
 b_n=   3.6398775366652694E-004   -1.023735066523110      
   0.8802667304682417     
 b_para_n=    1.206986661158594     
 dxdt=    1.915461142992772        -4497.974661158751      
    3869.852442904403     
 dudt=    1031415.703986050     
 ---------------------
 rk4
 istep=      6000001
 grad_b=  -0.2915385487429621       -2.0855835118499741E-003 
  -4.3648727153818040E-002
 bsub=   3.6184570017963366E-002  -2.5127538208346581E-002 
   0.9336530370659086     
 bsup=    0.000000000000000       -0.1460439764260872      
    1.056291365212845     
 b_abs=   0.9952861050309566     
 g=  -1.4910872107326067E-002
 j=    0.000000000000000         231.5956969524744      
   -74.14975930440930     
 v_perp_2=    9151933.142141694     
 b_n=  -1.1827989552430037E-005  -0.1449924313315969      
    1.056320118176452     
 b_para_n=   0.9952860995667394     
 dxdt=  -7.5110055856230165E-002   -798.3394224405279      
    5822.623535486347     
 dudt=    211574.7879624793     
 ---------------------
 rk4
 istep=      7000001
 grad_b=   0.4898662094990123        1.1141121227063396E-002 
  -7.0976272762472231E-002
 bsub=  -4.7686646580681710E-002   0.1756665013010728      
    2.025412182997057     
 bsup=    0.000000000000000        -1.072894960390401      
    1.075088023742704     
 b_abs=    1.410441790294851     
 g=  -9.2442529592099490E-003
 j=    0.000000000000000         98.52719223742713      
    232.8176011763220     
 v_perp_2=    12969397.30416028     
 b_n=   1.0216817855789392E-004   -1.075778580706218      
    1.075340540693576     
 b_para_n=    1.410441806856276     
 dxdt=   0.4629744493659698        -3912.663803174205      
    3908.711976580135     
 dudt=    287699.1825807809     
 ---------------------
 rk4
 istep=      8000001
 grad_b=   0.3169734024993284        7.9443813271975763E-002 
   0.1439839301441912     
 bsub=  -3.6964119849385441E-002   4.7858985837655854E-002 
    1.089633242334654     
 bsup=    0.000000000000000       -0.2400246803450800      
    1.139668988141072     
 b_abs=    1.108560490436289     
 g=  -9.1459265939161788E-003
 j=    0.000000000000000        -517.8047118344369      
    228.6383903906776     
 v_perp_2=    10193509.25666402     
 b_n=   3.9974814220829750E-004  -0.2417843214315126      
    1.139759849280169     
 b_para_n=    1.108560503373358     
 dxdt=    2.284743065433143        -1177.184026105607      
    5542.192490320432     
 dudt=   -601476.7988188057     
 ---------------------
 rk4
 istep=      9000001
 grad_b=   -1.262765817282108       -2.5518562177857165E-003 
  -0.2194431666789833     
 bsub=   4.6883884323679612E-002  -0.1093862647753032      
    1.399595183091638     
 bsup=    0.000000000000000       -0.9836858166109810      
   0.8743424003313969     
 b_abs=    1.153657119514961     
 g=  -2.0710342837786284E-002
 j=    0.000000000000000         784.4309074010698      
   -689.5919410716958     
 v_perp_2=    10608178.32689785     
 b_n=  -5.6012048127751227E-005  -0.9801167761086705      
   0.8746231715022201     
 b_para_n=    1.153657063958134     
 dxdt=  -0.3079583435146789        -4543.687461043627      
    4057.610810154074     
 dudt=    754644.1441186523     
 ---------------------
 rk4
 istep=     10000001
 grad_b=  -0.3169631950079687       -7.7126290413749382E-002 
   8.1169202308792987E-002
 bsub=   9.2896433113455919E-003   2.8204316789838351E-002 
    1.086878620301896     
 bsup=    0.000000000000000        0.2467222037490942      
   0.9179005912336015     
 b_abs=    1.002409859863987     
 g=  -1.8051574171230461E-002
 j=    0.000000000000000        -57.81199665820171      
   -94.67079789866605     
 v_perp_2=    9217416.351302937     
 b_n=  -2.7218994352653505E-004   0.2478134550815138      
   0.9178745929641289     
 b_para_n=    1.002409852369581     
 dxdt=   -1.716423474205339         1355.717744746801      
    5018.021093464690     
 dudt=   -254446.9615755174     
 ---------------------
 rk4
 istep=     11000001
 grad_b=  -0.5752594953189673        0.1838375945393347      
  -0.1139280254911464     
 bsub=  -5.3376176498353672E-003  -0.1846747946312901      
    1.394184939553702     
 bsup=    0.000000000000000       -0.9664853162510667      
   0.8835189774186877     
 b_abs=    1.187593636867130     
 g=  -1.9051893856789109E-002
 j=    0.000000000000000         226.0081743137216      
   -88.49650632362417     
 v_perp_2=    10920222.36247232     
 b_n=   4.8752798135247354E-004  -0.9648220531662044      
   0.8837411540245766     
 b_para_n=    1.187593628675168     
 dxdt=    2.606135638432234        -4322.715225440789      
    3960.954439299301     
 dudt=    1077538.497758499     
 ---------------------
 rk4
 istep=     12000001
 grad_b=  -0.5796471113882264       -5.5211452774952749E-003 
  -1.2872088408250701E-002
 bsub=   2.3285302992149745E-002  -7.0716479880036084E-002 
   0.9025683924935167     
 bsup=    0.000000000000000       -0.3704703363110325      
    1.043679818078198     
 b_abs=   0.9835950170572578     
 g=  -1.4630832486970233E-002
 j=    0.000000000000000        -147.6454608794341      
    149.9989290462511     
 v_perp_2=    9044399.063186212     
 b_n=  -2.3939236460822632E-005  -0.3683464504386749      
    1.043846854590984     
 b_para_n=   0.9835950279478161     
 dxdt=  -0.1537897937449337        -2056.405874000368      
    5832.766703594795     
 dudt=    53235.28841013493     
 ---------------------
 rk4
 istep=     13000001
 grad_b=   0.4370615505361265       -7.2937289381913184E-002 
  -0.2097273387775326     
 bsub=   1.1405035607075493E-002   0.1645036825027187      
    1.903333388059472     
 bsup=    0.000000000000000        -1.235966162679639      
    1.075347943759401     
 b_abs=    1.357383530927866     
 g=  -7.4410470893266382E-003
 j=    0.000000000000000        -1867.781976941319      
    388.0930158913503     
 v_perp_2=    12481468.86361164     
 b_n=  -4.1186017129447833E-004   -1.239259879520314      
    1.075635096525419     
 b_para_n=    1.357383546853877     
 dxdt=   -1.935846282226639        -4726.515563704818      
    4100.168276831994     
 dudt=    458554.8497092883     
 ---------------------
 rk4
 istep=     14000001
 grad_b=   0.7371325119426074        1.5669326901826111E-002 
   0.1559504804873179     
 bsub=   5.0804341506344095E-003   7.0364286437098522E-002 
    1.236414505246821     
 bsup=    0.000000000000000        0.1670304716366337      
    1.104078759788554     
 b_abs=    1.173380669887635     
 g=  -9.2034240950871031E-003
 j=    0.000000000000000        -1005.908810324074      
    163.1808812367698     
 v_perp_2=    10789510.67819709     
 b_n=   3.6999195196841522E-005   0.1630196922828950      
    1.104306867338918     
 b_para_n=    1.173380676559569     
 dxdt=   0.2001050399391232         737.7211820513635      
    5020.986177012951     
 dudt=   -684907.4970464573     
 ---------------------
 rk4
 istep=     15000001
 grad_b=   -1.143806216344956        0.1041568811915484      
  -0.1431578233921866     
 bsub=   2.0305537562926610E-002  -0.1248499616525368      
    1.317970336854785     
 bsup=    0.000000000000000       -0.8309803243176349      
   0.8678509055861171     
 b_abs=    1.116972402227025     
 g=  -2.0396686015202566E-002
 j=    0.000000000000000        -40.72721114937008      
    317.3386833173398     
 v_perp_2=    10270816.84726611     
 b_n=   2.6424584120125495E-004  -0.8276505523626909      
   0.8681622806277954     
 b_para_n=    1.116972426239737     
 dxdt=    1.499211600692601        -3986.005442596380      
    4184.360858891437     
 dudt=    867650.7322978268     
 ---------------------
 rk4
 istep=     16000001
 grad_b=  -0.5487937815557050        2.5376138391074530E-003 
  -7.3832379052213432E-003
 bsub=   2.9774806537886896E-002  -4.3276594646908098E-002 
   0.9539047312016645     
 bsup=    0.000000000000000       -0.3282908087243269      
   0.9986321446284234     
 b_abs=   0.9830854738925892     
 g=  -1.6960088341308188E-002
 j=    0.000000000000000        -27.76018312051599      
   -31.14253945135761     
 v_perp_2=    9039691.604474679     
 b_n=   7.3707941044518273E-006  -0.3264551386936496      
   0.9987151927422160     
 b_para_n=   0.9830854717613497     
 dxdt=   4.7375318117321499E-002   -1823.661769516245      
    5583.845085725807     
 dudt=    38378.14158000909     
 ---------------------
 rk4
 istep=     17000001
 grad_b=   0.5955009806059905        4.8172677359868896E-003 
  -0.1366146346136025     
 bsub=  -7.0965097572840502E-002   0.1397130778718674      
    1.888465683441761     
 bsup=    0.000000000000000       -0.9224439909181790      
    1.065531931721311     
 b_abs=    1.372280327494014     
 g=  -1.0413642687031373E-002
 j=    0.000000000000000         1163.887550006060      
   -166.7606157275312     
 v_perp_2=    12618417.74071365     
 b_n=   7.7590877560628583E-005  -0.9255132232907483      
    1.065761912397949     
 b_para_n=    1.372280322006805     
 dxdt=   0.3609137572801976        -3483.207528026261      
    4008.095373448055     
 dudt=    502588.3873264894     
 ---------------------
 rk4
 istep=     18000001
 grad_b=   0.3922835359688716        9.4012385213170901E-002 
   0.1739987692319452     
 bsub=  -4.0007007288739453E-002   6.2949752396621386E-002 
    1.199003449585104     
 bsup=    0.000000000000000       -0.5046152482689092      
    1.132931433792590     
 b_abs=    1.152451423382119     
 g=  -8.1390921611705323E-003
 j=    0.000000000000000         726.7717716457003      
    35.25557408480472     
 v_perp_2=    10597035.42180847     
 b_n=   5.2719489151164221E-004  -0.5070878442225336      
    1.133078844684304     
 b_para_n=    1.152451428045870     
 dxdt=    2.901499096113739        -2357.418990910696      
    5262.992243417474     
 dudt=   -597169.0769159877     
 ---------------------
 rk4
 istep=     19000001
 grad_b=  -0.9954554522398751       -0.1113288000093443      
  -0.2536252865479333     
 bsub=   4.1480202079248144E-002  -6.9082034511078597E-002 
    1.304301567621772     
 bsup=    0.000000000000000       -0.9960918734648374      
   0.8940338106802164     
 b_abs=    1.111272963039487     
 g=  -1.7156274002794313E-002
 j=    0.000000000000000         188.4508902249450      
    505.2867825635088     
 v_perp_2=    10218384.77727216     
 b_n=  -4.3294019718672483E-004  -0.9926654929394174      
   0.8942290883441907     
 b_para_n=    1.111273000094893     
 dxdt=   -2.468569758374186        -4810.097377324753      
    4335.910581395009     
 dudt=    479324.0516353857     
 ---------------------
 rk4
 istep=     20000001
 grad_b=   0.2498575536535393       -0.1519155173684227      
   0.1558146478367890     
 bsub=   2.6051117886487968E-002  -1.7153847945716720E-002 
    1.259251441785429     
 bsup=    0.000000000000000       -7.8137423342115320E-002 
   0.9434842680978967     
 b_abs=    1.090532764397947     
 g=  -1.7353952915277499E-002
 j=    0.000000000000000        -219.0954301843204      
    30.64734288500500     
 v_perp_2=    10027669.80853790     
 b_n=  -5.1687065660633766E-004  -7.8988465049583581E-002 
   0.9434833700868024     
 b_para_n=    1.090532766928703     
 dxdt=   -3.001723992330012        -392.2694233027828      
    4676.843970687451     
 dudt=   -669820.3567952013     
 ---------------------
 rk4
 istep=     21000001
 grad_b=  -0.9260377814652311        0.1352142146079942      
  -0.1170667951164998     
 bsub=   1.9185888607146531E-003  -0.1090242578613386      
    1.255588030567555     
 bsup=    0.000000000000000       -0.7443513677475817      
   0.8756903358923966     
 b_abs=    1.086439097378748     
 g=  -2.0369295398112153E-002
 j=    0.000000000000000        -649.5684963436744      
    101.4420519453351     
 v_perp_2=    9990021.366590539     
 b_n=   3.6955117620317924E-004  -0.7416152683819967      
   0.8759273604187624     
 b_para_n=    1.086439109318909     
 dxdt=    2.154051835673393        -3690.087430986778      
    4361.338192099139     
 dudt=    859739.9518422794     
 ---------------------
 rk4
 istep=     22000001
 grad_b=  -0.8020933561424499        5.7825144309105146E-003 
   2.5486718154506899E-002
 bsub=   1.4625828960900996E-002  -7.5057542605257072E-002 
   0.9685153846700083     
 bsup=    0.000000000000000       -0.4554286301265351      
   0.9676275283480058     
 b_abs=   0.9858764837422642     
 g=  -1.7045275000535681E-002
 j=    0.000000000000000         518.3026085273034      
   -53.69608509174827     
 v_perp_2=    9065324.429180894     
 b_n=   2.6066251477351026E-005  -0.4527322162663303      
   0.9678360932306909     
 b_para_n=   0.9858764769867774     
 dxdt=   0.1670741348991468        -2520.713968580111      
    5393.697918413414     
 dudt=   -102727.2864580681     
 ---------------------
 rk4
 istep=     23000001
 grad_b=   0.5713118964758203       -6.8850407369953903E-002 
  -0.1740464874382304     
 bsub=  -2.2414800372391637E-003   0.1492418294721327      
    1.720933699911589     
 bsup=    0.000000000000000       -0.8602188201768290      
    1.090417803983379     
 b_abs=    1.322349218641552     
 g=  -7.8900629982919628E-003
 j=    0.000000000000000        -341.9594305866690      
    132.8503211456649     
 v_perp_2=    12159248.28907935     
 b_n=  -3.6511702072550858E-004  -0.8640976540410712      
    1.090753711781092     
 b_para_n=    1.322349225590959     
 dxdt=   -1.759648162090983        -3404.587240760561      
    4293.594988054509     
 dudt=    453925.7406256301     
 ---------------------
 rk4
 istep=     24000001
 grad_b=   0.7846490033630107        2.4427750058274647E-002 
   0.1608130090028463     
 bsub=   1.6478363515675699E-002   9.2520078430226152E-002 
    1.393784711009125     
 bsup=    0.000000000000000       -0.2427394315880704      
    1.108813092667850     
 b_abs=    1.233753211201905     
 g=  -8.4115937459470110E-003
 j=    0.000000000000000         447.1945719596565      
    204.6303987835603     
 v_perp_2=    11344583.23121187     
 b_n=   8.2736284667787676E-005  -0.2474483481678348      
    1.109124707763335     
 b_para_n=    1.233753226102048     
 dxdt=   0.4262598444080558        -1063.597257714195      
    4749.207402135808     
 dudt=   -642381.9468802052     
 ---------------------
 rk4
 istep=     25000001
 grad_b=   -1.202080945727388        5.0112310311175863E-002 
  -0.1208700916841348     
 bsub=   7.6223566242455288E-003  -8.3960449363567058E-002 
    1.181222575285720     
 bsup=    0.000000000000000       -0.7245791980455478      
   0.8752344412112211     
 b_abs=    1.046254708355758     
 g=  -2.0031644492122348E-002
 j=    0.000000000000000        -664.2974610476222      
   -189.9646526688928     
 v_perp_2=    9620494.339370700     
 b_n=   1.2736972171259394E-004  -0.7208941311094929      
   0.8754955414409658     
 b_para_n=    1.046254697332957     
 dxdt=   0.7702410982748782        -3747.448763472412      
    4555.119223752262     
 dudt=    624435.0218136283     
 ---------------------
 rk4
 istep=     26000001
 grad_b=  -0.8053757813390586       -1.2074192878878053E-002 
   3.4297389197266173E-002
 bsub=   1.9719729039744165E-002  -5.3145574139236651E-002 
    1.018349422775120     
 bsup=    0.000000000000000       -0.4748298172004546      
   0.9356640979764442     
 b_abs=   0.9889786873629853     
 g=  -1.8748247151450782E-002
 j=    0.000000000000000        -225.4682172806084      
   -390.4354566699014     
 v_perp_2=    9093827.503093302     
 b_n=  -3.2811100859190514E-005  -0.4722582339351102      
   0.9357989113744614     
 b_para_n=   0.9889786589002396     
 dxdt=  -0.2096591630339078        -2620.137051594545      
    5196.287365117817     
 dudt=   -175837.0514827663     
 ---------------------
 rk4
 istep=     27000001
 grad_b=   0.7247613503982062        2.4163738930443053E-002 
  -0.1636839250078538     
 bsub=  -8.0516802911011986E-002   7.7274027567187931E-002 
    1.719271443668727     
 bsup=    0.000000000000000       -0.8436532861365355      
    1.044269781731679     
 b_abs=    1.315218928630343     
 g=  -1.1273895382533674E-002
 j=    0.000000000000000        -912.0347131980159      
   -656.5279754601440     
 v_perp_2=    12093654.33511018     
 b_n=   1.5149611889550278E-004  -0.8470998755091665      
    1.044431749965472     
 b_para_n=    1.315218881135438     
 dxdt=   0.7339179087174335        -3359.429405176831      
    4138.402179495818     
 dudt=    668779.9586947461     
 ---------------------
 rk4
 istep=     28000001
 grad_b=   0.3395886330031173        0.1253762790796568      
   0.2005120248649063     
 bsub=  -4.8796904287659745E-002   5.9887608718785651E-002 
    1.303055752864466     
 bsup=    0.000000000000000       -0.6509911201164154      
    1.100914113317218     
 b_abs=    1.181817372660199     
 g=  -8.4340095295026424E-003
 j=    0.000000000000000        -184.9645311459270      
   -441.2207673187123     
 v_perp_2=    10866997.66845682     
 b_n=   7.1616588485490284E-004  -0.6531310885332006      
    1.101039257264459     
 b_para_n=    1.181817343274131     
 dxdt=    3.846473111450160        -2946.127107758253      
    4963.534704717874     
 dudt=   -541242.5257133789     
 ---------------------
 rk4
 istep=     29000001
 grad_b=  -0.5603663166709938       -0.1616845008496353      
  -0.2456587369354931     
 bsub=   5.0811721796002456E-002  -4.1228588470797731E-002 
    1.245629781200651     
 bsup=    0.000000000000000       -0.8461940048205033      
   0.9597475261066338     
 b_abs=    1.109440822233441     
 g=  -1.3066799040856347E-002
 j=    0.000000000000000         1093.253178973390      
   -957.5017817536814     
 v_perp_2=    10201478.10050501     
 b_n=  -7.4156145324229196E-004  -0.8437906500247204      
   0.9598572600677121     
 b_para_n=    1.109440750981193     
 dxdt=   -4.235087416061976        -4097.088616933764      
    4663.084469009173     
 dudt=    410070.1760807201     
 ---------------------
 Elapsed time (seconds):     153.7969020000000     

real	2m33.807s
user	2m33.520s
sys	0m0.017s
>>> [PID 3635765] DONE  u=5500, v_perp=-3000, out=gc_grid/dat159.dat
