>>> [PID 3625055] START u=0, v_perp=-4000, out=gc_grid/dat127.dat, dt=2e-09, steps=30000000
 outer boundary:   8.3000000000000462E-002
 rk4
 istep=            1
 grad_b=  -0.5028826695116342        4.9322216686490811E-003 
  -7.9838894206365751E-003
 bsub=   8.6923090073496231E-003   4.2252382362988089E-002 
    1.020726902486491     
 bsup=    0.000000000000000        0.5003201009570226      
   0.9181485143376804     
 b_abs=   0.9787596970293536     
 g=  -1.6418694878697855E-002
 j=    0.000000000000000         576.0999628356510      
    59.09979441222127     
 v_perp_2=    15999999.99999999     
 b_n=   2.9018202586136340E-013   0.5003201009847481      
   0.9181485143365303     
 b_para_n=   0.9787596970293537     
 dxdt=   2.9203744569374305E-002    2.790252536800364      
  -0.1156716298411659     
 dudt=    40608.40154022674     
 ---------------------
 rk4
 istep=      1000001
 grad_b=  -0.4966291958507767        1.9029542734304433E-003 
  -1.3465150678286242E-003
 bsub=   9.7528594084977660E-003   4.1510965831205941E-002 
    1.022980912725916     
 bsup=    0.000000000000000        0.4322408885624440      
   0.9189692207793403     
 b_abs=   0.9785719254166535     
 g=  -1.6755896946428116E-002
 j=    0.000000000000000         476.8467316626673      
    27.65643461097885     
 v_perp_2=    15996930.45615421     
 b_n=   7.2338625801026617E-008   0.4322592402964145      
   0.9189684754399993     
 b_para_n=   0.9785719254532281     
 dxdt=   1.0676130618379073E-002    27.18042816082478      
    51.91895443496730     
 dudt=    3465.249455527074     
 ---------------------
 rk4
 istep=      2000001
 grad_b=  -0.4886992907502408       -2.3757915443559305E-003 
   6.1295854140760442E-003
 bsub=   1.1009850233470619E-002   4.0191925373214636E-002 
    1.026181694603182     
 bsup=    0.000000000000000        0.3592769077881343      
   0.9199017711208304     
 b_abs=   0.9787543487830886     
 g=  -1.7122903173930257E-002
 j=    0.000000000000000         114.1137247640557      
    37.20599354436732     
 v_perp_2=    15999912.57104033     
 b_n=  -1.6008070628017245E-008   0.3592798988524735      
   0.9199016541483510     
 b_para_n=   0.9787543487885764     
 dxdt=  -1.3993617273322007E-002    6.046941004019814      
    8.685851644523696     
 dudt=   -39960.10618930754     
 ---------------------
 rk4
 istep=      3000001
 grad_b=  -0.4932426150137623        1.5722685264394701E-003 
   2.6052520079045127E-004
 bsub=   1.0371192023021870E-002   4.1009132905707540E-002 
    1.023815209906911     
 bsup=    0.000000000000000        0.4014537876822835      
   0.9197595410486844     
 b_abs=   0.9786083148953411     
 g=  -1.6884160268958576E-002
 j=    0.000000000000000         389.4567360972944      
    33.53349392070811     
 v_perp_2=    15997525.32296368     
 b_n=  -5.1465313533169126E-008   0.4014375340713340      
   0.9197601925789852     
 b_para_n=   0.9786083148609896     
 dxdt=   8.4586997644891509E-003   -17.73596077265732      
   -46.86172172965044     
 dudt=   -7273.279176585402     
 ---------------------
 rk4
 istep=      4000001
 grad_b=  -0.4967505174498231        6.5337430272329952E-003 
  -8.4610681737189303E-003
 bsub=   9.3795116310519781E-003   4.1878651898360028E-002 
    1.021151466770231     
 bsup=    0.000000000000000        0.4682021545017535      
   0.9192909456964790     
 b_abs=   0.9787543173813195     
 g=  -1.6525247654137015E-002
 j=    0.000000000000000         615.4311730002178      
    70.60675116853272     
 v_perp_2=    15999912.05770697     
 b_n=  -4.3543703924191578E-008   0.4681990113076123      
   0.9192910749905436     
 b_para_n=   0.9787543173687238     
 dxdt=   3.7952916841536156E-002   -1.746436534222019      
   -8.920718944168076     
 dudt=    39409.11766270443     
 ---------------------
 rk4
 istep=      5000001
 grad_b=  -0.4918341932326456        4.1715533036479971E-003 
  -3.2841666333163627E-003
 bsub=   1.0251745217111828E-002   4.1227036105476143E-002 
    1.022809169986881     
 bsup=    0.000000000000000        0.4154290167314653      
   0.9199582996741696     
 b_abs=   0.9785848333201843     
 g=  -1.6785894755273364E-002
 j=    0.000000000000000         490.5453636970747      
    49.68060200485884     
 v_perp_2=    15997141.46448777     
 b_n=   1.5317454705989168E-007   0.4154465200244916      
   0.9199575926721226     
 b_para_n=   0.9785848333723240     
 dxdt=   2.3425231893266514E-002    25.37384120934012      
    50.15406733269791     
 dudt=    10760.60036392782     
 ---------------------
 rk4
 istep=      6000001
 grad_b=  -0.4840491408846289       -9.6193888886080686E-004 
   5.2253320726992347E-003
 bsub=   1.1660846599586543E-002   3.9662699695679704E-002 
    1.026241162829798     
 bsup=    0.000000000000000        0.3358715517634401      
   0.9209070573885028     
 b_abs=   0.9787362326571358     
 g=  -1.7189912896590637E-002
 j=    0.000000000000000         10.60337726870324      
    67.26226782533928     
 v_perp_2=    15999616.42274113     
 b_n=  -1.4862069489333207E-008   0.3358777334955831      
   0.9209068186603941     
 b_para_n=   0.9787362326758022     
 dxdt=  -6.2027973715611051E-003    9.300992923072542      
    18.32828791882570     
 dudt=   -37488.12461358817     
 ---------------------
 rk4
 istep=      7000001
 grad_b=  -0.4862971204106830        1.9769028694597290E-003 
   1.2200970034034753E-003
 bsub=   1.1275998542593223E-002   4.0246996336459999E-002 
    1.024622467909753     
 bsup=    0.000000000000000        0.3617666771212044      
   0.9209518613032811     
 b_abs=   0.9786303460323621     
 g=  -1.7035597243417976E-002
 j=    0.000000000000000         226.0837911485131      
    59.25144128237663     
 v_perp_2=    15997885.47080074     
 b_n=  -5.8277325794772081E-008   0.3617519848061469      
   0.9209524390141755     
 b_para_n=   0.9786303459882975     
 dxdt=   1.0361472335694897E-002   -14.38653053168296      
   -43.37652726132594     
 dudt=   -15358.06082852243     
 ---------------------
 rk4
 istep=      8000001
 grad_b=  -0.4902238632895077        7.7854544486914840E-003 
  -8.3401944196528910E-003
 bsub=   1.0135601254596647E-002   4.1416465384107037E-002 
    1.021630396657498     
 bsup=    0.000000000000000        0.4333420437463912      
   0.9204742820718808     
 b_abs=   0.9787341795724438     
 g=  -1.6647478325916669E-002
 j=    0.000000000000000         621.4952538854824      
    78.28008680642728     
 v_perp_2=    15999582.86051197     
 b_n=  -1.1119862809570549E-007   0.4333353343247828      
   0.9204745551438183     
 b_para_n=   0.9787341795428127     
 dxdt=   4.4503619272189265E-002   -6.357720445936085      
   -19.31753593334672     
 dudt=    35936.65332774852     
 ---------------------
 rk4
 istep=      9000001
 grad_b=  -0.4870792565220444        6.4440225806957768E-003 
  -5.3071311248955172E-003
 bsub=   1.0723397625990450E-002   4.0951802175856616E-002 
    1.022578610060224     
 bsup=    0.000000000000000        0.4003649317870136      
   0.9209422107302815     
 b_abs=   0.9786155862592780     
 g=  -1.6807344093648924E-002
 j=    0.000000000000000         518.5597541064413      
    69.53400198878161     
 v_perp_2=    15997644.18954097     
 b_n=   2.1472856461922616E-007   0.4003806426232707      
   0.9209415793563569     
 b_para_n=   0.9786155863208016     
 dxdt=   3.6171077561056017E-002    22.50345721624196      
    45.56988538789975     
 dudt=    19273.57988424909     
 ---------------------
 rk4
 istep=     10000001
 grad_b=  -0.4800180989041769        5.2992755338505948E-004 
   4.0457131989189710E-003
 bsub=   1.2256684581966066E-002   3.9172342547094723E-002 
    1.026107232342446     
 bsup=    0.000000000000000        0.3159180729169982      
   0.9218735902560551     
 b_abs=   0.9786996288599020     
 g=  -1.7239807973063917E-002
 j=    0.000000000000000        -73.93681737342416      
    95.19754900968249     
 v_perp_2=    15999018.05241305     
 b_n=   7.6487154930398325E-009   0.3159278520870807      
   0.9218732168770959     
 b_para_n=   0.9786996289006681     
 dxdt=   1.9953154671737581E-003    12.66617109208828      
    29.41917103287685     
 dudt=   -32546.21176175205     
 ---------------------
 rk4
 istep=     11000001
 grad_b=  -0.4800993700741993        1.8367687071360050E-003 
   2.4774370203093921E-003
 bsub=   1.2223643569133004E-002   3.9312490572701711E-002 
    1.025500346872287     
 bsup=    0.000000000000000        0.3215042520758450      
   0.9221080966849702     
 b_abs=   0.9786703273515959     
 g=  -1.7192772577764692E-002
 j=    0.000000000000000        -4.853140878491672      
    94.38599344927840     
 v_perp_2=    15998539.05421301     
 b_n=  -4.3373841418118598E-008   0.3214922960105771      
   0.9221085554886087     
 b_para_n=   0.9786703273009159     
 dxdt=   9.2769252334736294E-003   -9.999264775501558      
   -36.11140297639935     
 dudt=   -24011.22864743606     
 ---------------------
 rk4
 istep=     12000001
 grad_b=  -0.4840358647140615        8.4037739925043875E-003 
  -7.3505914234726494E-003
 bsub=   1.1005922843797211E-002   4.0796891078293207E-002 
    1.022237446986964     
 bsup=    0.000000000000000        0.3937196374397682      
   0.9217198043372745     
 b_abs=   0.9786950752632508     
 g=  -1.6796171366671039E-002
 j=    0.000000000000000         561.7679554157650      
    85.70511104131141     
 v_perp_2=    15998943.61376536     
 b_n=  -1.8790161672841619E-007   0.3937091813047205      
   0.9217202236112690     
 b_para_n=   0.9786950752139447     
 dxdt=   4.7259639776530166E-002   -10.44549237580037      
   -30.71543064113098     
 dudt=    28950.23228523109     
 ---------------------
 rk4
 istep=     13000001
 grad_b=  -0.4819139721121226        8.6215624174154140E-003 
  -7.2770938005139590E-003
 bsub=   1.1189842073791048E-002   4.0664935711230629E-002 
    1.022337096697554     
 bsup=    0.000000000000000        0.3857235800639300      
   0.9219491410288740     
 b_abs=   0.9786678725126782     
 g=  -1.6826616799893050E-002
 j=    0.000000000000000         550.7021803708330      
    89.23112695356562     
 v_perp_2=    15998498.92441871     
 b_n=   2.2911405762970461E-007   0.3857359689463126      
   0.9219486457932756     
 b_para_n=   0.9786678725730990     
 dxdt=   4.8344364374473169E-002    17.88417292598344      
    36.39381586926329     
 dudt=    28258.80561098905     
 ---------------------
 rk4
 istep=     14000001
 grad_b=  -0.4758095484909332        2.2983266753078407E-003 
   2.3571016994386462E-003
 bsub=   1.2763808134529292E-002   3.8783649825281936E-002 
    1.025692631942843     
 bsup=    0.000000000000000        0.3010623842984150      
   0.9228122621347994     
 b_abs=   0.9786449202917823     
 g=  -1.7263034873901861E-002
 j=    0.000000000000000        -122.2934609010687      
    120.2079242556854     
 v_perp_2=    15998123.71941462     
 b_n=   6.2105499293846366E-008   0.3010757611134128      
   0.9228117556229928     
 b_para_n=   0.9786449203622709     
 dxdt=   1.1721870835169394E-002    15.85017012842737      
    40.74921806146410     
 dudt=   -23945.94141085743     
 ---------------------
 rk4
 istep=     15000001
 grad_b=  -0.4741885303938135        1.2432707116737385E-003 
   3.7450577797485951E-003
 bsub=   1.3174899150101962E-002   3.8221988317203449E-002 
    1.026374358214209     
 bsup=    0.000000000000000        0.2824042266027905      
   0.9231872257958936     
 b_abs=   0.9787219860516252     
 g=  -1.7346502940484971E-002
 j=    0.000000000000000        -288.3847820708518      
    141.1667166973590     
 v_perp_2=    15999383.53033755     
 b_n=  -1.7710057964743977E-008   0.2823966177877867      
   0.9231875093305695     
 b_para_n=   0.9787219860060091     
 dxdt=   5.8305765757370375E-003   -4.659163650507455      
   -23.51332988672507     
 dudt=   -31805.91447680827     
 ---------------------
 rk4
 istep=     16000001
 grad_b=  -0.4765131512063715        8.0248081244804828E-003 
  -5.2729320036900840E-003
 bsub=   1.2033521808704220E-002   3.9909642379015932E-002 
    1.023071122913854     
 bsup=    0.000000000000000        0.3478019104039792      
   0.9230214321304043     
 b_abs=   0.9786457689973543     
 g=  -1.6980243529360867E-002
 j=    0.000000000000000         362.0624554606925      
    104.6720413971119     
 v_perp_2=    15998137.59339032     
 b_n=  -2.3376039464114470E-007   0.3477883781657659      
   0.9230219626988849     
 b_para_n=   0.9786457689253597     
 dxdt=   4.4284188717490819E-002   -12.77357233411139      
   -40.80325149853443     
 dudt=    17338.54836007926     
 ---------------------
 rk4
 istep=     17000001
 grad_b=  -0.4747284457480510        1.0421090089843217E-002 
  -8.7686997864196148E-003
 bsub=   1.1712283729561294E-002   4.0304521380369156E-002 
    1.022184443986302     
 bsup=    0.000000000000000        0.3681529014263071      
   0.9230233663610543     
 b_abs=   0.9787289865891746     
 g=  -1.6860828248256788E-002
 j=    0.000000000000000         556.7609646064673      
    110.3652916696680     
 v_perp_2=    15999497.96966251     
 b_n=   1.5972578954098667E-007   0.3681599426886628      
   0.9230230869352044     
 b_para_n=   0.9787289866307652     
 dxdt=   5.8270832840404102E-002    10.99683858976534      
    21.02881358570326     
 dudt=    35552.60731976666     
 ---------------------
 rk4
 istep=     18000001
 grad_b=  -0.4710879751704281        4.5178166565447014E-003 
  -3.1654864890984236E-005
 bsub=   1.3154441672168206E-002   3.8550512809787052E-002 
    1.024959706789306     
 bsup=    0.000000000000000        0.2925696847618655      
   0.9237473515524421     
 b_abs=   0.9785921183288208     
 g=  -1.7251743701021355E-002
 j=    0.000000000000000        -110.4870618430228      
    142.3069657998771     
 v_perp_2=    15997260.55411108     
 b_n=   1.5351159625979509E-007   0.2925856876247950      
   0.9237467477839577     
 b_para_n=   0.9785921184305618     
 dxdt=   2.3981284937248347E-002    18.14795335290956      
    49.31202451971134     
 dudt=   -10795.79278709361     
 ---------------------
 rk4
 istep=     19000001
 grad_b=  -0.4694556474233690        6.0245104751864564E-004 
   4.5348785253005730E-003
 bsub=   1.4050990697137264E-002   3.7096975410211550E-002 
    1.027031115707695     
 bsup=    0.000000000000000        0.2480234841587853      
   0.9241627378821993     
 b_abs=   0.9787580749252738     
 g=  -1.7477199160144133E-002
 j=    0.000000000000000        -559.5258808827117      
    192.8965243771682     
 v_perp_2=    15999973.48308756     
 b_n=  -1.4495581059041670E-009   0.2480219326291594      
   0.9241627939322609     
 b_para_n=   0.9787580749127407     
 dxdt=   2.3008563242540338E-003    1.157870143981813      
   -4.951208024011022     
 dudt=   -36246.58382367147     
 ---------------------
 rk4
 istep=     20000001
 grad_b=  -0.4700531751602927        6.3595988449067220E-003 
  -2.2134005674884494E-003
 bsub=   1.3218074765912538E-002   3.8626197705677059E-002 
    1.024222535305038     
 bsup=    0.000000000000000        0.2960746236918381      
   0.9243063771546716     
 b_abs=   0.9786189771903123     
 g=  -1.7198693722093920E-002
 j=    0.000000000000000        -24.73538732151638      
    147.1484180122768     
 v_perp_2=    15997699.62182627     
 b_n=  -2.0102988789802212E-007   0.2960599584995666      
   0.9243069327188532     
 b_para_n=   0.9786189770917146     
 dxdt=   3.4268871317141944E-002   -12.01073275000887      
   -45.39511068156441     
 dudt=    1360.942515952680     
 ---------------------
 rk4
 istep=     21000001
 grad_b=  -0.4698952113188833        1.1324255545930750E-002 
  -9.0613330883504845E-003
 bsub=   1.2398244516029305E-002   3.9743935230954361E-002 
    1.022259034254932     
 bsup=    0.000000000000000        0.3422941169707913      
   0.9242153340410365     
 b_abs=   0.9787596940896635     
 g=  -1.6938041846323033E-002
 j=    0.000000000000000         476.7617592253160      
    134.0623681143752     
 v_perp_2=    15999999.95192342     
 b_n=  -1.6874200782265259E-009   0.3422940490790104      
   0.9242153367005856     
 b_para_n=   0.9787596940891941     
 dxdt=   6.2902855565631854E-002    2.454104261059006      
  -0.3062007221686593     
 dudt=    37566.05648346430     
 ---------------------
 Particle has exited the domain at step      21239426  s =  
   8.3000000038613408E-002
 Elapsed time (seconds):     115.4730060000000     

real	1m55.485s
user	1m54.481s
sys	0m0.090s
>>> [PID 3625055] DONE  u=0, v_perp=-4000, out=gc_grid/dat127.dat
