>>> [PID 3638744] START u=9500, v_perp=-3000, out=gc_grid/dat167.dat, dt=2e-09, steps=30000000
 outer boundary:   8.3000000000000462E-002
 rk4
 istep=            1
 grad_b=  -0.5028816676159309        4.9312522821153837E-003 
  -7.9818379931202305E-003
 bsub=   8.6925736225579690E-003   4.2252233325316607E-002 
    1.020727484723879     
 bsup=    0.000000000000000        0.5003011858974064      
   0.9181486903321242     
 b_abs=   0.9787596026455814     
 g=  -1.6418790754658352E-002
 j=    0.000000000000000         576.0999590447273      
    59.08551013509614     
 v_perp_2=    8999999.132111745     
 b_n=   3.3935863954772679E-005   0.5035442350853261      
   0.9180141683746120     
 b_para_n=   0.9787596136816292     
 dxdt=   0.3458107458030272         4889.051750590651      
    8910.329763392485     
 dudt=    22836.10535364131     
 ---------------------
 rk4
 istep=      1000001
 grad_b=   0.5239727444718487       -7.9106347393777532E-002 
  -0.1787421571876492     
 bsub=   3.5905376213978657E-002   0.1104542183667289      
    1.587416594479415     
 bsup=    0.000000000000000       -0.9845678722755007      
    1.093374783352361     
 b_abs=    1.275575803349219     
 g=  -8.0158161265842937E-003
 j=    0.000000000000000         1033.626327954554      
   -277.0461974117439     
 v_perp_2=    11729296.61612767     
 b_n=  -7.9416022741055558E-004  -0.9908574627838411      
    1.093830363212323     
 b_para_n=    1.275575778736515     
 dxdt=   -6.214772925459023        -7270.177423170550      
    8022.527815674403     
 dudt=    423682.0775475239     
 ---------------------
 rk4
 istep=      2000001
 grad_b=   -1.236090273310180       -7.7983436267797440E-002 
   0.1469665248435948     
 bsub=  -2.1717499441211718E-002  -0.1102634610504609      
    1.293450431589685     
 bsup=    0.000000000000000       -0.8201464384543676      
   0.8696652144893730     
 b_abs=    1.102550331936813     
 g=  -2.0366376866634447E-002
 j=    0.000000000000000         142.3103236122942      
    43.25642505835385     
 v_perp_2=    10138258.67841404     
 b_n=  -3.3771101622980833E-004  -0.8137816133077890      
   0.8702021333579055     
 b_para_n=    1.102550336046735     
 dxdt=   -3.055919909754026        -6964.399027836890      
    7450.826068910412     
 dudt=   -799677.3429208614     
 ---------------------
 rk4
 istep=      3000001
 grad_b=   8.6709500886477608E-002   2.4901715865799055E-002 
   9.3412659658029307E-002
 bsub=  -3.6732246511525277E-002   1.1980393827916776E-002 
   0.9772230034110488     
 bsup=    0.000000000000000        0.1328863392043863      
    1.102316955056327     
 b_abs=    1.038708908063946     
 g=  -1.2605304772572400E-002
 j=    0.000000000000000         497.2331747592047      
   -80.63905572857180     
 v_perp_2=    9551199.072740147     
 b_n=   1.6913170052387273E-004   0.1322440828564639      
    1.102331177336590     
 b_para_n=    1.038708899657482     
 dxdt=    1.624246530035696         1205.489400409609      
    10051.05976560490     
 dudt=   -470423.1727333134     
 ---------------------
 rk4
 istep=      4000001
 grad_b=   0.6598708267841923       -5.9318862781354009E-003 
  -0.1552741439664255     
 bsub=  -6.7826935850304082E-002   0.1400366818831374      
    1.866135996889045     
 bsup=    0.000000000000000       -0.9000053879452820      
    1.066264486717481     
 b_abs=    1.365027467019667     
 g=  -1.0174489973706577E-002
 j=    0.000000000000000         649.2874189975244      
    71.01933591907046     
 v_perp_2=    12551761.34191042     
 b_n=   5.4846428740886370E-005  -0.9062783691200217      
    1.066737221595451     
 b_para_n=    1.365027481699471     
 dxdt=   0.4012027879618414        -6185.045597754550      
    7276.710932563959     
 dudt=    539661.8501667117     
 ---------------------
 rk4
 istep=      5000001
 grad_b=  -0.7153739023731870       -0.1636211124699683      
   0.1097095914821169     
 bsub=   7.9310827700067501E-003  -0.1078158823370866      
    1.258167284771004     
 bsup=    0.000000000000000       -0.7266780335238699      
   0.8847453109764460     
 b_abs=    1.091507090103497     
 g=  -2.0494177922499537E-002
 j=    0.000000000000000         322.9058749675850      
   -441.1595467698493     
 v_perp_2=    10036656.47660525     
 b_n=  -7.8524684003432007E-004  -0.7230319786441262      
   0.8850626482513758     
 b_para_n=    1.091507028625164     
 dxdt=   -7.177307768399869        -6254.933120335643      
    7658.983689790392     
 dudt=   -909677.9792688184     
 ---------------------
 rk4
 istep=      6000001
 grad_b=  -0.2848915998115578       -8.3161783299659980E-002 
  -9.8647260709570320E-002
 bsub=   4.7089457444951167E-002  -2.2847123710231093E-002 
   0.9172665413575691     
 bsup=    0.000000000000000       -0.2362903803250198      
    1.153076809958538     
 b_abs=    1.031415796860423     
 g=  -9.3636924389058768E-003
 j=    0.000000000000000         556.7840034137567      
   -111.7612018170667     
 v_perp_2=    9484086.919915171     
 b_n=  -7.8145235816606394E-004  -0.2337362995534473      
    1.153180528612385     
 b_para_n=    1.031415783368260     
 dxdt=   -7.557556735102388        -2145.840094318321      
    10593.05721296565     
 dudt=    419446.8842218727     
 ---------------------
 rk4
 istep=      7000001
 grad_b=  -0.8367641976442073        0.1532842245474037      
  -0.1341384370078078     
 bsub=   1.3155123431882453E-002  -0.1760371749097273      
    1.410407742049226     
 bsup=    0.000000000000000       -0.9714294222244355      
   0.8800866046425156     
 b_abs=    1.188270926457945     
 g=  -1.8842492436405452E-002
 j=    0.000000000000000         308.2138585306016      
  -0.4606638863359791     
 v_perp_2=    10926382.88474252     
 b_n=   7.1166649261966426E-004  -0.9670746376742326      
   0.8806234963352432     
 b_para_n=    1.188270921653535     
 dxdt=    5.976741508585652        -7646.487197339322      
    6965.135985219981     
 dudt=    1032904.962944748     
 ---------------------
 rk4
 istep=      8000001
 grad_b=   0.7504435973458775        3.1291840522749061E-002 
   0.1640524281283793     
 bsub=   2.6992878397068498E-002   0.1170950610047816      
    1.564707092055697     
 bsup=    0.000000000000000       -0.5682405502544607      
    1.094601294032027     
 b_abs=    1.283281429937506     
 g=  -8.5794756810888221E-003
 j=    0.000000000000000        -24.02388831554941      
   -28.12052781603614     
 v_perp_2=    11800000.22231539     
 b_n=   2.0601560673548221E-004  -0.5763404953789752      
    1.095203897633902     
 b_para_n=    1.283281426442779     
 dxdt=    1.602553651465434        -4203.864707740490      
    7981.216652791342     
 dudt=   -579643.5098498627     
 ---------------------
 rk4
 istep=      9000001
 grad_b=   0.6072788281125527       -3.6263486585847490E-003 
  -0.1446078372474411     
 bsub=   5.0182160329752257E-003   5.4051660690575522E-002 
    1.132461892810516     
 bsup=    0.000000000000000        0.4173468479368926      
    1.083201118827154     
 b_abs=    1.117567847369854     
 g=  -1.0782043058359253E-002
 j=    0.000000000000000         894.0106732649745      
   -376.4815580819006     
 v_perp_2=    10276216.67793135     
 b_n=   2.7183460638253883E-005   0.4123020961132668      
    1.083441744014958     
 b_para_n=    1.117567809836811     
 dxdt=   0.2426858142125975         3477.488526555537      
    9144.675109729231     
 dudt=    650629.0379367026     
 ---------------------
 rk4
 istep=     10000001
 grad_b=   -1.139557639149417        9.3642029656480524E-002 
  -0.1671668013389297     
 bsub=   4.5892052528300600E-002  -0.1685046963633358      
    1.458681222431415     
 bsup=    0.000000000000000        -1.065467734170320      
   0.8808543581404421     
 b_abs=    1.210219509955357     
 g=  -2.0067159800897703E-002
 j=    0.000000000000000         132.7127271197627      
   -40.37441330818383     
 v_perp_2=    11128141.26514056     
 b_n=   3.6228919684692045E-004   -1.059939164471151      
   0.8814816065506180     
 b_para_n=    1.210219503108743     
 dxdt=    2.987609714978562        -8218.935336207544      
    6837.706324030705     
 dudt=    938429.4726389253     
 ---------------------
 rk4
 istep=     11000001
 grad_b=  -0.8007604644926382        0.1158398988600403      
   0.1459850974121382     
 bsub=  -3.7807839824727421E-002  -7.7637074932460567E-002 
    1.052512259252375     
 bsup=    0.000000000000000       -0.5675654466136110      
   0.9738806267780677     
 b_abs=    1.033443049549835     
 g=  -1.3253036851020267E-002
 j=    0.000000000000000        -304.9846124591211      
   -353.6554353206420     
 v_perp_2=    9502642.221338650     
 b_n=   9.3305669153118825E-004  -0.5617028183131989      
   0.9743465521504123     
 b_para_n=    1.033443008904817     
 dxdt=    9.006091848883171        -5146.249837635929      
    8932.000778437896     
 dudt=   -339999.3290610963     
 ---------------------
 rk4
 istep=     12000001
 grad_b=  -0.5253474495018252       -4.6206904138089179E-003 
   4.9763891375749214E-003
 bsub=  -3.1176698950955574E-002  -2.4961519004945702E-002 
   0.9760578036957803     
 bsup=    0.000000000000000       -0.2755818828948364      
   0.9829624439205867     
 b_abs=   0.9828756355853659     
 g=  -1.7475934639558446E-002
 j=    0.000000000000000         373.4520182518743      
   -151.1791321800031     
 v_perp_2=    9037650.485722480     
 b_n=  -2.5813382467385035E-005  -0.2725647847594593      
   0.9830387576858921     
 b_para_n=   0.9828756153078908     
 dxdt=  -0.2619426876435804        -2632.469292982536      
    9499.631664380959     
 dudt=   -28837.67147437040     
 ---------------------
 rk4
 istep=     13000001
 grad_b=   0.4245045949678030       -3.4550432508661563E-002 
  -7.7111409136364106E-002
 bsub=   1.2662324040586329E-002   0.1881644724596038      
    2.158569435980563     
 bsup=    0.000000000000000        -1.560026334817159      
    1.077335349491825     
 b_abs=    1.426035243018187     
 g=  -7.2269294596478944E-003
 j=    0.000000000000000         46.39525854539016      
   -162.0288605219156     
 v_perp_2=    13112529.52527267     
 b_n=  -3.9685778692218830E-004   -1.566086560574606      
    1.077865939394392     
 b_para_n=    1.426035222557395     
 dxdt=   -2.779450780948246        -10195.52193852431      
    7015.309325198666     
 dudt=    94061.27412157181     
 ---------------------
 rk4
 istep=     14000001
 grad_b=  -0.6653494438371448        1.1790623614148094E-003 
   8.9423800133422993E-003
 bsub=   2.6115410205568304E-002  -5.0789832945453139E-002 
   0.9688710409309836     
 bsup=    0.000000000000000       -0.3827746903512644      
   0.9822124663971091     
 b_abs=   0.9853330475306306     
 g=  -1.7343992039366419E-002
 j=    0.000000000000000        -478.9648641011739      
  -0.7566597031462265     
 v_perp_2=    9060215.045911955     
 b_n=   9.4197658020990862E-006  -0.3789699407472901      
   0.9824116668861801     
 b_para_n=   0.9853330505645924     
 dxdt=   9.5349752976017527E-002   -3650.743528911733      
    9468.769833682411     
 dudt=   -38876.90651114874     
 ---------------------
 rk4
 istep=     15000001
 grad_b=  -0.8397163802833053       -1.0101151793272777E-002 
  -3.0726350295990079E-002
 bsub=  -1.1071819107750343E-002  -7.9073437191538365E-002 
   0.9676136469674849     
 bsup=    0.000000000000000       -0.4613092532918370      
   0.9715246754564435     
 b_abs=   0.9885477065800478     
 g=  -1.6591969670730004E-002
 j=    0.000000000000000         672.2262117760763      
    28.04771448050838     
 v_perp_2=    9089754.267049313     
 b_n=  -7.4765374042676328E-005  -0.4563291934550682      
   0.9719307873132785     
 b_para_n=   0.9885477032568424     
 dxdt=  -0.7543429184186602        -4380.757228666559      
    9335.861463113795     
 dudt=    117161.1850449164     
 ---------------------
 rk4
 istep=     16000001
 grad_b=  -0.6040231383146533        0.1249977237844964      
   0.2594326834055630     
 bsub=  -7.3995635134645382E-002  -2.6328912151662824E-002 
    1.653570846909568     
 bsup=    0.000000000000000        -1.197177290440101      
   0.9609886773777390     
 b_abs=    1.273081258890396     
 g=  -1.6768692666014547E-002
 j=    0.000000000000000         344.3356611797846      
    253.3877535285846     
 v_perp_2=    11706039.34989014     
 b_n=   7.6902962780193247E-004   -1.193649115447277      
   0.9610792918515165     
 b_para_n=    1.273081290001496     
 dxdt=    6.029851886264287        -8770.973692551335      
    7063.483200280851     
 dudt=   -359932.0380076343     
 ---------------------
 rk4
 istep=     17000001
 grad_b=   0.5284213473215165       -6.9293342584628950E-002 
   0.1765827021190395     
 bsub=   1.6907592319493403E-002   2.5581147581040756E-002 
    1.199314756275446     
 bsup=    0.000000000000000        0.6689141035212026      
    1.007098606926727     
 b_abs=    1.106735300076616     
 g=  -1.1847330261109321E-002
 j=    0.000000000000000        -869.3601262431094      
    236.7035005969389     
 v_perp_2=    10176462.17598864     
 b_n=  -5.9617602322466234E-004   0.6646223444682158      
    1.007198578476736     
 b_para_n=    1.106735326580032     
 dxdt=   -5.374411837421495         5665.591928204170      
    8589.109593923853     
 dudt=   -546203.2624236634     
 ---------------------
 rk4
 istep=     18000001
 grad_b=   0.7292734693324174       -5.4632191168355715E-002 
  -0.1620889800962693     
 bsub=   8.6398709440676721E-004   0.1102551126885549      
    1.460531196621299     
 bsup=    0.000000000000000       -0.5130607120468769      
    1.119443688285306     
 b_abs=    1.256215196740918     
 g=  -8.0040244961292126E-003
 j=    0.000000000000000         244.6395201959729      
   -163.4084850028269     
 v_perp_2=    11550914.59520084     
 b_n=  -4.8028008699740990E-004  -0.5213232704966554      
    1.120067696539676     
 b_para_n=    1.256215180225980     
 dxdt=   -3.816158544233527        -3890.394736976206      
    8350.138924553941     
 dudt=    561488.2278791299     
 ---------------------
 rk4
 istep=     19000001
 grad_b=  -0.9104528888867730       -0.1397043182293353      
   0.1418440890704576     
 bsub=  -2.2600789092000063E-002  -0.1826584799744837      
    1.439742566307898     
 bsup=    0.000000000000000        -1.026205155977999      
   0.8824719507629973     
 b_abs=    1.207404855968178     
 g=  -1.8691273665318805E-002
 j=    0.000000000000000         412.2058199614816      
   -65.36033176929298     
 v_perp_2=    11102081.45452958     
 b_n=  -6.3163220308115576E-004   -1.021491688734282      
   0.8830600156568651     
 b_para_n=    1.207404841626271     
 dxdt=   -5.220835364324548        -7940.753971530141      
    6866.913096313553     
 dudt=   -1022525.147239248     
 ---------------------
 rk4
 istep=     20000001
 grad_b=   0.3206340228573181        5.0873736598894458E-002 
   0.1257266619118540     
 bsub=  -3.2749701879338518E-002   3.9805551823131301E-002 
    1.053717961251908     
 bsup=    0.000000000000000        2.5120385439694637E-002 
    1.125607935321714     
 b_abs=    1.089442120405924     
 g=  -1.0451505986974365E-002
 j=    0.000000000000000        -462.8557795545855      
    434.9272541199321     
 v_perp_2=    10017394.74605404     
 b_n=   3.8719051392559824E-004   2.2395964517933350E-002 
    1.125722935346951     
 b_para_n=    1.089442166429521     
 dxdt=    3.545683527091267         192.8642910180320      
    9760.939246340817     
 dudt=   -602607.0807076071     
 ---------------------
 rk4
 istep=     21000001
 grad_b=   0.5780893811582436        0.1154089926972119      
  -0.1390649342416275     
 bsub=  -8.1064733272761438E-002  -4.7578620826840674E-002 
    1.552901663382841     
 bsup=    0.000000000000000       -0.7395323105170448      
   0.9820436998072266     
 b_abs=    1.249096776777687     
 g=  -1.5320455099367301E-002
 j=    0.000000000000000        -271.8032705869442      
   -149.4241640053673     
 v_perp_2=    11485396.33843087     
 b_n=   7.0768314216620445E-004  -0.7431668228298779      
   0.9819692723372936     
 b_para_n=    1.249096759482150     
 dxdt=    5.654948671562922        -5575.564996615950      
    7364.772924977656     
 dudt=    816797.9050628135     
 ---------------------
 rk4
 istep=     22000001
 grad_b=   0.1908403341437201       -8.0744364919755007E-002 
   4.6958849630957304E-002
 bsub=   0.1056634460843930       -5.9148007283917559E-002 
    1.708508621913069     
 bsup=    0.000000000000000        -1.137662496992837      
   0.9910699978314313     
 b_abs=    1.326914131364837     
 g=  -1.5272232357513859E-002
 j=    0.000000000000000        -1141.181919949068      
    255.8342891006506     
 v_perp_2=    12200900.94832004     
 b_n=  -4.9066662931240271E-004   -1.138828117524529      
   0.9910600172194264     
 b_para_n=    1.326914166516399     
 dxdt=   -3.691834878028744        -8008.084340808306      
    6968.494439661476     
 dudt=   -479523.2251214975     
 ---------------------
 rk4
 istep=     23000001
 grad_b=  -0.1257195347329902       -3.7819352987878925E-002 
  -7.4328400373236819E-002
 bsub=   4.0490926728273355E-002  -1.6071843671267773E-002 
   0.9286440731203220     
 bsup=    0.000000000000000        9.5036689654875994E-003 
    1.119047872856098     
 b_abs=    1.018862207571596     
 g=  -1.2112375194848103E-002
 j=    0.000000000000000        -155.6006923679430      
    151.2124456742320     
 v_perp_2=    9368365.905675141     
 b_n=  -2.8645833344544651E-004   1.0400833617238172E-002 
    1.119075908933339     
 b_para_n=    1.018862224731465     
 dxdt=   -2.804430828488010         97.21564413691169      
    10413.10223430253     
 dudt=    376946.4608933202     
 ---------------------
 rk4
 istep=     24000001
 grad_b=   -1.178091396346305        8.5670475719518357E-002 
  -0.1335626410306669     
 bsub=   1.3473155219874119E-002  -0.1015767480607731      
    1.256886438711567     
 bsup=    0.000000000000000       -0.7750113099382359      
   0.8734520906551388     
 b_abs=    1.084759829973841     
 g=  -2.0187632539944614E-002
 j=    0.000000000000000        -1049.818469567912      
    298.1204112061204     
 v_perp_2=    9974269.285044139     
 b_n=   3.9160827310480483E-004  -0.7688574306604182      
   0.8739452696287248     
 b_para_n=    1.084759880784911     
 dxdt=    3.601573161067559        -6693.984154341825      
    7612.565064602518     
 dudt=    775835.2336383702     
 ---------------------
 rk4
 istep=     25000001
 grad_b=   0.5494448747224626        7.0641534815992113E-002 
   0.1773278647727558     
 bsub=  -2.0973381251138418E-003   0.1483731493505824      
    1.743342879079555     
 bsup=    0.000000000000000       -0.9375937595681010      
    1.085744557329479     
 b_abs=    1.324297174006493     
 g=  -7.8546142320099054E-003
 j=    0.000000000000000        -238.1013350809466      
    334.1740228682210     
 v_perp_2=    12176771.57591562     
 b_n=   6.8628654503391940E-004  -0.9443845436020621      
    1.086323364914621     
 b_para_n=    1.324297212285892     
 dxdt=    5.173859879698512        -6657.697111616064      
    7654.770209556366     
 dudt=   -438463.0373066159     
 ---------------------
 rk4
 istep=     26000001
 grad_b=   0.1435462743152218        4.0234605258012993E-002 
  -0.1242851031071902     
 bsub=   1.1453590521474502E-002   3.8818044781212029E-002 
    1.056774133174262     
 bsup=    0.000000000000000        0.5134070979530893      
    1.022139227744573     
 b_abs=    1.048818227433418     
 g=  -1.3227420859843655E-002
 j=    0.000000000000000        -1064.158528584692      
    319.6445607567351     
 v_perp_2=    9643755.158874506     
 b_n=   3.2221765192955360E-004   0.5123648451983621      
    1.022174053392064     
 b_para_n=    1.048818260974384     
 dxdt=    3.064653257584622         4623.817516455783      
    9225.598426576033     
 dudt=    466311.6651384108     
 ---------------------
 rk4
 istep=     27000001
 grad_b=  -0.5301286624966750       -0.1589275121191615      
  -0.3080002613709985     
 bsub=   5.6739389070612829E-002  -2.5952588481459989E-002 
    1.480812783543757     
 bsup=    0.000000000000000        -1.222722369749479      
   0.9428568174239176     
 b_abs=    1.194950076435881     
 g=  -1.4954304220458689E-002
 j=    0.000000000000000        -590.4083851159960      
    390.3538359232892     
 v_perp_2=    10987399.12474878     
 b_n=  -1.1200158072730314E-003   -1.219189596990427      
   0.9429616888438414     
 b_para_n=    1.194950127759350     
 dxdt=   -9.353766102313559        -9583.662082556089      
    7413.710683898324     
 dudt=    369641.2869252703     
 ---------------------
 rk4
 istep=     28000001
 grad_b=   -1.184677529979949        8.3932806128140316E-003 
   0.1125502078123491     
 bsub=  -8.1359090761259096E-003  -8.0498373426167488E-002 
    1.117075651905943     
 bsup=    0.000000000000000       -0.6876112893076087      
   0.8908110982691344     
 b_abs=    1.024682717171399     
 g=  -1.8634058060745560E-002
 j=    0.000000000000000        -182.3882385332895      
   -392.3482941018655     
 v_perp_2=    9421800.768647218     
 b_n=   9.3429514994847985E-005  -0.6809094009726094      
   0.8912946821108764     
 b_para_n=    1.024682666903521     
 dxdt=   0.9094938831692178        -6294.801735273298      
    8244.240083939634     
 dudt=   -423944.1666506880     
 ---------------------
 rk4
 istep=     29000001
 grad_b=  -0.2675884390148225        9.8450633317729783E-004 
   4.5700730327821543E-002
 bsub=  -3.7175909403519572E-002  -2.0349206693196065E-002 
   0.9381223498328358     
 bsup=    0.000000000000000       -0.1101894740360656      
    1.059540078848100     
 b_abs=   0.9984555515178588     
 g=  -1.4752073269132434E-002
 j=    0.000000000000000        -45.84984418391633      
   -24.41035813992133     
 v_perp_2=    9180626.685652848     
 b_n=   1.2513573228614451E-005  -0.1085062166598271      
    1.059577084054068     
 b_para_n=   0.9984555487686606     
 dxdt=   0.1250054872419437        -1030.554498484335      
    10071.47701122893     
 dudt=   -222459.4829086122     
 ---------------------
 Elapsed time (seconds):     153.4444220000000     

real	2m33.456s
user	2m33.173s
sys	0m0.020s
>>> [PID 3638744] DONE  u=9500, v_perp=-3000, out=gc_grid/dat167.dat
