>>> [PID 3630931] START u=8500, v_perp=-4000, out=gc_grid/dat144.dat, dt=2e-09, steps=30000000
 outer boundary:   8.3000000000000462E-002
 rk4
 istep=            1
 grad_b=  -0.5028817744612318        4.9313538690445025E-003 
  -7.9820534635080542E-003
 bsub=   8.6925457068782325E-003   4.2252249039480841E-002 
    1.020727423460779     
 bsup=    0.000000000000000        0.5003031788471010      
   0.9181486716887185     
 b_abs=   0.9787596125795250     
 g=  -1.6418780660684473E-002
 j=    0.000000000000000         576.0999564329412      
    59.08700760166427     
 v_perp_2=    15999998.61947992     
 b_n=   3.0364322648225844E-005   0.5032048566080919      
   0.9180283097908895     
 b_para_n=   0.9787596224540623     
 dxdt=   0.2928961556523571         4372.853306111248      
    7972.465598932050     
 dudt=    40598.66421416996     
 ---------------------
 rk4
 istep=      1000001
 grad_b=   4.9894206083921921E-002  -7.7026591194755106E-002 
  -1.3000247976873436E-002
 bsub=   0.1004553976736567        6.2228172515755284E-002 
    1.876386538507439     
 bsup=    0.000000000000000        -1.077844418712291      
    1.034564055470571     
 b_abs=    1.369162285218611     
 g=  -1.3053365605217231E-002
 j=    0.000000000000000        -214.8609471582704      
    396.5689973193833     
 v_perp_2=    22381964.26657316     
 b_n=  -4.9868547091483893E-004   -1.078173810038924      
    1.034601707633978     
 b_para_n=    1.369162326809712     
 dxdt=   -3.458261659710108        -6391.366680746394      
    6132.792762717896     
 dudt=   -415335.8107696243     
 ---------------------
 rk4
 istep=      2000001
 grad_b=   0.6607623158946414       -5.8682513383122276E-002 
  -0.1601135442841533     
 bsub=   5.0695706926142843E-003   0.1208328351065563      
    1.531833397962577     
 bsup=    0.000000000000000       -0.6457901113430824      
    1.112734124050345     
 b_abs=    1.275509481726856     
 g=  -7.8689664216432566E-003
 j=    0.000000000000000         341.4124692660968      
   -12.48198359941660     
 v_perp_2=    20850977.47783035     
 b_n=  -4.7326405514082413E-004  -0.6525859214638677      
    1.113271753092287     
 b_para_n=    1.275509483195161     
 dxdt=   -3.517300826414460        -4207.070771555065      
    7165.998914732913     
 dudt=    898847.1325361826     
 ---------------------
 rk4
 istep=      3000001
 grad_b=  -0.3316919892355468       -7.5061557499986730E-003 
  -3.9787700152529804E-002
 bsub=   3.6226304697224251E-002  -3.4045300841442437E-002 
   0.9219213694113370     
 bsup=    0.000000000000000       -0.1752550920594665      
    1.067682852501684     
 b_abs=   0.9954563744063161     
 g=  -1.4447759221373441E-002
 j=    0.000000000000000         463.6000483036281      
   -210.6950383966996     
 v_perp_2=    16272876.12669956     
 b_n=  -5.1297873897683913E-005  -0.1733682409362765      
    1.067754521536367     
 b_para_n=   0.9954563507669645     
 dxdt=  -0.4866155379140894        -1475.740316413754      
    9100.174877302270     
 dudt=    338002.4989406245     
 ---------------------
 rk4
 istep=      4000001
 grad_b=  -0.7403896702167354       -0.1455049020913407      
   0.1279298515371826     
 bsub=  -1.4642751491458461E-002  -0.2041955893668685      
    1.465161960154242     
 bsup=    0.000000000000000        -1.096636249724526      
   0.8881999091869415     
 b_abs=    1.234876707016431     
 g=  -1.7903463631020616E-002
 j=    0.000000000000000         89.42480102398311      
   -207.2479147528892     
 v_perp_2=    20186685.31966765     
 b_n=  -5.9137436249081122E-004   -1.093212791028405      
   0.8886710977406910     
 b_para_n=    1.234876684120797     
 dxdt=   -4.536784657183965        -7300.219758697421      
    5937.562036897577     
 dudt=   -1808241.703785972     
 ---------------------
 rk4
 istep=      5000001
 grad_b=   -1.010367832023063       -1.6187303583570952E-002 
  -6.7734373210005014E-002
 bsub=  -1.2397631727226292E-003  -8.1392249441414932E-002 
    1.030877923932562     
 bsup=    0.000000000000000       -0.5491200184753072      
   0.9270915321247221     
 b_abs=    1.000214920110738     
 g=  -1.7552600573617974E-002
 j=    0.000000000000000         903.1091426368428      
   -130.7850783131219     
 v_perp_2=    16350612.63097433     
 b_n=  -1.1214696289596131E-004  -0.5438578959544486      
   0.9275068419544412     
 b_para_n=    1.000214896897642     
 dxdt=   -1.058831687272473        -4605.498747687800      
    7863.366358451186     
 dudt=    440518.8421427724     
 ---------------------
 rk4
 istep=      6000001
 grad_b=  -0.4738153716707201        0.1089784608978433      
   0.1262537187798200     
 bsub=  -5.1721420091818855E-002  -4.4627275331543058E-002 
   0.9574294211372101     
 bsup=    0.000000000000000       -0.5948848192294738      
    1.096183430824142     
 b_abs=    1.037421270661488     
 g=  -9.7649629022561885E-003
 j=    0.000000000000000         178.9438199366758      
    33.63888870767269     
 v_perp_2=    16958808.81425207     
 b_n=   9.2431857612818979E-004  -0.5911268374106724      
    1.096408531646724     
 b_para_n=    1.037421273159575     
 dxdt=    8.417659952205012        -4807.451955950631      
    8923.717176531107     
 dudt=   -579617.0513711397     
 ---------------------
 rk4
 istep=      7000001
 grad_b=   -1.018857235184538       -9.1899420957207129E-002 
   0.1500140590758238     
 bsub=  -5.0582570344406386E-002  -0.1893550746824360      
    1.496095021145082     
 bsup=    0.000000000000000        -1.152841029209497      
   0.8904300904620419     
 b_abs=    1.245173181648403     
 g=  -1.9549536117603641E-002
 j=    0.000000000000000        -282.7901557681390      
   -55.36694657617917     
 v_perp_2=    20354919.97962310     
 b_n=  -3.1022873107271979E-004   -1.148527603848792      
   0.8909655339035314     
 b_para_n=    1.245173179602275     
 dxdt=   -2.360648205471742        -7596.022975109508      
    5896.433715140284     
 dudt=   -1572262.357634714     
 ---------------------
 rk4
 istep=      8000001
 grad_b=  -0.7535567442534672        7.8354958752445917E-003 
  -2.5938379844592220E-002
 bsub=  -2.3090020417455850E-002  -4.7671337908317082E-002 
    1.005076843100376     
 bsup=    0.000000000000000       -0.4327808319105815      
   0.9496302590895711     
 b_abs=   0.9873765119139745     
 g=  -1.8399102062086899E-002
 j=    0.000000000000000        -559.8023609370074      
   -161.7303949970952     
 v_perp_2=    16140676.70812961     
 b_n=   3.2878861140348624E-005  -0.4290269456104249      
   0.9498090480009269     
 b_para_n=   0.9873764963563303     
 dxdt=   0.3144144603289597        -3686.141416323432      
    8168.802151163916     
 dudt=    231974.2656897074     
 ---------------------
 rk4
 istep=      9000001
 grad_b=   0.7799616757221923        1.7832853563999544E-002 
   0.1578237571505788     
 bsub=   8.3411645319128383E-003   7.3795443992809934E-002 
    1.273535741430051     
 bsup=    0.000000000000000        5.1319393193663132E-002 
    1.105990889428475     
 b_abs=    1.188166127052188     
 g=  -8.9456150364864845E-003
 j=    0.000000000000000        -1222.194702080158      
    377.3016598188505     
 v_perp_2=    19422963.76814086     
 b_n=   7.6037458135783573E-005   4.4501863960048543E-002 
    1.106385463500893     
 b_para_n=    1.188166157206293     
 dxdt=   0.6058337587270699         304.0115471442276      
    7725.572436423208     
 dudt=   -1207049.946449349     
 ---------------------
 rk4
 istep=     10000001
 grad_b=   0.4255903148672660        3.3180744392795308E-002 
   6.7141421234939880E-002
 bsub=  -1.7148242008215620E-002   0.1849878510435074      
    2.153150828047553     
 bsup=    0.000000000000000        -1.552972872453133      
    1.076669399713549     
 b_abs=    1.425332232185692     
 g=  -7.3286338791991824E-003
 j=    0.000000000000000         497.4264064273311      
    184.6525261248442     
 v_perp_2=    23299888.00683125     
 b_n=   3.3423424150517408E-004   -1.558168518482400      
    1.077118462224313     
 b_para_n=    1.425332257719037     
 dxdt=    2.228814632501301        -8815.520027916380      
    6090.736095605655     
 dudt=   -119048.9427049401     
 ---------------------
 rk4
 istep=     11000001
 grad_b=   0.7637962957259097        4.6028407999152983E-002 
  -0.1770923469038981     
 bsub=  -3.4564177828201689E-002   4.0971253783337581E-002 
    1.316217719429187     
 bsup=    0.000000000000000        0.2776742003948497      
    1.040223439578495     
 b_abs=    1.174718778376123     
 g=  -1.0979913311580301E-002
 j=    0.000000000000000         72.56518806367725      
    34.64744694950771     
 v_perp_2=    19203085.92048242     
 b_n=   3.8920813553260260E-004   0.2719415660323186      
    1.040412109272033     
 b_para_n=    1.174718782221495     
 dxdt=    3.135928677493028         1917.956940510498      
    7359.606150096395     
 dudt=    1192814.353357220     
 ---------------------
 rk4
 istep=     12000001
 grad_b=  -0.5980363006187599       -6.6546628915435238E-002 
   5.7536492556799768E-002
 bsub=   1.9827757823264437E-002  -8.2127409254829226E-003 
    1.090602910289581     
 bsup=    0.000000000000000       -0.3035319057473422      
   0.9119642653818727     
 b_abs=   0.9984812776404369     
 g=  -1.9886336886646490E-002
 j=    0.000000000000000         233.7712379647580      
    126.8794475098893     
 v_perp_2=    16322115.97107225     
 b_n=  -3.2267569181653686E-004  -0.3006079724079613      
   0.9119921643351780     
 b_para_n=   0.9984812929008096     
 dxdt=   -3.051758599239507        -2550.525393938693      
    7746.425050689255     
 dudt=   -594870.8993008066     
 ---------------------
 rk4
 istep=     13000001
 grad_b=   9.4208217901995642E-002  -0.1302691266041870      
  -0.2369174807371908     
 bsub=   6.5188469854892434E-002   8.0579925149861426E-002 
    1.854775411258009     
 bsup=    0.000000000000000        -1.401240249937205      
    1.034939270025235     
 b_abs=    1.343996558052316     
 g=  -1.1842394818787119E-002
 j=    0.000000000000000         1070.863112658116      
   -508.4047987011052     
 v_perp_2=    21970202.49780765     
 b_n=  -8.8600897889280870E-004   -1.401997371571507      
    1.035003265995906     
 b_para_n=    1.343996507292206     
 dxdt=   -6.256503203154861        -8493.340187712496      
    6269.582477401708     
 dudt=    381045.3330404243     
 ---------------------
 rk4
 istep=     14000001
 grad_b=   0.5491672992475101       -5.9155101689902567E-002 
  -0.1508601909863612     
 bsub=   2.2565098565355074E-002   6.4750025275419010E-002 
    1.162599661731996     
 bsup=    0.000000000000000       -0.1432955265445011      
    1.131966370719308     
 b_abs=    1.143334988789859     
 g=  -9.0642327640367160E-003
 j=    0.000000000000000         446.0125710069472      
   -85.17871759158686     
 v_perp_2=    18689979.50713363     
 b_n=  -4.3450094583306464E-004  -0.1480220149730331      
    1.132238036095653     
 b_para_n=    1.143334982905986     
 dxdt=   -3.595357419620045        -1084.405518338873      
    8259.582556492474     
 dudt=    1160191.979911623     
 ---------------------
 rk4
 istep=     15000001
 grad_b=  -0.9516209064574409       -6.0865599966744739E-003 
   5.3882815596699746E-002
 bsub=   1.1346298202091626E-002  -6.6747592740811004E-002 
    1.038010538215249     
 bsup=    0.000000000000000       -0.5357702835562905      
   0.9258837797478163     
 b_abs=   0.9984706336384687     
 g=  -1.8494031327130914E-002
 j=    0.000000000000000         1129.297687221512      
   -772.3370987825981     
 v_perp_2=    16321874.31338685     
 b_n=  -1.3095751736397627E-005  -0.5310137608652651      
   0.9261896890590192     
 b_para_n=   0.9984705355494741     
 dxdt=  -0.1238565503284822        -4505.866340188122      
    7867.383837308250     
 dudt=   -435085.0709752798     
 ---------------------
 rk4
 istep=     16000001
 grad_b=  -0.9164248075190329        0.1337860517334328      
  -0.1416335076363146     
 bsub=   2.7639466453718162E-002  -0.1908979958743544      
    1.458924658152144     
 bsup=    0.000000000000000        -1.070999552346376      
   0.8845827476847558     
 b_abs=    1.222682948627006     
 g=  -1.8607260913546690E-002
 j=    0.000000000000000         225.3167838822193      
   -147.8597483274830     
 v_perp_2=    19987011.69240398     
 b_n=   5.2247559418445901E-004   -1.066857293413033      
   0.8851148416442015     
 b_para_n=    1.222682929828821     
 dxdt=    4.047436687544112        -7205.069952326236      
    5981.590018211714     
 dudt=    1795358.375479982     
 ---------------------
 rk4
 istep=     17000001
 grad_b=  -0.4410922818976873        1.7594276892880106E-002 
   3.2409516999008445E-002
 bsub=  -3.0073110817307066E-002  -5.9144798102271717E-002 
   0.8872774188282915     
 bsup=    0.000000000000000       -0.2645443281228586      
    1.088185175495660     
 b_abs=   0.9905452610146616     
 g=  -1.3220273413323047E-002
 j=    0.000000000000000         359.9040963385668      
   -204.7756138839151     
 v_perp_2=    16192267.54765788     
 b_n=   1.1999868775415016E-004  -0.2618715666313874      
    1.088367379845078     
 b_para_n=   0.9905452379286166     
 dxdt=    1.143895466722796        -2241.589183237205      
    9327.165178524574     
 dudt=   -252601.5270476187     
 ---------------------
 rk4
 istep=     18000001
 grad_b=   4.6774687328982101E-002   0.1627843119295230      
   0.2392941738734237     
 bsub=  -5.7076597001223542E-002   2.3696663308511980E-002 
    1.325224220029897     
 bsup=    0.000000000000000       -0.7740815309656035      
    1.042709882038332     
 b_abs=    1.167489397355144     
 g=  -1.0304693862574829E-002
 j=    0.000000000000000        -313.6193901508686      
    513.3474901016554     
 v_perp_2=    19084717.06668953     
 b_n=   1.3011669727471678E-003  -0.7745501362936326      
    1.042774349301294     
 b_para_n=    1.167489451327933     
 dxdt=    10.54757947039519        -5517.938994234391      
    7428.226792048536     
 dudt=   -864644.2729637590     
 ---------------------
 rk4
 istep=     19000001
 grad_b=  -0.4150908638381300        0.1797169677984195      
  -0.1048886640220384     
 bsub=  -1.6169451287904389E-002  -0.2056695983867358      
    1.434377748506456     
 bsup=    0.000000000000000        -1.064844504373764      
   0.8919179298305149     
 b_abs=    1.224140667875637     
 g=  -1.8530222163389034E-002
 j=    0.000000000000000         182.7705369659863      
    124.9364831104730     
 v_perp_2=    20010758.43872447     
 b_n=   7.3513618183245334E-004   -1.062986203331152      
   0.8921926798686455     
 b_para_n=    1.224140678138590     
 dxdt=    5.688189252442742        -7171.368847267628      
    6020.936261298554     
 dudt=    1902388.981022652     
 ---------------------
 rk4
 istep=     20000001
 grad_b=  -0.1185341533858284       -7.7664349345907061E-003 
   6.6191127708784658E-002
 bsub=  -3.4789781258566119E-002   4.0792250687949755E-003 
   0.9671828251421313     
 bsup=    0.000000000000000        4.7498290623797401E-002 
    1.053348131343063     
 b_abs=    1.009306366227543     
 g=  -1.4617896428358807E-002
 j=    0.000000000000000        -676.6170619986710      
    163.6777698770929     
 v_perp_2=    16498884.63042680     
 b_n=  -4.6307051009715761E-005   4.8166744215078508E-002 
    1.053343664118114     
 b_para_n=    1.009306383230879     
 dxdt=  -0.4333140181884845         404.8844316445286      
    8840.181527574870     
 dudt=   -561624.2679840582     
 ---------------------
 rk4
 istep=     21000001
 grad_b=   0.7203958945342130        4.2296555837342237E-002 
   0.1794842226370846     
 bsub=   3.3367430591691366E-002   0.1392032043984957      
    1.700120148598338     
 bsup=    0.000000000000000       -0.7273705036729871      
    1.084016979209373     
 b_abs=    1.319739869535032     
 g=  -8.8064651431683169E-003
 j=    0.000000000000000        -895.4949417054263      
    245.4508459242538     
 v_perp_2=    21573433.11696690     
 b_n=   2.6133881051048469E-004  -0.7341583403735243      
    1.084567641595895     
 b_para_n=    1.319739887571444     
 dxdt=    1.878558658695824        -4549.221781430962      
    6711.051700283720     
 dudt=   -1014430.531032302     
 ---------------------
 rk4
 istep=     22000001
 grad_b=   0.6435306519766555       -4.8908406686560282E-002 
  -0.1799172772323171     
 bsub=  -3.4499359828219729E-002   0.1719347499371087      
    1.920938867819074     
 bsup=    0.000000000000000       -0.9517775990980587      
    1.075755080714238     
 b_abs=    1.379344289667697     
 g=  -8.7585377015076578E-003
 j=    0.000000000000000        -150.0746445395144      
    78.57146477741961     
 v_perp_2=    22547740.90049997     
 b_n=  -3.2067169227244707E-004  -0.9580366293236253      
    1.076309544738638     
 b_para_n=    1.379344296675878     
 dxdt=   -2.207770566119157        -5636.197027111107      
    6325.473591322351     
 dudt=    871037.1702301266     
 ---------------------
 rk4
 istep=     23000001
 grad_b=   0.2054535165514590        1.8303421654066787E-002 
  -0.1144395707221175     
 bsub=   1.9112386939599418E-002   3.7356457905222032E-002 
    1.039981402196529     
 bsup=    0.000000000000000        0.3744648204466622      
    1.052463962608378     
 b_abs=    1.052958743424190     
 g=  -1.3157755249686150E-002
 j=    0.000000000000000        -426.9438758801818      
   -68.25912951696341     
 v_perp_2=    17212385.14418964     
 b_n=   1.4089107702745731E-004   0.3731601126504632      
    1.052508230081415     
 b_para_n=    1.052958734735905     
 dxdt=    1.264387071550122         2985.685478712081      
    8424.818390586719     
 dudt=    881713.3786428354     
 ---------------------
 rk4
 istep=     24000001
 grad_b=  -0.5321355963880439       -0.1903355112008407      
   0.1105876681435830     
 bsub=   1.3187905317687680E-002  -0.1395598015363892      
    1.318899764534697     
 bsup=    0.000000000000000       -0.8118362885575190      
   0.8881597724466107     
 b_abs=    1.133525872742998     
 g=  -2.0234152919741798E-002
 j=    0.000000000000000         188.6843673190982      
   -403.6106215886995     
 v_perp_2=    18529364.67572751     
 b_n=  -7.9159715766098280E-004  -0.8094732643135794      
   0.8884176909115381     
 b_para_n=    1.133525825015624     
 dxdt=   -6.605996524994348        -5960.507772357930      
    6544.601432364371     
 dudt=   -1822391.135020387     
 ---------------------
 rk4
 istep=     25000001
 grad_b=   0.3553757966378276       -0.1263218252790264      
  -0.2394434203150387     
 bsub=   5.3655339420554421E-002   7.4488257480891384E-002 
    1.583080167285668     
 bsup=    0.000000000000000        -1.218594530631841      
    1.058893420740689     
 b_abs=    1.259562663939802     
 g=  -9.4813544690390706E-003
 j=    0.000000000000000        -9.289692341036826      
    333.7376242245615     
 v_perp_2=    20589618.66210013     
 b_n=  -1.0419897544466791E-003   -1.221886461268038      
    1.059083659868452     
 b_para_n=    1.259562699904204     
 dxdt=   -7.840098775861976        -7982.818841927070      
    6916.550698576731     
 dudt=    646371.2424511684     
 ---------------------
 rk4
 istep=     26000001
 grad_b=  -0.1181286293706084       -3.9699646108598864E-002 
  -7.6257012837380747E-002
 bsub=   4.0543417123513982E-002  -1.5319219172633583E-002 
   0.9294501315880295     
 bsup=    0.000000000000000        1.2242440059726856E-002 
    1.120697230473948     
 b_abs=    1.020024358443411     
 g=  -1.2011642568976313E-002
 j=    0.000000000000000        -124.3925838719017      
    153.6371292222441     
 v_perp_2=    16673949.07963306     
 b_n=  -2.6959131539738764E-004   1.2998098314085400E-002 
    1.120721462033087     
 b_para_n=    1.020024373911923     
 dxdt=   -2.496485902713186         108.5385746317897      
    9295.485953120176     
 dudt=    688682.3176719435     
 ---------------------
 rk4
 istep=     27000001
 grad_b=   -1.170028238338628       -9.9081669127715599E-002 
   0.1464771219962701     
 bsub=  -2.2354658858993515E-002  -0.1242652350146003      
    1.326400387984923     
 bsup=    0.000000000000000       -0.8444376759541627      
   0.8705038714370001     
 b_abs=    1.122346780603778     
 g=  -2.0250513826333909E-002
 j=    0.000000000000000         211.9641619314612      
    249.8799578126408     
 v_perp_2=    18346549.19235376     
 b_n=  -3.8822053925262378E-004  -0.8391274752840083      
   0.8709948428524660     
 b_para_n=    1.122346807226057     
 dxdt=   -3.271528144768783        -6245.818650373732      
    6488.882924447570     
 dudt=   -1537857.359726034     
 ---------------------
 rk4
 istep=     28000001
 grad_b=   -1.209897372135987        4.1575879900363877E-002 
  -0.1175666044513727     
 bsub=   6.5992213978621466E-003  -8.0463208848193649E-002 
    1.168921394776143     
 bsup=    0.000000000000000       -0.7172704518554003      
   0.8809032950046537     
 b_abs=    1.042727340253559     
 g=  -1.9722074309062983E-002
 j=    0.000000000000000        -406.2082405896165      
   -279.2653225703957     
 v_perp_2=    17045012.51005336     
 b_n=   1.6112721272717949E-004  -0.7114514323042150      
   0.8813029133379068     
 b_para_n=    1.042727310282345     
 dxdt=    1.459994255872596        -5751.807610192460      
    7132.359674483538     
 dudt=    1045530.810477017     
 ---------------------
 rk4
 istep=     29000001
 grad_b=   0.2022961207121382        5.7142827799657465E-002 
   0.1155006310001984     
 bsub=  -3.8011228645576607E-002   2.7082557783920234E-002 
    1.015907971814376     
 bsup=    0.000000000000000        2.2488049995277315E-003 
    1.130547012453392     
 b_abs=    1.072005486370349     
 g=  -1.0570936456617960E-002
 j=    0.000000000000000        -101.8838392093423      
    258.1985664858856     
 v_perp_2=    17523585.65670487     
 b_n=   3.9777762598975887E-004   7.2859130336382061E-004 
    1.130602448635709     
 b_para_n=    1.072005511340353     
 dxdt=    3.507156315574943         4.238383298122039      
    8869.647509882263     
 dudt=   -996548.1494261839     
 ---------------------
 Elapsed time (seconds):     154.2166220000000     

real	2m34.229s
user	2m33.834s
sys	0m0.020s
>>> [PID 3630931] DONE  u=8500, v_perp=-4000, out=gc_grid/dat144.dat
