>>> [PID 3640219] START u=1000, v_perp=-2000, out=gc_grid/dat171.dat, dt=2e-09, steps=30000000
 outer boundary:   8.3000000000000462E-002
 rk4
 istep=            1
 grad_b=  -0.5028825676736539        4.9321184315062536E-003 
  -7.9836722460798343E-003
 bsub=   8.6923367000850162E-003   4.2252366741275228E-002 
    1.020726963843543     
 bsup=    0.000000000000000        0.5003181149047204      
   0.9181485325538653     
 b_abs=   0.9787596870930287     
 g=  -1.6418704966155814E-002
 j=    0.000000000000000         576.0999533267701      
    59.09827474224204     
 v_perp_2=    3999999.959392174     
 b_n=   3.5728528991234754E-006   0.5006594906609747      
   0.9181343722020650     
 b_para_n=   0.9787596882548972     
 dxdt=   1.0951164778699096E-002    512.2219916339950      
    938.0301207440822     
 dudt=    10151.81287507931     
 ---------------------
 rk4
 istep=      1000001
 grad_b=  -0.1898097059145908       -0.2058553426462522      
   0.1106007076186275     
 bsub=   2.9719707056792111E-002  -0.1228197003099085      
    1.335566851564819     
 bsup=    0.000000000000000       -0.7420653500699774      
   0.9062269104334970     
 b_abs=    1.140756429268628     
 g=  -2.0337979365337537E-002
 j=    0.000000000000000        -174.4245035714126      
    314.7882542019877     
 v_perp_2=    4662048.974753601     
 b_n=  -6.0055326550981975E-005  -0.7420063435334685      
   0.9062336753153508     
 b_para_n=    1.140756431863499     
 dxdt=  -0.2416997638152431        -377.9229715547832      
    461.8452785445563     
 dudt=   -453168.6642977251     
 ---------------------
 rk4
 istep=      2000001
 grad_b=  -5.2072515616393755E-002  -0.2024604367831677      
   0.1058119504278115     
 bsub=   4.1366032597168111E-002  -0.1565717849860771      
    1.404114867561360     
 bsup=    0.000000000000000       -0.8903513842825634      
   0.9123429646567680     
 b_abs=    1.191807722212179     
 g=  -1.9707474045479657E-002
 j=    0.000000000000000        -414.0103657568637      
    271.6746685109304     
 v_perp_2=    4870685.616873070     
 b_n=   3.5978409172202251E-005  -0.8903617971280561      
   0.9123407423228420     
 b_para_n=    1.191807720726827     
 dxdt=  -0.2152988580918982         268.7072578898712      
   -275.2671444686935     
 dudt=   -474580.9272889521     
 ---------------------
 rk4
 istep=      3000001
 grad_b=  -0.4662774234448844       -3.1005087294885159E-002 
   3.2211201080375507E-002
 bsub=   1.5182510842161760E-002   2.9310179302694493E-002 
    1.049324542730102     
 bsup=    0.000000000000000        0.1128631848755589      
   0.9205390613117281     
 b_abs=   0.9845047314794348     
 g=  -1.8395027969357023E-002
 j=    0.000000000000000        -575.3679919892236      
    420.4821635837853     
 v_perp_2=    4023478.660690619     
 b_n=   1.9411871457652783E-005   0.1125792114496334      
   0.9205467071744645     
 b_para_n=   0.9845047257916384     
 dxdt=  -5.9624840054168848E-002   -112.4135123939859      
   -924.0092720288571     
 dudt=   -54280.84537014282     
 ---------------------
 rk4
 istep=      4000001
 grad_b=  -9.0070033713392728E-002   0.1274069020429085      
  -0.1232862811272910     
 bsub=  -1.5345310258251667E-002   4.4548499555658420E-003 
    1.165647211497746     
 bsup=    0.000000000000000        3.5402501614983095E-002 
   0.9260764503084833     
 b_abs=    1.039036952173278     
 g=  -1.8370740738947622E-002
 j=    0.000000000000000        -333.2031845099827      
   -276.9454455523512     
 v_perp_2=    4246341.187733340     
 b_n=  -6.8258756952036719E-005   3.5353561359362337E-002 
   0.9260757418024146     
 b_para_n=    1.039036955601630     
 dxdt=   0.2176978012570650        -29.42337336242462      
   -773.7523204256544     
 dudt=    215664.6589417141     
 ---------------------
 rk4
 istep=      5000001
 grad_b=   0.3107007558271880        0.1718018630774110      
  -0.1193683872572350     
 bsub=  -6.4677732230306331E-002  -0.1163299368972189      
    1.474973212083818     
 bsup=    0.000000000000000       -0.8238159106183691      
   0.9444013372982365     
 b_abs=    1.220107079083669     
 g=  -1.8072097769189787E-002
 j=    0.000000000000000        -558.6005008422291      
   -560.5373816759868     
 v_perp_2=    4986339.375602344     
 b_n=  -1.0885882137768572E-005  -0.8237954325123606      
   0.9444024756931287     
 b_para_n=    1.220107079869961     
 dxdt=   0.1913618344833604         78.55647296155300      
   -90.48777692506962     
 dudt=    425835.7527106342     
 ---------------------
 rk4
 istep=      6000001
 grad_b=   9.7420647962319654E-002   0.1784680677122551      
  -0.1366866492913384     
 bsub=  -2.9747408090969908E-002  -4.6475659957230124E-002 
    1.284034876459837     
 bsup=    0.000000000000000       -0.3454938648911314      
   0.9292707166883183     
 b_abs=    1.099872039298111     
 g=  -1.9027319271249996E-002
 j=    0.000000000000000         343.6972516732688      
   -20.79632737089594     
 v_perp_2=    4494962.207590926     
 b_n=   7.1965528767170301E-005  -0.3455329526390199      
   0.9292709688594791     
 b_para_n=    1.099872038968520     
 dxdt=   0.2534257893905068        -223.3715403430120      
    600.4303990933265     
 dudt=    350537.3426331531     
 ---------------------
 rk4
 istep=      7000001
 grad_b=  -0.4993739460561095        9.8197245923009949E-003 
  -1.7417231220769963E-002
 bsub=   7.8339074604504583E-003   4.2600246421697505E-002 
    1.018803780381308     
 bsup=    0.000000000000000        0.5718043701862172      
   0.9176681747214476     
 b_abs=   0.9793054347920922     
 g=  -1.6046443190843133E-002
 j=    0.000000000000000         498.5661978832700      
    135.5507849632811     
 v_perp_2=    4002230.005977037     
 b_n=   7.2972217191136200E-006   0.5721497562986027      
   0.9176536787380840     
 b_para_n=   0.9793054369738494     
 dxdt=   2.2370926686696279E-002    584.2950991991346      
    935.9703748211242     
 dudt=    21634.27435608977     
 ---------------------
 rk4
 istep=      8000001
 grad_b=  -0.2265428035039110       -0.2044885634580907      
   0.1105788324846701     
 bsub=   2.7522975086410717E-002  -0.1156630481055572      
    1.320602716828035     
 bsup=    0.000000000000000       -0.7148740086720251      
   0.9048351025389822     
 b_abs=    1.130231897257137     
 g=  -2.0457565475611304E-002
 j=    0.000000000000000        -71.31770872065752      
    256.6920499347896     
 v_perp_2=    4619036.903727518     
 b_n=  -6.3565013497780739E-005  -0.7147993356036945      
   0.9048429693302230     
 b_para_n=    1.130231899462798     
 dxdt=  -0.2451540420883029        -390.1062427014938      
    494.1627369184903     
 dudt=   -445187.8963739678     
 ---------------------
 rk4
 istep=      9000001
 grad_b=  -4.4150355697743060E-002  -0.2014067582935798      
   0.1044579937794496     
 bsub=   4.2566417374548630E-002  -0.1611020085527969      
    1.411543751892028     
 bsup=    0.000000000000000       -0.9105659694112715      
   0.9126923855132953     
 b_abs=    1.197901292454140     
 g=  -1.9640855098692029E-002
 j=    0.000000000000000        -309.9174334844831      
    232.3999969581048     
 v_perp_2=    4895588.462209567     
 b_n=   3.2080186444994803E-005  -0.9105739763703407      
   0.9126905033072780     
 b_para_n=    1.197901291335225     
 dxdt=  -0.2115228759968057         245.6733111486239      
   -246.1816943924225     
 dudt=   -475466.5494584921     
 ---------------------
 rk4
 istep=     10000001
 grad_b=  -0.4712187951166590       -3.8675351726804627E-002 
   3.6855731164566780E-002
 bsub=   1.6071578168441611E-002   2.5205275969958148E-002 
    1.056863901472324     
 bsup=    0.000000000000000        5.1957863461946308E-002 
   0.9194038428352806     
 b_abs=   0.9864477705631008     
 g=  -1.8701930312271114E-002
 j=    0.000000000000000        -127.6993375311982      
    461.8277307153435     
 v_perp_2=    4031419.161937986     
 b_n=   2.3650635228852794E-005   5.1675775174097292E-002 
   0.9194102047240348     
 b_para_n=   0.9864477641161900     
 dxdt=  -7.2701251031375230E-002   -50.97049555315056      
   -917.2958385997308     
 dudt=   -66029.96383658325     
 ---------------------
 rk4
 istep=     11000001
 grad_b=  -0.1106701811171392        0.1183861464419610      
  -0.1198970826100533     
 bsub=  -1.3452236764455786E-002   1.0466594916356327E-002 
    1.150666299650130     
 bsup=    0.000000000000000        0.1047646215078383      
   0.9259478107515422     
 b_abs=    1.032751468974754     
 g=  -1.8124829668264661E-002
 j=    0.000000000000000        -281.6486145827970      
   -243.1072108036323     
 v_perp_2=    4220653.311495580     
 b_n=  -6.5679367555128280E-005   0.1047030159470436      
   0.9259476060377545     
 b_para_n=    1.032751472050709     
 dxdt=   0.2081692091775884        -89.35856705919863      
   -791.5086661076617     
 dudt=    195121.1296012977     
 ---------------------
 rk4
 istep=     12000001
 grad_b=   0.3116829690450716        0.1721898053167739      
  -0.1202057016547307     
 bsub=  -6.4029247762397504E-002  -0.1146726089827621      
    1.472216434494911     
 bsup=    0.000000000000000       -0.8117745924699024      
   0.9444162077238401     
 b_abs=    1.217933308273757     
 g=  -1.8072629911644503E-002
 j=    0.000000000000000        -630.6357564394789      
   -541.2569872114582     
 v_perp_2=    4977455.203536776     
 b_n=  -1.4045877642050953E-005  -0.8117481558217524      
   0.9444176568223847     
 b_para_n=    1.217933309237895     
 dxdt=   0.1928839159198043         99.71416539387863      
   -116.4494012375370     
 dudt=    424982.9966671888     
 ---------------------
 rk4
 istep=     13000001
 grad_b=   0.1238891095079222        0.1817593118662341      
  -0.1366924625582994     
 bsub=  -3.2231617183251279E-002  -5.3539921916261182E-002 
    1.301560524618522     
 bsup=    0.000000000000000       -0.3860400564059575      
   0.9304261851255285     
 b_abs=    1.110033048183709     
 g=  -1.8983467483478612E-002
 j=    0.000000000000000         459.4472015598543      
    93.14100422145850     
 v_perp_2=    4536487.910581770     
 b_n=   6.9806068859351627E-005  -0.3860878106556185      
   0.9304259500099351     
 b_para_n=    1.110033048885611     
 dxdt=   0.2523299086881217        -236.9428042104461      
    570.6579863833340     
 dudt=    363288.9061686994     
 ---------------------
 rk4
 istep=     14000001
 grad_b=  -0.4961275677546472        1.4501978433609966E-002 
  -2.7119652864393842E-002
 bsub=   7.0024407340250547E-003   4.2582963906095048E-002 
    1.017666993241627     
 bsup=    0.000000000000000        0.6503611364958162      
   0.9172846475678953     
 b_abs=   0.9803386487258742     
 g=  -1.5653430108988703E-002
 j=    0.000000000000000         291.8378965685824      
    191.8152314773246     
 v_perp_2=    4006452.231450288     
 b_n=   1.1030155498723231E-005   0.6507109765546368      
   0.9172699357914900     
 b_para_n=   0.9803386515568838     
 dxdt=   3.3827127293699133E-002    662.3337580474108      
    932.6127811182520     
 dudt=    32193.14051039376     
 ---------------------
 rk4
 istep=     15000001
 grad_b=  -0.2603300199208550       -0.2019518741637319      
   0.1102281342877069     
 bsub=   2.5432488850110100E-002  -0.1075633377109718      
    1.304370906053844     
 bsup=    0.000000000000000       -0.6857546782381816      
   0.9035376987470708     
 b_abs=    1.118960678855043     
 g=  -2.0571901778924866E-002
 j=    0.000000000000000        -21.63805094643786      
    152.9054973585074     
 v_perp_2=    4572973.278942846     
 b_n=  -6.6767901487301711E-005  -0.6856638093707947      
   0.9035464951573831     
 b_para_n=    1.118960680239461     
 dxdt=  -0.2477748649835663        -400.1433826273489      
    527.6984769858867     
 dudt=   -434780.8704438570     
 ---------------------
 rk4
 istep=     16000001
 grad_b=  -3.8819380828694128E-002  -0.2002438511184182      
   0.1030722218143705     
 bsub=   4.3662033295468736E-002  -0.1652587367217839      
    1.418273693878199     
 bsup=    0.000000000000000       -0.9293085264217329      
   0.9130124531131379     
 b_abs=    1.203513113299647     
 g=  -1.9579225403742399E-002
 j=    0.000000000000000        -236.2155921417885      
    211.8877885889027     
 v_perp_2=    4918522.487730736     
 b_n=   2.8110962904496420E-005  -0.9293147968737038      
   0.9130108563215618     
 b_para_n=    1.203513112419958     
 dxdt=  -0.2079055458836172         220.4546964600105      
   -216.5314970871109     
 dudt=   -475732.3989268938     
 ---------------------
 rk4
 istep=     17000001
 grad_b=  -0.4817950104839703       -4.7344871181719456E-002 
   4.2406394280826931E-002
 bsub=   1.6816968843135563E-002   2.0404110623879729E-002 
    1.065714540487385     
 bsup=    0.000000000000000       -9.9673427639684897E-003 
   0.9177796649822322     
 b_abs=   0.9889277606519806     
 g=  -1.9008382082646481E-002
 j=    0.000000000000000         403.9697886076413      
    446.3594099241197     
 v_perp_2=    4041554.075393425     
 b_n=   2.8275108623009065E-005  -1.0250625406763966E-002 
   0.9177846366049550     
 b_para_n=   0.9889277542833302     
 dxdt=  -8.7007950491186759E-002    10.73901111458994      
   -908.5838047217192     
 dudt=   -81394.15867760409     
 ---------------------
 rk4
 istep=     18000001
 grad_b=  -0.1331347068010426        0.1091079259099185      
  -0.1161819920113200     
 bsub=  -1.1525738872813485E-002   1.6043046685411740E-002 
    1.135746725525302     
 bsup=    0.000000000000000        0.1790657190622651      
   0.9257509516358724     
 b_abs=    1.026849915136525     
 g=  -1.7837314339622892E-002
 j=    0.000000000000000        -261.2115517711692      
   -230.0371021048699     
 v_perp_2=    4196534.482987364     
 b_n=  -6.2713086300160968E-005   0.1789896651691994      
   0.9257513921987126     
 b_para_n=    1.026849918103174     
 dxdt=   0.1977083200214637        -156.0710677335810      
   -808.1120055318767     
 dudt=    175153.4849752067     
 ---------------------
 rk4
 istep=     19000001
 grad_b=   0.3128487667980038        0.1727865715226021      
  -0.1211485827788121     
 bsub=  -6.3170500539964494E-002  -0.1128004067912796      
    1.468488022171823     
 bsup=    0.000000000000000       -0.7973098757625148      
   0.9443114428942377     
 b_abs=    1.215141673273183     
 g=  -1.8080910690739579E-002
 j=    0.000000000000000        -468.4981350835995      
   -555.5420383408255     
 v_perp_2=    4966045.942583754     
 b_n=  -1.7334245190212094E-005  -0.7972772553144754      
   0.9443132039626405     
 b_para_n=    1.215141674524883     
 dxdt=   0.1948549331176468         120.5388253204772      
   -143.2168685341780     
 dudt=    424047.1552993295     
 ---------------------
 rk4
 istep=     20000001
 grad_b=   0.1515947092254066        0.1840237053800274      
  -0.1362540627881773     
 bsub=  -3.4852743181525987E-002  -6.0435141851884817E-002 
    1.319027706388161     
 bsup=    0.000000000000000       -0.4255166007030053      
   0.9316517683067393     
 b_abs=    1.120321065995096     
 g=  -1.8923763102265477E-002
 j=    0.000000000000000         604.8860525909516      
    191.8751753345916     
 v_perp_2=    4578532.667142488     
 b_n=   6.7054001982752191E-005  -0.4255724155057498      
   0.9316509840093021     
 b_para_n=    1.120321067467496     
 dxdt=   0.2499120333637984        -246.7869681953483      
    539.8718884693352     
 dudt=    374358.0068605904     
 ---------------------
 rk4
 istep=     21000001
 grad_b=  -0.4916466179458196        1.9190901854752002E-002 
  -3.6901374695013742E-002
 bsub=   6.2134786389934568E-003   4.2224213780905309E-002 
    1.017381746306142     
 bsup=    0.000000000000000        0.7339623261977672      
   0.9170563938178596     
 b_abs=   0.9818359565406086     
 g=  -1.5254548081102961E-002
 j=    0.000000000000000         79.53732125769545      
    197.8975336512336     
 v_perp_2=    4012571.116575232     
 b_n=   1.4903778497855678E-005   0.7343157626127947      
   0.9170416368639440     
 b_para_n=   0.9818359593145044     
 dxdt=   4.5731445017747951E-002    743.9116130177281      
    928.0873037807571     
 dudt=    41114.71330600874     
 ---------------------
 rk4
 istep=     22000001
 grad_b=  -0.2986433514606459       -0.1979485698154562      
   0.1094232962086640     
 bsub=   2.3502603764508294E-002  -9.8534219530068634E-002 
    1.286867271188371     
 bsup=    0.000000000000000       -0.6546791202992299      
   0.9023758829911325     
 b_abs=    1.107006454013438     
 g=  -2.0676169011189769E-002
 j=    0.000000000000000        -57.90338979435478      
    9.423233437999436     
 v_perp_2=    4524118.348038933     
 b_n=  -6.9483099666194418E-005  -0.6545689266002159      
   0.9023855895321669     
 b_para_n=    1.107006454145402     
 dxdt=  -0.2491170867436706        -407.5745360967560      
    562.3590433151073     
 dudt=   -421476.7598037630     
 ---------------------
 rk4
 istep=     23000001
 grad_b=  -3.3035160405548658E-002  -0.1990378389379023      
   0.1016842115724840     
 bsub=   4.4627067599689610E-002  -0.1690336037189844      
    1.424231710071019     
 bsup=    0.000000000000000       -0.9463717794205921      
   0.9132808494867718     
 b_abs=    1.208575474142179     
 g=  -1.9524134504723512E-002
 j=    0.000000000000000        -288.5760120992305      
    218.4860921398565     
 v_perp_2=    4939210.973463397     
 b_n=   2.4084697012455110E-005  -0.9463764445411853      
   0.9132795404603683     
 b_para_n=    1.208575473343416     
 dxdt=  -0.2045234423782950         193.1033103637607      
   -186.3018931253348     
 dudt=   -475490.4220137493     
 ---------------------
 rk4
 istep=     24000001
 grad_b=  -0.4950946949275862       -5.7067663302310292E-002 
   4.9115358294375647E-002
 bsub=   1.7399586697611991E-002   1.4861335233513701E-002 
    1.076054354774936     
 bsup=    0.000000000000000       -7.2966898140351955E-002 
   0.9157481204539982     
 b_abs=   0.9921322816682114     
 g=  -1.9311214064497061E-002
 j=    0.000000000000000         811.3348448735273      
    380.6269038831990     
 v_perp_2=    4054650.002780028     
 b_n=   3.3250643660623182E-005  -7.3252445711141062E-002 
   0.9157515214333318     
 b_para_n=   0.9921322761930393     
 dxdt=  -0.1024664344005955         72.38760094130393      
   -897.4450118275137     
 dudt=   -101211.8398276072     
 ---------------------
 rk4
 istep=     25000001
 grad_b=  -0.1522073107020105        9.9723947621537662E-002 
  -0.1122501108959383     
 bsub=  -9.5709886233535137E-003   2.1105006115391872E-002 
    1.121014162033605     
 bsup=    0.000000000000000        0.2592497659266284      
   0.9254515997047439     
 b_abs=    1.021357406252472     
 g=  -1.7501910457033289E-002
 j=    0.000000000000000        -156.3650916921685      
   -236.8182604560435     
 v_perp_2=    4174087.344097875     
 b_n=  -5.9448416162357604E-005   0.2591603559025806      
   0.9254527782474138     
 b_para_n=    1.021357409330762     
 dxdt=   0.1865646748169897        -230.3982071297688      
   -823.4646769606456     
 dudt=    156109.7395226987     
 ---------------------
 rk4
 istep=     26000001
 grad_b=   0.3133127334445445        0.1735731218282096      
  -0.1222118298565510     
 bsub=  -6.2093765654280673E-002  -0.1106724907453970      
    1.463717737394473     
 bsup=    0.000000000000000       -0.7802197816222960      
   0.9440870032808689     
 b_abs=    1.211688967205044     
 g=  -1.8096893457999221E-002
 j=    0.000000000000000        -353.2421878253905      
   -542.5091729750944     
 v_perp_2=    4951935.015723354     
 b_n=  -2.0763740700442954E-005  -0.7801808481860275      
   0.9440890674475332     
 b_para_n=    1.211688968687143     
 dxdt=   0.1972854014035850         140.7993660436880      
   -170.8382434267400     
 dudt=    422957.4554483979     
 ---------------------
 rk4
 istep=     27000001
 grad_b=   0.1779067002846987        0.1853068501761945      
  -0.1354948474091082     
 bsub=  -3.7584706183182090E-002  -6.7041836022049439E-002 
    1.336296650285874     
 bsup=    0.000000000000000       -0.4637699778945126      
   0.9329516932080766     
 b_abs=    1.130631260754058     
 g=  -1.8849482715256639E-002
 j=    0.000000000000000         683.2813004853234      
    258.3520344901257     
 v_perp_2=    4620668.049658156     
 b_n=   6.3786376634156726E-005  -0.4638321823727425      
   0.9329503680787304     
 b_para_n=    1.130631262650608     
 dxdt=   0.2463744436158459        -252.8740217396032      
    508.2103439721041     
 dudt=    383782.3052713857     
 ---------------------
 rk4
 istep=     28000001
 grad_b=  -0.4841125201199754        2.4179011163454694E-002 
  -4.6591466173050620E-002
 bsub=   5.4651172096153713E-003   4.1588037510130682E-002 
    1.018101250237707     
 bsup=    0.000000000000000        0.8171442475164759      
   0.9170161888076116     
 b_abs=   0.9837432501752795     
 g=  -1.4877931927576322E-002
 j=    0.000000000000000         8.133203477589348      
    131.3924400667806     
 v_perp_2=    4020365.532285606     
 b_n=   1.9096671713643077E-005   0.8174985183047462      
   0.9170016165648840     
 b_para_n=   0.9837432519784337     
 dxdt=   5.8639268239219923E-002    823.2339218371581      
    922.5845978487041     
 dudt=    47707.17027184806     
 ---------------------
 Particle has exited the domain at step      28112431  s =  
   8.3000000031569668E-002
 Elapsed time (seconds):     143.8408060000000     

real	2m23.853s
user	2m23.574s
sys	0m0.018s
>>> [PID 3640219] DONE  u=1000, v_perp=-2000, out=gc_grid/dat171.dat
