>>> [PID 3638654] START u=9000, v_perp=-3000, out=gc_grid/dat166.dat, dt=2e-09, steps=30000000
 outer boundary:   8.3000000000000462E-002
 rk4
 istep=            1
 grad_b=  -0.5028817215505009        4.9313029061111568E-003 
  -7.9819455536032508E-003
 bsub=   8.6925596418787054E-003   4.2252241191671674E-002 
    1.020727454102291     
 bsup=    0.000000000000000        0.5003021830828275      
   0.9181486809666244     
 b_abs=   0.9787596076125188     
 g=  -1.6418785706992976E-002
 j=    0.000000000000000         576.0999563682767      
    59.08625660261411     
 v_perp_2=    8999999.177784279     
 b_n=   3.2150111417836006E-005   0.5033745466179849      
   0.9180212390347636     
 b_para_n=   0.9787596180678163     
 dxdt=   0.3120542104703649         4630.255484426984      
    8441.426593610699     
 dudt=    22836.42661395769     
 ---------------------
 rk4
 istep=      1000001
 grad_b=   0.3202044819812604       -0.1073627033160527      
  -0.2327006567637449     
 bsub=   5.2932958517065337E-002   0.1103590972762173      
    1.908570845505326     
 bsup=    0.000000000000000        -1.590659138652677      
    1.055529678745983     
 b_abs=    1.355770306905733     
 g=  -9.7278248022864069E-003
 j=    0.000000000000000         309.1286029183678      
   -18.83929808280526     
 v_perp_2=    12466710.30534074     
 b_n=  -9.2333666250657214E-004   -1.593870956722910      
    1.055741003427938     
 b_para_n=    1.355770306789795     
 dxdt=   -6.478895878361413        -10353.36435457735      
    6856.813951557176     
 dudt=    253812.2908406011     
 ---------------------
 rk4
 istep=      2000001
 grad_b=  -0.3011431927770751       -1.9021733585059902E-002 
  -4.5529446548422142E-002
 bsub=   3.6812022998432045E-002  -3.6731148183241802E-002 
   0.9089058265636103     
 bsup=    0.000000000000000       -0.1407825726940489      
    1.092407868153443     
 b_abs=   0.9993727403054353     
 g=  -1.3402475195367504E-002
 j=    0.000000000000000         87.43021316822967      
   -227.1213632722321     
 v_perp_2=    9189514.530918034     
 b_n=  -1.3321670289592112E-004  -0.1388713247370519      
    1.092490474640363     
 b_para_n=   0.9993727154988939     
 dxdt=   -1.266432029001861        -1248.185029241403      
    9827.111788088130     
 dudt=    216495.4507526344     
 ---------------------
 rk4
 istep=      3000001
 grad_b=  -0.8877459333839786        0.1395886966796453      
  -0.1401733648785941     
 bsub=   2.3202593773882341E-002  -0.1889002115065088      
    1.450166046899613     
 bsup=    0.000000000000000        -1.051140025178192      
   0.8838984171027690     
 b_abs=    1.216635473371825     
 g=  -1.8531932779836710E-002
 j=    0.000000000000000         307.5585934308065      
   -117.8994244795438     
 v_perp_2=    11187286.79714410     
 b_n=   5.9571323778863936E-004   -1.046792283934003      
   0.8844552120820453     
 b_para_n=    1.216635455310286     
 dxdt=    4.655366647405870        -7636.074251422004      
    6454.058846919979     
 dudt=    1022692.833273168     
 ---------------------
 rk4
 istep=      4000001
 grad_b=   0.4253103703439453        4.8416091290605368E-002 
   0.1367986543508614     
 bsub=  -2.7368104375167887E-002   5.0002983012363875E-002 
    1.090956095734708     
 bsup=    0.000000000000000        2.1984645100404987E-002 
    1.123939120418179     
 b_abs=    1.107584458280082     
 g=  -1.0118431067914031E-002
 j=    0.000000000000000        -116.9734007350124      
    321.4979342707439     
 v_perp_2=    10184516.10155058     
 b_n=   3.4620812170557891E-004   1.8462736399970144E-002 
    1.124109262529476     
 b_para_n=    1.107584491300164     
 dxdt=    2.970735888872589         147.1108957283687      
    9067.330144286974     
 dudt=   -642652.9599621748     
 ---------------------
 rk4
 istep=      5000001
 grad_b=   2.0119109046446371E-002   8.0787240022682699E-002 
   2.6088014228709329E-002
 bsub=  -9.8903267337964840E-002   6.7283102927994665E-002 
    1.885240427229303     
 bsup=    0.000000000000000        -1.077915006584412      
    1.036056202618204     
 b_abs=    1.371567760644842     
 g=  -1.3017195106498543E-002
 j=    0.000000000000000        -555.4734403652950      
    305.5832261205584     
 v_perp_2=    12611889.43072022     
 b_n=   5.6579204152337487E-004   -1.078067296999419      
    1.036091344384199     
 b_para_n=    1.371567793763680     
 dxdt=    3.924615039329003        -6914.658123427135      
    6645.368797878767     
 dudt=    201303.5804792049     
 ---------------------
 rk4
 istep=      6000001
 grad_b=  -0.2471439764182953       -7.8801626134130928E-002 
   9.5178395277100716E-002
 bsub=   6.5128203101832323E-003   2.9854994250003548E-002 
    1.088458543781088     
 bsup=    0.000000000000000        0.3880622419447465      
   0.9221417125787922     
 b_abs=    1.007833691942371     
 g=  -1.7094867386980274E-002
 j=    0.000000000000000         135.6512494131333      
   -282.3915002240072     
 v_perp_2=    9267254.535793485     
 b_n=  -4.7971071718233923E-004   0.3895218762406668      
   0.9221045144194965     
 b_para_n=    1.007833656668210     
 dxdt=   -4.522228547526923         3473.451587463459      
    8220.820146496508     
 dudt=   -260884.3835484356     
 ---------------------
 rk4
 istep=      7000001
 grad_b=   0.4259549207928128       -7.4566735378954724E-002 
  -0.2154966012618386     
 bsub=   3.4348469015306943E-002   0.1414990327541956      
    1.885868929282172     
 bsup=    0.000000000000000        -1.495264144527629      
    1.073869446178608     
 b_abs=    1.346026344472298     
 g=  -8.0263778011356104E-003
 j=    0.000000000000000         133.8281573377647      
    349.5566726553047     
 v_perp_2=    12376991.72805155     
 b_n=  -6.9802770349441066E-004   -1.500402481672449      
    1.074267726388888     
 b_para_n=    1.346026387825694     
 dxdt=   -4.933186368069706        -9823.539462250032      
    7031.808342285340     
 dudt=    409603.5951888782     
 ---------------------
 rk4
 istep=      8000001
 grad_b=  -0.5009941822822364       -3.2623542313531210E-003 
  -1.9296118483764696E-002
 bsub=   3.0203977762503775E-002  -5.2996499005230485E-002 
   0.9205551149153154     
 bsup=    0.000000000000000       -0.3093836959610036      
    1.041594458594171     
 b_abs=   0.9873007943077912     
 g=  -1.5215682072006314E-002
 j=    0.000000000000000         390.0706162717191      
   -47.97818555561105     
 v_perp_2=    9078421.367037246     
 b_n=  -2.5544110078492835E-005  -0.3064610349921432      
    1.041763546315100     
 b_para_n=   0.9873007864414026     
 dxdt=  -0.2457966891186367        -2790.779773295610      
    9491.957846676158     
 dudt=    88894.32774267181     
 ---------------------
 rk4
 istep=      9000001
 grad_b=   -1.142082913737181        0.1068359236238322      
  -0.1475920953455115     
 bsub=   2.3380752665687995E-002  -0.1322011544618817      
    1.345145963924651     
 bsup=    0.000000000000000       -0.8649708185748024      
   0.8712768388939558     
 b_abs=    1.134188921409135     
 g=  -2.0139043957865685E-002
 j=    0.000000000000000         340.6739483478925      
    250.8866761304188     
 v_perp_2=    10429066.26255879     
 b_n=   4.4738233013644831E-004  -0.8594493171543711      
   0.8718117391819126     
 b_para_n=    1.134188948068636     
 dxdt=    3.749192043642690        -6756.615489633032      
    6856.965899393422     
 dudt=    895870.3475466289     
 ---------------------
 rk4
 istep=     10000001
 grad_b=   0.5674059829799180        6.5029198840490923E-002 
   0.1551192094452778     
 bsub=  -2.2512353919750011E-002   6.9799543234256467E-002 
    1.191514341304524     
 bsup=    0.000000000000000       -0.2347300523719277      
    1.134945845465483     
 b_abs=    1.156121538973021     
 g=  -8.6944756810107375E-003
 j=    0.000000000000000         310.7304757123814      
   -130.9049758779512     
 v_perp_2=    10630722.85215181     
 b_n=   5.3457829516194097E-004  -0.2401801013032158      
    1.135275201079903     
 b_para_n=    1.156121527206251     
 dxdt=    4.395276500863626        -1853.613678339237      
    8748.474169281368     
 dudt=   -639407.0621669303     
 ---------------------
 rk4
 istep=     11000001
 grad_b=   0.3240782250112563        9.0315757349238385E-002 
  -7.5939804925266710E-002
 bsub=  -0.1029724096776069       -6.2305151383236113E-002 
    1.683637383830022     
 bsup=    0.000000000000000        -1.099233160672560      
   0.9890089011888432     
 b_abs=    1.316747699819280     
 g=  -1.5298402031886989E-002
 j=    0.000000000000000        -413.9917423036371      
    430.9298725892368     
 v_perp_2=    12107688.91899983     
 b_n=   5.1283358230611248E-004   -1.101105265892748      
   0.9889710261172964     
 b_para_n=    1.316747750096978     
 dxdt=    3.704481618683680        -7381.267299636796      
    6628.678934825973     
 dudt=    608879.7981371699     
 ---------------------
 rk4
 istep=     12000001
 grad_b=   0.4208567709911643       -0.1277463069301145      
   0.1730567242740266     
 bsub=   2.4658126212556399E-002  -6.6841089340410192E-004 
    1.252946820017239     
 bsup=    0.000000000000000        0.1575553230570576      
   0.9632212013458749     
 b_abs=    1.098517480568932     
 g=  -1.5272705688176689E-002
 j=    0.000000000000000        -59.87733057288114      
    224.1796266525598     
 v_perp_2=    10101013.48825378     
 b_n=  -8.1152918929026073E-004   0.1549014734091541      
   0.9632357805586431     
 b_para_n=    1.098517507924997     
 dxdt=   -7.020810700855431         1259.066365872072      
    7837.845053938075     
 dudt=   -613408.4053621326     
 ---------------------
 rk4
 istep=     13000001
 grad_b=   0.4818051909630237       -6.7063583932817458E-002 
  -0.1836134892334401     
 bsub=   1.8283564111854011E-002   0.1437544024531695      
    1.764347754704174     
 bsup=    0.000000000000000        -1.120367731371425      
    1.082732327559849     
 b_abs=    1.322969018128683     
 g=  -7.6368566953571772E-003
 j=    0.000000000000000        -306.1710299124337      
    318.4455196894361     
 v_perp_2=    12164856.41748510     
 b_n=  -6.3477413568190923E-004   -1.126260775284662      
    1.083219080999257     
 b_para_n=    1.322969052443870     
 dxdt=   -4.563884240306669        -7513.714331897717      
    7223.866826890643     
 dudt=    429770.7597821863     
 ---------------------
 rk4
 istep=     14000001
 grad_b=  -0.7260230740302074        2.2322082517841450E-003 
   1.5193242430812097E-002
 bsub=   2.2068412324104315E-002  -6.1008178880006675E-002 
   0.9670532044037738     
 bsup=    0.000000000000000       -0.4149792904138133      
   0.9794997031891567     
 b_abs=   0.9862571362467364     
 g=  -1.7178823566090934E-002
 j=    0.000000000000000        -191.8857357778042      
   -44.67682718712075     
 v_perp_2=    9068736.394464293     
 b_n=   1.7378693244076339E-005  -0.4110230155501031      
   0.9797488909548313     
 b_para_n=   0.9862571324169829     
 dxdt=   0.1674018685888002        -3747.139578404831      
    8936.942690037886     
 dudt=   -65054.95706642029     
 ---------------------
 rk4
 istep=     15000001
 grad_b=   -1.242274535502305        5.7509936223882438E-002 
  -0.1341144621336384     
 bsub=   1.3512658759841759E-002  -9.1225730994925494E-002 
    1.222607757040427     
 bsup=    0.000000000000000       -0.7638301260546095      
   0.8735498529800219     
 b_abs=    1.066750427887483     
 g=  -2.0095563211184927E-002
 j=    0.000000000000000        -860.3657723948519      
   -105.6014790917564     
 v_perp_2=    9808861.022903565     
 b_n=   2.3792549027786336E-004  -0.7576155234589494      
   0.8740109256902845     
 b_para_n=    1.066750422650509     
 dxdt=    2.119444120845628        -6356.693867732107      
    7337.214930168408     
 dudt=    694248.6902103371     
 ---------------------
 rk4
 istep=     16000001
 grad_b=   0.5822627209015823        7.5953129467072195E-002 
   0.1702140043471119     
 bsub=  -2.5860886448246585E-002   8.5090437508072381E-002 
    1.300966794427757     
 bsup=    0.000000000000000       -0.4725360351082977      
    1.132599692216264     
 b_abs=    1.197150450660189     
 g=  -7.9386143856957480E-003
 j=    0.000000000000000        -141.8301397892416      
    474.6010019681999     
 v_perp_2=    11007882.64249795     
 b_n=   6.8916408432453675E-004  -0.4787626023311903      
    1.133020688977960     
 b_para_n=    1.197150500014244     
 dxdt=    5.472911230919384        -3557.596736170374      
    8411.863348288869     
 dudt=   -602533.3312175870     
 ---------------------
 rk4
 istep=     17000001
 grad_b=   0.1391076418601536        0.1939678343199888      
  -0.1141204496481681     
 bsub=  -5.0685923887079209E-002  -0.1291847405415421      
    1.419440995698380     
 bsup=    0.000000000000000       -0.8054665634988998      
   0.9273289799660452     
 b_abs=    1.191748811558956     
 g=  -1.9177841270724555E-002
 j=    0.000000000000000        -621.4569614417414      
    171.4088409983769     
 v_perp_2=    10958198.63744833     
 b_n=   8.8982006837733162E-004  -0.8061211273681562      
   0.9273012038371008     
 b_para_n=    1.191748838188086     
 dxdt=    7.098282069124725        -6014.069228901159      
    6917.729860991771     
 dudt=    1010985.347297811     
 ---------------------
 rk4
 istep=     18000001
 grad_b=   0.7369461315294676       -8.6211482640606768E-002 
   0.1690006114932899     
 bsub=   5.6233434201598542E-002   6.3948530624860292E-003 
    1.428761437280812     
 bsup=    0.000000000000000       -0.1881402897478119      
    1.003468469349846     
 b_abs=    1.196982122546487     
 g=  -1.3368839232081207E-002
 j=    0.000000000000000        -307.3658975442605      
    297.0248603519786     
 v_perp_2=    11006300.97142336     
 b_n=  -6.0317356211142873E-004  -0.1932053426178469      
    1.003514908189486     
 b_para_n=    1.196982156994449     
 dxdt=   -4.790698579085435        -1437.209647719489      
    7451.329644386969     
 dudt=   -713668.0805345788     
 ---------------------
 rk4
 istep=     19000001
 grad_b=   0.6193881200157005       -6.0269964167924538E-002 
  -0.1596679096827940     
 bsub=   3.1891672266326429E-003   0.1319089172426262      
    1.612207602333034     
 bsup=    0.000000000000000       -0.7565413737333087      
    1.101977838430873     
 b_abs=    1.295455817272284     
 g=  -7.8829491457245351E-003
 j=    0.000000000000000         166.6930026174384      
   -21.92311415980250     
 v_perp_2=    11911753.09777990     
 b_n=  -5.3183220684834974E-004  -0.7635230487336163      
    1.102550122107366     
 b_para_n=    1.295455816347712     
 dxdt=   -3.904510422730267        -5211.889102557468      
    7521.176248131200     
 dudt=    462620.3047341669     
 ---------------------
 rk4
 istep=     20000001
 grad_b=  -0.9485350746312963       -9.4906541001139634E-003 
   5.4065989090087405E-002
 bsub=   1.2054605759915120E-002  -6.4760522254835973E-002 
    1.042253720206216     
 bsup=    0.000000000000000       -0.5381018466525200      
   0.9239050698154754     
 b_abs=   0.9989411834557218     
 g=  -1.8631929494641090E-002
 j=    0.000000000000000         1057.530847464731      
   -787.2287820161828     
 v_perp_2=    9185277.899041511     
 b_n=  -3.2324151352123628E-005  -0.5330977243773120      
   0.9242162743215717     
 b_para_n=   0.9989410781715985     
 dxdt=  -0.3074236659817165        -4794.910093818663      
    8317.394369660065     
 dudt=   -253401.1996703568     
 ---------------------
 rk4
 istep=     21000001
 grad_b=   -1.145122515358685        1.2000132933953554E-002 
  -9.5215164219941598E-002
 bsub=   1.2900301950993995E-003  -7.5373470597938697E-002 
    1.107257368320979     
 bsup=    0.000000000000000       -0.6561920825394852      
   0.8944835918493883     
 b_abs=    1.019533933191116     
 g=  -1.9025457489021541E-002
 j=    0.000000000000000         513.9574350950323      
   -676.9601050073096     
 v_perp_2=    9374609.373506336     
 b_n=   2.9025073021981451E-005  -0.6501698626913130      
   0.8948934214957552     
 b_para_n=    1.019533843668108     
 dxdt=   0.2704889073863193        -5723.045222638550      
    7881.650077881956     
 dudt=    419568.9064117714     
 ---------------------
 rk4
 istep=     22000001
 grad_b=   0.5289900205243303        9.5027101530853378E-002 
   0.1842219389609215     
 bsub=  -3.7897895472572864E-002   8.8760578151504871E-002 
    1.408579321657965     
 bsup=    0.000000000000000       -0.6954961852918059      
    1.112269917468621     
 b_abs=    1.226279382414789     
 g=  -7.9060651178642742E-003
 j=    0.000000000000000        -1181.599561105313      
   -115.2740859926976     
 v_perp_2=    11275615.16725968     
 b_n=   9.1739309031638270E-004  -0.7013683631071742      
    1.112664612844161     
 b_para_n=    1.226279361684599     
 dxdt=    7.113104973655225        -5077.754570594150      
    8050.827614271991     
 dudt=   -520430.2165332024     
 ---------------------
 rk4
 istep=     23000001
 grad_b=  -0.5210591331941797        0.1551073674323823      
  -9.7319430105347257E-002
 bsub=  -1.7261468645306331E-002  -6.0841759824965556E-002 
    1.203832261028007     
 bsup=    0.000000000000000       -0.5484765189160259      
   0.8984726335239408     
 b_abs=    1.055807076672642     
 g=  -2.0788135798359638E-002
 j=    0.000000000000000        -195.8494086870479      
   -236.7171334283960     
 v_perp_2=    9708110.832401941     
 b_n=   7.3139368542201742E-004  -0.5459322772703118      
   0.8986116816360593     
 b_para_n=    1.055807047817834     
 dxdt=    6.582560327452776        -4631.990665647401      
    7626.537409585033     
 dudt=    751199.1647847445     
 ---------------------
 rk4
 istep=     24000001
 grad_b=   0.7521672959050594       -3.5694478300350579E-002 
   0.1629277535647696     
 bsub=   7.3521900493923625E-002   5.4477331511556995E-002 
    1.599065462488120     
 bsup=    0.000000000000000       -0.6117076725036532      
    1.034980469131666     
 b_abs=    1.273214855525230     
 g=  -1.1573959304361914E-002
 j=    0.000000000000000        -855.6550891305584      
    87.35610604435141     
 v_perp_2=    11707150.04527193     
 b_n=  -3.2539519446314526E-004  -0.6175827231914366      
    1.035195588067445     
 b_para_n=    1.273214862203959     
 dxdt=   -2.430434888753256        -4295.000931948010      
    7194.299458966724     
 dudt=   -687740.1576186833     
 ---------------------
 rk4
 istep=     25000001
 grad_b=   0.7563768962944478       -4.6384014962668856E-002 
  -0.1607264859080655     
 bsub=  -5.5623108282086761E-003   0.1096462193998720      
    1.463842179043169     
 bsup=    0.000000000000000       -0.4824414740284813      
    1.116477935152134     
 b_abs=    1.257595825736722     
 g=  -8.1117328280611439E-003
 j=    0.000000000000000         332.6497251761398      
   -275.8547693469635     
 v_perp_2=    11563516.87765649     
 b_n=  -3.6309383633001738E-004  -0.4904313436267601      
    1.117074997703236     
 b_para_n=    1.257595798694376     
 dxdt=   -2.745522227964069        -3457.939789041500      
    7867.149825215880     
 dudt=    574211.3766102222     
 ---------------------
 rk4
 istep=     26000001
 grad_b=   -1.136600014742637       -4.4753990006955596E-002 
   0.1009909070819845     
 bsub=  -1.3313431365977180E-004  -7.3957129670790447E-002 
    1.141728979917132     
 bsup=    0.000000000000000       -0.6753356112674307      
   0.8874410700673235     
 b_abs=    1.030989144502732     
 g=  -1.9650645402981302E-002
 j=    0.000000000000000         437.3530054033822      
   -242.5543806419624     
 v_perp_2=    9479867.054696573     
 b_n=  -1.9607772574647649E-004  -0.6695033957436293      
   0.8878188063208716     
 b_para_n=    1.030989110178756     
 dxdt=   -1.807039139920845        -5824.091460358148      
    7727.399787946200     
 dudt=   -534431.4042408954     
 ---------------------
 rk4
 istep=     27000001
 grad_b=  -0.9369233043981442       -7.8858290385876492E-003 
  -5.0316674413451036E-002
 bsub=  -8.1257137923500932E-003  -7.6117549909374943E-002 
    1.011878047294903     
 bsup=    0.000000000000000       -0.5126670091152179      
   0.9393048472989231     
 b_abs=   0.9948825369394991     
 g=  -1.7653929156896706E-002
 j=    0.000000000000000         1232.923170947057      
   -357.7554934176023     
 v_perp_2=    9147850.870296573     
 b_n=  -6.3575232220542194E-005  -0.5075609112193343      
   0.9396883845296691     
 b_para_n=   0.9948824824977167     
 dxdt=  -0.6071008706067281        -4584.742433713948      
    8493.132265833738     
 dudt=    199723.6548163144     
 ---------------------
 rk4
 istep=     28000001
 grad_b=   0.3289358043904004        0.1350496015785222      
   0.2385652914424980     
 bsub=  -5.3817884495417925E-002   6.4219309189221682E-002 
    1.480929780706890     
 bsup=    0.000000000000000       -0.9798642830823552      
    1.063417585312798     
 b_abs=    1.229286710830068     
 g=  -9.4648872220132289E-003
 j=    0.000000000000000        -1658.430891020578      
    462.6178193285018     
 v_perp_2=    11303158.29000581     
 b_n=   1.1983109866002956E-003  -0.9831085619758293      
    1.063601855227169     
 b_para_n=    1.229286755483814     
 dxdt=    9.268609854917042        -7096.265136290038      
    7675.557642844378     
 dudt=   -453893.0833538601     
 ---------------------
 rk4
 istep=     29000001
 grad_b=  -0.6749737158903723        4.7942932199724439E-002 
  -4.7577966300288051E-002
 bsub=  -2.1395903360422873E-002  -1.9433711622217388E-002 
    1.069904012265249     
 bsup=    0.000000000000000       -0.3866347309513261      
   0.9167300063819528     
 b_abs=   0.9941215834017658     
 g=  -1.9634955261713959E-002
 j=    0.000000000000000        -826.8764978039488      
    182.1338383433651     
 v_perp_2=    9140825.486047680     
 b_n=   2.4418651483161188E-004  -0.3831289610510076      
   0.9167985917826278     
 b_para_n=   0.9941216086331214     
 dxdt=    2.333596932569668        -3463.741195033018      
    8292.794646427972     
 dudt=    287432.4933717916     
 ---------------------
 Elapsed time (seconds):     152.5263280000000     

real	2m32.538s
user	2m32.178s
sys	0m0.022s
>>> [PID 3638654] DONE  u=9000, v_perp=-3000, out=gc_grid/dat166.dat
