>>> [PID 3620673] START u=1000, v_perp=-5000, out=gc_grid/dat108.dat, dt=2e-09, steps=30000000
 outer boundary:   8.3000000000000462E-002
 rk4
 istep=            1
 grad_b=  -0.5028825649872626        4.9321193214046724E-003 
  -7.9836731632562524E-003
 bsub=   8.6923368199657153E-003   4.2252366692777592E-002 
    1.020726963790978     
 bsup=    0.000000000000000        0.5003181111713796      
   0.9181485327837697     
 b_abs=   0.9787596870930285     
 g=  -1.6418704969727201E-002
 j=    0.000000000000000         576.0999606344384      
    59.09828662831610     
 v_perp_2=    24999999.74620107     
 b_n=   3.5728539087070212E-006   0.5006594869621015      
   0.9181343724305493     
 b_para_n=   0.9787596882548973     
 dxdt=   4.9280250435653386E-002    515.8841916685997      
    937.8783021426251     
 dudt=    63448.83591201033     
 ---------------------
 rk4
 istep=      1000001
 grad_b=  -0.4985367867038435       -8.1253211250821814E-002 
   6.6721078139012457E-002
 bsub=   1.7831497362123427E-002   3.1720382386594553E-003 
    1.102978185964206     
 bsup=    0.000000000000000       -0.1744717937065644      
   0.9124696160328849     
 b_abs=    1.002833153396945     
 g=  -1.9756319113214803E-002
 j=    0.000000000000000         720.2693895127532      
    184.8679954540108     
 v_perp_2=    25614896.95893706     
 b_n=   2.9353057296972829E-005  -0.1746518624793508      
   0.9124696578276189     
 b_para_n=    1.002833151724294     
 dxdt=  -0.6222501697063754         111.7826291455749      
   -564.6494492180134     
 dudt=   -955869.3132593503     
 ---------------------
 rk4
 istep=      2000001
 grad_b=  -0.2900337725623030        5.8779496473495438E-002 
  -8.5903883869995340E-002
 bsub=  -2.2827353017771043E-003   3.6006586488196629E-002 
    1.060421924420526     
 bsup=    0.000000000000000        0.6347145168899571      
   0.9218616170790507     
 b_abs=    1.000244870461226     
 g=  -1.5823537723788892E-002
 j=    0.000000000000000        -138.7396845468007      
   -220.8265034688196     
 v_perp_2=    25548785.62934545     
 b_n=  -2.9040886181201825E-005   0.6345779102478126      
   0.9218661950282572     
 b_para_n=    1.000244872572197     
 dxdt=   0.5716466534659391        -423.5601665811980      
   -619.1759017718049     
 dudt=    534771.6818357754     
 ---------------------
 rk4
 istep=      3000001
 grad_b=  -0.3443349840128017        4.5344643849891855E-002 
  -7.5451701025150933E-002
 bsub=   9.4083239160783119E-004   3.8908263565043996E-002 
    1.038688703825930     
 bsup=    0.000000000000000        0.8521579658763753      
   0.9184181523395534     
 b_abs=   0.9933736549365878     
 g=  -1.4842550887955048E-002
 j=    0.000000000000000        -506.6306637500959      
    15.16947779820245     
 v_perp_2=    25373277.36508057     
 b_n=   2.8292496673543157E-005   0.8523601603285754      
   0.9184105526660904     
 b_para_n=   0.9933736548948674     
 dxdt=   0.4789704103102719         682.5409563531996      
    731.7945367560575     
 dudt=    394120.0047716156     
 ---------------------
 rk4
 istep=      4000001
 grad_b=  -0.4970757494002609       -0.1019710953994080      
   7.8097757343729396E-002
 bsub=   1.8055281463651231E-002  -1.0483254507156297E-002 
    1.127331464022507     
 bsup=    0.000000000000000       -0.2827839303418281      
   0.9078976227718040     
 b_abs=    1.013016740826721     
 g=  -2.0219737010322505E-002
 j=    0.000000000000000         92.25183921425423      
    16.81138387947522     
 v_perp_2=    25875011.45347947     
 b_n=  -2.0344515494727607E-005  -0.2826837943329607      
   0.9078988798641322     
 b_para_n=    1.013016740908175     
 dxdt=  -0.7420304095969668        -95.03774502458577      
    316.8970540649050     
 dudt=   -1257445.185488705     
 ---------------------
 rk4
 istep=      5000001
 grad_b=  -0.4879047705019077        2.0675561701570172E-002 
  -3.8599831079890595E-002
 bsub=   6.7244546801757867E-003   4.1843221555171006E-002 
    1.017955237303465     
 bsup=    0.000000000000000        0.7058850553430256      
   0.9198379517429892     
 b_abs=   0.9827875575330848     
 g=  -1.5267671006888240E-002
 j=    0.000000000000000         122.3699230532031      
    214.7277594073669     
 v_perp_2=    25102881.56442980     
 b_n=  -1.5227417534322473E-005   0.7055514999594534      
   0.9198517603988989     
 b_para_n=   0.9827875546491539     
 dxdt=   0.2199973554530559        -675.4790519144320      
   -886.6951004763044     
 dudt=    271737.4363082096     
 ---------------------
 rk4
 istep=      6000001
 grad_b=  -0.1913460034212270        8.6191284928607226E-002 
  -0.1073649901694900     
 bsub=  -6.4378132245348947E-003   2.7623747913552564E-002 
    1.100030222882088     
 bsup=    0.000000000000000        0.4014025009841229      
   0.9245506376409709     
 b_abs=    1.014137933261577     
 g=  -1.6853587820078907E-002
 j=    0.000000000000000         194.9350468456324      
   -323.2568077883316     
 v_perp_2=    25903649.48230404     
 b_n=   1.8318162594285065E-005   0.4014420643693919      
   0.9245497500569611     
 b_para_n=    1.014137931872058     
 dxdt=   0.7592899551949657         124.4997508133712      
    282.9464946017052     
 dudt=    814365.6608558274     
 ---------------------
 Particle has exited the domain at step       6221396  s =  
   8.3000000303861288E-002
 Elapsed time (seconds):     31.87108700000000     

real	0m31.881s
user	0m31.814s
sys	0m0.010s
>>> [PID 3620673] DONE  u=1000, v_perp=-5000, out=gc_grid/dat108.dat
