>>> [PID 3647484] START u=1000, v_perp=-1000, out=gc_grid/dat192.dat, dt=2e-09, steps=30000000
 outer boundary:   8.3000000000000462E-002
 rk4
 istep=            1
 grad_b=  -0.5028825680574238        4.9321183043779526E-003 
  -7.9836721150547130E-003
 bsub=   8.6923366829592119E-003   4.2252366748203388E-002 
    1.020726963851052     
 bsup=    0.000000000000000        0.5003181154380534      
   0.9181485325210215     
 b_abs=   0.9787596870930294     
 g=  -1.6418704965645622E-002
 j=    0.000000000000000         576.0999522828170      
    59.09827304423177     
 v_perp_2=    999999.9898480439     
 b_n=   3.5728527548972921E-006   0.5006594911893838      
   0.9181343721694240     
 b_para_n=   0.9787596882548979     
 dxdt=   5.4755822146386616E-003    511.6988201971129      
    938.0518091158749     
 dudt=    2537.953187668342     
 ---------------------
 rk4
 istep=      1000001
 grad_b=  -7.9945494727996141E-002  -0.2051263498233059      
   0.1070032124054585     
 bsub=   3.8669395575711973E-002  -0.1511726720742649      
    1.390818763178335     
 bsup=    0.000000000000000       -0.8603433488120609      
   0.9106716690778884     
 b_abs=    1.181783221197427     
 g=  -1.9862403121114675E-002
 j=    0.000000000000000        -399.5923538354932      
    325.2536293112821     
 v_perp_2=    1207429.355116606     
 b_n=  -9.0354565769854261E-005  -0.8603046322972984      
   0.9106783931126432     
 b_para_n=    1.181783225494548     
 dxdt=  -0.1199133118026926        -648.0649629501936      
    686.0387456539120     
 dudt=   -118409.3083301955     
 ---------------------
 rk4
 istep=      2000001
 grad_b=  -0.7607428173593913       -0.1173042701081952      
  -0.2770399273110056     
 bsub=   6.6919553096037351E-002  -4.8627992346679721E-002 
    1.576667507949800     
 bsup=    0.000000000000000        -1.163547483158090      
   0.9356713416599786     
 b_abs=    1.237676008350914     
 g=  -1.7796440950832854E-002
 j=    0.000000000000000        -1027.489808769989      
    366.3947777289899     
 v_perp_2=    1264535.061203382     
 b_n=  -6.5300954108946704E-005   -1.163158856460422      
   0.9356861030246897     
 b_para_n=    1.237676012970352     
 dxdt=  -8.4145859411080326E-002   -805.7276741231736      
    648.3508444052528     
 dudt=    50656.48020627708     
 ---------------------
 rk4
 istep=      3000001
 grad_b=  -0.3591576460416168       -0.1523365201704126      
  -0.1878213064255657     
 bsub=   5.4769063912976014E-002  -2.8616857210790193E-002 
    1.099655366151524     
 bsup=    0.000000000000000       -0.6084331481293414      
    1.041307111478711     
 b_abs=    1.078280096242030     
 g=  -1.0687930693830821E-002
 j=    0.000000000000000        -226.7764383043240      
    238.2980892621398     
 v_perp_2=    1101680.056334720     
 b_n=  -1.3795306548861324E-004  -0.6081262235612781      
    1.041321972389115     
 b_para_n=    1.078280099119827     
 dxdt=  -0.1956143010095597        -534.3714352879362      
    915.3196017890326     
 dudt=    48747.07104182338     
 ---------------------
 rk4
 istep=      4000001
 grad_b=  -0.7484894232739751        1.3462827970520064E-002 
   1.3068772691878686E-002
 bsub=  -5.5869678225192194E-003  -0.1003279913984332      
   0.8296133987773465     
 bsup=    0.000000000000000       -0.4470783701364278      
    1.105596785102414     
 b_abs=   0.9803233262221901     
 g=  -1.0801109987399412E-002
 j=    0.000000000000000        -656.4024682335830      
    55.23246840817888     
 v_perp_2=    1001597.501836396     
 b_n=   1.2567834889726486E-005  -0.4464531305993719      
    1.105672483903204     
 b_para_n=   0.9803233277486476     
 dxdt=   1.9235267602613570E-002   -454.7305940946715      
    1127.002574085109     
 dudt=   -4392.832084841210     
 ---------------------
 rk4
 istep=      5000001
 grad_b=   -1.202753504423352        5.8063188356781564E-002 
   0.2285969314344844     
 bsub=  -3.7743242575515229E-002  -8.5468073938570657E-002 
    1.314538459082351     
 bsup=    0.000000000000000       -0.9448598513052173      
   0.8738018878217252     
 b_abs=    1.108737032202912     
 g=  -1.9376735993860764E-002
 j=    0.000000000000000         1263.267484478614      
   -206.6855415330890     
 v_perp_2=    1132797.925843258     
 b_n=   3.9207986665426369E-005  -0.9442167169287438      
   0.8738448254021629     
 b_para_n=    1.108737028421883     
 dxdt=   5.4439497118809480E-002   -792.7021649879154      
    733.9726195526740     
 dudt=   -66756.60371419221     
 ---------------------
 rk4
 istep=      6000001
 grad_b=  -0.3437965353730508        0.1796108645356388      
  -9.7034705742120628E-002
 bsub=  -2.1412608492748935E-002  -0.2154563372790451      
    1.440784292848700     
 bsup=    0.000000000000000        -1.092591353062735      
   0.8934391991288617     
 b_abs=    1.234063954123351     
 g=  -1.8597659494614435E-002
 j=    0.000000000000000         190.7531765461758      
    190.3478573909608     
 v_perp_2=    1260844.559183497     
 b_n=   7.5540044592724626E-005   -1.092433390616562      
   0.8934639451335431     
 b_para_n=    1.234063955853712     
 dxdt=   9.7512081373596668E-002   -760.9771647711677      
    622.4686896010082     
 dudt=    117123.5947538255     
 ---------------------
 rk4
 istep=      7000001
 grad_b=  -0.4754666638372943       -3.3073702342450856E-003 
   5.4818788218460590E-003
 bsub=  -2.7881665701424509E-002   2.7436467734206771E-003 
    1.002273950915608     
 bsup=    0.000000000000000       -0.1493310141786154      
   0.9572815306475901     
 b_abs=   0.9794915276633309     
 g=  -1.7913379551680871E-002
 j=    0.000000000000000         595.2529415292488      
   -363.7509395379340     
 v_perp_2=    1000747.583716103     
 b_n=  -2.0262377817584277E-006  -0.1490411234721578      
   0.9572806758692332     
 b_para_n=   0.9794915226918789     
 dxdt=  -3.1033813359231301E-003   -151.9566992532353      
    976.9582866733845     
 dudt=   -2994.509436675225     
 ---------------------
 rk4
 istep=      8000001
 grad_b=   0.5791680562941738       -8.9899530002046951E-002 
   0.1856341040013828     
 bsub=   2.5769633884922122E-002   1.4309737643678253E-002 
    1.261718434257271     
 bsup=    0.000000000000000        0.3874387026013329      
   0.9936771498206697     
 b_abs=    1.122280976839171     
 g=  -1.2938703416206692E-002
 j=    0.000000000000000        -61.26158602409879      
   -152.4895119545013     
 v_perp_2=    1146635.710453966     
 b_n=  -6.8840348894802600E-005   0.3870081908418149      
   0.9936834368093098     
 b_para_n=    1.122280974975596     
 dxdt=  -9.4733027560293170E-002    318.3179259384032      
    817.9288542419238     
 dudt=   -68109.90816280661     
 ---------------------
 rk4
 istep=      9000001
 grad_b=   0.1672052691130550       -6.8434234075030853E-002 
   2.2222463272406984E-002
 bsub=   9.8665374716282034E-002   6.0549811327702804E-002 
    1.859861044852606     
 bsup=    0.000000000000000        -1.066168014598011      
    1.035305782197954     
 b_abs=    1.364334969327639     
 g=  -1.2892989315437076E-002
 j=    0.000000000000000         613.0913250226722      
    267.2635190585119     
 v_perp_2=    1393942.512493717     
 b_n=  -4.3649451540715214E-005   -1.066272798892944      
    1.035311511317354     
 b_para_n=    1.364334972264757     
 dxdt=  -5.3549429249714391E-002   -608.4898097067836      
    590.7581265060071     
 dudt=   -35934.01576200058     
 ---------------------
 rk4
 istep=     10000001
 grad_b=   0.4119528378206066       -8.2134824687816091E-002 
  -0.2270675104741408     
 bsub=   4.2782862736058913E-002   0.1217373247112174      
    1.862376532151057     
 bsup=    0.000000000000000        -1.618963011317827      
    1.070686357114555     
 b_abs=    1.340587812939893     
 g=  -8.5203273749045582E-003
 j=    0.000000000000000         313.7796432301798      
   -50.65039650047909     
 v_perp_2=    1369680.015151332     
 b_n=  -6.7977037818894666E-005   -1.619384423630289      
    1.070715464774497     
 b_para_n=    1.340587812613904     
 dxdt=  -8.3997244883286623E-002   -959.3078636690813      
    634.1210566774311     
 dudt=    41972.30287100598     
 ---------------------
 rk4
 istep=     11000001
 grad_b=   0.4613787242831098       -8.5510398958932449E-002 
  -0.1712056251334840     
 bsub=   3.2628546732818328E-002   7.3446379570968501E-002 
    1.221483958497705     
 bsup=    0.000000000000000       -0.4513844870141188      
    1.137359209908132     
 b_abs=    1.165089079540121     
 g=  -8.0496098464917076E-003
 j=    0.000000000000000         420.6019022953782      
    123.6379410651234     
 v_perp_2=    1190372.757677698     
 b_n=  -7.9148725951843610E-005  -0.4518747973537463      
    1.137390807436609     
 b_para_n=    1.165089081125362     
 dxdt=  -0.1060622869891460        -349.2591806522450      
    878.4195789329093     
 dudt=    68454.98989623495     
 ---------------------
 rk4
 istep=     12000001
 grad_b=  -0.5292201677213321       -1.3684146931732599E-002 
  -2.3879853881565077E-002
 bsub=   2.3785733278181800E-002  -7.3102732468229237E-002 
   0.8826525025030252     
 bsup=    0.000000000000000       -0.3514964001791158      
    1.066288764598880     
 b_abs=   0.9828692575578331     
 g=  -1.3712268013951229E-002
 j=    0.000000000000000         64.57062759257082      
    71.79076121039535     
 v_perp_2=    1004198.554762786     
 b_n=  -1.0894734168543548E-005  -0.3511287110838525      
    1.066319511693007     
 b_para_n=   0.9828692583542483     
 dxdt=  -1.6638629325071343E-002   -356.3096631850056      
    1082.640562595179     
 dudt=    10734.42968574163     
 ---------------------
 rk4
 istep=     13000001
 grad_b=   -1.221234705840959       -8.1865081493203526E-002 
   0.1622497297353452     
 bsub=  -2.9686097407258666E-002  -0.1287189278307337      
    1.342308067294339     
 bsup=    0.000000000000000       -0.8754431475450664      
   0.8612147902241485     
 b_abs=    1.126528558832806     
 g=  -2.1021114503682256E-002
 j=    0.000000000000000         1215.287827765292      
   -202.0487091114980     
 v_perp_2=    1150975.397215233     
 b_n=  -3.2160569128524727E-005  -0.8748525394191118      
   0.8612707111609316     
 b_para_n=    1.126528554750905     
 dxdt=  -4.4135447418755552E-002   -715.2436624368406      
    704.4930699309498     
 dudt=   -95864.24847031517     
 ---------------------
 rk4
 istep=     14000001
 grad_b=  -0.8430572822318008        0.1605523106002833      
  -0.1283326921644384     
 bsub=   1.0576773366420131E-002  -0.1642348958232279      
    1.365701386615620     
 bsup=    0.000000000000000       -0.8935763408021270      
   0.8718315646115430     
 b_abs=    1.156346093907260     
 g=  -1.9634152918688960E-002
 j=    0.000000000000000        -107.2963618376421      
    57.55307360412895     
 v_perp_2=    1181439.961516591     
 b_n=   7.1452126353626760E-005  -0.8931617370492708      
   0.8718808708959223     
 b_para_n=    1.156346094763176     
 dxdt=   9.6249705099220220E-002   -698.5894636238155      
    682.2009253098121     
 dudt=    112808.6500613112     
 ---------------------
 rk4
 istep=     15000001
 grad_b=  -0.3470151946887531       -8.9694745772826573E-003 
   3.3702830446368251E-002
 bsub=  -3.3757189513451753E-002  -1.9670190651750318E-002 
   0.9519378157873521     
 bsup=    0.000000000000000       -0.1819000963488446      
    1.019004188042846     
 b_abs=   0.9869805112004796     
 g=  -1.6266289750384102E-002
 j=    0.000000000000000         587.4864887937387      
   -54.64615004313495     
 v_perp_2=    1008398.954061205     
 b_n=  -5.1776671315817667E-006  -0.1816836582951255      
    1.019008475876537     
 b_para_n=   0.9869805103461040     
 dxdt=  -7.8800819049916968E-003   -183.1945879866247      
    1028.107759604268     
 dudt=   -18620.20604008135     
 ---------------------
 rk4
 istep=     16000001
 grad_b=   0.7833992877086660       -1.9362617138205061E-002 
   0.1698736048693377     
 bsub=   2.8101889474048965E-002   6.0744811168074953E-002 
    1.314488939971886     
 bsup=    0.000000000000000        0.2683274542333264      
    1.069164002121481     
 b_abs=    1.192264031392279     
 g=  -9.8274027844581138E-003
 j=    0.000000000000000        -813.4192655821221      
   -230.5436189440316     
 v_perp_2=    1218137.304619977     
 b_n=  -2.3686872496857694E-005   0.2676487114281599      
    1.069195871779496     
 b_para_n=    1.192264028510013     
 dxdt=  -3.1251846912068448E-002    198.1067061405516      
    792.9762186534093     
 dudt=   -75593.91944728704     
 ---------------------
 rk4
 istep=     17000001
 grad_b=   0.4972005598515287       -8.6783396413435999E-003 
   9.3983515072945362E-002
 bsub=   5.2661558108330744E-002   0.1730068609547177      
    1.987905420649567     
 bsup=    0.000000000000000       -0.9909329633197390      
    1.075499734558090     
 b_abs=    1.402336289805080     
 g=  -9.5940801026214231E-003
 j=    0.000000000000000         62.02537287608641      
    86.49863138908167     
 v_perp_2=    1432768.313019835     
 b_n=  -1.3994680521643433E-005  -0.9913436547678839      
    1.075535848303252     
 b_para_n=    1.402336290724846     
 dxdt=  -1.7008484639345921E-002   -532.6960399732545      
    577.6587752805023     
 dudt=   -39954.40517345074     
 ---------------------
 rk4
 istep=     18000001
 grad_b=   0.4054229007953686       -7.3476424262855528E-002 
  -0.2160676039271055     
 bsub=   1.8410362795075241E-002   0.1680273122596507      
    1.957815172887793     
 bsup=    0.000000000000000        -1.395262488237579      
    1.076943244265181     
 b_abs=    1.368628777025894     
 g=  -7.2868730485764702E-003
 j=    0.000000000000000        -1433.259620608598      
    422.9750157924298     
 v_perp_2=    1398329.312576599     
 b_n=  -6.3938971140404811E-005   -1.395736756546154      
    1.076984551302553     
 b_para_n=    1.368628780223019     
 dxdt=  -7.8347095670918659E-002   -791.3502089463176      
    610.4113305730561     
 dudt=    48588.24943137138     
 ---------------------
 rk4
 istep=     19000001
 grad_b=   0.6443577018239657       -5.8050998164434243E-002 
  -0.1603272471168765     
 bsub=   1.1846656775182589E-002   8.2952282901757185E-002 
    1.251058763989872     
 bsup=    0.000000000000000       -0.2123008190657800      
    1.134978037451837     
 b_abs=    1.184566186146679     
 g=  -8.3179014335250830E-003
 j=    0.000000000000000        -243.7132487776136      
   -72.06307551173921     
 v_perp_2=    1210272.376451064     
 b_n=  -4.7254754710350406E-005  -0.2129444413233932      
    1.135021159853015     
 b_para_n=    1.184566185227746     
 dxdt=  -6.2615141316616357E-002   -160.1217417246168      
    851.5221215225470     
 dudt=    73159.73312079484     
 ---------------------
 rk4
 istep=     20000001
 grad_b=  -0.4581225643196233       -9.8271477936307770E-003 
  -2.8870887916243398E-002
 bsub=   2.9537190926078889E-002  -5.7030046856533956E-002 
   0.9058213654448452     
 bsup=    0.000000000000000       -0.3068274075561300      
    1.051873940621759     
 b_abs=   0.9848334045671006     
 g=  -1.4784581648407753E-002
 j=    0.000000000000000         589.8844191241456      
   -143.3768608431990     
 v_perp_2=    1006205.188685189     
 b_n=  -7.6716085557335239E-006  -0.3065262093501269      
    1.051893151660800     
 b_para_n=   0.9848334023576383     
 dxdt=  -1.1696807598428940E-002   -310.1252457762016      
    1064.783311618348     
 dudt=    14188.63808438340     
 ---------------------
 rk4
 istep=     21000001
 grad_b=   -1.116587644646848       -0.1135767035963688      
   0.1494524200905342     
 bsub=  -2.5061847027012613E-002  -0.1423141182849939      
    1.353496480088576     
 bsup=    0.000000000000000       -0.8758592927079784      
   0.8638179542602885     
 b_abs=    1.137571904741260     
 g=  -2.0592636965626916E-002
 j=    0.000000000000000         520.4158261588972      
    209.2079641350316     
 v_perp_2=    1162258.233382135     
 b_n=  -4.7594309542335915E-005  -0.8753175931169648      
   0.8638740319163678     
 b_para_n=    1.137571906685533     
 dxdt=  -6.4858053044970637E-002   -703.9720313662244      
    695.0982581927408     
 dudt=   -102647.2003277335     
 ---------------------
 rk4
 istep=     22000001
 grad_b=  -0.9827708052136260        0.1391759626280794      
  -0.1366323431419716     
 bsub=   1.6945279628143094E-002  -0.1499630787798917      
    1.350693107909007     
 bsup=    0.000000000000000       -0.8652696554655782      
   0.8673427741224932     
 b_abs=    1.140671397689334     
 g=  -2.0109292907460205E-002
 j=    0.000000000000000        -132.1993417626130      
    298.4686205001003     
 v_perp_2=    1165424.944935770     
 b_n=   6.1180215820330662E-005  -0.8647856383230880      
   0.8673957487307818     
 b_para_n=    1.140671401593442     
 dxdt=   8.3210048797914174E-002   -692.3263551655740      
    694.7170436929462     
 dudt=    107005.8035599719     
 ---------------------
 rk4
 istep=     23000001
 grad_b=  -0.3578519222245580        3.7499091172658872E-004 
   3.5944786796423253E-002
 bsub=  -3.3908985979039338E-002  -3.3056853790025292E-002 
   0.9322932010051784     
 bsup=    0.000000000000000       -0.2196181956880220      
    1.039077429803647     
 b_abs=   0.9881432253176518     
 g=  -1.5587796566450048E-002
 j=    0.000000000000000         778.7736241506747      
   -137.4385526224233     
 v_perp_2=    1009586.761091728     
 b_n=   1.0519291147751281E-006  -0.2193908084273921      
    1.039085528478945     
 b_para_n=   0.9881432232558450     
 dxdt=   1.5994090914320130E-003   -220.8397675092332      
    1046.505087283451     
 dudt=   -19266.32927529381     
 ---------------------
 rk4
 istep=     24000001
 grad_b=   0.7662468793089515        1.3816946328890894E-002 
   0.1617011703079996     
 bsub=   1.4815360529760870E-002   7.7443280893656999E-002 
    1.302113641473493     
 bsup=    0.000000000000000        9.9360404924501267E-002 
    1.101280211905405     
 b_abs=    1.200263598309086     
 g=  -8.8667538878691270E-003
 j=    0.000000000000000        -1154.444172424743      
    348.7522729732891     
 v_perp_2=    1226310.299410129     
 b_n=   3.9394472723344428E-006   9.8643366856131481E-002 
    1.101322815659886     
 b_para_n=    1.200263601236509     
 dxdt=   5.1749133749452864E-003    71.87297286951453      
    807.1137040210388     
 dudt=   -76377.11952852832     
 ---------------------
 rk4
 istep=     25000001
 grad_b=   0.5285653841980070        4.9305651219508036E-002 
   0.1605060142253863     
 bsub=   2.1936626518416463E-002   0.1873742964540185      
    2.015188870830219     
 bsup=    0.000000000000000        -1.095984947828020      
    1.078581306346170     
 b_abs=    1.402956392222720     
 g=  -8.0541382811423964E-003
 j=    0.000000000000000         406.8053632641572      
   -77.46465341720017     
 v_perp_2=    1433401.674235275     
 b_n=   3.4416680419197362E-005   -1.096512300045437      
    1.078629965160657     
 b_para_n=    1.402956391821115     
 dxdt=   4.1822987540981002E-002   -588.6689120162816      
    578.7496403031261     
 dudt=   -43360.10296698003     
 ---------------------
 rk4
 istep=     26000001
 grad_b=   0.4396031612081581       -7.4197621241342299E-002 
  -0.2066022893845281     
 bsub=   1.7052317818954739E-003   0.1808848224463315      
    1.995680983149853     
 bsup=    0.000000000000000        -1.247255411348761      
    1.075393432407709     
 b_abs=    1.385216389964507     
 g=  -7.2878276831781930E-003
 j=    0.000000000000000        -1228.495241880769      
    168.4572913982256     
 v_perp_2=    1415276.697079895     
 b_n=  -6.3328599052378342E-005   -1.247757490612486      
    1.075438994467117     
 b_para_n=    1.385216390561597     
 dxdt=  -7.7266483108888645E-002   -689.1268932952601      
    593.6980531554135     
 dudt=    47807.89718052404     
 ---------------------
 rk4
 istep=     27000001
 grad_b=   0.7210937711731036       -3.3875120407766426E-002 
  -0.1585088289939528     
 bsub=  -1.0855803341696529E-004   8.2421970272840428E-002 
    1.270637184301268     
 bsup=    0.000000000000000       -5.7339572168203734E-002 
    1.123019839078450     
 b_abs=    1.192642515225995     
 g=  -8.5206709842421367E-003
 j=    0.000000000000000        -662.3537863963570      
    252.3107755924732     
 v_perp_2=    1218523.800309003     
 b_n=  -2.2875366039343693E-005  -5.8038720110652170E-002 
    1.123065190544917     
 b_para_n=    1.192642517399346     
 dxdt=  -3.0174861164155124E-002   -43.42352407251552      
    832.4654703190863     
 dudt=    75415.30114503656     
 ---------------------
 rk4
 istep=     28000001
 grad_b=  -0.4153581066038751       -6.1641848551052709E-003 
  -3.1655719883474043E-002
 bsub=   3.1913771688859310E-002  -4.6828818323347565E-002 
   0.9179838632656641     
 bsup=    0.000000000000000       -0.2736645015205939      
    1.045398597898805     
 b_abs=   0.9861199357793643     
 g=  -1.5232610374027448E-002
 j=    0.000000000000000         798.9049680459962      
   -186.0154777635324     
 v_perp_2=    1007519.497909026     
 b_n=  -5.0243973848223711E-006  -0.2733969260207409      
    1.045412419304264     
 b_para_n=   0.9861199329756872     
 dxdt=  -7.6523459358325725E-003   -276.0635652968413      
    1056.140809788701     
 dudt=    16269.55322291262     
 ---------------------
 rk4
 istep=     29000001
 grad_b=   -1.053681376927367       -0.1267134430706565      
   0.1435161062205330     
 bsub=  -2.1677360838003625E-002  -0.1474188027043160      
    1.355271100760678     
 bsup=    0.000000000000000       -0.8741994741030743      
   0.8655358833648268     
 b_abs=    1.141048909446899     
 g=  -2.0328206971355518E-002
 j=    0.000000000000000         209.7343880338453      
    295.2978395568675     
 v_perp_2=    1165810.527649044     
 b_n=  -5.4358997346461132E-005  -0.8736850617984212      
   0.8655909716585244     
 b_para_n=    1.141048912852529     
 dxdt=  -7.3915181838347707E-002   -699.0436353231265      
    692.8833428834254     
 dudt=   -105206.0818589845     
 ---------------------
 Elapsed time (seconds):     155.3292000000000     

real	2m35.342s
user	2m34.877s
sys	0m0.030s
>>> [PID 3647484] DONE  u=1000, v_perp=-1000, out=gc_grid/dat192.dat
