>>> [PID 3634097] START u=3000, v_perp=-3000, out=gc_grid/dat154.dat, dt=2e-09, steps=30000000
 outer boundary:   8.3000000000000462E-002
 rk4
 istep=            1
 grad_b=  -0.5028823587462214        4.9319136937739094E-003 
  -7.9832396879476603E-003
 bsub=   8.6923923197160663E-003   4.2252335402323073E-002 
    1.020727086456330     
 bsup=    0.000000000000000        0.5003141355238717      
   0.9181485694351810     
 b_abs=   0.9787596672212210     
 g=  -1.6418725148003643E-002
 j=    0.000000000000000         576.0999480645220      
    59.09525865456776     
 v_perp_2=    8999999.725904915     
 b_n=   1.0718093143947670E-005   0.5013382612743157      
   0.9181060884824346     
 b_para_n=   0.9787596707066993     
 dxdt=   4.9278102516989115E-002    1538.223330574711      
    2814.025408709383     
 dudt=    22840.28899659796     
 ---------------------
 rk4
 istep=      1000001
 grad_b=  -0.3638447034877019       -0.1507269204745071      
  -0.1862826018095848     
 bsub=   5.4949568978229814E-002  -2.8983039148277427E-002 
    1.098900001817255     
 bsup=    0.000000000000000       -0.6070673425334829      
    1.041387912612263     
 b_abs=    1.078036502529794     
 g=  -1.0717721286677397E-002
 j=    0.000000000000000        -214.8934228877997      
    231.4679049826872     
 v_perp_2=    9912879.516738433     
 b_n=  -4.0851077244036764E-004  -0.6061368102964626      
    1.041432890481088     
 b_para_n=    1.078036510912636     
 dxdt=   -1.738078222393473        -1597.442847009084      
    2747.301160627993     
 dudt=    437108.3405019299     
 ---------------------
 rk4
 istep=      2000001
 grad_b=  -0.3282983281152215        0.1768601422217425      
  -9.6194744934405108E-002
 bsub=  -2.3310292644490679E-002  -0.2149064163250694      
    1.445365237253517     
 bsup=    0.000000000000000        -1.100475230651952      
   0.8951518628098266     
 b_abs=    1.237165734118017     
 g=  -1.8551862749716583E-002
 j=    0.000000000000000         184.0591663057783      
    180.8029276515032     
 v_perp_2=    11376120.76126505     
 b_n=   2.2278879631360869E-004   -1.100023158355724      
   0.8952226771421610     
 b_para_n=    1.237165739020442     
 dxdt=   0.8614616049701859        -2287.582979820868      
    1862.468304639774     
 dudt=    1043306.134127342     
 ---------------------
 rk4
 istep=      3000001
 grad_b=   0.1713001244444074       -6.7974818857096081E-002 
   2.3596171510522339E-002
 bsub=   0.1005692910964151        5.5791882357212774E-002 
    1.854966787585241     
 bsup=    0.000000000000000        -1.071251429690674      
    1.033438831517385     
 b_abs=    1.362937605991117     
 g=  -1.2973756942361664E-002
 j=    0.000000000000000         476.6066716955876      
    287.3166902105016     
 v_perp_2=    12532629.43730441     
 b_n=  -1.2931919176118706E-004   -1.071571534095894      
    1.033455477306960     
 b_para_n=    1.362937615250570     
 dxdt=  -0.4761372153021192        -1839.005878294549      
    1773.017666314536     
 dudt=   -327899.8749655284     
 ---------------------
 rk4
 istep=      4000001
 grad_b=  -0.5387918495487833       -1.2241638857456463E-002 
  -2.1669394806181019E-002
 bsub=   2.3610391039656412E-002  -7.2542830146121423E-002 
   0.8842852735402331     
 bsup=    0.000000000000000       -0.3511150211390710      
    1.067106025102417     
 b_abs=   0.9839950599273155     
 g=  -1.3670856756864627E-002
 j=    0.000000000000000         1.411774990445238      
    92.57287458643064     
 v_perp_2=    9048135.724053944     
 b_n=  -2.9315027339243740E-005  -0.3499895913268052      
    1.067199136763992     
 b_para_n=   0.9839950632486274     
 dxdt=  -0.1341836100110375        -1062.460051121901      
    3245.102646321056     
 dudt=    87960.08809995903     
 ---------------------
 rk4
 istep=      5000001
 grad_b=  -0.3540806939393637       -9.5955107274831794E-003 
   3.2159070383699861E-002
 bsub=  -3.4092388807901330E-002  -1.8812012136852803E-002 
   0.9538155076849100     
 bsup=    0.000000000000000       -0.1768054074669347      
    1.018651094268785     
 b_abs=   0.9876304913293142     
 g=  -1.6245633075681172E-002
 j=    0.000000000000000         616.1562958624693      
   -59.76558643846117     
 v_perp_2=    9081562.682827489     
 b_n=  -1.6851854127249439E-005  -0.1761416862921392      
    1.018663579580574     
 b_para_n=   0.9876304885683325     
 dxdt=  -7.6900407032253593E-002   -531.5915555810997      
    3080.231681925417     
 dudt=   -160397.9994134489     
 ---------------------
 rk4
 istep=      6000001
 grad_b=   0.4123891636525952       -7.3709467595559450E-002 
  -0.2164940795450276     
 bsub=   1.8853146841593837E-002   0.1660935185499979      
    1.952621358679375     
 bsup=    0.000000000000000        -1.389905422915857      
    1.075495300891666     
 b_abs=    1.366870170470477     
 g=  -7.3899275899497758E-003
 j=    0.000000000000000        -1432.570195250936      
    424.7761003538069     
 v_perp_2=    12568785.56008046     
 b_n=  -1.9065443568637709E-004   -1.391334583418968      
    1.075618715494992     
 b_para_n=    1.366870180169877     
 dxdt=  -0.7011905403691140        -2375.027525134126      
    1834.159949716495     
 dudt=    438581.6628420096     
 ---------------------
 rk4
 istep=      7000001
 grad_b=   -1.131229672722516       -0.1104184825080561      
   0.1509794832570559     
 bsub=  -2.6007896230871564E-002  -0.1410705321400331      
    1.358815573072398     
 bsup=    0.000000000000000       -0.8841348284156987      
   0.8668348933035758     
 b_abs=    1.141400613435432     
 g=  -2.0416109439703740E-002
 j=    0.000000000000000         610.7896339958585      
    178.1379932163123     
 v_perp_2=    10495523.16552868     
 b_n=  -1.3871377395137738E-004  -0.8824828172782858      
   0.8670037516535196     
 b_para_n=    1.141400617744812     
 dxdt=  -0.5657278066693325        -2115.239176919224      
    2081.144454037179     
 dudt=   -920411.3958813677     
 ---------------------
 rk4
 istep=      8000001
 grad_b=   0.7805660777842302        1.3208751826827014E-002 
   0.1612294691150904     
 bsub=   1.4842972380158784E-002   7.5683460159969074E-002 
    1.300282665585334     
 bsup=    0.000000000000000        8.6639887683439665E-002 
    1.100056626047503     
 b_abs=    1.198315768403383     
 g=  -8.9268535582148131E-003
 j=    0.000000000000000        -1192.999620363719      
    339.9724316368071     
 v_perp_2=    11018872.72691585     
 b_n=   1.0722871511800564E-005   8.4456417088014227E-002 
    1.100183601244150     
 b_para_n=    1.198315776912514     
 dxdt=   4.2301810700068207E-002    182.4196852613983      
    2426.030294315438     
 dudt=   -684884.0190308202     
 ---------------------
 rk4
 istep=      9000001
 grad_b=   0.7343393156180461       -3.1473935738310324E-002 
  -0.1575147530457404     
 bsub=  -4.0394782085601683E-004   7.9927454151224542E-002 
    1.267107510674677     
 bsup=    0.000000000000000       -5.0814664172697144E-002 
    1.120471489066157     
 b_abs=    1.189885715541193     
 g=  -8.6250826914358123E-003
 j=    0.000000000000000        -698.6196538073293      
    265.2196640344604     
 v_perp_2=    10941354.98432107     
 b_n=  -6.2116142037578042E-005  -5.2932381900395564E-002 
    1.120605058569169     
 b_para_n=    1.189885722454091     
 dxdt=  -0.2461876500792741        -121.8536523025687      
    2502.350333172526     
 dudt=    675770.8873685207     
 ---------------------
 rk4
 istep=     10000001
 grad_b=   -1.070130453506887        0.1223546455065049      
  -0.1435732269559452     
 bsub=   2.1238839712242542E-002  -0.1423363819798419      
    1.351454743748326     
 bsup=    0.000000000000000       -0.8688597013901864      
   0.8682600791501647     
 b_abs=    1.138899617716840     
 g=  -2.0193914575454892E-002
 j=    0.000000000000000         174.3124310214633      
    302.3727255029330     
 v_perp_2=    10472520.23273549     
 b_n=   1.5880396681846335E-004  -0.8672782607573789      
   0.8684241511495503     
 b_para_n=    1.138899628390206     
 dxdt=   0.6486780701737892        -2086.635480977807      
    2092.320979159606     
 dudt=    932400.3023914944     
 ---------------------
 rk4
 istep=     11000001
 grad_b=   0.4603729980440938        7.2052002291360301E-002 
   0.2017404765170851     
 bsub=   1.3600261846258344E-003   0.1808254602574324      
    2.006434507595380     
 bsup=    0.000000000000000        -1.243307740624444      
    1.073876254233428     
 b_abs=    1.388635764136788     
 g=  -7.4109491788702294E-003
 j=    0.000000000000000        -919.9715862929178      
    78.33902847460362     
 v_perp_2=    12768916.37558499     
 b_n=   1.8097493793057992E-004   -1.244853895982373      
    1.074015475286451     
 b_para_n=    1.388635763993768     
 dxdt=   0.6618714670639883        -2053.447967315742      
    1769.239906063658     
 dudt=   -420689.0275686159     
 ---------------------
 rk4
 istep=     12000001
 grad_b=  -0.3910505462566124        1.9812293921074239E-004 
  -3.1012268632453127E-002
 bsub=   3.3771638586874202E-002  -3.5841884431436780E-002 
   0.9328751626142565     
 bsup=    0.000000000000000       -0.2373222551320803      
    1.036791100173724     
 b_abs=   0.9878972607938765     
 g=  -1.5648885973159318E-002
 j=    0.000000000000000         861.4566972894085      
   -144.5948103768729     
 v_perp_2=    9084006.432237977     
 b_n=  -1.8954839476811881E-006  -0.2365782052209300      
    1.036819748784841     
 b_para_n=   0.9878972541264107     
 dxdt=  -8.6477655787239663E-003   -713.9231975338382      
    3133.880773942374     
 dudt=    149859.1909435896     
 ---------------------
 rk4
 istep=     13000001
 grad_b=  -0.4400293066393846        9.2201340103307480E-003 
   2.9866065649831436E-002
 bsub=  -3.1031088805091596E-002  -5.2872537933082643E-002 
   0.9084908285024031     
 bsup=    0.000000000000000       -0.2846946888864457      
    1.056716373299547     
 b_abs=   0.9873327204215180     
 g=  -1.4666204119872916E-002
 j=    0.000000000000000         665.5075517210132      
   -172.5177605795262     
 v_perp_2=    9078813.296663169     
 b_n=   2.1758357394455838E-005  -0.2838229823909091      
    1.056767839848529     
 b_para_n=   0.9873327126910468     
 dxdt=   9.9315136464528109E-002   -857.2670432848296      
    3196.966897676816     
 dudt=   -134739.8327724318     
 ---------------------
 rk4
 istep=     14000001
 grad_b=   0.5355828793900113       -1.4503999277179647E-003 
  -0.1101237857291354     
 bsub=  -5.0591376967234550E-002   0.1732272958249829      
    1.983099659940347     
 bsup=    0.000000000000000       -0.9894852355752335      
    1.075060632505537     
 b_abs=    1.400206803668681     
 g=  -9.4380774760525182E-003
 j=    0.000000000000000         85.67199680075817      
    127.8553233641963     
 v_perp_2=    12875310.08533357     
 b_n=   2.0733926723505531E-005  -0.9908374602765844      
    1.075179283572595     
 b_para_n=    1.400206807742700     
 dxdt=   7.5631300093568277E-002   -1604.678143229751      
    1738.532040316532     
 dudt=    384026.1062208401     
 ---------------------
 rk4
 istep=     15000001
 grad_b=  -0.8542970848611776       -0.1571146624115888      
   0.1306339025912274     
 bsub=  -1.1579307092275353E-002  -0.1655187694745010      
    1.375866163101308     
 bsup=    0.000000000000000       -0.9097021229841484      
   0.8740301359427446     
 b_abs=    1.163119630933380     
 g=  -1.9441765565046110E-002
 j=    0.000000000000000         16.04396267810097      
    63.01442681520883     
 v_perp_2=    10695222.55928094     
 b_n=  -2.0914072255712819E-004  -0.9084401749900305      
   0.8741801919201345     
 b_para_n=    1.163119633140708     
 dxdt=  -0.8417498759050058        -2108.791108593079      
    2031.583325150889     
 dudt=   -1016300.163827876     
 ---------------------
 rk4
 istep=     16000001
 grad_b=   0.5072185372167862        8.0088771451248653E-002 
   0.1684089326621492     
 bsub=  -2.9365106924932834E-002   7.6335286365176613E-002 
    1.235066802586144     
 bsup=    0.000000000000000       -0.4272970541462039      
    1.137134917205322     
 b_abs=    1.171728258984888     
 g=  -8.0822324997739461E-003
 j=    0.000000000000000         260.4174143259252      
    128.8516909100629     
 v_perp_2=    10774379.18827987     
 b_n=   2.1809583074996087E-004  -0.4288971546337205      
    1.137239003830513     
 b_para_n=    1.171728263592654     
 dxdt=   0.8733626750570413        -986.6660091781241      
    2609.108005759495     
 dudt=   -617144.9150703721     
 ---------------------
 rk4
 istep=     17000001
 grad_b=   0.6154614781397489        7.6867094018800625E-002 
  -0.1844221778924644     
 bsub=  -2.6906764884421418E-002   1.9735105277307770E-002 
    1.265050269220241     
 bsup=    0.000000000000000        0.4206096195477383      
    1.004696873958169     
 b_abs=    1.131000556569745     
 g=  -1.2363883044607182E-002
 j=    0.000000000000000        -275.6860528666709      
   -108.6300732358356     
 v_perp_2=    10399875.25798954     
 b_n=   1.8396395726263213E-004   0.4191988344158641      
    1.004722791734609     
 b_para_n=    1.131000552522016     
 dxdt=   0.7552170183856733         1019.451234887027      
    2449.071493691759     
 dudt=    621789.1304100569     
 ---------------------
 rk4
 istep=     18000001
 grad_b=   -1.258657518957925       -3.6159310763104933E-002 
  -0.2138778763753222     
 bsub=   3.6151649986509604E-002  -8.9956261869319862E-002 
    1.308355614656630     
 bsup=    0.000000000000000       -0.9225394371386481      
   0.8706449233994832     
 b_abs=    1.105481534192738     
 g=  -1.9767447778480982E-002
 j=    0.000000000000000         1589.897253491031      
   -501.0097584854374     
 v_perp_2=    10165218.33884292     
 b_n=  -8.0667223258439763E-005  -0.9205526227569610      
   0.8707837358645680     
 b_para_n=    1.105481510148965     
 dxdt=  -0.3367496051405748        -2327.566545609353      
    2205.043644440198     
 dudt=    635709.7246695022     
 ---------------------
 rk4
 istep=     19000001
 grad_b=  -0.5731790797977607        0.1424962171758981      
   0.2865688824038534     
 bsub=  -6.7062221831710248E-002  -2.2293424111100319E-002 
    1.612449784308276     
 bsup=    0.000000000000000        -1.212327463367040      
   0.9548974894851896     
 b_abs=    1.251859888385180     
 g=  -1.6400097882285570E-002
 j=    0.000000000000000        -740.2930153369502      
    470.2562471870081     
 v_perp_2=    11511208.21592441     
 b_n=   2.4486151358389619E-004   -1.211389119455805      
   0.9549206595595362     
 b_para_n=    1.251859904940919     
 dxdt=   0.9401998478728608        -2463.266243757202      
    1943.134311325309     
 dudt=   -370540.1832347088     
 ---------------------
 rk4
 istep=     20000001
 grad_b=  -0.1216197347384159       -0.1752323460040787      
   0.1212942572593406     
 bsub=   2.4089259805859624E-002  -4.3233665342978581E-002 
    1.241620458031346     
 bsup=    0.000000000000000       -0.3714750139758261      
   0.9176437640958278     
 b_abs=    1.075015796174295     
 g=  -1.9909411545365199E-002
 j=    0.000000000000000        -244.2971330867349      
   -182.6404247174052     
 v_perp_2=    9885074.941275375     
 b_n=  -2.7501600708568002E-004  -0.3712756493663996      
   0.9176560356904431     
 b_para_n=    1.075015789167957     
 dxdt=   -1.172625996163982        -983.5168707900133      
    2431.704947148416     
 dudt=   -754426.4422097056     
 ---------------------
 rk4
 istep=     21000001
 grad_b=  -0.4220204879022019       -8.1683244784079095E-002 
  -8.8293838107783823E-002
 bsub=   4.4260682521117811E-002  -3.9829184947034274E-002 
   0.8873043694945331     
 bsup=    0.000000000000000       -0.2612808125786927      
    1.155663627850100     
 b_abs=    1.017649550906835     
 g=  -9.2790458924661076E-003
 j=    0.000000000000000         30.30412497966933      
    66.74512476912898     
 v_perp_2=    9357574.705745857     
 b_n=  -2.4321871701524128E-004  -0.2600948668943824      
    1.155728997166107     
 b_para_n=    1.017649553071931     
 dxdt=   -1.082990783890383        -749.5109419916007      
    3338.788265130414     
 dudt=    364575.4968791798     
 ---------------------
 rk4
 istep=     22000001
 grad_b=  -0.8529674793454123        8.6117276141408766E-002 
  -7.7789543136787015E-002
 bsub=  -1.1320762335196034E-002  -5.7622613987846030E-002 
    1.132804782152766     
 bsup=    0.000000000000000       -0.5934988829041761      
   0.8915306989871056     
 b_abs=    1.022037394901433     
 g=  -2.0318131270114240E-002
 j=    0.000000000000000         894.6078867739881      
    467.0340921642696     
 v_perp_2=    9397920.235311868     
 b_n=   1.3455446535267247E-004  -0.5921006662119455      
   0.8916031829452081     
 b_para_n=    1.022037412527516     
 dxdt=   0.5970563036313594        -1696.953400032690      
    2558.738067910754     
 dudt=    541900.4680176706     
 ---------------------
 rk4
 istep=     23000001
 grad_b=   0.2640808839062716       -9.9993680094286178E-002 
  -0.1618536196344091     
 bsub=   5.6319117072367045E-002   0.1346404728729443      
    1.997849140697708     
 bsup=    0.000000000000000        -1.364985869869273      
    1.063275810107227     
 b_abs=    1.392685563375286     
 g=  -1.0190780699520998E-002
 j=    0.000000000000000        -348.7664521511578      
    101.6151836855556     
 v_perp_2=    12806132.68056859     
 b_n=  -2.1468417297081612E-004   -1.365633269324461      
    1.063325493712960     
 b_para_n=    1.392685565785856     
 dxdt=  -0.7844128891947637        -2236.043143879173      
    1740.137604649463     
 dudt=    117542.2047961612     
 ---------------------
 rk4
 istep=     24000001
 grad_b=   -1.083320099823146        4.6475416818465044E-003 
   8.4159036582509977E-002
 bsub=  -3.2998212552851937E-004  -7.9439843073027261E-002 
    1.072708592265293     
 bsup=    0.000000000000000       -0.6182665468782844      
   0.8999305136232065     
 b_abs=    1.007035439290731     
 g=  -1.8618988057607262E-002
 j=    0.000000000000000         686.9690426072467      
   -600.7413713140522     
 v_perp_2=    9259971.281829473     
 b_n=   1.9116869239054506E-005  -0.6163630967750685      
   0.9000714550773765     
 b_para_n=    1.007035412502371     
 dxdt=   8.5851404939804754E-002   -1806.497052075383      
    2642.559080988144     
 dudt=   -332661.2150937876     
 ---------------------
 rk4
 istep=     25000001
 grad_b=   0.3032184824064684       -3.2546077253452557E-003 
   0.1219830162053284     
 bsub=  -1.8860101973002169E-002   4.2007300605149969E-002 
    1.052586704219237     
 bsup=    0.000000000000000        0.3564616083939511      
    1.071644552785022     
 b_abs=    1.069001439729482     
 g=  -1.2511125086969849E-002
 j=    0.000000000000000        -957.0379684356393      
   -114.6780181061312     
 v_perp_2=    9829763.639895553     
 b_n=  -1.7882307012209467E-005   0.3557892275438225      
    1.071671060801853     
 b_para_n=    1.069001434438295     
 dxdt=  -7.6578259653022632E-002    950.2499071578793      
    2865.543388539962     
 dudt=   -557230.4527391501     
 ---------------------
 rk4
 istep=     26000001
 grad_b=   0.6276550069784594       -5.7864671544988762E-002 
  -0.1584479788778682     
 bsub=   6.4040713044435579E-004   0.1313587950005547      
    1.584382326311583     
 bsup=    0.000000000000000       -0.6806269828035659      
    1.108272963627293     
 b_abs=    1.291328808354431     
 g=  -7.8297107208332509E-003
 j=    0.000000000000000         211.1261929087635      
   -74.91638473382349     
 v_perp_2=    11874124.10868337     
 b_n=  -1.4054015615307558E-004  -0.6825993385349628      
    1.108436544083086     
 b_para_n=    1.291328806579502     
 dxdt=  -0.5304356144419710        -1311.981256649342      
    2124.810512125500     
 dudt=    484994.5989050281     
 ---------------------
 rk4
 istep=     27000001
 grad_b=  -0.4799391396741801        1.0635442304062574E-002 
  -7.0656035505945562E-003
 bsub=  -4.3014932534937858E-003  -0.2466993439944396      
    1.516254992181048     
 bsup=    0.000000000000000        -1.263305350027671      
   0.9001639206257784     
 b_abs=    1.294882441269147     
 g=  -1.6662229207590033E-002
 j=    0.000000000000000         732.4372593154631      
    73.78122603510650     
 v_perp_2=    11906798.53300013     
 b_n=   1.3294553439469299E-005   -1.262632661842306      
   0.9002734056376102     
 b_para_n=    1.294882439937199     
 dxdt=   5.0105473748530929E-002   -2405.710288905434      
    1716.399774810245     
 dudt=    70288.14345743445     
 ---------------------
 rk4
 istep=     28000001
 grad_b=   0.6963992857411382        4.0650628084768443E-002 
   0.1753198860928258     
 bsub=   3.0496371089504048E-002   0.1387542842689954      
    1.676099921791061     
 bsup=    0.000000000000000       -0.6876686096851785      
    1.088432793343751     
 b_abs=    1.314931206300380     
 g=  -8.6508704494596533E-003
 j=    0.000000000000000        -789.8952753949666      
    164.9343747693226     
 v_perp_2=    12091150.04101960     
 b_n=   7.4479496848432178E-005  -0.6896439893377266      
    1.088594970482911     
 b_para_n=    1.314931209384031     
 dxdt=   0.2785549048394264        -1278.628214124376      
    2012.708877614469     
 dudt=   -569471.2278972854     
 ---------------------
 rk4
 istep=     29000001
 grad_b=   0.1956743236981589       -2.5526470761961892E-002 
  -0.1072007155024768     
 bsub=   3.1740962436973684E-002   2.7314706144124852E-002 
    1.008549492201201     
 bsup=    0.000000000000000        0.1781102485371123      
    1.102874187818380     
 b_abs=    1.057372363807845     
 g=  -1.2174742684449288E-002
 j=    0.000000000000000        -66.52405872198565      
   -65.52678617736285     
 v_perp_2=    9722825.510640332     
 b_n=  -5.0451235682228631E-005   0.1776663543846266      
    1.102887795261827     
 b_para_n=    1.057372361510705     
 dxdt=  -0.2178971595674433         482.7035960762228      
    3000.872747056281     
 dudt=    533848.8582270178     
 ---------------------
 Elapsed time (seconds):     153.1598140000000     

real	2m33.170s
user	2m32.769s
sys	0m0.017s
>>> [PID 3634097] DONE  u=3000, v_perp=-3000, out=gc_grid/dat154.dat
