>>> [PID 3631436] START u=9000, v_perp=-4000, out=gc_grid/dat145.dat, dt=2e-09, steps=30000000
 outer boundary:   8.3000000000000462E-002
 rk4
 istep=            1
 grad_b=  -0.5028817206551097        4.9313032027447079E-003 
  -7.9819458593256981E-003
 bsub=   8.6925596818396567E-003   4.2252241175505412E-002 
    1.020727454084763     
 bsup=    0.000000000000000        0.5003021818383970      
   0.9181486810432615     
 b_abs=   0.9787596076125173     
 g=  -1.6418785708183253E-002
 j=    0.000000000000000         576.0999588040926      
    59.08626056438848     
 v_perp_2=    15999998.53828314     
 b_n=   3.2150113430945960E-005   0.5033745453799187      
   0.9180212391111660     
 b_para_n=   0.9787596180678154     
 dxdt=   0.3248283807053346         4631.476200593105      
    8441.375988513561     
 dudt=    40598.09291927382     
 ---------------------
 rk4
 istep=      1000001
 grad_b=   0.2738403137613957       -0.1116331264596467      
  -0.2254470032054777     
 bsub=   5.6866489642675919E-002   0.1087209899442413      
    1.920407255771372     
 bsup=    0.000000000000000        -1.512395295540499      
    1.052333322416219     
 b_abs=    1.362066610818985     
 g=  -1.0289906513124780E-002
 j=    0.000000000000000         343.5670299410456      
   -148.0149806527239     
 v_perp_2=    22265967.77740488     
 b_n=  -8.9950672103534266E-004   -1.514947373147567      
    1.052504429660181     
 b_para_n=    1.362066595694416     
 dxdt=   -6.559538273123320        -9617.614960013543      
    6680.289998157221     
 dudt=    410532.2881125174     
 ---------------------
 rk4
 istep=      2000001
 grad_b=  -0.1227050734126096       -3.1413816027882138E-002 
  -7.1255297649952559E-002
 bsub=   3.9983862172021489E-002  -1.4415626011854504E-002 
   0.9325040011789796     
 bsup=    0.000000000000000        1.1879314654776207E-002 
    1.110242082652950     
 b_abs=    1.017007135667238     
 g=  -1.2573738803920761E-002
 j=    0.000000000000000        -262.7433398436464      
    136.4664170790754     
 v_perp_2=    16625187.79824123     
 b_n=  -2.1866696452415326E-004   1.2683933475665619E-002 
    1.110263913572928     
 b_para_n=    1.017007150599734     
 dxdt=   -2.126969161718461         112.5459918373992      
    9787.304180871724     
 dudt=    638804.2596209083     
 ---------------------
 rk4
 istep=      3000001
 grad_b=  -0.5237976397327566        5.3249001684150470E-002 
  -4.5765089399604074E-002
 bsub=   6.9934565562954579E-003  -0.2365557567660440      
    1.521736860646742     
 bsup=    0.000000000000000        -1.260336163561616      
   0.9023908873142462     
 b_abs=    1.292863641893025     
 g=  -1.6647710477951341E-002
 j=    0.000000000000000         633.5005893328741      
   -85.51012805303949     
 v_perp_2=    21134625.07308188     
 b_n=   2.2989320864462485E-004   -1.257727030181685      
   0.9027954073016187     
 b_para_n=    1.292863622712833     
 dxdt=    1.764532648965962        -8470.908206024324      
    6082.547855492516     
 dudt=    685373.8266807287     
 ---------------------
 rk4
 istep=      4000001
 grad_b=   4.3501668665517967E-002   3.9641829550463220E-002 
   9.3428430832796561E-002
 bsub=  -3.9466255798133183E-002   5.1929485873514897E-003 
   0.9643389533241729     
 bsup=    0.000000000000000        8.4002313647980165E-002 
    1.117182622317186     
 b_abs=    1.038117614309300     
 g=  -1.1975453832727318E-002
 j=    0.000000000000000         386.2957885222519      
   -15.51853120492493     
 v_perp_2=    16970226.37560863     
 b_n=   2.7369913784685478E-004   8.3671409123995066E-002 
    1.117195604041305     
 b_para_n=    1.038117612895089     
 dxdt=    2.608659042986440         720.7325783740340      
    9627.399374458078     
 dudt=   -848020.1278863166     
 ---------------------
 rk4
 istep=      5000001
 grad_b=   0.1359516434461546        0.1164605515534309      
   0.1946114367403506     
 bsub=  -6.5948169436575582E-002   0.1048001044377101      
    1.927590237431369     
 bsup=    0.000000000000000        -1.345761216832561      
    1.048406789715062     
 b_abs=    1.370808077719536     
 g=  -1.1359286212064491E-002
 j=    0.000000000000000         451.9480180664403      
   -264.7516701578202     
 v_perp_2=    22408719.92733179     
 b_n=   8.6390113077792054E-004   -1.346924770245749      
    1.048499586860145     
 b_para_n=    1.370808049745928     
 dxdt=    6.260493371581582        -8487.251587293458      
    6606.043401838738     
 dudt=   -282052.6120727833     
 ---------------------
 rk4
 istep=      6000001
 grad_b=  -0.4949022974978911       -1.7383492420950154E-002 
   3.4375786475740744E-002
 bsub=  -5.9907879475784211E-003   4.2279234266259597E-002 
    1.016809150511206     
 bsup=    0.000000000000000        0.7442078277555689      
   0.9171443503582781     
 b_abs=   0.9818612214736564     
 g=  -1.5218808568734192E-002
 j=    0.000000000000000         60.95121627867331      
    165.3331078521687     
 v_perp_2=    16050547.21338871     
 b_n=  -1.2272032629895895E-004   0.7474348699485835      
   0.9170094661451799     
 b_para_n=   0.9818612424156989     
 dxdt=   -1.236021636363413         6851.979399516460      
    8402.805793335352     
 dudt=   -154758.1446507943     
 ---------------------
 rk4
 istep=      7000001
 grad_b=   0.2548886134668870       -8.5794432745031818E-002 
  -0.1098442281615532     
 bsub=   6.1776177279233520E-002   0.1415271201574264      
    2.012746443566503     
 bsup=    0.000000000000000        -1.255953449836972      
    1.064203181851258     
 b_abs=    1.401265343728204     
 g=  -1.0353951452224243E-002
 j=    0.000000000000000        -525.5869735106353      
    205.1429064635033     
 v_perp_2=    22906537.59320633     
 b_n=  -6.9601172855015365E-004   -1.258255918381621      
    1.064386456811071     
 b_para_n=    1.401265363237179     
 dxdt=   -4.936392116261616        -7731.457365448454      
    6538.535048957176     
 dudt=    53329.33863295086     
 ---------------------
 rk4
 istep=      8000001
 grad_b=   0.2554186424089085       -3.5622851718158328E-002 
  -0.1119577841920670     
 bsub=   3.3035731725972836E-002   3.0836137612274595E-002 
    1.023130498896965     
 bsup=    0.000000000000000        0.1324731925890110      
    1.114517407258366     
 b_abs=    1.070091103782988     
 g=  -1.1420434699053007E-002
 j=    0.000000000000000        -398.0326286620248      
    182.5486291132347     
 v_perp_2=    17492792.91282150     
 b_n=  -2.3535141767084855E-004   0.1305827097922126      
    1.114582002448502     
 b_para_n=    1.070091121646082     
 dxdt=   -2.176834155577798         1086.365501720661      
    9287.466968658686     
 dudt=    989125.7059984385     
 ---------------------
 rk4
 istep=      9000001
 grad_b=  -0.6965975966945053       -0.1300975964746750      
   0.1168828639353822     
 bsub=  -1.5992996740397246E-002  -0.2145596020632326      
    1.488276149479923     
 bsup=    0.000000000000000        -1.155771968876866      
   0.8931921476282815     
 b_abs=    1.255824199642466     
 g=  -1.7491951658963278E-002
 j=    0.000000000000000        0.9396554535857149      
   -300.0281268512461     
 v_perp_2=    20528939.11044169     
 b_n=  -5.5893234192611258E-004   -1.152340099560252      
   0.8936808745472002     
 b_para_n=    1.255824167078396     
 dxdt=   -4.414471729223362        -8020.967420170089      
    6223.490985009949     
 dudt=   -1658105.917183014     
 ---------------------
 rk4
 istep=     10000001
 grad_b=  -0.3217098238637823        2.2501659763317076E-002 
   4.4693274022516993E-002
 bsub=  -3.6105726191378501E-002  -4.1677128022526155E-002 
   0.9002881252267986     
 bsup=    0.000000000000000       -0.1506793709687180      
    1.100355592654401     
 b_abs=   0.9988026245955502     
 g=  -1.3003199189690970E-002
 j=    0.000000000000000         177.0158138201616      
   -228.5760259189358     
 v_perp_2=    16327383.00522779     
 b_n=   1.6023157163461230E-004  -0.1485930857177200      
    1.100458571303390     
 b_para_n=   0.9988025993654271     
 dxdt=    1.586703670827307        -1334.333928137859      
    9896.034938904048     
 dudt=   -374695.2301034542     
 ---------------------
 rk4
 istep=     11000001
 grad_b=   0.1246693847664162        0.1389077069003461      
   0.2726376910811578     
 bsub=  -6.1270593184535468E-002   6.1450785310014383E-002 
    1.762670639759056     
 bsup=    0.000000000000000        -1.485975065561814      
    1.023355776318153     
 b_abs=    1.308601645729609     
 g=  -1.1609572592767663E-002
 j=    0.000000000000000         1048.048057886245      
   -522.5436942530223     
 v_perp_2=    21391621.50169923     
 b_n=   1.0436754982976035E-003   -1.487056906295843      
    1.023429727595823     
 b_para_n=    1.308601588543652     
 dxdt=    7.915984224859281        -9882.112739928456      
    6800.486593433175     
 dudt=   -453405.7775919989     
 ---------------------
 rk4
 istep=     12000001
 grad_b=  -0.4149266584888186       -1.7588661168457032E-002 
   2.4103785700047925E-002
 bsub=  -2.2170314105663610E-002   2.7294105186844671E-002 
    1.010316173004733     
 bsup=    0.000000000000000        0.1141160542506648      
   0.9537789641375978     
 b_abs=   0.9831087358372688     
 g=  -1.6855879399074278E-002
 j=    0.000000000000000        -876.2413739070744      
    55.53016060120363     
 v_perp_2=    16070786.03792093     
 b_n=  -1.0645664115604937E-004   0.1165345776567118      
   0.9537112944919529     
 b_para_n=   0.9831087397757934     
 dxdt=   -1.070867629027574         1068.562534642557      
    8726.999882738450     
 dudt=   -174446.3153649502     
 ---------------------
 rk4
 istep=     13000001
 grad_b=   0.4509987350301696       -2.7262845635410614E-002 
   6.0557056475951554E-002
 bsub=   6.5426301747929572E-002   0.1572263744058308      
    1.986017747083848     
 bsup=    0.000000000000000        -1.020273695558616      
    1.068810741152908     
 b_abs=    1.400795147313577     
 g=  -1.0201224093556548E-002
 j=    0.000000000000000         72.17849980873626      
   -108.0579068257766     
 v_perp_2=    22898630.85492683     
 b_n=  -2.8642653317531038E-004   -1.024285506663924      
    1.069137770417384     
 b_para_n=    1.400795135591226     
 dxdt=   -2.032118114596997        -6298.284274295762      
    6570.413303632718     
 dudt=   -539954.9371093168     
 ---------------------
 rk4
 istep=     14000001
 grad_b=   0.6190329304383072       -3.1133967608433795E-002 
  -0.1477218234633915     
 bsub=   1.3083480161815965E-002   6.2413953712636090E-002 
    1.157860918202053     
 bsup=    0.000000000000000        9.4408007061237531E-002 
    1.115231783290600     
 b_abs=    1.139182653842294     
 g=  -9.6851817542489352E-003
 j=    0.000000000000000         866.1932372134529      
   -172.8511587359041     
 v_perp_2=    18622054.87231607     
 b_n=  -1.9769775609133910E-004   8.9112211207742889E-002 
    1.115519471736321     
 b_para_n=    1.139182640741653     
 dxdt=   -1.718923432915939         687.6442179292762      
    8669.499778018557     
 dudt=    1203100.390334958     
 ---------------------
 rk4
 istep=     15000001
 grad_b=   -1.019521500796134       -0.1301173104114041      
   0.1415840180350605     
 bsub=  -1.9172483995666571E-002  -0.1479247961174709      
    1.368641079848427     
 bsup=    0.000000000000000       -0.8926036339545457      
   0.8746342924827191     
 b_abs=    1.152797797588017     
 g=  -1.9655169850560938E-002
 j=    0.000000000000000         131.9800174905027      
    247.7271375572072     
 v_perp_2=    18844588.57061020     
 b_n=  -5.5639077193082940E-004  -0.8876726418752049      
   0.8751594709455168     
 b_para_n=    1.152797825531871     
 dxdt=   -4.781241247152144        -6802.808902836713      
    6711.892502433234     
 dudt=   -1701450.715558460     
 ---------------------
 rk4
 istep=     16000001
 grad_b=  -0.6333826557948219        1.3620016745862704E-003 
   4.2006576707027954E-003
 bsub=  -2.0728443888254164E-002  -7.3278394166117838E-002 
   0.9089413097922538     
 bsup=    0.000000000000000       -0.3893949511088612      
    1.035707662816004     
 b_abs=   0.9846143700792004     
 g=  -1.4768014375406917E-002
 j=    0.000000000000000        -372.3659901847732      
    214.7470425322938     
 v_perp_2=    16095292.85653031     
 b_n=   1.0159710593434323E-005  -0.3856117445661387      
    1.036012924124931     
 b_para_n=   0.9846143972154328     
 dxdt=   0.1020435833234783        -3519.224127772340      
    9464.520450592412     
 dudt=   -31712.72821163230     
 ---------------------
 rk4
 istep=     17000001
 grad_b=  -0.1342727851508492        0.1651930579220907      
   0.3056708209713157     
 bsub=  -5.8856499254275788E-002   1.0478846255697009E-002 
    1.519450111959709     
 bsup=    0.000000000000000        -1.318471917931740      
   0.9863050282148994     
 b_abs=    1.218330694229620     
 g=  -1.2245421333117078E-002
 j=    0.000000000000000        -18.27694232700264      
   -274.7860945009010     
 v_perp_2=    19915778.78265017     
 b_n=   1.2522053115952335E-003   -1.317531853890603      
   0.9863470237108038     
 b_para_n=    1.218330661747900     
 dxdt=    10.18959650832301        -9493.769049530832      
    7108.037312409278     
 dudt=   -561396.7673663168     
 ---------------------
 rk4
 istep=     18000001
 grad_b=  -0.5675976399261029        5.7644555908648448E-003 
  -9.5515196074132808E-003
 bsub=  -2.7992180785220207E-002  -1.0386457200972372E-002 
    1.009285290835322     
 bsup=    0.000000000000000       -0.2560993956062918      
   0.9520183282205793     
 b_abs=   0.9814884361363175     
 g=  -1.8314633624829497E-002
 j=    0.000000000000000         720.4695775377627      
   -234.7071710921427     
 v_perp_2=    16044144.93704502     
 b_n=   3.0510888771984165E-005  -0.2530415085300944      
   0.9520506136698652     
 b_para_n=   0.9814884061303761     
 dxdt=   0.3074169761783477        -2316.916437437475      
    8727.712992772060     
 dudt=    88017.80959939882     
 ---------------------
 rk4
 istep=     19000001
 grad_b=   0.6983275487850823        1.7373467725757426E-002 
   0.1708313577005877     
 bsub=   6.0809333754736149E-002   0.1428920142268253      
    1.838205207943340     
 bsup=    0.000000000000000       -0.8653848232011253      
    1.069188782524220     
 b_abs=    1.356865489685031     
 g=  -9.8334453228659073E-003
 j=    0.000000000000000        -35.66306812033420      
    313.3782212922184     
 v_perp_2=    22180304.72572840     
 b_n=   3.7615256373884197E-005  -0.8717491081199651      
    1.069682288895810     
 b_para_n=    1.356865524950076     
 dxdt=   0.2753354371601822        -5563.298714048484      
    6819.549106522357     
 dudt=   -1009669.663982836     
 ---------------------
 rk4
 istep=     20000001
 grad_b=   0.7974383819729999       -2.6956539645577378E-002 
  -0.1600869031873243     
 bsub=  -8.9532066902654507E-003   8.4268803043638249E-002 
    1.331372632212232     
 bsup=    0.000000000000000       -0.1602840789448698      
    1.113729945398091     
 b_abs=    1.211769651939560     
 g=  -8.5199768781468316E-003
 j=    0.000000000000000        -537.1030212373304      
    399.8318722941232     
 v_perp_2=    19808434.18039725     
 b_n=  -1.6456172961287492E-004  -0.1680736886810939      
    1.114221914470612     
 b_para_n=    1.211769690251775     
 dxdt=   -1.346235575107918        -1225.856043643806      
    8079.065646184416     
 dudt=    1173444.181126079     
 ---------------------
 rk4
 istep=     21000001
 grad_b=   -1.135513035181476       -8.3544634226942957E-002 
   0.1218400781044440     
 bsub=  -6.5752444072035132E-003  -9.0446285487155248E-002 
    1.216348474855508     
 bsup=    0.000000000000000       -0.7323049175363789      
   0.8770460486163805     
 b_abs=    1.064434976019273     
 g=  -2.0127099269187536E-002
 j=    0.000000000000000        -1062.599743502177      
    304.0013251046043     
 v_perp_2=    17399970.68397878     
 b_n=  -3.7081638897651766E-004  -0.7266552520911008      
   0.8774641889695544     
 b_para_n=    1.064435024247184     
 dxdt=   -3.447813873224604        -6085.505539310523      
    7355.115140393877     
 dudt=   -1290299.336275460     
 ---------------------
 rk4
 istep=     22000001
 grad_b=  -0.9334646530214569       -1.9912258035155006E-002 
  -5.2054761614946370E-002
 bsub=  -2.2035993184187815E-003  -8.5518407524619477E-002 
   0.9917339135117034     
 bsup=    0.000000000000000       -0.4991058074587109      
   0.9524392279540544     
 b_abs=   0.9937715826368236     
 g=  -1.6581356813016587E-002
 j=    0.000000000000000         938.4944421665726      
    222.6900689745219     
 v_perp_2=    16244827.32128854     
 b_n=  -1.3892845900723307E-004  -0.4937903047018316      
   0.9528972983047717     
 b_para_n=   0.9937715994548503     
 dxdt=   -1.382648360283476        -4460.367960882424      
    8617.190346274867     
 dudt=    326026.7876731885     
 ---------------------
 rk4
 istep=     23000001
 grad_b=  -0.6212069489964476        0.1543326368003148      
   0.2492416650389835     
 bsub=  -4.9701085311515313E-002  -4.5829061397667570E-002 
    1.253573741820118     
 bsup=    0.000000000000000       -0.8882990646234181      
   0.9483788222700107     
 b_abs=    1.109029980969097     
 g=  -1.3540509300902847E-002
 j=    0.000000000000000         1137.772927714811      
   -676.6210003056121     
 v_perp_2=    18128892.57201166     
 b_n=   1.1430211435871753E-003  -0.8840237495965717      
   0.9485803646886977     
 b_para_n=    1.109029895504950     
 dxdt=    10.20508155373090        -7075.191559978521      
    7596.271088785137     
 dudt=   -731685.6641889598     
 ---------------------
 rk4
 istep=     24000001
 grad_b=  -0.8362873024228547        4.0902498843847661E-002 
  -5.2654578174575729E-002
 bsub=  -1.7403401396811791E-002  -4.5371657833281745E-002 
    1.069665251929750     
 bsup=    0.000000000000000       -0.5172931276241333      
   0.9126272904300817     
 b_abs=   0.9999882631286270     
 g=  -1.9513854077901023E-002
 j=    0.000000000000000        -439.2863818929102      
   -27.22657982071854     
 v_perp_2=    16346400.29275704     
 b_n=   1.9915307101285405E-004  -0.5129817281479876      
   0.9128134049149732     
 b_para_n=   0.9999882620433349     
 dxdt=    1.969809799341461        -4603.083173491629      
    8198.000831416517     
 dudt=    565702.3055845002     
 ---------------------
 rk4
 istep=     25000001
 grad_b=   0.7565649057542434        1.7612127750156754E-002 
   0.1696468484056693     
 bsub=   4.6025496760777496E-002   0.1112848537875157      
    1.619075315828368     
 bsup=    0.000000000000000       -0.6311613876218325      
    1.076885918455330     
 b_abs=    1.293688285915542     
 g=  -9.2010385754264477E-003
 j=    0.000000000000000        -1297.706376537765      
    304.8790656147171     
 v_perp_2=    21147362.01579347     
 b_n=   5.7015517905497753E-005  -0.6383629813130556      
    1.077379308127682     
 b_para_n=    1.293688309805501     
 dxdt=   0.4373448297070841        -4304.332430771455      
    7253.573950856455     
 dudt=   -1083972.164442825     
 ---------------------
 rk4
 istep=     26000001
 grad_b=   0.7555638348072006       -2.9657160367245521E-002 
  -0.1630762514269265     
 bsub=  -2.6596703629401249E-002   0.1141414651859564      
    1.548237972499062     
 bsup=    0.000000000000000       -0.5431219022875051      
    1.095655738949179     
 b_abs=    1.278647167374015     
 g=  -8.5642418839288990E-003
 j=    0.000000000000000         140.7538777528836      
   -43.76916351826861     
 v_perp_2=    20901460.69702119     
 b_n=  -1.7794995942709541E-004  -0.5507179751552078      
    1.096212687805145     
 b_para_n=    1.278647163747604     
 dxdt=   -1.380773717296980        -3764.337603338248      
    7479.327780797837     
 dudt=    1039156.497720257     
 ---------------------
 rk4
 istep=     27000001
 grad_b=  -0.9621720738245265       -3.3415957063910297E-002 
   6.4181240045228294E-002
 bsub=   1.1894359389818549E-002  -5.8925775273095088E-002 
    1.078872584721962     
 bsup=    0.000000000000000       -0.5735566095571516      
   0.9072906433021540     
 b_abs=    1.006370751215690     
 g=  -1.9356166829915318E-002
 j=    0.000000000000000         943.8214856263811      
   -490.7697712089944     
 v_perp_2=    16450656.35806065     
 b_n=  -1.5455606310852421E-004  -0.5685810276410476      
   0.9075640395998011     
 b_para_n=    1.006370683053032     
 dxdt=   -1.519099033400488        -5066.139460375875      
    8094.008718840490     
 dudt=   -628580.1759646138     
 ---------------------
 rk4
 istep=     28000001
 grad_b=   -1.146421022585244       -4.9606433207605063E-002 
  -0.1408374674876646     
 bsub=   1.8303334567632043E-002  -8.3730415448616022E-002 
    1.123425358120677     
 bsup=    0.000000000000000       -0.7144125952127043      
   0.8957208692214186     
 b_abs=    1.032457720310785     
 g=  -1.7459238582719847E-002
 j=    0.000000000000000        -934.6629727614322      
    573.4345817020057     
 v_perp_2=    16877054.29225934     
 b_n=  -3.3974035140864990E-004  -0.7079453979216628      
   0.8962084867008193     
 b_para_n=    1.032457800066241     
 dxdt=   -3.255676628212786        -6131.798263094371      
    7770.341012989119     
 dudt=    718101.0237657251     
 ---------------------
 rk4
 istep=     29000001
 grad_b=  -0.9297416625459640        8.8788500022448272E-002 
   0.1280891300008618     
 bsub=  -2.8006803099800727E-002  -8.6611718545989536E-002 
    1.046230621325077     
 bsup=    0.000000000000000       -0.5655682810115132      
   0.9515687173412745     
 b_abs=    1.021519679968293     
 g=  -1.4427493946845482E-002
 j=    0.000000000000000        -617.5721968933268      
    412.4484387184777     
 v_perp_2=    16698235.99834045     
 b_n=   6.4752232958978611E-004  -0.5595335966827000      
   0.9520856830398584     
 b_para_n=    1.021519734723033     
 dxdt=    6.270879506760295        -4902.918481687941      
    8352.497055083100     
 dudt=   -573431.8983353836     
 ---------------------
 Elapsed time (seconds):     153.6965420000000     

real	2m33.706s
user	2m33.376s
sys	0m0.016s
>>> [PID 3631436] DONE  u=9000, v_perp=-4000, out=gc_grid/dat145.dat
