>>> [PID 3640110] START u=500, v_perp=-2000, out=gc_grid/dat170.dat, dt=2e-09, steps=30000000
 outer boundary:   8.3000000000000462E-002
 rk4
 istep=            1
 grad_b=  -0.5028826194244302        4.9321697746691762E-003 
  -7.9837805494574199E-003
 bsub=   8.6923228166069996E-003   4.2252374567177786E-002 
    1.020726933181231     
 bsup=    0.000000000000000        0.5003191090859030      
   0.9181485233746085     
 b_abs=   0.9787596920611572     
 g=  -1.6418699921323086E-002
 j=    0.000000000000000         576.0999558406311      
    59.09903089625772     
 v_perp_2=    3999999.979695944     
 b_n=   1.7864459377307157E-006   0.5004897970303707      
   0.9181414431943042     
 b_para_n=   0.9787596926420967     
 dxdt=   8.2134629432713754E-003    256.3730881417534      
    469.0042115366726     
 dudt=    10151.95636057597     
 ---------------------
 rk4
 istep=      1000001
 grad_b=  -0.4881262202336811       -9.1827975483703278E-002 
   7.2995510870934505E-002
 bsub=   1.7771216126884825E-002  -1.7917132986813057E-003 
    1.114587638691306     
 bsup=    0.000000000000000       -0.2129448417766534      
   0.9102838010428789     
 b_abs=    1.007332495075007     
 g=  -1.9973674493344109E-002
 j=    0.000000000000000         504.6771431848441      
    105.9339638776904     
 v_perp_2=    4116771.450693141     
 b_n=  -1.9258627418853319E-005  -0.2128420916886334      
   0.9102842737792081     
 b_para_n=    1.007332495629084     
 dxdt=  -0.1147936679473458        -76.54768388895118      
    329.8422817452765     
 dudt=   -174455.3000048467     
 ---------------------
 rk4
 istep=      2000001
 grad_b=  -0.4485120467575161       -0.1350037933181905      
   9.3379043061953493E-002
 bsub=   1.8588079579104775E-002  -2.9922415781171559E-002 
    1.169546799687247     
 bsup=    0.000000000000000       -0.3853233210265417      
   0.9058716846956336     
 b_abs=    1.034771528151386     
 g=  -2.0500762610112085E-002
 j=    0.000000000000000        -525.8050267255538      
   -161.3110543957501     
 v_perp_2=    4228909.423737544     
 b_n=   1.0734727866067861E-005  -0.3853597457721228      
   0.9058705824436332     
 b_para_n=    1.034771528459723     
 dxdt=  -0.1525496259901452         54.59619139774777      
   -127.1197153483617     
 dudt=   -269768.0389284498     
 ---------------------
 rk4
 istep=      3000001
 grad_b=  -0.4659205675477319       -3.1119425025255179E-002 
   3.2169207914955034E-002
 bsub=   1.5149000964059911E-002   2.9314009044436977E-002 
    1.049501491730245     
 bsup=    0.000000000000000        0.1106680058469220      
   0.9200246340709103     
 b_abs=   0.9842856038103137     
 g=  -1.8431184116171229E-002
 j=    0.000000000000000        -592.7115610630264      
    425.2553704263941     
 v_perp_2=    4022583.292071169     
 b_n=   9.3883386641056013E-006   0.1105312557437174      
   0.9200283155690494     
 b_para_n=   0.9842856010346743     
 dxdt=  -4.4776893616426089E-002   -52.96595411355289      
   -445.7656779456419     
 dudt=   -54293.35193887458     
 ---------------------
 rk4
 istep=      4000001
 grad_b=  -0.4383905329743149        3.2500885894121340E-002 
  -5.7180999790135495E-002
 bsub=   3.1004810918610366E-003   4.0451726019701983E-002 
    1.022025443532386     
 bsup=    0.000000000000000        0.9361956020729045      
   0.9173368298087754     
 b_abs=   0.9876604542863048     
 g=  -1.4434071196614712E-002
 j=    0.000000000000000         48.65530919329387      
    2.283394790376718     
 v_perp_2=    4036375.647090424     
 b_n=  -1.2201421154721971E-005   0.9360417974235713      
   0.9173429543797290     
 b_para_n=   0.9876604542595085     
 dxdt=   5.9653373283485647E-002   -437.3591980617319      
   -429.3157653478198     
 dudt=    45572.47260728933     
 ---------------------
 rk4
 istep=      5000001
 grad_b=  -0.1658566674744419        0.1029372260000393      
  -0.1107988869960568     
 bsub=  -1.0590518520931833E-002   1.9077098220523434E-002 
    1.125139012935767     
 bsup=    0.000000000000000        0.2083649369510985      
   0.9244578597120011     
 b_abs=    1.021913200271166     
 g=  -1.7802192750480582E-002
 j=    0.000000000000000        -236.6648226900706      
   -219.4703241427520     
 v_perp_2=    4176359.936708747     
 b_n=  -1.8008815618173790E-005   0.2083362621190413      
   0.9244581771729525     
 b_para_n=    1.021913201130152     
 dxdt=   0.1403891629804045        -55.10735322158438      
   -245.4904230013958     
 dudt=    161927.1866249837     
 ---------------------
 rk4
 istep=      6000001
 grad_b=  -0.1054247815323648        0.1236810602911131      
  -0.1215020957232509     
 bsub=  -1.4296520136674068E-002   7.4683087388533118E-003 
    1.158152004767786     
 bsup=    0.000000000000000        6.7411729318559099E-002 
   0.9252082956569412     
 b_abs=    1.035383069736308     
 g=  -1.8301284498507903E-002
 j=    0.000000000000000        -338.4139092750980      
   -272.8207257906315     
 v_perp_2=    4231408.664737871     
 b_n=   1.0480434796445709E-005   6.7420732232377642E-002 
   0.9252083664989472     
 b_para_n=    1.035383069203756     
 dxdt=   0.1584446371264186         9.013596014135999      
    121.8421610196724     
 dudt=    205403.7831156619     
 ---------------------
 rk4
 istep=      7000001
 grad_b=  -0.3144148134158370        5.3247602946955554E-002 
  -8.0817385384903948E-002
 bsub=  -1.2973938167111856E-003   3.7624565275578184E-002 
    1.051977776914311     
 bsup=    0.000000000000000        0.7000976696270464      
   0.9193942394686891     
 b_abs=   0.9967342971138444     
 g=  -1.5585148395431063E-002
 j=    0.000000000000000        -376.2967706554459      
   -157.3172649033628     
 v_perp_2=    4073458.665859233     
 b_n=   1.6765403270831343E-005   0.7001915959775816      
   0.9193908998711724     
 b_para_n=   0.9967342961149873     
 dxdt=   8.8602492847379186E-002    295.6189714660914      
    387.5482727375644     
 dudt=    75903.86934631107     
 ---------------------
 rk4
 istep=      8000001
 grad_b=  -0.4890111067797763       -2.6159553324220375E-004 
   3.0842907836215877E-003
 bsub=   1.0610437852672218E-002   4.0729901145020224E-002 
    1.024903235109799     
 bsup=    0.000000000000000        0.3827206273545090      
   0.9194934412613294     
 b_abs=   0.9785272814319321     
 g=  -1.7005594720941528E-002
 j=    0.000000000000000         278.6540948757178      
    29.02718567035703     
 v_perp_2=    3999050.143194743     
 b_n=  -1.2672257010330132E-007   0.3828819469728098      
   0.9194870319626841     
 b_para_n=   0.9785272817146099     
 dxdt=  -5.8178394973179158E-004    196.6712742677439      
    470.6976435458898     
 dudt=   -5713.154636961953     
 ---------------------
 rk4
 istep=      9000001
 grad_b=  -0.4845135254061276       -0.1046139652958253      
   7.9847685347059966E-002
 bsub=   1.7993854734838527E-002  -1.0290500722276899E-002 
    1.130067729287207     
 bsup=    0.000000000000000       -0.2759070576786922      
   0.9081810482687079     
 b_abs=    1.014334923619234     
 g=  -2.0207244562249864E-002
 j=    0.000000000000000         86.64085667098652      
    2.716207566503044     
 v_perp_2=    4145388.989299935     
 b_n=  -1.9106466452264021E-005  -0.2758177136493965      
   0.9081821660803902     
 b_para_n=    1.014334923628235     
 dxdt=  -0.1268030333899253        -87.38425564979279      
    289.5948809257481     
 dudt=   -204232.2431517204     
 ---------------------
 rk4
 istep=     10000001
 grad_b=  -0.4616305828416307       -0.1279187098794874      
   9.0293584358423939E-002
 bsub=   1.8359210143814114E-002  -2.5760229800051083E-002 
    1.159957465309427     
 bsup=    0.000000000000000       -0.3668493261738843      
   0.9059098271996260     
 b_abs=    1.029574136657251     
 g=  -2.0468798296380458E-002
 j=    0.000000000000000        -448.6399859746444      
   -127.4785936445647     
 v_perp_2=    4207668.677203988     
 b_n=   1.4488853728995331E-005  -0.3669026092377780      
   0.9059084148807951     
 b_para_n=    1.029574137005073     
 dxdt=  -0.1467941494139033         73.84947917500030      
   -181.0189035856234     
 dudt=   -255480.8359204309     
 ---------------------
 rk4
 istep=     11000001
 grad_b=  -0.4685252275457865       -1.9503619497237473E-002 
   2.3767524826501130E-002
 bsub=   1.4215918529521320E-002   3.3657414334355797E-002 
    1.039529292439171     
 bsup=    0.000000000000000        0.1814992592476655      
   0.9210865929779758     
 b_abs=   0.9815506430314629     
 g=  -1.8034969028710480E-002
 j=    0.000000000000000        -918.9364953806148      
    313.5046810666582     
 v_perp_2=    4011406.020834606     
 b_n=   6.1978830905349638E-006   0.1813559289484392      
   0.9210911470477475     
 b_para_n=   0.9815506410654521     
 dxdt=  -2.9012240101547970E-002   -89.65070172779058      
   -458.3927028133795     
 dudt=   -38205.50430576644     
 ---------------------
 rk4
 istep=     12000001
 grad_b=  -0.3905510636668774        3.8904500985883959E-002 
  -6.6725410255014217E-002
 bsub=   2.1201311077454310E-003   3.9687248807909609E-002 
    1.029156073381827     
 bsup=    0.000000000000000        0.9168370406856188      
   0.9180436805833496     
 b_abs=   0.9904628610494326     
 g=  -1.4529414199664142E-002
 j=    0.000000000000000        -210.1466061009014      
    34.42630213931228     
 v_perp_2=    4047828.516927916     
 b_n=  -1.4087275584987677E-005   0.9167044436095305      
   0.9180488227755650     
 b_para_n=   0.9904628608862036     
 dxdt=   7.0415901752819213E-002   -415.5485367589698      
   -416.7848110286296     
 dudt=    52789.53903867552     
 ---------------------
 rk4
 istep=     13000001
 grad_b=  -0.1325398141750725        0.1102972617191656      
  -0.1161030196518701     
 bsub=  -1.1684948584127341E-002   1.5531454626689263E-002 
    1.136917883686476     
 bsup=    0.000000000000000        0.1684409351290945      
   0.9251421111338376     
 b_abs=    1.026908863324959     
 g=  -1.7914566156863036E-002
 j=    0.000000000000000        -242.7088698187106      
   -236.2263288182056     
 v_perp_2=    4196776.216177197     
 b_n=  -1.6250762364740711E-005   0.1684215114656147      
   0.9251422101671660     
 b_para_n=    1.026908864108219     
 dxdt=   0.1475886238393802        -37.66511253860748      
   -207.8410304633765     
 dudt=    176765.4541086572     
 ---------------------
 rk4
 istep=     14000001
 grad_b=  -0.1093047980471274        0.1182072453323233      
  -0.1201692081681289     
 bsub=  -1.3055457019311274E-002   1.1221431354148492E-002 
    1.149404483571903     
 bsup=    0.000000000000000        0.1160416751217284      
   0.9252962891097322     
 b_abs=    1.031929093979061     
 g=  -1.8104848915626297E-002
 j=    0.000000000000000        -250.9420028658112      
   -253.1149101163286     
 v_perp_2=    4217292.918495621     
 b_n=   1.3465694056319638E-005   0.1160541577010679      
   0.9252963196051734     
 b_para_n=    1.031929093323215     
 dxdt=   0.1545063665951966         20.48014549981534      
    162.1633901444991     
 dudt=    193018.0877967142     
 ---------------------
 rk4
 istep=     15000001
 grad_b=  -0.3387217089672168        4.6286842115529789E-002 
  -7.6082782046242414E-002
 bsub=   5.6229972196349468E-004   3.8828884932158955E-002 
    1.040604875693611     
 bsup=    0.000000000000000        0.8283157243841732      
   0.9183516035809023     
 b_abs=   0.9937326292093898     
 g=  -1.4966597878731802E-002
 j=    0.000000000000000        -538.9510323836746      
   -6.516329730471909     
 v_perp_2=    4061191.414472611     
 b_n=   1.5723180020866996E-005   0.8284241192862586      
   0.9183475503098728     
 b_para_n=   0.9937326290491095     
 dxdt=   8.0815823038703063E-002    362.7477972861932      
    401.5390394962249     
 dudt=    64836.11221581182     
 ---------------------
 rk4
 istep=     16000001
 grad_b=  -0.4755739108527340       -7.3953380095740234E-003 
   1.3004259844092814E-002
 bsub=   1.2549827560959251E-002   3.8027718148980351E-002 
    1.030505811385023     
 bsup=    0.000000000000000        0.2773284416183853      
   0.9205004752799328     
 b_abs=   0.9791411680510153     
 g=  -1.7545428553056953E-002
 j=    0.000000000000000        -467.4553985588897      
    125.1985712786427     
 v_perp_2=    4001558.958355129     
 b_n=  -2.5157454059982158E-006   0.2774804115309014      
   0.9204948986472653     
 b_para_n=   0.9791411688113320     
 dxdt=  -1.1594225410688800E-002    141.8763579608750      
    468.5614476282698     
 dudt=   -20701.31496591597     
 ---------------------
 rk4
 istep=     17000001
 grad_b=  -0.4781006941662324       -0.1165486379479423      
   8.5116664101210091E-002
 bsub=   1.8100274975179707E-002  -1.8694225817280738E-002 
    1.144897245780102     
 bsup=    0.000000000000000       -0.3307080293750698      
   0.9062946873775208     
 b_abs=    1.021537354805033     
 g=  -2.0395237980466153E-002
 j=    0.000000000000000        -252.1777957730887      
   -79.94787010925688     
 v_perp_2=    4174823.899218099     
 b_n=  -1.7768991500591865E-005  -0.3306340517583168      
   0.9062961759578921     
 b_para_n=    1.021537354505153     
 dxdt=  -0.1371963011866257        -88.19147991800874      
    243.2627453063007     
 dudt=   -231405.8045805481     
 ---------------------
 rk4
 istep=     18000001
 grad_b=  -0.4791641464380502       -0.1181546688480628      
   8.5931940568000964E-002
 bsub=   1.8171893183815062E-002  -2.0034025600154336E-002 
    1.147295150321618     
 bsup=    0.000000000000000       -0.3385806205771946      
   0.9063227825224937     
 b_abs=    1.022912289227608     
 g=  -2.0400557282686388E-002
 j=    0.000000000000000        -301.1539069075717      
   -78.52747067119361     
 v_perp_2=    4180442.984745313     
 b_n=   1.7299093043912488E-005  -0.3386518785036529      
   0.9063212644689507     
 b_para_n=    1.022912289506152     
 dxdt=  -0.1384916882232201         87.86644369371218      
   -233.6643074415696     
 dudt=   -235494.7871487305     
 ---------------------
 rk4
 istep=     19000001
 grad_b=  -0.4757350774926531       -8.7108243067633845E-003 
   1.4313035811554214E-002
 bsub=   1.3062096842105117E-002   3.7176861687867088E-002 
    1.031466859046869     
 bsup=    0.000000000000000        0.2572971444211182      
   0.9215015814820353     
 b_abs=   0.9796390787633226     
 g=  -1.7604599535154523E-002
 j=    0.000000000000000        -620.0381841809306      
    163.8816027039642     
 v_perp_2=    4003593.810617486     
 b_n=   2.9252688180413279E-006   0.2571462622687249      
   0.9215069816965317     
 b_para_n=   0.9796390777706291     
 dxdt=  -1.3524132606238059E-002   -129.6775282542458      
   -466.9592846938309     
 dudt=   -22836.58346695194     
 ---------------------
 rk4
 istep=     20000001
 grad_b=  -0.3471432469458028        4.5489908961484894E-002 
  -7.5769047558986960E-002
 bsub=   9.9588319353455940E-004   3.8763874643961277E-002 
    1.038774191342896     
 bsup=    0.000000000000000        0.8540507807580245      
   0.9190995058414020     
 b_abs=   0.9937405030520106     
 g=  -1.4807232645181117E-002
 j=    0.000000000000000        -462.5503683906291      
    23.86727613499883     
 v_perp_2=    4061223.580199159     
 b_n=  -1.5601807605892008E-005   0.8539387134110226      
   0.9191037027715535     
 b_para_n=   0.9937405030123175     
 dxdt=   8.0197590082900463E-002   -372.8327535656109      
   -401.8710571353525     
 dudt=    63309.79065917407     
 ---------------------
 rk4
 istep=     21000001
 grad_b=  -0.1053207158022310        0.1164889805282053      
  -0.1206503720827697     
 bsub=  -1.2625809766814239E-002   1.2411807021656927E-002 
    1.147243812923618     
 bsup=    0.000000000000000        0.1371966911928593      
   0.9258030795360426     
 b_abs=    1.031448738307800     
 g=  -1.7984376341327150E-002
 j=    0.000000000000000        -231.4020700844694      
   -250.2435787474784     
 v_perp_2=    4215329.778521265     
 b_n=  -1.3758273798177057E-005   0.1371842352836739      
   0.9258030634794178     
 b_para_n=    1.031448738974961     
 dxdt=   0.1534706674465175        -24.62810178670475      
   -167.1278389103592     
 dudt=    189624.0577979208     
 ---------------------
 rk4
 istep=     22000001
 grad_b=  -0.1226073302357116        0.1113703890557535      
  -0.1181383578210626     
 bsub=  -1.1541806931570187E-002   1.5477955003865729E-002 
    1.138567136066886     
 bsup=    0.000000000000000        0.1762488556587821      
   0.9252657482621147     
 b_abs=    1.027778160944378     
 g=  -1.7856222684334497E-002
 j=    0.000000000000000        -151.9474055522443      
   -251.3292532258436     
 v_perp_2=    4200328.843812807     
 b_n=   1.5900344258015873E-005   0.1762662795808960      
   0.9252656718586797     
 b_para_n=    1.027778160144146     
 dxdt=   0.1492314194129012         38.38251158038550      
    200.6400823463264     
 dudt=    178300.4464963852     
 ---------------------
 rk4
 istep=     23000001
 grad_b=  -0.3754633605169159        4.0980922035949024E-002 
  -7.0634465060207388E-002
 bsub=   2.2602468817330768E-003   3.9442476130910870E-002 
    1.030836489153003     
 bsup=    0.000000000000000        0.9234119344451430      
   0.9176592801652022     
 b_abs=   0.9910611713120966     
 g=  -1.4504802121395885E-002
 j=    0.000000000000000        -236.3642328322972      
    11.32369191446975     
 v_perp_2=    4050273.667107964     
 b_n=   1.4777785378416550E-005   0.9235388967285022      
   0.9176543898703828     
 b_para_n=   0.9910611713261540     
 dxdt=   7.4232578358466320E-002    417.0396544516982      
    413.7832260517695     
 dudt=    55620.20966043173     
 ---------------------
 rk4
 istep=     24000001
 grad_b=  -0.4684919355604546       -1.6629325961506153E-002 
   2.1022811708804101E-002
 bsub=   1.4340808759548133E-002   3.4004280282402752E-002 
    1.037833918981321     
 bsup=    0.000000000000000        0.1797696786973333      
   0.9206478142340984     
 b_abs=   0.9805251874775841     
 g=  -1.8052804964740966E-002
 j=    0.000000000000000        -987.8996012739702      
    301.2007231971057     
 v_perp_2=    4007215.155926347     
 b_n=  -5.3379425454579685E-006   0.1799141643003260      
   0.9206431557475542     
 b_para_n=   0.9805251893573736     
 dxdt=  -2.4819325383987786E-002    91.00941244283189      
    462.6208650800508     
 dudt=   -34104.78585072554     
 ---------------------
 rk4
 istep=     25000001
 grad_b=  -0.4696612703110501       -0.1269737353971293      
   8.8902671393948723E-002
 bsub=   1.8134754921965271E-002  -2.6522154662000186E-002 
    1.158183955751226     
 bsup=    0.000000000000000       -0.3763720773866600      
   0.9046612381213210     
 b_abs=    1.028349263435619     
 g=  -2.0540313157226684E-002
 j=    0.000000000000000        -462.4818181771411      
   -146.5976845827827     
 v_perp_2=    4202662.819405728     
 b_n=  -1.5162854219260896E-005  -0.3763149101640757      
   0.9046627842784948     
 b_para_n=    1.028349263009564     
 dxdt=  -0.1456158123516686        -79.08121107992739      
    191.4168803969019     
 dudt=   -254774.5506587827     
 ---------------------
 rk4
 istep=     26000001
 grad_b=  -0.4946083915613667       -0.1058802893927661      
   7.9957143843999129E-002
 bsub=   1.8061257339660568E-002  -1.3067572002150547E-002 
    1.132040815364842     
 bsup=    0.000000000000000       -0.3001517913194046      
   0.9072174367460784     
 b_abs=    1.015218121137363     
 g=  -2.0285613815196266E-002
 j=    0.000000000000000        -24.39618030608244      
   -11.37345867213918     
 v_perp_2=    4148998.399156184     
 b_n=   1.8894198120515977E-005  -0.3002410592424345      
   0.9072161048892309     
 b_para_n=    1.015218121188263     
 dxdt=  -0.1273984808322659         94.56249410157045      
   -283.9895913236305     
 dudt=   -209969.7029387533     
 ---------------------
 rk4
 istep=     27000001
 grad_b=  -0.4833091115002107        1.1603612487310344E-003 
   2.7666305001219360E-003
 bsub=   1.1702366730423134E-002   3.9788812821539454E-002 
    1.025367883472415     
 bsup=    0.000000000000000        0.3406820093953001      
   0.9212971665512368     
 b_abs=   0.9786479745487173     
 g=  -1.7134519127037704E-002
 j=    0.000000000000000         93.68024829931505      
    72.01101508615608     
 v_perp_2=    3999543.341191739     
 b_n=  -3.4446683047335854E-007   0.3405238945743784      
   0.9213033055290049     
 b_para_n=   0.9786479740158900     
 dxdt=   1.5826366018155912E-003   -173.4899333566067      
   -471.1568684286053     
 dudt=   -6147.452295153753     
 ---------------------
 rk4
 istep=     28000001
 grad_b=  -0.3015050742722230        5.3040356352281208E-002 
  -8.4326964794884149E-002
 bsub=  -2.8684075977015826E-004   3.7428388958040737E-002 
    1.050377188151170     
 bsup=    0.000000000000000        0.7649899562709012      
   0.9204146629374816     
 b_abs=   0.9975739525767776     
 g=  -1.5199177456175050E-002
 j=    0.000000000000000        -492.7349758893898      
   -47.95187751118073     
 v_perp_2=    4076890.120187361     
 b_n=  -1.6940677957633752E-005   0.7648988166410102      
   0.9204179062747954     
 b_para_n=   0.9975739529549829     
 dxdt=   9.0265642638918508E-002   -318.5737754397805      
   -383.9007001751925     
 dudt=    75872.58377433715     
 ---------------------
 rk4
 istep=     29000001
 grad_b=  -8.1079014717094222E-002   0.1212707669936565      
  -0.1243815113156092     
 bsub=  -1.3356155366011833E-002   9.9499690300469609E-003 
    1.155599452951133     
 bsup=    0.000000000000000        0.1155956696327781      
   0.9264257016821197     
 b_abs=    1.035256059699601     
 g=  -1.8013891050354502E-002
 j=    0.000000000000000        -250.2111532607969      
   -253.2118812237342     
 v_perp_2=    4230889.537137486     
 b_n=  -1.0590362715834844E-005   0.1155885271235671      
   0.9264256412280045     
 b_para_n=    1.035256060200000     
 dxdt=   0.1579555302276657        -15.32927146640093      
   -123.7072714820544     
 dudt=    199773.3234278916     
 ---------------------
 Elapsed time (seconds):     153.7403560000000     

real	2m33.752s
user	2m33.485s
sys	0m0.016s
>>> [PID 3640110] DONE  u=500, v_perp=-2000, out=gc_grid/dat170.dat
