>>> [PID 3631551] START u=9500, v_perp=-4000, out=gc_grid/dat146.dat, dt=2e-09, steps=30000000
 outer boundary:   8.3000000000000462E-002
 rk4
 istep=            1
 grad_b=  -0.5028816667205436        4.9312525787487405E-003 
  -7.9818382988422337E-003
 bsub=   8.6925736625189723E-003   4.2252233309150254E-002 
    1.020727484706351     
 bsup=    0.000000000000000        0.5003011846529747      
   0.9181486904087616     
 b_abs=   0.9787596026455805     
 g=  -1.6418790755848615E-002
 j=    0.000000000000000         576.0999614805340      
    59.08551409685303     
 v_perp_2=    15999998.45708750     
 b_n=   3.3935866072667155E-005   0.5035442338469385      
   0.9180141684510295     
 b_para_n=   0.9787596136816289     
 dxdt=   0.3585847809057923         4890.272465677433      
    8910.279158364570     
 dudt=    40597.52178982181     
 ---------------------
 rk4
 istep=      1000001
 grad_b=   0.5052979230886752       -7.6545700392257554E-002 
  -0.1845714876634418     
 bsub=   3.7722091704836744E-002   0.1136733382586848      
    1.638200337844035     
 bsup=    0.000000000000000        -1.099993624581707      
    1.086282032970648     
 b_abs=    1.286813931947009     
 g=  -8.1634368535272259E-003
 j=    0.000000000000000         752.4318910739416      
   -486.6386773658768     
 v_perp_2=    21035795.13102958     
 b_n=  -7.4596133207954426E-004   -1.105957036186868      
    1.086712965008209     
 b_para_n=    1.286813879789642     
 dxdt=   -6.011768380946479        -7939.030399213162      
    7796.081457915084     
 dudt=    738696.7341708592     
 ---------------------
 rk4
 istep=      2000001
 grad_b=   -1.256644665055962       -4.8892216902465910E-002 
   0.1335656063270474     
 bsub=  -1.3233039995033839E-002  -8.8374273652055260E-002 
    1.211777355578738     
 bsup=    0.000000000000000       -0.7607467372173704      
   0.8750373151520957     
 b_abs=    1.061977731279147     
 g=  -1.9961439015297490E-002
 j=    0.000000000000000        -783.2779220486756      
   -221.9853811288856     
 v_perp_2=    17360325.44187386     
 b_n=  -2.0785906549313822E-004  -0.7540828996999950      
   0.8755210161175291     
 b_para_n=    1.061977709323674     
 dxdt=   -2.025551979208923        -6688.895518641881      
    7773.207533461972     
 dudt=   -1185803.055159326     
 ---------------------
 rk4
 istep=      3000001
 grad_b=  -0.1995867095204611        1.4928022569946239E-002 
   5.5529025550171987E-002
 bsub=  -3.8716319552875536E-002  -1.9168530732149421E-002 
   0.9313733871403657     
 bsup=    0.000000000000000       -5.0694405558799449E-002 
    1.086582642291626     
 b_abs=    1.006582543457201     
 g=  -1.3684660845014747E-002
 j=    0.000000000000000        -527.0122178486806      
    16.21599641658942     
 v_perp_2=    16454736.78455276     
 b_n=   1.0701712741516617E-004  -4.9380778314362064E-002 
    1.086614129913381     
 b_para_n=    1.006582546556221     
 dxdt=    1.099774123154455        -463.7408655793407      
    10229.48616429247     
 dudt=   -483796.7609421798     
 ---------------------
 rk4
 istep=      4000001
 grad_b=   0.4571105733764211        2.5622861628227425E-002 
  -3.8606840365871288E-002
 bsub=  -5.2290555925493962E-002   0.1696427471759505      
    2.034083435630553     
 bsup=    0.000000000000000        -1.111368584707158      
    1.072537637242853     
 b_abs=    1.411870380248152     
 g=  -9.4414327572818531E-003
 j=    0.000000000000000        -29.89656882084125      
    272.2435075050045     
 v_perp_2=    23079990.17063531     
 b_n=   2.9741067024812584E-004   -1.116071839861607      
    1.072937557655948     
 b_para_n=    1.411870413249405     
 dxdt=    2.187631785661404        -7213.309293237919      
    6930.833177025621     
 dudt=    404568.7480697841     
 ---------------------
 rk4
 istep=      5000001
 grad_b=  -0.7013809977833829       -5.4973625344868805E-002 
   5.2822711511994490E-002
 bsub=   2.0155822160618383E-002  -2.6043065694619765E-002 
    1.079930601780410     
 bsup=    0.000000000000000       -0.4309951958558129      
   0.9127509565658103     
 b_abs=   0.9985318854757443     
 g=  -1.9770092612200110E-002
 j=    0.000000000000000        -1119.208127704128      
    285.0211207802861     
 v_perp_2=    16323075.65901345     
 b_n=  -2.9186166654271482E-004  -0.4271779275647301      
   0.9128484981568196     
 b_para_n=   0.9985319276059486     
 dxdt=   -3.023347786281499        -4053.585578909388      
    8669.335887906529     
 dudt=   -588600.7185381583     
 ---------------------
 rk4
 istep=      6000001
 grad_b=   7.7282167890788789E-002  -0.1272333699763068      
  -0.1823884247686373     
 bsub=   5.4451434726283859E-002   2.5464960908376199E-002 
    1.133903079452170     
 bsup=    0.000000000000000       -0.6038045940054597      
    1.109241121207273     
 b_abs=    1.114345840479375     
 g=  -8.6993376781532537E-003
 j=    0.000000000000000         212.7556209080469      
   -123.8033189274472     
 v_perp_2=    18216262.95885002     
 b_n=  -1.2687044622531332E-003  -0.6046910620212267      
    1.109321940912313     
 b_para_n=    1.114345827073163     
 dxdt=   -11.78751985560301        -5092.182911120111      
    9340.399564849153     
 dudt=    920438.0546526624     
 ---------------------
 rk4
 istep=      7000001
 grad_b=  -0.7258331474422030       -0.1028999935133499      
   0.1021334093175171     
 bsub=  -2.8917054184486556E-002  -0.2209129723875988      
    1.507180510037733     
 bsup=    0.000000000000000        -1.207021740522463      
   0.8965368622590431     
 b_abs=    1.272024964786610     
 g=  -1.7644529442781942E-002
 j=    0.000000000000000         191.3702839518899      
   -271.5070621981649     
 v_perp_2=    20793814.33893566     
 b_n=  -4.4891983376807459E-004   -1.203326038279732      
   0.8970699132030215     
 b_para_n=    1.272024930876331     
 dxdt=   -3.659379345325991        -8741.724923136886      
    6519.793147993173     
 dudt=   -1386438.711502823     
 ---------------------
 rk4
 istep=      8000001
 grad_b=   0.6415556855921446        1.7240946994556760E-002 
   0.1466734503789188     
 bsub=  -7.7166663715185144E-003   5.9633610098396593E-002 
    1.153760277999244     
 bsup=    0.000000000000000        0.2449269384715999      
    1.101596772136789     
 b_abs=    1.133885349841537     
 g=  -1.0082312700463367E-002
 j=    0.000000000000000         913.1530728235764      
   -313.9545916572504     
 v_perp_2=    18535607.99090897     
 b_n=   8.4240959678726128E-005   0.2393236985710239      
    1.101886917385731     
 b_para_n=    1.133885320367817     
 dxdt=   0.7693264387933757         1971.861053261426      
    9101.550994158792     
 dudt=   -1195132.906110524     
 ---------------------
 rk4
 istep=      9000001
 grad_b=   0.7594634553473891       -1.6561205200114996E-002 
  -0.1694645577793165     
 bsub=  -4.6875330765125428E-002   0.1099003368916293      
    1.617487997406570     
 bsup=    0.000000000000000       -0.6302844436616157      
    1.076017134441145     
 b_abs=    1.292863982068035     
 g=  -9.2391881868376571E-003
 j=    0.000000000000000        -1318.748530051406      
    282.5408501804773     
 v_perp_2=    21134393.81857710     
 b_n=  -5.1018694687509210E-005  -0.6379122383983502      
    1.076533945057894     
 b_para_n=    1.292864004712649     
 dxdt=  -0.4092662020967771        -4558.867014106917      
    7682.549459375413     
 dudt=    1086806.654471468     
 ---------------------
 rk4
 istep=     10000001
 grad_b=  -0.7445802834924612       -0.1682732055915596      
   0.1223002906512907     
 bsub=  -2.6937311566755874E-003  -0.1626323217025741      
    1.367637811300402     
 bsup=    0.000000000000000       -0.9019650899129774      
   0.8796977653738849     
 b_abs=    1.161745578050686     
 g=  -1.9335930731594009E-002
 j=    0.000000000000000        -48.94237677891272      
   -102.9381995477120     
 v_perp_2=    18990970.66899054     
 b_n=  -7.8730661709949172E-004  -0.8981530627558669      
   0.8801495107039110     
 b_para_n=    1.161745565965279     
 dxdt=   -7.019380340020549        -7218.448964968558      
    7077.418442457914     
 dudt=   -1824748.434308978     
 ---------------------
 rk4
 istep=     11000001
 grad_b=  -0.6856950625618763       -1.3238321793166932E-002 
  -1.2149157826232116E-002
 bsub=   9.4643103315224519E-003  -9.1825780038919336E-002 
   0.8063687276541522     
 bsup=    0.000000000000000       -0.2451221818131857      
    1.172856905810597     
 b_abs=   0.9847304280079239     
 g=  -9.4851700983635909E-003
 j=    0.000000000000000         890.6446545535171      
   -274.1819775333030     
 v_perp_2=    16097289.07856227     
 b_n=  -1.2733299219795966E-004  -0.2391519861756931      
    1.173538212735463     
 b_para_n=   0.9847303890203961     
 dxdt=   -1.337370375615624        -2300.790403106090      
    11315.97035112701     
 dudt=    91337.11759340939     
 ---------------------
 rk4
 istep=     12000001
 grad_b=  -0.8321754413286181        0.1575607702209448      
  -0.1271184174741105     
 bsub=   7.3080776845487559E-003  -0.1557507065325396      
    1.361208415462077     
 bsup=    0.000000000000000       -0.8859705360129034      
   0.8775125878456909     
 b_abs=    1.154210659444803     
 g=  -1.9441738207239601E-002
 j=    0.000000000000000        -129.5707586116050      
    22.86772565404659     
 v_perp_2=    18867731.81257408     
 b_n=   7.3504065706627396E-004  -0.8816970269876444      
   0.8779976243553235     
 b_para_n=    1.154210664177807     
 dxdt=    6.595724523242390        -7137.048256892374      
    7111.247859957270     
 dudt=    1778446.398816403     
 ---------------------
 rk4
 istep=     13000001
 grad_b=   0.7562171158407827        2.3234355723838310E-002 
   0.1693503785154087     
 bsub=   4.0450444158987887E-002   0.1155117507522004      
    1.611711782876805     
 bsup=    0.000000000000000       -0.6225056869219148      
    1.082011137606639     
 b_abs=    1.293198970703414     
 g=  -8.9908696173626769E-003
 j=    0.000000000000000        -894.3963250185725      
    288.4530635590669     
 v_perp_2=    21139716.54161095     
 b_n=   1.1480136309348181E-004  -0.6302850808151197      
    1.082565828317078     
 b_para_n=    1.293198996926447     
 dxdt=   0.9206877987167171        -4503.268802842979      
    7723.383622942590     
 dudt=   -1066711.532477329     
 ---------------------
 rk4
 istep=     14000001
 grad_b=   0.6520206853855570       -1.3110791646477077E-002 
  -0.1470570062811725     
 bsub=   5.4184803874477647E-003   5.8985447638517950E-002 
    1.155570770969414     
 bsup=    0.000000000000000        0.2938647314966009      
    1.096823710267018     
 b_abs=    1.133518826923959     
 g=  -1.0168738211976780E-002
 j=    0.000000000000000         882.4438366573895      
   -352.5239262033446     
 v_perp_2=    18529419.56377747     
 b_n=  -4.8567360747956895E-005   0.2882084340892808      
    1.097112627058847     
 b_para_n=    1.133518792874274     
 dxdt=  -0.4436811726823494         2376.443838158249      
    9065.365477058944     
 dudt=    1190830.092183592     
 ---------------------
 rk4
 istep=     15000001
 grad_b=  -0.7742748427994657        0.1054134761068010      
  -0.1092609567130726     
 bsub=   3.3008251273897816E-002  -0.2174549244498052      
    1.504718516147737     
 bsup=    0.000000000000000        -1.198289418695672      
   0.8952999080383273     
 b_abs=    1.268034739123467     
 g=  -1.7936441548253981E-002
 j=    0.000000000000000         77.64020214757741      
   -257.6204226917707     
 v_perp_2=    20728285.46686424     
 b_n=   4.5239066218164832E-004   -1.194393222587319      
   0.8958530185449292     
 b_para_n=    1.268034708536787     
 dxdt=    3.699124664956968        -8707.283175610399      
    6533.957646063216     
 dudt=    1444728.070129615     
 ---------------------
 rk4
 istep=     16000001
 grad_b=  -0.2227501304323719        0.1351312440002830      
   0.1748352764936144     
 bsub=  -5.6935549755390592E-002  -1.1239242534966026E-002 
    1.075375820090715     
 bsup=    0.000000000000000       -0.6189611794299289      
    1.081723550761270     
 b_abs=    1.080860225331725     
 g=  -9.6232790743458422E-003
 j=    0.000000000000000        -673.5481616523322      
    181.1226504070353     
 v_perp_2=    17668554.65847735     
 b_n=   1.2898968783170337E-003  -0.6169505411608766      
    1.081812879720110     
 b_para_n=    1.080860246762174     
 dxdt=    12.35216420102399        -5370.454029282524      
    9420.144404717004     
 dudt=   -797648.1938493219     
 ---------------------
 rk4
 istep=     17000001
 grad_b=  -0.7432800463566362        4.0984018152266086E-002 
  -4.6002862808220905E-002
 bsub=  -2.0878077460109494E-002  -3.1543653143499877E-002 
    1.062390104336571     
 bsup=    0.000000000000000       -0.4491185632287480      
   0.9183346062153255     
 b_abs=   0.9949196731122845     
 g=  -1.9493398848052505E-002
 j=    0.000000000000000        -1294.500853107971      
    177.6326655431751     
 v_perp_2=    16263675.78336337     
 b_n=   2.1647070789805419E-004  -0.4450525560813954      
   0.9184596120710096     
 b_para_n=   0.9949197020319261     
 dxdt=    2.250465174689169        -4239.872616170705      
    8757.207272160531     
 dudt=    498268.3901232666     
 ---------------------
 rk4
 istep=     18000001
 grad_b=   0.4969376433070952       -7.8667868366842919E-003 
   6.2341035086369845E-002
 bsub=   4.2393474751964880E-002   0.1765473716676844      
    2.051143556032379     
 bsup=    0.000000000000000        -1.148130028000125      
    1.074183149889995     
 b_abs=    1.414772009800358     
 g=  -8.8777391284702023E-003
 j=    0.000000000000000         202.8680136619638      
    181.6295621206820     
 v_perp_2=    23126846.47994997     
 b_n=  -1.4568835947255555E-004   -1.153586993333647      
    1.074655873369564     
 b_para_n=    1.414772034253910     
 dxdt=   -1.069462989625851        -7438.931988445033      
    6925.809307991934     
 dudt=   -439050.1424529036     
 ---------------------
 rk4
 istep=     19000001
 grad_b=  -0.1926011314300489       -1.2552148016353598E-002 
  -5.5919655828409395E-002
 bsub=   3.8583600617668121E-002  -1.7095738564072267E-002 
   0.9348813477753292     
 bsup=    0.000000000000000       -4.5035418269063654E-002 
    1.082854566529038     
 b_abs=    1.006646182563175     
 g=  -1.3828939328356379E-002
 j=    0.000000000000000        -578.0706400989416      
    40.62589590235261     
 v_perp_2=    16455309.78087976     
 b_n=  -8.9777332498913823E-005  -4.3776972810484274E-002 
    1.082881290680212     
 b_para_n=    1.006646188447237     
 dxdt=  -0.9225494301973157        -411.0065079104168      
    10193.66382521981     
 dudt=    487061.8028390150     
 ---------------------
 rk4
 istep=     20000001
 grad_b=   -1.266040741282977        4.2592547236036553E-002 
  -0.1350257936976552     
 bsub=   1.3822325776931302E-002  -8.7695673499691359E-002 
    1.208351933590947     
 bsup=    0.000000000000000       -0.7632724506443345      
   0.8748044955659744     
 b_abs=    1.060287975700678     
 g=  -1.9913362621308221E-002
 j=    0.000000000000000        -666.8331665276254      
   -330.1739370573588     
 v_perp_2=    17332137.82597338     
 b_n=   1.7461220565350067E-004  -0.7565395131197612      
   0.8752911055667114     
 b_para_n=    1.060287938155442     
 dxdt=    1.704255396553277        -6722.416813067585      
    7784.786981660532     
 dudt=    1161153.454243987     
 ---------------------
 rk4
 istep=     21000001
 grad_b=   0.4645045076024973        9.4446243757480272E-002 
   0.2059516774828700     
 bsub=  -4.6559776088431232E-002   9.6402448268987209E-002 
    1.602980514023030     
 bsup=    0.000000000000000        -1.130332708320387      
    1.077650059395951     
 b_abs=    1.272689235963439     
 g=  -8.7241027819094305E-003
 j=    0.000000000000000         210.6170033362357      
   -303.6665848732989     
 v_perp_2=    20804148.07805601     
 b_n=   9.0019860227691882E-004   -1.135493901788070      
    1.077986570156276     
 b_para_n=    1.272689200966623     
 dxdt=    7.334206621203903        -8251.790380761089      
    7829.841826946365     
 dudt=   -739745.7465884738     
 ---------------------
 rk4
 istep=     22000001
 grad_b=  -0.4093128676175909       -3.2819633279521018E-002 
   4.1391855580398623E-002
 bsub=  -1.4260134481676328E-002   3.7903500691849092E-002 
    1.018397372661039     
 bsup=    0.000000000000000        0.3588507327199983      
   0.9408905527271413     
 b_abs=   0.9858692403549320     
 g=  -1.6079508486589577E-002
 j=    0.000000000000000         1144.374999522920      
    173.4673681577405     
 v_perp_2=    16115588.39446279     
 b_n=  -2.2238378782036162E-004   0.3614962547435764      
   0.9407890030618848     
 b_para_n=   0.9858692686104845     
 dxdt=   -2.333003967857336         3483.483908850737      
    9059.704353226052     
 dudt=   -225233.3354251113     
 ---------------------
 rk4
 istep=     23000001
 grad_b=   0.4096822286960922       -7.4545676431557267E-002 
  -0.2222080206242735     
 bsub=   3.1033839983431899E-002   0.1543319904999715      
    1.980735308350762     
 bsup=    0.000000000000000        -1.571107360300027      
    1.073371741557446     
 b_abs=    1.371489794116292     
 g=  -7.8447494176759440E-003
 j=    0.000000000000000        -1260.659415510359      
    514.2661091406605     
 v_perp_2=    22419127.93022828     
 b_n=  -7.3586738742060826E-004   -1.576419773792041      
    1.073797232262285     
 b_para_n=    1.371489846849545     
 dxdt=   -5.569464599490512        -10528.75258230528      
    7168.935672176239     
 dudt=    723429.2879781892     
 ---------------------
 rk4
 istep=     24000001
 grad_b=  -0.9158729961241281       -2.4649291823524832E-003 
   4.6855484472186890E-002
 bsub=   1.3123039636836073E-002  -6.6328757234538224E-002 
    1.022724003989611     
 bsup=    0.000000000000000       -0.5098666510833162      
   0.9362580939498257     
 b_abs=   0.9957727599564715     
 g=  -1.8206075923049458E-002
 j=    0.000000000000000         1058.364698196663      
   -635.5971449051409     
 v_perp_2=    16277422.73722496     
 b_n=   3.2262379478654955E-006  -0.5047143107776597      
   0.9365921193523155     
 b_para_n=   0.9957726693793737     
 dxdt=   3.3511977929479561E-002   -4803.295238880347      
    8921.941911446998     
 dudt=   -370388.8725291365     
 ---------------------
 rk4
 istep=     25000001
 grad_b=  -0.6614660983140770       -2.4653053588840172E-003 
  -4.1068235504114203E-003
 bsub=  -2.4077495879464395E-002  -6.1503242937931024E-002 
   0.9449604509612638     
 bsup=    0.000000000000000       -0.3863688446484534      
    1.003161112738315     
 b_abs=   0.9857210750177490     
 g=  -1.6370201064582576E-002
 j=    0.000000000000000        -435.4645577789321      
    58.47713042340393     
 v_perp_2=    16113078.00638579     
 b_n=  -1.6124096774114570E-005  -0.3824652072562980      
    1.003414783163171     
 b_para_n=   0.9857210855562978     
 dxdt=  -0.1691813778154766        -3680.381751017742      
    9664.683211528389     
 dudt=    26262.01687249133     
 ---------------------
 rk4
 istep=     26000001
 grad_b=   0.3304678457013281        9.1855313618238829E-002 
   0.1920793468839505     
 bsub=  -4.9719278651179588E-002   0.1358741033818002      
    2.004687343023841     
 bsup=    0.000000000000000        -1.522310314490025      
    1.064699560089406     
 b_abs=    1.387996906460564     
 g=  -9.3176433394400356E-003
 j=    0.000000000000000        -647.3379635475254      
    301.6751205442769     
 v_perp_2=    22688836.18200053     
 b_n=   8.4195654624784973E-004   -1.525890570736221      
    1.064963127536358     
 b_para_n=    1.387996938698008     
 dxdt=    6.297825951166750        -10052.53140151842      
    7013.953681737364     
 dudt=   -380836.0593130348     
 ---------------------
 rk4
 istep=     27000001
 grad_b=  -0.4547997360847312       -3.5453028367282619E-002 
   3.7768727136980956E-002
 bsub=   1.3122174886136428E-002   3.2137176211280677E-002 
    1.051390052183741     
 bsup=    0.000000000000000        0.1700610863419495      
   0.9174920330236128     
 b_abs=   0.9848801359384871     
 g=  -1.8333322753659630E-002
 j=    0.000000000000000        -615.0742812106685      
    335.3038612703313     
 v_perp_2=    16099277.40545823     
 b_n=  -2.1498432483905834E-004   0.1727346737432539      
   0.9174130344513072     
 b_para_n=   0.9848801787604137     
 dxdt=   -2.257625271399978         1667.556471134492      
    8844.285920417859     
 dudt=   -237536.0127169878     
 ---------------------
 rk4
 istep=     28000001
 grad_b=   0.5831124667599675       -8.1768161847156642E-002 
  -0.1734585164557693     
 bsub=   3.1222099321651087E-002   0.1022014670735101      
    1.474899476793774     
 bsup=    0.000000000000000       -0.7486189303981066      
    1.111925545301104     
 b_abs=    1.249991632304672     
 g=  -7.7589834235436972E-003
 j=    0.000000000000000        -664.2060698838004      
    48.68393372828284     
 v_perp_2=    20432870.16603858     
 b_n=  -8.2236003963107084E-004  -0.7555373901977235      
    1.112422360807380     
 b_para_n=    1.249991632610293     
 dxdt=   -6.820104407263272        -5605.431180782486      
    8244.658786971171     
 dudt=    860872.6503220910     
 ---------------------
 rk4
 istep=     29000001
 grad_b=   -1.184361411449683       -9.7768848478230572E-002 
   0.1519452698917199     
 bsub=  -2.6051864268217418E-002  -0.1296066548527854      
    1.346420878461505     
 bsup=    0.000000000000000       -0.8711269925100256      
   0.8708486274136150     
 b_abs=    1.133824933972768     
 g=  -2.0244874690076034E-002
 j=    0.000000000000000         653.0509649426060      
    121.3885836677387     
 v_perp_2=    18533929.74863995     
 b_n=  -4.2143753910475838E-004  -0.8651384694637406      
   0.8714169354184462     
 b_para_n=    1.133824941519903     
 dxdt=   -3.848958847015066        -7141.040437067513      
    7198.624064516268     
 dudt=   -1567776.853685590     
 ---------------------
 Elapsed time (seconds):     150.7483020000000     

real	2m30.760s
user	2m30.433s
sys	0m0.015s
>>> [PID 3631551] DONE  u=9500, v_perp=-4000, out=gc_grid/dat146.dat
