>>> [PID 3622617] START u=6500, v_perp=-5000, out=gc_grid/dat119.dat, dt=2e-09, steps=30000000
 outer boundary:   8.3000000000000462E-002
 rk4
 istep=            1
 grad_b=  -0.5028819872500040        4.9315573386699146E-003 
  -7.9824847103022317E-003
 bsub=   8.6924899155889183E-003   4.2252280450801240E-002 
    1.020727300918343     
 bsup=    0.000000000000000        0.5003071635147540      
   0.9181486344786365     
 b_abs=   0.9787596324482513     
 g=  -1.6418760473885741E-002
 j=    0.000000000000000         576.0999531331255      
    59.09000654212458     
 v_perp_2=    24999998.35043504     
 b_n=   2.3220779124629645E-005   0.5025260968857294      
   0.9180565928036468     
 b_para_n=   0.9787596399996418     
 dxdt=   0.1998349777227668         3341.664942656596      
    6096.686778562998     
 dudt=    63438.98834541866     
 ---------------------
 rk4
 istep=      1000001
 grad_b=  -0.7016397700189927        4.9516706500430691E-002 
  -4.9259697236867094E-002
 bsub=  -2.0736210109490137E-002  -2.5073760840171204E-002 
    1.072337049061467     
 bsup=    0.000000000000000       -0.4225591125846295      
   0.9148451365512126     
 b_abs=   0.9958298431309196     
 g=  -1.9695082857713719E-002
 j=    0.000000000000000        -1154.065049105539      
    244.4304609971703     
 v_perp_2=    25435992.90918541     
 b_n=   1.7963494365450964E-004  -0.4199496712236688      
   0.9149096482661578     
 b_para_n=   0.9958298680804515     
 dxdt=    1.521235043146933        -2721.769822409575      
    5941.050784924371     
 dudt=    846288.7318287086     
 ---------------------
 rk4
 istep=      2000001
 grad_b=  -0.4757244673210831        1.8839319743191706E-002 
  -8.9857422751843160E-003
 bsub=  -1.8287136597364591E-002  -0.2427026041452294      
    1.519215932022839     
 bsup=    0.000000000000000        -1.269656115416380      
   0.9023024056177281     
 b_abs=    1.295816987414859     
 g=  -1.6921239312047129E-002
 j=    0.000000000000000         431.2060391571478      
    38.43948815315874     
 v_perp_2=    33098396.65895829     
 b_n=   5.6891328411097641E-005   -1.268100639373893      
   0.9025515839703383     
 b_para_n=    1.295816985298441     
 dxdt=   0.3809006515094281        -5715.541557433779      
    4070.914775307639     
 dudt=    315653.2339991101     
 ---------------------
 rk4
 istep=      3000001
 grad_b=   -1.027900821912886       -3.2591271269583316E-003 
   6.8316983423449898E-002
 bsub=   5.7044286685399813E-003  -7.2582001471638485E-002 
    1.057042681928483     
 bsup=    0.000000000000000       -0.5782506844264045      
   0.9134417628038355     
 b_abs=    1.003691874300302     
 g=  -1.8574155764769614E-002
 j=    0.000000000000000         1122.505806014812      
   -792.9945421718546     
 v_perp_2=    25636775.24867325     
 b_n=   5.4588114141702844E-006  -0.5743304486285401      
   0.9137108434354082     
 b_para_n=    1.003691796877540     
 dxdt=   4.5891594262256530E-002   -3683.520368839920      
    5873.047251384815     
 dudt=   -818018.9776562225     
 ---------------------
 rk4
 istep=      4000001
 grad_b=   0.3489134217412880       -2.7073504694053743E-002 
  -0.1213717369309115     
 bsub=   2.6657647815074619E-002   4.1181146792084233E-002 
    1.053500012572509     
 bsup=    0.000000000000000        0.1892814045466619      
    1.106800885020513     
 b_abs=    1.083367848149307     
 g=  -1.1344248608862659E-002
 j=    0.000000000000000        -762.2271522915905      
    178.5483729490613     
 v_perp_2=    27671872.79745510     
 b_n=  -1.1627925439591228E-004   0.1874483794521456      
    1.106875491351284     
 b_para_n=    1.083367859192188     
 dxdt=  -0.9112854972897863         1084.791350770418      
    6427.775139499628     
 dudt=    1644006.073383876     
 ---------------------
 rk4
 istep=      5000001
 grad_b=   0.6830011013677281       -5.1939128491359898E-002 
  -0.1905856346358343     
 bsub=  -3.3971933962080036E-002   0.1603547067606038      
    1.825554477966373     
 bsup=    0.000000000000000       -0.8489306558718459      
    1.078763069535966     
 b_abs=    1.353847276882582     
 g=  -8.8167581768072902E-003
 j=    0.000000000000000        -711.7011160609231      
    179.6782716578199     
 v_perp_2=    34580554.11187627     
 b_n=  -2.3775816813409719E-004  -0.8535202884465404      
    1.079161799872872     
 b_para_n=    1.353847285651054     
 dxdt=   -1.535023596521998        -3613.676417323089      
    4556.933431789976     
 dudt=    1523513.784357061     
 ---------------------
 rk4
 istep=      6000001
 grad_b=   0.4144012236966936        7.4794107404677845E-002 
   0.2195931129161892     
 bsub=  -2.0664712077872897E-002   0.1666287977891830      
    1.983528118076921     
 bsup=    0.000000000000000        -1.447891809812611      
    1.073842706005881     
 b_abs=    1.373786617864745     
 g=  -7.5045823206475954E-003
 j=    0.000000000000000        -936.0763237845929      
    497.3488026224629     
 v_perp_2=    35089821.80948333     
 b_n=   4.6816507466883371E-004   -1.451353971137686      
    1.074138449404638     
 b_para_n=    1.373786650672858     
 dxdt=    2.986903804066489        -5998.989283496332      
    4434.711955714664     
 dudt=   -1185420.600519427     
 ---------------------
 rk4
 istep=      7000001
 grad_b=   0.3970983379889708        8.4394986967524330E-002 
   0.1609640779657020     
 bsub=  -3.6487229359241896E-002   5.9355998736039819E-002 
    1.153761125219726     
 bsup=    0.000000000000000       -0.3871790353717490      
    1.138702926009812     
 b_abs=    1.135931914793350     
 g=  -8.5058583116149385E-003
 j=    0.000000000000000        -5.259439645742219      
    26.81494551371215     
 v_perp_2=    29014415.56463176     
 b_n=   5.1759308550672659E-004  -0.3899140108084743      
    1.138859999188917     
 b_para_n=    1.135931916722758     
 dxdt=    3.886558800507892        -2128.161950733631      
    6199.756448295448     
 dudt=   -1693342.464576127     
 ---------------------
 rk4
 istep=      8000001
 grad_b=  -0.8346616178429084       -5.1871494833495145E-002 
  -6.1030141537511462E-002
 bsub=   1.9037001663313118E-002  -9.7013069407345803E-002 
   0.9149701056155257     
 bsup=    0.000000000000000       -0.5184219802012624      
    1.024352671040714     
 b_abs=   0.9941099335919001     
 g=  -1.2592797768974234E-002
 j=    0.000000000000000         589.2591109159804      
   -298.5574157043653     
 v_perp_2=    25391924.19304811     
 b_n=  -2.9032637071586733E-004  -0.5142747665644873      
    1.024798404297425     
 b_para_n=   0.9941099051614174     
 dxdt=   -2.462574637296640        -3338.773004943219      
    6670.385946822141     
 dudt=    457670.2426452696     
 ---------------------
 rk4
 istep=      9000001
 grad_b=  -9.6048624752775341E-002  -0.1555363948548928      
  -0.2954031146303620     
 bsub=   6.2449257007209422E-002   2.8235644780476164E-002 
    1.668785923739211     
 bsup=    0.000000000000000        -1.395373949774903      
   0.9959248051552388     
 b_abs=    1.273960323232548     
 g=  -1.2968052559953393E-002
 j=    0.000000000000000         455.0421661441051      
   -344.1391976340954     
 v_perp_2=    32539945.15928463     
 b_n=  -7.3567310998983988E-004   -1.394958560173859      
   0.9959452866990300     
 b_para_n=    1.273960296438995     
 dxdt=   -4.996909471206226        -6450.189048598740      
    4605.867371257344     
 dudt=    773591.5219791515     
 ---------------------
 rk4
 istep=     10000001
 grad_b=   0.5973562359034855       -3.3902317009247035E-002 
   0.1265377350555749     
 bsub=   9.2030618158566474E-002   7.9374425719269337E-002 
    1.811847169604114     
 bsup=    0.000000000000000       -0.9808057540511343      
    1.043612833873769     
 b_abs=    1.346576567466695     
 g=  -1.1782884339102625E-002
 j=    0.000000000000000         1293.787712359597      
   -657.3066186475073     
 v_perp_2=    34394707.27002404     
 b_n=  -2.0058903486089362E-004  -0.9838106656384483      
    1.043754629810270     
 b_para_n=    1.346576522242200     
 dxdt=   -1.300769569522033        -4194.468546584852      
    4443.251908476483     
 dudt=   -1567808.184186682     
 ---------------------
 rk4
 istep=     11000001
 grad_b=   0.4497313395453222       -2.2518425053761476E-004 
   0.1341406824017388     
 bsub=  -1.2697454735801618E-002   4.7854053681831051E-002 
    1.086375869783084     
 bsup=    0.000000000000000        0.4130049083640110      
    1.075578290443101     
 b_abs=    1.089684566485553     
 g=  -1.1740879619757370E-002
 j=    0.000000000000000        -517.8279915926233      
   -141.3801312402759     
 v_perp_2=    27833065.62766100     
 b_n=  -3.1394836169874990E-005   0.4106950379396389      
    1.075679659150986     
 b_para_n=    1.089684554086940     
 dxdt=  -0.2447460261785335         2361.548436127963      
    6197.806801531230     
 dudt=   -1689862.207307192     
 ---------------------
 rk4
 istep=     12000001
 grad_b=  -0.9648082234721793        1.6958512608045734E-002 
  -5.8825985972579958E-002
 bsub=  -1.1469759324356113E-002  -6.3421488139018475E-002 
    1.056767159787852     
 bsup=    0.000000000000000       -0.5577493765521375      
   0.9153821738776351     
 b_abs=    1.001382079618607     
 g=  -1.8954511080603066E-002
 j=    0.000000000000000         1050.608185603547      
   -796.3771452963506     
 v_perp_2=    25577593.73076512     
 b_n=   5.0419918277930115E-005  -0.5541242199866774      
   0.9156002107049181     
 b_para_n=    1.001382002755089     
 dxdt=   0.4247812913777724        -3564.994365230102      
    5902.855320493807     
 dudt=    807385.9931873346     
 ---------------------
 rk4
 istep=     13000001
 grad_b=  -0.5056594450134377       -4.6224451826758085E-002 
   3.8144260693463737E-002
 bsub=  -3.1778182486007557E-003  -0.2393888086781379      
    1.520310745389549     
 bsup=    0.000000000000000        -1.261588916767301      
   0.9019119736844063     
 b_abs=    1.293580146651712     
 g=  -1.6625079416814528E-002
 j=    0.000000000000000         634.7545290740123      
   -41.58532677450688     
 v_perp_2=    33040979.23990323     
 b_n=  -1.3448435020369583E-004   -1.259898288892498      
   0.9021778911865308     
 b_para_n=    1.293580136764286     
 dxdt=  -0.9017137006221665        -5692.865833844980      
    4079.725829827881     
 dudt=   -915387.1108746857     
 ---------------------
 rk4
 istep=     14000001
 grad_b=  -0.8027746598922210       -9.6342975081086385E-003 
   3.2691809459526211E-002
 bsub=   2.0413497899836486E-002  -5.2845065993416061E-002 
    1.013745274156722     
 bsup=    0.000000000000000       -0.4641459645927557      
   0.9415408549374801     
 b_abs=   0.9894536641276995     
 g=  -1.8543056381901683E-002
 j=    0.000000000000000        -189.0547902571759      
   -346.0524190873073     
 v_perp_2=    25272879.69402456     
 b_n=  -3.0015055972310835E-005  -0.4611050329081241      
   0.9416999497449202     
 b_para_n=   0.9894536344763337     
 dxdt=  -0.2557041813877516        -3013.336858286265      
    6166.596198723930     
 dudt=   -455011.3651839681     
 ---------------------
 rk4
 istep=     15000001
 grad_b=   0.5774175234422446        3.8774246653519299E-002 
  -0.1575424312145390     
 bsub=  -7.1869487459480692E-003   4.3586177993974989E-002 
    1.150124654495625     
 bsup=    0.000000000000000        0.6899775613296084      
    1.046118188429181     
 b_abs=    1.110897350415809     
 g=  -1.1113516264834575E-002
 j=    0.000000000000000         1131.144410756669      
   -97.00710191124151     
 v_perp_2=    28374801.38024045     
 b_n=   2.4474797380573453E-004   0.6868246215245439      
    1.046239200522693     
 b_para_n=    1.110897346280008     
 dxdt=    1.874983920663837         3848.398353378633      
    5872.346888700073     
 dudt=    1587108.421433866     
 ---------------------
 rk4
 istep=     16000001
 grad_b=   0.3094807762231438        8.5773255921967773E-002 
  -7.0993862914015993E-002
 bsub=  -0.1041039278472983       -5.3512572818025191E-002 
    1.698458230087898     
 bsup=    0.000000000000000        -1.104026217151993      
   0.9926713305945553     
 b_abs=    1.321093758782788     
 g=  -1.5088394748735034E-002
 j=    0.000000000000000        -676.5680935074253      
    426.5769703467819     
 v_perp_2=    33743662.88185060     
 b_n=   3.2627262480158467E-004   -1.105218015040118      
   0.9926538052355902     
 b_para_n=    1.321093791951753     
 dxdt=    2.149443543966409        -4845.220270991750      
    4349.344121563419     
 dudt=    1596707.090058831     
 ---------------------
 rk4
 istep=     17000001
 grad_b=   -1.079403805394220        8.1090611080644498E-002 
   0.2662379697623148     
 bsub=  -5.3953200597266944E-002  -7.7948604817794781E-002 
    1.439844138565736     
 bsup=    0.000000000000000        -1.060464797970018      
   0.8954900677462350     
 b_abs=    1.171105707696280     
 g=  -1.9170019806518938E-002
 j=    0.000000000000000        -750.5107727578877      
    173.9572438514035     
 v_perp_2=    29912614.01185806     
 b_n=   3.3434141026641897E-004   -1.056720982313972      
   0.8957052890895947     
 b_para_n=    1.171105725793255     
 dxdt=    2.443268833440359        -5505.786897530624      
    4673.936260748180     
 dudt=   -1662159.653822782     
 ---------------------
 rk4
 istep=     18000001
 grad_b=  -0.6536932166169527       -2.6045843723897233E-003 
  -3.9651116771638878E-003
 bsub=   1.5744987993621881E-002  -8.2500591333723533E-002 
   0.8875945477996209     
 bsup=    0.000000000000000       -0.4077544525458799      
    1.052159322075061     
 b_abs=   0.9832954738451525     
 g=  -1.3710536721263114E-002
 j=    0.000000000000000        -431.6662836547024      
    334.6938557649300     
 v_perp_2=    25115509.31728971     
 b_n=  -1.3518300574872931E-005  -0.4047825870249017      
    1.052435824877810     
 b_para_n=   0.9832955032074823     
 dxdt=  -0.1158363671431668        -2666.277073776390      
    6948.074170922512     
 dudt=    40391.51206713090     
 ---------------------
 rk4
 istep=     19000001
 grad_b=   0.6459647237590245       -6.2452883932379702E-002 
  -0.1608792422652855     
 bsub=   1.6015855535301708E-002   8.0870063321485885E-002 
    1.256653291830674     
 bsup=    0.000000000000000       -0.2948326119116469      
    1.134417573622029     
 b_abs=    1.184267565765491     
 g=  -8.3071033611843547E-003
 j=    0.000000000000000        -288.3935572613307      
   -48.48714865086544     
 v_perp_2=    30248751.00004479     
 b_n=  -3.5760727141696135E-004  -0.2992805407433870      
    1.134708366624202     
 b_para_n=    1.184267560961468     
 dxdt=   -2.587615631313625        -1546.561350655967      
    5828.920163967860     
 dudt=    1769552.320858403     
 ---------------------
 rk4
 istep=     20000001
 grad_b=   0.4128432783367865       -5.6396097889858790E-002 
  -0.1819830714041051     
 bsub=   9.1288608262915707E-003   0.1841180115057974      
    2.090772060988628     
 bsup=    0.000000000000000        -1.468343497128399      
    1.074163639907093     
 b_abs=    1.405299208212794     
 g=  -7.2432227299862916E-003
 j=    0.000000000000000         406.9694526307882      
    248.7678860545230     
 v_perp_2=    35894346.72662978     
 b_n=  -3.4566324479198357E-004   -1.471885176669003      
    1.074477052205360     
 b_para_n=    1.405299230393642     
 dxdt=   -2.165700452701127        -5873.010511900194      
    4282.119289056579     
 dudt=    1023929.202163349     
 ---------------------
 rk4
 istep=     21000001
 grad_b=   0.6716232214793905        5.7109980838799146E-002 
   0.1790099900131312     
 bsub=   1.9234242086409382E-002   0.1462150015886298      
    1.706642842455018     
 bsup=    0.000000000000000       -0.7616884437256405      
    1.088631645650525     
 b_abs=    1.321675170930060     
 g=  -8.4046364081441123E-003
 j=    0.000000000000000        -594.6951276413874      
    7.922809516409039     
 v_perp_2=    33758379.93897771     
 b_n=   2.9399456511102336E-004  -0.7664010490428045      
    1.089032077766299     
 b_para_n=    1.321675167731829     
 dxdt=    1.936088844904819        -3366.225618864483      
    4769.408179176775     
 dudt=   -1462710.978717885     
 ---------------------
 rk4
 istep=     22000001
 grad_b=   0.1469222576988773        3.7589689586640287E-002 
   0.1026261368831602     
 bsub=  -3.6630420238593850E-002   1.8256446537547617E-002 
   0.9904626193256798     
 bsup=    0.000000000000000        0.1176069206337265      
    1.114987707669707     
 b_abs=    1.052292504186206     
 g=  -1.1814583559159202E-002
 j=    0.000000000000000         250.3400618153872      
   -11.34324076055272     
 v_perp_2=    26877755.86143702     
 b_n=   1.7965081604810678E-004   0.1168484523134560      
    1.115008331458815     
 b_para_n=    1.052292503683450     
 dxdt=    1.445849777173922         704.0257020081954      
    6732.645618130715     
 dudt=   -1442381.700208983     
 ---------------------
 rk4
 istep=     23000001
 grad_b=   -1.172032400719739        1.8357094988786654E-003 
  -0.1054481668385026     
 bsub=   5.2647647875836076E-003  -7.9061742126372236E-002 
    1.114232206194435     
 bsup=    0.000000000000000       -0.6771179211234344      
   0.8900976660760037     
 b_abs=    1.022162153704964     
 g=  -1.8905460253482578E-002
 j=    0.000000000000000         116.8499418191114      
   -558.7770707258010     
 v_perp_2=    26108140.30511966     
 b_n=  -2.1373043036659594E-005  -0.6726834366808063      
   0.8904123746828333     
 b_para_n=    1.022162102710888     
 dxdt=  -0.1766735028588088        -4212.341421608177      
    5588.073112388508     
 dudt=    1188221.082316017     
 ---------------------
 rk4
 istep=     24000001
 grad_b=  -0.3928020198305908       -6.4289657022931879E-002 
   3.1483378962536245E-002
 bsub=   3.3289070969737114E-002  -0.2390391614115049      
    1.511709766616655     
 bsup=    0.000000000000000        -1.259955145752683      
   0.9043125918082291     
 b_abs=    1.291642391180334     
 g=  -1.7642120935500584E-002
 j=    0.000000000000000        -399.1627839099366      
   -33.64563363485957     
 v_perp_2=    32991201.41346304     
 b_n=  -1.8653198462062010E-004   -1.258717641382674      
   0.9045123815722165     
 b_para_n=    1.291642393235210     
 dxdt=   -1.252271623448863        -5701.202302014858      
    4099.250675433004     
 dudt=   -1082405.137968770     
 ---------------------
 rk4
 istep=     25000001
 grad_b=  -0.3592245497432868       -0.1372399719775161      
   9.9257309511707678E-002
 bsub=   1.8694927528459932E-002  -2.0188403891110183E-002 
    1.170181463286899     
 bsup=    0.000000000000000       -0.2950844364598149      
   0.9101883302106725     
 b_abs=    1.034819736585824     
 g=  -2.0219539592384629E-002
 j=    0.000000000000000        -303.1562884391832      
   -232.7574529747560     
 v_perp_2=    26431406.46239839     
 b_n=  -4.8955959101711316E-004  -0.2937811235355010      
   0.9102186182299014     
 b_para_n=    1.034819715702838     
 dxdt=   -4.001116423229905        -1811.189774871504      
    5619.720550788106     
 dudt=   -1614735.833121384     
 ---------------------
 rk4
 istep=     26000001
 grad_b=  -0.2640316956152639       -3.0435152246305192E-002 
   5.7620771006489144E-002
 bsub=  -2.5225385356297089E-002   2.4333788376915303E-002 
    1.000696668307437     
 bsup=    0.000000000000000        0.1471251139892109      
   0.9889846794566882     
 b_abs=   0.9963223834193722     
 g=  -1.5731842911375315E-002
 j=    0.000000000000000         176.6254969808071      
   -134.8168105252277     
 v_perp_2=    25448084.11876078     
 b_n=  -1.3798767082499563E-004   0.1482632224783159      
   0.9889535147421706     
 b_para_n=   0.9963223722355506     
 dxdt=   -1.168007262021351         964.3733686357970      
    6417.559812524795     
 dudt=   -673058.5706535097     
 ---------------------
 rk4
 istep=     27000001
 grad_b=  -0.9859681305633218        0.1315248201695067      
  -0.1279953924622711     
 bsub=   9.4845361066641393E-003  -0.1251494069944235      
    1.301477854513887     
 bsup=    0.000000000000000       -0.8010370765346027      
   0.8732862546039439     
 b_abs=    1.111976799463090     
 g=  -2.0093993925891823E-002
 j=    0.000000000000000        -812.8997008650404      
    325.0845535589824     
 v_perp_2=    28402109.17362009     
 b_n=   4.0718976726553612E-004  -0.7976727100819543      
   0.8736068325776624     
 b_para_n=    1.111976834241719     
 dxdt=    3.116695707508569        -4464.189131541511      
    4897.362533692397     
 dudt=    2493765.791075672     
 ---------------------
 rk4
 istep=     28000001
 grad_b=   -1.151618247661663       -0.1057829553825894      
   0.1516263047648617     
 bsub=  -2.6229651955756342E-002  -0.1368762551892611      
    1.358277693792014     
 bsup=    0.000000000000000       -0.8841492174146782      
   0.8701520840255861     
 b_abs=    1.141514573979569     
 g=  -2.0229630610047490E-002
 j=    0.000000000000000         652.2013865857700      
    157.8967370866635     
 v_perp_2=    29156544.25819581     
 b_n=  -3.0110892151613116E-004  -0.8803274215852720      
   0.8705314055887734     
 b_para_n=    1.141514581775384     
 dxdt=   -2.251097378395824        -4751.883867739021      
    4707.611104660170     
 dudt=   -2522452.494646431     
 ---------------------
 rk4
 istep=     29000001
 grad_b=  -0.3358464199078982       -6.5155772110688974E-003 
  -3.8988744753798765E-002
 bsub=   3.5867839874300221E-002  -3.4503590668951784E-002 
   0.9227522535538086     
 bsup=    0.000000000000000       -0.1843940010519553      
    1.064058785777767     
 b_abs=   0.9943980256499295     
 g=  -1.4591290382547955E-002
 j=    0.000000000000000         561.6106198132857      
   -204.6383936238141     
 v_perp_2=    25398875.44085250     
 b_n=  -3.4511747288982541E-005  -0.1829468567653341      
    1.064114219647981     
 b_para_n=   0.9943980077423451     
 dxdt=  -0.2926526228573315        -1187.338690357343      
    6922.905995405500     
 dudt=    517376.0607491750     
 ---------------------
 Elapsed time (seconds):     154.1341700000000     

real	2m34.145s
user	2m33.692s
sys	0m0.018s
>>> [PID 3622617] DONE  u=6500, v_perp=-5000, out=gc_grid/dat119.dat
