>>> [PID 3620845] START u=1500, v_perp=-5000, out=gc_grid/dat109.dat, dt=2e-09, steps=30000000
 outer boundary:   8.3000000000000462E-002
 rk4
 istep=            1
 grad_b=  -0.5028825131080252        4.9320680205458545E-003 
  -7.9835649035788214E-003
 bsub=   8.6923507091614255E-003   4.2252358864495479E-002 
    1.020726994450895     
 bsup=    0.000000000000000        0.5003171168134769      
   0.9181485419739818     
 b_abs=   0.9787596821249713     
 g=  -1.6418710014726556E-002
 j=    0.000000000000000         576.0999584258926      
    59.09753104410409     
 v_perp_2=    24999999.61930429     
 b_n=   5.3592223255376828E-006   0.5008291802891373      
   0.9181273014578369     
 b_para_n=   0.9787596838677585     
 dxdt=   5.3842651372880940E-002    771.9064699797533      
    1406.896991349075     
 dudt=    63447.93938616438     
 ---------------------
 rk4
 istep=      1000001
 grad_b=  -0.4988340534731085       -9.2652767885927134E-002 
   7.4207059992529745E-002
 bsub=   1.8137160054831136E-002  -3.6191456000713614E-003 
    1.116878080024057     
 bsup=    0.000000000000000       -0.2266108882882686      
   0.9113169631172797     
 b_abs=    1.009159640190748     
 g=  -1.9927009779216107E-002
 j=    0.000000000000000         405.4812135086157      
    82.87832022790087     
 v_perp_2=    25776491.14899819     
 b_n=   6.4587204727308914E-005  -0.2269603733558956      
   0.9113147805098755     
 b_para_n=    1.009159638763271     
 dxdt=  -0.7572125803424560         276.6793167801051      
   -1096.164728450499     
 dudt=   -1121545.921929859     
 ---------------------
 rk4
 istep=      2000001
 grad_b=  -1.7098605970872011E-002   0.1452020367021145      
  -0.1324681961889036     
 bsub=  -1.9202968517840695E-002  -8.4621445382768688E-003 
    1.200272107402518     
 bsup=    0.000000000000000       -7.5387742164438165E-002 
   0.9278842638746668     
 b_abs=    1.055623560865238     
 g=  -1.8579903045293084E-002
 j=    0.000000000000000        -323.9627363658667      
   -328.2339388365598     
 v_perp_2=    26963297.08281812     
 b_n=  -4.6849066321193429E-005  -7.5393980764774993E-002 
   0.9278834725338876     
 b_para_n=    1.055623563336591     
 dxdt=    1.141189315907703         38.39112144705723      
   -470.6336264829343     
 dudt=    1619499.556973864     
 ---------------------
 rk4
 istep=      3000001
 grad_b=  -0.4841168282189707        4.7932994171226012E-003 
  -3.8843567663692652E-003
 bsub=   1.0230584591302917E-002   4.1328863498821374E-002 
    1.022776071337054     
 bsup=    0.000000000000000        0.4154007008871988      
   0.9194717783120284     
 b_abs=   0.9783359285689810     
 g=  -1.6803446420641608E-002
 j=    0.000000000000000         558.9535339859968      
    46.34374043636436     
 v_perp_2=    24989175.22006020     
 b_n=   4.9518115955301295E-006   0.4158849418326809      
   0.9194521627148384     
 b_para_n=   0.9783359300249562     
 dxdt=   4.9669982872794227E-002    643.2862639821171      
    1412.938883971527     
 dudt=    20630.86673034684     
 ---------------------
 rk4
 istep=      4000001
 grad_b=  -0.5125802810136117       -8.3598144696665100E-002 
   6.8029979828753889E-002
 bsub=   1.8160333913707853E-002  -4.1081441753197667E-004 
    1.106374986434828     
 bsup=    0.000000000000000       -0.2100560245508544      
   0.9115245578419668     
 b_abs=    1.004168469942743     
 g=  -1.9869279727894193E-002
 j=    0.000000000000000         612.5772713267557      
    143.5350911364657     
 v_perp_2=    25649003.33255190     
 b_n=   6.1089150361504766E-005  -0.2104315310108071      
   0.9115234133030115     
 b_para_n=    1.004168467327212     
 dxdt=  -0.6935746212317037         268.9448189384274      
   -1148.555811492173     
 dudt=   -1012007.730850422     
 ---------------------
 rk4
 istep=      5000001
 grad_b=   7.9705872684931178E-003   0.1466795295109581      
  -0.1359738379128531     
 bsub=  -1.9381816533510690E-002  -8.6880559479892948E-003 
    1.205272271707405     
 bsup=    0.000000000000000       -6.4208107529123148E-002 
   0.9291039820554546     
 b_abs=    1.058470031845860     
 g=  -1.8435332254763060E-002
 j=    0.000000000000000        -323.2850268382717      
   -324.9641790390389     
 v_perp_2=    27036002.43096070     
 b_n=  -4.1146756060664286E-005  -6.4206472217338537E-002 
   0.9291033340218207     
 b_para_n=    1.058470033956667     
 dxdt=    1.153948223671504         28.01600220666008      
   -406.0417406526657     
 dudt=    1637951.556539298     
 ---------------------
 Particle has exited the domain at step       5508298  s =  
   8.3000001402687415E-002
 Elapsed time (seconds):     28.34237500000000     

real	0m28.353s
user	0m28.290s
sys	0m0.014s
>>> [PID 3620845] DONE  u=1500, v_perp=-5000, out=gc_grid/dat109.dat
