>>> [PID 3626379] START u=1500, v_perp=-4000, out=gc_grid/dat130.dat, dt=2e-09, steps=30000000
 outer boundary:   8.3000000000000462E-002
 rk4
 istep=            1
 grad_b=  -0.5028825142593303        4.9320676391607504E-003 
  -7.9835645105034436E-003
 bsub=   8.6923506577839330E-003   4.2252358885280235E-002 
    1.020726994473423     
 bsup=    0.000000000000000        0.5003171184134790      
   0.9181485418754509     
 b_abs=   0.9787596821249718     
 g=  -1.6418710013195975E-002
 j=    0.000000000000000         576.0999552940414      
    59.09752595009233     
 v_perp_2=    15999999.75635476     
 b_n=   5.3592217581334100E-006   0.5008291818747794      
   0.9181273013598954     
 b_para_n=   0.9787596838677588     
 dxdt=   3.7416076869408288E-002    770.3369570584870      
    1406.962056375379     
 dudt=    40606.67971427220     
 ---------------------
 rk4
 istep=      1000001
 grad_b=  -0.3338551443071393       -0.1859835849012380      
   0.1086439569018058     
 bsub=   2.2258078330025154E-002  -7.9677165176357950E-002 
    1.259569088766618     
 bsup=    0.000000000000000       -0.5902618099705563      
   0.9041785145925564     
 b_abs=    1.088861902259648     
 g=  -2.0643419749026302E-002
 j=    0.000000000000000        -162.6891113460964      
   -125.2096395827567     
 v_perp_2=    17799864.65437187     
 b_n=   6.4697139913420755E-005  -0.5903830947703271      
   0.9041697000776384     
 b_para_n=    1.088861903336469     
 dxdt=  -0.8280481141501509         365.2524368024439      
   -557.0125450780914     
 dudt=   -1561459.469568135     
 ---------------------
 rk4
 istep=      2000001
 grad_b=  -0.2114715454641181        8.6245691327147420E-002 
  -0.1023097071581636     
 bsub=  -7.7110929237436746E-003   2.6504657348588333E-002 
    1.100845228894562     
 bsup=    0.000000000000000        0.3404313103218666      
   0.9249501995110062     
 b_abs=    1.013717153434991     
 g=  -1.7184934779748383E-002
 j=    0.000000000000000         92.82261449996378      
   -268.0762340487671     
 v_perp_2=    16571456.69752728     
 b_n=  -7.4950579236142983E-005   0.3402520300616858      
   0.9249539954379216     
 b_para_n=    1.013717158285505     
 dxdt=   0.5686400192935691        -433.7297062435368      
   -1182.165817178904     
 dudt=    526277.6978366869     
 ---------------------
 rk4
 istep=      3000001
 grad_b=  -8.1026682589053350E-002   0.1283313067163951      
  -0.1246927273766476     
 bsub=  -1.5083356632082042E-002   4.7546893652616745E-003 
    1.166470206423404     
 bsup=    0.000000000000000        4.4371314001214746E-002 
   0.9257799482408507     
 b_abs=    1.039264371249309     
 g=  -1.8336055702136068E-002
 j=    0.000000000000000        -322.6799895174852      
   -282.0519179780738     
 v_perp_2=    16989082.38462431     
 b_n=   8.9146582299841175E-005   4.4428488972868059E-002 
   0.9257808638967641     
 b_para_n=    1.039264366731574     
 dxdt=   0.7452175786197972         48.42036755984442      
    1000.295753422873     
 dudt=    863113.5531764451     
 ---------------------
 rk4
 istep=      4000001
 grad_b=  -0.4303365971035350       -0.1541820904691625      
   9.8630823906982662E-002
 bsub=   1.8884408083047005E-002  -4.6329804390406841E-002 
    1.196555645431497     
 bsup=    0.000000000000000       -0.4652187148861321      
   0.9032894017014297     
 b_abs=    1.049825145486278     
 g=  -2.0700750496039352E-002
 j=    0.000000000000000        -572.5434272899203      
   -257.6023927945484     
 v_perp_2=    17161721.46056785     
 b_n=  -8.6063856183661342E-005  -0.4649715182460373      
   0.9033003281944005     
 b_para_n=    1.049825141980824     
 dxdt=  -0.7598388546947524        -460.1029634674231      
    897.6905704439711     
 dudt=   -1252098.176688788     
 ---------------------
 rk4
 istep=      5000001
 grad_b=  -0.4692652101779340       -2.0253045036689343E-002 
   2.3892629074025867E-002
 bsub=   1.4930433395077047E-002   3.2309538248094516E-002 
    1.040291952973589     
 bsup=    0.000000000000000        0.1586996025113099      
   0.9224590887642413     
 b_abs=   0.9821681957313089     
 g=  -1.8068744353670407E-002
 j=    0.000000000000000        -875.0092610593636      
    339.1883497958549     
 v_perp_2=    16055718.13499046     
 b_n=   1.9418524357051444E-005   0.1582652759313403      
   0.9224722932579982     
 b_para_n=   0.9821681891788010     
 dxdt=  -0.1364350760407466        -236.2998296829604      
   -1391.350115697808     
 dudt=   -156668.6124214673     
 ---------------------
 rk4
 istep=      6000001
 grad_b=   0.1525584969154455        0.1798235102136984      
  -0.1385091391867850     
 bsub=  -3.2829614341933391E-002  -5.2186939921739769E-002 
    1.304217723299511     
 bsup=    0.000000000000000       -0.3756454350378277      
   0.9321972810555674     
 b_abs=    1.111694893839234     
 g=  -1.8836561266615898E-002
 j=    0.000000000000000         619.3121371245472      
    77.07993113568666     
 v_perp_2=    18173119.16846759     
 b_n=  -2.8322609872508188E-005  -0.3756212112380853      
   0.9321975372412987     
 b_para_n=    1.111694893638053     
 dxdt=   0.8419710239102987         92.97160897685120      
   -232.5120666705946     
 dudt=    1445976.749582464     
 ---------------------
 Particle has exited the domain at step       6833337  s =  
   8.3000000200017909E-002
 Elapsed time (seconds):     34.69893600000000     

real	0m34.709s
user	0m34.631s
sys	0m0.018s
>>> [PID 3626379] DONE  u=1500, v_perp=-4000, out=gc_grid/dat130.dat
