>>> [PID 3624934] START u=10000, v_perp=-5000, out=gc_grid/dat126.dat, dt=2e-09, steps=30000000
 outer boundary:   8.3000000000000462E-002
 rk4
 istep=            1
 grad_b=  -0.5028816115063300        4.9312023784431128E-003 
  -7.9817311751290976E-003
 bsub=   8.6925877002946295E-003   4.2252225419630106E-002 
    1.020727515303004     
 bsup=    0.000000000000000        0.5003001856908585      
   0.9181486998837521     
 b_abs=   0.9787595976787099     
 g=  -1.6418795805210894E-002
 j=    0.000000000000000         576.0999675940272      
    59.08477329272247     
 v_perp_2=    24999997.46233279     
 b_n=   3.5721583475996379E-005   0.5037139204163972      
   0.9180070979087562     
 b_para_n=   0.9787596092954990     
 dxdt=   0.4105888864377381         5150.811590328660      
    9379.110044997040     
 dudt=    63432.73799795728     
 ---------------------
 rk4
 istep=      1000001
 grad_b=   0.5368865685833026       -8.3322394842258549E-002 
  -0.1761985590470745     
 bsub=   3.3317470154795414E-002   8.0731310803896408E-002 
    1.304986930926239     
 bsup=    0.000000000000000       -0.5426534680802675      
    1.127712296966210     
 b_abs=    1.194973778353734     
 g=  -7.9088799459397369E-003
 j=    0.000000000000000         123.5162733116974      
    403.0252468726393     
 v_perp_2=    30522599.62045848     
 b_n=  -8.5095370821343928E-004  -0.5490146847697055      
    1.128127594836648     
 b_para_n=    1.194973826310386     
 dxdt=   -8.039767928553177        -4474.058076352824      
    9176.765184502483     
 dudt=    1640380.887846052     
 ---------------------
 rk4
 istep=      2000001
 grad_b=  -0.6418405277218698        0.1287209148436926      
  -0.1110128115418293     
 bsub=   1.0536700212769722E-002  -0.2172292136927846      
    1.491523232083455     
 bsup=    0.000000000000000        -1.167060594965609      
   0.8949677401783559     
 b_abs=    1.260216541501425     
 g=  -1.7297483715632431E-002
 j=    0.000000000000000        -83.01251330957002      
   -275.8089258214368     
 v_perp_2=    32188996.96758467     
 b_n=   6.1589817699887642E-004   -1.163552688341254      
   0.8954742631184945     
 b_para_n=    1.260216510133432     
 dxdt=    5.524767854942053        -8890.240505103395      
    6846.210947462172     
 dudt=    2529267.185875717     
 ---------------------
 rk4
 istep=      3000001
 grad_b=   0.6539056792275443        6.2223637302069285E-002 
   0.1779274613066379     
 bsub=   1.3018162947555936E-002   0.1454023804972171      
    1.708980915755831     
 bsup=    0.000000000000000       -0.8018112265748334      
    1.088014248263941     
 b_abs=    1.320326134606990     
 g=  -8.2830177846105538E-003
 j=    0.000000000000000        -490.6868446560882      
    4.171067729040956     
 v_perp_2=    33724270.55041254     
 b_n=   5.5698805605935921E-004  -0.8095305081826407      
    1.088666768629163     
 b_para_n=    1.320326129980161     
 dxdt=    4.774904511645713        -5868.052913118199      
    7878.426540129644     
 dudt=   -1389933.852055595     
 ---------------------
 rk4
 istep=      4000001
 grad_b=  -0.1305967503603914        1.3254538015667963E-002 
  -6.5034500695055550E-002
 bsub=   3.3894400181081447E-002   7.0210940295666567E-003 
   0.9725024142288394     
 bsup=    0.000000000000000        5.8743180911254966E-002 
    1.044510973783441     
 b_abs=    1.007896564280964     
 g=  -1.4808035159376886E-002
 j=    0.000000000000000        -631.0980569853120      
    136.2794556055572     
 v_perp_2=    25744028.09103613     
 b_n=   9.2473807329728806E-005   5.9607797304223227E-002 
    1.044501525734113     
 b_para_n=    1.007896580796989     
 dxdt=    1.032615241034945         590.3120983586738      
    10324.54495343151     
 dudt=    850874.0332639862     
 ---------------------
 rk4
 istep=      5000001
 grad_b=  -0.8729702146869390       -8.6396722829754191E-002 
  -0.1098883057607528     
 bsub=   2.8671813743188224E-002  -8.8135185410672584E-002 
    1.007867428101469     
 bsup=    0.000000000000000       -0.5341695486882101      
   0.9762712267999835     
 b_abs=    1.014772645304526     
 g=  -1.3616846577733896E-002
 j=    0.000000000000000        -572.5486522145537      
   -63.44881602980624     
 v_perp_2=    25919604.99202173     
 b_n=  -7.1858589534899058E-004  -0.5276590216277544      
   0.9768609947742931     
 b_para_n=    1.014772643590743     
 dxdt=   -7.970581337128620        -5167.458576412988      
    9582.794563995019     
 dudt=    769339.2123615858     
 ---------------------
 rk4
 istep=      6000001
 grad_b=  -0.3864170411797308        0.1140438579120775      
  -7.2318159158995171E-002
 bsub=  -2.1245352428290197E-002  -0.2328316372794588      
    1.496569567560287     
 bsup=    0.000000000000000        -1.217673044288798      
   0.9006544613107799     
 b_abs=    1.277288893596200     
 g=  -1.7454041657413627E-002
 j=    0.000000000000000        -509.5285623343481      
   -53.14529218930421     
 v_perp_2=    32624815.73181963     
 b_n=   5.4319967698473711E-004   -1.215625682528779      
   0.9009806973492447     
 b_para_n=    1.277288896624288     
 dxdt=    4.809199922244520        -9144.483950405260      
    6780.032529236781     
 dudt=    2039740.182248200     
 ---------------------
 rk4
 istep=      7000001
 grad_b=   0.7395174307504727        2.5531854728653304E-002 
   0.1811868590448925     
 bsub=   5.4070832885569339E-002   0.1363702721032470      
    1.772163511708579     
 bsup=    0.000000000000000       -0.8069324491706766      
    1.071752478254437     
 b_abs=    1.337405230490690     
 g=  -9.5268873793620968E-003
 j=    0.000000000000000        -937.6947362876792      
    545.4120714873110     
 v_perp_2=    34160248.86690430     
 b_n=   1.2017607299822089E-004  -0.8145436957913549      
    1.072334551138695     
 b_para_n=    1.337405289241985     
 dxdt=    1.017462268593074        -5815.026083286875      
    7642.748163408059     
 dudt=   -1657586.972042537     
 ---------------------
 rk4
 istep=      8000001
 grad_b=  -0.2000504380912697       -9.2666754503508697E-003 
  -5.4172618379942722E-002
 bsub=   3.8525457806036972E-002  -1.6503852780272402E-002 
   0.9370147593928642     
 bsup=    0.000000000000000       -4.9661419890045244E-002 
    1.078184013431867     
 b_abs=    1.005699919024309     
 g=  -1.4010611668830289E-002
 j=    0.000000000000000        -574.3785045509389      
    39.74796700541457     
 v_perp_2=    25687723.90758768     
 b_n=  -7.0459013323835495E-005  -4.8297767678480458E-002 
    1.078210935171878     
 b_para_n=    1.005699925076462     
 dxdt=  -0.7884783537290680        -476.8384830801552      
    10684.10590294815     
 dudt=    735862.4730339698     
 ---------------------
 rk4
 istep=      9000001
 grad_b=  -0.8451794253537402       -7.8575674952986781E-003 
  -3.2666055724892569E-002
 bsub=  -1.2836990016843550E-002  -7.4376338904000763E-002 
   0.9789929964831386     
 bsup=    0.000000000000000       -0.4637218049752055      
   0.9658172890599920     
 b_abs=   0.9902539256392207     
 g=  -1.6987157823254731E-002
 j=    0.000000000000000         811.3747378956783      
   -119.0569448162815     
 v_perp_2=    25293143.08658038     
 b_n=  -6.3476803900583742E-005  -0.4585301884646817      
   0.9662108517601807     
 b_para_n=   0.9902539019576315     
 dxdt=  -0.7212608069397848        -4616.998800286892      
    9743.394776171392     
 dudt=    359892.7409814722     
 ---------------------
 rk4
 istep=     10000001
 grad_b=  -0.4822934057310698        7.8585220470014261E-002 
   0.1142757230363145     
 bsub=  -0.1006647334685015       -2.2900775572826004E-002 
    1.775896495139168     
 bsup=    0.000000000000000        -1.166159376743504      
   0.9947187680203584     
 b_abs=    1.338823953835215     
 g=  -1.5558866352269735E-002
 j=    0.000000000000000        -813.4544746329034      
    576.5412113302632     
 v_perp_2=    34196288.71512402     
 b_n=   5.0821828209984279E-004   -1.163138945903244      
   0.9947865802007998     
 b_para_n=    1.338824026695322     
 dxdt=    4.298370866538169        -8274.609074481043      
    7080.497763129509     
 dudt=   -210137.1768538603     
 ---------------------
 rk4
 istep=     11000001
 grad_b=   0.5668502758160231       -8.3728634756186915E-002 
   0.1236169666220733     
 bsub=   9.8724351633610513E-002  -2.0470426674321945E-002 
    1.674048338835100     
 bsup=    0.000000000000000       -0.9685116315001772      
    1.001808262338278     
 b_abs=    1.302692184889074     
 g=  -1.4209443890822432E-002
 j=    0.000000000000000         294.2885589581642      
    631.9069429787396     
 v_perp_2=    33273341.60097015     
 b_n=  -5.7189106233525701E-004  -0.9724038311953607      
    1.001794455237913     
 b_para_n=    1.302692262928000     
 dxdt=   -4.967133977929670        -7154.310522478915      
    7365.182043482918     
 dudt=   -2009060.170763967     
 ---------------------
 rk4
 istep=     12000001
 grad_b=  -0.2997714587408835       -1.9919994110102889E-002 
  -4.5506375384171918E-002
 bsub=   3.7172089452366497E-002  -3.6746707778046034E-002 
   0.9079346323166477     
 bsup=    0.000000000000000       -0.1333219098556686      
    1.096084615780974     
 b_abs=    1.000368800302396     
 g=  -1.3240539548003047E-002
 j=    0.000000000000000         74.27616134877093      
   -214.0514309433422     
 v_perp_2=    25551358.50858286     
 b_n=  -1.5556741170222712E-004  -0.1311922553592305      
    1.096177149678384     
 b_para_n=    1.000368774484847     
 dxdt=   -1.750032457051089        -1305.091271728699      
    10927.59915931865     
 dudt=    602862.5782902342     
 ---------------------
 rk4
 istep=     13000001
 grad_b=  -0.7783863125752313       -6.3478804918777609E-004 
  -2.4262537453400956E-002
 bsub=  -2.0697798426889558E-002  -5.9658345366314258E-002 
   0.9851989816000517     
 bsup=    0.000000000000000       -0.4356074045226180      
   0.9661243693011257     
 b_abs=   0.9889461813968287     
 g=  -1.7591175182297015E-002
 j=    0.000000000000000         59.86349517812135      
   -187.8152901435331     
 v_perp_2=    25259546.36035215     
 b_n=  -1.2588121358724711E-005  -0.4309472951667240      
   0.9664062705542041     
 b_para_n=   0.9889461560773967     
 dxdt=  -0.1432200712482391        -4346.023788687517      
    9759.752506251702     
 dudt=    299134.2053708266     
 ---------------------
 rk4
 istep=     14000001
 grad_b=   0.4567868175975678        2.5653148562114432E-002 
  -2.2472113751883127E-002
 bsub=  -4.5687572544270597E-002   0.1727056634340600      
    2.060494895183944     
 bsup=    0.000000000000000        -1.188165016809724      
    1.073291845765340     
 b_abs=    1.416801832057900     
 g=  -9.0190473865176153E-003
 j=    0.000000000000000        -76.01868973149300      
    265.3192875295531     
 v_perp_2=    36187719.13867544     
 b_n=   3.0898512956326692E-004   -1.193284966703407      
    1.073727861298690     
 b_para_n=    1.416801864989133     
 dxdt=    2.473971176565462        -7944.215712818391      
    7142.619916618993     
 dudt=    492153.2572721110     
 ---------------------
 rk4
 istep=     15000001
 grad_b=  -0.7217687302632528       -0.1661636423864368      
   0.1123102415371737     
 bsub=   6.3853532069872761E-003  -0.1175643368326334      
    1.276481399995832     
 bsup=    0.000000000000000       -0.7565439782330595      
   0.8835785547478406     
 b_abs=    1.103046290874615     
 g=  -2.0335161864983860E-002
 j=    0.000000000000000         129.9186140358179      
   -418.9032257408267     
 v_perp_2=    28173772.77143410     
 b_n=  -8.2755151970173059E-004  -0.7527077008117599      
   0.8839359662372517     
 b_para_n=    1.103046232398997     
 dxdt=   -8.456438921167608        -6709.760312553626      
    7885.861498359584     
 dudt=   -2604368.105525466     
 ---------------------
 rk4
 istep=     16000001
 grad_b=  -0.6094306407673428       -1.5185667063350672E-002 
  -1.7960275867989178E-002
 bsub=   1.4091518350608411E-002  -8.5426063432844174E-002 
   0.8401687100398989     
 bsup=    0.000000000000000       -0.3257128201427257      
    1.122508548227206     
 b_abs=   0.9851361495821691     
 g=  -1.1037231298979305E-002
 j=    0.000000000000000        -99.27803914416270      
    188.0338593663552     
 v_perp_2=    25162091.41985033     
 b_n=  -1.3947897756237193E-004  -0.3207186145296287      
    1.123018711229870     
 b_para_n=   0.9851361721128471     
 dxdt=   -1.592957938216107        -3246.553669285088      
    11391.03860129235     
 dudt=    197232.7780803265     
 ---------------------
 rk4
 istep=     17000001
 grad_b=  -0.7073478173934875        4.3377845102637660E-003 
  -1.8844350105716015E-002
 bsub=  -2.5540613322872906E-002  -4.3696294165713474E-002 
   0.9945831834936342     
 bsup=    0.000000000000000       -0.3989447890635237      
   0.9607668758439057     
 b_abs=   0.9862493909770085     
 g=  -1.8100044661076373E-002
 j=    0.000000000000000        -650.0351296103904      
   -43.86329743636952     
 v_perp_2=    25190471.68656071     
 b_n=   2.0723428988896467E-005  -0.3947656057295073      
   0.9609510153803558     
 b_para_n=   0.9862493889216940     
 dxdt=   0.2364142264753049        -3993.539377186196      
    9734.440759460545     
 dudt=    256848.7978053463     
 ---------------------
 rk4
 istep=     18000001
 grad_b=   0.4556440021927976       -4.9925984924944884E-002 
  -0.1564100884807161     
 bsub=  -3.1533546000845122E-003   0.1845642363082666      
    2.090169186532967     
 bsup=    0.000000000000000        -1.377382764164148      
    1.071386685248711     
 b_abs=    1.408670483022565     
 g=  -7.4025725826605661E-003
 j=    0.000000000000000         479.5364341751463      
    32.77065247273578     
 v_perp_2=    35979753.13095873     
 b_n=  -5.0723123999843532E-004   -1.383778913165939      
    1.071950713609582     
 b_para_n=    1.408670492836329     
 dxdt=   -4.083918931003899        -9276.991828127104      
    7180.521289780323     
 dudt=    895785.5330418947     
 ---------------------
 rk4
 istep=     19000001
 grad_b=   -1.114500520983976       -9.7196426525507709E-002 
   0.1267446576694796     
 bsub=  -8.8767015151509816E-003  -9.9931356936416318E-002 
    1.247758881462079     
 bsup=    0.000000000000000       -0.7565805253671856      
   0.8761222255156274     
 b_abs=    1.081091211658628     
 g=  -2.0119567084256031E-002
 j=    0.000000000000000        -1221.902662490719      
    390.4117456404641     
 v_perp_2=    27612788.68460329     
 b_n=  -4.7684984290595635E-004  -0.7504801988619723      
   0.8766074588187337     
 b_para_n=    1.081091279286441     
 dxdt=   -4.969903543697143        -6842.693252255056      
    8002.539721022121     
 dudt=   -2180422.173925550     
 ---------------------
 rk4
 istep=     20000001
 grad_b=  -1.0377470854801868E-002   8.6698693849327421E-002 
   0.1211180792601996     
 bsub=  -4.8332874845080365E-002   1.1425191322794938E-002 
   0.9927969397818808     
 bsup=    0.000000000000000       -0.2890211502275697      
    1.146140920155422     
 b_abs=    1.065550186612484     
 g=  -9.2131542606623158E-003
 j=    0.000000000000000         331.3550330857366      
   -64.21792634137451     
 v_perp_2=    27215786.62402740     
 b_n=   8.3754628628639975E-004  -0.2889771139937061      
    1.146181180735839     
 b_para_n=    1.065550179746169     
 dxdt=    8.854312584045690        -2681.727926021490      
    10636.91927455221     
 dudt=   -1363434.282176266     
 ---------------------
 rk4
 istep=     21000001
 grad_b=  -0.6033652786228312        3.8500221085273706E-002 
  -3.7843506191476292E-002
 bsub=  -2.2332509227876326E-002  -2.8619090906364802E-003 
    1.057920741117901     
 bsup=    0.000000000000000       -0.2606615175825309      
   0.9222875710912772     
 b_abs=   0.9881385931575508     
 g=  -1.9315681901999039E-002
 j=    0.000000000000000         809.4777844737739      
   -6.001443172605704     
 v_perp_2=    25238527.82125372     
 b_n=   2.2505676387255959E-004  -0.2571202939910507      
   0.9223019007004147     
 b_para_n=   0.9881385919922024     
 dxdt=    2.562622890877465        -2594.434264392069      
    9322.610094234497     
 dudt=    580782.6223362940     
 ---------------------
 rk4
 istep=     22000001
 grad_b=   0.4089524371344062       -7.4545314847616700E-002 
  -0.2203487403182664     
 bsub=   2.9184595504733912E-002   0.1587206429981210      
    2.002725311619541     
 bsup=    0.000000000000000        -1.568497162824875      
    1.073273297206674     
 b_abs=    1.377687035141888     
 g=  -7.7774112520204216E-003
 j=    0.000000000000000        -1448.334081282308      
    526.9476795428682     
 v_perp_2=    35188112.88075437     
 b_n=  -7.6780147057478240E-004   -1.574041227039773      
    1.073723903215589     
 b_para_n=    1.377687089324921     
 dxdt=   -6.316257687266731        -10835.07633559629      
    7386.601042371055     
 dudt=    1108379.982062857     
 ---------------------
 rk4
 istep=     23000001
 grad_b=   -1.223047419577810       -7.3102347853213068E-002 
   0.1361699958286995     
 bsub=  -1.4915655006736174E-002  -9.7675957517881815E-002 
    1.249971243725329     
 bsup=    0.000000000000000       -0.7785098711031437      
   0.8743742560914558     
 b_abs=    1.081320550664798     
 g=  -2.0109169000003695E-002
 j=    0.000000000000000        -887.6449040015868      
    130.5892461381545     
 v_perp_2=    27618434.40673100     
 b_n=  -3.4280362576752935E-004  -0.7718065379267198      
   0.8748940051137235     
 b_para_n=    1.081320578395555     
 dxdt=   -3.572080109118057        -7034.887253476683      
    7985.018599676390     
 dudt=   -2078300.935480019     
 ---------------------
 rk4
 istep=     24000001
 grad_b=   0.4257809694175183        4.2269618438076050E-002 
   0.1332716221180295     
 bsub=  -2.7018800287746142E-002   4.7834398691242661E-002 
    1.084273312945750     
 bsup=    0.000000000000000        6.5820041316346667E-002 
    1.120102458018155     
 b_abs=    1.103243932633331     
 g=  -1.0367268792622007E-002
 j=    0.000000000000000        -222.9088738331064      
    308.9331458802815     
 v_perp_2=    28178324.59943278     
 b_n=   3.2188273742284670E-004   6.2024467013362471E-002 
    1.120277961669407     
 b_para_n=    1.103243967100330     
 dxdt=    3.288619881327720         548.2683297338733      
    9991.954006437090     
 dudt=   -1760176.228720602     
 ---------------------
 rk4
 istep=     25000001
 grad_b=   0.7190647452538135        8.3081969302861297E-002 
  -0.1785924982602594     
 bsub=  -4.3505770220715834E-002   1.2503044839528368E-002 
    1.355774191733578     
 bsup=    0.000000000000000        5.7713410949515376E-002 
    1.004894706645996     
 b_abs=    1.167585026645461     
 g=  -1.2979307572705261E-002
 j=    0.000000000000000         266.3270936801231      
   -61.39942097323083     
 v_perp_2=    29821626.66534470     
 b_n=   6.6260734721621504E-004   5.2134943342427423E-002 
    1.004967407760940     
 b_para_n=    1.167585019127147     
 dxdt=    6.403883230084912         428.3193869980814      
    8397.258539516784     
 dudt=    1910504.063871391     
 ---------------------
 rk4
 istep=     26000001
 grad_b=  -0.4130157269455084       -0.1560135027417753      
  -0.2992640243061837     
 bsub=   6.4412552039566612E-002  -5.0642914655795500E-003 
    1.611320900827221     
 bsup=    0.000000000000000        -1.273891274853028      
   0.9660175510491977     
 b_abs=    1.250451285807862     
 g=  -1.5039033420357504E-002
 j=    0.000000000000000        -505.8245625098744      
    341.3455821615171     
 v_perp_2=    31938075.00941581     
 b_n=  -1.0853844240267722E-003   -1.271117926972716      
   0.9660696905488184     
 b_para_n=    1.250451330625922     
 dxdt=   -9.810263959252579        -9802.626084990234      
    7453.009914879660     
 dudt=    922728.8506062446     
 ---------------------
 rk4
 istep=     27000001
 grad_b=   -1.305112375701027       -4.0635934228420101E-002 
   0.1517685206491214     
 bsub=  -2.1592219674734243E-002  -9.5321746806566840E-002 
    1.252072605235458     
 bsup=    0.000000000000000       -0.8102425512835090      
   0.8702999675134822     
 b_abs=    1.080456577878270     
 g=  -2.0152549300925453E-002
 j=    0.000000000000000         262.6592485050919      
   -499.5252567526326     
 v_perp_2=    27596154.40542965     
 b_n=  -1.5980411144132439E-004  -0.8030852818324200      
   0.8708420405415684     
 b_para_n=    1.080456505582482     
 dxdt=   -1.666497837518782        -7326.453448263289      
    7955.334540568055     
 dudt=   -1950341.455648185     
 ---------------------
 rk4
 istep=     28000001
 grad_b=   0.5667373702549622        1.4165385925533599E-002 
   0.1400648340583537     
 bsub=  -1.2169524710738878E-002   5.3711230228049460E-002 
    1.118280257418199     
 bsup=    0.000000000000000        0.2990063518210901      
    1.095580984786159     
 b_abs=    1.113806505202607     
 g=  -1.0715251386494044E-002
 j=    0.000000000000000         594.3598970567233      
   -266.8045174805160     
 v_perp_2=    28447888.02311408     
 b_n=   6.4322778667253030E-005   0.2940922027960609      
    1.095817684722890     
 b_para_n=    1.113806477458898     
 dxdt=   0.6510583726410791         2588.119093023659      
    9667.702466262308     
 dudt=   -1807997.621645219     
 ---------------------
 rk4
 istep=     29000001
 grad_b=   0.8292500842265449       -6.3901923153990257E-003 
  -0.1625106215020757     
 bsub=  -2.1067813199976308E-002   7.1112543770187386E-002 
    1.319848960667862     
 bsup=    0.000000000000000        5.8305572498500213E-002 
    1.090203670992437     
 b_abs=    1.200972874189081     
 g=  -9.1607062210068320E-003
 j=    0.000000000000000        -853.7132716380958      
    108.6799924784714     
 v_perp_2=    30674159.46132334     
 b_n=   2.4011129811961091E-005   4.9915413615578552E-002 
    1.090656116852581     
 b_para_n=    1.200972881512703     
 dxdt=   0.2257480485314139         392.6288590576050      
    8820.623245501487     
 dudt=    1887900.311781084     
 ---------------------
 Elapsed time (seconds):     160.1554350000000     

real	2m40.167s
user	2m39.168s
sys	0m0.045s
>>> [PID 3624934] DONE  u=10000, v_perp=-5000, out=gc_grid/dat126.dat
