>>> [PID 3620180] START u=0, v_perp=-5000, out=gc_grid/dat106.dat, dt=2e-09, steps=30000000
 outer boundary:   8.3000000000000462E-002
 rk4
 istep=            1
 grad_b=  -0.5028826683603123        4.9322220500339631E-003 
  -7.9838898137125497E-003
 bsub=   8.6923090587269561E-003   4.2252382342203444E-002 
    1.020726902463965     
 bsup=    0.000000000000000        0.5003200993570170      
   0.9181485144362096     
 b_abs=   0.9787596970293544     
 g=  -1.6418694880228485E-002
 j=    0.000000000000000         576.0999659675248      
    59.09979950629176     
 v_perp_2=    24999999.99999999     
 b_n=   4.5340945793708118E-013   0.5003200994003381      
   0.9181485144344126     
 b_para_n=   0.9787596970293545     
 dxdt=   4.5630854330956136E-002    4.359769578233729      
  -0.1807369211360603     
 dudt=    63450.62973921542     
 ---------------------
 rk4
 istep=      1000001
 grad_b=  -0.4936106390543655        6.1362287345668315E-004 
   1.2275898778831978E-003
 bsub=   1.0215023280567864E-002   4.1095058692658462E-002 
    1.024015738944755     
 bsup=    0.000000000000000        0.4052102482793603      
   0.9193403117239247     
 b_abs=   0.9785811168547924     
 g=  -1.6889197848273745E-002
 j=    0.000000000000000         375.6806132297611      
    25.40231145973007     
 v_perp_2=    24995438.61033436     
 b_n=   2.5246648474816870E-008   0.4052323309167386      
   0.9193394253043800     
 b_para_n=   0.9785811168932247     
 dxdt=   4.7758157115852422E-003    32.14334431618026      
    63.28179381626553     
 dudt=   -17973.81026786346     
 ---------------------
 rk4
 istep=      2000001
 grad_b=  -0.4888171747088345       -1.2011376515233332E-003 
   4.7446766375399962E-003
 bsub=   1.1033773973214141E-002   4.0254866600842536E-002 
    1.025679667372253     
 bsup=    0.000000000000000        0.3621972834477762      
   0.9201391252856794     
 b_abs=   0.9787133429465550     
 g=  -1.7089616011923867E-002
 j=    0.000000000000000         154.8060300156991      
    40.89441432380723     
 v_perp_2=    24998815.99939451     
 b_n=   3.1291579453716521E-008   0.3621862570051013      
   0.9201395576823252     
 b_para_n=   0.9787133429238037     
 dxdt=  -1.1615197381121779E-002   -8.641117865280803      
   -32.51048448540500     
 dudt=   -51292.02572783992     
 ---------------------
 rk4
 istep=      3000001
 grad_b=  -0.4952941662613979        6.2017554257893653E-003 
  -7.3269328272524692E-003
 bsub=   9.6590166585233221E-003   4.1696676177227866E-002 
    1.021544007204781     
 bsup=    0.000000000000000        0.4523487194363146      
   0.9196054550138140     
 b_abs=   0.9787124735734026     
 g=  -1.6596028292040509E-002
 j=    0.000000000000000         601.3425869095945      
    65.36770329594594     
 v_perp_2=    24998793.79340063     
 b_n=  -1.5178125863135468E-007   0.4523371566384251      
   0.9196059283692882     
 b_para_n=   0.9787124735296217     
 dxdt=   5.5819140208799405E-002   -11.79976150623695      
   -32.80711250603958     
 dudt=    51315.78731493972     
 ---------------------
 rk4
 istep=      4000001
 grad_b=  -0.4900317732047851        4.6915657518186507E-003 
  -3.5656890242198175E-003
 bsub=   1.0447006512820562E-002   4.1099044751147666E-002 
    1.022853370345708     
 bsup=    0.000000000000000        0.4077174080553870      
   0.9202808000705127     
 b_abs=   0.9785827577877303     
 g=  -1.6808773794223793E-002
 j=    0.000000000000000         485.1066829567942      
    55.17046127204290     
 v_perp_2=    24995480.52390738     
 b_n=   2.1607504538642094E-007   0.4077393070080804      
   0.9202799180140724     
 b_para_n=   0.9785827578582110     
 dxdt=   4.1063080275753339E-002    32.17113671711844      
    63.05416264523176     
 dudt=    17861.32135347834     
 ---------------------
 rk4
 istep=      5000001
 grad_b=  -0.4816705218645120       -7.7392475787577825E-004 
   5.3613293836605458E-003
 bsub=   1.2036030678380650E-002   3.9289982470419517E-002 
    1.026499228175739     
 bsup=    0.000000000000000        0.3210090659464373      
   0.9214059584749735     
 b_abs=   0.9787594009025177     
 g=  -1.7242642747667201E-002
 j=    0.000000000000000        -76.78146050967325      
    84.52900485927378     
 v_perp_2=    24999992.43615780     
 b_n=  -1.7507028083477697E-009   0.3210099272889187      
   0.9214059255300237     
 b_para_n=   0.9787594009056787     
 dxdt=  -8.1297164107320824E-003    4.901830872408243      
    2.436084402564655     
 dudt=   -61216.98393936192     
 ---------------------
 rk4
 istep=      6000001
 grad_b=  -0.4863275812739595        5.8372208471440951E-003 
  -4.0978671528994620E-003
 bsub=   1.0973815183990245E-002   4.0718802686198763E-002 
    1.022969587598855     
 bsup=    0.000000000000000        0.3873483337675280      
   0.9212323582583448     
 b_abs=   0.9786279085589455     
 g=  -1.6866195488267413E-002
 j=    0.000000000000000         450.4690788504720      
    69.80228150546164     
 v_perp_2=    24996633.78888087     
 b_n=  -2.3064972950545808E-007   0.3873296409273795      
   0.9212331047235739     
 b_para_n=   0.9786279084874684     
 dxdt=   5.0784731865216953E-002   -18.84864791824374      
   -54.78066795165261     
 dudt=    19758.61826517164     
 ---------------------
 rk4
 istep=      7000001
 grad_b=  -0.4854827765730797        8.3706803129600799E-003 
  -7.7946662319891419E-003
 bsub=   1.0740426023679382E-002   4.1004984748055626E-002 
    1.022044636979050     
 bsup=    0.000000000000000        0.4056283799918431      
   0.9213119877525592     
 b_abs=   0.9786859430478682     
 g=  -1.6752061578421337E-002
 j=    0.000000000000000         597.4185542604143      
    82.86823857207962     
 v_perp_2=    24998116.13661541     
 b_n=   2.5114593732678251E-007   0.4056424193528819      
   0.9213114219088407     
 b_para_n=   0.9786859431129165     
 dxdt=   7.3909598321818898E-002    22.12064358235456      
    40.69249600544740     
 dudt=    49404.17109826366     
 ---------------------
 rk4
 istep=      8000001
 grad_b=  -0.4771832681058946        1.1364009700094019E-003 
   3.6423922468136194E-003
 bsub=   1.2672751201992082E-002   3.8778867241907621E-002 
    1.026143377422478     
 bsup=    0.000000000000000        0.3011527618372417      
   0.9224868692353473     
 b_abs=   0.9786874713852518     
 g=  -1.7283939131040833E-002
 j=    0.000000000000000        -155.2320480993387      
    115.4533664055726     
 v_perp_2=    24998155.17421566     
 b_n=   2.7816911458486197E-008   0.3011660533550667      
   0.9224863666568053     
 b_para_n=   0.9786874714515441     
 dxdt=   8.2723568192426510E-003    17.16935940080969      
    40.33549252486115     
 dudt=   -48312.58322521720     
 ---------------------
 rk4
 istep=      9000001
 grad_b=  -0.4773719090563637        3.6972062783046239E-003 
   5.2163425776047267E-004
 bsub=   1.2516701552332296E-002   3.9156190984015203E-002 
    1.024932090636201     
 bsup=    0.000000000000000        0.3154055274432730      
   0.9228318124648105     
 b_abs=   0.9786370159101686     
 g=  -1.7180686197217104E-002
 j=    0.000000000000000         13.01875771601715      
    109.2407944989993     
 v_perp_2=    24996866.41367351     
 b_n=  -1.3413898411552672E-007   0.3153881137272661      
   0.9228324792886864     
 b_para_n=   0.9786370158237442     
 dxdt=   3.0610962718414871E-002   -14.06746190014399      
   -52.93855447371777     
 dudt=   -21499.96316303507     
 ---------------------
 rk4
 istep=     10000001
 grad_b=  -0.4778959801058260        1.0455282721328917E-002 
  -9.3434655057593602E-003
 bsub=   1.1386928053315967E-002   4.0569206645067614E-002 
    1.021969540850070     
 bsup=    0.000000000000000        0.3825840966438669      
   0.9226033545190472     
 b_abs=   0.9787596878548614     
 g=  -1.6803761558704979E-002
 j=    0.000000000000000         607.6789767625942      
    104.6943984564607     
 v_perp_2=    24999999.76563255     
 b_n=  -3.4809681246549483E-009   0.3825839430144825      
   0.9226033606556330     
 b_para_n=   0.9787596878539868     
 dxdt=   9.1830160049178683E-002    3.863502800106576      
  -0.6182440257122268     
 dudt=    60287.44559297123     
 ---------------------
 rk4
 istep=     11000001
 grad_b=  -0.4720582503552030        4.8959393109230739E-003 
  -6.0147127130449896E-004
 bsub=   1.2915519230634300E-002   3.8840108274474212E-002 
    1.024703419584338     
 bsup=    0.000000000000000        0.3027694031517634      
   0.9234930227513565     
 b_abs=   0.9785796038583597     
 g=  -1.7209098600437196E-002
 j=    0.000000000000000        -24.01257738975551      
    130.9813251554563     
 v_perp_2=    24995399.96454729     
 b_n=   2.1700931790765019E-007   0.3027902294897546      
   0.9234922307382210     
 b_para_n=   0.9785796039824602     
 dxdt=   4.0878179762903186E-002    24.90746747302111      
    63.85639659716815     
 dudt=   -12096.62297808900     
 ---------------------
 rk4
 istep=     12000001
 grad_b=  -0.4697980647496351        1.0865961799958329E-003 
   4.0167958222990241E-003
 bsub=   1.3926198094422991E-002   3.7307894485794010E-002 
    1.026754954957750     
 bsup=    0.000000000000000        0.2540849895433875      
   0.9241169465109698     
 b_abs=   0.9787399098979137     
 g=  -1.7446735006723283E-002
 j=    0.000000000000000        -503.2146948525845      
    184.3617163746467     
 v_perp_2=    24999494.58654764     
 b_n=  -1.3591352361299067E-008   0.2540782007947731      
   0.9241171933193243     
 b_para_n=   0.9787399098453033     
 dxdt=   7.7213060760872127E-003   -1.979462655168799      
   -21.36697155868066     
 dudt=   -52039.14566525862     
 ---------------------
 rk4
 istep=     13000001
 grad_b=  -0.4703548298381649        9.4790588054513431E-003 
  -6.4521136867948248E-003
 bsub=   1.2654450055130117E-002   3.9408444017805459E-002 
    1.022908576729641     
 bsup=    0.000000000000000        0.3269218437227047      
   0.9241986818166290     
 b_abs=   0.9786822298415762     
 g=  -1.7028249678751443E-002
 j=    0.000000000000000         306.3551265885158      
    132.7686337396731     
 v_perp_2=    24998021.29191465     
 b_n=  -2.8390812711617034E-007   0.3269081182161604      
   0.9241992140295815     
 b_para_n=   0.9786822297512876     
 dxdt=   8.1524781409668443E-002   -10.91786652192725      
   -42.15915617926004     
 dudt=    37375.23960430198     
 ---------------------
 Particle has exited the domain at step      13591992  s =  
   8.3000000158661380E-002
 Elapsed time (seconds):     69.63612600000000     

real	1m9.646s
user	1m9.498s
sys	0m0.013s
>>> [PID 3620180] DONE  u=0, v_perp=-5000, out=gc_grid/dat106.dat
