>>> [PID 3687314] START u=6500, v_perp=3000, out=gc_grid/dat287.dat, dt=2e-09, steps=30000000
 outer boundary:   8.3000000000000462E-002
 rk4
 istep=            1
 grad_b=  -0.5028819892966646        4.9315566606508918E-003 
  -7.9824840115057250E-003
 bsub=   8.6924898242501034E-003   4.2252280487752508E-002 
    1.020727300958402     
 bsup=    0.000000000000000        0.5003071663591780      
   0.9181486343034665     
 b_abs=   0.9787596324482544     
 g=  -1.6418760471164983E-002
 j=    0.000000000000000         576.0999475655022      
    59.08999748645844     
 v_perp_2=    8999999.406156642     
 b_n=   2.3220775720792456E-005   0.5025260997119461      
   0.9180565926291839     
 b_para_n=   0.9787596399996440     
 dxdt=   0.1706353204202636         3338.874721971021      
    6096.802448146214     
 dudt=    22838.03431147407     
 ---------------------
 rk4
 istep=      1000001
 grad_b=  -0.5547499239846418        9.2148923029281085E-003 
  -1.1209661612975499E-002
 bsub=  -2.6646938665581075E-002  -3.1760125834448191E-003 
    1.017712317166719     
 bsup=    0.000000000000000       -0.2220566299437907      
   0.9445914563754778     
 b_abs=   0.9808517285290370     
 g=  -1.8469009573203080E-002
 j=    0.000000000000000         1027.861000535419      
   -279.1566643700752     
 v_perp_2=    9019228.817458211     
 b_n=   3.5745719535525913E-005  -0.2198952526758660      
   0.9445991128082012     
 b_para_n=   0.9808517030109005     
 dxdt=   0.2621189894496774        -1455.361733691414      
    6258.338738944289     
 dudt=    59224.36387505578     
 ---------------------
 rk4
 istep=      2000001
 grad_b=  -0.9110576117020233        0.1474221441427417      
  -0.1286635832479254     
 bsub=   9.7971849002056691E-003  -0.1436048052422236      
    1.336435019598704     
 bsup=    0.000000000000000       -0.8455990369431373      
   0.8734955509936744     
 b_abs=    1.135107428627684     
 g=  -1.9842651401748495E-002
 j=    0.000000000000000        -436.1789823615086      
    181.5396813260544     
 v_perp_2=    10437648.47758360     
 b_n=   4.6672644769202271E-004  -0.8424195428821197      
   0.8738337946035419     
 b_para_n=    1.135107448524732     
 dxdt=    2.962659990020025        -4738.900761271951      
    4918.233770078976     
 dudt=    960139.5991920243     
 ---------------------
 rk4
 istep=      3000001
 grad_b=  -0.9139123046943738       -0.1348085839483789      
   0.1410571324450899     
 bsub=  -2.8479599024702332E-002  -0.1938298120153787      
    1.458227952032739     
 bsup=    0.000000000000000        -1.073322262460367      
   0.8830667108522086     
 b_abs=    1.223003631348107     
 g=  -1.8715764152589132E-002
 j=    0.000000000000000         223.0429137029365      
   -153.8097047764882     
 v_perp_2=    11245871.43495319     
 b_n=  -4.0002786307398068E-004   -1.070181705315301      
   0.8834763332153317     
 b_para_n=    1.223003616476337     
 dxdt=   -2.359568003629046        -5532.265484226438      
    4569.281227398868     
 dudt=   -1012212.952011187     
 ---------------------
 rk4
 istep=      4000001
 grad_b=  -0.9583889679086181       -9.8897466876995913E-003 
   5.6121555400129676E-002
 bsub=   1.0866493548489677E-002  -6.6797751272984290E-002 
    1.045213221831281     
 bsup=    0.000000000000000       -0.5493986589202128      
   0.9187161189972670     
 b_abs=   0.9985078559177550     
 g=  -1.8758126039173321E-002
 j=    0.000000000000000         1124.170159055496      
   -835.7416284285470     
 v_perp_2=    9181560.828707682     
 b_n=  -2.3902448892465113E-005  -0.5457619823576249      
   0.9189487036409443     
 b_para_n=   0.9985077747891711     
 dxdt=  -0.1722067564621844        -3542.534751448445      
    5969.390866773108     
 dudt=   -262425.6222560927     
 ---------------------
 rk4
 istep=      5000001
 grad_b=   1.5610314315133156E-003  -1.2303754859604069E-002 
  -8.2815300338676845E-002
 bsub=   3.5703409509986558E-002   7.2740710945602173E-003 
   0.9685285963746626     
 bsup=    0.000000000000000        0.1057503959116981      
    1.083794225593186     
 b_abs=    1.024702090518869     
 g=  -1.3498263194915839E-002
 j=    0.000000000000000         152.4874571583876      
    19.60496172515511     
 v_perp_2=    9422415.173071284     
 b_n=  -5.4010226147786837E-005   0.1057290763902884      
    1.083796378442859     
 b_para_n=    1.024702092146205     
 dxdt=  -0.3792819174303821         667.2957213409711      
    6840.401034020308     
 dudt=    408550.2088487417     
 ---------------------
 rk4
 istep=      6000001
 grad_b=   0.8264359468966884        1.7726417832441159E-002 
  -0.1664300650768826     
 bsub=  -3.7023039142917033E-002   6.4360496605553486E-002 
    1.381546403325036     
 bsup=    0.000000000000000        2.1897680017616772E-002 
    1.066473520955874     
 b_abs=    1.214584313338742     
 g=  -9.8738683332777570E-003
 j=    0.000000000000000         836.6068112553395      
   -460.0463687997216     
 v_perp_2=    11168424.57074556     
 b_n=   1.6006116030574521E-004   1.6734159733107760E-002 
    1.066718328380538     
 b_para_n=    1.214584280518217     
 dxdt=   0.9505543359930098         83.47669565837386      
    5560.430033223379     
 dudt=    670406.6278749123     
 ---------------------
 rk4
 istep=      7000001
 grad_b=   0.1424707082712919        7.0509504108571042E-002 
  -8.9761097428717879E-003
 bsub=  -9.8096682215501052E-002   7.3179183820815036E-002 
    1.882648297150068     
 bsup=    0.000000000000000        -1.060671167012249      
    1.039317821599520     
 b_abs=    1.371023470727822     
 g=  -1.2715257846993891E-002
 j=    0.000000000000000         515.9984039425360      
    189.3683984616718     
 v_perp_2=    12606913.25807150     
 b_n=   3.6297604342207587E-004   -1.061398554339018      
    1.039365020993124     
 b_para_n=    1.371023487869409     
 dxdt=    1.914227248941491        -4813.024249759010      
    4712.618926028326     
 dudt=    282078.5434501269     
 ---------------------
 rk4
 istep=      8000001
 grad_b=  -0.5443598012014823        0.1544243134114140      
   0.3049361236236456     
 bsub=  -6.1155257535110842E-002  -2.1823474740619520E-002 
    1.553565191154360     
 bsup=    0.000000000000000        -1.230679713247445      
   0.9484624979096529     
 b_abs=    1.225026153188598     
 g=  -1.5705557381156431E-002
 j=    0.000000000000000        -983.0229402343741      
    617.8329836212786     
 v_perp_2=    11264421.47142366     
 b_n=   6.9204119489208891E-004   -1.228358455768080      
   0.9485223901192658     
 b_para_n=    1.225026207547119     
 dxdt=    4.075388965983919        -6338.927917000879      
    4896.184322933565     
 dudt=   -372206.4588086114     
 ---------------------
 rk4
 istep=      9000001
 grad_b=  -0.9544516695277471        4.4241198096307208E-002 
   7.4409772742159611E-002
 bsub=  -1.0644421693054703E-002  -9.3678108025415402E-002 
   0.9946029241533900     
 bsup=    0.000000000000000       -0.5146025066601905      
   0.9545890783187646     
 b_abs=   0.9986032119702923     
 g=  -1.5399063386248800E-002
 j=    0.000000000000000         91.19874515921904      
    623.2438371620095     
 v_perp_2=    9182399.393217849     
 b_n=   2.2523204985241453E-004  -0.5104113678876229      
   0.9549862897140643     
 b_para_n=   0.9986032642429749     
 dxdt=    1.622545477144722        -3312.164157250541      
    6202.942249296888     
 dudt=   -222210.4132256388     
 ---------------------
 rk4
 istep=     10000001
 grad_b=  -4.7548974139236422E-002  -5.1985253055353259E-002 
  -9.0113566022378661E-002
 bsub=   4.1059328230141849E-002  -6.1065497692979684E-003 
   0.9430465924519595     
 bsup=    0.000000000000000        2.4767003533409548E-002 
    1.129147322594663     
 b_abs=    1.031543665247866     
 g=  -1.1391955246202352E-002
 j=    0.000000000000000         188.0194991827127      
    29.13770347285967     
 v_perp_2=    9485286.446510572     
 b_n=  -2.7649585712534707E-004   2.4996476071127007E-002 
    1.129160849167268     
 b_para_n=    1.031543667350132     
 dxdt=   -1.928936674560022         156.7647435027338      
    7074.138178901767     
 dudt=    459248.1816441523     
 ---------------------
 rk4
 istep=     11000001
 grad_b=   0.7464402878939257       -5.0791787906393153E-002 
  -0.1640210754937236     
 bsub=   2.9076371724923514E-004   0.1016418664662196      
    1.397732840959390     
 bsup=    0.000000000000000       -0.3979496462572262      
    1.125423000658027     
 b_abs=    1.237832457101497     
 g=  -8.0221254190953467E-003
 j=    0.000000000000000        -258.4590634499531      
   -134.3447969553201     
 v_perp_2=    11382151.05579328     
 b_n=  -2.9192408390092700E-004  -0.4035567046071206      
    1.125830791321928     
 b_para_n=    1.237832445505557     
 dxdt=   -1.701649844528908        -2062.598111277171      
    5743.083328906398     
 dudt=    610550.4439259600     
 ---------------------
 rk4
 istep=     12000001
 grad_b=   0.4561971996794510       -6.0650072455539293E-002 
  -0.1773255178529428     
 bsub=  -2.8231432452277810E-003   0.1843703980524986      
    2.061849198248968     
 bsup=    0.000000000000000        -1.323620020719879      
    1.072687890449568     
 b_abs=    1.402396937325786     
 g=  -7.3691256082237065E-003
 j=    0.000000000000000        -301.7125563168057      
   -35.44608826353044     
 v_perp_2=    12895347.27561134     
 b_n=  -4.1287711640974515E-004   -1.327822714012282      
    1.073063126015879     
 b_para_n=    1.402396931997466     
 dxdt=   -2.129812840782785        -5866.906713488979      
    4739.023638838247     
 dudt=    360417.9807521945     
 ---------------------
 rk4
 istep=     13000001
 grad_b=   0.4603032436281606        7.5267522493271566E-002 
   0.2112500956694633     
 bsub=  -3.0214082775553795E-003   0.1724896632320676      
    1.949947934865652     
 bsup=    0.000000000000000        -1.212354555899478      
    1.073369409730031     
 b_abs=    1.371897365595913     
 g=  -7.4962111533365986E-003
 j=    0.000000000000000        -1430.079911820348      
    306.3168233812551     
 v_perp_2=    12614885.02978342     
 b_n=   5.0850274196189858E-004   -1.216494430410862      
    1.073736415856860     
 b_para_n=    1.371897380818924     
 dxdt=    2.680021608552478        -5514.686345127848      
    4865.095754417837     
 dudt=   -454092.2021097476     
 ---------------------
 rk4
 istep=     14000001
 grad_b=   0.6645838096046884        6.3144411381081178E-002 
   0.1639057266597262     
 bsub=  -1.3921601597866592E-002   8.6179774554088789E-002 
    1.286859968931861     
 bsup=    0.000000000000000       -0.3280207039476767      
    1.134412300287017     
 b_abs=    1.196628316374391     
 g=  -8.1458944502723219E-003
 j=    0.000000000000000        -554.1117459828126      
    12.68338093600470     
 v_perp_2=    11003239.33331320     
 b_n=   3.8197803336867902E-004  -0.3328998771872080      
    1.134743184466648     
 b_para_n=    1.196628314543687     
 dxdt=    2.301915061325697        -1768.434837623641      
    6016.183638543499     
 dudt=   -634811.0893279632     
 ---------------------
 rk4
 istep=     15000001
 grad_b=  -0.3344274720204656        4.0552624612734456E-002 
   5.4686393530556668E-002
 bsub=  -3.5922460901681247E-002  -4.7346324823423838E-002 
   0.8803789299330755     
 bsup=    0.000000000000000       -0.1082583320137630      
    1.135126350059807     
 b_abs=    1.002440660891769     
 g=  -1.1222367855986359E-002
 j=    0.000000000000000         157.7301929355445      
    196.7612764592168     
 v_perp_2=    9217636.856543230     
 b_n=   2.3029355055949579E-004  -0.1064993802532836      
    1.135230358348251     
 b_para_n=    1.002440674950674     
 dxdt=    1.652725407436240        -687.5322919079069      
    7342.121756085728     
 dudt=   -264570.1795700535     
 ---------------------
 rk4
 istep=     16000001
 grad_b=  -0.8006866521457742       -0.1294686759765705      
  -0.1813142283685082     
 bsub=   4.0246545450045898E-002  -7.1226445038504588E-002 
    1.114551108088707     
 bsup=    0.000000000000000       -0.6435955545299955      
   0.9522227115267351     
 b_abs=    1.052333487604016     
 g=  -1.3761107524016266E-002
 j=    0.000000000000000         207.8530444765875      
   -407.1723642223773     
 v_perp_2=    9676403.284450149     
 b_n=  -6.9588228297398419E-004  -0.6396777422508033      
   0.9524981775414809     
 b_para_n=    1.052333451734276     
 dxdt=   -4.759946242334493        -3916.580001388299      
    5836.254142218336     
 dudt=    390261.6146101296     
 ---------------------
 rk4
 istep=     17000001
 grad_b=   7.8589621927059428E-002  -0.1393582344465082      
  -0.2637367701136192     
 bsub=   6.2995331680346128E-002   6.4017729047327165E-002 
    1.791911451981517     
 bsup=    0.000000000000000        -1.438469697881050      
    1.024312069861721     
 b_abs=    1.320353614314169     
 g=  -1.2014100600890511E-002
 j=    0.000000000000000         1124.846481370735      
   -568.8328703432481     
 v_perp_2=    12140889.95835294     
 b_n=  -7.2729333151497536E-004   -1.438961416163360      
    1.024355172319683     
 b_para_n=    1.320353569640999     
 dxdt=   -3.979443778196337        -6815.863900237377      
    4851.791465685807     
 dudt=    242653.6186755041     
 ---------------------
 rk4
 istep=     18000001
 grad_b=   0.5565430028716357       -1.8873070565888772E-002 
   0.1204485457181476     
 bsub=   8.0296566908399591E-002   0.1231731323235695      
    1.881812065047863     
 bsup=    0.000000000000000       -0.9526812587920092      
    1.059312651488720     
 b_abs=    1.369762278986147     
 g=  -1.0945897368549977E-002
 j=    0.000000000000000         1973.043803165767      
   -304.2179977585570     
 v_perp_2=    12595200.55849167     
 b_n=  -1.5946655044777304E-004  -0.9559674024919763      
    1.059534538455113     
 b_para_n=    1.369762264634100     
 dxdt=  -0.8417352446078383        -4341.529521062451      
    4809.350743383970     
 dudt=   -488612.0541011976     
 ---------------------
 rk4
 istep=     19000001
 grad_b=   0.7781634594818407        2.7211053237251107E-003 
   0.1609720425183052     
 bsub=   1.5599366490621134E-002   6.6419542022671890E-002 
    1.266461556465543     
 bsup=    0.000000000000000        0.2440113460802456      
    1.088875577643952     
 b_abs=    1.181007686863502     
 g=  -9.3898419773253833E-003
 j=    0.000000000000000        -1797.917970698475      
    119.5910935252235     
 v_perp_2=    10859560.39326845     
 b_n=  -3.6782494562720991E-005   0.2390209167729864      
    1.089137755424006     
 b_para_n=    1.181007688782794     
 dxdt=  -0.2245464793022295         1282.631290481484      
    5861.158037038952     
 dudt=   -684931.0867927575     
 ---------------------
 rk4
 istep=     20000001
 grad_b=  -0.1990458364488862        1.1848832112281264E-002 
   5.6086677406763943E-002
 bsub=  -3.7779108734182540E-002  -1.7609770715649953E-002 
   0.9345798858706904     
 bsup=    0.000000000000000       -5.7155884820960623E-002 
    1.079003932353102     
 b_abs=    1.004846277030120     
 g=  -1.3992416765148150E-002
 j=    0.000000000000000        -601.5836249098628      
    38.46788212721540     
 v_perp_2=    9239719.298303016     
 b_n=   5.7886631112369499E-005  -5.6273310193920768E-002 
    1.079022906428340     
 b_para_n=    1.004846280958002     
 dxdt=   0.4144456098763099        -362.3521919591847      
    6960.006837319134     
 dudt=   -273794.3699497186     
 ---------------------
 rk4
 istep=     21000001
 grad_b=   -1.117182413703262        2.1490253633371627E-002 
  -9.0370454275894199E-002
 bsub=  -1.1064309339052832E-003  -7.3618357687585914E-002 
    1.106712113039795     
 bsup=    0.000000000000000       -0.6485573523220809      
   0.8925550225952131     
 b_abs=    1.017437607791884     
 g=  -1.9301112186060961E-002
 j=    0.000000000000000         807.0585313182501      
   -682.3232562947603     
 v_perp_2=    9355489.599141853     
 b_n=   5.8056337339152869E-005  -0.6443667356244733      
   0.8928337784049019     
 b_para_n=    1.017437540836288     
 dxdt=   0.4105732364370441        -4096.268757466949      
    5680.107521915574     
 dudt=    427469.0386187062     
 ---------------------
 rk4
 istep=     22000001
 grad_b=  -0.7209063632636492        0.1088015409517167      
  -0.1042019145554676     
 bsub=   2.7711163324777861E-002  -0.2232419300130317      
    1.500944660653803     
 bsup=    0.000000000000000        -1.196386132897766      
   0.8941238498068108     
 b_abs=    1.268565295937912     
 g=  -1.7728251336871143E-002
 j=    0.000000000000000         111.3064635452658      
   -277.5939128847577     
 v_perp_2=    11664637.07763393     
 b_n=   3.2309715827843420E-004   -1.193896378721834      
   0.8944881772580103     
 b_para_n=    1.268565273245535     
 dxdt=    1.838561077288924        -5919.536096565347      
    4436.649949009364     
 dudt=    809429.6549204121     
 ---------------------
 rk4
 istep=     23000001
 grad_b=  -0.8789008257473823       -0.1451048691208166      
   0.1170794250469114     
 bsub=  -1.0424150648532327E-003  -0.1154263988990456      
    1.269602009957056     
 bsup=    0.000000000000000       -0.7582867342613939      
   0.8767854319248660     
 b_abs=    1.095621804474711     
 g=  -2.0301449514864310E-002
 j=    0.000000000000000        -525.4363226066152      
   -23.36564776605924     
 v_perp_2=    10074389.54250826     
 b_n=  -4.7025186447712073E-004  -0.7552133114206881      
   0.8770644692263450     
 b_para_n=    1.095621806652143     
 dxdt=   -3.091092914378496        -4420.920658839439      
    5136.978831378771     
 dudt=   -892488.2995484181     
 ---------------------
 rk4
 istep=     24000001
 grad_b=  -0.4751329664322664       -2.3870448688585691E-002 
   2.4302394961976975E-002
 bsub=   1.6872333186283527E-002   2.7529835830254600E-002 
    1.043962741104703     
 bsup=    0.000000000000000        7.1692774346523769E-002 
   0.9225680942011988     
 b_abs=   0.9824884476459872     
 g=  -1.8429006436863273E-002
 j=    0.000000000000000        -648.9523476906168      
    410.8988102611922     
 v_perp_2=    9034105.696394922     
 b_n=  -9.7775310810324883E-005   7.3589583764050823E-002 
   0.9225196888207483     
 b_para_n=   0.9824884840236009     
 dxdt=  -0.7157920953070864         488.0035981764549      
    6100.757072492927     
 dudt=   -96909.20602772546     
 ---------------------
 rk4
 istep=     25000001
 grad_b=  -0.3766588750097916       -2.1461929789211243E-002 
   3.3592118827777712E-002
 bsub=  -2.4869999630253846E-002   2.2910109556758491E-002 
    1.002725762178161     
 bsup=    0.000000000000000        8.0663338167828114E-002 
   0.9676054006009919     
 b_abs=   0.9857405932679322     
 g=  -1.6595857484123198E-002
 j=    0.000000000000000        -768.3080497522976      
   -13.00262468454494     
 v_perp_2=    9064001.508362737     
 b_n=  -9.3921763662400783E-005   8.2251175696152201E-002 
   0.9675667898247224     
 b_para_n=   0.9857405905754355     
 dxdt=  -0.6853361658561692         543.0795181734126      
    6375.299881487961     
 dudt=   -143525.9614245214     
 ---------------------
 rk4
 istep=     26000001
 grad_b=   -1.032772740112215        9.0584155791996093E-002 
  -0.1060480150363546     
 bsub=  -8.4504777128110715E-004  -8.1026638854421587E-002 
    1.182809987721398     
 bsup=    0.000000000000000       -0.6848519443999099      
   0.8797928772653223     
 b_abs=    1.046913480321066     
 g=  -2.0275779878991772E-002
 j=    0.000000000000000         111.5070024146777      
    311.0451635663449     
 v_perp_2=    9626485.096029457     
 b_n=   2.9931484063598423E-004  -0.6811415565591731      
   0.8800472902885841     
 b_para_n=    1.046913508092224     
 dxdt=    2.057832587092379        -4194.906601033127      
    5423.493188242490     
 dudt=    682168.9141686882     
 ---------------------
 rk4
 istep=     27000001
 grad_b=  -0.4958863393843322       -1.1028464472374541E-002 
   1.1348215238176571E-002
 bsub=  -9.8020267602321430E-003  -0.2432190243165571      
    1.520309281016983     
 bsup=    0.000000000000000        -1.267938452052177      
   0.9016238892859054     
 b_abs=    1.295894668871956     
 g=  -1.6682035502310493E-002
 j=    0.000000000000000         734.6120783717238      
    43.37568842355670     
 v_perp_2=    11915885.90526361     
 b_n=  -3.2803834333176871E-005   -1.266173007171775      
   0.9019061088779536     
 b_para_n=    1.295894663337434     
 dxdt=  -0.1828067624577194        -6126.554581660980      
    4365.127137847483     
 dudt=   -85910.36529535320     
 ---------------------
 rk4
 istep=     28000001
 grad_b=   -1.188631291782649       -5.3125611876159690E-002 
   0.1178896228707099     
 bsub=  -6.2580761583566312E-003  -8.2607816811708618E-002 
    1.178098446308305     
 bsup=    0.000000000000000       -0.7174717335386320      
   0.8772609185927246     
 b_abs=    1.045323805963231     
 g=  -1.9988662759447981E-002
 j=    0.000000000000000        -565.8927950249273      
   -119.5807689108846     
 v_perp_2=    9611853.583780214     
 b_n=  -1.6333909576526012E-004  -0.7131460778035263      
   0.8775633577906028     
 b_para_n=    1.045323798655513     
 dxdt=   -1.124666711545250        -4399.154307556058      
    5417.396375630821     
 dudt=   -622503.6761631498     
 ---------------------
 rk4
 istep=     29000001
 grad_b=  -0.3263206747110335       -1.0247785184211503E-003 
  -3.9146539968249988E-002
 bsub=   3.5779565215032436E-002  -2.8657125243249378E-002 
   0.9327035359788913     
 bsup=    0.000000000000000       -0.1746290768251463      
    1.051585740340249     
 b_abs=   0.9932039218363690     
 g=  -1.5091480296840359E-002
 j=    0.000000000000000         540.8759432715586      
   -120.8204127307120     
 v_perp_2=    9132597.588285925     
 b_n=  -9.4752177364412782E-006  -0.1732473629288367      
    1.051628544890874     
 b_para_n=   0.9932039107493975     
 dxdt=  -6.8625463743141157E-002   -1131.053964140980      
    6871.580697384036     
 dudt=    189728.9959598159     
 ---------------------
 Elapsed time (seconds):     156.9583880000000     

real	2m36.970s
user	2m36.376s
sys	0m0.024s
>>> [PID 3687314] DONE  u=6500, v_perp=3000, out=gc_grid/dat287.dat
