>>> [PID 3659981] START u=7000, v_perp=0, out=gc_grid/dat225.dat, dt=2e-09, steps=30000000
 outer boundary:   8.3000000000000462E-002
 rk4
 istep=            1
 grad_b=  -0.5028819371555704        4.9315054437493108E-003 
  -7.9823758394541589E-003
 bsub=   8.6925037249620460E-003   4.2252272654080707E-002 
    1.020727331614506     
 bsup=    0.000000000000000        0.5003061716573317      
   0.9181486435156532     
 b_abs=   0.9787596274809689     
 g=  -1.6418765516466958E-002
 j=    0.000000000000000         576.0999455836734      
    59.08924307637614     
 v_perp_2=    0.000000000000000     
 b_n=   2.5006717362033681E-005   0.5026957912920995      
   0.9180495217730122     
 b_para_n=   0.9787596356131605     
 dxdt=   0.1788457708767021         3595.234632699418      
    6565.806780931655     
 dudt=    0.000000000000000     
 ---------------------
 rk4
 istep=      1000001
 grad_b=  -6.1332543759820807E-002  -5.6841902436456038E-002 
   0.1142982579654520     
 bsub=  -9.1250364555366496E-003   3.6677387407060343E-002 
    1.051157229174750     
 bsup=    0.000000000000000        0.5896211085222594      
   0.9847229454158755     
 b_abs=    1.027864359171763     
 g=  -1.3730960452860711E-002
 j=    0.000000000000000        -1512.415341917847      
    270.0079080841626     
 v_perp_2=    0.000000000000000     
 b_n=  -3.2278082205724280E-004   0.5899411553776887      
   0.9847089956234419     
 b_para_n=    1.027864379061656     
 dxdt=   -2.198213889329818         4017.639069673521      
    6706.101612020768     
 dudt=   -0.000000000000000     
 ---------------------
 rk4
 istep=      2000001
 grad_b=   4.1776856861452910E-002  -1.0884443866285287E-002 
   8.9220330476659962E-002
 bsub=  -2.9574312054107599E-002   2.1249065161695530E-002 
   0.9945690036090453     
 bsup=    0.000000000000000        0.1911618156861412      
    1.056984981678886     
 b_abs=    1.027282229812955     
 g=  -1.4014369359234495E-002
 j=    0.000000000000000         818.2150031278077      
   -219.3276846104292     
 v_perp_2=    0.000000000000000     
 b_n=  -6.2989580306081864E-005   0.1909430868459931      
    1.056987763714637     
 b_para_n=    1.027282212307202     
 dxdt=  -0.4292170708887117         1301.104596097347      
    7202.416490192139     
 dudt=   -0.000000000000000     
 ---------------------
 rk4
 istep=      3000001
 grad_b=  -0.1113904635477853        8.4620357735056273E-003 
   6.7028697464774106E-002
 bsub=  -3.6958342306091567E-002  -4.5631302666548218E-003 
   0.9517754958134368     
 bsup=    0.000000000000000        1.9096884819028048E-002 
    1.075537257077169     
 b_abs=    1.011593400340962     
 g=  -1.4009191940607747E-002
 j=    0.000000000000000        -694.7029302366124      
    155.7576317903562     
 v_perp_2=    0.000000000000000     
 b_n=   4.2703775271802825E-005   1.9625733859825412E-002 
    1.075541465256696     
 b_para_n=    1.011593413957447     
 dxdt=   0.2955005665104045         135.8056854891275      
    7442.506201521759     
 dudt=   -0.000000000000000     
 ---------------------
 rk4
 istep=      4000001
 grad_b=  -0.2669244991308816        1.1569889834241742E-002 
   4.8006285310600944E-002
 bsub=  -3.7057555898703430E-002  -2.7719221604013619E-002 
   0.9239612750764232     
 bsup=    0.000000000000000       -0.1225763962772146      
    1.076407826806925     
 b_abs=   0.9993189102628658     
 g=  -1.4120759418017364E-002
 j=    0.000000000000000        -101.7981783275410      
   -127.9098495724820     
 v_perp_2=    0.000000000000000     
 b_n=   6.2425573487884771E-005  -0.1213048763899585      
    1.076448465152206     
 b_para_n=   0.9993188996322403     
 dxdt=   0.4372768438343418        -849.7128744810086      
    7540.274940100152     
 dudt=   -0.000000000000000     
 ---------------------
 rk4
 istep=      5000001
 grad_b=  -0.4137097948449830        1.1028468185786237E-002 
   3.3239130027640576E-002
 bsub=  -3.2538653888805585E-002  -4.9467019242981941E-002 
   0.9070162414879036     
 bsup=    0.000000000000000       -0.2544255819972348      
    1.067051572259162     
 b_abs=   0.9901854116865704     
 g=  -1.4307216420318986E-002
 j=    0.000000000000000         657.7516602831611      
   -235.1434931098860     
 v_perp_2=    0.000000000000000     
 b_n=   6.0803601709192380E-005  -0.2524722451136279      
    1.067160259811486     
 b_para_n=   0.9901853886147751     
 dxdt=   0.4298439634216147        -1784.823060525844      
    7544.164865057006     
 dudt=   -0.000000000000000     
 ---------------------
 rk4
 istep=      6000001
 grad_b=  -0.5949628829045035        5.7704068411841003E-003 
   1.1636170124250007E-002
 bsub=  -2.1577571480519295E-002  -7.4132169575824372E-002 
   0.8966955393590516     
 bsup=    0.000000000000000       -0.3786315215520820      
    1.048400091500439     
 b_abs=   0.9835576802145116     
 g=  -1.4299606961428211E-002
 j=    0.000000000000000        -237.9215771774267      
    205.6846119923720     
 v_perp_2=    0.000000000000000     
 b_n=   3.1958440517097505E-005  -0.3758086071601838      
    1.048634259343806     
 b_para_n=   0.9835576994372539     
 dxdt=   0.2274488662410741        -2674.637442853051      
    7463.151190424823     
 dudt=   -0.000000000000000     
 ---------------------
 rk4
 istep=      7000001
 grad_b=  -0.8387053267908495       -4.4040776136958157E-002 
  -5.3431790028091557E-002
 bsub=   1.4806837935258390E-002  -9.8654783106422700E-002 
   0.9136669258445627     
 bsup=    0.000000000000000       -0.5081213480446877      
    1.019470722046460     
 b_abs=   0.9911403560503992     
 g=  -1.2923998892292446E-002
 j=    0.000000000000000         392.8703432692691      
   -208.9449891759097     
 v_perp_2=    0.000000000000000     
 b_n=  -2.6250230976275003E-004  -0.5037058519450793      
    1.019951723714577     
 b_para_n=   0.9911403345360514     
 dxdt=   -1.853941469549198        -3557.458859008128      
    7203.482511226911     
 dudt=    0.000000000000000     
 ---------------------
 rk4
 istep=      8000001
 grad_b=   1.7448632882515108E-002  -0.1418944326206754      
  -0.1984066609030810     
 bsub=   5.5990447924826915E-002   1.8722596447394383E-002 
    1.167146994747923     
 bsup=    0.000000000000000       -0.6252595461443406      
    1.086556444489033     
 b_abs=    1.121144566481701     
 g=  -9.1650016378433015E-003
 j=    0.000000000000000         188.0745764740826      
   -228.6295973610294     
 v_perp_2=    0.000000000000000     
 b_n=  -1.0291469857969990E-003  -0.6254596046728267      
    1.086609005479430     
 b_para_n=    1.121144547203343     
 dxdt=   -6.425602228141947        -3905.131808053745      
    6784.373216932266     
 dudt=    0.000000000000000     
 ---------------------
 rk4
 istep=      9000001
 grad_b=   0.6137932845640027       -7.4139989721312444E-002 
  -0.1737254365674355     
 bsub=   2.2144057564633807E-002   9.6251445294707139E-002 
    1.369246370158713     
 bsup=    0.000000000000000       -0.5235776825750684      
    1.129820249631556     
 b_abs=    1.222632450930987     
 g=  -7.7466895871904830E-003
 j=    0.000000000000000        -595.6406232522693      
    675.8798782974128     
 v_perp_2=    0.000000000000000     
 b_n=  -5.3623431062614884E-004  -0.5289168954818905      
    1.130204290601018     
 b_para_n=    1.222632504373841     
 dxdt=   -3.070129545022551        -3028.234776294770      
    6470.816051352150     
 dudt=    0.000000000000000     
 ---------------------
 rk4
 istep=     10000001
 grad_b=   0.7103234834184459       -5.3459986206885975E-002 
  -0.1601334575498109     
 bsub=  -1.1880413546253334E-003   0.1156115880720555      
    1.486431075225299     
 bsup=    0.000000000000000       -0.5306936022530471      
    1.118014729490948     
 b_abs=    1.265110637703436     
 g=  -7.9529453693147189E-003
 j=    0.000000000000000         381.2324299606287      
   -215.9407850932822     
 v_perp_2=    0.000000000000000     
 b_n=  -3.5066500500575563E-004  -0.5367669779946411      
    1.118486810490422     
 b_para_n=    1.265110621782082     
 dxdt=   -1.940269090131084        -2969.992332109044      
    6188.713886856914     
 dudt=    0.000000000000000     
 ---------------------
 rk4
 istep=     11000001
 grad_b=   0.7103466090779945       -4.2364864355332113E-002 
  -0.1642500238683107     
 bsub=  -1.9920055140134202E-002   0.1288739735721716      
    1.598135214542013     
 bsup=    0.000000000000000       -0.6185164627164645      
    1.098353184251381     
 b_abs=    1.294709439600940     
 g=  -8.3681553869846166E-003
 j=    0.000000000000000        -33.07618493681932      
   -150.2617345109991     
 v_perp_2=    0.000000000000000     
 b_n=  -2.4295207215534287E-004  -0.6244259608894561      
    1.098826688316862     
 b_para_n=    1.294709426183703     
 dxdt=   -1.313549179988821        -3376.032983022404      
    5940.936755894651     
 dudt=    0.000000000000000     
 ---------------------
 rk4
 istep=     12000001
 grad_b=   0.7191638892218176       -3.2834930629594548E-002 
  -0.1799855003158879     
 bsub=  -4.1875259928631690E-002   0.1366059498669020      
    1.713083388783059     
 bsup=    0.000000000000000       -0.7321134717042281      
    1.079997103479646     
 b_abs=    1.322818603864764     
 g=  -9.0516727082053799E-003
 j=    0.000000000000000        -1120.912079156406      
    484.9091286358359     
 v_perp_2=    0.000000000000000     
 b_n=  -1.4638675410286921E-004  -0.7377747217783149      
    1.080444996210263     
 b_para_n=    1.322818639498033     
 dxdt=  -0.7746392801880444        -3904.105142038169      
    5717.423951889431     
 dudt=    0.000000000000000     
 ---------------------
 rk4
 istep=     13000001
 grad_b=   0.6908951437043652        3.5206034462002093E-003 
  -0.1601259542650206     
 bsub=  -7.4495632758795283E-002   0.1162512539655494      
    1.808495758681280     
 bsup=    0.000000000000000       -0.8916121457154413      
    1.059541032301546     
 b_abs=    1.346122100998060     
 g=  -1.0561524954079795E-002
 j=    0.000000000000000         622.4522331489934      
    32.93131024479845     
 v_perp_2=    0.000000000000000     
 b_n=   9.5592392427556354E-005  -0.8963475663454440      
    1.059849370774330     
 b_para_n=    1.346122107697463     
 dxdt=   0.4970921606342737        -4661.117240805518      
    5511.346669813176     
 dudt=    0.000000000000000     
 ---------------------
 rk4
 istep=     14000001
 grad_b=   0.3288503924654734        7.4662259279265619E-002 
  -6.9369973578894947E-002
 bsub=  -0.1054918836950174       -1.6305925564194138E-002 
    1.744004284134098     
 bsup=    0.000000000000000        -1.091752855661912      
    1.006924481901628     
 b_abs=    1.331935050697516     
 g=  -1.4221374489646442E-002
 j=    0.000000000000000        -1054.033842359388      
    270.8343345739707     
 v_perp_2=    0.000000000000000     
 b_n=   3.7466772175650528E-004   -1.093396374804197      
    1.006931797895448     
 b_para_n=    1.331935076090371     
 dxdt=    1.969070489527066        -5746.357131832207      
    5291.941560663501     
 dudt=    0.000000000000000     
 ---------------------
 rk4
 istep=     15000001
 grad_b=  -9.3609197137093869E-002   0.1630669150054159      
  -7.7516779532470090E-002
 bsub=  -5.0804993467789383E-002  -0.2068162903555259      
    1.480862548770011     
 bsup=    0.000000000000000        -1.139342088644394      
   0.9137218690500233     
 b_abs=    1.260481841435242     
 g=  -1.8790530131943529E-002
 j=    0.000000000000000         385.7024170974639      
    4.888022246490578     
 v_perp_2=    0.000000000000000     
 b_n=   5.5300433728852660E-004   -1.138992371676514      
   0.9137896790250168     
 b_para_n=    1.260481837234219     
 dxdt=    3.071071908115392        -6325.316530724503      
    5074.668721296724     
 dudt=    0.000000000000000     
 ---------------------
 rk4
 istep=     16000001
 grad_b=  -0.5006919482989876        0.1585478468588639      
  -0.1064024084785430     
 bsub=  -5.9626355718580600E-003  -0.2197224374015284      
    1.461839931171719     
 bsup=    0.000000000000000        -1.124045903324319      
   0.8909727146729398     
 b_abs=    1.244649645621519     
 g=  -1.7795991855254024E-002
 j=    0.000000000000000        -179.1596259270329      
   -23.51225781859647     
 v_perp_2=    0.000000000000000     
 b_n=   5.5355434687715996E-004   -1.122099997688454      
   0.8912674529217537     
 b_para_n=    1.244649645918192     
 dxdt=    3.113229848132545        -6310.771878318158      
    5012.552882582301     
 dudt=    0.000000000000000     
 ---------------------
 rk4
 istep=     17000001
 grad_b=  -0.5605696422602876        0.1239768477484153      
  -9.7532308368827120E-002
 bsub=   4.9296249682065198E-003  -0.2287227832953310      
    1.491557236041196     
 bsup=    0.000000000000000        -1.185115101908228      
   0.8944153127006917     
 b_abs=    1.266853755074224     
 g=  -1.7183798952560267E-002
 j=    0.000000000000000        -160.0346730133303      
   -214.2994772240348     
 v_perp_2=    0.000000000000000     
 b_n=   4.3178886390486611E-004   -1.182896191708666      
   0.8947541305398563     
 b_para_n=    1.266853738845156     
 dxdt=    2.385849253671026        -6536.092595431602      
    4943.963712408114     
 dudt=    0.000000000000000     
 ---------------------
 rk4
 istep=     18000001
 grad_b=  -0.5215892140503301        7.0561832484133280E-002 
  -5.7733354751736229E-002
 bsub=   5.8176142596911007E-003  -0.2388475683165124      
    1.513440734618961     
 bsup=    0.000000000000000        -1.245186441510217      
   0.8996471462331882     
 b_abs=    1.288050337446153     
 g=  -1.6759826428214372E-002
 j=    0.000000000000000         410.1325702567888      
   -98.30962507866843     
 v_perp_2=    0.000000000000000     
 b_n=   2.4493455826255807E-004   -1.243108302511919      
   0.8999741599520530     
 b_para_n=    1.288050323759825     
 dxdt=    1.331114069233841        -6755.759427304794      
    4890.972816399882     
 dudt=    0.000000000000000     
 ---------------------
 rk4
 istep=     19000001
 grad_b=  -0.4895937524338355        5.6644497861933914E-004 
  -1.5107484938431844E-003
 bsub=   4.0591280488842252E-003  -0.2434815786356613      
    1.520561436421974     
 bsup=    0.000000000000000        -1.268269220395232      
   0.9017146499322679     
 b_abs=    1.296188413486401     
 g=  -1.6604846392208744E-002
 j=    0.000000000000000         803.6816575562279      
    48.81178454135198     
 v_perp_2=    0.000000000000000     
 b_n=   1.2953539332256201E-006   -1.266315005729850      
   0.9020275615838922     
 b_para_n=    1.296188406833630     
 dxdt=   6.9954934674424877E-003   -6838.670206719958      
    4871.354270566080     
 dudt=    0.000000000000000     
 ---------------------
 rk4
 istep=     20000001
 grad_b=  -0.4779223379424056       -6.8200864147723667E-002 
   5.0972364746592232E-002
 bsub=   4.5644005686882533E-003  -0.2413046631365197      
    1.511417735533563     
 bsup=    0.000000000000000        -1.247582956021426      
   0.8998200610849683     
 b_abs=    1.288849084908310     
 g=  -1.6785995415358350E-002
 j=    0.000000000000000         215.9770269249611      
   -42.73805372054997     
 v_perp_2=    0.000000000000000     
 b_n=  -2.3841523607181123E-004   -1.245685252099402      
   0.9001237525689433     
 b_para_n=    1.288849078442646     
 dxdt=   -1.294881363859349        -6765.568529739882      
    4888.754139930894     
 dudt=   -0.000000000000000     
 ---------------------
 rk4
 istep=     21000001
 grad_b=  -0.4012676988904434       -0.1155235804994826      
   7.3299287480336733E-002
 bsub=   1.7762421245579193E-002  -0.2363429582936353      
    1.492310929188190     
 bsup=    0.000000000000000        -1.213280417458676      
   0.8984402836858334     
 b_abs=    1.275747932485687     
 g=  -1.7430409587787226E-002
 j=    0.000000000000000        -587.3891599694721      
   -25.89850234861619     
 v_perp_2=    0.000000000000000     
 b_n=  -4.0030796914053185E-004   -1.211731308379546      
   0.8986903915421062     
 b_para_n=    1.275747938149921     
 dxdt=   -2.196480746853008        -6648.742204480866      
    4931.093794215853     
 dudt=   -0.000000000000000     
 ---------------------
 rk4
 istep=     22000001
 grad_b=  -0.1345383273159184       -0.1072863622169009      
   2.9357269428820769E-002
 bsub=   7.0951428791531879E-002  -0.1992435880836535      
    1.542496327534052     
 bsup=    0.000000000000000        -1.224751954815098      
   0.9289821668806534     
 b_abs=    1.294948972085473     
 g=  -1.8418070225826023E-002
 j=    0.000000000000000         108.8246909578124      
   -377.9952152791928     
 v_perp_2=    0.000000000000000     
 b_n=  -3.7851716437681840E-004   -1.224254951536238      
   0.9290637476744590     
 b_para_n=    1.294948938898558     
 dxdt=   -2.046119403666535        -6617.855270836280      
    5022.164224678108     
 dudt=   -0.000000000000000     
 ---------------------
 rk4
 istep=     23000001
 grad_b=   0.1726874803602284       -6.8406701014487273E-002 
   2.9704341604982788E-002
 bsub=   0.1050510000358213        2.6660588635490666E-002 
    1.818221884015359     
 bsup=    0.000000000000000        -1.095425273728259      
    1.022768919868551     
 b_abs=    1.352937766182221     
 g=  -1.3502410993527444E-002
 j=    0.000000000000000        -553.5858650187906      
    285.3452793696043     
 v_perp_2=    0.000000000000000     
 b_n=  -3.7087663032530185E-004   -1.096346391666188      
    1.022803873134374     
 b_para_n=    1.352937791523745     
 dxdt=   -1.918888236060889        -5672.415087925070      
    5291.911540054697     
 dudt=   -0.000000000000000     
 ---------------------
 rk4
 istep=     24000001
 grad_b=   0.6407097963964012        1.8221015122435527E-003 
   0.1513978803611818     
 bsub=   6.9187032269848889E-002   0.1376887405509210      
    1.864599436717836     
 bsup=    0.000000000000000       -0.9023993836682231      
    1.065755994015645     
 b_abs=    1.364753080873512     
 g=  -1.0283765575348585E-002
 j=    0.000000000000000         948.1470664952975      
    41.65308182731403     
 v_perp_2=    0.000000000000000     
 b_n=  -6.6709409153676720E-005  -0.9069267980251792      
    1.066092797424632     
 b_para_n=    1.364753091160997     
 dxdt=  -0.3421614261950408        -4651.748090766800      
    5468.131657151216     
 dudt=   -0.000000000000000     
 ---------------------
 rk4
 istep=     25000001
 grad_b=   0.6992359124846114        4.3165475799396016E-002 
   0.1862525839439746     
 bsub=   3.8234934277138914E-002   0.1509401861087901      
    1.774216921259170     
 bsup=    0.000000000000000       -0.7892326721261069      
    1.080032082548497     
 b_abs=    1.340408537007514     
 g=  -8.9547967543651946E-003
 j=    0.000000000000000        -904.1143961215896      
    311.3149337727826     
 v_perp_2=    0.000000000000000     
 b_n=   2.2062491655512427E-004  -0.7948470216824681      
    1.080504980720705     
 b_para_n=    1.340408558308058     
 dxdt=    1.152166931726599        -4150.920342377097      
    5642.708574311155     
 dudt=   -0.000000000000000     
 ---------------------
 rk4
 istep=     26000001
 grad_b=   0.6756700114941704        5.2849553875738045E-002 
   0.1709885200796565     
 bsub=   1.7218343270430560E-002   0.1403433586974475      
    1.659943397900824     
 bsup=    0.000000000000000       -0.7054924252400419      
    1.094110742571035     
 b_abs=    1.310596527390932     
 g=  -8.3202665816995494E-003
 j=    0.000000000000000        -299.3259445045779      
   -75.30753867812126     
 v_perp_2=    0.000000000000000     
 b_n=   3.2656093646517292E-004  -0.7112244384415920      
    1.094591973087950     
 b_para_n=    1.310596518443037     
 dxdt=    1.744187874061993        -3798.706160920974      
    5846.302583435919     
 dudt=   -0.000000000000000     
 ---------------------
 rk4
 istep=     27000001
 grad_b=   0.6597749180775261        5.6736911213186206E-002 
   0.1589001789940754     
 bsub=  -1.2619048396809128E-003   0.1242032541817962      
    1.543504095200365     
 bsup=    0.000000000000000       -0.6313076329877143      
    1.112184373362935     
 b_abs=    1.280157610987712     
 g=  -7.8817891605967635E-003
 j=    0.000000000000000         434.3229374391340      
   -98.29971117474965     
 v_perp_2=    0.000000000000000     
 b_n=   3.8460427027696593E-004  -0.6370823340049550      
    1.112649364006893     
 b_para_n=    1.280157605496921     
 dxdt=    2.103045656549230        -3483.615079022715      
    6084.052084372035     
 dudt=   -0.000000000000000     
 ---------------------
 rk4
 istep=     28000001
 grad_b=   0.6055842940418208        7.5828014414243500E-002 
   0.1760732283782404     
 bsub=  -2.5418948736094883E-002   0.1003688325311711      
    1.416691144880018     
 bsup=    0.000000000000000       -0.6143271158002384      
    1.124147904239248     
 b_abs=    1.236630940248414     
 g=  -7.6549221566385699E-003
 j=    0.000000000000000        -1097.724871483492      
    468.5456986039887     
 v_perp_2=    0.000000000000000     
 b_n=   5.6146224804603476E-004  -0.6197220921317554      
    1.124540227191974     
 b_para_n=    1.236630973562340     
 dxdt=    3.178179926223653        -3507.962146885043      
    6365.505764155106     
 dudt=   -0.000000000000000     
 ---------------------
 rk4
 istep=     29000001
 grad_b=  -9.3021943321469541E-002   0.1545654069616870      
   0.2044753225457955     
 bsub=  -5.7099500026727160E-002   4.7956590604480084E-003 
    1.181015146733376     
 bsup=    0.000000000000000       -0.6293457704071188      
    1.060160070970579     
 b_abs=    1.118345918982762     
 g=  -9.9526513105484549E-003
 j=    0.000000000000000         554.8288724064578      
    183.5012953608299     
 v_perp_2=    0.000000000000000     
 b_n=   1.0681491116849577E-003  -0.6287680970781496      
    1.060209383215165     
 b_para_n=    1.118345935124349     
 dxdt=    6.685805837854039        -3935.612891602865      
    6636.109140666715     
 dudt=   -0.000000000000000     
 ---------------------
 Elapsed time (seconds):     153.9490590000000     

real	2m33.960s
user	2m33.680s
sys	0m0.019s
>>> [PID 3659981] DONE  u=7000, v_perp=0, out=gc_grid/dat225.dat
