>>> [PID 3661376] START u=9500, v_perp=0, out=gc_grid/dat230.dat, dt=2e-09, steps=30000000
 outer boundary:   8.3000000000000462E-002
 rk4
 istep=            1
 grad_b=  -0.5028816687671429        4.9312519007295580E-003 
  -7.9818376000488356E-003
 bsub=   8.6925735711795363E-003   4.2252233346101946E-002 
    1.020727484746415     
 bsup=    0.000000000000000        0.5003011874973872      
   0.9181486902335895     
 b_abs=   0.9787596026455835     
 g=  -1.6418790753128003E-002
 j=    0.000000000000000         576.0999559129755      
    59.08550504140689     
 v_perp_2=    0.000000000000000     
 b_n=   3.3935861231764879E-005   0.5035442366775361      
   0.9180141682763601     
 b_para_n=   0.9787596136816306     
 dxdt=   0.3293869885876116         4887.482259758031      
    8910.394827000104     
 dudt=    0.000000000000000     
 ---------------------
 rk4
 istep=      1000001
 grad_b=   0.5518136797526398       -8.3164196179044914E-002 
  -0.1741646091477896     
 bsub=   3.3994234858140168E-002   0.1054237989442938      
    1.522851177925404     
 bsup=    0.000000000000000       -0.8492235947488542      
    1.103326994434892     
 b_abs=    1.260868845826489     
 g=  -7.8584544556737999E-003
 j=    0.000000000000000         484.1506736053055      
   -53.08711059435518     
 v_perp_2=    0.000000000000000     
 b_n=  -8.6141763710035366E-004  -0.8559555156492193      
    1.103812258502509     
 b_para_n=    1.260868843485245     
 dxdt=   -6.490340049828605        -6449.185766372490      
    8316.659190965682     
 dudt=    0.000000000000000     
 ---------------------
 rk4
 istep=      2000001
 grad_b=   -1.120037749879926       -0.1136645445190676      
   0.1536786754801645     
 bsub=  -2.8787643885900632E-002  -0.1498167056370618      
    1.389419200018202     
 bsup=    0.000000000000000       -0.9296740150742011      
   0.8731586439714893     
 b_abs=    1.163024295856727     
 g=  -1.9945654423238222E-002
 j=    0.000000000000000         709.1585134304603      
    102.8929959555312     
 v_perp_2=    0.000000000000000     
 b_n=  -4.9695744733750517E-004  -0.9239575242777353      
   0.8737647414889328     
 b_para_n=    1.163024299246947     
 dxdt=   -4.059326836733494        -7547.216757484721      
    7137.224088541889     
 dudt=   -0.000000000000000     
 ---------------------
 rk4
 istep=      3000001
 grad_b=   0.4309305523780341        2.7325262323466763E-002 
   0.1299530094511621     
 bsub=  -2.3023230171433810E-002   4.7395233091792201E-002 
    1.078886407662558     
 bsup=    0.000000000000000        0.1886724747474817      
    1.107513580437605     
 b_abs=    1.096904923983911     
 g=  -1.0945526033843019E-002
 j=    0.000000000000000        -398.6598106695997      
    141.1102305920410     
 v_perp_2=    0.000000000000000     
 b_n=   1.7599714992421936E-004   0.1851412946392337      
    1.107672474190055     
 b_para_n=    1.096904937825191     
 dxdt=    1.524264197037045         1603.459186317401      
    9593.254749740679     
 dudt=   -0.000000000000000     
 ---------------------
 rk4
 istep=      4000001
 grad_b=   0.7815729596163936        1.2070521385899396E-002 
  -0.1630694352763566     
 bsub=  -5.7742188327746788E-002   8.0845095870461750E-002 
    1.565393420555345     
 bsup=    0.000000000000000       -0.5152332799265984      
    1.058133299273003     
 b_abs=    1.270839320797222     
 g=  -1.0129784840123609E-002
 j=    0.000000000000000        -719.7797144262984      
   -122.0523999956841     
 v_perp_2=    0.000000000000000     
 b_n=   1.9487327393187114E-004  -0.5226085918402873      
    1.058521371501458     
 b_para_n=    1.270839301522640     
 dxdt=    1.456750747427050        -3906.695060920951      
    7912.843911276143     
 dudt=    0.000000000000000     
 ---------------------
 rk4
 istep=      5000001
 grad_b=  -0.2819023509986350       -0.1203965491136044      
   6.1799723058920265E-002
 bsub=   3.7781020532179133E-002  -0.2298419402126256      
    1.495025846260506     
 bsup=    0.000000000000000        -1.217401084359108      
   0.9054051243380219     
 b_abs=    1.278109222009403     
 g=  -1.8100954302135156E-002
 j=    0.000000000000000        -459.3933538292205      
   -53.63184488515542     
 v_perp_2=    0.000000000000000     
 b_n=  -5.5724428179095876E-004   -1.215976737722385      
   0.9056381840778778     
 b_para_n=    1.278109223951831     
 dxdt=   -4.141915712528820        -9038.178265113600      
    6731.476925061364     
 dudt=   -0.000000000000000     
 ---------------------
 rk4
 istep=      6000001
 grad_b=  -0.6563497036165596       -6.0378192950117648E-003 
  -7.5469185062793237E-003
 bsub=   1.0628977750627025E-002  -8.8617893357532590E-002 
   0.8531813313921949     
 bsup=    0.000000000000000       -0.3962810392040953      
    1.093119454562593     
 b_abs=   0.9832504657308758     
 g=  -1.1870794232055171E-002
 j=    0.000000000000000        -753.2366707638650      
    296.4534858867909     
 v_perp_2=    0.000000000000000     
 b_n=  -5.0401778111102610E-005  -0.3914324233517568      
    1.093623744132804     
 b_para_n=   0.9832505070275843     
 dxdt=  -0.4869734504413959        -3781.953830955275      
    10566.40753806413     
 dudt=    0.000000000000000     
 ---------------------
 rk4
 istep=      7000001
 grad_b=  -0.9289910447700969        2.8751578681191759E-002 
  -5.7637367204185268E-002
 bsub=  -1.3737807996814073E-002  -5.6982666332562576E-002 
    1.065991258411166     
 bsup=    0.000000000000000       -0.5526883335357751      
   0.9123935282103343     
 b_abs=    1.002126406484334     
 g=  -1.9253261807248533E-002
 j=    0.000000000000000         698.9290342414706      
   -540.9064337394541     
 v_perp_2=    0.000000000000000     
 b_n=   1.4065650103296727E-004  -0.5475939645086794      
   0.9126675888251554     
 b_para_n=    1.002126329824568     
 dxdt=    1.333401508417717        -5191.104662166837      
    8651.945204709678     
 dudt=    0.000000000000000     
 ---------------------
 rk4
 istep=      8000001
 grad_b=   0.4462161073849738        3.2725075601659603E-002 
   0.1118086521836708     
 bsub=   6.7372549114539920E-003   0.1881701268973587      
    2.124934658104815     
 bsup=    0.000000000000000        -1.420375119908471      
    1.073424389922073     
 b_abs=    1.418945443592591     
 g=  -7.3181080902044865E-003
 j=    0.000000000000000         1335.272263330045      
    24.39032323186358     
 v_perp_2=    0.000000000000000     
 b_n=   3.2713571175908179E-004   -1.426765511637548      
    1.073989255998268     
 b_para_n=    1.418945462392885     
 dxdt=    2.190210507788196        -9552.356112192658      
    7190.479269567953     
 dudt=   -0.000000000000000     
 ---------------------
 rk4
 istep=      9000001
 grad_b=  -0.4803965174635295        4.4808812583271712E-003 
  -1.5743090722937364E-002
 bsub=   3.2559131299769228E-002  -3.5425141535756169E-002 
   0.9503543601800791     
 bsup=    0.000000000000000       -0.2756538427775308      
    1.012177696549217     
 b_abs=   0.9856610844707032     
 g=  -1.6508136938904770E-002
 j=    0.000000000000000         509.2370366976362      
   -98.48420865679607     
 v_perp_2=    0.000000000000000     
 b_n=   2.2932606347605433E-005  -0.2728278294444103      
    1.012282237671748     
 b_para_n=   0.9856610701199782     
 dxdt=   0.2210290807931908        -2629.569593741190      
    9756.580176907089     
 dudt=    0.000000000000000     
 ---------------------
 rk4
 istep=     10000001
 grad_b=  -0.9293066413987650       -2.5090575272702448E-002 
  -5.3624603677029634E-002
 bsub=   7.6135027887958874E-004  -8.8971923856634744E-002 
   0.9839893192684326     
 bsup=    0.000000000000000       -0.4957556150604951      
   0.9581872979249241     
 b_abs=   0.9935855334325739     
 g=  -1.6089352023531147E-002
 j=    0.000000000000000         714.3541787004494      
    380.4979764061828     
 v_perp_2=    0.000000000000000     
 b_n=  -1.8433289397860143E-004  -0.4900341427445060      
   0.9587048135156629     
 b_para_n=   0.9935855727575181     
 dxdt=   -1.762467713713552        -4685.378374761211      
    9166.493534242880     
 dudt=    0.000000000000000     
 ---------------------
 rk4
 istep=     11000001
 grad_b=   -1.075030848957671       -3.7555511451559734E-003 
   0.2077449482286821     
 bsub=  -6.7885176697387348E-002  -0.1336779156768195      
    1.532334324668461     
 bsup=    0.000000000000000        -1.146498426925114      
   0.9044224264866401     
 b_abs=    1.240661809340818     
 g=  -2.0092291499367972E-002
 j=    0.000000000000000        -337.1880774715117      
   -99.91285751935283     
 v_perp_2=    0.000000000000000     
 b_n=   7.0749786804881511E-005   -1.141250094724213      
   0.9048834081963666     
 b_para_n=    1.240661800575886     
 dxdt=   0.5417455218935496        -8738.784328531332      
    6928.876486626120     
 dudt=   -0.000000000000000     
 ---------------------
 rk4
 istep=     12000001
 grad_b=   0.7457235601328333       -3.7935106821074267E-002 
   0.1703692938282269     
 bsub=   2.3947943634850526E-002   4.6017509493589841E-002 
    1.255449831355113     
 bsup=    0.000000000000000        0.4644836142940378      
    1.051891322034696     
 b_abs=    1.158255654353855     
 g=  -1.0498921513464725E-002
 j=    0.000000000000000        -1344.219384041431      
    197.5402091850601     
 v_perp_2=    0.000000000000000     
 b_n=  -3.9137235461959575E-004   0.4579061802230849      
    1.052139894109321     
 b_para_n=    1.158255671682737     
 dxdt=   -3.210031653447051         3755.741343186676      
    8629.639585116071     
 dudt=   -0.000000000000000     
 ---------------------
 rk4
 istep=     13000001
 grad_b=   0.7751900969702222       -3.5236939123052397E-002 
  -0.1595877647870119     
 bsub=  -1.9540542809836740E-003   8.4340758941275074E-002 
    1.309006171226246     
 bsup=    0.000000000000000       -0.1841465854466664      
    1.121311125264653     
 b_abs=    1.204959040428329     
 g=  -8.4396009309895374E-003
 j=    0.000000000000000        -688.8310875072713      
    278.9587057129630     
 v_perp_2=    0.000000000000000     
 b_n=  -2.6493809943014396E-004  -0.1923741961668020      
    1.121840868416639     
 b_para_n=    1.204959066840954     
 dxdt=   -2.088794560619362        -1516.694561563760      
    8844.689038191849     
 dudt=    0.000000000000000     
 ---------------------
 rk4
 istep=     14000001
 grad_b=  -0.5024950822460882        1.2436336070881297E-002 
  -1.2174960985143703E-002
 bsub=   7.7022460978718316E-003  -0.2399475032346385      
    1.524483291287847     
 bsup=    0.000000000000000        -1.272187338528523      
   0.9031679454809417     
 b_abs=    1.297043697699229     
 g=  -1.6596839882774068E-002
 j=    0.000000000000000         790.2207504463172      
    6.595277906727574     
 v_perp_2=    0.000000000000000     
 b_n=   5.7085489612663712E-005   -1.269460880341960      
   0.9035967792126509     
 b_para_n=    1.297043684369440     
 dxdt=   0.4181140217986963        -9297.973929930939      
    6618.257739478830     
 dudt=    0.000000000000000     
 ---------------------
 rk4
 istep=     15000001
 grad_b=   0.5555592391225569        7.5867835045452775E-002 
   0.1670223367423290     
 bsub=  -2.7129415341713183E-002   7.8697079801757608E-002 
    1.256643549656205     
 bsup=    0.000000000000000       -0.4287698409067309      
    1.135066541777052     
 b_abs=    1.180472228862397     
 g=  -8.0949047415700640E-003
 j=    0.000000000000000         62.72542673653808      
    191.0506212480545     
 v_perp_2=    0.000000000000000     
 b_n=   7.2416963528943042E-004  -0.4349606639543955      
    1.135469895549629     
 b_para_n=    1.180472250821663     
 dxdt=    5.827846889633419        -3500.401051096803      
    9137.837844314638     
 dudt=   -0.000000000000000     
 ---------------------
 rk4
 istep=     16000001
 grad_b=  -0.3068054876881101        0.1049589651457767      
  -9.1943217610402028E-002
 bsub=  -1.4341349103938063E-002   1.1052943445071309E-002 
    1.125044513429433     
 bsup=    0.000000000000000       -3.4191303689128372E-003 
   0.9162765014011156     
 b_abs=    1.015207477242427     
 g=  -1.9164760349706288E-002
 j=    0.000000000000000         71.64724541511509      
   -20.60539177478176     
 v_perp_2=    0.000000000000000     
 b_n=   5.9926355831694199E-004  -1.6757267796705011E-003 
   0.9162670100008433     
 b_para_n=    1.015207474529265     
 dxdt=    5.607724476861932        -15.68093695749366      
    8574.145495770861     
 dudt=    0.000000000000000     
 ---------------------
 rk4
 istep=     17000001
 grad_b=   0.2702412152412498       -0.1050274526674936      
  -0.1963800862701487     
 bsub=   5.6984800309131604E-002   0.1225283188065926      
    1.967970577801689     
 bsup=    0.000000000000000        -1.446406777731167      
    1.058028528146319     
 b_abs=    1.379771683522703     
 g=  -1.0203233250851181E-002
 j=    0.000000000000000        -163.2153595560765      
    2.465238324122410     
 v_perp_2=    0.000000000000000     
 b_n=  -9.3440908797576717E-004   -1.449185107808500      
    1.058228566633761     
 b_para_n=    1.379771682529034     
 dxdt=   -6.433590751405345        -9977.925115078629      
    7286.112267932551     
 dudt=    0.000000000000000     
 ---------------------
 rk4
 istep=     18000001
 grad_b=  -0.8389547935247738        3.1979636825434400E-003 
   3.2364515662254303E-002
 bsub=   1.5556520786163035E-002  -6.8741894149941266E-002 
   0.9896088835589190     
 bsup=    0.000000000000000       -0.4665796130588400      
   0.9571927618495787     
 b_abs=   0.9898242526183649     
 g=  -1.7559152533742413E-002
 j=    0.000000000000000         733.3791116325558      
   -290.7729084939414     
 v_perp_2=    0.000000000000000     
 b_n=   3.1135173880433495E-005  -0.4617803550540585      
   0.9575256035089402     
 b_para_n=   0.9898242095118635     
 dxdt=   0.2988249317623637        -4432.012604719966      
    9190.008837853047     
 dudt=   -0.000000000000000     
 ---------------------
 rk4
 istep=     19000001
 grad_b=  -0.5332335130531405        3.5025007301112132E-005 
   1.2992947705361288E-002
 bsub=  -2.9673833046414820E-002  -5.1559495197156968E-002 
   0.9322753512498461     
 bsup=    0.000000000000000       -0.3245414377156435      
    1.025690975947721     
 b_abs=   0.9861646260339412     
 g=  -1.5838039864819752E-002
 j=    0.000000000000000         121.4601888432393      
   -7.040752226428879     
 v_perp_2=    0.000000000000000     
 b_n=   4.5332000707120850E-006  -0.3213363013006287      
    1.025868378587866     
 b_para_n=   0.9861646243867880     
 dxdt=   4.3669585794099568E-002   -3095.522579969024      
    9882.477383169959     
 dudt=   -0.000000000000000     
 ---------------------
 rk4
 istep=     20000001
 grad_b=   0.3987745663264441        4.7577847191811240E-002 
   2.6694319039484674E-002
 bsub=  -4.8987385544907364E-002   0.1674939830776950      
    2.060925398671840     
 bsup=    0.000000000000000        -1.226173669211287      
    1.072728118997803     
 b_abs=    1.416368857999693     
 g=  -9.2472727132176143E-003
 j=    0.000000000000000        -443.1345275243801      
    355.1523880895550     
 v_perp_2=    0.000000000000000     
 b_n=   5.0136241074226191E-004   -1.230583659897083      
    1.073098469780543     
 b_para_n=    1.416368898946339     
 dxdt=    3.362784162794540        -8253.884124198916      
    7197.584944500667     
 dudt=    0.000000000000000     
 ---------------------
 rk4
 istep=     21000001
 grad_b=  -0.6951607381647423       -8.0636623111494249E-002 
   6.6479500492250598E-002
 bsub=   1.7650804032151683E-002  -3.3175172377539044E-002 
    1.112136859509382     
 bsup=    0.000000000000000       -0.4734615977462083      
   0.9038700690040513     
 b_abs=    1.010563488093707     
 g=  -2.0191908513715266E-002
 j=    0.000000000000000        -745.0080312458012      
    413.3469450311192     
 v_perp_2=    0.000000000000000     
 b_n=  -4.2159156316996143E-004  -0.4697298965088411      
   0.9039881310277541     
 b_para_n=    1.010563547334313     
 dxdt=   -3.963253830676386        -4415.787635131998      
    8498.116983753256     
 dudt=   -0.000000000000000     
 ---------------------
 rk4
 istep=     22000001
 grad_b=   2.7742034051832204E-002  -0.1009564804506382      
  -0.1453872005284395     
 bsub=   5.0854837009268954E-002   2.0528749846312852E-002 
    1.041114382862191     
 bsup=    0.000000000000000       -0.4622285514183472      
    1.138259792686067     
 b_abs=    1.083819359275124     
 g=  -8.7242019365177028E-003
 j=    0.000000000000000        -571.6563346518739      
    116.1390915323545     
 v_perp_2=    0.000000000000000     
 b_n=  -9.9038141273333777E-004  -0.4625804232312757      
    1.138315119704472     
 b_para_n=    1.083819370883032     
 dxdt=   -8.680988431957177        -4054.655359330519      
    9977.671490021330     
 dudt=    0.000000000000000     
 ---------------------
 rk4
 istep=     23000001
 grad_b=  -0.6517722362772420        0.1448808514476229      
  -0.1187802766667257     
 bsub=   8.6668830355295899E-003  -0.2127649271067445      
    1.473103781594220     
 bsup=    0.000000000000000        -1.124965821421321      
   0.8906997922536836     
 b_abs=    1.245412676075543     
 g=  -1.7610778677999081E-002
 j=    0.000000000000000        -47.26842471787026      
   -215.1832876890276     
 v_perp_2=    0.000000000000000     
 b_n=   6.8458018497784907E-004   -1.121476205664483      
   0.8911997596665824     
 b_para_n=    1.245412651361544     
 dxdt=    5.221973415943397        -8554.613558939769      
    6798.066253443520     
 dudt=    0.000000000000000     
 ---------------------
 rk4
 istep=     24000001
 grad_b=   0.7621285084596467        2.9611196150954144E-002 
   0.1613556183735036     
 bsub=   2.3021980045385387E-002   0.1105618547672920      
    1.516569841346988     
 bsup=    0.000000000000000       -0.4981652324842846      
    1.100165476180297     
 b_abs=    1.270392673140400     
 g=  -8.4664959543421393E-003
 j=    0.000000000000000         491.6828000350474      
   -97.90294394407692     
 v_perp_2=    0.000000000000000     
 b_n=   1.9687530336411530E-004  -0.5065449704039251      
    1.100773385971239     
 b_para_n=    1.270392665857336     
 dxdt=    1.472234083386255        -3787.944741943033      
    8231.586538379092     
 dudt=   -0.000000000000000     
 ---------------------
 rk4
 istep=     25000001
 grad_b=   0.5195143582044492       -1.7646632897195015E-003 
  -0.1388552014737308     
 bsub=   9.7364455388207552E-003   5.0390595010731232E-002 
    1.103949136172174     
 bsup=    0.000000000000000        0.4218380828470646      
    1.078756194517543     
 b_abs=    1.100625393298448     
 g=  -1.1346711031294657E-002
 j=    0.000000000000000         141.9706927147921      
   -242.1226578697080     
 v_perp_2=    0.000000000000000     
 b_n=   3.6506276898036231E-005   0.4176814806034025      
    1.078945577065763     
 b_para_n=    1.100625366478796     
 dxdt=   0.3151023418993911         3605.199540718353      
    9312.871840231408     
 dudt=    0.000000000000000     
 ---------------------
 rk4
 istep=     26000001
 grad_b=   -1.285135209003265        4.7513861205128731E-002 
  -0.1894206341723422     
 bsub=   4.2252898848492676E-002  -0.1259444646351460      
    1.390449226801127     
 bsup=    0.000000000000000       -0.9555828749952043      
   0.8704596398829676     
 b_abs=    1.153554831842000     
 g=  -2.0846925009163318E-002
 j=    0.000000000000000         1225.354602704585      
   -597.1386302813303     
 v_perp_2=    0.000000000000000     
 b_n=   1.5121955204223993E-004  -0.9492095661801675      
   0.8710322511559176     
 b_para_n=    1.153554739431571     
 dxdt=    1.245355504420341        -7817.133050101353      
    7173.310553133119     
 dudt=    0.000000000000000     
 ---------------------
 rk4
 istep=     27000001
 grad_b=  -0.9399913762138823        0.1095700134384617      
   0.1883119733583216     
 bsub=  -3.4852187307188830E-002  -7.5975366119483148E-002 
    1.146516327606418     
 bsup=    0.000000000000000       -0.7366437658321088      
   0.9208761626283201     
 b_abs=    1.054783197386533     
 g=  -1.5186485743317654E-002
 j=    0.000000000000000        -406.2556976287574      
    589.8029151350974     
 v_perp_2=    0.000000000000000     
 b_n=   8.2309487563049998E-004  -0.7303431315642182      
   0.9213187759269634     
 b_para_n=    1.054783276759854     
 dxdt=    7.413277675874660        -6577.900790362766      
    8297.940026308235     
 dudt=   -0.000000000000000     
 ---------------------
 rk4
 istep=     28000001
 grad_b=  -0.1824999572658807       -1.3431250629565156E-002 
   5.7966394277619501E-002
 bsub=  -3.4389057182881821E-002   2.2391482106666298E-003 
   0.9670459248675967     
 bsup=    0.000000000000000        9.4097481228835322E-003 
    1.039415805466555     
 b_abs=    1.002532707329565     
 g=  -1.5110422817761817E-002
 j=    0.000000000000000        -780.0978605764373      
    191.9014610973699     
 v_perp_2=    0.000000000000000     
 b_n=  -8.5847612022637681E-005   1.0551537334407408E-002 
    1.039410132568478     
 b_para_n=    1.002532730172452     
 dxdt=  -0.8134919585864989         99.98636619038616      
    9849.450259546129     
 dudt=   -0.000000000000000     
 ---------------------
 rk4
 istep=     29000001
 grad_b=   0.4848019274988031       -7.5529587850404575E-002 
  -0.2098043523766890     
 bsub=  -8.0953969636919946E-004   0.1723375595248329      
    1.950300605782849     
 bsup=    0.000000000000000        -1.184306790039389      
    1.072464781159181     
 b_abs=    1.373189383755557     
 g=  -7.6273485725195829E-003
 j=    0.000000000000000        -1115.447193266455      
    280.9000232101328     
 v_perp_2=    0.000000000000000     
 b_n=  -7.6804755204292060E-004   -1.190839301377064      
    1.073041721778136     
 b_para_n=    1.373189407308118     
 dxdt=   -5.313507157553072        -8238.465358729418      
    7423.518054130293     
 dudt=    0.000000000000000     
 ---------------------
 Elapsed time (seconds):     156.5217250000000     

real	2m36.534s
user	2m36.131s
sys	0m0.023s
>>> [PID 3661376] DONE  u=9500, v_perp=0, out=gc_grid/dat230.dat
