>>> [PID 3656598] START u=3500, v_perp=0, out=gc_grid/dat218.dat, dt=2e-09, steps=30000000
 outer boundary:   8.3000000000000462E-002
 rk4
 istep=            1
 grad_b=  -0.5028823075043776        4.9318621807449559E-003 
  -7.9831312099963719E-003
 bsub=   8.6924061804044203E-003   4.2252327585307864E-002 
    1.020727117129199     
 bsup=    0.000000000000000        0.5003131420590728      
   0.9181485785706813     
 b_abs=   0.9787596622534442     
 g=  -1.6418730192139134E-002
 j=    0.000000000000000         576.0999439454617      
    59.09450025577997     
 v_perp_2=    0.000000000000000     
 b_n=   1.2504305227976851E-005   0.5015079549775499      
   0.9180990174896614     
 b_para_n=   0.9787596663197984     
 dxdt=   4.4714826125271952E-002    1793.369611379049      
    3283.080281900267     
 dudt=    0.000000000000000     
 ---------------------
 rk4
 istep=      1000001
 grad_b=  -0.6450613166657809       -1.7038412922185150E-002 
  -1.7127392911537490E-002
 bsub=   9.9249282503641664E-003  -9.3024089214131661E-002 
   0.8114636927339467     
 bsup=    0.000000000000000       -0.2695766120794169      
    1.157904995677739     
 b_abs=   0.9826072987758179     
 g=  -9.8280177447703752E-003
 j=    0.000000000000000         506.9501940443463      
   -275.9472684166215     
 v_perp_2=    0.000000000000000     
 b_n=  -5.9498168899364538E-005  -0.2675574429543394      
    1.158137180052443     
 b_para_n=   0.9826072858573365     
 dxdt=  -0.2119296224901090        -953.0267725657288      
    4125.229059997089     
 dudt=    0.000000000000000     
 ---------------------
 rk4
 istep=      2000001
 grad_b=  -4.3665244102851108E-002  -5.6339942154862446E-002 
   0.1158613979564975     
 bsub=  -9.3027624450765581E-003   3.7079109457316892E-002 
    1.051733969062787     
 bsup=    0.000000000000000        0.5765094306591452      
   0.9874200383483893     
 b_abs=    1.029414064562705     
 g=  -1.3740326881024759E-002
 j=    0.000000000000000        -1517.243838734144      
    286.5830153539799     
 v_perp_2=    0.000000000000000     
 b_n=  -1.5981124157534991E-004   0.5766221383225744      
   0.9874146616768089     
 b_para_n=    1.029414075207268     
 dxdt=  -0.5433570017984297         1960.510869955473      
    3357.202314503995     
 dudt=   -0.000000000000000     
 ---------------------
 rk4
 istep=      3000001
 grad_b=  -0.1502738768231641       -5.5294826867073793E-002 
  -8.2202093027778797E-002
 bsub=   4.0565438423772276E-002  -1.9212423084828047E-002 
   0.9202861004144961     
 bsup=    0.000000000000000       -1.7517207913314792E-002 
    1.134463733193557     
 b_abs=    1.021453565621817     
 g=  -1.1150026531833045E-002
 j=    0.000000000000000        -115.5956293168211      
    139.4480019256004     
 v_perp_2=    0.000000000000000     
 b_n=  -1.6513238574411389E-004  -1.7092439391958293E-002 
    1.134479886193200     
 b_para_n=    1.021453571379181     
 dxdt=  -0.5658243960359592        -58.56706515899636      
    3887.283487897479     
 dudt=    0.000000000000000     
 ---------------------
 rk4
 istep=      4000001
 grad_b=   4.3501019016566805E-002  -8.9526840778294814E-003 
   9.0391323693134476E-002
 bsub=  -2.9478047831378928E-002   2.1129562123389366E-002 
   0.9935669019596456     
 bsup=    0.000000000000000        0.1841820726867247      
    1.058419634037610     
 b_abs=    1.027389583062241     
 g=  -1.4018353598483116E-002
 j=    0.000000000000000         799.9689299292061      
   -218.2655560649059     
 v_perp_2=    0.000000000000000     
 b_n=  -2.6737617002363584E-005   0.1840685617386250      
    1.058421245714286     
 b_para_n=    1.027389574345709     
 dxdt=  -9.1086830005910710E-002    627.0649247102500      
    3605.715351315675     
 dudt=   -0.000000000000000     
 ---------------------
 rk4
 istep=      5000001
 grad_b=   0.1271354930666163       -4.5676969570573836E-002 
  -0.1054273302723723     
 bsub=   3.6582775565823220E-002   1.8168585658980753E-002 
   0.9881448970879325     
 bsup=    0.000000000000000        9.3475778539362508E-002 
    1.119346513359047     
 b_abs=    1.052901783429908     
 g=  -1.1579410049181057E-002
 j=    0.000000000000000         246.8723111226566      
    40.06254826516795     
 v_perp_2=    0.000000000000000     
 b_n=  -1.2327841958124637E-004   9.3106452897915429E-002 
    1.119357869909438     
 b_para_n=    1.052901785259147     
 dxdt=  -0.4097955522301304         309.4995086008883      
    3720.909774807504     
 dudt=    0.000000000000000     
 ---------------------
 rk4
 istep=      6000001
 grad_b=  -0.1139403324155946        1.0102701540573175E-002 
   6.8514823894419319E-002
 bsub=  -3.6349270186795041E-002  -4.9252841155483298E-003 
   0.9506841589200385     
 bsup=    0.000000000000000        1.2697119633837572E-002 
    1.075259665813808     
 b_abs=    1.010883414660667     
 g=  -1.4035339063948514E-002
 j=    0.000000000000000        -689.1809236003849      
    159.2719814511470     
 v_perp_2=    0.000000000000000     
 b_n=   2.5381089238379906E-005   1.2967267215886112E-002 
    1.075262043242952     
 b_para_n=    1.010883421631362     
 dxdt=   8.7877405478635484E-002    44.89680440337861      
    3722.899268915632     
 dudt=   -0.000000000000000     
 ---------------------
 rk4
 istep=      7000001
 grad_b=   0.3080326783494891       -3.1303561785665054E-002 
  -0.1208676794859961     
 bsub=   2.7439528408429455E-002   4.0505763653163218E-002 
    1.045563641415986     
 bsup=    0.000000000000000        0.1763312144098502      
    1.108374120841506     
 b_abs=    1.079866154023604     
 g=  -1.1406202912050852E-002
 j=    0.000000000000000        -761.1430962981999      
    208.7233789952792     
 v_perp_2=    0.000000000000000     
 b_n=  -7.6623074902202958E-005   0.1754354457645627      
    1.108410841972253     
 b_para_n=    1.079866161418137     
 dxdt=  -0.2483462967350707         568.6112613896530      
    3592.517374382955     
 dudt=    0.000000000000000     
 ---------------------
 rk4
 istep=      8000001
 grad_b=  -0.2637242384045622        1.2477113755903119E-002 
   4.9580454916239608E-002
 bsub=  -3.6357597823818866E-002  -2.8155174220135686E-002 
   0.9230795210646977     
 bsup=    0.000000000000000       -0.1292810977610324      
    1.074620481443734     
 b_abs=   0.9981277971531770     
 g=  -1.4195711693540364E-002
 j=    0.000000000000000        -125.0263697929348      
   -119.7651570258003     
 v_perp_2=    0.000000000000000     
 b_n=   3.3432797695636807E-005  -0.1286555041575168      
    1.074640874376978     
 b_para_n=   0.9981277922098630     
 dxdt=   0.1172342788648908        -451.1388902961552      
    3768.298097372882     
 dudt=   -0.000000000000000     
 ---------------------
 rk4
 istep=      9000001
 grad_b=   0.4994404207306625       -1.8443635077655798E-002 
  -0.1397573748006952     
 bsub=   1.4406357404987649E-002   5.4626620937267917E-002 
    1.104199115795998     
 bsup=    0.000000000000000        0.2949766096280857      
    1.096661089175597     
 b_abs=    1.107349904496891     
 g=  -1.0941791504727684E-002
 j=    0.000000000000000         158.6183125432059      
   -210.4864780632150     
 v_perp_2=    0.000000000000000     
 b_n=  -3.4743043434997294E-005   0.2934661186316361      
    1.096736260619972     
 b_para_n=    1.107349896100826     
 dxdt=  -0.1098123117640304         927.5581447448878      
    3466.453490162601     
 dudt=    0.000000000000000     
 ---------------------
 rk4
 istep=     10000001
 grad_b=  -0.4019605448821031        1.1475559482816287E-002 
   3.5024892236028379E-002
 bsub=  -3.2237486347382133E-002  -4.9462413439255046E-002 
   0.9070759670989933     
 bsup=    0.000000000000000       -0.2581970186911789      
    1.063689124825514     
 b_abs=   0.9887807669877920     
 g=  -1.4456308646532121E-002
 j=    0.000000000000000         700.9319270717729      
   -244.6774472094370     
 v_perp_2=    0.000000000000000     
 b_n=   3.1454563553008168E-005  -0.2572553412706489      
    1.063741578770336     
 b_para_n=   0.9887807549110647     
 dxdt=   0.1113401245814404        -910.6100517988505      
    3765.339795707338     
 dudt=   -0.000000000000000     
 ---------------------
 rk4
 istep=     11000001
 grad_b=   0.6635128175158825        5.5554480227219261E-003 
  -0.1530097038535999     
 bsub=  -4.4808577482806228E-003   5.6645423998828562E-002 
    1.168117767124662     
 bsup=    0.000000000000000        0.5065156520176087      
    1.076794945868764     
 b_abs=    1.134492774461429     
 g=  -1.0422017633611107E-002
 j=    0.000000000000000         523.0918866976410      
   -345.1840044121481     
 v_perp_2=    0.000000000000000     
 b_n=   4.1372744836868733E-005   0.5044018883270136      
    1.076897594144075     
 b_para_n=    1.134492761105932     
 dxdt=   0.1276381938196604         1556.119765298093      
    3322.314349392597     
 dudt=    0.000000000000000     
 ---------------------
 rk4
 istep=     12000001
 grad_b=  -0.5738799721193342        6.8768047539232227E-003 
   1.4693739398035616E-002
 bsub=  -2.2898544748997079E-002  -7.2506712573659829E-002 
   0.8989135462819144     
 bsup=    0.000000000000000       -0.3738919096230594      
    1.043955525480855     
 b_abs=   0.9822281228551353     
 g=  -1.4585015570344827E-002
 j=    0.000000000000000        -143.1721896598014      
    151.7674328532709     
 v_perp_2=    0.000000000000000     
 b_n=   1.8857927224407192E-005  -0.3725504231244786      
    1.044064218327470     
 b_para_n=   0.9822281298567082     
 dxdt=   6.7196960949442525E-002   -1327.518975786101      
    3720.342202660435     
 dudt=   -0.000000000000000     
 ---------------------
 rk4
 istep=     13000001
 grad_b=   0.6212655357825373        6.7714247079118134E-002 
  -0.1826252817003991     
 bsub=  -2.5209757811210383E-002   2.5284777017623265E-002 
    1.254064244615389     
 bsup=    0.000000000000000        0.5013612395092897      
    1.013348241177770     
 b_abs=    1.132680440623457     
 g=  -1.1853177467610542E-002
 j=    0.000000000000000        -776.4157162809113      
    83.50655125230159     
 v_perp_2=    0.000000000000000     
 b_n=   2.1558120331678526E-004   0.4994963835262035      
    1.013390177366021     
 b_para_n=    1.132680443675170     
 dxdt=   0.6661492354900531         1543.451511062790      
    3131.391241533825     
 dudt=    0.000000000000000     
 ---------------------
 rk4
 istep=     14000001
 grad_b=  -0.8262344753369024       -2.9405444687995934E-002 
  -3.8262135315933490E-002
 bsub=   6.6102521280612071E-003  -0.1000128073519955      
   0.9085716998797985     
 bsup=    0.000000000000000       -0.4901372888572113      
    1.014528257271788     
 b_abs=   0.9857277936902978     
 g=  -1.3500303180363979E-002
 j=    0.000000000000000         84.03135722806212      
    3.269579337389231     
 v_perp_2=    0.000000000000000     
 b_n=  -8.5256596424391901E-005  -0.4880425787850474      
    1.014759456580439     
 b_para_n=   0.9857277934329947     
 dxdt=  -0.3027185491505119        -1732.881062223775      
    3603.082029027684     
 dudt=    0.000000000000000     
 ---------------------
 rk4
 istep=     15000001
 grad_b=  -0.2895897746213387        0.1219073959234448      
  -0.1001135284336083     
 bsub=  -1.6337294132507958E-002   1.1576341074484922E-004 
    1.148078628122408     
 bsup=    0.000000000000000       -0.1058143666057944      
   0.9155024786684014     
 b_abs=    1.025120179909316     
 g=  -1.9519162872313638E-002
 j=    0.000000000000000         25.42276771609551      
   -169.9309089644539     
 v_perp_2=    0.000000000000000     
 b_n=   2.4985690522520129E-004  -0.1052179624590045      
   0.9155059663975911     
 b_para_n=    1.025120171367264     
 dxdt=   0.8530699060597282        -359.2387301435514      
    3125.751469818256     
 dudt=    0.000000000000000     
 ---------------------
 rk4
 istep=     16000001
 grad_b=  -0.1537626822846006       -0.1494868893159348      
  -0.1963017364154493     
 bsub=   5.6711177707373807E-002  -2.7784151745522193E-003 
    1.133527381785126     
 bsup=    0.000000000000000       -0.6223337947841607      
    1.067390440573556     
 b_abs=    1.100834881592103     
 g=  -9.8061586299612799E-003
 j=    0.000000000000000        -184.6079268982542      
    115.4349112991134     
 v_perp_2=    0.000000000000000     
 b_n=  -5.2378365348470320E-004  -0.6218310671474763      
    1.067417882931857     
 b_para_n=    1.100834886579779     
 dxdt=   -1.665320394134879        -1977.052836486792      
    3393.753809773317     
 dudt=    0.000000000000000     
 ---------------------
 rk4
 istep=     17000001
 grad_b=  -0.7194323959973676        3.8695432706940820E-002 
  -4.2363394965396033E-002
 bsub=  -2.1273441227603079E-002  -2.9394236597433804E-002 
    1.056486062678854     
 bsup=    0.000000000000000       -0.4363882677037397      
   0.9181777078210287     
 b_abs=   0.9913701323394944     
 g=  -1.9587185080592952E-002
 j=    0.000000000000000        -1330.954032902051      
    164.7401824381472     
 v_perp_2=    0.000000000000000     
 b_n=   7.5389350047622418E-005  -0.4349409274562606      
   0.9182195040622504     
 b_para_n=   0.9913701423193636     
 dxdt=   0.2661596450235605        -1535.544779001943      
    3241.744054041302     
 dudt=    0.000000000000000     
 ---------------------
 rk4
 istep=     18000001
 grad_b=   0.5835938740295071       -7.7691026142864328E-002 
  -0.1767774936029894     
 bsub=   2.5437151651196456E-002   9.5469384624498554E-002 
    1.366097828642715     
 bsup=    0.000000000000000       -0.5436633071044006      
    1.130126151887586     
 b_abs=    1.220789390772107     
 g=  -7.6589297843521736E-003
 j=    0.000000000000000        -618.1477935684522      
    673.0963626495660     
 v_perp_2=    0.000000000000000     
 b_n=  -2.8632266336953572E-004  -0.5462352067250157      
    1.130311243565981     
 b_para_n=    1.220789417339220     
 dxdt=  -0.8208863113980566        -1566.054879230918      
    3240.599317369128     
 dudt=    0.000000000000000     
 ---------------------
 rk4
 istep=     19000001
 grad_b=  -0.9053663624288956        3.3810341908150091E-002 
  -5.5885605425018026E-002
 bsub=  -1.3685598259594887E-002  -5.6785834648935864E-002 
    1.066836893821142     
 bsup=    0.000000000000000       -0.5566477525143250      
   0.9058039251821702     
 b_abs=   0.9990802963069974     
 g=  -1.9590431350932032E-002
 j=    0.000000000000000         568.6510312184080      
   -462.6953963931730     
 v_perp_2=    0.000000000000000     
 b_n=   6.1598596079478232E-005  -0.5548376961469264      
   0.9059010387663675     
 b_para_n=   0.9990802720639902     
 dxdt=   0.2157935576415477        -1943.719629757501      
    3173.572458929715     
 dudt=    0.000000000000000     
 ---------------------
 rk4
 istep=     20000001
 grad_b=   0.6793586698001495       -5.6964630227754845E-002 
  -0.1602429170831950     
 bsub=   1.6393930261440377E-003   0.1180555941041410      
    1.488174798848944     
 bsup=    0.000000000000000       -0.5361646664624213      
    1.120933167609597     
 b_abs=    1.266765208967976     
 g=  -7.8074593942683533E-003
 j=    0.000000000000000         313.3526578091511      
   -123.1143317124308     
 v_perp_2=    0.000000000000000     
 b_n=  -1.9246696708963664E-004  -0.5391201374639786      
    1.121167830972408     
 b_para_n=    1.266765204775249     
 dxdt=  -0.5317752510681295        -1489.558186482321      
    3097.722761574942     
 dudt=    0.000000000000000     
 ---------------------
 rk4
 istep=     21000001
 grad_b=   -1.045000694970694        3.8622468183300715E-002 
  -8.1171889829850824E-002
 bsub=  -5.2933975878506744E-003  -6.9317047443503102E-002 
    1.104834194467393     
 bsup=    0.000000000000000       -0.6303949018364200      
   0.8896699427057508     
 b_abs=    1.013160390496738     
 g=  -1.9767790663688917E-002
 j=    0.000000000000000         1266.095441602238      
   -494.5141740736719     
 v_perp_2=    0.000000000000000     
 b_n=   6.6846320043220282E-005  -0.6283107124135601      
   0.8898009984820069     
 b_para_n=    1.013160362072546     
 dxdt=   0.2309230886931583        -2170.522629753251      
    3073.850509031291     
 dudt=    0.000000000000000     
 ---------------------
 rk4
 istep=     22000001
 grad_b=   0.6791097933141137       -4.6578391012424544E-002 
  -0.1626017017549151     
 bsub=  -1.5531332758548139E-002   0.1330962794717951      
    1.600755122228098     
 bsup=    0.000000000000000       -0.6196709488671096      
    1.102152132611462     
 b_abs=    1.297116777978430     
 g=  -8.1895545485024691E-003
 j=    0.000000000000000         52.61217608888670      
   -215.4119954408194     
 v_perp_2=    0.000000000000000     
 b_n=  -1.4062319854262948E-004  -0.6225529925261633      
    1.102390390939620     
 b_para_n=    1.297116768739945     
 dxdt=  -0.3794424733074120        -1679.829855224406      
    2974.571342591456     
 dudt=    0.000000000000000     
 ---------------------
 rk4
 istep=     23000001
 grad_b=   -1.149066794730325        4.7429096110354542E-002 
  -0.1074287406339955     
 bsub=   2.8240149270616181E-003  -7.9279219205837692E-002 
    1.151913022916359     
 bsup=    0.000000000000000       -0.6914228965967979      
   0.8770241218664340     
 b_abs=    1.031920157075529     
 g=  -2.0043498785142756E-002
 j=    0.000000000000000         56.11563852819842      
   -267.2254130839785     
 v_perp_2=    0.000000000000000     
 b_n=   7.9115734080652253E-005  -0.6891526939544207      
   0.8771801601623364     
 b_para_n=    1.031920143582441     
 dxdt=   0.2683396297711292        -2337.423534021528      
    2975.162932579095     
 dudt=    0.000000000000000     
 ---------------------
 rk4
 istep=     24000001
 grad_b=   0.6882237716735650       -4.0813629111095304E-002 
  -0.1803028459553810     
 bsub=  -3.4123550068999670E-002   0.1444394400171057      
    1.715407373704762     
 bsup=    0.000000000000000       -0.7231827228449699      
    1.085203428861641     
 b_abs=    1.325499320477733     
 g=  -8.7694185937543159E-003
 j=    0.000000000000000        -937.2555552704592      
    280.5401167033536     
 v_perp_2=    0.000000000000000     
 b_n=  -1.0449194038774636E-004  -0.7259737715711995      
    1.085436367049556     
 b_para_n=    1.325499329535488     
 dxdt=  -0.2759124680095289        -1916.944161254040      
    2866.110302752690     
 dudt=    0.000000000000000     
 ---------------------
 rk4
 istep=     25000001
 grad_b=   -1.218250012408284        5.4639082593057289E-002 
  -0.1296979262413764     
 bsub=   1.1239641147960945E-002  -9.0178827968616843E-002 
    1.203773155956844     
 bsup=    0.000000000000000       -0.7453346082191066      
   0.8680799589926936     
 b_abs=    1.054685241582652     
 g=  -2.0362375511056550E-002
 j=    0.000000000000000        -872.8396268878350      
   -197.6581750338373     
 v_perp_2=    0.000000000000000     
 b_n=   8.7418491098817370E-005  -0.7429663314376980      
   0.8682565528339253     
 b_para_n=    1.054685234996421     
 dxdt=   0.2901005045803066        -2465.552824431801      
    2881.331637233977     
 dudt=    0.000000000000000     
 ---------------------
 rk4
 istep=     26000001
 grad_b=   0.6785004835757951       -1.2512720258953180E-002 
  -0.1697047369684792     
 bsub=  -6.1576846561146391E-002   0.1383117296902769      
    1.819743567306191     
 bsup=    0.000000000000000       -0.8510934482780387      
    1.069187228698036     
 b_abs=    1.351749801565712     
 g=  -9.9151858964848343E-003
 j=    0.000000000000000         81.25375319521791      
    399.6321441000775     
 v_perp_2=    0.000000000000000     
 b_n=   1.4191887200664540E-006  -0.8535676752575241      
    1.069375347038017     
 b_para_n=    1.351749820161407     
 dxdt=   3.6746152624895331E-003   -2210.088596900727      
    2768.865701928589     
 dudt=    0.000000000000000     
 ---------------------
 rk4
 istep=     27000001
 grad_b=   -1.277074809420161        4.7896694985886959E-002 
  -0.1527975338721387     
 bsub=   2.1402038173324360E-002  -0.1007732978937769      
    1.258791801968302     
 bsup=    0.000000000000000       -0.8071083731990202      
   0.8622946240168874     
 b_abs=    1.080420766294431     
 g=  -2.0661864093229867E-002
 j=    0.000000000000000         328.3352091113387      
   -461.9082694324937     
 v_perp_2=    0.000000000000000     
 b_n=   6.8155036697017170E-005  -0.8046728206932242      
   0.8624884240001031     
 b_para_n=    1.080420742071079     
 dxdt=   0.2207867908776845        -2606.720477272178      
    2794.012893730398     
 dudt=    0.000000000000000     
 ---------------------
 rk4
 istep=     28000001
 grad_b=   0.3754526265269206        5.7516800507787957E-002 
  -7.3613080561389294E-002
 bsub=  -9.9552950647141952E-002   5.0933931905840418E-002 
    1.821356177549855     
 bsup=    0.000000000000000        -1.050399413099769      
    1.032570340131631     
 b_abs=    1.351905998648581     
 g=  -1.2763515866062679E-002
 j=    0.000000000000000         564.2486172536994      
   -295.0495591593329     
 v_perp_2=    0.000000000000000     
 b_n=   1.7031889963279296E-004   -1.051461265185601      
    1.032609334557708     
 b_para_n=    1.351905985842944     
 dxdt=   0.4409449732135651        -2722.167418953298      
    2673.360950242767     
 dudt=    0.000000000000000     
 ---------------------
 rk4
 istep=     29000001
 grad_b=   -1.249358919806007       -3.6452069101782815E-002 
  -0.2238823866807435     
 bsub=   3.9972515733580363E-002  -9.2328087175469753E-002 
    1.340267366682071     
 bsup=    0.000000000000000       -0.9477104105944454      
   0.8718671184186407     
 b_abs=    1.120638006250744     
 g=  -2.0021552600960769E-002
 j=    0.000000000000000         1571.662024493146      
   -500.4259572642919     
 v_perp_2=    0.000000000000000     
 b_n=  -1.0124747557428927E-004  -0.9452849236191497      
   0.8720371995519705     
 b_para_n=    1.120637976360165     
 dxdt=  -0.3162182363844163        -2952.333672836104      
    2723.564846825220     
 dudt=    0.000000000000000     
 ---------------------
 Elapsed time (seconds):     154.8427980000000     

real	2m34.854s
user	2m34.487s
sys	0m0.014s
>>> [PID 3656598] DONE  u=3500, v_perp=0, out=gc_grid/dat218.dat
