>>> [PID 3689058] START u=8000, v_perp=3000, out=gc_grid/dat290.dat, dt=2e-09, steps=30000000
 outer boundary:   8.3000000000000462E-002
 rk4
 istep=            1
 grad_b=  -0.5028818290343094        4.9314042810149686E-003 
  -7.9821608056665633E-003
 bsub=   8.6925316976737728E-003   4.2252256917242909E-002 
    1.020727392851925     
 bsup=    0.000000000000000        0.5003041769235204      
   0.9181486622684942     
 b_abs=   0.9787596175466039     
 g=  -1.6418775612161984E-002
 j=    0.000000000000000         576.0999519312652      
    59.08775124688058     
 v_perp_2=    8999999.269131321     
 b_n=   2.8578491876101220E-005   0.5030351687690248      
   0.9180353804138199     
 b_para_n=   0.9787596268403695     
 dxdt=   0.2500137226672537         4113.183064375065      
    7503.598594825637     
 dudt=    22837.06941377761     
 ---------------------
 rk4
 istep=      1000001
 grad_b=   0.6670906624135311       -8.5475387964441651E-002 
   0.1469956962726496     
 bsub=   8.3749613782645976E-002  -1.0157424600066415E-002 
    1.587378005883870     
 bsup=    0.000000000000000       -0.7128097995564555      
    1.000652997447756     
 b_abs=    1.263236651915740     
 g=  -1.4002302757529899E-002
 j=    0.000000000000000        -379.5913639062611      
    602.8412899232717     
 v_perp_2=    11615838.78166515     
 b_n=  -4.9223384946215233E-004  -0.7166490444084654      
    1.000654450090995     
 b_para_n=    1.263236713930447     
 dxdt=   -3.341770231203001        -4447.029661080663      
    6206.226371572313     
 dudt=   -757101.3660146934     
 ---------------------
 rk4
 istep=      2000001
 grad_b=   0.3879564276818548       -4.7950392690343430E-002 
  -0.1075471545030926     
 bsub=   3.2096842621916283E-002   0.1703801431312225      
    2.110115497377268     
 bsup=    0.000000000000000        -1.513327351653067      
    1.074985372463848     
 b_abs=    1.418095557562290     
 g=  -7.9905762181247501E-003
 j=    0.000000000000000        -228.7952684201969      
    375.5815822043317     
 v_perp_2=    13039797.08106026     
 b_n=  -4.1770329989624543E-004   -1.517471709141867      
    1.075326385679799     
 b_para_n=    1.418095595706814     
 dxdt=   -2.528846908430971        -8288.493384911639      
    5871.936029445944     
 dudt=    139563.7520738131     
 ---------------------
 rk4
 istep=      3000001
 grad_b=   0.6899060859094481       -5.0481350693712304E-002 
  -0.1656381329008420     
 bsub=  -1.4772846487794762E-002   0.1337316443073497      
    1.621597381337615     
 bsup=    0.000000000000000       -0.6715409584679872      
    1.097698883028905     
 b_abs=    1.300344501362439     
 g=  -8.2844845891741851E-003
 j=    0.000000000000000        -27.82847328255451      
   -156.2100578100799     
 v_perp_2=    11957027.50471516     
 b_n=  -3.4839697119934333E-004  -0.6780544541645882      
    1.098232858590336     
 b_para_n=    1.300344485749186     
 dxdt=   -2.298329127523222        -4077.860749359248      
    6598.945335157179     
 dudt=    523004.4006579109     
 ---------------------
 rk4
 istep=      4000001
 grad_b=   0.3866704324294538       -1.1570085380376287E-002 
  -0.1246367040638668     
 bsub=   2.0634443472698008E-002   4.4327415580998022E-002 
    1.064807000375184     
 bsup=    0.000000000000000        0.2963197478381640      
    1.090698706667630     
 b_abs=    1.083491969443060     
 g=  -1.1730555727108334E-002
 j=    0.000000000000000        -907.2394920568537      
   -54.46540619632731     
 v_perp_2=    9962994.821566766     
 b_n=  -4.0984450142894103E-005   0.2938208091773565      
    1.090803521646123     
 b_para_n=    1.083491960711103     
 dxdt=  -0.3240580096815067         2151.605585698281      
    7993.222866572892     
 dudt=    591394.3810747786     
 ---------------------
 rk4
 istep=      5000001
 grad_b=  -0.6571646782580809       -3.4194969420544112E-003 
   1.2972189585627951E-002
 bsub=   2.6992636684139190E-002  -3.8300375967008034E-002 
   0.9907827332252847     
 bsup=    0.000000000000000       -0.3733992867668228      
   0.9624750117119231     
 b_abs=   0.9835786531882337     
 g=  -1.8144792456720571E-002
 j=    0.000000000000000        -590.6886222971010      
   -8.437035192072315     
 v_perp_2=    9044254.054296045     
 b_n=  -1.3779547259636692E-005  -0.3702944175495028      
   0.9625954126084848     
 b_para_n=   0.9835786547384031     
 dxdt=  -0.1199599633865518        -3008.986867155888      
    7826.693334670007     
 dudt=   -64330.03487447738     
 ---------------------
 rk4
 istep=      6000001
 grad_b=  -0.3510830913641492       -0.1807846145977977      
   0.1004477438992043     
 bsub=   2.1600631527686723E-002  -0.2078541152838266      
    1.437541469571906     
 bsup=    0.000000000000000        -1.075677924975568      
   0.8944394684256912     
 b_abs=    1.228682427920947     
 g=  -1.8631392451184416E-002
 j=    0.000000000000000         277.1842036341891      
    160.8204917280670     
 v_perp_2=    11298029.01902856     
 b_n=  -6.9828349010764713E-004   -1.074197039326822      
   0.8946640922960882     
 b_para_n=    1.228682439793847     
 dxdt=   -4.872888239670695        -6866.556553075567      
    5719.787000272765     
 dudt=   -1063861.084469342     
 ---------------------
 rk4
 istep=      7000001
 grad_b=   1.3788890657488173E-002  -0.1564971699015866      
  -0.2978484169681609     
 bsub=   5.9803642258004372E-002   3.2823707561883270E-002 
    1.626864976642885     
 bsup=    0.000000000000000        -1.434337724669742      
    1.003337270618382     
 b_abs=    1.259158194739959     
 g=  -1.1875232540323076E-002
 j=    0.000000000000000         294.3139821848109      
   -335.2218362531511     
 v_perp_2=    11578247.78117036     
 b_n=  -1.0661234782476424E-003   -1.434512954465150      
    1.003379969874853     
 b_para_n=    1.259158159927990     
 dxdt=   -7.261154983021090        -8928.742367234365      
    6245.223521649538     
 dudt=    271559.9262644967     
 ---------------------
 rk4
 istep=      8000001
 grad_b=   0.5588888566174228       -7.3104401651482548E-002 
  -0.1634887031121434     
 bsub=   2.4979829343701437E-002   7.6437032343448175E-002 
    1.233577059297618     
 bsup=    0.000000000000000       -0.3685123256586108      
    1.136653981011690     
 b_abs=    1.172549535680848     
 g=  -8.2467895270763834E-003
 j=    0.000000000000000         45.10605515611721      
    4.948859973619058     
 v_perp_2=    10781848.91346202     
 b_n=  -5.6537349733583721E-004  -0.3735596829356136      
    1.136978183530451     
 b_para_n=    1.172549536401329     
 dxdt=   -4.132860603923540        -2515.912235815139      
    7648.745532123689     
 dudt=    623015.4037430621     
 ---------------------
 rk4
 istep=      9000001
 grad_b=  -0.2724656300285214       -1.7581904575866621E-002 
  -4.8262872354053604E-002
 bsub=   3.7413547065059345E-002  -3.1549625569190984E-002 
   0.9157463942227857     
 bsup=    0.000000000000000       -0.1189671241750985      
    1.088969073236724     
 b_abs=    1.000796228500026     
 g=  -1.3582373689031518E-002
 j=    0.000000000000000        -100.8030326786366      
   -169.3640958113093     
 v_perp_2=    9202527.660502288     
 b_n=  -1.0824726849618138E-004  -0.1174456636394083      
    1.089025896267454     
 b_para_n=    1.000796212573713     
 dxdt=  -0.9262274710208475        -936.4554140002107      
    8691.523824391705     
 dudt=    231834.1281333727     
 ---------------------
 rk4
 istep=     10000001
 grad_b=   -1.165300318699386       -5.1574056016494091E-002 
   0.1107725095162390     
 bsub=  -3.3923526530591878E-003  -7.8633059359375451E-002 
    1.163568302625796     
 bsup=    0.000000000000000       -0.6997517983056956      
   0.8818219049600234     
 b_abs=    1.039677097819811     
 g=  -1.9840229015791726E-002
 j=    0.000000000000000        -174.5256458017415      
   -119.6052988363579     
 v_perp_2=    9560033.486155957     
 b_n=  -1.9931861334091314E-004  -0.6944850547250262      
   0.8821772355122163     
 b_para_n=    1.039677085667869     
 dxdt=   -1.642023849775176        -5317.379711138577      
    6758.526601278954     
 dudt=   -591551.4104011481     
 ---------------------
 rk4
 istep=     11000001
 grad_b=  -0.5873190460813084        7.0039914168895184E-002 
  -6.4091937342505234E-002
 bsub=   2.0187420842242999E-002  -0.2347404560722486      
    1.516598703222274     
 bsup=    0.000000000000000        -1.246786162547577      
   0.8999608179054270     
 b_abs=    1.287542542694978     
 g=  -1.7048829532529623E-002
 j=    0.000000000000000         573.1657130219450      
   -146.4821364302958     
 v_perp_2=    11839186.78251708     
 b_n=   2.6393856334671793E-004   -1.244211404172079      
   0.9003558091660118     
 b_para_n=    1.287542520573070     
 dxdt=    1.758329981147475        -7555.830912303112      
    5468.996647597344     
 dudt=    517788.4571295081     
 ---------------------
 rk4
 istep=     12000001
 grad_b=   -1.144578611460954       -2.7343172445549017E-002 
  -0.1129092343638927     
 bsub=   1.0111702877030594E-002  -8.3298346680438604E-002 
    1.097798916375541     
 bsup=    0.000000000000000       -0.6660227707579507      
   0.8972084245623645     
 b_abs=    1.019826785245557     
 g=  -1.7985223784284857E-002
 j=    0.000000000000000        -432.3414360498294      
    83.69376104205037     
 v_perp_2=    9377478.059711790     
 b_n=  -1.7586397238463750E-004  -0.6604225729241701      
   0.8976349859735682     
 b_para_n=    1.019826798140015     
 dxdt=   -1.476853304018521        -5162.135987185421      
    7020.919608678169     
 dudt=    374595.6100651371     
 ---------------------
 rk4
 istep=     13000001
 grad_b=  -0.7015979321953211       -2.7596555879866973E-002 
  -2.4182132620667700E-002
 bsub=   1.7680908473682085E-002  -9.1697102532615635E-002 
   0.8148967404802195     
 bsup=    0.000000000000000       -0.3320637759287749      
    1.157218300827959     
 b_abs=   0.9860914451640387     
 g=  -9.6017782373755585E-003
 j=    0.000000000000000        -565.6962016868492      
   -159.4464992710846     
 v_perp_2=    9067266.476968771     
 b_n=  -2.2134539044295565E-004  -0.3269453919667792      
    1.157799044647393     
 b_para_n=   0.9860914367256295     
 dxdt=   -1.922068888385750        -2648.117586261506      
    9388.432410070363     
 dudt=    87747.78051581378     
 ---------------------
 rk4
 istep=     14000001
 grad_b=  -0.8651799630007401        1.7959823315060908E-002 
   3.6909243588111651E-002
 bsub=   4.2638139685873613E-003  -8.8179681170331453E-002 
   0.9588871530205116     
 bsup=    0.000000000000000       -0.4718811325987637      
   0.9750830873784950     
 b_abs=   0.9885843498235856     
 g=  -1.5836510976027680E-002
 j=    0.000000000000000         539.0286595484413      
    246.4244812377945     
 v_perp_2=    9090179.539693879     
 b_n=   1.1064715746014594E-004  -0.4673972407524467      
   0.9754949569511042     
 b_para_n=   0.9885843701226932     
 dxdt=   0.9584011254600280        -3777.111526013500      
    7888.748796584830     
 dudt=   -127961.4712378819     
 ---------------------
 rk4
 istep=     15000001
 grad_b=   -1.097714797508127       -0.1173025168816208      
   0.1548250189446511     
 bsub=  -3.1154084421752173E-002  -0.1597772227566649      
    1.409561185529236     
 bsup=    0.000000000000000       -0.9655302046861938      
   0.8743102123817589     
 b_abs=    1.177665894658410     
 g=  -1.9835355370365002E-002
 j=    0.000000000000000         673.8582999703110      
    53.65579161731243     
 v_perp_2=    10828797.92181670     
 b_n=  -4.2161451160619513E-004  -0.9609050108794096      
   0.8748251689474783     
 b_para_n=    1.177665892264012     
 dxdt=   -3.068689187379607        -6430.887410931873      
    5857.550846203919     
 dudt=   -970617.8223420038     
 ---------------------
 rk4
 istep=     16000001
 grad_b=   -1.091827664445910        0.1166050233221466      
  -0.1430114909001028     
 bsub=   2.0312113190960199E-002  -0.1350867632575870      
    1.343168212708848     
 bsup=    0.000000000000000       -0.8584662386811301      
   0.8714472252669608     
 b_abs=    1.134196021673414     
 g=  -2.0051002025737494E-002
 j=    0.000000000000000         65.69526935218386      
    320.4796026948358     
 v_perp_2=    10429070.96726824     
 b_n=   4.4049880738779095E-004  -0.8537706034680408      
   0.8719128477766729     
 b_para_n=    1.134196055753439     
 dxdt=    3.328181264459363        -5951.689445919295      
    6081.218003320921     
 dudt=    910958.5521089585     
 ---------------------
 rk4
 istep=     17000001
 grad_b=  -0.6119230113106462       -7.8208077388799632E-004 
   3.5548650474103854E-003
 bsub=  -2.5675620552724220E-002  -6.0366048957432070E-002 
   0.9348575549214393     
 bsup=    0.000000000000000       -0.3691449164380953      
    1.013673932864961     
 b_abs=   0.9846962694910426     
 g=  -1.6067045430081490E-002
 j=    0.000000000000000        -352.9336064388025      
    73.97840509522229     
 v_perp_2=    9054390.281332854     
 b_n=  -2.7737412492643372E-006  -0.3660735701932950      
    1.013872191388177     
 b_para_n=   0.9846962792991485     
 dxdt=  -2.4119949726913677E-002   -2971.073515306184      
    8233.647934873590     
 dudt=   -18172.59616483948     
 ---------------------
 rk4
 istep=     18000001
 grad_b=   0.2943770838774656        6.6923511709833683E-002 
   0.1323466347531981     
 bsub=  -3.6077861837860603E-002   4.0930832132002187E-002 
    1.060493532917653     
 bsup=    0.000000000000000       -0.1066235927014145      
    1.135045639334412     
 b_abs=    1.094843395715910     
 g=  -9.7904567653759079E-003
 j=    0.000000000000000        -454.0368257097421      
    363.9120438885268     
 v_perp_2=    10067192.26165039     
 b_n=   4.6358900628801528E-004  -0.1088651020019082      
    1.135147956915091     
 b_para_n=    1.094843427676274     
 dxdt=    3.627745312177074        -790.1141420499715      
    8225.118056687174     
 dudt=   -600847.3213192953     
 ---------------------
 rk4
 istep=     19000001
 grad_b=   0.1590546295473413        0.1604010259688799      
   0.2621515212509958     
 bsub=  -5.7166301751375048E-002   4.2254065608260602E-002 
    1.461887519155754     
 bsup=    0.000000000000000        -1.048250047541958      
    1.038962412606832     
 b_abs=    1.213932162639511     
 g=  -1.0265059400254802E-002
 j=    0.000000000000000        -1674.784531895124      
    519.0392182530247     
 v_perp_2=    11162211.67303770     
 b_n=   1.2150053950056756E-003   -1.049596233963898      
    1.039048874666451     
 b_para_n=    1.213932210905308     
 dxdt=    8.581009477297163        -6799.939788738020      
    6730.878873095729     
 dudt=   -394733.1802285037     
 ---------------------
 rk4
 istep=     20000001
 grad_b=  -0.5873325101323239       -1.3904951089630628E-002 
   4.7013547127727373E-002
 bsub=  -5.2258238961258544E-002  -0.2265260458245497      
    1.531991308852032     
 bsup=    0.000000000000000        -1.274282544067300      
   0.9079284417991424     
 b_abs=    1.295870059149984     
 g=  -1.8390962818484714E-002
 j=    0.000000000000000         264.9435213166109      
    1.595474675702434     
 v_perp_2=    11915624.35388946     
 b_n=  -2.8202297032134036E-005   -1.271906848198949      
   0.9082787562042166     
 b_para_n=    1.295870055627392     
 dxdt=  -0.1866835775316571        -7669.725063606073      
    5478.215452957520     
 dudt=   -214302.7383176973     
 ---------------------
 rk4
 istep=     21000001
 grad_b=  -0.9673336828543374        4.7964006265537582E-002 
  -7.2011916235856052E-002
 bsub=  -1.0201376484021793E-002  -6.0143725188215300E-002 
    1.100185777399181     
 bsup=    0.000000000000000       -0.5971354937579425      
   0.8983393619954624     
 b_abs=    1.012141531320760     
 g=  -1.9701366239108765E-002
 j=    0.000000000000000         1157.404888295179      
   -175.9807606653919     
 v_perp_2=    9306705.219342716     
 b_n=   2.0037932427896700E-004  -0.5927297596671053      
   0.8985820429364174     
 b_para_n=    1.012141504362422     
 dxdt=    1.695438633510293        -4671.178440986983      
    7085.523268168970     
 dudt=    423950.7249041587     
 ---------------------
 rk4
 istep=     22000001
 grad_b=  -2.0552384822009162E-002   1.1145799364962898E-002 
   7.9023684839794647E-002
 bsub=  -3.6330501483701275E-002   4.7916739623337506E-003 
   0.9648896919391871     
 bsup=    0.000000000000000        9.0989643371658269E-002 
    1.082516585879125     
 b_abs=    1.021982660197193     
 g=  -1.3588583079904570E-002
 j=    0.000000000000000        -46.97951256465512      
    63.60023965666412     
 v_perp_2=    9397183.645228308     
 b_n=   6.0995166755686470E-005   9.1089338389961985E-002 
    1.082518393911170     
 b_para_n=    1.021982666334782     
 dxdt=   0.5111440831349759         710.8816526305152      
    8447.534642268298     
 dudt=   -389394.9545436435     
 ---------------------
 rk4
 istep=     23000001
 grad_b=   0.7882436795961467        3.3220624689883044E-002 
   0.1616020535794069     
 bsub=   8.7717921143101139E-003   9.3748479711589644E-002 
    1.378199523747216     
 bsup=    0.000000000000000       -0.2886625101352014      
    1.117261278143957     
 b_abs=    1.229683025079126     
 g=  -8.2866107529867179E-003
 j=    0.000000000000000        -53.15477342998997      
    155.7597376837811     
 v_perp_2=    11306983.74077711     
 b_n=   2.0089299302397372E-004  -0.2957772156406336      
    1.117743971853548     
 b_para_n=    1.229683039397869     
 dxdt=    1.400775774146878        -1893.414940925287      
    7139.771966553639     
 dudt=   -639189.5355197310     
 ---------------------
 rk4
 istep=     24000001
 grad_b=   0.4071811550930906        7.4826318339208914E-002 
   0.2178551338017511     
 bsub=  -2.3535070520369569E-002   0.1677488407683625      
    2.024519113279065     
 bsup=    0.000000000000000        -1.535717444994438      
    1.074726773326253     
 b_abs=    1.384241572261499     
 g=  -7.5322959401533029E-003
 j=    0.000000000000000        -1069.296035299239      
    494.9084807260853     
 v_perp_2=    12728139.33667589     
 b_n=   6.4681889363963046E-004   -1.540385245597185      
    1.075121090037240     
 b_para_n=    1.384241616075929     
 dxdt=    4.010716099844742        -8641.988465825150      
    6030.031706046238     
 dudt=   -395976.6092822239     
 ---------------------
 rk4
 istep=     25000001
 grad_b=   0.3691168840851045        6.4038700716152946E-002 
  -7.3224289157353656E-002
 bsub=  -0.1044249175555345        2.3413720675308079E-002 
    1.789599244804107     
 bsup=    0.000000000000000        -1.070992478571734      
    1.021933515675558     
 b_abs=    1.343146262035255     
 g=  -1.3329148460565869E-002
 j=    0.000000000000000        -419.6644935050304      
   -121.0001163328121     
 v_perp_2=    12350252.24781378     
 b_n=   3.9410238232551339E-004   -1.073204714183698      
    1.021985445469821     
 b_para_n=    1.343146249188647     
 dxdt=    2.517731737680656        -6223.932949643932      
    5925.679441252932     
 dudt=    490902.5760633075     
 ---------------------
 rk4
 istep=     26000001
 grad_b=  -0.4793484048232691        3.7245078379732219E-002 
  -3.4707677533178966E-002
 bsub=  -1.6681190320976869E-002   2.3997701848357172E-002 
    1.055921948375746     
 bsup=    0.000000000000000        2.8478556100819286E-002 
   0.9192810338016764     
 b_abs=   0.9856643493041285     
 g=  -1.8786042564087179E-002
 j=    0.000000000000000        -44.59619411505440      
    459.2102571861059     
 v_perp_2=    9063187.904783454     
 b_n=   1.8406909017477165E-004   3.0801064036048206E-002 
   0.9192312074266388     
 b_para_n=   0.9856644016530184     
 dxdt=    1.599066543297051         251.2042405803380      
    7457.092105986783     
 dudt=    143874.5001068747     
 ---------------------
 rk4
 istep=     27000001
 grad_b=   0.5372761328311186       -5.5075719805306018E-002 
   0.1646171243380176     
 bsub=   1.0497755566452160E-002   3.6709942562615394E-002 
    1.159860903185403     
 bsup=    0.000000000000000        0.7575799097194142      
    1.029100389607578     
 b_abs=    1.105415799274643     
 g=  -1.1271524310957102E-002
 j=    0.000000000000000         656.1367685235334      
    47.92075315380195     
 v_perp_2=    10164291.06023168     
 b_n=  -4.2100509762570332E-004   0.7538383218648206      
    1.029222628915713     
 b_para_n=    1.105415806068915     
 dxdt=   -3.263189754848358         5403.577952147465      
    7380.590117704709     
 dudt=   -531042.2775319244     
 ---------------------
 rk4
 istep=     28000001
 grad_b=   0.7195011089956426        2.6258342411986099E-002 
   0.1806974745157368     
 bsub=   5.3009161662240636E-002   0.1414330960600473      
    1.789250203214774     
 bsup=    0.000000000000000       -0.8142763615584198      
    1.072868787262276     
 b_abs=    1.343054373917986     
 g=  -9.4962674286220971E-003
 j=    0.000000000000000        -771.1930268051226      
    515.8884286310871     
 v_perp_2=    12349359.82993714     
 b_n=   1.0191026908810686E-004  -0.8203540340255419      
    1.073346218481693     
 b_para_n=    1.343054420118966     
 dxdt=   0.6510999036776066        -4760.502980886496      
    6224.200575843773     
 dudt=   -590436.5422681551     
 ---------------------
 rk4
 istep=     29000001
 grad_b=   0.4267058422447649       -2.6124306089917539E-002 
  -0.1047705091870404     
 bsub=  -1.3028149726447946E-003   0.1908563547884428      
    2.144528817740026     
 bsup=    0.000000000000000        -1.485173236744472      
    1.075453004501238     
 b_abs=    1.422408888014046     
 g=  -7.1632167472164086E-003
 j=    0.000000000000000         1596.066641813477      
    34.87139633685016     
 v_perp_2=    13079007.13495469     
 b_n=  -2.0131289499746688E-004   -1.490285519911767      
    1.075907872065741     
 b_para_n=    1.422408907097048     
 dxdt=   -1.215125782527021        -8113.291555917744      
    5855.448424990113     
 dudt=    238782.9058851165     
 ---------------------
 Elapsed time (seconds):     160.6381800000000     

real	2m40.652s
user	2m39.947s
sys	0m0.030s
>>> [PID 3689058] DONE  u=8000, v_perp=3000, out=gc_grid/dat290.dat
