>>> [PID 3660204] START u=8000, v_perp=0, out=gc_grid/dat227.dat, dt=2e-09, steps=30000000
 outer boundary:   8.3000000000000462E-002
 rk4
 istep=            1
 grad_b=  -0.5028818301855387        4.9314038996292331E-003 
  -7.9821604125944468E-003
 bsub=   8.6925316462955170E-003   4.2252256938028088E-002 
    1.020727392874459     
 bsup=    0.000000000000000        0.5003041785235055      
   0.9181486621699598     
 b_abs=   0.9787596175466051     
 g=  -1.6418775610631597E-002
 j=    0.000000000000000         576.0999487994968      
    59.08774615313052     
 v_perp_2=    0.000000000000000     
 b_n=   2.8578489557268062E-005   0.5030351703600038      
   0.9180353803156258     
 b_para_n=   0.9787596268403702     
 dxdt=   0.2335894434021565         4111.613569381900      
    7503.663658700151     
 dudt=    0.000000000000000     
 ---------------------
 rk4
 istep=      1000001
 grad_b=   0.6465518206816259       -7.6911974374822778E-002 
   0.1422064563211550     
 bsub=   9.1329129065400944E-002  -2.8596367788842544E-003 
    1.644695490816784     
 bsup=    0.000000000000000       -0.8470295999201150      
    1.006623184445439     
 b_abs=    1.287637389853617     
 g=  -1.3733811854670309E-002
 j=    0.000000000000000         268.1231544782519      
    686.3577349857903     
 v_perp_2=    0.000000000000000     
 b_n=  -4.6343540223759403E-004  -0.8508902249444120      
    1.006642262326762     
 b_para_n=    1.287637461410277     
 dxdt=   -2.879291205026105        -5286.520471453073      
    6254.196806136679     
 dudt=   -0.000000000000000     
 ---------------------
 rk4
 istep=      2000001
 grad_b=   0.4086827990754744       -6.8435299455659793E-002 
  -0.1949632776058300     
 bsub=   2.5023901935394641E-002   0.1703526836548603      
    2.075341885774429     
 bsup=    0.000000000000000        -1.603576941618814      
    1.076123565193033     
 b_abs=    1.399581468450176     
 g=  -7.5191047837205472E-003
 j=    0.000000000000000        -1950.391873084745      
    380.5604204621289     
 v_perp_2=    0.000000000000000     
 b_n=  -6.1831414068205174E-004   -1.608424287636135      
    1.076528927520279     
 b_para_n=    1.399581493015785     
 dxdt=   -3.534280175995885        -9193.744248048553      
    6153.433339279727     
 dudt=    0.000000000000000     
 ---------------------
 rk4
 istep=      3000001
 grad_b=   0.7859108692048029       -3.2191722392962599E-002 
  -0.1612185550607007     
 bsub=  -7.7500259534110938E-003   9.0494012327446791E-002 
    1.355792418532681     
 bsup=    0.000000000000000       -0.2379926832092064      
    1.117958580130751     
 b_abs=    1.222064443976546     
 g=  -8.3281813092452132E-003
 j=    0.000000000000000        -290.0960883722579      
    254.3616579036715     
 v_perp_2=    0.000000000000000     
 b_n=  -1.9551655370086561E-004  -0.2451542240394582      
    1.118435488480858     
 b_para_n=    1.222064466413659     
 dxdt=   -1.279909916861520        -1604.852973158786      
    7321.613674035269     
 dudt=    0.000000000000000     
 ---------------------
 rk4
 istep=      4000001
 grad_b=  -0.2091600992555492       -4.6032291025092098E-003 
  -5.3696468920686635E-002
 bsub=   3.7310087306921230E-002  -1.5167520183903854E-002 
   0.9406316558803776     
 bsup=    0.000000000000000       -6.3223368191485718E-002 
    1.067534861122401     
 b_abs=    1.002774157362260     
 g=  -1.4422927440534344E-002
 j=    0.000000000000000        -555.8091383618831      
    73.65541036242142     
 v_perp_2=    0.000000000000000     
 b_n=  -2.9686582708444593E-005  -6.2099649636423733E-002 
    1.067554167067802     
 b_para_n=    1.002774165490244     
 dxdt=  -0.2368356404070795        -495.4228122226420      
    8516.806306400105     
 dudt=    0.000000000000000     
 ---------------------
 rk4
 istep=      5000001
 grad_b=   -1.039157339001360       -0.1100291151644138      
   0.1200608628128255     
 bsub=  -4.8802660328674374E-003  -9.9569945596175005E-002 
    1.237433332599894     
 bsup=    0.000000000000000       -0.7361163006984046      
   0.8749633167841133     
 b_abs=    1.075090063929586     
 g=  -2.0311827386427683E-002
 j=    0.000000000000000        -991.5552620715703      
    344.5617383971900     
 v_perp_2=    0.000000000000000     
 b_n=  -4.4275824149587003E-004  -0.7315344207997542      
   0.8753302926126164     
 b_para_n=    1.075090111709972     
 dxdt=   -3.294668877879611        -5443.520782727472      
    6513.539902030127     
 dudt=   -0.000000000000000     
 ---------------------
 rk4
 istep=      6000001
 grad_b=   -1.216707786289468        2.0821107391882695E-002 
  -0.2117084855330096     
 bsub=   5.5015205148017610E-002  -0.1299047860410148      
    1.459164852847590     
 bsup=    0.000000000000000        -1.053189775323097      
   0.8830694730312360     
 b_abs=    1.193805538055736     
 g=  -2.0730632182344964E-002
 j=    0.000000000000000        -247.2030176205536      
   -301.6720479734532     
 v_perp_2=    0.000000000000000     
 b_n=   8.1568248548101855E-006   -1.048193608830986      
   0.8835139335992720     
 b_para_n=    1.193805507941589     
 dxdt=   5.4660996623307853E-002   -7024.216938910443      
    5920.655769951441     
 dudt=    0.000000000000000     
 ---------------------
 rk4
 istep=      7000001
 grad_b=   5.7444274499825115E-002  -0.1393117490428552      
  -0.1979828095254081     
 bsub=   5.5520797593563827E-002   2.3387008706000183E-002 
    1.174562102679091     
 bsup=    0.000000000000000       -0.6243291205519079      
    1.090687310060827     
 b_abs=    1.125653295400329     
 g=  -9.0328196161331836E-003
 j=    0.000000000000000         262.7721657267920      
   -287.9928873713152     
 v_perp_2=    0.000000000000000     
 b_n=  -1.1626556411014383E-003  -0.6249028482367575      
    1.090753665268736     
 b_para_n=    1.125653267833799     
 dxdt=   -8.262975282531515        -4441.174674964111      
    7751.969075648144     
 dudt=    0.000000000000000     
 ---------------------
 rk4
 istep=      8000001
 grad_b=  -0.3506664868228122       -2.4204449569527976E-002 
  -4.2829776032332845E-002
 bsub=   3.4323522130364506E-002  -4.8287044401147033E-002 
   0.8912743956249408     
 bsup=    0.000000000000000       -0.1794090399611252      
    1.102774909794389     
 b_abs=   0.9961174357738152     
 g=  -1.2809996618090900E-002
 j=    0.000000000000000         281.3288259899933      
   -239.4256368021956     
 v_perp_2=    0.000000000000000     
 b_n=  -1.5566137174448407E-004  -0.1773608005292651      
    1.102891846072181     
 b_para_n=   0.9961174117157962     
 dxdt=   -1.250144771398865        -1424.416828323593      
    8857.524890946082     
 dudt=    0.000000000000000     
 ---------------------
 rk4
 istep=      9000001
 grad_b=   -1.229469948048290       -6.0365894813250706E-002 
   0.1329403381135842     
 bsub=  -1.2919376497694365E-002  -9.1872571460427210E-002 
    1.221651507484683     
 bsup=    0.000000000000000       -0.7597933936900202      
   0.8721463574370900     
 b_abs=    1.065606286934162     
 g=  -2.0188622733057823E-002
 j=    0.000000000000000        -911.4217671631892      
   -68.08673394265574     
 v_perp_2=    0.000000000000000     
 b_n=  -2.2464193719458049E-004  -0.7543163350785709      
   0.8725558762538383     
 b_para_n=    1.065606286985695     
 dxdt=   -1.686491079777919        -5663.002137213906      
    6550.681143010574     
 dudt=   -0.000000000000000     
 ---------------------
 rk4
 istep=     10000001
 grad_b=  -0.9052349942605826        0.1390126198136900      
  -0.1412884282134307     
 bsub=   2.4772340838498861E-002  -0.1888432923606773      
    1.447915871296654     
 bsup=    0.000000000000000        -1.047427329357113      
   0.8823340643615840     
 b_abs=    1.214594071400731     
 g=  -1.8683855027102399E-002
 j=    0.000000000000000         334.9260210133272      
   -111.1943902003045     
 v_perp_2=    0.000000000000000     
 b_n=   5.3014527310547572E-004   -1.043458118532112      
   0.8828426619243930     
 b_para_n=    1.214594055413847     
 dxdt=    3.491835124615951        -6872.802407560444      
    5814.898618937058     
 dudt=    0.000000000000000     
 ---------------------
 rk4
 istep=     11000001
 grad_b=  -0.7489901858899514       -4.5982066348936798E-003 
  -1.6364446548324932E-002
 bsub=  -1.7940208372543679E-002  -7.1519030763141991E-002 
   0.9548231804212062     
 bsup=    0.000000000000000       -0.4305247638462447      
   0.9838594533213442     
 b_abs=   0.9852216872563384     
 g=  -1.6676132735851560E-002
 j=    0.000000000000000        -9.104256572868621      
    29.31658039024177     
 v_perp_2=    0.000000000000000     
 b_n=  -2.8751719255145433E-005  -0.4268256274043918      
   0.9841359923750584     
 b_para_n=   0.9852216903598335     
 dxdt=  -0.2334639566828409        -3465.824040057436      
    7991.184132502169     
 dudt=    0.000000000000000     
 ---------------------
 rk4
 istep=     12000001
 grad_b=   7.1088798182925086E-002   8.6799019191284493E-002 
   0.1274000264872885     
 bsub=  -4.6299008278082115E-002   2.1242751267815229E-002 
    1.014974342760103     
 bsup=    0.000000000000000       -0.2841267549696722      
    1.144719292399978     
 b_abs=    1.075140575223093     
 g=  -9.1953903434343169E-003
 j=    0.000000000000000        -56.33215674124506      
    37.21802119474212     
 v_perp_2=    0.000000000000000     
 b_n=   6.7236516862871133E-004  -0.2847413266644898      
    1.144762829079134     
 b_para_n=    1.075140578551174     
 dxdt=    5.002993521347838        -2118.728154029482      
    8518.051327738223     
 dudt=   -0.000000000000000     
 ---------------------
 rk4
 istep=     13000001
 grad_b=  -0.7740005460391187        0.1403584220248150      
   0.2710905550565084     
 bsub=  -4.6470577152041212E-002  -5.5177844355759731E-002 
    1.313411533654469     
 bsup=    0.000000000000000        -1.035358217009536      
   0.9160427462602224     
 b_abs=    1.122674153062654     
 g=  -1.5395908307862142E-002
 j=    0.000000000000000         343.7340615265571      
    358.8178434399493     
 v_perp_2=    0.000000000000000     
 b_n=   8.5959769117513647E-004   -1.031028061932691      
   0.9162551069624320     
 b_para_n=    1.122674190804578     
 dxdt=    6.125358172234068        -7346.944076046087      
    6529.090020717668     
 dudt=   -0.000000000000000     
 ---------------------
 rk4
 istep=     14000001
 grad_b=  -0.5261004030249700        0.1586566025964188      
  -0.1092347814486383     
 bsub=  -4.1011756008246698E-003  -0.2172321039379834      
    1.461086154367182     
 bsup=    0.000000000000000        -1.117521199721929      
   0.8906118436282763     
 b_abs=    1.242456409371423     
 g=  -1.7791928039689674E-002
 j=    0.000000000000000        -166.3735872871282      
   -39.54634538614839     
 v_perp_2=    0.000000000000000     
 b_n=   6.3406660779478864E-004   -1.115177532443997      
   0.8909620751043612     
 b_para_n=    1.242456407897178     
 dxdt=    4.082664655368816        -7180.469433652989      
    5736.778011309317     
 dudt=    0.000000000000000     
 ---------------------
 rk4
 istep=     15000001
 grad_b=  -0.6714056429987263        8.5846636760358169E-004 
  -1.1460181021977843E-002
 bsub=  -2.5998158316858765E-002  -4.7326880242717695E-002 
   0.9787777589307045     
 bsup=    0.000000000000000       -0.3884313445851389      
   0.9709459018387910     
 b_abs=   0.9840889131629288     
 g=  -1.7793538952812916E-002
 j=    0.000000000000000        -547.1525643659223      
   -22.17074797746155     
 v_perp_2=    0.000000000000000     
 b_n=   1.4467276597161294E-006  -0.3852382382839417      
   0.9711003371216711     
 b_para_n=   0.9840889136184805     
 dxdt=   1.1760950781542965E-002   -3131.735215814404      
    7894.411358022107     
 dudt=    0.000000000000000     
 ---------------------
 rk4
 istep=     16000001
 grad_b=   0.5193319726608387        2.3118124040261256E-002 
   0.1392094528403867     
 bsub=  -1.6438184963566284E-002   5.4182537633375230E-002 
    1.109127058489083     
 bsup=    0.000000000000000        0.2280672455397039      
    1.103915895543202     
 b_abs=    1.111792603722017     
 g=  -1.0634972822144267E-002
 j=    0.000000000000000         346.9493812573878      
   -112.7787464767398     
 v_perp_2=    0.000000000000000     
 b_n=   1.1522274430317424E-004   0.2243855582809315      
    1.104097450176949     
 b_para_n=    1.111792594678646     
 dxdt=   0.8290952456755901         1614.585737339171      
    7944.628920620425     
 dudt=   -0.000000000000000     
 ---------------------
 rk4
 istep=     17000001
 grad_b=   0.4950179487762472        7.3651968080938032E-002 
   0.1905382874319866     
 bsub=  -5.1382915958833406E-003   0.1556868576395718      
    1.805317153455111     
 bsup=    0.000000000000000        -1.041993477427493      
    1.080839042172123     
 b_abs=    1.337182603533700     
 g=  -7.6829300935207798E-003
 j=    0.000000000000000        -518.3686752228064      
    543.5572463077336     
 v_perp_2=    0.000000000000000     
 b_n=   6.2933516645471293E-004   -1.047443914325854      
    1.081310907147180     
 b_para_n=    1.337182656505163     
 dxdt=    3.765141065167760        -6266.571940521185      
    6469.188943705118     
 dudt=   -0.000000000000000     
 ---------------------
 rk4
 istep=     18000001
 grad_b=   0.2803798970352959        5.6416532708177813E-002 
  -2.0978512301388544E-002
 bsub=  -8.3596496084725525E-002   0.1230675011685773      
    1.944356329571407     
 bsup=    0.000000000000000        -1.025813565778368      
    1.057406883025678     
 b_abs=    1.389410174594150     
 g=  -1.1498993024177055E-002
 j=    0.000000000000000         215.8607818566083      
   -641.0751455733428     
 v_perp_2=    0.000000000000000     
 b_n=   4.2330274976612247E-004   -1.027862299752978      
    1.057554709250780     
 b_para_n=    1.389410108133558     
 dxdt=    2.437309170492560        -5918.265852455849      
    6089.229972114884     
 dudt=    0.000000000000000     
 ---------------------
 rk4
 istep=     19000001
 grad_b=  -0.1160806163387147        0.1244437117215900      
  -0.1198154884196064     
 bsub=  -1.4690705945855434E-002   6.3768013668667849E-003 
    1.158669026003071     
 bsup=    0.000000000000000        4.5590584284476043E-002 
   0.9245348429288978     
 b_abs=    1.035126256598166     
 g=  -1.8436657116793702E-002
 j=    0.000000000000000        -357.3636772869683      
   -284.4572032689018     
 v_perp_2=    0.000000000000000     
 b_n=   6.1410852427331740E-004   4.6167823807255419E-002 
   0.9245394232077204     
 b_para_n=    1.035126224023619     
 dxdt=    4.746153734845810         356.8092295279496      
    7145.327027762556     
 dudt=    0.000000000000000     
 ---------------------
 rk4
 istep=     20000001
 grad_b=   0.3363271914387369       -7.5398860453265618E-002 
   0.1707578235838467     
 bsub=   9.1094097850910362E-003   2.4557513837114867E-002 
    1.152109554251115     
 bsup=    0.000000000000000        0.8027957812384682      
   0.9885650815527349     
 b_abs=    1.076575464770446     
 g=  -1.2238443343083239E-002
 j=    0.000000000000000        -39.95588535780519      
    264.2542539987522     
 v_perp_2=    0.000000000000000     
 b_n=  -5.3728451896109552E-004   0.8005186877962390      
   0.9886178922809434     
 b_para_n=    1.076575492307731     
 dxdt=   -3.992545049000739         5948.630215092558      
    7346.389728131427     
 dudt=   -0.000000000000000     
 ---------------------
 rk4
 istep=     21000001
 grad_b=   0.6520353614301655        7.3366107981516909E-003 
   0.1561697382981969     
 bsub=   6.5742106177139090E-002   0.1428755294554792      
    1.867286451283015     
 bsup=    0.000000000000000       -0.8945037272596567      
    1.067599965833386     
 b_abs=    1.365734378591915     
 g=  -1.0097442320510096E-002
 j=    0.000000000000000         562.3504279810282      
    93.21345869817920     
 v_perp_2=    0.000000000000000     
 b_n=  -3.8274639716296428E-005  -0.8998684020078467      
    1.068011802266226     
 b_para_n=    1.365734392936398     
 dxdt=  -0.2241996096122557        -5271.118054356582      
    6256.043973352366     
 dudt=   -0.000000000000000     
 ---------------------
 rk4
 istep=     22000001
 grad_b=   0.4616094672276532       -7.1162650190115764E-002 
  -0.2033598696420332     
 bsub=   2.6986959160974584E-004   0.1781289073264119      
    2.003816697793977     
 bsup=    0.000000000000000        -1.263535960125445      
    1.072125387917429     
 b_abs=    1.386267926864976     
 g=  -7.4612129428541039E-003
 j=    0.000000000000000        -1132.883145358127      
    121.1268428215506     
 v_perp_2=    0.000000000000000     
 b_n=  -6.2088695928904259E-004   -1.268935391151631      
    1.072605454488714     
 b_para_n=    1.386267929104228     
 dxdt=   -3.583070465694142        -7322.886807150392      
    6189.888300636397     
 dudt=    0.000000000000000     
 ---------------------
 rk4
 istep=     23000001
 grad_b=   0.7442055065014648       -1.1233905554838351E-002 
  -0.1558160595602541     
 bsub=  -6.7631439503640332E-003   6.7358910400092592E-002 
    1.231730677526346     
 bsup=    0.000000000000000        0.2196787303575515      
    1.098520942859241     
 b_abs=    1.169546200501472     
 g=  -9.3700727649245093E-003
 j=    0.000000000000000        -1143.667212194170      
    100.7648842413260     
 v_perp_2=    0.000000000000000     
 b_n=  -2.1820069755317514E-005   0.2136997761658279      
    1.098847793938235     
 b_para_n=    1.169546204121308     
 dxdt=  -0.1492549481392137         1461.762009318017      
    7516.404499906424     
 dudt=    0.000000000000000     
 ---------------------
 rk4
 istep=     24000001
 grad_b=  -0.4006696067922253        8.8551226608080888E-003 
  -2.4905270182286735E-002
 bsub=   3.3863872990092816E-002  -2.1991969880996654E-002 
   0.9563268906371172     
 bsup=    0.000000000000000       -0.2059254683410626      
    1.012356189751513     
 b_abs=   0.9863838643985560     
 g=  -1.6473264300611884E-002
 j=    0.000000000000000         784.9560135056454      
   -123.9349169853369     
 v_perp_2=    0.000000000000000     
 b_n=   4.1359670193295522E-005  -0.2039289705914062      
    1.012400622091949     
 b_para_n=   0.9863838497209163     
 dxdt=   0.3354448287448962        -1653.952226805864      
    8211.007285882824     
 dudt=    0.000000000000000     
 ---------------------
 rk4
 istep=     25000001
 grad_b=  -0.5046634727154541       -0.1909110157470737      
   0.1101031770260457     
 bsub=   1.1579226767178144E-002  -0.1755050848790665      
    1.377796342534772     
 bsup=    0.000000000000000       -0.9342699606594874      
   0.8865637953362405     
 b_abs=    1.177232099948819     
 g=  -1.9427272045699349E-002
 j=    0.000000000000000         231.3414893368139      
   -158.2276205406107     
 v_perp_2=    0.000000000000000     
 b_n=  -7.5758050110889450E-004  -0.9321045662674649      
   0.8868459755160363     
 b_para_n=    1.177232080323695     
 dxdt=   -5.148215131212451        -6334.211116714870      
    6026.651773011058     
 dudt=   -0.000000000000000     
 ---------------------
 rk4
 istep=     26000001
 grad_b=  -2.4499418912971527E-002  -0.1575586630063309      
  -0.2997758532709408     
 bsub=   6.0086879007036999E-002   2.9187510917765693E-002 
    1.627733344603847     
 bsup=    0.000000000000000        -1.423827243873579      
   0.9990181554675814     
 b_abs=    1.258881609458636     
 g=  -1.2181201262224063E-002
 j=    0.000000000000000         292.5682183649284      
   -337.2915328129874     
 v_perp_2=    0.000000000000000     
 b_n=  -1.0739317247128162E-003   -1.423732422479122      
   0.9990560710461708     
 b_para_n=    1.258881573590633     
 dxdt=   -6.824671977045176        -9047.601949837388      
    6348.848641554883     
 dudt=    0.000000000000000     
 ---------------------
 rk4
 istep=     27000001
 grad_b=   0.4968891893306880       -7.4379228463465799E-002 
  -0.1575424415123058     
 bsub=   2.8153890318998183E-002   6.7066952920130776E-002 
    1.177037535458742     
 bsup=    0.000000000000000       -0.2984340046486293      
    1.137767244367295     
 b_abs=    1.148612632802059     
 g=  -8.6002802106882048E-003
 j=    0.000000000000000         178.5701340040936      
   -68.83240766310851     
 v_perp_2=    0.000000000000000     
 b_n=  -5.6782119347391629E-004  -0.3027806681895231      
    1.138028491373995     
 b_para_n=    1.148612627298247     
 dxdt=   -3.954831628898515        -2108.844433665823      
    7926.282294498897     
 dudt=    0.000000000000000     
 ---------------------
 rk4
 istep=     28000001
 grad_b=  -0.4904543271170200       -4.3180128546742615E-003 
  -2.1222101591519701E-002
 bsub=   3.0153691365110896E-002  -5.3511213553768547E-002 
   0.9180270189889808     
 bsup=    0.000000000000000       -0.3081529489451071      
    1.043295693469553     
 b_abs=   0.9868113008109959     
 g=  -1.5153020483511512E-002
 j=    0.000000000000000         466.5401761394169      
   -67.20913146709279     
 v_perp_2=    0.000000000000000     
 b_n=  -2.8924195293303620E-005  -0.3056028103642755      
    1.043445279420890     
 b_para_n=   0.9868112914510911     
 dxdt=  -0.2344861315947938        -2477.497475043207      
    8459.127198567174     
 dudt=    0.000000000000000     
 ---------------------
 rk4
 istep=     29000001
 grad_b=   -1.083463757657731       -0.1186633979318436      
   0.1429999245061100     
 bsub=  -2.0391022206534708E-002  -0.1371914814770497      
    1.346381354467920     
 bsup=    0.000000000000000       -0.8622839698294322      
   0.8711227229834766     
 b_abs=    1.136263927275580     
 g=  -2.0048717976377257E-002
 j=    0.000000000000000         85.14248325038170      
    320.8007586150488     
 v_perp_2=    0.000000000000000     
 b_n=  -4.5313508589933709E-004  -0.8575768464561208      
   0.8715955282820329     
 b_para_n=    1.136263961507758     
 dxdt=   -3.190350842760532        -6037.870604067490      
    6136.570781496756     
 dudt=   -0.000000000000000     
 ---------------------
 Elapsed time (seconds):     154.1729610000000     

real	2m34.185s
user	2m33.846s
sys	0m0.020s
>>> [PID 3660204] DONE  u=8000, v_perp=0, out=gc_grid/dat227.dat
