>>> [PID 3666717] START u=5500, v_perp=1000, out=gc_grid/dat243.dat, dt=2e-09, steps=30000000
 outer boundary:   8.3000000000000462E-002
 rk4
 istep=            1
 grad_b=  -0.5028820965193141        4.9316581195855483E-003 
  -7.9826993511634831E-003
 bsub=   8.6924618915539230E-003   4.2252296208003186E-002 
    1.020727239704101     
 bsup=    0.000000000000000        0.5003091598549050      
   0.9181486156273092     
 b_abs=   0.9787596423830386     
 g=  -1.6418750376639622E-002
 j=    0.000000000000000         576.0999433976963      
    59.09149330050459     
 v_perp_2=    999999.9441677956     
 b_n=   1.9648771736223960E-005   0.5021867202321132      
   0.9180707341166751     
 b_para_n=   0.9787596487727914     
 dxdt=   0.1122384813892503         2822.140911434970      
    5158.960085960298     
 dudt=    2537.630810608516     
 ---------------------
 rk4
 istep=      1000001
 grad_b=  -0.2940640531075731        0.1610546492646032      
  -8.7100191427996743E-002
 bsub=  -2.8118529649047458E-002  -0.2228363808482577      
    1.464377486914660     
 bsup=    0.000000000000000        -1.148436899709279      
   0.8988123268648487     
 b_abs=    1.253926018285209     
 g=  -1.8332189533916299E-002
 j=    0.000000000000000        -80.05016008421080      
    129.0982443954039     
 v_perp_2=    1281137.069876690     
 b_n=   4.3003351484332538E-004   -1.147576442904250      
   0.8989515292675093     
 b_para_n=    1.253926027754775     
 dxdt=    1.917566940975723        -5010.001775456829      
    3924.649964132993     
 dudt=    107247.5459747614     
 ---------------------
 rk4
 istep=      2000001
 grad_b=  -0.6450126142884126       -1.9765012528199233E-003 
  -4.0424706907684488E-003
 bsub=   1.8565554680358191E-002  -7.8619792404662756E-002 
   0.9026456137904060     
 bsup=    0.000000000000000       -0.4037388038284457      
    1.034065368157453     
 b_abs=   0.9821989924240534     
 g=  -1.4646641055474778E-002
 j=    0.000000000000000        -439.4010407364759      
    261.3189657143479     
 v_perp_2=    1003512.798820236     
 b_n=  -8.5587157113111616E-006  -0.4013684102896848      
    1.034272025840872     
 b_para_n=   0.9821990126910818     
 dxdt=  -4.8718280255451912E-002   -2247.183907137172      
    5791.275109704281     
 dudt=    1759.105119578296     
 ---------------------
 rk4
 istep=      3000001
 grad_b=   0.5085410135605487       -6.7725598436496420E-002 
  -0.1694720881752937     
 bsub=   1.0222629056694266E-002   0.1450775682969943      
    1.721518953417601     
 bsup=    0.000000000000000       -0.9665022570864306      
    1.090198322498447     
 b_abs=    1.318034192401153     
 g=  -7.5975819778762912E-003
 j=    0.000000000000000         228.1551045576838      
    431.1862497919572     
 v_perp_2=    1346634.769815057     
 b_n=  -3.9878227010726016E-004  -0.9703043493196133      
    1.090521128814465     
 b_para_n=    1.318034224488678     
 dxdt=   -1.691762888388317        -4026.054405362734      
    4524.497202391458     
 dudt=    46239.35385337945     
 ---------------------
 rk4
 istep=      4000001
 grad_b=   0.7672149831059923        1.7943216161377697E-002 
   0.1602041203716005     
 bsub=   2.8967858650478864E-002   9.7001336408179178E-002 
    1.468387062138064     
 bsup=    0.000000000000000       -0.3445931090715499      
    1.094357293078158     
 b_abs=    1.254442878333949     
 g=  -8.6531162129984650E-003
 j=    0.000000000000000         1104.553701071164      
   -95.79108085875625     
 v_perp_2=    1281662.608815574     
 b_n=   4.5454992570127796E-005  -0.3493117018325241      
    1.094668104279764     
 b_para_n=    1.254442876801177     
 dxdt=   0.2026053461083644        -1524.821480322439      
    4777.113236449798     
 dudt=   -68878.10302648459     
 ---------------------
 rk4
 istep=      5000001
 grad_b=  -0.9612156568321020        1.2259024059052300E-002 
  -5.7387788887436897E-002
 bsub=  -1.0500180649418073E-002  -6.7056825555305455E-002 
    1.049241622144330     
 bsup=    0.000000000000000       -0.5575958533367944      
   0.9142708519346530     
 b_abs=   0.9983613408577061     
 g=  -1.8920805351583709E-002
 j=    0.000000000000000         1119.084594119950      
   -864.6394053329141     
 v_perp_2=    1020023.735599450     
 b_n=   2.7494050117358592E-005  -0.5545178621415223      
   0.9144677731122804     
 b_para_n=   0.9983612696256944     
 dxdt=   0.1539698874938165        -3053.557113093233      
    5036.179046480033     
 dudt=    30344.91164637807     
 ---------------------
 rk4
 istep=      6000001
 grad_b=   -1.137664457620181       -8.4676674257885581E-002 
   0.1240266648705283     
 bsub=  -8.2391379664700903E-003  -9.4096835025937908E-002 
    1.221593337790354     
 bsup=    0.000000000000000       -0.7371073113327720      
   0.8717800366354043     
 b_abs=    1.065060394485994     
 g=  -2.0374007116173491E-002
 j=    0.000000000000000        -1124.856568483175      
    290.2901732678485     
 v_perp_2=    1088169.530438435     
 b_n=  -2.2813967082808902E-004  -0.7336549825663270      
   0.8720444493008576     
 b_para_n=    1.065060423793606     
 dxdt=   -1.197621958119049        -3782.767109081846      
    4496.717426661208     
 dudt=   -81798.06477660945     
 ---------------------
 rk4
 istep=      7000001
 grad_b=   0.7532588217938840        1.4787263836681396E-002 
  -0.1630836136955370     
 bsub=  -1.7790906061574623E-002   5.7594264299347928E-002 
    1.243962605967768     
 bsup=    0.000000000000000        0.4223436467375992      
    1.073310921564333     
 b_abs=    1.165957837763326     
 g=  -9.9019159299417979E-003
 j=    0.000000000000000        -1768.692278106135      
    27.07315777663374     
 v_perp_2=    1191255.355854013     
 b_n=   1.1839848256123448E-004   0.4183633673495825      
    1.073496894569478     
 b_para_n=    1.165957834148085     
 dxdt=   0.5677672154320208         1966.864059735885      
    5047.831599148878     
 dudt=    73954.92079943517     
 ---------------------
 rk4
 istep=      8000001
 grad_b=   0.4153013935252189        7.6903111740655616E-002 
   0.2240910561069107     
 bsub=  -4.1048733633562234E-002   0.1285190920255653      
    1.885246508137585     
 bsup=    0.000000000000000        -1.609707404257054      
    1.071591486857953     
 b_abs=    1.346364169860149     
 g=  -8.3755337543046995E-003
 j=    0.000000000000000        -4.970568905379764      
    90.75982164240847     
 v_perp_2=    1375574.946533754     
 b_n=   4.3756744938634219E-004   -1.612690813790392      
    1.071804401068372     
 b_para_n=    1.346364176617372     
 dxdt=    1.817261669784460        -6547.218562368598      
    4351.156985389359     
 dudt=   -44143.57260094080     
 ---------------------
 rk4
 istep=      9000001
 grad_b=  -0.6334224873343399        1.5598408148660536E-002 
   1.7784520073670401E-002
 bsub=  -1.0410190294710291E-002  -9.1395446922203860E-002 
   0.8229360119581276     
 bsup=    0.000000000000000       -0.3089485080107812      
    1.139561811852587     
 b_abs=   0.9828144638597895     
 g=  -1.0354603611448607E-002
 j=    0.000000000000000         308.2228995553040      
    39.13812126477499     
 v_perp_2=    1004137.038981390     
 b_n=   8.3191448249154520E-005  -0.3059509927413604      
    1.139895769267953     
 b_para_n=   0.9828144641620369     
 dxdt=   0.4732493855186717        -1711.759244176824      
    6378.648995938038     
 dudt=   -8029.283174282408     
 ---------------------
 rk4
 istep=     10000001
 grad_b=  -0.6684519985986244       -8.2772885044262764E-002 
  -0.1937819183509008     
 bsub=   8.6636867258131439E-002  -4.7741604178965766E-002 
    1.698597145919922     
 bsup=    0.000000000000000        -1.182258039169596      
   0.9682851404363246     
 b_abs=    1.304273786423956     
 g=  -1.7079088005068532E-002
 j=    0.000000000000000         1012.830150199608      
   -123.2498424568518     
 v_perp_2=    1332569.772927885     
 b_n=  -2.9512834023752378E-004   -1.180054816045419      
   0.9683621099483435     
 b_para_n=    1.304273775530758     
 dxdt=   -1.265232254565876        -4948.544781070746      
    4060.990168783252     
 dudt=    35163.24531153966     
 ---------------------
 rk4
 istep=     11000001
 grad_b=   0.1197453844410061       -4.8018757240168949E-002 
   0.1293156657964621     
 bsub=  -8.8443591524251415E-003   3.8947808881389760E-002 
    1.063092881817043     
 bsup=    0.000000000000000        0.5686606206827898      
    1.012305635656331     
 b_abs=    1.047858978262268     
 g=  -1.3199205750113754E-002
 j=    0.000000000000000        -1168.949703414342      
    376.2847117142818     
 v_perp_2=    1070591.494007559     
 b_n=  -2.2240509114814210E-004   0.5681511943107049      
    1.012322471855233     
 b_para_n=    1.047859001579083     
 dxdt=   -1.186677872457158         2978.581799021483      
    5307.274111737804     
 dudt=   -50506.80889586086     
 ---------------------
 rk4
 istep=     12000001
 grad_b=  -0.6377291361119145        0.1551282366178085      
  -0.1189536916076122     
 bsub=   6.9651411089730782E-003  -0.2138735990790606      
    1.459630367933264     
 bsup=    0.000000000000000        -1.101535314439519      
   0.8870489453636790     
 b_abs=    1.236883867742651     
 g=  -1.7840151934851070E-002
 j=    0.000000000000000        -3.579984550630890      
   -159.9934645878772     
 v_perp_2=    1263716.405269425     
 b_n=   4.2186477609355860E-004   -1.099583251952791      
   0.8873329506458556     
 b_para_n=    1.236883856789763     
 dxdt=    1.907049076950731        -4867.929396259043      
    3928.456412494974     
 dudt=    114155.2607075135     
 ---------------------
 rk4
 istep=     13000001
 grad_b=  -0.4987360263717767       -4.9574325478469201E-003 
  -2.0984413199263585E-002
 bsub=   2.9179523566795731E-002  -5.6147438568452779E-002 
   0.9161380324322381     
 bsup=    0.000000000000000       -0.3206744555644372      
    1.040399242483008     
 b_abs=   0.9852083153416139     
 g=  -1.5224514786008220E-002
 j=    0.000000000000000         377.0193041738816      
   -46.17202636521353     
 v_perp_2=    1006580.496459167     
 b_n=  -2.2269052148222511E-005  -0.3188979429824663      
    1.040508823976562     
 b_para_n=   0.9852083106141891     
 dxdt=  -0.1263737487652342        -1779.913247482200      
    5808.097642760243     
 dudt=    10496.03960956424     
 ---------------------
 rk4
 istep=     14000001
 grad_b=   0.5946330764726213       -7.3375412299776219E-002 
  -0.1934639123994030     
 bsub=  -1.3193149674968190E-002   0.1632243635591807      
    1.811328712905337     
 bsup=    0.000000000000000       -0.8986104469503369      
    1.082986617731135     
 b_abs=    1.347011347390989     
 g=  -8.1157437277043967E-003
 j=    0.000000000000000        -552.0418083431240      
    88.61330718800048     
 v_perp_2=    1376231.233716577     
 b_n=  -3.9346328018046269E-004  -0.9027828821680357      
    1.083359744824837     
 b_para_n=    1.347011350178962     
 dxdt=   -1.633307974117657        -3663.559922470326      
    4395.921129869478     
 dudt=    54453.02989365944     
 ---------------------
 rk4
 istep=     15000001
 grad_b=   0.7686651950823051        3.6515051351293147E-002 
   0.1618237740962181     
 bsub=   8.0260149057182033E-003   9.9384900837378123E-002 
    1.398778692067349     
 bsup=    0.000000000000000       -0.3286245128616261      
    1.119712364024182     
 b_abs=    1.238220927798104     
 g=  -8.1475383450254797E-003
 j=    0.000000000000000         66.97078219431879      
    12.87162005503575     
 v_perp_2=    1265079.929960448     
 b_n=   1.6047753443405632E-004  -0.3335492847893219      
    1.120061355191314     
 b_para_n=    1.238220928955980     
 dxdt=   0.7246591894996149        -1475.531781256979      
    4953.338129458925     
 dudt=   -69804.29230495161     
 ---------------------
 rk4
 istep=     16000001
 grad_b=   -1.045112782673450        5.0046671482480952E-003 
  -7.3093638153226476E-002
 bsub=  -4.1795296681200007E-003  -7.4492365999531573E-002 
    1.065489435185262     
 bsup=    0.000000000000000       -0.5971686914898720      
   0.9049178030513707     
 b_abs=    1.004214685409239     
 g=  -1.8809649333635187E-002
 j=    0.000000000000000         1088.178947052446      
   -822.8813127939322     
 v_perp_2=    1025996.991564512     
 b_n=  -3.4110152108532699E-007  -0.5937913102826168      
   0.9051538624126353     
 b_para_n=    1.004214616762699     
 dxdt=  -1.8990772430519786E-003   -3250.434081600445      
    4955.343734508720     
 dudt=    35167.76159634000     
 ---------------------
 rk4
 istep=     17000001
 grad_b=   -1.023738590083207       -0.1015900598429957      
   0.1112640017388878     
 bsub=  -1.0059348740706952E-003  -8.8215639940348256E-002 
    1.202793599623001     
 bsup=    0.000000000000000       -0.7013847276801499      
   0.8764511277220168     
 b_abs=    1.056370051581422     
 g=  -2.0401776694251125E-002
 j=    0.000000000000000        -350.2543946817652      
    324.8238918228103     
 v_perp_2=    1079283.178680080     
 b_n=  -2.8363848584354189E-004  -0.6982771181716994      
   0.8766788336714145     
 b_para_n=    1.056370078862491     
 dxdt=   -1.501208880155086        -3630.529431675925      
    4558.471683325276     
 dudt=   -81615.15250882623     
 ---------------------
 rk4
 istep=     18000001
 grad_b=   0.5503842936568568        0.1142647502426961      
  -0.1806396457604564     
 bsub=  -2.9145172508180585E-002   2.7057103805580088E-003 
    1.280892456392539     
 bsup=    0.000000000000000        0.1912694779536493      
   0.9786574317452206     
 b_abs=    1.119961404331697     
 g=  -1.4210738639175727E-002
 j=    0.000000000000000         35.91670579524464      
    26.58073912990409     
 v_perp_2=    1144253.060234929     
 b_n=   4.7290202028567394E-004   0.1890161668689607      
   0.9786729535926297     
 b_para_n=    1.119961406295249     
 dxdt=    2.360851506940545         925.8107023048417      
    4794.677086334204     
 dudt=    70667.41464553955     
 ---------------------
 rk4
 istep=     19000001
 grad_b=  -0.7286271659193162        0.1456421610826713      
   0.3008743839334369     
 bsub=  -5.4766699675262924E-002  -4.2987266366196930E-002 
    1.458518648364618     
 bsup=    0.000000000000000        -1.157695434015573      
   0.9239381045328283     
 b_abs=    1.182057764348497     
 g=  -1.6387621800154680E-002
 j=    0.000000000000000        -840.8682442673910      
    777.2190031643431     
 v_perp_2=    1207695.643242515     
 b_n=   5.6433633476617878E-004   -1.155075490848103      
   0.9240365621965746     
 b_para_n=    1.182057824671507     
 dxdt=    2.669369025168202        -5355.727437227448      
    4284.675971567579     
 dudt=   -47270.23912615682     
 ---------------------
 rk4
 istep=     20000001
 grad_b=  -0.1115082381901194       -9.4263280577123035E-002 
  -0.1208382190606818     
 bsub=   4.9328792633635057E-002   2.6920886991091617E-003 
   0.9743749235283747     
 bsup=    0.000000000000000       -0.3331560681562742      
    1.146854402366766     
 b_abs=    1.057270710106196     
 g=  -9.0730909018496494E-003
 j=    0.000000000000000         582.6474506852257      
   -114.4240085015906     
 v_perp_2=    1080201.404043508     
 b_n=  -5.1854050948719295E-004  -0.3325742156181182      
    1.146879038747001     
 b_para_n=    1.057270703005351     
 dxdt=   -2.742134083504742        -1727.726447444325      
    5958.237215362965     
 dudt=    51786.23801647355     
 ---------------------
 rk4
 istep=     21000001
 grad_b=   0.3015362917881433       -7.9182289573465084E-002 
  -9.6030281683929825E-002
 bsub=   5.5321948258997555E-002   0.1525216322422241      
    2.033780958092365     
 bsup=    0.000000000000000        -1.264459516591371      
    1.069136721218879     
 b_abs=    1.407522221047014     
 g=  -9.8933207042391051E-003
 j=    0.000000000000000        -632.5530811521238      
    316.4034968967783     
 v_perp_2=    1438048.438806959     
 b_n=  -4.2663702875509813E-004   -1.266262271086811      
    1.069283536117979     
 b_para_n=    1.407522240866486     
 dxdt=   -1.694918271453314        -4912.228001572738      
    4147.957093749564     
 dudt=    924.2957184093432     
 ---------------------
 rk4
 istep=     22000001
 grad_b=   0.1672110435754866        1.2663840164925805E-003 
   0.1034834727626797     
 bsub=  -2.7766093877401386E-002   2.8913857167839795E-002 
    1.011622813765515     
 bsup=    0.000000000000000        0.2439301179916692      
    1.076811724073313     
 b_abs=    1.047365104667033     
 g=  -1.3108108684902106E-002
 j=    0.000000000000000         386.7617820792399      
   -267.6654774406761     
 v_perp_2=    1070079.587168557     
 b_n=  -6.8386456128842456E-006   0.2432425730120710      
    1.076831169853151     
 b_para_n=    1.047365087576196     
 dxdt=  -3.6505887311632866E-002    1275.788774307725      
    5648.182347342764     
 dudt=   -54500.74605859542     
 ---------------------
 rk4
 istep=     23000001
 grad_b=  -0.7097994021924785        0.1413601633014097      
  -0.1215730449772150     
 bsub=   1.6130049635051828E-002  -0.2148057748019604      
    1.473463872369951     
 bsup=    0.000000000000000        -1.125762906102704      
   0.8882253908558442     
 b_abs=    1.245103428849852     
 g=  -1.7787349973812115E-002
 j=    0.000000000000000        4.5828380156905268E-002 
   -269.0160657400729     
 v_perp_2=    1272105.528140409     
 b_n=   3.7840987641478700E-004   -1.123594528390915      
   0.8885373451408757     
 b_para_n=    1.245103410445333     
 dxdt=    1.699322560867016        -4940.682806304255      
    3907.275747576403     
 dudt=    109595.6323971817     
 ---------------------
 rk4
 istep=     24000001
 grad_b=  -0.4024582622750454       -2.3558623549064153E-003 
  -3.0647262772947714E-002
 bsub=   3.3503308067397361E-002  -4.0099089706404939E-002 
   0.9268005764707870     
 bsup=    0.000000000000000       -0.2478269098296953      
    1.043236169051128     
 b_abs=   0.9884020408006201     
 g=  -1.5372473446164483E-002
 j=    0.000000000000000         843.6323425438459      
   -163.2925142138674     
 v_perp_2=    1009836.546797579     
 b_n=  -1.3071637911973007E-005  -0.2464019380996766      
    1.043298280006038     
 b_para_n=   0.9884020270981723     
 dxdt=  -7.3940089013451324E-002   -1370.757476525109      
    5804.534046561454     
 dudt=    16222.74576255222     
 ---------------------
 rk4
 istep=     25000001
 grad_b=   0.6549445556486970       -3.8738258536835594E-002 
  -0.1790709667711052     
 bsub=  -4.1853825294777838E-002   0.1665333005046876      
    1.879242070845109     
 bsup=    0.000000000000000       -0.8795207719133569      
    1.077118683007291     
 b_abs=    1.370170809475833     
 g=  -9.0717373339815107E-003
 j=    0.000000000000000        -395.3219792341652      
    189.1853072640574     
 v_perp_2=    1399883.446846494     
 b_n=  -1.4423429365960602E-004  -0.8836262745081920      
    1.077479297180838     
 b_para_n=    1.370170820559014     
 dxdt=  -0.5886170722505866        -3523.824204734358      
    4296.458721585233     
 dudt=    59209.24974079261     
 ---------------------
 rk4
 istep=     26000001
 grad_b=   0.6575368855637096        6.7986020328661328E-002 
   0.1679193609292054     
 bsub=  -1.4571549169833053E-002   9.2936108540820586E-002 
    1.326733306816660     
 bsup=    0.000000000000000       -0.3986602934464595      
    1.134270481743168     
 b_abs=    1.211343009463024     
 g=  -7.9312883661827871E-003
 j=    0.000000000000000        -664.7248382956030      
    190.7569625769157     
 v_perp_2=    1237610.467809523     
 b_n=   3.6734145437877764E-004  -0.4029684634558703      
    1.134576307082559     
 b_para_n=    1.211343018852739     
 dxdt=    1.695572792354053        -1822.845778584495      
    5131.203870918218     
 dudt=   -68892.49824055562     
 ---------------------
 rk4
 istep=     27000001
 grad_b=   -1.127718995847753       -2.8169100906328244E-002 
  -0.1100155563856752     
 bsub=   9.3196197427696161E-003  -8.4540368496880264E-002 
    1.090592125283357     
 bsup=    0.000000000000000       -0.6569463822472236      
   0.8965690304461303     
 b_abs=    1.016335830399587     
 g=  -1.7993702220425949E-002
 j=    0.000000000000000        -388.6882971966490      
    114.9174986192503     
 v_perp_2=    1038373.915420477     
 b_n=  -1.2381823204235903E-004  -0.6531446077077091      
   0.8968648042727418     
 b_para_n=    1.016335841465629     
 dxdt=  -0.6811368293989456        -3531.959460618470      
    4850.418946258006     
 dudt=    40276.33716147254     
 ---------------------
 rk4
 istep=     28000001
 grad_b=  -0.5507399741344845       -0.1745439344253436      
   0.1047449476445957     
 bsub=   1.5227002537237595E-002  -9.1697539949092771E-002 
    1.245119594335292     
 bsup=    0.000000000000000       -0.6602750324777931      
   0.8926298322489971     
 b_abs=    1.082465251688948     
 g=  -2.0801685614916271E-002
 j=    0.000000000000000         328.4435157359004      
   -434.2907141317355     
 v_perp_2=    1105936.814610911     
 b_n=  -4.8950361256250242E-004  -0.6586552997887899      
   0.8927550741226218     
 b_para_n=    1.082465216524008     
 dxdt=   -2.528351329396184        -3340.608216216751      
    4528.145684991592     
 dudt=   -98511.88053609432     
 ---------------------
 rk4
 istep=     29000001
 grad_b=  -0.6134545550545554        4.1981493495624606E-002 
  -4.0756160766888330E-002
 bsub=  -2.1989532175931741E-002  -5.5960693525449329E-003 
    1.061864872219490     
 bsup=    0.000000000000000       -0.2860275398501296      
   0.9198681716813725     
 b_abs=   0.9890863096138894     
 g=  -1.9471620149721428E-002
 j=    0.000000000000000         552.3383830611365      
    24.99506448996551     
 v_perp_2=    1010532.395506241     
 b_n=   1.3394068247362536E-004  -0.2840575197252634      
   0.9198813290769656     
 b_para_n=   0.9890863113468006     
 dxdt=   0.7571152376154996        -1579.097119832217      
    5114.283360659515     
 dudt=    25564.72619382532     
 ---------------------
 Elapsed time (seconds):     153.8608230000000     

real	2m33.873s
user	2m33.620s
sys	0m0.018s
>>> [PID 3666717] DONE  u=5500, v_perp=1000, out=gc_grid/dat243.dat
