>>> [PID 3660092] START u=7500, v_perp=0, out=gc_grid/dat226.dat, dt=2e-09, steps=30000000
 outer boundary:   8.3000000000000462E-002
 rk4
 istep=            1
 grad_b=  -0.5028818837347788        4.9314546505373064E-003 
  -7.9822681041746418E-003
 bsub=   8.6925176827698861E-003   4.2252264797244227E-002 
    1.020727362245681     
 bsup=    0.000000000000000        0.5003051751787770      
   0.9181486528373279     
 b_abs=   0.9787596225137523     
 g=  -1.6418770563465978E-002
 j=    0.000000000000000         576.0999470389346      
    59.08849432987247     
 v_perp_2=    0.000000000000000     
 b_n=   2.6792622597454905E-005   0.5028654809782480      
   0.9180424510345352     
 b_para_n=   0.9787596312267358     
 dxdt=   0.2053054325800669         3853.337415040129      
    7034.738829725995     
 dudt=    0.000000000000000     
 ---------------------
 rk4
 istep=      1000001
 grad_b=   0.6108654485759980       -9.9878619058670653E-002 
   0.1828478195827148     
 bsub=   3.0746341314564718E-002   8.1667810859861745E-003 
    1.287905830951720     
 bsup=    0.000000000000000        0.2352795776296266      
   0.9894961538718233     
 b_abs=    1.129868277677499     
 g=  -1.3503558850027525E-002
 j=    0.000000000000000         13.81217658893422      
   -141.4848269410689     
 v_perp_2=    0.000000000000000     
 b_n=  -5.9227446446677315E-004   0.2317243387174764      
   0.9895328252169709     
 b_para_n=    1.129868263612589     
 dxdt=   -3.931483542424640         1538.172720087107      
    6568.461499571756     
 dudt=   -0.000000000000000     
 ---------------------
 rk4
 istep=      2000001
 grad_b=   0.7598833706935666       -4.7310974927908117E-003 
   0.1681989679838181     
 bsub=   6.1151499668959969E-002   9.2813896857858860E-002 
    1.632620390822349     
 bsup=    0.000000000000000       -0.6542094909716851      
    1.059837038848463     
 b_abs=    1.292116440441963     
 g=  -1.0071880549314934E-002
 j=    0.000000000000000        -1962.021611268381      
   -63.39756243176622     
 v_perp_2=    0.000000000000000     
 b_n=  -1.0888222168954479E-004  -0.6599502804405150      
    1.060167465665332     
 b_para_n=    1.292116423575147     
 dxdt=  -0.6319992902900310        -3830.635547227840      
    6153.668390414638     
 dudt=   -0.000000000000000     
 ---------------------
 rk4
 istep=      3000001
 grad_b=   0.5893445933541479        5.4555942961619190E-002 
   0.1764254038393675     
 bsub=   2.6423027254303150E-002   0.1791148188556043      
    1.967856078292275     
 bsup=    0.000000000000000        -1.031326354117261      
    1.076079795066230     
 b_abs=    1.390158767894640     
 g=  -8.3681962031594889E-003
 j=    0.000000000000000         264.1695132047909      
   -6.850177393868613     
 v_perp_2=    0.000000000000000     
 b_n=   3.6755691937531752E-004   -1.036930494481916      
    1.076584951429340     
 b_para_n=    1.390158769620972     
 dxdt=    1.982994284938037        -5594.309713799646      
    5808.248174358918     
 dudt=   -0.000000000000000     
 ---------------------
 rk4
 istep=      4000001
 grad_b=   0.4162046321439893        2.1795456335502429E-002 
   4.2476977077808828E-002
 bsub=  -8.0368612516797458E-003   0.1923581884913337      
    2.170532466124719     
 bsup=    0.000000000000000        -1.558332222972753      
    1.078804920610903     
 b_abs=    1.429712917368646     
 g=  -7.0877381998040705E-003
 j=    0.000000000000000         468.4071855340076      
   -350.3812363725382     
 v_perp_2=    0.000000000000000     
 b_n=   2.1195288040825271E-004   -1.563226479697481      
    1.079239425772334     
 b_para_n=    1.429712885030764     
 dxdt=    1.111864220925511        -8200.386749314936      
    5661.483349587588     
 dudt=   -0.000000000000000     
 ---------------------
 rk4
 istep=      5000001
 grad_b=   0.5406817097747221        2.3447836751999268E-003 
  -0.1084691347725779     
 bsub=  -5.5907379436065885E-002   0.1672780944089360      
    1.973148179603856     
 bsup=    0.000000000000000       -0.9821913060427578      
    1.072738713787300     
 b_abs=    1.397255968211893     
 g=  -9.6771274566946428E-003
 j=    0.000000000000000         85.24820632360377      
    52.51110916423040     
 v_perp_2=    0.000000000000000     
 b_n=   9.4567865301766347E-005  -0.9865966961751872      
    1.073114874398746     
 b_para_n=    1.397255974164779     
 dxdt=   0.5076084861166638        -5295.719151057488      
    5760.119625039766     
 dudt=    0.000000000000000     
 ---------------------
 rk4
 istep=      6000001
 grad_b=   0.6830048403977965        7.5657283518415053E-002 
  -0.1493732839985016     
 bsub=  -8.4300159967242022E-002   1.8895187857858389E-003 
    1.602482808173375     
 bsup=    0.000000000000000       -0.7200258990017309      
    1.006756953548088     
 b_abs=    1.269629352197631     
 g=  -1.3595840620484472E-002
 j=    0.000000000000000        -305.5107636477171      
    689.1751728217012     
 v_perp_2=    0.000000000000000     
 b_n=   4.3506253578325538E-004  -0.7238992962035067      
    1.006784461124941     
 b_para_n=    1.269629419714077     
 dxdt=    2.570016862959305        -4276.243632373434      
    5947.312925481458     
 dudt=    0.000000000000000     
 ---------------------
 rk4
 istep=      7000001
 grad_b=  -0.4478519495980662        9.2814823662208973E-002 
  -7.4806164820063623E-002
 bsub=  -1.6907574693206688E-002   3.7552606601738564E-003 
    1.113766680769917     
 bsup=    0.000000000000000       -0.1482037701554550      
   0.9116757132575604     
 b_abs=    1.007266737810354     
 g=  -1.9791159927554248E-002
 j=    0.000000000000000         558.7525073760294      
    143.8743325090651     
 v_perp_2=    0.000000000000000     
 b_n=   4.0503037841301638E-004  -0.1462497091365331      
   0.9116752876422749     
 b_para_n=    1.007266753586683     
 dxdt=    3.015812670557087        -1088.959617319091      
    6788.236217436749     
 dudt=    0.000000000000000     
 ---------------------
 rk4
 istep=      8000001
 grad_b=  -0.2352392592339450       -2.6222675436182979E-002 
   5.6697560722928253E-002
 bsub=  -2.9046714261202061E-002   1.6455219836211794E-002 
   0.9890854465667074     
 bsup=    0.000000000000000        7.7791107156127470E-002 
    1.005129428611819     
 b_abs=   0.9973909576044943     
 g=  -1.5684819050437251E-002
 j=    0.000000000000000        -436.6282711004865      
   -1.083711856111904     
 v_perp_2=    0.000000000000000     
 b_n=  -1.3511572313609880E-004   7.8952796154011892E-002 
    1.005106133018960     
 b_para_n=   0.9973909567861368     
 dxdt=   -1.016018760372649         593.6949469274753      
    7558.015185873178     
 dudt=   -0.000000000000000     
 ---------------------
 rk4
 istep=      9000001
 grad_b=   0.3580542940537839       -2.1155783297929914E-003 
   0.1261010453792238     
 bsub=  -1.6886559390793955E-002   4.4002894874323809E-002 
    1.064304773163768     
 bsup=    0.000000000000000        0.3790347514518516      
    1.073353033892891     
 b_abs=    1.076347579587747     
 g=  -1.2218818202827600E-002
 j=    0.000000000000000        -1014.906569745545      
   -88.29471304642674     
 v_perp_2=    0.000000000000000     
 b_n=  -4.3235651702821051E-005   0.3769106398791266      
    1.073440155796292     
 b_para_n=    1.076347567789328     
 dxdt=  -0.3012664286845179         2626.316892134921      
    7479.741125821878     
 dudt=   -0.000000000000000     
 ---------------------
 rk4
 istep=     10000001
 grad_b=   0.7773336798843412        1.7304313939645016E-002 
   0.1589501493474558     
 bsub=   1.0034400311311167E-002   7.5302089808532549E-002 
    1.283314058831946     
 bsup=    0.000000000000000        5.3080983766526202E-002 
    1.105407648813748     
 b_abs=    1.192404498416100     
 g=  -8.8941403932225431E-003
 j=    0.000000000000000        -1215.388095115470      
    400.4322628771595     
 v_perp_2=    0.000000000000000     
 b_n=   6.3519089179417905E-005   4.6901402394076440E-002 
    1.105769783816062     
 b_para_n=    1.192404527704940     
 dxdt=   0.3995231129846209         295.0009915113441      
    6955.083770591510     
 dudt=   -0.000000000000000     
 ---------------------
 rk4
 istep=     11000001
 grad_b=   0.6727452289731469        5.2709122166464242E-002 
   0.1622975223655497     
 bsub=   9.5604141604680067E-003   0.1324746439327250      
    1.603593969055660     
 bsup=    0.000000000000000       -0.6637897342987871      
    1.101889769172479     
 b_abs=    1.296085569194575     
 g=  -8.1349303199882619E-003
 j=    0.000000000000000         180.1458908481354      
   -182.8359535201417     
 v_perp_2=    0.000000000000000     
 b_n=   3.6185998014885874E-004  -0.6699749590560246      
    1.102398567186775     
 b_para_n=    1.296085553386291     
 dxdt=    2.093958877965800        -3876.913973612179      
    6379.200225092384     
 dudt=   -0.000000000000000     
 ---------------------
 rk4
 istep=     12000001
 grad_b=   0.4233723708668966        7.5676255159833047E-002 
   0.2171905301916598     
 bsub=  -2.4717114287611211E-002   0.1575391283032450      
    1.926804609281589     
 bsup=    0.000000000000000        -1.425920106876472      
    1.075015827873252     
 b_abs=    1.358527872973442     
 g=  -7.6190659285919841E-003
 j=    0.000000000000000        -978.1125579204072      
    425.8968886710107     
 v_perp_2=    0.000000000000000     
 b_n=   6.2269119836430565E-004   -1.430501888670483      
    1.075398455883663     
 b_para_n=    1.358527908581603     
 dxdt=    3.437679828461004        -7897.345426072399      
    5936.932445906393     
 dudt=   -0.000000000000000     
 ---------------------
 rk4
 istep=     13000001
 grad_b=  -0.1145732129848241        0.1316194488341498      
   0.1966184227443265     
 bsub=  -7.6698324556117498E-002   6.8650089455774055E-002 
    1.860832229975881     
 bsup=    0.000000000000000        -1.234660200643711      
    1.029348337578671     
 b_abs=    1.353057998549410     
 g=  -1.3166198650792839E-002
 j=    0.000000000000000         754.3346518031983      
   -113.9196750477587     
 v_perp_2=    0.000000000000000     
 b_n=   7.5330794538597614E-004   -1.234015241105419      
    1.029355586621983     
 b_para_n=    1.353057989921653     
 dxdt=    4.175585697344699        -6840.146081859026      
    5705.717683328486     
 dudt=   -0.000000000000000     
 ---------------------
 rk4
 istep=     14000001
 grad_b=  -0.1136185317499986        0.1663750916787871      
  -8.0393772283009576E-002
 bsub=  -4.7762894142715895E-002  -0.2078628756530796      
    1.474600271650293     
 bsup=    0.000000000000000        -1.132575577299102      
   0.9113909284754624     
 b_abs=    1.256779332659662     
 g=  -1.8808118941547970E-002
 j=    0.000000000000000         402.6321668050187      
    50.20673273856129     
 v_perp_2=    0.000000000000000     
 b_n=   6.0383688554580938E-004   -1.132122899542114      
   0.9114742969260639     
 b_para_n=    1.256779332056810     
 dxdt=    3.603477974277235        -6756.095943008428      
    5439.345677142683     
 dudt=    0.000000000000000     
 ---------------------
 rk4
 istep=     15000001
 grad_b=  -0.9766538825309581        9.2963425152382734E-002 
  -9.8173586072051983E-002
 bsub=  -4.3467999558497528E-003  -7.5064135530657633E-002 
    1.169417835689527     
 bsup=    0.000000000000000       -0.6614435960493736      
   0.8832860903352304     
 b_abs=    1.040475590757217     
 g=  -2.0282959375432421E-002
 j=    0.000000000000000         768.7575190543860      
    330.1019875972410     
 v_perp_2=    0.000000000000000     
 b_n=   3.6212593801056476E-004  -0.6573609385147722      
   0.8835495259957551     
 b_para_n=    1.040475620659370     
 dxdt=    2.610291371707574        -4738.416682686348      
    6368.838743928227     
 dudt=    0.000000000000000     
 ---------------------
 rk4
 istep=     16000001
 grad_b=  -0.6690172328376160        1.0408070328403844E-003 
  -1.1410619034789529E-002
 bsub=  -2.5959872801127104E-002  -4.7149353442307890E-002 
   0.9791807779714630     
 bsup=    0.000000000000000       -0.3889544165119289      
   0.9700353960577890     
 b_abs=   0.9838065464383772     
 g=  -1.7832652947768250E-002
 j=    0.000000000000000        -545.7833043881539      
   -26.43566950951302     
 v_perp_2=    0.000000000000000     
 b_n=   2.1872035164136528E-006  -0.3859751397217244      
   0.9701789116800723     
 b_para_n=   0.9838065464228960     
 dxdt=   1.6674036610904004E-002   -2942.462172505790      
    7396.110408145991     
 dudt=    0.000000000000000     
 ---------------------
 rk4
 istep=     17000001
 grad_b=  -0.1956771649683210        1.2095183279317967E-002 
   5.6398706483977379E-002
 bsub=  -3.7871749079314621E-002  -1.7307381760901061E-002 
   0.9348224560404157     
 bsup=    0.000000000000000       -5.3838402989205059E-002 
    1.079694344911763     
 b_abs=    1.005246865141790     
 g=  -1.3962498696576356E-002
 j=    0.000000000000000        -592.7019908978999      
    43.44315019502593     
 v_perp_2=    0.000000000000000     
 b_n=   6.8304956737125805E-005  -5.2833110718890075E-002 
    1.079715729501560     
 b_para_n=    1.005246870105218     
 dxdt=   0.5096133007355926        -394.1801185117849      
    8055.601277737986     
 dudt=   -0.000000000000000     
 ---------------------
 rk4
 istep=     18000001
 grad_b=   0.3200235895547093        3.7893081669953754E-002 
   0.1214864589086658     
 bsub=  -2.9676105422849833E-002   3.9561268739280023E-002 
    1.047942394150026     
 bsup=    0.000000000000000        0.1251573784238461      
    1.115445475703618     
 b_abs=    1.083474925643467     
 g=  -1.1046355782935693E-002
 j=    0.000000000000000        -622.4029492263925      
    328.4751794817935     
 v_perp_2=    0.000000000000000     
 b_n=   2.1118897888059744E-004   0.1231063289168131      
    1.115528913945762     
 b_para_n=    1.083474952486810     
 dxdt=    1.461886440447052         852.1631854589076      
    7721.883035127261     
 dudt=   -0.000000000000000     
 ---------------------
 rk4
 istep=     19000001
 grad_b=   0.5935828787481121        7.1563676460205547E-002 
   0.1652984647480221     
 bsub=  -2.1806024178956447E-002   8.1972546668242594E-002 
    1.263670952596736     
 bsup=    0.000000000000000       -0.3800140919192839      
    1.136092799179491     
 b_abs=    1.185394570277977     
 g=  -8.1191311593788399E-003
 j=    0.000000000000000        -210.9219844506859      
    94.23898938894362     
 v_perp_2=    0.000000000000000     
 b_n=   5.2875269732387807E-004  -0.3851975675089410      
    1.136438174813156     
 b_para_n=    1.185394577420930     
 dxdt=    3.345422111308424        -2437.147774543251      
    7190.252489295873     
 dudt=   -0.000000000000000     
 ---------------------
 rk4
 istep=     20000001
 grad_b=   0.3021516644659685        0.1395263873732313      
   0.2377393190451451     
 bsub=  -5.3777358548413881E-002   5.9325227579552837E-002 
    1.442615267397227     
 bsup=    0.000000000000000       -0.9015090980091537      
    1.064615190676778     
 b_abs=    1.216915347362581     
 g=  -9.4579325852656819E-003
 j=    0.000000000000000        -1535.185080453813      
    567.4048292839365     
 v_perp_2=    0.000000000000000     
 b_n=   1.0485707883436048E-003  -0.9040226781458580      
    1.064757686758252     
 b_para_n=    1.216915395797981     
 dxdt=    6.462471376179858        -5571.603506296262      
    6562.233231875873     
 dudt=   -0.000000000000000     
 ---------------------
 rk4
 istep=     21000001
 grad_b=   -1.212003696461263        4.4715034305797083E-002 
   0.2400061154020500     
 bsub=  -4.7434689538981389E-002  -9.1949607121034838E-002 
    1.391594783094150     
 bsup=    0.000000000000000       -0.9980282205397606      
   0.8801403102138269     
 b_abs=    1.147198082218113     
 g=  -1.9970036280868689E-002
 j=    0.000000000000000         601.5146933983576      
   -361.9475472891601     
 v_perp_2=    0.000000000000000     
 b_n=   2.5165003730980582E-004  -0.9930269330836029      
   0.8804793135790234     
 b_para_n=    1.147198040339010     
 dxdt=    1.645204414109532        -6492.080474550098      
    5756.281495992828     
 dudt=   -0.000000000000000     
 ---------------------
 rk4
 istep=     22000001
 grad_b=  -0.5776097970989342       -5.0118668306131098E-002 
   4.9563418224834760E-002
 bsub=  -2.7122387929566841E-002  -0.2380862966608764      
    1.517993258613403     
 bsup=    0.000000000000000        -1.258072791880186      
   0.9003821924023758     
 b_abs=    1.290953671900792     
 g=  -1.7308243185249730E-002
 j=    0.000000000000000         544.3825088486059      
   -38.94570707211204     
 v_perp_2=    0.000000000000000     
 b_n=  -1.7484587678039888E-004   -1.255691410215867      
   0.9007525614314310     
 b_para_n=    1.290953660735100     
 dxdt=   -1.015794846661096        -7295.138364034186      
    5233.064838972536     
 dudt=   -0.000000000000000     
 ---------------------
 rk4
 istep=     23000001
 grad_b=  -0.9573648598638391        0.1408173873410867      
  -0.1392194842948813     
 bsub=   1.7873217894451711E-002  -0.1591214394944945      
    1.381813382969139     
 bsup=    0.000000000000000       -0.9147686309082577      
   0.8743380377585054     
 b_abs=    1.163425793997626     
 g=  -1.9503270734003236E-002
 j=    0.000000000000000         221.7443636951684      
    168.6239949702204     
 v_perp_2=    0.000000000000000     
 b_n=   5.1249196193303920E-004  -0.9108441324787284      
   0.8747833429806521     
 b_para_n=    1.163425808400412     
 dxdt=    3.303768651808113        -5871.737539485068      
    5639.272418561353     
 dudt=    0.000000000000000     
 ---------------------
 rk4
 istep=     24000001
 grad_b=   -1.124275368662918        3.4516855309025499E-002 
  -9.5251109621161595E-002
 bsub=  -7.7506997335663116E-004  -7.3331184015832676E-002 
    1.124236064257290     
 bsup=    0.000000000000000       -0.6621800236048625      
   0.8886251219351547     
 b_abs=    1.023370181093647     
 g=  -1.9562702316788010E-002
 j=    0.000000000000000         686.3371066248917      
   -474.0806539800350     
 v_perp_2=    0.000000000000000     
 b_n=   1.2186148168391581E-004  -0.6573391379351599      
   0.8889409151575269     
 b_para_n=    1.023370126177467     
 dxdt=   0.8930894983648120        -4817.458911888110      
    6514.805047695215     
 dudt=    0.000000000000000     
 ---------------------
 rk4
 istep=     25000001
 grad_b=  -0.6764322338007649       -2.2809905014978850E-003 
  -5.6399667457665698E-003
 bsub=  -2.2311618649393086E-002  -6.5547495957310145E-002 
   0.9442987439983646     
 bsup=    0.000000000000000       -0.4008279701455577      
   0.9975180767584884     
 b_abs=   0.9840182074881737     
 g=  -1.6478584254379855E-002
 j=    0.000000000000000        -402.8204071305261      
    75.45263575829298     
 v_perp_2=    0.000000000000000     
 b_n=  -1.2409544730886386E-005  -0.3976864113500764      
   0.9977358618837465     
 b_para_n=   0.9840182174319185     
 dxdt=  -9.4583193514999386E-002   -3031.090311427018      
    7604.553281195556     
 dudt=    0.000000000000000     
 ---------------------
 rk4
 istep=     26000001
 grad_b=  -0.3093393921901659        3.2648578437668482E-002 
   5.1758863625454815E-002
 bsub=  -3.6293298542558791E-002  -4.3136245747680865E-002 
   0.8908624650468318     
 bsup=    0.000000000000000       -0.1163358508986453      
    1.119442967488402     
 b_abs=    1.001393641998328     
 g=  -1.2071708896045499E-002
 j=    0.000000000000000         161.1181093360363      
    13.35395310169983     
 v_perp_2=    0.000000000000000     
 b_n=   2.0298985979119084E-004  -0.1145618309048054      
    1.119537137154681     
 b_para_n=    1.001393642484687     
 dxdt=    1.520305186536285        -858.0179615022664      
    8384.843055151021     
 dudt=   -0.000000000000000     
 ---------------------
 rk4
 istep=     27000001
 grad_b=  -0.4878715380852374        8.7229992736032852E-002 
   9.4682733853252682E-002
 bsub=  -4.6766107255792277E-002  -4.5202752816825439E-002 
   0.8918856951722954     
 bsup=    0.000000000000000       -0.4045712471463298      
    1.144697911616857     
 b_abs=    1.019753614238651     
 g=  -9.1838697679088623E-003
 j=    0.000000000000000         439.8483970807167      
   -109.8934352630659     
 v_perp_2=    0.000000000000000     
 b_n=   6.7433245089644110E-004  -0.4010327468706335      
    1.144912596591699     
 b_para_n=    1.019753603060461     
 dxdt=    4.959524895567790        -2949.482691213814      
    8420.509080494649     
 dudt=   -0.000000000000000     
 ---------------------
 rk4
 istep=     28000001
 grad_b=  -0.8707555231377087        3.6117287554987998E-002 
   4.9830799641470587E-002
 bsub=  -8.0901890056712285E-003  -9.6950190865174563E-002 
   0.9416454528543925     
 bsup=    0.000000000000000       -0.4889517906448538      
   0.9918069768226560     
 b_abs=   0.9908742200271931     
 g=  -1.4243071310811812E-002
 j=    0.000000000000000         93.85646791607121      
    102.2196862935479     
 v_perp_2=    0.000000000000000     
 b_n=   2.1792395613766388E-004  -0.4843535899154249      
   0.9922822811481450     
 b_para_n=   0.9908742287795352     
 dxdt=    1.649482470692183        -3666.107987125714      
    7510.657652059011     
 dudt=   -0.000000000000000     
 ---------------------
 rk4
 istep=     29000001
 grad_b=   -1.202423750786925       -8.5109835355058339E-003 
   0.1151609818381490     
 bsub=  -7.4677233638526692E-003  -8.0495993353791789E-002 
    1.135473454220158     
 bsup=    0.000000000000000       -0.7046691769082658      
   0.8829363664967719     
 b_abs=    1.028995932017311     
 g=  -1.9218961533126733E-002
 j=    0.000000000000000        -130.1395139025040      
   -560.3638704511006     
 v_perp_2=    0.000000000000000     
 b_n=  -1.5191292848585633E-006  -0.6994082737186414      
   0.8833092596877896     
 b_para_n=    1.028995873742941     
 dxdt=  -1.1072415280924137E-002   -5097.748384363524      
    6438.139954401219     
 dudt=   -0.000000000000000     
 ---------------------
 Elapsed time (seconds):     154.0079370000000     

real	2m34.020s
user	2m33.724s
sys	0m0.021s
>>> [PID 3660092] DONE  u=7500, v_perp=0, out=gc_grid/dat226.dat
