>>> [PID 3677831] START u=4500, v_perp=2000, out=gc_grid/dat262.dat, dt=2e-09, steps=30000000
 outer boundary:   8.3000000000000462E-002
 rk4
 istep=            1
 grad_b=  -0.5028822018210503        4.9317602138741062E-003 
  -7.9829153460428542E-003
 bsub=   8.6924340445240188E-003   4.2252311893331590E-002 
    1.020727178412679     
 bsup=    0.000000000000000        0.5003111506882106      
   0.9181485971154024     
 b_abs=   0.9787596523181010     
 g=  -1.6418740284651300E-002
 j=    0.000000000000000         576.0999442788802      
    59.09299761950168     
 v_perp_2=    3999999.817273815     
 b_n=   1.6076616091806084E-005   0.5018473375944233      
   0.9180848758022447     
 b_para_n=   0.9787596575461757     
 dxdt=   8.1214969172359305E-002    2308.018874913967      
    4221.009321059040     
 dudt=    10150.80963470232     
 ---------------------
 rk4
 istep=      1000001
 grad_b=   -1.041270372454146        9.3753042990869381E-002 
   0.2018958563370043     
 bsub=  -3.1357673985794629E-002  -7.8626152996662479E-002 
    1.190405324048298     
 bsup=    0.000000000000000       -0.8393343734177376      
   0.8939242003448685     
 b_abs=    1.063281930374418     
 g=  -1.6722868556466413E-002
 j=    0.000000000000000        -455.8353710820820      
    776.0154668863721     
 v_perp_2=    4345424.509847222     
 b_n=   3.1470373219928563E-004  -0.8362900123890105      
   0.8941336144843463     
 b_para_n=    1.063281980157552     
 dxdt=    1.464612254262903        -3507.618141765883      
    3751.815979855175     
 dudt=   -195617.5000083929     
 ---------------------
 rk4
 istep=      2000001
 grad_b=   0.2929992196454362       -0.1106557482776172      
  -0.2240053624256251     
 bsub=   5.4052437800881051E-002   0.1132182041251766      
    1.930104034541302     
 bsup=    0.000000000000000        -1.526327393381713      
    1.055647361844684     
 b_abs=    1.365081589506553     
 g=  -1.0079203854258966E-002
 j=    0.000000000000000         292.9940767449593      
   -120.7120219422637     
 v_perp_2=    5578817.872751736     
 b_n=  -4.5299618402107507E-004   -1.527717610280162      
    1.055741592565114     
 b_para_n=    1.365081583415366     
 dxdt=   -1.648130988489870        -4836.480308307659      
    3341.879013633799     
 dudt=    101151.7164155459     
 ---------------------
 rk4
 istep=      3000001
 grad_b=  -0.8303707246811279        2.4859825000901586E-002 
  -4.3049446075113601E-002
 bsub=  -1.8121013444383181E-002  -5.0090602761802008E-002 
    1.042949471106048     
 bsup=    0.000000000000000       -0.5045071319647828      
   0.9199844790633943     
 b_abs=   0.9924021921100912     
 g=  -1.9282353704738766E-002
 j=    0.000000000000000        -380.7864494299802      
   -369.9919692981995     
 v_perp_2=    4055749.123311190     
 b_n=   5.8847138524125677E-005  -0.5023612958469119      
   0.9200885404406655     
 b_para_n=   0.9924021701069424     
 dxdt=   0.2932306645124899        -2273.819639722910      
    4166.397705990666     
 dudt=    107372.5779813952     
 ---------------------
 rk4
 istep=      4000001
 grad_b=  -0.1215966174561420       -3.4283765285276088E-002 
  -7.4070026422555599E-002
 bsub=   3.9025308714238663E-002  -1.4325543774433729E-002 
   0.9316775107145145     
 bsup=    0.000000000000000        8.2573547080078136E-003 
    1.109945038712563     
 b_abs=    1.016419560227688     
 g=  -1.2568652513477503E-002
 j=    0.000000000000000        -236.4369548200173      
    141.7403211534267     
 v_perp_2=    4153902.015541492     
 b_n=  -1.1919676411672148E-004   8.6560716701735707E-003 
    1.109956170655640     
 b_para_n=    1.016419567954028     
 dxdt=  -0.5800441139158993         38.35891806305980      
    4895.410692926628     
 dudt=    165850.7269690302     
 ---------------------
 rk4
 istep=      5000001
 grad_b=   0.7105762688521179        3.0006114274751534E-002 
   0.1712404858954270     
 bsub=   3.5373797350466508E-002   0.1274284917097928      
    1.638346714447422     
 bsup=    0.000000000000000       -0.6413219045680399      
    1.086729190698855     
 b_abs=    1.303444078661417     
 g=  -8.7785440695088441E-003
 j=    0.000000000000000        -853.3341034637873      
    292.6549523703458     
 v_perp_2=    5326910.778696755     
 b_n=   8.3421065744188684E-005  -0.6448556936522408      
    1.087002253021233     
 b_para_n=    1.303444091140327     
 dxdt=   0.3175926124270154        -2153.778286540823      
    3627.850732916963     
 dudt=   -261566.6907047448     
 ---------------------
 rk4
 istep=      6000001
 grad_b=  -0.5023714498479686        5.2732748946364982E-002 
  -4.2630729320255301E-002
 bsub=   5.9173172700312023E-003  -0.2436944534505175      
    1.513554838607332     
 bsup=    0.000000000000000        -1.252091093740896      
   0.8992284984812420     
 b_abs=    1.290856764702561     
 g=  -1.6733317482510834E-002
 j=    0.000000000000000         607.6820589569479      
   -28.48407881123006     
 v_perp_2=    5275467.044033913     
 b_n=   1.1346447608469445E-004   -1.250848777296069      
   0.8994280721814586     
 b_para_n=    1.290856758131647     
 dxdt=   0.4361106119505306        -4220.387603919860      
    3035.200107824677     
 dudt=    165201.1869289401     
 ---------------------
 rk4
 istep=      7000001
 grad_b=   0.7308568154610661       -2.3579933009944529E-002 
  -0.1618986117114352     
 bsub=  -2.9662897040931391E-002   0.1107400906712419      
    1.535006600472233     
 bsup=    0.000000000000000       -0.4887698638337045      
    1.094312190455064     
 b_abs=    1.275196333493267     
 g=  -8.5774454795686846E-003
 j=    0.000000000000000         281.6716276029272      
   -5.453204961808410     
 v_perp_2=    5211464.093248845     
 b_n=  -5.9780683359480277E-005  -0.4924256356985678      
    1.094574774515608     
 b_para_n=    1.275196334298304     
 dxdt=  -0.2325465999795460        -1686.636268707315      
    3745.410404105292     
 dudt=    265428.5966059590     
 ---------------------
 rk4
 istep=      8000001
 grad_b=   4.9498891892567232E-002   4.0238932370234667E-002 
   9.6080944134190965E-002
 bsub=  -3.8040800988542282E-002   7.2445664270884107E-003 
   0.9665735248596292     
 bsup=    0.000000000000000        8.9488967656129237E-002 
    1.114746022178410     
 b_abs=    1.038320842194891     
 g=  -1.2071603203827344E-002
 j=    0.000000000000000         392.8903935240688      
   -8.992129361421611     
 v_perp_2=    4243400.747410374     
 b_n=   1.3733889829727790E-004   8.9303825968638215E-002 
    1.114752814648673     
 b_para_n=    1.038320841876081     
 dxdt=   0.6543699633506543         384.6180172914696      
    4802.130114598584     
 dudt=   -217868.6649643460     
 ---------------------
 rk4
 istep=      9000001
 grad_b=  -0.9546888780362920       -4.3562340073227714E-002 
   6.7748065763466772E-002
 bsub=   1.0628675997997323E-002  -6.0365786127195224E-002 
    1.090433852356925     
 bsup=    0.000000000000000       -0.5905835787290238      
   0.8979003986818037     
 b_abs=    1.007435658380652     
 g=  -1.9752447649822411E-002
 j=    0.000000000000000         1119.093596415146      
   -303.2766131749133     
 v_perp_2=    4117178.158921726     
 b_n=  -1.0164940294266153E-004  -0.5881442724308094      
   0.8980364066769371     
 b_para_n=    1.007435635233981     
 dxdt=  -0.4990224483532276        -2618.392082362337      
    3999.776147344157     
 dudt=   -175567.0498049933     
 ---------------------
 rk4
 istep=     10000001
 grad_b=   0.2623998157466106        0.1054542599231228      
   0.1845824194393507     
 bsub=  -5.6295413425556648E-002   0.1268698701301069      
    1.977931907131329     
 bsup=    0.000000000000000        -1.409852071295763      
    1.060330610770666     
 b_abs=    1.384678683631781     
 g=  -1.0259655706586329E-002
 j=    0.000000000000000        -146.5787068303755      
   -3.275920542681746     
 v_perp_2=    5658888.448050349     
 b_n=   4.2459359472442896E-004   -1.411066031560506      
    1.060420561605637     
 b_para_n=    1.384678682890439     
 dxdt=    1.523359748985125        -4394.483815175387      
    3302.078693103215     
 dudt=   -69422.85961309752     
 ---------------------
 rk4
 istep=     11000001
 grad_b=   -1.067958833177018       -7.3864790987425918E-002 
  -0.1537526183598905     
 bsub=   2.3060540346808690E-002  -8.5173748903308533E-002 
    1.115612364845593     
 bsup=    0.000000000000000       -0.7026034032667769      
   0.9030417868752068     
 b_abs=    1.033189032887891     
 g=  -1.6579229792171142E-002
 j=    0.000000000000000        -1152.955442332490      
    1017.215027421126     
 v_perp_2=    4222422.692555606     
 b_n=  -2.5263342180026653E-004  -0.6994610782944958      
   0.9032869792752446     
 b_para_n=    1.033189100844352     
 dxdt=   -1.209624750306413        -3028.253446555867      
    3912.664106055823     
 dudt=    171960.6002660833     
 ---------------------
 rk4
 istep=     12000001
 grad_b=  -0.4986480669528788        3.5718499288549116E-003 
  -3.4983943496848108E-003
 bsub=  -2.3451499883604312E-003   4.3717947260174223E-002 
    1.013133222881952     
 bsup=    0.000000000000000        0.8578122432329874      
   0.9103431814574598     
 b_abs=   0.9797208197951532     
 g=  -1.5087538013540260E-002
 j=    0.000000000000000        -139.9941605479922      
   -85.57889793714986     
 v_perp_2=    4003908.355612254     
 b_n=   1.2259743655052681E-005   0.8594543805854405      
   0.9102723440532291     
 b_para_n=   0.9797208140747297     
 dxdt=   6.1872879186530075E-002    3947.963580154570      
    4180.577424793847     
 dudt=    251.8736800606621     
 ---------------------
 rk4
 istep=     13000001
 grad_b=   -1.008638873955819        5.8496918362397191E-002 
   0.1050502670712582     
 bsub=  -1.6208131345106590E-002  -9.1511592150113563E-002 
    1.037927217003018     
 bsup=    0.000000000000000       -0.5664380881357830      
   0.9315367067520491     
 b_abs=    1.009024574304260     
 g=  -1.5824458745567253E-002
 j=    0.000000000000000        -566.4399435652816      
    965.7871991142188     
 v_perp_2=    4123665.300151485     
 b_n=   2.0487076795039954E-004  -0.5633934380988952      
   0.9318084049612438     
 b_para_n=    1.009024635374530     
 dxdt=    1.004193232245965        -2503.524555618765      
    4143.049947310367     
 dudt=   -131072.1083986972     
 ---------------------
 rk4
 istep=     14000001
 grad_b=   0.1800078610015608       -9.7159680596694026E-002 
  -0.1216261510660779     
 bsub=   6.5893220091027493E-002   0.1307821312314248      
    1.984731109391429     
 bsup=    0.000000000000000        -1.221925672364159      
    1.060533570357330     
 b_abs=    1.394404469204670     
 g=  -1.0981249895909572E-002
 j=    0.000000000000000        -164.4029098729450      
   -5.028707231867315     
 v_perp_2=    5698626.836731788     
 b_n=  -3.7338333823696310E-004   -1.222696552098567      
    1.060596762517766     
 b_para_n=    1.394404468287873     
 dxdt=   -1.330472330475695        -3777.113235855970      
    3276.072742309133     
 dudt=    15045.06020262999     
 ---------------------
 rk4
 istep=     15000001
 grad_b=   -1.057825078075845        7.7798822094773068E-002 
  -0.1030862310063290     
 bsub=  -8.3551392098911784E-004  -7.8140675378114519E-002 
    1.167011540821703     
 bsup=    0.000000000000000       -0.6778337550970052      
   0.8791514021223666     
 b_abs=    1.038681291904527     
 g=  -2.0265594039703738E-002
 j=    0.000000000000000         295.3342890550747      
    233.6272543021589     
 v_perp_2=    4244861.861986229     
 b_n=   1.7706896923115029E-004  -0.6751915574889766      
   0.8793284570785824     
 b_para_n=    1.038681305506487     
 dxdt=   0.8433796569950461        -2906.264393351385      
    3786.595087029547     
 dudt=    282037.4355259807     
 ---------------------
 rk4
 istep=     16000001
 grad_b=   0.2367843980616001       -4.2343915213262785E-002 
  -0.1146400663708716     
 bsub=   3.2980403252543811E-002   3.1871107773290469E-002 
    1.022584706511302     
 bsup=    0.000000000000000        0.1092745109945218      
    1.117858881847004     
 b_abs=    1.071105891620719     
 g=  -1.1253679693091065E-002
 j=    0.000000000000000        -376.8642016478067      
    254.6030979248771     
 v_perp_2=    4377372.706731583     
 b_n=  -1.4320887202680697E-004   0.1083862180157348      
    1.117891199517401     
 b_para_n=    1.071105904306568     
 dxdt=  -0.6616697505399370         450.6891644241880      
    4652.604644324772     
 dudt=    253306.8902523538     
 ---------------------
 rk4
 istep=     17000001
 grad_b=   0.7803212970010422        1.9829673494101072E-002 
   0.1605803558010515     
 bsub=   2.1998372886321629E-002   9.1922938503868901E-002 
    1.411339500654872     
 bsup=    0.000000000000000       -0.2310152870121084      
    1.101966116115428     
 b_abs=    1.238294505490149     
 g=  -8.5304037797732622E-003
 j=    0.000000000000000         892.7111182643863      
    90.75619978591436     
 v_perp_2=    5060633.059261500     
 b_n=   4.6335892190370583E-005  -0.2348613310744265      
    1.102215900189828     
 b_para_n=    1.238294513382654     
 dxdt=   0.1855310913597501        -832.6350176302810      
    3899.294382467622     
 dudt=   -284443.5935630240     
 ---------------------
 rk4
 istep=     18000001
 grad_b=  -0.7160688473046765       -0.1380894980899411      
   0.1204764765296423     
 bsub=  -1.8175901311507987E-002  -0.2166477281505862      
    1.476581767912473     
 bsup=    0.000000000000000        -1.134159927122617      
   0.8883441660192983     
 b_abs=    1.247873187900155     
 g=  -1.7799429364633010E-002
 j=    0.000000000000000         15.99338901827031      
   -294.3659932964642     
 v_perp_2=    5099777.095334482     
 b_n=  -2.9367490417785168E-004   -1.132417123534415      
   0.8885962458171425     
 b_para_n=    1.247873171713923     
 dxdt=   -1.167001354075630        -3970.396607334113      
    3116.286283438449     
 dudt=   -431709.1006421708     
 ---------------------
 rk4
 istep=     19000001
 grad_b=   0.6899013383450663       -4.3096777142263870E-002 
  -0.1853492652690227     
 bsub=  -3.6933804938328318E-002   0.1510058077908781      
    1.764301074062707     
 bsup=    0.000000000000000       -0.7743928135614535      
    1.081629096035672     
 b_abs=    1.338285598350272     
 g=  -8.8933489325722110E-003
 j=    0.000000000000000        -934.7064716545995      
    289.9730120126149     
 v_perp_2=    5469270.212805915     
 b_n=  -1.3675866487894821E-004  -0.7778379385989622      
    1.081921108918011     
 b_para_n=    1.338285610134434     
 dxdt=  -0.5073393785101673        -2520.440999524337      
    3503.644912425390     
 dudt=    255148.1416208724     
 ---------------------
 rk4
 istep=     20000001
 grad_b=  -0.2977405002662014        2.1695342886277814E-002 
   4.7832738700626487E-002
 bsub=  -3.6021234082685712E-002  -3.8102852527266931E-002 
   0.9058554416793864     
 bsup=    0.000000000000000       -0.1464169865210033      
    1.092984552192138     
 b_abs=   0.9981522659129047     
 g=  -1.3361585699676430E-002
 j=    0.000000000000000         29.38469146267062      
   -223.0305124305303     
 v_perp_2=    4079220.225123917     
 b_n=   7.5796228102484984E-005  -0.1454711404554827      
    1.093027337926033     
 b_para_n=   0.9981522538737120     
 dxdt=   0.3755308524797414        -654.1175057468399      
    4918.099331162316     
 dudt=   -100523.8620517295     
 ---------------------
 rk4
 istep=     21000001
 grad_b=  -0.6716582705275354       -6.1162383212628874E-003 
   1.5949429388387823E-002
 bsub=   2.5773251872904364E-002  -3.9331039559329234E-002 
   0.9963945380572882     
 bsup=    0.000000000000000       -0.3912722234652429      
   0.9540461916014612     
 b_abs=   0.9825951736898505     
 g=  -1.8445151018844919E-002
 j=    0.000000000000000        -695.7219746815016      
   -25.14317199398272     
 v_perp_2=    4015640.671572502     
 b_n=  -1.4446050402543045E-005  -0.3895027429524018      
   0.9541164127499659     
 b_para_n=   0.9825951738313947     
 dxdt=  -7.2695429721616994E-002   -1782.316386624439      
    4367.919650020871     
 dudt=   -36620.57644399318     
 ---------------------
 rk4
 istep=     22000001
 grad_b=   0.3585150658147602        0.1037550529006683      
   0.2366188220694458     
 bsub=  -4.9285600626311314E-002   0.1098082429648719      
    1.877075932874250     
 bsup=    0.000000000000000        -1.638412291539821      
    1.059647413435418     
 b_abs=    1.345183394438775     
 g=  -9.2776283079442669E-003
 j=    0.000000000000000         168.8893417230776      
   -136.7949826636539     
 v_perp_2=    5497452.715061876     
 b_n=   4.5543943082900060E-004   -1.640259754317706      
    1.059767442232049     
 b_para_n=    1.345183386943833     
 dxdt=    1.681059801891286        -5281.204234511511      
    3411.665335643207     
 dudt=   -122645.4792673637     
 ---------------------
 rk4
 istep=     23000001
 grad_b=   -1.092555701670803       -9.0957242008861697E-002 
  -0.2347819843775255     
 bsub=   3.7193698775256426E-002  -7.6123624662108730E-002 
    1.279130510158199     
 bsup=    0.000000000000000       -0.9506971177478660      
   0.8846736905248618     
 b_abs=    1.097280514348733     
 g=  -1.7838201066099266E-002
 j=    0.000000000000000         335.7119910363731      
    321.3057550889027     
 v_perp_2=    4484329.144197679     
 b_n=  -2.9065556304511765E-004  -0.9476896246830991      
   0.8848611400127573     
 b_para_n=    1.097280533058976     
 dxdt=   -1.311241104857062        -3838.379053623924      
    3585.284827670490     
 dudt=    225762.6822310074     
 ---------------------
 rk4
 istep=     24000001
 grad_b=  -0.4715619980898162        4.1438659909913134E-003 
  -9.3856223142059492E-003
 bsub=  -1.4436561974929381E-002   3.5952207892918239E-002 
    1.029422869685104     
 bsup=    0.000000000000000        0.2242625542159051      
   0.9244063234868913     
 b_abs=   0.9794670207382314     
 g=  -1.7603607605012395E-002
 j=    0.000000000000000        -811.2209441461818      
    213.2419104432999     
 v_perp_2=    4002851.613274535     
 b_n=   1.2830960567550354E-005   0.2256159821358539      
   0.9243592466322373     
 b_para_n=   0.9794670324754056     
 dxdt=   6.4772342219390974E-002    1037.097129850090      
    4246.495938101622     
 dudt=    16161.55153454020     
 ---------------------
 rk4
 istep=     25000001
 grad_b=  -0.8021021286316998        1.7215653681456368E-002 
   2.5572494536304391E-002
 bsub=   2.1046466397572445E-003  -9.5260810712350652E-002 
   0.9134372335669142     
 bsup=    0.000000000000000       -0.4672893494197998      
    1.010223097392870     
 b_abs=   0.9839241246033885     
 g=  -1.4270451821044736E-002
 j=    0.000000000000000        -142.2040995952410      
    195.8313299436799     
 v_perp_2=    4021065.640593468     
 b_n=   6.1854757889626485E-005  -0.4647938310415212      
    1.010483220887270     
 b_para_n=   0.9839241363559778     
 dxdt=   0.3108489223373460        -2123.505691302673      
    4619.182334391638     
 dudt=   -36944.10042249609     
 ---------------------
 rk4
 istep=     26000001
 grad_b=   0.3143093260790017       -5.1386359117528764E-002 
   2.9004947090837715E-002
 bsub=   7.8252131945587722E-002   0.1338549904116425      
    1.954784123692032     
 bsup=    0.000000000000000        -1.016164935024636      
    1.061569443850308     
 b_abs=    1.392718075830586     
 g=  -1.1190031783329465E-002
 j=    0.000000000000000         182.2808583677915      
   -652.8827837041872     
 v_perp_2=    5691707.194888771     
 b_n=  -2.1663266961631384E-004   -1.017435959494714      
    1.061665123996749     
 b_para_n=    1.392718039279552     
 dxdt=  -0.7728400698365042        -3147.719920133583      
    3283.971390078048     
 dudt=   -121788.0816572448     
 ---------------------
 rk4
 istep=     27000001
 grad_b=  -0.9903816830257894        0.1345028608829475      
  -0.1320400919568022     
 bsub=   1.2997268386732888E-002  -0.1356891696109177      
    1.323036071450675     
 bsup=    0.000000000000000       -0.8268771036790459      
   0.8699930627381187     
 b_abs=    1.123807786830968     
 g=  -2.0130489355228709E-002
 j=    0.000000000000000        -580.6449528703173      
    356.7539490770753     
 v_perp_2=    4592732.952636130     
 b_n=   2.9196885428711694E-004  -0.8244897365871859      
   0.8702350619051771     
 b_para_n=    1.123807812250428     
 dxdt=    1.286439576162191        -3251.680330871996      
    3433.366823905036     
 dudt=    411094.4890650425     
 ---------------------
 rk4
 istep=     28000001
 grad_b=   0.5785610549390330       -4.2828540795301392E-002 
  -0.1505286296480473     
 bsub=   1.5765941362419482E-002   6.5748547669471094E-002 
    1.159923855657454     
 bsup=    0.000000000000000        1.8721471269156575E-002 
    1.123061409234771     
 b_abs=    1.142209999288118     
 g=  -9.4228083566626434E-003
 j=    0.000000000000000         767.5707940403646      
   -97.80207965724540     
 v_perp_2=    4667936.838734082     
 b_n=  -1.4980522490200203E-004   1.6185417391176932E-002 
    1.123207195073518     
 b_para_n=    1.142209996479965     
 dxdt=  -0.6495517415918381         61.53464461012537      
    4351.608960386342     
 dudt=    303865.3296691943     
 ---------------------
 rk4
 istep=     29000001
 grad_b=   0.7078432487947668        1.8448308506415705E-002 
   0.1543463210638238     
 bsub=   1.0793369025799970E-003   6.9720984186948554E-002 
    1.215654474321737     
 bsup=    0.000000000000000        0.1769646984236610      
    1.106731599743960     
 b_abs=    1.165382404267112     
 g=  -9.3033664690810054E-003
 j=    0.000000000000000        -400.7346379706763      
    9.281444774581871     
 v_perp_2=    4762634.493920532     
 b_n=   4.2638576921197949E-005   0.1738201241470106      
    1.106911910816875     
 b_para_n=    1.165382403555355     
 dxdt=   0.1812509329342754         656.9722461321819      
    4193.047812125280     
 dudt=   -305239.2179870855     
 ---------------------
 Elapsed time (seconds):     162.0949120000000     

real	2m42.108s
user	2m41.598s
sys	0m0.028s
>>> [PID 3677831] DONE  u=4500, v_perp=2000, out=gc_grid/dat262.dat
