>>> [PID 3683976] START u=1500, v_perp=3000, out=gc_grid/dat277.dat, dt=2e-09, steps=30000000
 outer boundary:   8.3000000000000462E-002
 rk4
 istep=            1
 grad_b=  -0.5028825151547895        4.9320673425277406E-003 
  -7.9835642047779293E-003
 bsub=   8.6923506178236548E-003   4.2252358901446088E-002 
    1.020726994490945     
 bsup=    0.000000000000000        0.5003171196579234      
   0.9181485417988163     
 b_abs=   0.9787596821249713     
 g=  -1.6418710012005532E-002
 j=    0.000000000000000         576.0999528581547      
    59.09752198808103     
 v_perp_2=    8999999.862949556     
 b_n=   5.3592213168188413E-006   0.5008291831080549      
   0.9181273012837193     
 b_para_n=   0.9787596838677582     
 dxdt=   2.4639853968602306E-002    769.1162247811538      
    1407.012662507195     
 dudt=    22841.25668614569     
 ---------------------
 rk4
 istep=      1000001
 grad_b=   8.8632692319216000E-003  -0.1931512007788020      
   9.9824609962308256E-002
 bsub=   4.9431736865461429E-002  -0.1713852680791193      
    1.441591422078118     
 bsup=    0.000000000000000       -0.9766242927884738      
   0.9171618655058726     
 b_abs=    1.220420342940552     
 g=  -1.9301995905898310E-002
 j=    0.000000000000000        -156.6976693267085      
    108.0489969252424     
 v_perp_2=    11222144.47536789     
 b_n=  -1.5871987323417516E-005  -0.9766247693883057      
   0.9171623533181748     
 b_para_n=    1.220420343209573     
 dxdt=  -0.4394026809764853        -133.5723701156702      
    125.4408421606453     
 dudt=   -1055557.466099759     
 ---------------------
 rk4
 istep=      2000001
 grad_b=  -0.4667150129046210       -3.0964340539469101E-002 
   3.2191658322929140E-002
 bsub=   1.5327089872731289E-002   2.9060234217545229E-002 
    1.049278824242230     
 bsup=    0.000000000000000        0.1109453557824923      
   0.9211666100380169     
 b_abs=   0.9847747667849905     
 g=  -1.8369339435807697E-002
 j=    0.000000000000000        -575.6015229755282      
    420.0689987764971     
 v_perp_2=    9055309.849476602     
 b_n=   2.9080139434431225E-005   0.1105188900934192      
   0.9211779884175506     
 b_para_n=   0.9847747582691340     
 dxdt=  -0.1339966048764325        -164.9358361288933      
   -1385.812025731890     
 dudt=   -122407.4607768306     
 ---------------------
 rk4
 istep=      3000001
 grad_b=   0.2108957313022711        0.1858867704120676      
  -0.1309315577876051     
 bsub=  -4.3931419185910259E-002  -8.2973346682016044E-002 
    1.370542572691221     
 bsup=    0.000000000000000       -0.5672421323784164      
   0.9346292915878947     
 b_abs=    1.152588651161737     
 g=  -1.8787185061340722E-002
 j=    0.000000000000000         561.9722305694827      
    251.8975710495959     
 v_perp_2=    10598410.41281577     
 b_n=  -8.2525522609431384E-005  -0.5671462850009565      
   0.9346324469550839     
 b_para_n=    1.152588648776423     
 dxdt=   0.5278393273231781         396.6527525358680      
   -654.5841971066201     
 dudt=    908750.7541006543     
 ---------------------
 rk4
 istep=      4000001
 grad_b=   0.1023524184758272        0.1783125719473588      
  -0.1370026916448471     
 bsub=  -2.9886567903132454E-002  -4.6458126343893770E-002 
    1.284884307367047     
 bsup=    0.000000000000000       -0.3446906602644415      
   0.9295697244904184     
 b_abs=    1.100385049604866     
 g=  -1.9003301325600568E-002
 j=    0.000000000000000         372.4524219557021      
   -19.07420321466597     
 v_perp_2=    10118381.90415012     
 b_n=   1.0773036320546772E-004  -0.3447522800485288      
   0.9295700018848227     
 b_para_n=    1.100385049121959     
 dxdt=   0.5697587815361163        -333.5487637117326      
    898.6445419706164     
 dudt=    788916.7576655414     
 ---------------------
 rk4
 istep=      5000001
 grad_b=  -0.4935473195331401       -8.7820116921042732E-002 
   7.0212723090112561E-002
 bsub=   1.7768441848027387E-002  -4.1600774261421267E-004 
    1.109963526278178     
 bsup=    0.000000000000000       -0.2064269549597947      
   0.9102476914079667     
 b_abs=    1.005081203738738     
 g=  -1.9956467829512044E-002
 j=    0.000000000000000         580.5040499520672      
    130.1670469001116     
 v_perp_2=    9242033.329310905     
 b_n=  -7.1657434002691839E-005  -0.2060231927400866      
   0.9102489922458239     
 b_para_n=    1.005081206398639     
 dxdt=  -0.3335252417358362        -289.1545973552385      
    1283.331132608631     
 dudt=   -375281.9280739754     
 ---------------------
 rk4
 istep=      6000001
 grad_b=  -4.6777355873628579E-002  -0.2011125584742829      
   0.1044447403765577     
 bsub=   4.2494183324567725E-002  -0.1614252916217966      
    1.411700968329264     
 bsup=    0.000000000000000       -0.9126837961533607      
   0.9125730784499859     
 b_abs=    1.198159639440363     
 g=  -1.9633359323424936E-002
 j=    0.000000000000000        -357.6199672184699      
    236.4999786178519     
 v_perp_2=    11017449.06018696     
 b_n=   4.7799716015971158E-005  -0.9126964084691038      
   0.9125701959495626     
 b_para_n=    1.198159637711047     
 dxdt=  -0.4749632904386206         367.4623654647115      
   -367.2638329886599     
 dudt=   -1070081.260995509     
 ---------------------
 rk4
 istep=      7000001
 grad_b=  -0.4551941350189916        2.9887914042511430E-002 
  -5.4433614081093665E-002
 bsub=   4.0559562657025879E-003   4.0513461562420847E-002 
    1.020056199020089     
 bsup=    0.000000000000000        0.9116274269483041      
   0.9189651037458628     
 b_abs=   0.9871902103117595     
 g=  -1.4447575755847103E-002
 j=    0.000000000000000         150.4950631458530      
    18.91264445435092     
 v_perp_2=    9077519.517404154     
 b_n=  -3.5803688765493983E-005   0.9111191570031593      
   0.9189854325226079     
 b_para_n=   0.9871902098069485     
 dxdt=   0.1651398010407914        -1358.769630081773      
   -1372.163301761544     
 dudt=    106074.7409708417     
 ---------------------
 rk4
 istep=      8000001
 grad_b=   0.3175830321622783        0.1714240956873105      
  -0.1207779751252118     
 bsub=  -6.4232071750599321E-002  -0.1133401769901727      
    1.472626150387105     
 bsup=    0.000000000000000       -0.8077754763697962      
   0.9449735343213828     
 b_abs=    1.217802429506534     
 g=  -1.8033979192398852E-002
 j=    0.000000000000000        -593.9856745945350      
   -560.8574916824721     
 v_perp_2=    11198069.95315634     
 b_n=  -2.1281993341864705E-005  -0.8077344784906880      
   0.9449757627121722     
 b_para_n=    1.217802431038966     
 dxdt=   0.4333598726662752         150.3204321256138      
   -176.8738088564763     
 dudt=    953674.1053109774     
 ---------------------
 rk4
 istep=      9000001
 grad_b=  -0.2109276980559394        8.6132064558547217E-002 
  -0.1035080899788713     
 bsub=  -6.9889185177817170E-003   2.7479748701824389E-002 
    1.099205329804405     
 bsup=    0.000000000000000        0.3668747995834650      
   0.9232282443325006     
 b_abs=    1.012564936513416     
 g=  -1.7114329861025280E-002
 j=    0.000000000000000         155.4002540063650      
   -324.0953894917574     
 v_perp_2=    9310847.500663625     
 b_n=   8.0964711575812521E-005   0.3670678934299634      
   0.9232239260508394     
 b_para_n=    1.012564930228771     
 dxdt=   0.3786638591255993         505.4493203384492      
    1269.653696066221     
 dudt=    290425.6295236475     
 ---------------------
 rk4
 istep=     10000001
 grad_b=  -0.2708449802461985       -0.2016479231968699      
   0.1099865199807054     
 bsub=   2.4949077538319715E-002  -0.1073024432157318      
    1.302201877949919     
 bsup=    0.000000000000000       -0.6851089205778071      
   0.9029302078064270     
 b_abs=    1.117616158634497     
 g=  -2.0597652537295251E-002
 j=    0.000000000000000        -18.94977977313380      
    122.4386501409632     
 v_perp_2=    10276825.71547408     
 b_n=  -1.0059799336225985E-004  -0.6849663424362377      
   0.9029438851663800     
 b_para_n=    1.117616160311047     
 dxdt=  -0.5576416510223948        -603.9406912244377      
    797.0730591526212     
 dudt=   -976867.5305931722     
 ---------------------
 rk4
 istep=     11000001
 grad_b=  -0.3480470917417641       -0.1874286056520334      
   0.1080999106361347     
 bsub=   2.1770270176012168E-002  -8.3120882276817964E-002 
    1.261322907749028     
 bsup=    0.000000000000000       -0.6045742177522249      
   0.9026716860193656     
 b_abs=    1.090185142930497     
 g=  -2.0699143595228436E-002
 j=    0.000000000000000        -134.8464212880730      
   -144.9937189924509     
 v_perp_2=    10024588.76866379     
 b_n=   1.0705775593652896E-004  -0.6047819801280120      
   0.9026561485416544     
 b_para_n=    1.090185145032603     
 dxdt=  -0.5533526056648951         614.9634960684610      
   -916.4999190257749     
 dudt=   -889403.5584513820     
 ---------------------
 rk4
 istep=     12000001
 grad_b=  -0.1251033350783928        0.1081529653549886      
  -0.1172943569527585     
 bsub=  -1.1261069787081086E-002   1.6621402783089587E-002 
    1.135135237316682     
 bsup=    0.000000000000000        0.1962688818944167      
   0.9266110092497273     
 b_abs=    1.027248969730981     
 g=  -1.7709079286015936E-002
 j=    0.000000000000000        -159.9704835501142      
   -232.8591655764129     
 v_perp_2=    9445871.054088347     
 b_n=  -9.3780246648053530E-005   0.1961611091336992      
   0.9266116610292675     
 b_para_n=    1.027248974198604     
 dxdt=   0.4436287666241504        -256.1214082593707      
   -1211.592641766543     
 dudt=    391440.6242421177     
 ---------------------
 rk4
 istep=     13000001
 grad_b=   0.3130730413776638        0.1739144715426360      
  -0.1227150659720432     
 bsub=  -6.1588715289159393E-002  -0.1096430572738297      
    1.461332995041238     
 bsup=    0.000000000000000       -0.7722246591871487      
   0.9439680798538328     
 b_abs=    1.210002133432915     
 g=  -1.8105025651467370E-002
 j=    0.000000000000000        -328.3701321693007      
   -526.4957728920645     
 v_perp_2=    11126342.48759114     
 b_n=   3.3403893588822646E-005  -0.7722871051653896      
   0.9439648004732635     
 b_para_n=    1.210002131117256     
 dxdt=   0.4464480242687447        -225.2578003192708      
    274.2913280096890     
 dudt=    950459.4938537204     
 ---------------------
 Particle has exited the domain at step      13735761  s =  
   8.3000000507328892E-002
 Elapsed time (seconds):     74.72618199999999     

real	1m14.738s
user	1m14.474s
sys	0m0.016s
>>> [PID 3683976] DONE  u=1500, v_perp=3000, out=gc_grid/dat277.dat
