>>> [PID 3603882] START u=3500, v_perp=-9000, out=gc_grid/dat29.dat, dt=2e-09, steps=30000000
 outer boundary:   8.3000000000000462E-002
 rk4
 istep=            1
 grad_b=  -0.5028822971428442        4.9318656132125369E-003 
  -7.9831347476657238E-003
 bsub=   8.6924066428040007E-003   4.2252327398243972E-002 
    1.020727116926428     
 bsup=    0.000000000000000        0.5003131276591070      
   0.9181485794574666     
 b_abs=   0.9787596622534366     
 g=  -1.6418730205913803E-002
 j=    0.000000000000000         576.0999721319079      
    59.09454610115968     
 v_perp_2=    80999997.12202139     
 b_n=   1.2504315184732896E-005   0.5015079406919972      
   0.9180990183718319     
 b_para_n=   0.9787596663197935     
 dxdt=   0.1925476577862304         1807.495177971011      
    3282.494699855479     
 dudt=    205559.7600372410     
 ---------------------
 rk4
 istep=      1000001
 grad_b=   7.6696451733773763E-002   0.1621542477211502      
  -0.1392945245480192     
 bsub=  -2.5566738318359560E-002  -2.7130292110973123E-002 
    1.248134733089026     
 bsup=    0.000000000000000       -0.2152183939725178      
   0.9317244420639312     
 b_abs=    1.081183013848829     
 g=  -1.8659087734891774E-002
 j=    0.000000000000000        -8.943807046548272      
   -225.5586973556872     
 v_perp_2=    89476319.66808057     
 b_n=  -1.8505208255369403E-004  -0.2151325197374480      
   0.9317225234080972     
 b_para_n=    1.081183019994043     
 dxdt=    4.274248183733694         384.7063273738239      
   -1674.014825398457     
 dudt=    6302711.101570038     
 ---------------------
 Particle has exited the domain at step       1462536  s =  
   8.3000002718650434E-002
 Elapsed time (seconds):     7.531643000000000     

real	0m7.541s
user	0m7.513s
sys	0m0.015s
>>> [PID 3603882] DONE  u=3500, v_perp=-9000, out=gc_grid/dat29.dat
