>>> [PID 3667771] START u=7000, v_perp=1000, out=gc_grid/dat246.dat, dt=2e-09, steps=30000000
 outer boundary:   8.3000000000000462E-002
 rk4
 istep=            1
 grad_b=  -0.5028819370276545        4.9315054861254620E-003 
  -7.9823758831287506E-003
 bsub=   8.6925037306707469E-003   4.2252272651771269E-002 
    1.020727331612002     
 bsup=    0.000000000000000        0.5003061714795548      
   0.9181486435266011     
 b_abs=   0.9787596274809690     
 g=  -1.6418765516637009E-002
 j=    0.000000000000000         576.0999459316472      
    59.08924364235288     
 v_perp_2=    999999.9289423157     
 b_n=   2.5006717589742711E-005   0.5026957911154148      
   0.9180495217839181     
 b_para_n=   0.9787596356131606     
 dxdt=   0.1806707294959089         3595.409021340083      
    6565.799551592497     
 dudt=    2537.523537712024     
 ---------------------
 rk4
 istep=      1000001
 grad_b=  -6.9742370726850439E-002  -5.6034010480645088E-002 
   0.1119357092655234     
 bsub=  -9.6938127719109930E-003   3.6721124146901769E-002 
    1.048889871478860     
 bsup=    0.000000000000000        0.5722603440817584      
   0.9845830203979402     
 b_abs=    1.026465505309205     
 g=  -1.3815475373830748E-002
 j=    0.000000000000000        -1479.020632483451      
    263.6362627758318     
 v_perp_2=    1048740.038006884     
 b_n=  -3.1620108000678007E-004   0.5726225881470319      
   0.9845674350712275     
 b_para_n=    1.026465524707838     
 dxdt=   -2.178353571990737         3903.093808339426      
    6710.933931206594     
 dudt=   -38890.54882158225     
 ---------------------
 rk4
 istep=      2000001
 grad_b=   1.3624990960274364E-002  -1.0575130413583322E-002 
   8.5406321648124853E-002
 bsub=  -3.0581120377526104E-002   1.8536194316685954E-002 
   0.9893917091407680     
 bsup=    0.000000000000000        0.1665534606789641      
    1.055837332203059     
 b_abs=    1.023503594445303     
 g=  -1.4147942473469467E-002
 j=    0.000000000000000         618.3359507946752      
   -155.3037857132514     
 v_perp_2=    1045712.808886064     
 b_n=  -5.9492823233451432E-005   0.1664740400336115      
    1.055836968363708     
 b_para_n=    1.023503581959793     
 dxdt=  -0.4110403530706073         1138.021071588266      
    7217.767049021633     
 dudt=   -44128.94277390095     
 ---------------------
 rk4
 istep=      3000001
 grad_b=  -0.1583640682462485        6.4932714644046485E-003 
   6.0383044740950978E-002
 bsub=  -3.7159777019655026E-002  -9.7649041998599112E-003 
   0.9458479002881373     
 bsup=    0.000000000000000       -2.1760922090314327E-002 
    1.071474596611291     
 b_abs=    1.006849923784769     
 g=  -1.4225592771815071E-002
 j=    0.000000000000000        -761.6258542979640      
    138.3218739088237     
 v_perp_2=    1028696.699213216     
 b_n=   3.4171588521825791E-005  -2.1011976842362202E-002 
    1.071483684564086     
 b_para_n=    1.006849936332679     
 dxdt=   0.2399986946941632        -145.9857166877648      
    7447.177158999221     
 dudt=   -32754.79189747364     
 ---------------------
 rk4
 istep=      4000001
 grad_b=  -0.3219800900627756        8.2043712671843010E-003 
   4.1219447983512403E-002
 bsub=  -3.5853990451955517E-002  -3.4125296128642360E-002 
   0.9212735826778157     
 bsup=    0.000000000000000       -0.1769476422332421      
    1.066892669008108     
 b_abs=   0.9947831784675994     
 g=  -1.4485609184946617E-002
 j=    0.000000000000000         441.2621447330337      
   -205.0464797848380     
 v_perp_2=    1016367.046007179     
 b_n=   4.5791328913474923E-005  -0.1754400339224676      
    1.066950274607672     
 b_para_n=   0.9947831595038416     
 dxdt=   0.3255087878978156        -1234.204300727109      
    7506.569231948924     
 dudt=   -21837.73577019001     
 ---------------------
 rk4
 istep=      5000001
 grad_b=  -0.4852336489288258        6.4699332766503942E-003 
   2.3469508086789742E-002
 bsub=  -2.9801000111276930E-002  -5.5564346348354228E-002 
   0.9120365059592805     
 bsup=    0.000000000000000       -0.3079869115955305      
    1.049198053729874     
 b_abs=   0.9866774282388400     
 g=  -1.4887119515584689E-002
 j=    0.000000000000000         476.3983515898287      
   -80.72265124651744     
 v_perp_2=    1008084.342019491     
 b_n=   3.6401938637633770E-005  -0.3057544580363697      
    1.049335241552425     
 b_para_n=   0.9866774187781937     
 dxdt=   0.2608896469840550        -2168.838405844630      
    7443.922870846463     
 dudt=   -11717.36159594394     
 ---------------------
 rk4
 istep=      6000001
 grad_b=  -0.6794650896834094       -1.4926993975988151E-003 
  -2.3688030099588350E-003
 bsub=  -1.7608927339763270E-002  -7.8261292458538065E-002 
   0.9145171621752283     
 bsup=    0.000000000000000       -0.4127931735295799      
    1.021237400923533     
 b_abs=   0.9829605825223193     
 g=  -1.5102995127086074E-002
 j=    0.000000000000000        -458.8306058532530      
    234.7974827485848     
 v_perp_2=    1004285.779903624     
 b_n=  -7.7805032898944793E-006  -0.4096748415030624      
    1.021504133098590     
 b_para_n=   0.9829606063924529     
 dxdt=  -5.5973044371292358E-002   -2917.080044782404      
    7274.183015504557     
 dudt=    936.9900260500165     
 ---------------------
 rk4
 istep=      7000001
 grad_b=  -0.8774548305924366       -5.7520351697263501E-002 
  -7.2607408194303016E-002
 bsub=   1.8151142610662689E-002  -9.6553844855855525E-002 
   0.9581336349236821     
 bsup=    0.000000000000000       -0.5087024530118536      
   0.9884261433639121     
 b_abs=   0.9979699905879079     
 g=  -1.3727088448348032E-002
 j=    0.000000000000000        -164.7369191324102      
   -71.58803055262587     
 v_perp_2=    1019619.827451511     
 b_n=  -3.3269362363370474E-004  -0.5042071170589832      
   0.9888854486907829     
 b_para_n=   0.9979699857208256     
 dxdt=   -2.357409590998238        -3535.592986740812      
    6934.923614312847     
 dudt=    21758.40444252346     
 ---------------------
 rk4
 istep=      8000001
 grad_b=   7.9564471790601082E-002  -0.1494598460532968      
  -0.2085368362916175     
 bsub=   5.5844276599807632E-002   2.6477652517892365E-002 
    1.233568032641808     
 bsup=    0.000000000000000       -0.6439711438813827      
    1.073940925619265     
 b_abs=    1.144358536900015     
 g=  -9.4113598926400064E-003
 j=    0.000000000000000         561.2232755137036      
    32.96806591135970     
 v_perp_2=    1169183.163176748     
 b_n=  -1.0608384354010550E-003  -0.6446223440231955      
    1.074002931493043     
 b_para_n=    1.144358540795332     
 dxdt=   -6.555450352725619        -3936.366136396317      
    6558.290445340543     
 dudt=    57009.65785721159     
 ---------------------
 rk4
 istep=      9000001
 grad_b=   0.6193107885032215       -7.1784367056409698E-002 
  -0.1713293456137731     
 bsub=   2.1996689434777273E-002   0.1071530096352389      
    1.458203588583825     
 bsup=    0.000000000000000       -0.6490807180971139      
    1.121306497849043     
 b_abs=    1.250773621902892     
 g=  -7.6276240991867373E-003
 j=    0.000000000000000        -878.9820271447164      
    367.5787773053418     
 v_perp_2=    1277905.542270196     
 b_n=  -5.2821761295987588E-004  -0.6546302088994580      
    1.121722280733634     
 b_para_n=    1.250773647818198     
 dxdt=   -2.986452098433359        -3653.663725033123      
    6259.962179387333     
 dudt=    59433.48126545212     
 ---------------------
 rk4
 istep=     10000001
 grad_b=   0.6347444798851006       -5.7840556054745113E-002 
  -0.1595702057972791     
 bsub=  -4.1756084165777557E-004   0.1317876146688346      
    1.596466357033868     
 bsup=    0.000000000000000       -0.7006570702662416      
    1.105119069534263     
 b_abs=    1.293458080810733     
 g=  -7.9087279649716954E-003
 j=    0.000000000000000         282.5795975049330      
   -87.52162511546862     
 v_perp_2=    1321514.570917868     
 b_n=  -3.9337873601763773E-004  -0.7062466889546534      
    1.105580382723609     
 b_para_n=    1.293458075192112     
 dxdt=   -2.150713105065780        -3809.949781978571      
    5963.606177442092     
 dudt=    53640.65274309897     
 ---------------------
 rk4
 istep=     11000001
 grad_b=   0.6551186640295723       -6.0251756840147913E-002 
  -0.1819338645959622     
 bsub=  -1.8334850333680052E-002   0.1505735941031745      
    1.727443242614277     
 bsup=    0.000000000000000       -0.7827556505855389      
    1.087983992310536     
 b_abs=    1.327316551301619     
 g=  -8.3488224664115141E-003
 j=    0.000000000000000        -634.8657967564093      
    20.88367549353573     
 v_perp_2=    1356106.049353580     
 b_n=  -3.8041566716353844E-004  -0.7883529880083073      
    1.088467847418898     
 b_para_n=    1.327316548204024     
 dxdt=   -2.026795532767744        -4142.889544566689      
    5719.498538730018     
 dudt=    58030.35613433230     
 ---------------------
 rk4
 istep=     12000001
 grad_b=   0.6751797061534943       -4.4083271566588283E-002 
  -0.1858195874772268     
 bsub=  -3.9506122263423718E-002   0.1625195778464479      
    1.849478098348404     
 bsup=    0.000000000000000       -0.8582645768665900      
    1.077581894175428     
 b_abs=    1.361289216004443     
 g=  -8.9948940163809086E-003
 j=    0.000000000000000        -589.2565686018615      
    215.1860560156624     
 v_perp_2=    1390814.119766176     
 b_n=  -2.2461801584181909E-004  -0.8636967026985267      
    1.078054445518164     
 b_para_n=    1.361289230952418     
 dxdt=   -1.166869770915191        -4423.938702337055      
    5521.437785475092     
 dudt=    60943.40900425120     
 ---------------------
 rk4
 istep=     13000001
 grad_b=   0.5295221488099802        1.3554960379284796E-002 
  -0.1110467739191654     
 bsub=  -7.1026388834208698E-002   0.1456526927672228      
    1.925603064946160     
 bsup=    0.000000000000000       -0.9503848698795152      
    1.066328113973901     
 b_abs=    1.383810910865436     
 g=  -1.0463744896253900E-002
 j=    0.000000000000000         839.6495146477200      
   -349.0675269007376     
 v_perp_2=    1413822.799207066     
 b_n=   1.5385205613700680E-004  -0.9540668720464991      
    1.066612276730138     
 b_para_n=    1.383810884552590     
 dxdt=   0.7862419908114818        -4805.989576330860      
    5372.641770951029     
 dudt=    48468.45647672991     
 ---------------------
 rk4
 istep=     14000001
 grad_b=  -0.1391495992052997        8.0536183187726096E-002 
   4.1518391214384935E-002
 bsub=  -0.1039470900650010        2.2015700407031189E-002 
    1.833050643930207     
 bsup=    0.000000000000000        -1.118504831486389      
    1.018434436664017     
 b_abs=    1.357110125701167     
 g=  -1.4036326918131916E-002
 j=    0.000000000000000        -1263.899929483991      
    889.5502060953738     
 v_perp_2=    1386541.532281153     
 b_n=   4.1396074783450792E-004   -1.117797400676552      
    1.018449473718939     
 b_para_n=    1.357110205468339     
 dxdt=    2.157108468259028        -5742.781837801996      
    5232.421508183603     
 dudt=    17991.50838687810     
 ---------------------
 rk4
 istep=     15000001
 grad_b=  -0.4496718392423742        3.7860245611018223E-002 
   3.8465318032401274E-002
 bsub=  -7.2572374953238053E-002  -0.2017300233234642      
    1.562094638170880     
 bsup=    0.000000000000000        -1.270715776697071      
   0.9251897880807333     
 b_abs=    1.304271577383588     
 g=  -1.8581213085893493E-002
 j=    0.000000000000000         196.7758161366310      
   -293.7156695627785     
 v_perp_2=    1332555.897978771     
 b_n=   1.5446763548951578E-004   -1.269100366009614      
   0.9254055572519949     
 b_para_n=    1.304271550507814     
 dxdt=   0.8375178872156803        -6787.965858737056      
    4949.766792410956     
 dudt=    4904.439548287775     
 ---------------------
 rk4
 istep=     16000001
 grad_b=  -0.4945927632260159        1.3619823463978803E-003 
   9.4786507774618500E-003
 bsub=  -2.8787650747114576E-002  -0.2423261052650558      
    1.518672106691729     
 bsup=    0.000000000000000        -1.271406517261695      
   0.9023854504554507     
 b_abs=    1.295649131169196     
 g=  -1.7348525194468924E-002
 j=    0.000000000000000         364.2797288969583      
    48.83117815632036     
 v_perp_2=    1323745.148164324     
 b_n=   1.0940435545859653E-005   -1.269524699578382      
   0.9026859284178516     
 b_para_n=    1.295649130397938     
 dxdt=   5.9713329577176961E-002   -6836.023888104858      
    4860.823013987956     
 dudt=   -2689.652619172016     
 ---------------------
 rk4
 istep=     17000001
 grad_b=  -0.5728139233874133       -6.4773936972560342E-002 
   5.8445693330627699E-002
 bsub=  -1.9701016474297454E-002  -0.2376618427209712      
    1.515428474425199     
 bsup=    0.000000000000000        -1.248565990355134      
   0.8994549723996669     
 b_abs=    1.288420599418152     
 g=  -1.7047068901163497E-002
 j=    0.000000000000000         535.5758003253718      
   -99.07275959787066     
 v_perp_2=    1316358.501008389     
 b_n=  -2.1736803726531113E-004   -1.246329830376779      
   0.8998028263485260     
 b_para_n=    1.288420584088726     
 dxdt=   -1.193058299445258        -6749.262640362570      
    4872.855086351292     
 dudt=   -52908.66453646689     
 ---------------------
 rk4
 istep=     18000001
 grad_b=  -0.6854618138884969       -0.1207778446124422      
   0.1084361155915889     
 bsub=  -1.9472746236204347E-002  -0.2221530535514108      
    1.494133150238512     
 bsup=    0.000000000000000        -1.178315526227101      
   0.8932542886369282     
 b_abs=    1.263469436063233     
 g=  -1.7485419903026041E-002
 j=    0.000000000000000         26.97392909872062      
   -312.5523359491687     
 v_perp_2=    1290864.944551188     
 b_n=  -4.0902145765191243E-004   -1.175642072635166      
   0.8936464335808089     
 b_para_n=    1.263469408878107     
 dxdt=   -2.289304125189128        -6493.853857973508      
    4936.381652971002     
 dudt=   -96702.34449689515     
 ---------------------
 rk4
 istep=     19000001
 grad_b=  -0.7947946884985586       -0.1461841049097912      
   0.1324848459970360     
 bsub=  -1.8547601595432298E-002  -0.2007595888752556      
    1.457036794001819     
 bsup=    0.000000000000000        -1.076382507893477      
   0.8849296189860825     
 b_abs=    1.226849525281871     
 g=  -1.8208885955361045E-002
 j=    0.000000000000000         190.8989989592636      
   -188.7608440978609     
 v_perp_2=    1253449.707931903     
 b_n=  -4.9675663158826129E-004   -1.073302815358626      
   0.8853476185327765     
 b_para_n=    1.226849506173043     
 dxdt=   -2.863336309216129        -6107.829396852568      
    5038.451828278700     
 dudt=   -114334.5759584169     
 ---------------------
 rk4
 istep=     20000001
 grad_b=  -0.8355906278970617       -0.1550066927309842      
   0.1339246004137368     
 bsub=  -1.3948992960865873E-002  -0.1789208352432433      
    1.409920545047188     
 bsup=    0.000000000000000       -0.9723930364554005      
   0.8782876284896767     
 b_abs=    1.188275304720699     
 g=  -1.8918294134902081E-002
 j=    0.000000000000000         313.2407613485765      
   -3.044757977253667     
 v_perp_2=    1214037.872615909     
 b_n=  -5.3227686104220383E-004  -0.9691754516122276      
   0.8786906750165242     
 b_para_n=    1.188275300796856     
 dxdt=   -3.167658129230062        -5696.588283751412      
    5164.982605157271     
 dudt=   -115364.2836853248     
 ---------------------
 rk4
 istep=     21000001
 grad_b=  -0.7259726536882671       -0.1724237473099526      
   0.1201884862656662     
 bsub=  -1.6777146905876746E-003  -0.1630602993171780      
    1.361738918427075     
 bsup=    0.000000000000000       -0.8938148976743843      
   0.8785394368707474     
 b_abs=    1.158435564533240     
 g=  -1.9472459375815827E-002
 j=    0.000000000000000        -98.30510436734161      
   -130.2783876529736     
 v_perp_2=    1183549.975909968     
 b_n=  -6.0194039830777156E-004  -0.8910502535235891      
   0.8788697358854580     
 b_para_n=    1.158435553487795     
 dxdt=   -3.674495792854572        -5373.992822771143      
    5300.754702982567     
 dudt=   -114522.9117878575     
 ---------------------
 rk4
 istep=     22000001
 grad_b=  -0.1527541598655202       -0.2046222782778575      
   0.1059477196819130     
 bsub=   3.4580094744662809E-002  -0.1583780722031684      
    1.385922768417907     
 bsup=    0.000000000000000       -0.8843332295977421      
   0.9057044330352240     
 b_abs=    1.181283336772420     
 g=  -1.9899638398739306E-002
 j=    0.000000000000000        -228.1492260719030      
    222.0023109663297     
 v_perp_2=    1206891.836349948     
 b_n=  -7.0214345658279752E-004  -0.8837664786907885      
   0.9057867376434214     
 b_para_n=    1.181283359397924     
 dxdt=   -4.203288151425160        -5225.877629847192      
    5356.136067264216     
 dudt=   -119748.5144220332     
 ---------------------
 rk4
 istep=     23000001
 grad_b=   0.6280178898339898       -8.9704118887736384E-002 
   0.1396158131441537     
 bsub=   8.9104831869657897E-002  -2.0365616176626449E-002 
    1.617288204501161     
 bsup=    0.000000000000000       -0.8214052945127237      
   0.9981620978213540     
 b_abs=    1.277137440069626     
 g=  -1.4289226485146616E-002
 j=    0.000000000000000         81.34512767480396      
    648.6853414106309     
 v_perp_2=    1304822.638781663     
 b_n=  -4.4551156391681645E-004  -0.8245476969713853      
   0.9981471193594911     
 b_para_n=    1.277137498982357     
 dxdt=   -2.466858700862101        -4505.502933813219      
    5453.807306527015     
 dudt=   -85214.19786392842     
 ---------------------
 rk4
 istep=     24000001
 grad_b=   0.7594460813934913       -1.1945613139414196E-002 
   0.1659690567210796     
 bsub=   6.2188108277169904E-002   8.4656692568917863E-002 
    1.610674775047513     
 bsup=    0.000000000000000       -0.6101322997931832      
    1.055836115105533     
 b_abs=    1.284091307826322     
 g=  -1.0284160062448026E-002
 j=    0.000000000000000        -1544.932125048059      
   -136.2332001462757     
 v_perp_2=    1311925.952582628     
 b_n=  -1.4330867183653240E-004  -0.6153536282901969      
    1.056116064531234     
 b_para_n=    1.284091288343044     
 dxdt=  -0.7892233805941610        -3344.181248263003      
    5738.899215633714     
 dudt=   -72611.94771402072     
 ---------------------
 rk4
 istep=     25000001
 grad_b=   0.7705881623895071        1.6886486694297771E-002 
   0.1607127491649550     
 bsub=   3.2064692055853654E-002   9.7764378932853613E-002 
    1.488452886910243     
 bsup=    0.000000000000000       -0.3884410313291822      
    1.090614630141258     
 b_abs=    1.259242318717469     
 g=  -8.7545261222165098E-003
 j=    0.000000000000000         937.3831434157273      
   -117.7666221492904     
 v_perp_2=    1286536.994545239     
 b_n=   4.9561869877336641E-005  -0.3944467714528390      
    1.091008026652007     
 b_para_n=    1.259242313877256     
 dxdt=   0.2783301515115104        -2186.708583343493      
    6047.072940652803     
 dudt=   -68443.14975952178     
 ---------------------
 rk4
 istep=     26000001
 grad_b=   0.7842294255944645        2.9778817280520439E-002 
   0.1611804779144043     
 bsub=   1.0707051261085860E-002   9.2392569768553201E-002 
    1.373374825117664     
 bsup=    0.000000000000000       -0.2488017664622775      
    1.115436462161532     
 b_abs=    1.228056824434043     
 g=  -8.3217276381755394E-003
 j=    0.000000000000000         2.774328995463350      
    237.3348900409580     
 v_perp_2=    1254674.221908214     
 b_n=   1.5134892897113368E-004  -0.2550599492923111      
    1.115856313656677     
 b_para_n=    1.228056844287124     
 dxdt=   0.8715271802707630        -1450.532300167697      
    6343.930210976500     
 dudt=   -71704.11532619357     
 ---------------------
 rk4
 istep=     27000001
 grad_b=   0.7022384853723445        5.1072864904006088E-002 
   0.1595967945926244     
 bsub=  -8.4842999164185529E-003   8.3000806137173616E-002 
    1.271775668317344     
 bsup=    0.000000000000000       -0.2219836900130675      
    1.130871462557589     
 b_abs=    1.191792166314501     
 g=  -8.3590036729737621E-003
 j=    0.000000000000000        -470.9495298208581      
    11.14350118523149     
 v_perp_2=    1217622.269741028     
 b_n=   3.1821306959939637E-004  -0.2274883220576117      
    1.131232836661563     
 b_para_n=    1.191792164703725     
 dxdt=    1.888145577715454        -1333.586512222960      
    6629.559777927480     
 dudt=   -72500.80784516568     
 ---------------------
 rk4
 istep=     28000001
 grad_b=   0.4476857685802094        7.9840582879938102E-002 
   0.1595378500880281     
 bsub=  -3.1934209433286023E-002   6.4349886786255361E-002 
    1.166729190907392     
 bsup=    0.000000000000000       -0.3413528858010120      
    1.138860276889035     
 b_abs=    1.143047996243227     
 g=  -8.5371895100268477E-003
 j=    0.000000000000000         86.71655256109065      
   -18.11866129446347     
 v_perp_2=    1167820.443531213     
 b_n=   5.4323444811137632E-004  -0.3448096011381848      
    1.139065796519980     
 b_para_n=    1.143047995149214     
 dxdt=    3.360765035264472        -2108.239741336756      
    6963.672471206692     
 dudt=   -69019.08688356308     
 ---------------------
 rk4
 istep=     29000001
 grad_b=  -0.3425261341112465        0.1072769706133044      
   0.1294024958641615     
 bsub=  -5.3447660248682166E-002  -2.4152544394889064E-002 
   0.9615722521990363     
 bsup=    0.000000000000000       -0.5442605746723848      
    1.123724184276681     
 b_abs=    1.046119901028240     
 g=  -9.1010892763429014E-003
 j=    0.000000000000000         203.4456935350628      
   -160.7436735741037     
 v_perp_2=    1068790.719842775     
 b_n=   7.8088029379754387E-004  -0.5418914102544213      
    1.123827081956950     
 b_para_n=    1.046119887627043     
 dxdt=    5.278534288243756        -3623.289585340873      
    7514.696476781940     
 dudt=   -42496.06685441405     
 ---------------------
 Elapsed time (seconds):     155.1391970000000     

real	2m35.149s
user	2m34.616s
sys	0m0.018s
>>> [PID 3667771] DONE  u=7000, v_perp=1000, out=gc_grid/dat246.dat
