>>> [PID 3652214] START u=7500, v_perp=-1000, out=gc_grid/dat205.dat, dt=2e-09, steps=30000000
 outer boundary:   8.3000000000000462E-002
 rk4
 istep=            1
 grad_b=  -0.5028818836068639        4.9314546929134298E-003 
  -7.9822681478493029E-003
 bsub=   8.6925176884785627E-003   4.2252264794934768E-002 
    1.020727362243177     
 bsup=    0.000000000000000        0.5003051750010010      
   0.9181486528482767     
 b_abs=   0.9787596225137529     
 g=  -1.6418770563636026E-002
 j=    0.000000000000000         576.0999473869077      
    59.08849489584681     
 v_perp_2=    999999.9238673201     
 b_n=   2.6792622840133188E-005   0.5028654808015185      
   0.9180424510454440     
 b_para_n=   0.9787596312267365     
 dxdt=   0.2071303717723737         3853.511803526983      
    7034.731600396710     
 dudt=    2537.487800760295     
 ---------------------
 rk4
 istep=      1000001
 grad_b=   0.6045823475956260       -9.9199670896152586E-002 
   0.1831107017909039     
 bsub=   2.9772166236072085E-002   8.8886513930092059E-003 
    1.282286519980856     
 bsup=    0.000000000000000        0.2563452274549414      
   0.9894157095723169     
 b_abs=    1.127523651533750     
 g=  -1.3462021962564521E-002
 j=    0.000000000000000         12.70263670541141      
   -145.8642143183502     
 v_perp_2=    1151991.008267909     
 b_n=  -5.8982823679399493E-004   0.2528208359329143      
   0.9894538221370140     
 b_para_n=    1.127523637056026     
 dxdt=   -3.958312455443411         1679.185846748485      
    6572.699409891771     
 dudt=   -70562.86306982464     
 ---------------------
 rk4
 istep=      2000001
 grad_b=   0.7624489896219805       -6.7371549808446889E-003 
   0.1666261228766697     
 bsub=   6.0084752520894950E-002   8.9667686228598303E-002 
    1.614119223806616     
 bsup=    0.000000000000000       -0.6177612956840800      
    1.059502209094879     
 b_abs=    1.286406248118240     
 g=  -1.0074570641025299E-002
 j=    0.000000000000000        -1699.617441061534      
   -87.77482752516637     
 v_perp_2=    1314319.800968261     
 b_n=  -1.2115446904867947E-004  -0.6234901376315530      
    1.059824954189438     
 b_para_n=    1.286406230645555     
 dxdt=  -0.7126533371976239        -3625.290334843723      
    6161.720886322714     
 dudt=   -71759.38518065025     
 ---------------------
 rk4
 istep=      3000001
 grad_b=   0.6119448237764051        5.5680947892144922E-002 
   0.1820233337262305     
 bsub=   2.8297560821292939E-002   0.1763940844750050      
    1.940026781049977     
 bsup=    0.000000000000000       -0.9874933770247678      
    1.076578723241574     
 b_abs=    1.383498541885433     
 g=  -8.4893533938223721E-003
 j=    0.000000000000000         57.39133250827439      
    18.00481612327441     
 v_perp_2=    1413517.227475262     
 b_n=   3.6521553967493533E-004  -0.9931800040248461      
    1.077090445998792     
 b_para_n=    1.383498544197683     
 dxdt=    1.997524938616129        -5364.629843252103      
    5817.482768899371     
 dudt=   -52055.20945761252     
 ---------------------
 rk4
 istep=      4000001
 grad_b=   0.4095737822722378        2.8030478225904321E-002 
   7.6320625755014748E-002
 bsub=  -7.1226953732332048E-003   0.1923566541661493      
    2.165813517516720     
 bsup=    0.000000000000000        -1.557707006581345      
    1.078798237912524     
 b_abs=    1.428018434472376     
 g=  -7.0801955412405203E-003
 j=    0.000000000000000         283.6133951073169      
   -440.7509372859450     
 v_perp_2=    1459001.421061028     
 b_n=   2.4910806575001671E-004   -1.562510786629876      
    1.079225676139400     
 b_para_n=    1.428018391133522     
 dxdt=    1.320012092091654        -8173.136440916126      
    5644.984907783228     
 dudt=   -13833.96194500555     
 ---------------------
 rk4
 istep=      5000001
 grad_b=   0.5013680073951984        1.0471423149002720E-002 
  -7.9598119418038099E-002
 bsub=  -5.1782316053942762E-002   0.1720583703943226      
    2.009199187323080     
 bsup=    0.000000000000000        -1.042193982080771      
    1.073813962701143     
 b_abs=    1.406527096305972     
 g=  -9.4589844949247992E-003
 j=    0.000000000000000         76.01895059014805      
    180.6116079569431     
 v_perp_2=    1437042.153389679     
 b_n=   1.4507304941184767E-004   -1.046384055448735      
    1.074176532859056     
 b_para_n=    1.406527114970813     
 dxdt=   0.7804794324965005        -5558.183895795729      
    5705.542672818677     
 dudt=    35007.51603627577     
 ---------------------
 rk4
 istep=      6000001
 grad_b=   0.6579115384824985        6.9109206653666211E-002 
  -0.1447406196138841     
 bsub=  -9.1461438558150296E-002   9.0758410795824147E-003 
    1.659586628007586     
 bsup=    0.000000000000000       -0.8539422051263652      
    1.012107958006916     
 b_abs=    1.293013478433088     
 g=  -1.3375960859913749E-002
 j=    0.000000000000000         272.1838430786228      
    555.6286993889878     
 v_perp_2=    1321064.295226329     
 b_n=   4.0584985498863312E-004  -0.8577157619991271      
    1.012151003735837     
 b_para_n=    1.293013532803791     
 dxdt=    2.375087788047782        -4961.136354768244      
    5854.108067489620     
 dudt=    81192.93040350747     
 ---------------------
 rk4
 istep=      7000001
 grad_b=  -0.4242315283868627        0.1197616066452612      
  -8.9401613260583213E-002
 bsub=  -1.8011228276522739E-002  -1.3007578653263931E-002 
    1.147358487928729     
 bsup=    0.000000000000000       -0.2698100476045834      
   0.9092144293751578     
 b_abs=    1.022958049950137     
 g=  -2.0194556457365842E-002
 j=    0.000000000000000        -66.96951401813772      
   -107.0476268577657     
 v_perp_2=    1045148.962656427     
 b_n=   5.0566048424470315E-004  -0.2679975884659714      
   0.9092429048011310     
 b_para_n=    1.022958038464304     
 dxdt=    3.740308093790730        -1963.960088744138      
    6663.603205253410     
 dudt=    56728.90640086243     
 ---------------------
 rk4
 istep=      8000001
 grad_b=  -0.3262610018998180       -2.0191938245276202E-002 
   3.7670008789657428E-002
 bsub=  -3.0950071735079458E-002   7.1336590300439193E-003 
   0.9821447302655582     
 bsup=    0.000000000000000       -3.1138196764011750E-002 
   0.9958845349124319     
 b_abs=   0.9888216890595416     
 g=  -1.6367312566833245E-002
 j=    0.000000000000000        -552.6678002462654      
    19.21617643777171     
 v_perp_2=    1010271.008200589     
 b_n=  -9.8537959840893461E-005  -2.9573079042681350E-002 
   0.9958700632322102     
 b_para_n=   0.9888216905649937     
 dxdt=  -0.7540333128577199        -224.1783510372688      
    7552.769759697897     
 dudt=   -19705.82922926200     
 ---------------------
 rk4
 istep=      9000001
 grad_b=   0.2019475126761687       -3.9678354244079839E-003 
   0.1076466726729565     
 bsub=  -2.4981941733994231E-002   3.3054140742150871E-002 
    1.023809041026026     
 bsup=    0.000000000000000        0.2868492608291606      
    1.071807638966506     
 b_abs=    1.052282886066766     
 g=  -1.3025434977418853E-002
 j=    0.000000000000000         17.38871548171642      
   -240.5994910645598     
 v_perp_2=    1075107.588678574     
 b_n=  -4.1427839168838484E-005   0.2857106390488493      
    1.071843366532679     
 b_para_n=    1.052282864198643     
 dxdt=  -0.2978976194000266         2034.925324214322      
    7634.315248232108     
 dudt=   -55458.50996147675     
 ---------------------
 rk4
 istep=     10000001
 grad_b=   0.7062974040006114        1.5862308757336695E-002 
   0.1527075043369586     
 bsub=   3.2850514130053354E-004   6.6337710069580766E-002 
    1.202474119105555     
 bsup=    0.000000000000000        0.2127968803629382      
    1.103134778703998     
 b_abs=    1.158020727958706     
 g=  -9.5107688124902116E-003
 j=    0.000000000000000        -143.8306008454956      
   -98.44225039943635     
 v_perp_2=    1183137.512557973     
 b_n=   5.4931427545931323E-005   0.2075808517312224      
    1.103422510864630     
 b_para_n=    1.158020718569034     
 dxdt=   0.3589351300204086         1341.865321771904      
    7134.767606712104     
 dudt=   -75801.32739830308     
 ---------------------
 rk4
 istep=     11000001
 grad_b=   0.7430087810690469        4.3327588884706843E-002 
   0.1594150639158931     
 bsub=   9.2500069302662614E-003   0.1139922174467821      
    1.490532687585813     
 bsup=    0.000000000000000       -0.4993599262678348      
    1.113312902405554     
 b_abs=    1.266065264782648     
 g=  -8.1254635502028081E-003
 j=    0.000000000000000         428.9636129999502      
   -305.2499147767785     
 v_perp_2=    1293523.885329034     
 b_n=   2.7884605877788856E-004  -0.5060052461994358      
    1.113819368241976     
 b_para_n=    1.266065239868973     
 dxdt=    1.666573668859661        -2990.129731323302      
    6580.912876525734     
 dudt=   -62880.84211305785     
 ---------------------
 rk4
 istep=     12000001
 grad_b=   0.4614354622613085        6.8581469559072225E-002 
   0.1929869639257396     
 bsub=  -2.0117199389510614E-002   0.1479175996738726      
    1.804612911922211     
 bsup=    0.000000000000000        -1.198621723784868      
    1.080290438142451     
 b_abs=    1.331619972981703     
 g=  -7.5839215264640273E-003
 j=    0.000000000000000        -1067.375716971651      
    215.2884070899883     
 v_perp_2=    1360498.752443744     
 b_n=   5.5375907208335341E-004   -1.203487243878844      
    1.080695429790275     
 b_para_n=    1.331619985764442     
 dxdt=    3.146731525995367        -6756.902824917909      
    6067.225100274529     
 dudt=   -48443.69920251573     
 ---------------------
 rk4
 istep=     13000001
 grad_b=   0.1070313212356921        0.1318724073460830      
   0.2427008560801473     
 bsub=  -6.3871963620205446E-002   7.9068119626203484E-002 
    1.846013245292823     
 bsup=    0.000000000000000        -1.416969746097122      
    1.034208722098249     
 b_abs=    1.340442528540475     
 g=  -1.1784104789934954E-002
 j=    0.000000000000000         1114.181257256717      
   -526.0243418482250     
 v_perp_2=    1369511.124913203     
 b_n=   8.2825240097074719E-004   -1.417756678236367      
    1.034271050263624     
 b_para_n=    1.340442480248282     
 dxdt=    4.675564879145091        -7906.541806144874      
    5767.885166950375     
 dudt=   -24445.32860241881     
 ---------------------
 rk4
 istep=     14000001
 grad_b=  -0.3602622871654223        5.6596120589999722E-002 
   1.2725757780801296E-002
 bsub=  -6.7980343843489902E-002  -0.2101098082796377      
    1.548638687295040     
 bsup=    0.000000000000000        -1.266547437791397      
   0.9226521285819064     
 b_abs=    1.301763146436324     
 g=  -1.8519031706563625E-002
 j=    0.000000000000000        -40.99367981908154      
   -311.0376495777803     
 v_perp_2=    1329991.674042305     
 b_n=   2.2515694099287738E-004   -1.265158790942458      
   0.9228503922866294     
 b_para_n=    1.301763118991972     
 dxdt=    1.308793464588616        -7267.600052034489      
    5301.320505071252     
 dudt=    23521.96408864524     
 ---------------------
 rk4
 istep=     15000001
 grad_b=  -0.9202830556257289        0.1402815959958180      
  -0.1205337282378669     
 bsub=   3.9039017367161000E-003  -0.1187739246750927      
    1.279193256918103     
 bsup=    0.000000000000000       -0.7717786408712327      
   0.8751766788706772     
 b_abs=    1.100383844659365     
 g=  -2.0228061358827411E-002
 j=    0.000000000000000        -758.0643276461526      
    119.5697606782930     
 v_perp_2=    1124244.054338852     
 b_n=   5.2840081335476694E-004  -0.7680132420754137      
   0.8755247029979140     
 b_para_n=    1.100383864424025     
 dxdt=    3.633526850038179        -5228.586174795328      
    5960.833916339516     
 dudt=    99233.63482242510     
 ---------------------
 rk4
 istep=     16000001
 grad_b=  -0.8922874727007449        1.9545453240014016E-002 
  -4.8748771114190945E-002
 bsub=  -1.5492082459914246E-002  -5.7259061064683509E-002 
    1.045090209158789     
 bsup=    0.000000000000000       -0.5262353963920930      
   0.9204630446784104     
 b_abs=   0.9961086116339264     
 g=  -1.9042288005438026E-002
 j=    0.000000000000000         446.1141510832393      
   -630.2526449049241     
 v_perp_2=    1017706.540687309     
 b_n=   7.3222308419373426E-005  -0.5223603946663997      
   0.9206763713458105     
 b_para_n=   0.9961085436543666     
 dxdt=   0.5562140625490286        -3932.125045132941      
    6930.971954893167     
 dudt=    28286.54001301121     
 ---------------------
 rk4
 istep=     17000001
 grad_b=  -0.4326925882905195        1.0828220651503675E-003 
   2.6102067131266796E-002
 bsub=  -3.3064332588925903E-002  -4.1778236646336224E-002 
   0.9292294289577635     
 bsup=    0.000000000000000       -0.2634888419670284      
    1.038661680527462     
 b_abs=   0.9879823025142336     
 g=  -1.5517922072059626E-002
 j=    0.000000000000000         795.7226561696498      
   -140.3299687594206     
 v_perp_2=    1009402.880960360     
 b_n=   1.0859839052687473E-005  -0.2614106997229801      
    1.038755482832209     
 b_para_n=   0.9879822859858892     
 dxdt=   8.3172384600070023E-002   -1984.121121900283      
    7884.778265093585     
 dudt=   -13870.44614476303     
 ---------------------
 rk4
 istep=     18000001
 grad_b=   3.4992107929392724E-002   3.3922869867463054E-002 
   9.1476085518628653E-002
 bsub=  -3.8298886054143555E-002   5.2419688790896236E-003 
   0.9638462861843572     
 bsup=    0.000000000000000        9.4312488468344058E-002 
    1.109858230289475     
 b_abs=    1.034378015928188     
 g=  -1.2370950018053719E-002
 j=    0.000000000000000         354.8163531779748      
   -2.527101646549211     
 v_perp_2=    1056803.267847117     
 b_n=   1.9088010044837977E-004   9.4091937817289459E-002 
    1.109867014428740     
 b_para_n=    1.034378015875153     
 dxdt=    1.396329643782488         681.8760344023267      
    8043.286980102540     
 dudt=   -51719.53871935201     
 ---------------------
 rk4
 istep=     19000001
 grad_b=   0.4287155497124161        6.9940841707025705E-002 
   0.1476222885214728     
 bsub=  -3.0373139298175318E-002   5.6579828988590736E-002 
    1.121058234291964     
 bsup=    0.000000000000000       -0.1782353060494505      
    1.135770996259373     
 b_abs=    1.123563420726398     
 g=  -9.2000684275216574E-003
 j=    0.000000000000000        -103.2826611712345      
    136.9620190753284     
 v_perp_2=    1147920.801112181     
 b_n=   4.7265116374340895E-004  -0.1815081937309979      
    1.135948996173240     
 b_para_n=    1.123563432247053     
 dxdt=    3.183120971734954        -1210.230868784736      
    7572.711481627818     
 dudt=   -70562.73125266693     
 ---------------------
 rk4
 istep=     20000001
 grad_b=   0.2192409216089694        0.1385759413770944      
   0.2057508733295804     
 bsub=  -5.3103231475222015E-002   4.4105117920435866E-002 
    1.269322502786702     
 bsup=    0.000000000000000       -0.6496368005249147      
    1.088318964373360     
 b_abs=    1.163771725849373     
 g=  -8.8924786160523087E-003
 j=    0.000000000000000         249.7415948462582      
   -248.7803952674711     
 v_perp_2=    1188999.445611813     
 b_n=   1.0849858119403144E-003  -0.6515177713050451      
    1.088429693453755     
 b_para_n=    1.163771703699564     
 dxdt=    7.054527250184867        -4191.815811465516      
    7002.667065526243     
 dudt=   -58774.81625389220     
 ---------------------
 rk4
 istep=     21000001
 grad_b=   -1.061914321302152        9.5297995787668954E-002 
   0.2255115763812203     
 bsub=  -3.5708432748350609E-002  -7.5228517862750782E-002 
    1.247526308461782     
 bsup=    0.000000000000000       -0.9220081253060892      
   0.8894977690838348     
 b_abs=    1.085925125062511     
 g=  -1.7224894649627939E-002
 j=    0.000000000000000         51.45756630994731      
    489.6639504838311     
 v_perp_2=    1109464.299785542     
 b_n=   5.2425586990610413E-004  -0.9169268818066542      
   0.8898192291039855     
 b_para_n=    1.085925175765289     
 dxdt=    3.653018983699607        -6326.292942142275      
    6139.623096177766     
 dudt=   -53028.46085947455     
 ---------------------
 rk4
 istep=     22000001
 grad_b=   -1.107945681338315       -0.1100806531598577      
   0.1600194298708400     
 bsub=  -3.8474329863058793E-002  -0.1696014259223082      
    1.438122563369528     
 bsup=    0.000000000000000        -1.025019904100834      
   0.8764869172577481     
 b_abs=    1.197763573660771     
 g=  -1.9941843204739261E-002
 j=    0.000000000000000         470.3669067093093      
   -26.99211658530373     
 v_perp_2=    1223725.597059136     
 b_n=  -3.5902040758603972E-004   -1.020675585294817      
   0.8769896420393880     
 b_para_n=    1.197763565526502     
 dxdt=   -2.268094336696543        -6378.114517307661      
    5480.522393280089     
 dudt=   -107940.7273975792     
 ---------------------
 rk4
 istep=     23000001
 grad_b=  -0.5410821860593763        0.1011517416016804      
  -8.1333625317868113E-002
 bsub=   4.9940574565557694E-003  -0.2335910478014686      
    1.504015990132472     
 bsup=    0.000000000000000        -1.217733454973352      
   0.8974547915916364     
 b_abs=    1.278353463476728     
 g=  -1.6941937884781755E-002
 j=    0.000000000000000         33.61482924669758      
   -192.4914429798050     
 v_perp_2=    1306060.711342562     
 b_n=   3.7627060416854543E-004   -1.215434622584205      
   0.8978105621953238     
 b_para_n=    1.278353445584400     
 dxdt=    2.227234831839390        -7111.276916977627      
    5253.059196403553     
 dudt=    78390.39915646202     
 ---------------------
 rk4
 istep=     24000001
 grad_b=   -1.150464315679564        9.9949909095450526E-002 
  -0.1401465362527973     
 bsub=   1.8151100043880677E-002  -0.1179030214626395      
    1.300784013048265     
 bsup=    0.000000000000000       -0.8128756296835582      
   0.8693023886572085     
 b_abs=    1.107560432452239     
 g=  -2.0343755307074753E-002
 j=    0.000000000000000        -392.6419767420948      
    340.8199444805914     
 v_perp_2=    1131564.373503228     
 b_n=   3.5640111857919410E-004  -0.8081840460546640      
   0.8697226939071804     
 b_para_n=    1.107560471761002     
 dxdt=    2.434899282613142        -5466.007014008910      
    5882.585506650890     
 dudt=    93664.55496289553     
 ---------------------
 rk4
 istep=     25000001
 grad_b=   -1.030202133101551        5.4421102282469283E-003 
  -6.9176146035259456E-002
 bsub=  -5.7008411321470154E-003  -7.2431077002419492E-002 
    1.060436928278066     
 bsup=    0.000000000000000       -0.5840034009855962      
   0.9104637319300564     
 b_abs=    1.003815906032677     
 g=  -1.8703176305918563E-002
 j=    0.000000000000000         1149.346423258050      
   -827.0544753391955     
 v_perp_2=    1025570.133017839     
 b_n=   3.1654936361636135E-006  -0.5794544606246848      
   0.9107743665239805     
 b_para_n=    1.003815812090214     
 dxdt=   2.3861234003832651E-002   -4328.094285597145      
    6803.316070858706     
 dudt=    33668.75167467411     
 ---------------------
 rk4
 istep=     26000001
 grad_b=  -0.6288020278065198        2.5955520380586405E-003 
   5.9095500200857798E-003
 bsub=  -2.0195518867251152E-002  -7.5386918426283908E-002 
   0.9039468947526236     
 bsup=    0.000000000000000       -0.3924940804314680      
    1.037667647349388     
 b_abs=   0.9833877321798958     
 g=  -1.4637402591275486E-002
 j=    0.000000000000000        -364.3949026922193      
    227.7413190860861     
 v_perp_2=    1004698.089626659     
 b_n=   1.5473962529636841E-005  -0.3893442543829490      
    1.037930706583982     
 b_para_n=   0.9833877559692595     
 dxdt=   0.1190642845261895        -2969.071921494573      
    7915.669864833050     
 dudt=   -2656.235549604417     
 ---------------------
 rk4
 istep=     27000001
 grad_b=  -0.5971304670299055        2.8617095126799302E-002 
   2.6468237596664751E-002
 bsub=  -1.8167556044371466E-002  -8.4461797497610458E-002 
   0.8220886590443465     
 bsup=    0.000000000000000       -0.2266843232018004      
    1.160185624368064     
 b_abs=   0.9869931758247082     
 g=  -9.8466535645420905E-003
 j=    0.000000000000000         455.2222135557021      
   -200.2079042897003     
 v_perp_2=    1008380.610190495     
 b_n=   2.1070599394713908E-004  -0.2226731118035637      
    1.160602369998416     
 b_para_n=   0.9869931552760618     
 dxdt=    1.615353721543294        -1691.657377505645      
    8818.599487279789     
 dudt=   -12535.98605889791     
 ---------------------
 rk4
 istep=     28000001
 grad_b=  -0.6456235445277829       -1.0071775317505333E-002 
  -1.1778010741689396E-002
 bsub=   1.0262775901022890E-002  -9.0089888238969740E-002 
   0.8397178198669775     
 bsup=    0.000000000000000       -0.3698761098940593      
    1.111397741785393     
 b_abs=   0.9827067650855582     
 g=  -1.1229437519669254E-002
 j=    0.000000000000000        -579.0870663221226      
    230.3770455573851     
 v_perp_2=    1004000.353899312     
 b_n=  -6.8866208867674554E-005  -0.3659546678767784      
    1.111819328259122     
 b_para_n=   0.9827067901622802     
 dxdt=  -0.5302576684865892        -2792.592815811097      
    8485.111476198475     
 dudt=    4868.016128995685     
 ---------------------
 rk4
 istep=     29000001
 grad_b=  -0.8302867865639042        8.5557959721069519E-003 
   2.9977908716416226E-002
 bsub=   1.1891796935998560E-002  -7.8524519963993650E-002 
   0.9697802376979952     
 bsup=    0.000000000000000       -0.4634930918796567      
   0.9668274491612198     
 b_abs=   0.9872562891042939     
 g=  -1.6838345490434014E-002
 j=    0.000000000000000         700.3191681535354      
   -8.625522105605057     
 v_perp_2=    1008647.380400423     
 b_n=   5.0917297507915222E-005  -0.4596421528531885      
   0.9671386344190203     
 b_para_n=   0.9872562826955997     
 dxdt=   0.3902476847423849        -3491.284129748917      
    7346.626446312416     
 dudt=   -12944.95244666554     
 ---------------------
 Elapsed time (seconds):     152.6281380000000     

real	2m32.639s
user	2m32.391s
sys	0m0.017s
>>> [PID 3652214] DONE  u=7500, v_perp=-1000, out=gc_grid/dat205.dat
