>>> [PID 3603504] START u=1500, v_perp=-9000, out=gc_grid/dat25.dat, dt=2e-09, steps=30000000
 outer boundary:   8.3000000000000462E-002
 rk4
 istep=            1
 grad_b=  -0.5028825059443491        4.9320703936083579E-003 
  -7.9835673493806186E-003
 bsub=   8.6923510288436541E-003   4.2252358735168180E-002 
    1.020726994310722     
 bsup=    0.000000000000000        0.5003171068579135      
   0.9181485425870626     
 b_abs=   0.9787596821249681     
 g=  -1.6418710024250171E-002
 j=    0.000000000000000         576.0999779129904      
    59.09756274016767     
 v_perp_2=    80999998.76654567     
 b_n=   5.3592258560534597E-006   0.5008291704229249      
   0.9181273020672502     
 b_para_n=   0.9787596838677564     
 dxdt=   0.1560525039560862         781.6723279863940      
    1406.492142304455     
 dudt=    205571.3706366584     
 ---------------------
 rk4
 istep=      1000001
 grad_b=  -0.4774030056945180        2.4724936713435331E-002 
  -4.7447598266372792E-002
 bsub=   5.2829658657647782E-003   4.1048384884670164E-002 
    1.018167893627305     
 bsup=    0.000000000000000        0.8315266794802451      
   0.9203177541974661     
 b_abs=   0.9855738861649018     
 g=  -1.4711152814725070E-002
 j=    0.000000000000000         57.17476300978663      
    104.9802273752008     
 v_perp_2=    81563927.10364535     
 b_n=  -2.5782662413664033E-005   0.8310648400922431      
   0.9203365056018524     
 b_para_n=   0.9855738842452361     
 dxdt=   0.8555838086441999        -1080.206409379102      
   -1213.136383071080     
 dudt=    970155.2463009404     
 ---------------------
 Particle has exited the domain at step       1871415  s =  
   8.3000001587634306E-002
 Elapsed time (seconds):     9.627921000000001     

real	0m9.638s
user	0m9.612s
sys	0m0.008s
>>> [PID 3603504] DONE  u=1500, v_perp=-9000, out=gc_grid/dat25.dat
