>>> [PID 3659854] START u=6500, v_perp=0, out=gc_grid/dat224.dat, dt=2e-09, steps=30000000
 outer boundary:   8.3000000000000462E-002
 rk4
 istep=            1
 grad_b=  -0.5028819904479107        4.9315562792654061E-003 
  -7.9824836184329562E-003
 bsub=   8.6924897728720141E-003   4.2252280508537604E-002 
    1.020727300980935     
 bsup=    0.000000000000000        0.5003071679591673      
   0.9181486342049333     
 b_abs=   0.9787596324482553     
 g=  -1.6418760469634551E-002
 j=    0.000000000000000         576.0999444337147      
    59.08999239264815     
 v_perp_2=    0.000000000000000     
 b_n=   2.3220773806135123E-005   0.5025261013016936      
   0.9180565925310485     
 b_para_n=   0.9787596399996443     
 dxdt=   0.1542105166289173         3337.305222824876      
    6096.867512287269     
 dudt=    0.000000000000000     
 ---------------------
 rk4
 istep=      1000001
 grad_b=  -0.4663325985387202       -4.4717050995130708E-003 
   7.3391546284986009E-003
 bsub=  -2.7739328785008576E-002   6.1856183316718709E-003 
    1.002954893133568     
 bsup=    0.000000000000000       -0.1166929491202020      
   0.9585474576210963     
 b_abs=   0.9803341136339654     
 g=  -1.7721223802353737E-002
 j=    0.000000000000000         332.9693255980027      
   -333.3054986520349     
 v_perp_2=    0.000000000000000     
 b_n=  -1.8088239626582601E-005  -0.1148263000255833      
   0.9585354161088733     
 b_para_n=   0.9803340840939140     
 dxdt=  -0.1199321328110873        -761.3434667592261      
    6355.466269915807     
 dudt=   -0.000000000000000     
 ---------------------
 rk4
 istep=      2000001
 grad_b=   -1.043391370954428        9.3208585051754778E-002 
  -0.1095020706379349     
 bsub=   6.0602267604297193E-004  -8.4446425394566593E-002 
    1.192068816273701     
 bsup=    0.000000000000000       -0.6949755710965270      
   0.8778337628171835     
 b_abs=    1.051195834054594     
 g=  -2.0323398089704230E-002
 j=    0.000000000000000        -183.1936813634812      
    320.0790273608385     
 v_perp_2=    0.000000000000000     
 b_n=   3.0843728285197313E-004  -0.6912096616979777      
   0.8781004109644411     
 b_para_n=    1.051195864756945     
 dxdt=    1.907201508066607        -4274.049158360878      
    5429.675727071643     
 dudt=    0.000000000000000     
 ---------------------
 rk4
 istep=      3000001
 grad_b=  -0.5329602770202115        9.8218748609919512E-002 
  -7.8171903926395364E-002
 bsub=   4.8740253164293867E-003  -0.2356961364558590      
    1.503786593418674     
 bsup=    0.000000000000000        -1.220173203386278      
   0.8971459232152812     
 b_abs=    1.279324899611330     
 g=  -1.6934253203182516E-002
 j=    0.000000000000000         59.05987898778727      
   -168.3516792881800     
 v_perp_2=    0.000000000000000     
 b_n=   3.1717380434940655E-004   -1.218207774068969      
   0.8974529350916288     
 b_para_n=    1.279324885666676     
 dxdt=    1.611498182650293        -6189.475886980752      
    4559.783166459463     
 dudt=    0.000000000000000     
 ---------------------
 rk4
 istep=      4000001
 grad_b=   -1.110951529046786       -0.1132423655399310      
   0.1438881759810965     
 bsub=  -2.1050083371861386E-002  -0.1334606647108106      
    1.337301881585961     
 bsup=    0.000000000000000       -0.8518050871427189      
   0.8688362064135643     
 b_abs=    1.129420765422141     
 g=  -2.0255362344283618E-002
 j=    0.000000000000000         118.5536034468965      
    326.8709957335544     
 v_perp_2=    0.000000000000000     
 b_n=  -3.4802250120231416E-004  -0.8479029953238839      
   0.8692201748711801     
 b_para_n=    1.129420793645104     
 dxdt=   -2.002925986969098        -4879.819373448753      
    5002.503202042197     
 dudt=   -0.000000000000000     
 ---------------------
 rk4
 istep=      5000001
 grad_b=  -0.8203580537706154       -7.9776759526683227E-003 
   3.4261181284975989E-002
 bsub=   1.8640909329397944E-002  -5.7812345904169032E-002 
    1.012240196486942     
 bsup=    0.000000000000000       -0.4777475746493507      
   0.9391353262586750     
 b_abs=   0.9891216375481195     
 g=  -1.8531566371732543E-002
 j=    0.000000000000000         144.8518238548422      
   -460.5895780469245     
 v_perp_2=    0.000000000000000     
 b_n=  -2.2858293512509924E-005  -0.4746306888027850      
   0.9393137222374897     
 b_para_n=   0.9891215960957512     
 dxdt=  -0.1502129853576986        -3119.029540347283      
    6172.688189847834     
 dudt=   -0.000000000000000     
 ---------------------
 rk4
 istep=      6000001
 grad_b=  -5.1496662361403600E-002   7.2608505731761863E-003 
  -7.6298246813019138E-002
 bsub=   3.3051253271688230E-002   1.0686372241577789E-002 
   0.9760123665172926     
 bsup=    0.000000000000000        0.1004614906598443      
    1.056386799879186     
 b_abs=    1.015742445071953     
 g=  -1.4380333242463956E-002
 j=    0.000000000000000        -104.9991872209989      
    45.09668299266508     
 v_perp_2=    0.000000000000000     
 b_n=   3.6216991816730836E-005   0.1006802845084605      
    1.056383181563324     
 b_para_n=    1.015742448624481     
 dxdt=   0.2317619462763848         644.2793152843142      
    6760.070615794602     
 dudt=    0.000000000000000     
 ---------------------
 rk4
 istep=      7000001
 grad_b=   0.5859812807378018        8.0549417025799097E-002 
  -0.1837825765572792     
 bsub=  -2.4091333509823218E-002   1.8651228000161113E-002 
    1.247686608506558     
 bsup=    0.000000000000000        0.4615560612021360      
   0.9999477414869735     
 b_abs=    1.120836871657488     
 g=  -1.2501447973561045E-002
 j=    0.000000000000000        -397.5269131486887      
   -73.89459249739230     
 v_perp_2=    0.000000000000000     
 b_n=   4.4998500569708199E-004   0.4584096168516027      
    1.000003459160827     
 b_para_n=    1.120836864881931     
 dxdt=    2.609570249403906         2658.426576511021      
    5799.258293694764     
 dudt=    0.000000000000000     
 ---------------------
 rk4
 istep=      8000001
 grad_b=  -3.4651804029284250E-005   0.2030232007594255      
  -0.1099981824430343     
 bsub=  -4.2234581664815626E-002  -0.1392832221845886      
    1.393608298941734     
 bsup=    0.000000000000000       -0.8218031168524186      
   0.9164903930733275     
 b_abs=    1.179658273484071     
 g=  -1.9723626437305498E-002
 j=    0.000000000000000        -543.7417032541534      
    391.7763381147325     
 v_perp_2=    0.000000000000000     
 b_n=   6.6300875582396026E-004  -0.8217915268922797      
   0.9165116768300826     
 b_para_n=    1.179658311660899     
 dxdt=    3.653224726393955        -4528.128926823781      
    5050.043593562212     
 dudt=    0.000000000000000     
 ---------------------
 rk4
 istep=      9000001
 grad_b=  -0.6164259428083252       -3.6501509647987068E-002 
   5.3921556198943392E-002
 bsub=  -4.4053457838592193E-002  -0.2319885673712121      
    1.523313275517440     
 bsup=    0.000000000000000        -1.265531397090041      
   0.9030889612448756     
 b_abs=    1.291986245825940     
 g=  -1.8153865003052078E-002
 j=    0.000000000000000         357.6816675994032      
    11.08043044462437     
 v_perp_2=    0.000000000000000     
 b_n=  -9.6703501665590253E-005   -1.263429555986610      
   0.9034062555393534     
 b_para_n=    1.291986242442181     
 dxdt=  -0.4865166053457155        -6356.330929956075      
    4545.048908497634     
 dudt=   -0.000000000000000     
 ---------------------
 rk4
 istep=     10000001
 grad_b=   -1.273517837822010       -5.7017712547942370E-002 
   0.1515222286931696     
 bsub=  -2.2154637247799151E-002  -0.1034319998895376      
    1.271604611547573     
 bsup=    0.000000000000000       -0.8132081864988414      
   0.8650269949341334     
 b_abs=    1.088386206090260     
 g=  -2.0579985511486511E-002
 j=    0.000000000000000         382.6853138011398      
   -329.0979279633308     
 v_perp_2=    0.000000000000000     
 b_n=  -1.5852202005152118E-004  -0.8087004608226120      
   0.8653908620638989     
 b_para_n=    1.088386173047214     
 dxdt=  -0.9467164834059216        -4829.676382813574      
    5168.239676976609     
 dudt=   -0.000000000000000     
 ---------------------
 rk4
 istep=     11000001
 grad_b=  -0.7529391335898815        2.6468306758354876E-003 
   1.8647365182626933E-002
 bsub=   1.9169146507510493E-002  -6.7185900159459785E-002 
   0.9675085180468147     
 bsup=    0.000000000000000       -0.4352845569525343      
   0.9721589752304932     
 b_abs=   0.9849748133525988     
 g=  -1.7258424780826714E-002
 j=    0.000000000000000         78.07183385424042      
   -77.89119508265054     
 v_perp_2=    0.000000000000000     
 b_n=   1.5488224024337958E-005  -0.4323245885030126      
   0.9723642077964461     
 b_para_n=   0.9849748062529764     
 dxdt=   0.1022091687209512        -2852.976347648679      
    6416.780724291547     
 dudt=   -0.000000000000000     
 ---------------------
 rk4
 istep=     12000001
 grad_b=   1.4719588277078977E-002  -2.3102985585363174E-002 
  -8.6849968537035555E-002
 bsub=   3.6865172800020260E-002   5.7404800805160826E-003 
   0.9649789508783564     
 bsup=    0.000000000000000        0.1015129641754484      
    1.096630384739153     
 b_abs=    1.028757796924536     
 g=  -1.2996582329305928E-002
 j=    0.000000000000000         262.6473952859403      
    9.244743629217410     
 v_perp_2=    0.000000000000000     
 b_n=  -1.0775014600114813E-004   0.1014269363394837      
    1.096635013788381     
 b_para_n=    1.028757797766559     
 dxdt=  -0.6807977062511549         640.8457730652790      
    6928.868588019156     
 dudt=    0.000000000000000     
 ---------------------
 rk4
 istep=     13000001
 grad_b=   0.7770479587518820       -8.1384806485913092E-003 
  -0.1604724458905993     
 bsub=  -1.4191013055353431E-002   6.9990322938041125E-002 
    1.274048815250499     
 bsup=    0.000000000000000        0.1829573264165228      
    1.094632825893911     
 b_abs=    1.186075273296580     
 g=  -9.1988697444936388E-003
 j=    0.000000000000000        -1628.757956991555      
    222.2821788988560     
 v_perp_2=    0.000000000000000     
 b_n=   4.5332422653758323E-006   0.1777670036662685      
    1.094918018174288     
 b_para_n=    1.186075283574334     
 dxdt=   2.4843342689128901E-002    974.2092595915130      
    6000.434556468723     
 dudt=    0.000000000000000     
 ---------------------
 rk4
 istep=     14000001
 grad_b=   0.6898617826413151        1.1937558678298127E-003 
  -0.1615477065527413     
 bsub=  -7.2729261915919885E-002   0.1196629092360936      
    1.810467696735852     
 bsup=    0.000000000000000       -0.8855978874310607      
    1.061010295660935     
 b_abs=    1.347007568184021     
 g=  -1.0465338610521647E-002
 j=    0.000000000000000         572.6444925536314      
    101.5642027357807     
 v_perp_2=    0.000000000000000     
 b_n=   7.6966875879082839E-005  -0.8900284708953774      
    1.061306235911038     
 b_para_n=    1.347007580071071     
 dxdt=   0.3714045122059687        -4294.842246184475      
    5121.344998710228     
 dudt=    0.000000000000000     
 ---------------------
 rk4
 istep=     15000001
 grad_b=  -3.8954250370811433E-002   0.1280651245802961      
   0.1917924178469587     
 bsub=  -7.3816980513309607E-002   8.1823881834265533E-002 
    1.884224692835939     
 bsup=    0.000000000000000        -1.251845805227634      
    1.036591827347365     
 b_abs=    1.360400773344282     
 g=  -1.2637911080215789E-002
 j=    0.000000000000000         748.8626834497221      
   -209.3827217938218     
 v_perp_2=    0.000000000000000     
 b_n=   6.5593318636496213E-004   -1.251673522442900      
    1.036610031773092     
 b_para_n=    1.360400757957242     
 dxdt=    3.134051261316822        -5980.500854833075      
    4952.926677755408     
 dudt=   -0.000000000000000     
 ---------------------
 rk4
 istep=     16000001
 grad_b=  -0.6325391610739282        0.1533180545249855      
   0.2838102724042236     
 bsub=  -4.9935511795892958E-002  -4.4038056112070192E-002 
    1.339435841813443     
 bsup=    0.000000000000000        -1.075213124637536      
   0.9306852592290659     
 b_abs=    1.137465210025036     
 g=  -1.4526026967948795E-002
 j=    0.000000000000000         527.4359224879655      
    52.45015782788396     
 v_perp_2=    0.000000000000000     
 b_n=   7.8824367670560171E-004   -1.072198899640648      
   0.9308137502612024     
 b_para_n=    1.137465213130917     
 dxdt=    4.504387333730890        -6127.038231332774      
    5319.098383715981     
 dudt=   -0.000000000000000     
 ---------------------
 rk4
 istep=     17000001
 grad_b=  -0.7905434828612573        1.3704303563328551E-002 
   2.1890706523745931E-002
 bsub=   5.4213093964405575E-003  -9.1862630981688689E-002 
   0.9176051815962741     
 bsup=    0.000000000000000       -0.4579122906875610      
    1.008745876717655     
 b_abs=   0.9841064469081358     
 g=  -1.4598532751077028E-002
 j=    0.000000000000000        -166.7596800090361      
    228.4435069498215     
 v_perp_2=    0.000000000000000     
 b_n=   7.0154404068873392E-005  -0.4544227579663641      
    1.009094825117512     
 b_para_n=   0.9841064667554633     
 dxdt=   0.4633681840859070        -3001.451597528555      
    6665.047517560596     
 dudt=   -0.000000000000000     
 ---------------------
 rk4
 istep=     18000001
 grad_b=   2.2454124759823724E-002  -4.9677383377911465E-002 
  -9.5936403689033875E-002
 bsub=   4.0017766087504479E-002   2.9539384624323387E-003 
   0.9591110527112940     
 bsup=    0.000000000000000        5.3244559842684724E-002 
    1.124937567820461     
 b_abs=    1.038767286920338     
 g=  -1.1536397114814821E-002
 j=    0.000000000000000         360.7331679098213      
   -4.956666334070434     
 v_perp_2=    0.000000000000000     
 b_n=  -2.5872586202397636E-004   5.3105974005011596E-002 
    1.124948789359005     
 b_para_n=    1.038767286628244     
 dxdt=   -1.618955587843519         332.3062205328307      
    7039.273593769251     
 dudt=    0.000000000000000     
 ---------------------
 rk4
 istep=     19000001
 grad_b=   0.7500483092702306       -4.1813377222262207E-002 
  -0.1610055708163697     
 bsub=   7.9071441733265246E-004   8.7635182624084942E-002 
    1.312081225732735     
 bsup=    0.000000000000000       -0.2184632546577233      
    1.126204630094838     
 b_abs=    1.207630520519250     
 g=  -8.2881023697871578E-003
 j=    0.000000000000000        -654.2562948758763      
    160.2130952243701     
 v_perp_2=    0.000000000000000     
 b_n=  -2.2926824328525620E-004  -0.2240005319721121      
    1.126574616649307     
 b_para_n=    1.207630529476874     
 dxdt=   -1.234022778473242        -1205.669633451090      
    6063.721336518866     
 dudt=    0.000000000000000     
 ---------------------
 rk4
 istep=     20000001
 grad_b=   0.6111440952428063       -7.1026828892089458E-002 
  -0.1973012128805238     
 bsub=  -1.8903910305232908E-002   0.1687632850542325      
    1.859953741082205     
 bsup=    0.000000000000000       -0.9293813661027162      
    1.079670238845542     
 b_abs=    1.360371710958299     
 g=  -8.2607827076888775E-003
 j=    0.000000000000000        -415.7893737864904      
    58.45503446095248     
 v_perp_2=    0.000000000000000     
 b_n=  -4.3951299589163563E-004  -0.9344209426473845      
    1.080123040107126     
 b_para_n=    1.360371712738506     
 dxdt=   -2.100039604281878        -4464.762145767662      
    5160.942185840551     
 dudt=    0.000000000000000     
 ---------------------
 rk4
 istep=     21000001
 grad_b=   0.4174959661688771        4.5831494127254527E-002 
   0.1103709795483223     
 bsub=  -1.6699146283589490E-002   0.1853628813345940      
    2.148020718803693     
 bsup=    0.000000000000000        -1.582912045158202      
    1.078464773079485     
 b_abs=    1.422657273766657     
 g=  -7.2192975988471329E-003
 j=    0.000000000000000        -444.5370435842862      
    75.05825571405397     
 v_perp_2=    0.000000000000000     
 b_n=   3.6294748903210324E-004   -1.587094193467898      
    1.078828494295901     
 b_para_n=    1.422657277094698     
 dxdt=    1.658276182670266        -7251.298273754693      
    4929.075558692397     
 dudt=   -0.000000000000000     
 ---------------------
 rk4
 istep=     22000001
 grad_b=   0.5209133810696633        6.5852352409532758E-002 
   0.1642340674607720     
 bsub=  -2.0370426486353590E-002   0.1327770707196782      
    1.669261154798413     
 bsup=    0.000000000000000       -0.9891313121181247      
    1.094265036187524     
 b_abs=    1.302655249523154     
 g=  -7.5861923781820172E-003
 j=    0.000000000000000         953.7889561758195      
    242.1976078612494     
 v_perp_2=    0.000000000000000     
 b_n=   4.6547121112487937E-004  -0.9937421363300833      
    1.094637493430558     
 b_para_n=    1.302655276259364     
 dxdt=    2.322612073548545        -4958.582676372979      
    5462.031158181845     
 dudt=   -0.000000000000000     
 ---------------------
 rk4
 istep=     23000001
 grad_b=   0.1546922413005885        0.1134625439056640      
   0.1733749728323529     
 bsub=  -5.0389563715965466E-002   3.5804498710248787E-002 
    1.120442204574245     
 bsup=    0.000000000000000       -0.5558964079897759      
    1.126444866528579     
 b_abs=    1.114413785916659     
 g=  -8.4322538270242848E-003
 j=    0.000000000000000        -193.3401089555649      
   -2.555857946077374     
 v_perp_2=    0.000000000000000     
 b_n=   7.8518774552676610E-004  -0.5570786139608346      
    1.126517956250992     
 b_para_n=    1.114413785243314     
 dxdt=    4.579735474835021        -3249.251793807305      
    6570.599549818681     
 dudt=   -0.000000000000000     
 ---------------------
 rk4
 istep=     24000001
 grad_b=  -0.6722243428070324       -3.6612008237811175E-002 
  -3.3974324530858281E-002
 bsub=   2.3576289108561740E-002  -8.5519009083733916E-002 
   0.8185372942977285     
 bsup=    0.000000000000000       -0.2959791224875991      
    1.164027694450571     
 b_abs=   0.9885026648824555     
 g=  -9.4304606016986578E-003
 j=    0.000000000000000        -450.3070314706619      
    20.70278604010151     
 v_perp_2=    0.000000000000000     
 b_n=  -2.4258858389626301E-004  -0.2919246248424617      
    1.164458292733493     
 b_para_n=   0.9885026697321126     
 dxdt=   -1.595165945027781        -1919.580107952801      
    7657.014123005776     
 dudt=    0.000000000000000     
 ---------------------
 rk4
 istep=     25000001
 grad_b=   0.4875438350175873       -9.2622544009520025E-002 
  -0.1824115780111981     
 bsub=   3.7317520403284087E-002   7.7356371601371085E-002 
    1.298784118040573     
 bsup=    0.000000000000000       -0.5711172734972010      
    1.125375566604495     
 b_abs=    1.190859422310723     
 g=  -7.8755226794586537E-003
 j=    0.000000000000000         287.2474291800022      
    115.7841821167226     
 v_perp_2=    0.000000000000000     
 b_n=  -6.4651204372971486E-004  -0.5750140145752960      
    1.125626244417519     
 b_para_n=    1.190859432710814     
 dxdt=   -3.528819748840695        -3138.566141455802      
    6143.941415536165     
 dudt=    0.000000000000000     
 ---------------------
 rk4
 istep=     26000001
 grad_b=   0.4349651171802221       -7.1915450353752769E-002 
  -0.2072505713363553     
 bsub=   2.0096259989356869E-002   0.1563939607354075      
    1.876841754257667     
 bsup=    0.000000000000000        -1.300556075162713      
    1.076713584789565     
 b_abs=    1.348203396798025     
 g=  -7.5168193477162006E-003
 j=    0.000000000000000        -1707.092923937347      
    270.6688580443579     
 v_perp_2=    0.000000000000000     
 b_n=  -5.1044369809609012E-004   -1.304639913095629      
    1.077059357614376     
 b_para_n=    1.348203408129028     
 dxdt=   -2.460966956187261        -6289.970329395582      
    5192.751911381783     
 dudt=    0.000000000000000     
 ---------------------
 rk4
 istep=     27000001
 grad_b=   0.4428483470731942        1.0414065823601205E-002 
   4.4309576065853146E-002
 bsub=   1.6091871849854795E-002   0.1878400119360712      
    2.137697059485083     
 bsup=    0.000000000000000        -1.424175325445573      
    1.075964968404693     
 b_abs=    1.425963931953656     
 g=  -7.4254161176846249E-003
 j=    0.000000000000000         1174.932793585112      
   -68.50643281539976     
 v_perp_2=    0.000000000000000     
 b_n=   6.2777457177870728E-005   -1.428435610701931      
    1.076338850322493     
 b_para_n=    1.425963935074118     
 dxdt=   0.2861597419256962        -6511.266688578594      
    4906.296965170132     
 dudt=   -0.000000000000000     
 ---------------------
 rk4
 istep=     28000001
 grad_b=   0.6760488302441616        5.1777500562783296E-002 
   0.1712516234755563     
 bsub=   1.8410197806613404E-002   0.1404129471748344      
    1.660330592208022     
 bsup=    0.000000000000000       -0.7000457998435494      
    1.093957567914742     
 b_abs=    1.310920723937002     
 g=  -8.3420147372265108E-003
 j=    0.000000000000000        -303.8254432164650      
   -74.95055591300778     
 v_perp_2=    0.000000000000000     
 b_n=   2.9371741510081340E-004  -0.7053551168597297      
    1.094403309603142     
 b_para_n=    1.310920715627922     
 dxdt=    1.456352909367834        -3497.395536534909      
    5426.431535955279     
 dudt=   -0.000000000000000     
 ---------------------
 rk4
 istep=     29000001
 grad_b=   0.5881620663454047        4.6559669697284436E-002 
   0.1509802720918965     
 bsub=  -1.6552263159516342E-002   6.6679515691342242E-002 
    1.168046811170502     
 bsup=    0.000000000000000       -3.2371184128586972E-002 
    1.125916230355194     
 b_abs=    1.146230095909494     
 g=  -9.2516859190530376E-003
 j=    0.000000000000000         664.8839697401777      
   -108.0738095813927     
 v_perp_2=    0.000000000000000     
 b_n=   2.4791998653878207E-004  -3.6228399605268975E-002 
    1.126139932683329     
 b_para_n=    1.146230090582700     
 dxdt=    1.405895662434467        -205.4426937217613      
    6386.073461673368     
 dudt=   -0.000000000000000     
 ---------------------
 Elapsed time (seconds):     154.1826040000000     

real	2m34.194s
user	2m33.825s
sys	0m0.016s
>>> [PID 3659854] DONE  u=6500, v_perp=0, out=gc_grid/dat224.dat
