>>> [PID 3662710] START u=500, v_perp=1000, out=gc_grid/dat233.dat, dt=2e-09, steps=30000000
 outer boundary:   8.3000000000000462E-002
 rk4
 istep=            1
 grad_b=  -0.5028826198082026        4.9321696475409169E-003 
  -7.9837804184320904E-003
 bsub=   8.6923227994812058E-003   4.2252374574105987E-002 
    1.020726933188741     
 bsup=    0.000000000000000        0.5003191096192376      
   0.9181485233417651     
 b_abs=   0.9787596920611579     
 g=  -1.6418699920812879E-002
 j=    0.000000000000000         576.0999547966752      
    59.09902919824091     
 v_perp_2=    999999.9949239860     
 b_n=   1.7864458384130654E-006   0.5004897975586441      
   0.9181414431616701     
 b_para_n=   0.9787596926420974     
 dxdt=   2.7378209060877701E-003    255.8499162470764      
    469.0258999379093     
 dudt=    2537.989059042445     
 ---------------------
 rk4
 istep=      1000001
 grad_b=  -0.4811926320981023       -0.1014306905099207      
   7.8471830668722820E-002
 bsub=   1.7911416651167560E-002  -7.3657628157879386E-003 
    1.126022388636866     
 bsup=    0.000000000000000       -0.2527903423315539      
   0.9090291951589041     
 b_abs=    1.012510792226763     
 g=  -2.0124799992567523E-002
 j=    0.000000000000000         224.1360356739909      
    29.64201282180954     
 v_perp_2=    1034483.535014282     
 b_n=  -2.6749688020421164E-005  -0.2526624626768853      
   0.9090304573427324     
 b_para_n=    1.012510792415637     
 dxdt=  -4.1700331955554330E-002   -115.7053479815661      
    416.7930303517357     
 dudt=   -48927.04844216828     
 ---------------------
 rk4
 istep=      2000001
 grad_b=  -0.1906039039474085       -0.2060931681187163      
   0.1105416358358863     
 bsub=   2.9721042155781391E-002  -0.1229565832122727      
    1.335679017581219     
 bsup=    0.000000000000000       -0.7420131050940464      
   0.9061823048947847     
 b_abs=    1.140816501418766     
 g=  -2.0343007667673579E-002
 j=    0.000000000000000        -161.5801344501025      
    329.1541949571887     
 v_perp_2=    1165573.629058006     
 b_n=  -3.0044390976569488E-005  -0.7419834988458274      
   0.9061857000011502     
 b_para_n=    1.140816502767450     
 dxdt=  -6.0474617004568236E-002   -188.9286728583599      
    230.8084467962802     
 dudt=   -113334.2408477349     
 ---------------------
 rk4
 istep=      3000001
 grad_b=   9.2937272868558463E-003  -0.1936887108186856      
   9.9531545996663501E-002
 bsub=   4.9336550268462509E-002  -0.1718923373226166      
    1.441463973318692     
 bsup=    0.000000000000000       -0.9761092740236441      
   0.9170275303209365     
 b_abs=    1.220457640871557     
 g=  -1.9317737435122100E-002
 j=    0.000000000000000        -17.51143485605127      
    106.2806357510035     
 v_perp_2=    1246943.076273490     
 b_n=  -5.2684375589729227E-006  -0.9761094446193714      
   0.9170276903634161     
 b_para_n=    1.220457640947784     
 dxdt=  -4.8916752917417705E-002   -44.22151171585863      
    41.54487843832955     
 dudt=   -117340.4564471812     
 ---------------------
 rk4
 istep=      4000001
 grad_b=  -5.2915935853070195E-002  -0.2029381505257485      
   0.1056391101364411     
 bsub=   4.1267659292392608E-002  -0.1568774059101802      
    1.403914608349244     
 bsup=    0.000000000000000       -0.8897495915539645      
   0.9121922529088436     
 b_abs=    1.191716307487871     
 g=  -1.9721326041149054E-002
 j=    0.000000000000000        -355.0395321850600      
    263.9812787251007     
 v_perp_2=    1217578.019750617     
 b_n=   1.8047304732749676E-005  -0.8897548805013352      
   0.9121911308084377     
 b_para_n=    1.191716306777311     
 dxdt=  -5.3928791403157532E-002    134.4515283183980      
   -137.8233192511860     
 dudt=   -118709.8794459254     
 ---------------------
 rk4
 istep=      5000001
 grad_b=  -0.3796307461138021       -0.1714730487395538      
   0.1046158733987134     
 bsub=   2.0325179458137985E-002  -6.0964749745730379E-002 
    1.226411310939855     
 bsup=    0.000000000000000       -0.5195804877187418      
   0.9039293509164865     
 b_abs=    1.067705876007125     
 g=  -2.0693739865902349E-002
 j=    0.000000000000000        -455.5830818076257      
   -231.0014641723633     
 v_perp_2=    1090876.402221904     
 b_n=   3.6072672210310401E-005  -0.5196632221269906      
   0.9039246413945430     
 b_para_n=    1.067705877182589     
 dxdt=  -5.9673089391009369E-002    194.2560668189774      
   -337.7070515918474     
 dudt=   -87873.01411650717     
 ---------------------
 rk4
 istep=      6000001
 grad_b=  -0.4655132240213863       -3.1046215085727330E-002 
   3.2233731371753171E-002
 bsub=   1.5035643965649131E-002   2.9559858259974293E-002 
    1.049370155519993     
 bsup=    0.000000000000000        0.1147856182564505      
   0.9199097425401338     
 b_abs=   0.9842336164280867     
 g=  -1.8420766770596828E-002
 j=    0.000000000000000        -616.4060457626722      
    422.8979647641399     
 v_perp_2=    1005592.688381032     
 b_n=   9.7186566491060422E-006   0.1146438991690877      
   0.9199135927161221     
 b_para_n=   0.9842336135729736     
 dxdt=  -1.4924161671930242E-002   -57.43861777398594      
   -462.0720314796303     
 dudt=   -13540.79785023844     
 ---------------------
 rk4
 istep=      7000001
 grad_b=  -0.4307389668323996        3.3339540428755240E-002 
  -5.8153587555207997E-002
 bsub=   2.7831191240757849E-003   4.0413271569738216E-002 
    1.023009137380892     
 bsup=    0.000000000000000        0.9355399743624687      
   0.9171270326700667     
 b_abs=   0.9879423577694095     
 g=  -1.4456637743446157E-002
 j=    0.000000000000000        -24.20664852914717      
    5.061457251089820     
 v_perp_2=    1009381.913769806     
 b_n=  -1.3258944698871565E-005   0.9353797739076708      
   0.9171333973231839     
 b_para_n=   0.9879423577416623     
 dxdt=   2.0391520166607887E-002   -464.2634163248637      
   -455.3772794019854     
 dudt=    11450.21277569573     
 ---------------------
 rk4
 istep=      8000001
 grad_b=  -9.2638470154953634E-002   0.1279882677215776      
  -0.1229771913824819     
 bsub=  -1.5303838593156514E-002   4.3043261953541016E-003 
    1.165632856333682     
 bsup=    0.000000000000000        3.1743637545774528E-002 
   0.9254530459175190     
 b_abs=    1.038669684370909     
 g=  -1.8418194556189250E-002
 j=    0.000000000000000        -361.1006118411622      
   -296.0154519680059     
 v_perp_2=    1061210.083737532     
 b_n=  -3.4249480493215315E-005   3.1718506718477299E-002 
   0.9254526906846187     
 b_para_n=    1.038669686206047     
 dxdt=   5.4595204369031751E-002   -13.23903770593548      
   -387.1379017129819     
 dudt=    53976.94486674985     
 ---------------------
 rk4
 istep=      9000001
 grad_b=   0.2046466229109576        0.1874878651818372      
  -0.1301296147088963     
 bsub=  -4.3551142937040689E-002  -8.4458806806773423E-002 
    1.370313118320428     
 bsup=    0.000000000000000       -0.5719847219268298      
   0.9337034925408429     
 b_abs=    1.152489123160155     
 g=  -1.8852664745040906E-002
 j=    0.000000000000000         452.7168258577416      
    308.6594826438808     
 v_perp_2=    1177499.536699673     
 b_n=  -2.7664683355539067E-005  -0.5719538148048919      
   0.9337045173930402     
 b_para_n=    1.152489122134852     
 dxdt=   5.8950063761345248E-002    133.5684508435214      
   -218.1458174276217     
 dudt=    101392.1249793441     
 ---------------------
 rk4
 istep=     10000001
 grad_b=   0.3061340129664221        0.1723708534792386      
  -0.1190184704695277     
 bsub=  -6.4471190926633365E-002  -0.1171461199538861      
    1.474697324969030     
 bsup=    0.000000000000000       -0.8253590292561179      
   0.9440528697146389     
 b_abs=    1.220137529828949     
 g=  -1.8096521982661897E-002
 j=    0.000000000000000        -643.5117515841393      
   -537.9202477466977     
 v_perp_2=    1246615.993642202     
 b_n=  -5.4270877445346850E-006  -0.8253490042135223      
   0.9440534291202687     
 b_para_n=    1.220137530197722     
 dxdt=   4.7917771993526141E-002    39.26193898465864      
   -45.01432509907745     
 dudt=    106608.1832009906     
 ---------------------
 rk4
 istep=     11000001
 grad_b=   0.2800266937261200        0.1795092504485150      
  -0.1226209904356122     
 bsub=  -5.7799488873086724E-002  -0.1099309124738780      
    1.443615023189598     
 bsup=    0.000000000000000       -0.7508913551907788      
   0.9401571839973522     
 b_abs=    1.199929548124152     
 g=  -1.8374687738562802E-002
 j=    0.000000000000000        -448.9278699360150      
   -283.7374032407058     
 v_perp_2=    1225969.473790201     
 b_n=   1.5058624691291833E-005  -0.7509157012861750      
   0.9401559325421570     
 b_para_n=    1.199929547614248     
 dxdt=   5.1570077261571839E-002   -97.09035647078018      
    121.4537818809924     
 dudt=    106465.3725701835     
 ---------------------
 rk4
 istep=     12000001
 grad_b=   9.2322235006566417E-002   0.1786182051511642      
  -0.1363688150215790     
 bsub=  -2.9608837674907178E-002  -4.6491625062299605E-002 
    1.283184878209658     
 bsup=    0.000000000000000       -0.3462997257845610      
   0.9289722461445012     
 b_abs=    1.099358778691647     
 g=  -1.9051248366214496E-002
 j=    0.000000000000000         315.9404600004925      
   -22.63119089458942     
 v_perp_2=    1123216.192209197     
 b_n=   3.6054413793170597E-005  -0.3463182367751929      
   0.9289724072569486     
 b_para_n=    1.099358778522282     
 dxdt=   6.3404909634023759E-002   -112.1942581097617      
    300.8815760627563     
 dudt=    87610.07482171562     
 ---------------------
 rk4
 istep=     13000001
 grad_b=  -0.2542285352919000        7.5504801336183369E-002 
  -9.4470255548605081E-002
 bsub=  -5.6140349263030381E-003   3.1280817142087379E-002 
    1.083578217849711     
 bsup=    0.000000000000000        0.4343529268932940      
   0.9219006293432105     
 b_abs=    1.006461698628655     
 g=  -1.6862385635948045E-002
 j=    0.000000000000000         175.6780780571304      
   -332.0035952248714     
 v_perp_2=    1028303.129003433     
 b_n=   2.4445968225182447E-005   0.4344325223820370      
   0.9218984562189111     
 b_para_n=    1.006461696463897     
 dxdt=   3.7959335040167339E-002    203.3243324064659      
    431.2839001449359     
 dudt=    27559.29910262898     
 ---------------------
 rk4
 istep=     14000001
 grad_b=  -0.5017865404467512        9.1514781294221720E-003 
  -1.6620300207462232E-002
 bsub=   7.7772239437919020E-003   4.2620195514964376E-002 
    1.018797235572516     
 bsup=    0.000000000000000        0.5732107517483614      
   0.9175914883734850     
 b_abs=   0.9792990051302476     
 g=  -1.6046961797871146E-002
 j=    0.000000000000000         483.6927580417290      
    129.0142978182443     
 v_perp_2=    1000550.971925351     
 b_n=   3.4060058509615784E-006   0.5733842794999281      
   0.9175842040422908     
 b_para_n=   0.9792990061712837     
 dxdt=   5.2208459912727158E-003    292.6071167266585      
    467.9663308992826     
 dudt=    5219.059346981837     
 ---------------------
 rk4
 istep=     15000001
 grad_b=  -0.4894929576337870       -8.9527236162604384E-002 
   7.1458371279351174E-002
 bsub=   1.7729811034423552E-002  -6.6220358141487815E-004 
    1.111833600557328     
 bsup=    0.000000000000000       -0.2055368867771014      
   0.9103609181541675     
 b_abs=    1.006011812101528     
 g=  -1.9952936574962943E-002
 j=    0.000000000000000         551.1987348603446      
    124.5782041986416     
 v_perp_2=    1027843.478276946     
 b_n=  -2.4294134607885539E-005  -0.2054036819031426      
   0.9103613856612125     
 b_para_n=    1.006011812947324     
 dxdt=  -3.7713148183370522E-002   -96.09099163738912      
    426.5213709210186     
 dudt=   -42377.78502452734     
 ---------------------
 rk4
 istep=     16000001
 grad_b=  -0.2206214682171829       -0.2046608982806082      
   0.1106490959066576     
 bsub=   2.7771278804444587E-002  -0.1157391262594083      
    1.321586604902724     
 bsup=    0.000000000000000       -0.7148985077936196      
   0.9051166249038304     
 b_abs=    1.130816892110197     
 g=  -2.0447776332615471E-002
 j=    0.000000000000000        -75.58786785240872      
    272.7596940449500     
 v_perp_2=    1155356.970462602     
 b_n=  -3.1715755740342164E-005  -0.7148622414873842      
   0.9051204684190436     
 b_para_n=    1.130816893277963     
 dxdt=  -6.1293641630000742E-002   -194.4195278866360      
    246.2462745020337     
 dudt=   -111340.1298662210     
 ---------------------
 rk4
 istep=     17000001
 grad_b=   2.0454582550208933E-003  -0.1948373418064923      
   9.9949638353107578E-002
 bsub=   4.8445519455031366E-002  -0.1714470585441791      
    1.438220209002638     
 bsup=    0.000000000000000       -0.9703406528856424      
   0.9163163834448245     
 b_abs=    1.218241488699711     
 g=  -1.9358496747429382E-002
 j=    0.000000000000000        -108.0090439461843      
    132.5820657824638     
 v_perp_2=    1244678.781327297     
 b_n=  -6.9880538244771729E-006  -0.9703406024947647      
   0.9163166249543950     
 b_para_n=    1.218241488834889     
 dxdt=  -4.9356251043328546E-002   -58.10235416732839      
    54.86951414422695     
 dudt=   -117683.7230218594     
 ---------------------
 rk4
 istep=     18000001
 grad_b=  -4.3137150961537973E-002  -0.2017014924519671      
   0.1044750785189277     
 bsub=   4.2634971120656250E-002  -0.1607786135661168      
    1.411389392688864     
 bsup=    0.000000000000000       -0.9084305623956963      
   0.9128107760623546     
 b_abs=    1.197642764777559     
 g=  -1.9648279250513954E-002
 j=    0.000000000000000        -315.4644301570876      
    239.3664333557403     
 v_perp_2=    1223633.039941593     
 b_n=   1.6146963029349087E-005  -0.9084345001495531      
   0.9128098392376279     
 b_para_n=    1.197642764199278     
 dxdt=  -5.2988192995136865E-002    123.1799549288048      
   -123.7578370748340     
 dudt=   -118834.9764875752     
 ---------------------
 rk4
 istep=     19000001
 grad_b=  -0.3589886322322572       -0.1799371687494928      
   0.1065878754235457     
 bsub=   2.1044972580309435E-002  -7.0668717221189531E-002 
    1.242781120890916     
 bsup=    0.000000000000000       -0.5564282542128651      
   0.9034882936566893     
 b_abs=    1.077901762315168     
 g=  -2.0710030678166964E-002
 j=    0.000000000000000        -358.2363559341908      
   -187.4874430739345     
 v_perp_2=    1101293.508582056     
 b_n=   3.6229064634092114E-005  -0.5565034279211921      
   0.9034834063178790     
 b_para_n=    1.077901763221377     
 dxdt=  -6.0955039221701271E-002    199.1915029425731      
   -323.2192817589411     
 dudt=   -93090.88632025273     
 ---------------------
 rk4
 istep=     20000001
 grad_b=  -0.4695368469959502       -3.8775248110051716E-002 
   3.7033335839146836E-002
 bsub=   1.5827034668013079E-002   2.5717886873226081E-002 
    1.056840788554099     
 bsup=    0.000000000000000        5.8434446600980072E-002 
   0.9188685330330651     
 b_abs=   0.9862435155092358     
 g=  -1.8709032353333776E-002
 j=    0.000000000000000        -208.8471073045319      
    469.8435805074148     
 v_perp_2=    1007646.164624009     
 b_n=   1.1867083886174793E-005   5.8293845278567527E-002 
   0.9188717737529518     
 b_para_n=   0.9862435122410821     
 dxdt=  -1.8237979545622091E-002   -28.95212123426538      
   -458.6684706654357     
 dudt=   -16452.45374421861     
 ---------------------
 rk4
 istep=     21000001
 grad_b=  -0.4553656056571941        2.9495791323645888E-002 
  -5.3172268672767184E-002
 bsub=   3.6850176579814394E-003   4.0793372339683678E-002 
    1.019683593958275     
 bsup=    0.000000000000000        0.9257652741587750      
   0.9170789907278935     
 b_abs=   0.9864411548940909     
 g=  -1.4465482628772286E-002
 j=    0.000000000000000         29.49911571485097      
    11.32357705125658     
 v_perp_2=    1007848.092817386     
 b_n=  -1.1793250459646302E-005   0.9255955248880220      
   0.9170858242397483     
 b_para_n=   0.9864411548093267     
 dxdt=   1.8125977159841874E-002   -461.5600702769605      
   -457.4982938636147     
 dudt=    11111.98200273731     
 ---------------------
 rk4
 istep=     22000001
 grad_b=  -0.1169435855192399        0.1190885236932135      
  -0.1191769416046304     
 bsub=  -1.3539737558573448E-002   1.0096286637385266E-002 
    1.150837242101230     
 bsup=    0.000000000000000        9.5306032543949870E-002 
   0.9251885026751974     
 b_abs=    1.032335282948211     
 g=  -1.8207245224509592E-002
 j=    0.000000000000000        -381.9499708279316      
   -258.1089754072916     
 v_perp_2=    1054738.176325954     
 b_n=  -3.2938163072495728E-005   9.5273586855918288E-002 
   0.9251884012708509     
 b_para_n=    1.032335284588394     
 dxdt=   5.2177881561078117E-002   -40.74372681243231      
   -396.0207557320965     
 dudt=    48946.19323001335     
 ---------------------
 rk4
 istep=     23000001
 grad_b=   0.1955912045524561        0.1873232166292414      
  -0.1316331206947264     
 bsub=  -4.1326105483091215E-002  -7.8804944055303250E-002 
    1.357734052667581     
 bsup=    0.000000000000000       -0.5375325570061935      
   0.9330971454301225     
 b_abs=    1.144445948746138     
 g=  -1.8889007868092531E-002
 j=    0.000000000000000         578.3867679454104      
    323.2424696785053     
 v_perp_2=    1169281.769446366     
 b_n=  -2.9309221929527371E-005  -0.5375013083302271      
   0.9330980661042384     
 b_para_n=    1.144445947624577     
 dxdt=   5.9976243516936055E-002    133.3789002318959      
   -231.6439315890690     
 dudt=    99772.91450781551     
 ---------------------
 rk4
 istep=     24000001
 grad_b=   0.3058193148432497        0.1729558046108336      
  -0.1196304549678953     
 bsub=  -6.3820508254787120E-002  -0.1160069860138891      
    1.471796833640397     
 bsup=    0.000000000000000       -0.8157313332949855      
   0.9438575470417248     
 b_abs=    1.218062519263015     
 g=  -1.8111045195130831E-002
 j=    0.000000000000000        -582.9689543526188      
   -537.3897724822276     
 v_perp_2=    1244495.903274076     
 b_n=  -6.9517296264816098E-006  -0.8157185525695182      
   0.9438582533686161     
 b_para_n=    1.218062519738491     
 dxdt=   4.8291243836783203E-002    49.59568215321837      
   -57.49326125761291     
 dudt=    106526.4116311060     
 ---------------------
 rk4
 istep=     25000001
 grad_b=   0.2887678102845133        0.1778295207965055      
  -0.1220380153812521     
 bsub=  -5.9348537811080106E-002  -0.1113508498886590      
    1.451059765995822     
 bsup=    0.000000000000000       -0.7660347018407621      
   0.9412159306025925     
 b_abs=    1.204605734528154     
 g=  -1.8298544519697660E-002
 j=    0.000000000000000        -418.7440578004062      
   -375.7305065139630     
 v_perp_2=    1230747.090193789     
 b_n=   1.3363868798180151E-005  -0.7660572137368359      
   0.9412147491573319     
 b_para_n=    1.204605733901396     
 dxdt=   5.0740796621060694E-002   -88.32266976597712      
    108.4113044506120     
 dudt=    106481.5693132508     
 ---------------------
 rk4
 istep=     26000001
 grad_b=   0.1162557642311320        0.1819633832389097      
  -0.1360956005775933     
 bsub=  -3.1918224611137899E-002  -5.3470721494362258E-002 
    1.299488610686121     
 bsup=    0.000000000000000       -0.3871166534206240      
   0.9298642591426660     
 b_abs=    1.108849849878549     
 g=  -1.9030245441014455E-002
 j=    0.000000000000000         437.3032816807787      
    88.04011863370896     
 v_perp_2=    1132913.186516520     
 b_n=   3.5062384563233773E-005  -0.3871390996037722      
   0.9298641970295618     
 b_para_n=    1.108849850211570     
 dxdt=   6.3165632790437673E-002   -119.5006037429888      
    286.9463047364245     
 dudt=    90754.60405681880     
 ---------------------
 rk4
 istep=     27000001
 grad_b=  -0.2284998106369794        8.3917695649665308E-002 
  -0.1000378725351773     
 bsub=  -7.0179936417193722E-003   2.8109361853819917E-002 
    1.095840630225633     
 bsup=    0.000000000000000        0.3633126489443249      
   0.9226773275644347     
 b_abs=    1.010804264505344     
 g=  -1.7176684319057351E-002
 j=    0.000000000000000         152.4456906180607      
   -312.3766637724589     
 v_perp_2=    1032739.892790230     
 b_n=   2.6332671657842037E-005   0.3633824188131656      
   0.9226757046704497     
 b_para_n=    1.010804262478047     
 dxdt=   4.1002939836946257E-002    167.6428278503541      
    425.4712330221635     
 dudt=    31240.35239240702     
 ---------------------
 rk4
 istep=     28000001
 grad_b=  -0.4992072851659440        1.3186641670527955E-002 
  -2.5339372214125133E-002
 bsub=   6.9105654567626004E-003   4.2642719088003385E-002 
    1.017525664328613     
 bsup=    0.000000000000000        0.6518571222731008      
   0.9171294136377965     
 b_abs=   0.9802431867547966     
 g=  -1.5660823972675115E-002
 j=    0.000000000000000         279.4754353819197      
    178.8084991355575     
 v_perp_2=    1001515.603545230     
 b_n=   5.0243556193283428E-006   0.6520330947968342      
   0.9171220060880070     
 b_para_n=   0.9802431880769322     
 dxdt=   7.7040520867702068E-003    331.7580773672697      
    466.3755480105044     
 dudt=    7631.505385709229     
 ---------------------
 rk4
 istep=     29000001
 grad_b=  -0.4925159722231808       -7.7834553265473519E-002 
   6.3774334713119107E-002
 bsub=   1.7530396969979462E-002   5.6080294704572049E-003 
    1.098360168499428     
 bsup=    0.000000000000000       -0.1561966641659622      
   0.9118772630666075     
 b_abs=    1.000256574425797     
 g=  -1.9755266112032779E-002
 j=    0.000000000000000         800.1854518525599      
    226.2356462514354     
 v_perp_2=    1021963.304507941     
 b_n=  -2.1698182835337597E-005  -0.1560596483480751      
   0.9118769112482611     
 b_para_n=    1.000256576013118     
 dxdt=  -3.3571038826612942E-002   -74.35777068726209      
    435.3382195481909     
 dudt=   -35909.64029429785     
 ---------------------
 Elapsed time (seconds):     154.4392300000000     

real	2m34.450s
user	2m34.052s
sys	0m0.015s
>>> [PID 3662710] DONE  u=500, v_perp=1000, out=gc_grid/dat233.dat
