>>> [PID 3669739] START u=8500, v_perp=1000, out=gc_grid/dat249.dat, dt=2e-09, steps=30000000
 outer boundary:   8.3000000000000462E-002
 rk4
 istep=            1
 grad_b=  -0.5028817763799374        4.9313532334014573E-003 
  -7.9820528083881237E-003
 bsub=   8.6925456212477124E-003   4.2252249074122852E-002 
    1.020727423498337     
 bsup=    0.000000000000000        0.5003031815137402      
   0.9181486715244949     
 b_abs=   0.9787596125795281     
 g=  -1.6418780658133847E-002
 j=    0.000000000000000         576.0999512133326      
    59.08699911211302     
 v_perp_2=    999999.9137175240     
 b_n=   3.0364318558961707E-005   0.5032048592604071      
   0.9180283096272011     
 b_para_n=   0.9787596224540643     
 dxdt=   0.2655226455280531         4370.237483438254      
    7972.574038574434     
 dudt=    2537.416357877546     
 ---------------------
 rk4
 istep=      1000001
 grad_b=  -3.9158811984743885E-002  -9.7611578456397341E-002 
  -8.1714099684685626E-002
 bsub=   8.9895588260794010E-002   8.5473727634274368E-002 
    1.912467072791375     
 bsup=    0.000000000000000        -1.099064057008227      
    1.041565217558415     
 b_abs=    1.377853132499234     
 g=  -1.2791879042514973E-002
 j=    0.000000000000000        -1469.946309347739      
   -141.8779427596571     
 v_perp_2=    1407752.158089306     
 b_n=  -6.5611657592323845E-004   -1.098817552504110      
    1.041585024551777     
 b_para_n=    1.377853109199145     
 dxdt=   -4.075701278211187        -6759.454807869916      
    6407.400100816943     
 dudt=   -8220.001535517824     
 ---------------------
 rk4
 istep=      2000001
 grad_b=   0.6955422576200524       -5.5564900275327817E-002 
  -0.1610316123629610     
 bsub=   1.0494069292933103E-002   8.3963945695438233E-002 
    1.279343212785257     
 bsup=    0.000000000000000       -0.2715294032597778      
    1.131979029119826     
 b_abs=    1.194104078629994     
 g=  -8.2896952957066256E-003
 j=    0.000000000000000        -533.4806012237178      
   -6.033054574263645     
 v_perp_2=    1220014.172124311     
 b_n=  -4.3240843462849358E-004  -0.2782262129095173      
    1.132422087224670     
 b_para_n=    1.194104074521025     
 dxdt=   -3.099353495040731        -1977.885042995264      
    8048.672472422677     
 dudt=    71528.58169225133     
 ---------------------
 rk4
 istep=      3000001
 grad_b=  -0.9277580644887121       -6.9188545198866289E-003 
   5.0079927935394300E-002
 bsub=   1.2729073629761818E-002  -6.5465472198465033E-002 
    1.033053357289527     
 bsup=    0.000000000000000       -0.5262850476767905      
   0.9275729366885654     
 b_abs=   0.9964098179354826     
 g=  -1.8530789408430341E-002
 j=    0.000000000000000         1029.249657409612      
   -745.1452549951649     
 v_perp_2=    1018028.787050787     
 b_n=  -1.8697968662919493E-005  -0.5216500629810350      
   0.9278667991447438     
 b_para_n=   0.9964097237246248     
 dxdt=  -0.1606093837354999        -4449.168436882188      
    7914.315898392385     
 dudt=   -25682.66586350525     
 ---------------------
 rk4
 istep=      4000001
 grad_b=   -1.137567133856516        0.1095190832020751      
  -0.1528547453533686     
 bsub=   2.7492623565910354E-002  -0.1428025450347387      
    1.372063895954989     
 bsup=    0.000000000000000       -0.9033884083128905      
   0.8709270209445910     
 b_abs=    1.150706227035380     
 g=  -2.0146053435510194E-002
 j=    0.000000000000000         696.7926308641997      
    134.9324750547870     
 v_perp_2=    1175670.828251877     
 b_n=   4.2762706154689310E-004  -0.8982057334045248      
   0.8714578642128143     
 b_para_n=    1.150706234253180     
 dxdt=    3.180671021488091        -6626.454543568477      
    6429.458381783445     
 dudt=    103023.2228234864     
 ---------------------
 rk4
 istep=      5000001
 grad_b=  -0.1225828197314626        5.4754863799408415E-002 
   8.4003465219140899E-002
 bsub=  -4.1716664835875647E-002  -1.5561216565234334E-002 
   0.9270381050447798     
 bsup=    0.000000000000000       -9.5195707186742640E-003 
    1.135399229781322     
 b_abs=    1.025562029401048     
 g=  -1.1081622312230074E-002
 j=    0.000000000000000        -59.44292441905469      
    56.01265933838519     
 v_perp_2=    1047810.068060023     
 b_n=   3.9710677117831358E-004  -8.6795986864753507E-003 
    1.135431205504103     
 b_para_n=    1.025562035014238     
 dxdt=    3.314060525606917        -71.86340978977216      
    9407.498641951111     
 dudt=   -47249.13727146588     
 ---------------------
 rk4
 istep=      6000001
 grad_b=  -0.5320823225565336        0.1578499586835948      
   0.3085901582841686     
 bsub=  -5.8483848375168158E-002  -2.3588549519377038E-002 
    1.514632673529382     
 bsup=    0.000000000000000        -1.231806944191565      
   0.9452057694418032     
 b_abs=    1.208651404885889     
 g=  -1.5276697693849033E-002
 j=    0.000000000000000        -809.2664219971314      
    525.9846592900849     
 v_perp_2=    1234869.723309441     
 b_n=   9.8006246244482101E-004   -1.228672818990535      
   0.9452924720409500     
 b_para_n=    1.208651467184738     
 dxdt=    6.940203015966749        -8626.557953337462      
    6637.084279086637     
 dudt=   -41099.42978536093     
 ---------------------
 rk4
 istep=      7000001
 grad_b=  -0.8007907001290703        4.8533353678326924E-002 
  -5.3535179563677128E-002
 bsub=  -1.7904502923369328E-002  -4.0980021852825427E-002 
    1.076458499189660     
 bsup=    0.000000000000000       -0.5058028468623502      
   0.9102307432030329     
 b_abs=    1.000451926082059     
 g=  -1.9694046684247339E-002
 j=    0.000000000000000        -748.8054631945563      
    182.0011918788941     
 v_perp_2=    1022152.305532389     
 b_n=   2.2574999629747776E-004  -0.5019105050681220      
   0.9103827002915967     
 b_para_n=    1.000451951376869     
 dxdt=    1.931283609482364        -4263.424280024033      
    7733.580497460884     
 dudt=    37416.69094836646     
 ---------------------
 rk4
 istep=      8000001
 grad_b=   0.8184673468300422       -6.3928315850501904E-003 
   0.1655953016311006     
 bsub=   2.4889842377811743E-002   6.4935645843217052E-002 
    1.312060075829639     
 bsup=    0.000000000000000        0.1784593565817794      
    1.079004138024894     
 b_abs=    1.194571209694482     
 g=  -9.5218875429886867E-003
 j=    0.000000000000000        -1058.925563696364      
   -126.4714384287492     
 v_perp_2=    1220480.433615946     
 b_n=  -1.2507341616524684E-004   0.1714690584724947      
    1.079352453370563     
 b_para_n=    1.194571191343859     
 dxdt=  -0.8961322513496356         1217.808396524966      
    7668.451805765907     
 dudt=   -75921.55319613403     
 ---------------------
 rk4
 istep=      9000001
 grad_b=   0.4372750285761626       -4.3971296354338850E-002 
  -0.1444437001746371     
 bsub=  -1.8233003539353549E-003   0.1876643963369265      
    2.109674823140824     
 bsup=    0.000000000000000        -1.415569434370023      
    1.073256947687369     
 b_abs=    1.413471092619370     
 g=  -7.2623380210734044E-003
 j=    0.000000000000000         952.1924052993832      
    98.64321305630087     
 v_perp_2=    1444126.012683735     
 b_n=  -4.0115761115568310E-004   -1.421204078508261      
    1.073757840589518     
 b_para_n=    1.413471114186696     
 dxdt=   -2.429145005521383        -8520.533890133413      
    6437.265682070338     
 dudt=    33532.01064819187     
 ---------------------
 rk4
 istep=     10000001
 grad_b=   0.3259890498927107       -4.4429580161139889E-003 
  -0.1193615244523408     
 bsub=   2.1495801616223907E-002   4.0787968775539724E-002 
    1.050873074658481     
 bsup=    0.000000000000000        0.3157117223480350      
    1.082599142675531     
 b_abs=    1.072551131399228     
 g=  -1.2212576993079996E-002
 j=    0.000000000000000        -978.6488058160948      
   -104.8265167643473     
 v_perp_2=    1095810.597584787     
 b_n=   1.2620898951276562E-006   0.3135284996778945      
    1.082683840309522     
 b_para_n=    1.072551116830768     
 dxdt=   1.0071367521440307E-002    2482.943499927059      
    8574.616184840632     
 dudt=    62214.44684345638     
 ---------------------
 rk4
 istep=     11000001
 grad_b=  -0.8754250895047343       -0.1509303785572471      
   0.1233909035099082     
 bsub=  -5.3551079247788746E-003  -0.1353678162907362      
    1.315673155580572     
 bsup=    0.000000000000000       -0.8176454877781452      
   0.8755446877110623     
 b_abs=    1.123512401702751     
 g=  -1.9952594241282082E-002
 j=    0.000000000000000        -548.3537301108689      
    68.14823358372577     
 v_perp_2=    1147875.308149001     
 b_n=  -6.4147674670285220E-004  -0.8135854760671537      
   0.8759598181890975     
 b_para_n=    1.123512416196399     
 dxdt=   -4.886753003162348        -6148.682814668526      
    6620.365672103370     
 dudt=   -105232.3827972612     
 ---------------------
 rk4
 istep=     12000001
 grad_b=  -0.7214001506406954       -0.1450098710514878      
  -0.2189216178350928     
 bsub=   4.5590227125600624E-002  -5.8223990285282468E-002 
    1.186558603396877     
 bsup=    0.000000000000000       -0.7631397923846107      
   0.9472723734151921     
 b_abs=    1.081411579932337     
 g=  -1.3708390131792179E-002
 j=    0.000000000000000         885.8264808915090      
   -660.5030929400582     
 v_perp_2=    1104859.800880352     
 b_n=  -1.0243657739307350E-003  -0.7584504517748544      
   0.9475417633457414     
 b_para_n=    1.081411500174879     
 dxdt=   -8.107378228512806        -5956.884926824213      
    7442.380389701942     
 dudt=    45686.96485348389     
 ---------------------
 rk4
 istep=     13000001
 grad_b=  -0.6474779058298259       -3.6340120677929369E-003 
  -5.4345683599473921E-003
 bsub=   1.5662737709036569E-002  -8.2844056221553192E-002 
   0.8834283220441140     
 bsup=    0.000000000000000       -0.4052760746689582      
    1.057308778602414     
 b_abs=   0.9832961018476299     
 g=  -1.3500842242616686E-002
 j=    0.000000000000000        -438.2315332702508      
    341.0046863621172     
 v_perp_2=    1004615.695865578     
 b_n=  -2.4935928183188228E-005  -0.4013802620427435      
    1.057674596447282     
 b_para_n=   0.9832961408590000     
 dxdt=  -0.2170477916760551        -3469.344453803810      
    9142.686660953828     
 dudt=    2220.028223517100     
 ---------------------
 rk4
 istep=     14000001
 grad_b=  -0.4899241517086674        5.5687269888983577E-003 
  -1.6399268506689857E-003
 bsub=  -1.0206423905391176E-002  -0.2419928438869234      
    1.521969199966878     
 bsup=    0.000000000000000        -1.270707517603231      
   0.9024743561775759     
 b_abs=    1.296626581048733     
 g=  -1.6670588084643147E-002
 j=    0.000000000000000         750.8586156258983      
    22.98892970415105     
 v_perp_2=    1324737.667873803     
 b_n=   2.5573574519192508E-005   -1.268346970210285      
   0.9028498460206227     
 b_para_n=    1.296626571319276     
 dxdt=   0.1688100952759332        -8295.765029354796      
    5905.314090692513     
 dudt=    3370.945936870594     
 ---------------------
 rk4
 istep=     15000001
 grad_b=  -0.3803841345030361        3.0508059943558834E-003 
   3.2997848680727276E-002
 bsub=  -3.4744461984630159E-002  -3.7484328480640976E-002 
   0.9259689130400237     
 bsup=    0.000000000000000       -0.2217191316350201      
    1.051820921615431     
 b_abs=   0.9912487491855791     
 g=  -1.5048419529505617E-002
 j=    0.000000000000000         831.2650246247829      
   -184.4237445113218     
 v_perp_2=    1012737.538625951     
 b_n=   2.4425594387836311E-005  -0.2196078654089648      
    1.051907280118409     
 b_para_n=   0.9912487262228976     
 dxdt=   0.2109001233044524        -1882.853894247737      
    9019.359719381800     
 dudt=   -17538.04777171245     
 ---------------------
 rk4
 istep=     16000001
 grad_b=   0.6074801613570516        6.1837038174686269E-002 
   0.1629255153334442     
 bsub=  -3.1112962970473827E-004   0.1376076788191670      
    1.646821517728789     
 bsup=    0.000000000000000       -0.7842490157751968      
    1.097870605107148     
 b_abs=    1.304350361994964     
 g=  -7.9142475880668341E-003
 j=    0.000000000000000         36.85490119604131      
   -1.290022248616168     
 v_perp_2=    1332624.666185578     
 b_n=   5.2325865271165303E-004  -0.7908409915750098      
    1.098421526704931     
 b_para_n=    1.304350362188084     
 dxdt=    3.433557026700360        -5142.157344725834      
    7141.570127355748     
 dudt=   -51060.46209782417     
 ---------------------
 rk4
 istep=     17000001
 grad_b=   0.6784028837893930        4.0628206334051988E-002 
  -0.1485065472998598     
 bsub=  -9.0951418206312307E-002   5.6350146880220400E-002 
    1.738016002415214     
 bsup=    0.000000000000000       -0.9218087661505632      
    1.034083971241210     
 b_abs=    1.321103376876998     
 g=  -1.2075722089083021E-002
 j=    0.000000000000000        -5.822447689052595      
   -680.5667222142193     
 v_perp_2=    1349738.996138748     
 b_n=   3.3242729587441004E-004  -0.9267145980798752      
    1.034260367344066     
 b_para_n=    1.321103301308144     
 dxdt=    2.153686563174794        -5948.343486759127      
    6638.332996968830     
 dudt=    73862.69196608728     
 ---------------------
 rk4
 istep=     18000001
 grad_b=  -0.4862846525368326       -1.5541766488429261E-002 
   1.9903884013686951E-002
 bsub=   9.7028700067337548E-003   4.0257817914604158E-002 
    1.031293633027018     
 bsup=    0.000000000000000        0.3731341571472286      
   0.9166704761328532     
 b_abs=   0.9798051643494138     
 g=  -1.7281522915124532E-002
 j=    0.000000000000000        -30.98420953233267      
   -44.65457610460288     
 v_perp_2=    1001041.500831205     
 b_n=  -9.0202731730935177E-005   0.3758231540006280      
   0.9165663512636535     
 b_para_n=   0.9798051588439022     
 dxdt=  -0.7879416564417263         3260.476940455291      
    7951.327496993389     
 dudt=   -6488.991251786571     
 ---------------------
 rk4
 istep=     19000001
 grad_b=   3.6511963142069059E-002  -0.1050970420212820      
  -0.1205198625880699     
 bsub=   7.8522675564200534E-002   0.1054466702808494      
    1.940235198063530     
 bsup=    0.000000000000000        -1.161223500633227      
    1.049184995418034     
 b_abs=    1.383165276004222     
 g=  -1.2098929337768589E-002
 j=    0.000000000000000        -393.2121388663895      
   -198.4591532445810     
 v_perp_2=    1413141.943950463     
 b_n=  -7.3244199557666756E-004   -1.161531155733792      
    1.049231340393026     
 b_para_n=    1.383165251163081     
 dxdt=   -4.532351496423788        -7117.567418675832      
    6429.408766350442     
 dudt=    1627.417991637354     
 ---------------------
 rk4
 istep=     20000001
 grad_b=   0.6490215191988958       -5.1995946487507813E-002 
  -0.1547788156941704     
 bsub=   1.4010749362489347E-002   7.4244025453464896E-002 
    1.217862826138614     
 bsup=    0.000000000000000       -0.1595400925918926      
    1.130511951061291     
 b_abs=    1.168800808187751     
 g=  -8.7018391515837241E-003
 j=    0.000000000000000         153.6232857269013      
   -109.1125455575622     
 v_perp_2=    1194130.032174633     
 b_n=  -3.8720542583177138E-004  -0.1654609598220924      
    1.130877347268088     
 b_para_n=    1.168800798264377     
 dxdt=   -2.835433215260994        -1202.038776339150      
    8213.170734725525     
 dudt=    72850.92635380149     
 ---------------------
 rk4
 istep=     21000001
 grad_b=   -1.036619228685105       -1.7737919742672945E-002 
   7.1866491948926498E-002
 bsub=   6.9307376151376858E-003  -6.8156571739625707E-002 
    1.076505938998198     
 bsup=    0.000000000000000       -0.5968696159599394      
   0.9059854918672411     
 b_abs=    1.007884112740956     
 g=  -1.9044949297259479E-002
 j=    0.000000000000000         1192.256534934193      
   -815.2285032855229     
 v_perp_2=    1029724.606838881     
 b_n=  -6.5240232637803111E-005  -0.5917390455985279      
   0.9063106437779315     
 b_para_n=    1.007884007285477     
 dxdt=  -0.5540125952351899        -4989.102179141360      
    7641.827103290726     
 dudt=   -38366.24954468734     
 ---------------------
 rk4
 istep=     22000001
 grad_b=   -1.209877011866990        8.7787208062030567E-002 
  -0.1493332883545034     
 bsub=   2.3622455148218154E-002  -0.1192570548032137      
    1.316235823097511     
 bsup=    0.000000000000000       -0.8388812565849281      
   0.8682078801244294     
 b_abs=    1.114918231767881     
 g=  -2.0450649189094096E-002
 j=    0.000000000000000         430.5700426560294      
    94.74408077410530     
 v_perp_2=    1139076.019138393     
 b_n=   3.4156586371924559E-004  -0.8333283672838707      
   0.8687048730896338     
 b_para_n=    1.114918238356017     
 dxdt=    2.622096067234079        -6346.741633683234      
    6616.552005349929     
 dudt=    93146.25397857875     
 ---------------------
 rk4
 istep=     23000001
 grad_b=  -2.6191149826682858E-002   6.5401062549037922E-002 
   9.9647291862054302E-002
 bsub=  -4.3019198219747437E-002  -4.5770603307641183E-004 
   0.9537719501724866     
 bsup=    0.000000000000000       -3.2914598439798715E-002 
    1.139517519444363     
 b_abs=    1.042650394992537     
 g=  -1.0536868203940503E-002
 j=    0.000000000000000         449.2196893859656      
   -149.8306535673877     
 v_perp_2=    1065240.754860777     
 b_n=   4.8436971663299872E-004  -3.2753979344505038E-002 
    1.139539427598139     
 b_para_n=    1.042650380289019     
 dxdt=    3.976067381719806        -266.8900674008407      
    9285.674760798340     
 dudt=   -54577.52291532969     
 ---------------------
 rk4
 istep=     24000001
 grad_b=  -0.7315623074533724        0.1352900581871876      
   0.2949434644443278     
 bsub=  -6.1698661204091836E-002  -4.1084417972053089E-002 
    1.533762133733477     
 bsup=    0.000000000000000        -1.172308344964919      
   0.9322384049539407     
 b_abs=    1.215754354126461     
 g=  -1.7079502367543652E-002
 j=    0.000000000000000        -1475.425348506904      
    724.2275990395158     
 v_perp_2=    1242093.683167485     
 b_n=   7.7231097598671301E-004   -1.168426729072277      
   0.9323735184544593     
 b_para_n=    1.215754442538943     
 dxdt=    5.437083834963679        -8155.174645043741      
    6507.807516860801     
 dudt=   -48890.07623404449     
 ---------------------
 rk4
 istep=     25000001
 grad_b=  -0.7322296974399207        2.6557713908838911E-002 
  -3.5968652561050335E-002
 bsub=  -2.2741608043966154E-002  -3.2601262598750444E-002 
    1.039632403421697     
 bsup=    0.000000000000000       -0.4290001245402001      
   0.9282747283517533     
 b_abs=   0.9893571304373660     
 g=  -1.9184186694249625E-002
 j=    0.000000000000000        -1250.267403354520      
    50.81035888502402     
 v_perp_2=    1010789.943189899     
 b_n=   1.2518605972532219E-004  -0.4253917641496626      
   0.9283906295162161     
 b_para_n=   0.9893571411202871     
 dxdt=    1.082971868989538        -3654.236944759154      
    7975.621381291206     
 dudt=    23122.19611315346     
 ---------------------
 rk4
 istep=     26000001
 grad_b=   0.8363576439442046       -2.0405536824360977E-003 
   0.1635953800333286     
 bsub=   3.2635603598858205E-002   7.3361567381935874E-002 
    1.387368831146079     
 bsup=    0.000000000000000       -5.8763342720507816E-002 
    1.079244840580004     
 b_abs=    1.221949459099888     
 g=  -9.3487693095132690E-003
 j=    0.000000000000000         945.3915313503979      
   -332.7193165821079     
 v_perp_2=    1248419.224904920     
 b_n=  -9.4324432436120116E-005  -6.6108184453808047E-002 
    1.079635415613742     
 b_para_n=    1.221949429795500     
 dxdt=  -0.6606794769511335        -459.5059371665028      
    7497.151157929427     
 dudt=   -73859.94317759058     
 ---------------------
 rk4
 istep=     27000001
 grad_b=   0.4787995963751590       -6.1638802906773246E-002 
  -0.1779820821049962     
 bsub=  -6.2202980529903690E-003   0.1830236309256609      
    2.050202778645720     
 bsup=    0.000000000000000        -1.283021145174290      
    1.072254860438545     
 b_abs=    1.400969473333064     
 g=  -7.5054688549250816E-003
 j=    0.000000000000000        -361.6773879705325      
   -111.8497725260517     
 v_perp_2=    1431315.145325127     
 b_n=  -5.6450717392514719E-004   -1.288922375989075      
    1.072779944980883     
 b_para_n=    1.400969456558928     
 dxdt=   -3.448782107664681        -7797.163362663990      
    6489.374251288455     
 dudt=    40750.03651883345     
 ---------------------
 rk4
 istep=     28000001
 grad_b=   0.1947664233709520       -2.2676137837289723E-003 
  -0.1048164984636838     
 bsub=   2.7619129687613327E-002   3.0060194896743386E-002 
    1.016241918019454     
 bsup=    0.000000000000000        0.2542166589439992      
    1.079717458256703     
 b_abs=    1.051428012603180     
 g=  -1.2913371999737524E-002
 j=    0.000000000000000         158.1368143020646      
   -244.2742972649145     
 v_perp_2=    1074200.777234401     
 b_n=   5.2692487110631494E-006   0.2529663859303789      
    1.079754272378870     
 b_para_n=    1.051427988003988     
 dxdt=   4.2892843013156795E-002    2043.916313294350      
    8724.515305947605     
 dudt=    55264.14695408312     
 ---------------------
 rk4
 istep=     29000001
 grad_b=  -0.7508745737920003       -0.1682175316891704      
   0.1230672022649378     
 bsub=  -3.8837979625872474E-003  -0.1657603401453385      
    1.372025728736573     
 bsup=    0.000000000000000       -0.9094862564370945      
   0.8787234309121996     
 b_abs=    1.164564422993386     
 g=  -1.9307493957228788E-002
 j=    0.000000000000000        -29.44501111615057      
   -77.26267983410625     
 v_perp_2=    1189785.778074800     
 b_n=  -7.1356767420219919E-004  -0.9059938963646473      
   0.8791433310191394     
 b_para_n=    1.164564414672147     
 dxdt=   -5.244330019549573        -6603.827346661160      
    6408.341652443533     
 dudt=   -114544.1795729517     
 ---------------------
 Elapsed time (seconds):     157.9739840000000     

real	2m37.987s
user	2m37.664s
sys	0m0.019s
>>> [PID 3669739] DONE  u=8500, v_perp=1000, out=gc_grid/dat249.dat
