>>> [PID 3691557] START u=1000, v_perp=4000, out=gc_grid/dat297.dat, dt=2e-09, steps=30000000
 outer boundary:   8.3000000000000462E-002
 rk4
 istep=            1
 grad_b=  -0.5028825661385734        4.9321189400196030E-003 
  -7.9836727701805832E-003
 bsub=   8.6923367685882921E-003   4.2252366713562250E-002 
    1.020726963813507     
 bsup=    0.000000000000000        0.5003181127713824      
   0.9181485326852394     
 b_abs=   0.9787596870930280     
 g=  -1.6418704968196605E-002
 j=    0.000000000000000         576.0999575025796      
    59.09828153428445     
 v_perp_2=    15999999.83756869     
 b_n=   3.5728534760283209E-006   0.5006594885473324      
   0.9181343723326276     
 b_para_n=   0.9787596882548967     
 dxdt=   3.2853497787987608E-002    514.3146773731027      
    937.9433672573006     
 dudt=    40607.25349081377     
 ---------------------
 rk4
 istep=      1000001
 grad_b=  -0.4524842292879174       -0.1343856983466333      
   9.3281682587590384E-002
 bsub=   1.8646779775775744E-002  -2.9975745884366876E-002 
    1.169317351671755     
 bsup=    0.000000000000000       -0.3863202731057604      
   0.9061285653637289     
 b_abs=    1.034842731936223     
 g=  -2.0480454558992833E-002
 j=    0.000000000000000        -517.8357076012541      
   -158.9610731313487     
 v_perp_2=    16916801.65337572     
 b_n=   2.1235053700303928E-005  -0.3863933054803508      
   0.9061263550646645     
 b_para_n=    1.034842732539429     
 dxdt=  -0.6076603241089966         109.7688123815412      
   -252.5015295216160     
 dudt=   -1077667.663394369     
 ---------------------
 rk4
 istep=      2000001
 grad_b=  -0.4387054603127840        3.2770826625525371E-002 
  -5.7763546209415213E-002
 bsub=   3.2698246640279240E-003   4.0267309941669799E-002 
    1.022159882982050     
 bsup=    0.000000000000000        0.9322857526898648      
   0.9184371354912104     
 b_abs=   0.9881416085103041     
 g=  -1.4407156382637881E-002
 j=    0.000000000000000         86.68025406196136      
    6.306609245682750     
 v_perp_2=    16153368.07484490     
 b_n=  -2.4512586074739170E-005   0.9319790359308820      
   0.9184492966894957     
 b_para_n=   0.9881416083872038     
 dxdt=   0.2405741049683303        -865.1046375722786      
   -855.3388039024126     
 dudt=    186116.6193648573     
 ---------------------
 rk4
 istep=      3000001
 grad_b=  -9.8613298209356687E-002   0.1228143912350116      
  -0.1222589206572957     
 bsub=  -1.4086124039000808E-002   8.1527429783644703E-003 
    1.157464795886862     
 bsup=    0.000000000000000        8.0471359056729752E-002 
   0.9257748533021585     
 b_abs=    1.035472101404781     
 g=  -1.8213461323613851E-002
 j=    0.000000000000000        -372.7180823877900      
   -270.3348902041515     
 v_perp_2=    16927090.01385750     
 b_n=   2.0706763736073398E-005   8.0488117529906283E-002 
   0.9257749863234120     
 b_para_n=    1.035472100358785     
 dxdt=   0.6322049557991628         21.49609157934544      
    241.4169965248395     
 dudt=    815419.0722838953     
 ---------------------
 rk4
 istep=      4000001
 grad_b=  -0.4845586833042225        9.7235630121789152E-004 
   2.0982131389287589E-003
 bsub=   1.0897036797290729E-002   4.0574624028696063E-002 
    1.024813890903921     
 bsup=    0.000000000000000        0.3724644644784473      
   0.9198104966999878     
 b_abs=   0.9784050185395027     
 g=  -1.7037280356118501E-002
 j=    0.000000000000000         288.2953174297135      
    38.97650368724625     
 v_perp_2=    15994201.83714819     
 b_n=   5.8627238539787487E-007   0.3727839350693236      
   0.9197978426054515     
 b_para_n=   0.9784050192507492     
 dxdt=   5.3790765847419536E-003    384.7185261125210      
    942.7176179711706     
 dudt=   -19148.45944407185     
 ---------------------
 rk4
 istep=      5000001
 grad_b=  -0.4719498936169241       -0.1274362241329094      
   8.9784403466827645E-002
 bsub=   1.8343795703532055E-002  -2.6770341661881549E-002 
    1.159828388373458     
 bsup=    0.000000000000000       -0.3757124981555879      
   0.9055928640722041     
 b_abs=    1.029636144313166     
 g=  -2.0482710392860166E-002
 j=    0.000000000000000        -472.9187633819648      
   -114.0700087223373     
 v_perp_2=    16831688.25230321     
 b_n=   2.8738548000658020E-005  -0.3758210114944970      
   0.9055899054564788     
 b_para_n=    1.029636144921830     
 dxdt=  -0.5840115884643892         151.9077159496497      
   -360.7730119342741     
 dudt=   -1025535.389227413     
 ---------------------
 rk4
 istep=      6000001
 grad_b=  -0.3939713180933259        3.9995253839269107E-002 
  -6.9034036757686157E-002
 bsub=   2.5511225790110412E-003   3.9296570295446601E-002 
    1.029380403821847     
 bsup=    0.000000000000000        0.9266755379568370      
   0.9193779484760606     
 b_abs=   0.9913100389807268     
 g=  -1.4421338244180119E-002
 j=    0.000000000000000        -134.1475832586474      
    40.85148196906847     
 v_perp_2=    16205162.94352110     
 b_n=  -2.8880752859933711E-005   0.9264087537109770      
   0.9193882041107244     
 b_para_n=   0.9913100385420546     
 dxdt=   0.2907528322354368        -830.7213729788093      
   -826.9473518214406     
 dudt=    217722.2667171144     
 ---------------------
 rk4
 istep=      7000001
 grad_b=  -9.5880784657374540E-002   0.1168996733317883      
  -0.1221280602361544     
 bsub=  -1.2527133701217052E-002   1.2475115664853799E-002 
    1.148273071106277     
 bsup=    0.000000000000000        0.1448782994546297      
   0.9261784665021980     
 b_abs=    1.032173310066328     
 g=  -1.7919285176192380E-002
 j=    0.000000000000000        -217.4186149323974      
   -250.5587768922642     
 v_perp_2=    16873163.77971154     
 b_n=   2.6494281931827169E-005   0.1449000837064996      
   0.9261785177260661     
 b_para_n=    1.032173308790029     
 dxdt=   0.6171987812548777         50.49625836532290      
    319.5695256848639     
 dudt=    761603.1113022916     
 ---------------------
 Particle has exited the domain at step       7486988  s =  
   8.3000000394616399E-002
 Elapsed time (seconds):     40.76034200000000     

real	0m40.773s
user	0m40.649s
sys	0m0.021s
>>> [PID 3691557] DONE  u=1000, v_perp=4000, out=gc_grid/dat297.dat
