>>> [PID 3664010] START u=3000, v_perp=1000, out=gc_grid/dat238.dat, dt=2e-09, steps=30000000
 outer boundary:   8.3000000000000462E-002
 rk4
 istep=            1
 grad_b=  -0.5028823597695868        4.9319133547647415E-003 
  -7.9832393385479289E-003
 bsub=   8.6923922740470318E-003   4.2252335420798433E-002 
    1.020727086476356     
 bsup=    0.000000000000000        0.5003141369460909      
   0.9181485693475979     
 b_abs=   0.9787596672212210     
 g=  -1.6418725146643175E-002
 j=    0.000000000000000         576.0999452806718      
    59.09525412660900     
 v_perp_2=    999999.9695449924     
 b_n=   1.0718092280320265E-005   0.5013382626848687      
   0.9181060883953243     
 b_para_n=   0.9787596707066991     
 dxdt=   3.4677180335007100E-002    1536.828211635536      
    2814.083244052999     
 dudt=    2537.809805573443     
 ---------------------
 rk4
 istep=      1000001
 grad_b=  -0.4795869004946454       -0.1085445992378704      
  -0.1248355825725139     
 bsub=   5.1040614144511935E-002  -4.5649396580494467E-002 
   0.9464317227128412     
 bsup=    0.000000000000000       -0.5927101446030072      
    1.100696389365215     
 b_abs=    1.034123133996854     
 g=  -9.6384554681624296E-003
 j=    0.000000000000000         279.2270560227131      
   -54.87965036834277     
 v_perp_2=    1056564.694237387     
 b_n=  -3.2910992968192211E-004  -0.5913517782044512      
    1.100779653818678     
 b_para_n=    1.034123131618771     
 dxdt=   -1.007964650360686        -1709.885023153805      
    3183.334429616650     
 dudt=    36096.44094306233     
 ---------------------
 rk4
 istep=      2000001
 grad_b=  -0.7917332976493193        0.1317230813021293      
  -9.7111314575448943E-002
 bsub=  -8.7983215622332196E-003  -7.7945297091897389E-002 
    1.193167398109221     
 bsup=    0.000000000000000       -0.6475777291542629      
   0.8852131301369752     
 b_abs=    1.052014058518230     
 g=  -2.0676621391718067E-002
 j=    0.000000000000000         752.9877686778785      
    6.442898291625795     
 v_perp_2=    1074843.644838196     
 b_n=   2.0431882232810266E-004  -0.6462863194697033      
   0.8852989982810819     
 b_para_n=    1.052014056708229     
 dxdt=   0.6151604709944597        -1835.097232249202      
    2514.078783344644     
 dudt=    83165.19270531999     
 ---------------------
 rk4
 istep=      3000001
 grad_b=   0.3349203954296205       -0.1052276617785896      
  -0.2301070703722125     
 bsub=   4.9571318266622422E-002   0.1158292883968771      
    1.921187553731677     
 bsup=    0.000000000000000        -1.609182855735924      
    1.059797639481603     
 b_abs=    1.359713095548377     
 g=  -9.4671051478302706E-003
 j=    0.000000000000000         220.2941763426775      
    2.463427348536200     
 v_perp_2=    1389219.830042518     
 b_n=  -3.0782588799129894E-004   -1.610331396573169      
    1.059874828645598     
 b_para_n=    1.359713096179549     
 dxdt=  -0.7179119802528445        -3475.475387937396      
    2287.341975988385     
 dudt=    28003.66160402529     
 ---------------------
 rk4
 istep=      4000001
 grad_b=   -1.198927572330251       -9.1104344036468943E-002 
   0.1639427871118264     
 bsub=  -3.2531294863798674E-002  -0.1392138861580919      
    1.370225348995195     
 bsup=    0.000000000000000       -0.9103431320605333      
   0.8644946601881819     
 b_abs=    1.145264514175788     
 g=  -2.0835073246907639E-002
 j=    0.000000000000000         1160.609393610489      
   -130.3787899773621     
 v_perp_2=    1170117.398692223     
 b_n=  -1.1604102637656994E-004  -0.9084804050621010      
   0.8646811484142236     
 b_para_n=    1.145264504042891     
 dxdt=  -0.3210301970897367        -2356.829820236770      
    2243.540228130778     
 dudt=   -100212.2112625395     
 ---------------------
 rk4
 istep=      5000001
 grad_b=   0.7646983659915273       -1.3510659465116870E-002 
   0.1597092461577471     
 bsub=   5.0771888461682159E-002   7.9355198531484289E-002 
    1.519929271786555     
 bsup=    0.000000000000000       -0.3713232258259480      
    1.062156233244055     
 b_abs=    1.259207341905971     
 g=  -9.9479331947469642E-003
 j=    0.000000000000000         339.7683811365214      
   -258.6596150567574     
 v_perp_2=    1286532.516571457     
 b_n=  -6.5016029571413842E-005  -0.3735828468677282      
    1.062276371977725     
 b_para_n=    1.259207332943986     
 dxdt=  -0.1636635414782338        -876.1512252312089      
    2490.229715586966     
 dudt=   -70855.24927818117     
 ---------------------
 rk4
 istep=      6000001
 grad_b=  -0.2938584980827538       -2.1917318214741639E-002 
  -4.8724965326719868E-002
 bsub=   3.5777081852478992E-002  -3.7860805632714357E-002 
   0.9062046250094526     
 bsup=    0.000000000000000       -0.1482570884880897      
    1.091419880382805     
 b_abs=   0.9976428869525714     
 g=  -1.3429763079535948E-002
 j=    0.000000000000000         1.590075356500165      
   -220.7268159680629     
 v_perp_2=    1019291.898809884     
 b_n=  -5.0911954447465840E-005  -0.1476365833711689      
    1.091447806088312     
 b_para_n=   0.9976428790326036     
 dxdt=  -0.1616113260266698        -443.3743582936231      
    3278.564910273315     
 dudt=    25567.01575233923     
 ---------------------
 rk4
 istep=      7000001
 grad_b=  -0.3489154715252527        1.8023337612026180E-004 
   3.6738073568821569E-002
 bsub=  -3.4431408149139940E-002  -3.1504888439217546E-002 
   0.9329050918897344     
 bsup=    0.000000000000000       -0.2068877572660767      
    1.041972216958158     
 b_abs=   0.9894843296528933     
 g=  -1.5473260337384696E-002
 j=    0.000000000000000         733.4344994761434      
   -126.6005976267191     
 v_perp_2=    1010956.056318946     
 b_n=   2.7444543605387678E-006  -0.2062164225758112      
    1.041994983684430     
 b_para_n=   0.9894843239680274     
 dxdt=   8.7834157806680521E-003   -624.7288673742731      
    3157.286520425802     
 dudt=   -19743.93052206556     
 ---------------------
 rk4
 istep=      8000001
 grad_b=   0.6869667582677175       -4.5497306468854956E-002 
  -0.1594330083631459     
 bsub=  -1.2871588590037520E-002   0.1282912802167596      
    1.566555770724378     
 bsup=    0.000000000000000       -0.5800423508313226      
    1.106892998462035     
 b_abs=    1.288550044313178     
 g=  -8.1058863978974369E-003
 j=    0.000000000000000         246.6395074922285      
   -286.7044025192904     
 v_perp_2=    1316511.297046293     
 b_n=  -1.1640639621023398E-004  -0.5825026718251222      
    1.107093519151366     
 b_para_n=    1.288550034572170     
 dxdt=  -0.2863890639074371        -1332.547771269719      
    2531.839122977904     
 dudt=    59501.68924224624     
 ---------------------
 rk4
 istep=      9000001
 grad_b=  -0.8479636907327075        0.1486590514324906      
  -0.1365689748223524     
 bsub=   2.1506000578941475E-002  -0.1966313234846881      
    1.442091332993407     
 bsup=    0.000000000000000        -1.043763774061035      
   0.8793279235616945     
 b_abs=    1.213705528824743     
 g=  -1.8693950041041369E-002
 j=    0.000000000000000         310.9818212007458      
   -131.6803412306985     
 v_perp_2=    1240042.380544094     
 b_n=   2.1085388902972703E-004   -1.042392107639135      
   0.8795118022841361     
 b_para_n=    1.213705522193725     
 dxdt=   0.5505784061079519        -2541.723700853749      
    2144.794923074630     
 dudt=    115854.7248022751     
 ---------------------
 rk4
 istep=     10000001
 grad_b=   0.4363470040002733        6.4840358967158618E-002 
   0.1867758574462443     
 bsub=   1.5091998366059071E-004   0.1855576210820326      
    2.053359054974644     
 bsup=    0.000000000000000        -1.322021259480656      
    1.074428243458107     
 b_abs=    1.399890678466353     
 g=  -7.2360647845475107E-003
 j=    0.000000000000000        -613.5473572810250      
    24.50224158375650     
 v_perp_2=    1430267.377402833     
 b_n=   2.1269143043959118E-004   -1.323956239045202      
    1.074603086897144     
 b_para_n=    1.399890677218611     
 dxdt=   0.4818899601531428        -2768.956344903670      
    2247.209153025542     
 dudt=   -41950.19437935892     
 ---------------------
 rk4
 istep=     11000001
 grad_b=  -0.9990285155674410       -2.9095677477565897E-002 
   6.9287292285776111E-002
 bsub=   8.2268482340059589E-003  -6.6664249689698626E-002 
    1.080830871957429     
 bsup=    0.000000000000000       -0.6000334843247167      
   0.8974234945991386     
 b_abs=    1.004943441804089     
 g=  -1.9550080556669243E-002
 j=    0.000000000000000         1287.691790538515      
   -715.8617988654963     
 v_perp_2=    1026749.926814308     
 b_n=  -4.2582999071942187E-005  -0.5983186699292551      
   0.8975295550921858     
 b_para_n=    1.004943408286063     
 dxdt=  -0.1341934992310368        -1783.177676793950      
    2675.376913583360     
 dudt=   -40483.11427005014     
 ---------------------
 rk4
 istep=     12000001
 grad_b=   0.4222278390828158        4.7551379184826624E-002 
   0.1398762723389352     
 bsub=  -2.4701515944432283E-002   5.3593721996332895E-002 
    1.095174093007289     
 bsup=    0.000000000000000        5.6206633088056179E-002 
    1.121909908793704     
 b_abs=    1.109576102556123     
 g=  -1.0167973727594187E-002
 j=    0.000000000000000         11.72543527071008      
    319.5350624691905     
 v_perp_2=    1133652.722702091     
 b_n=   1.1093423432786628E-004   5.5047367232693850E-002 
    1.121969152327886     
 b_para_n=    1.109576113702797     
 dxdt=   0.3167334496984444         147.5253741799082      
    3010.909155071617     
 dudt=   -73480.46195284672     
 ---------------------
 rk4
 istep=     13000001
 grad_b=   0.5484444648902564        1.0727638213357954E-003 
  -0.1460796047848378     
 bsub=   5.2159240411070937E-003   5.3509588755109527E-002 
    1.118950936202679     
 bsup=    0.000000000000000        0.4759287837711673      
    1.075105563514681     
 b_abs=    1.108191766288799     
 g=  -1.1199567712828377E-002
 j=    0.000000000000000         633.5655989015213      
   -361.0194896347332     
 v_perp_2=    1132238.178389049     
 b_n=   2.0423766107276326E-005   0.4745370764001033      
    1.075172009759081     
 b_para_n=    1.108191754492193     
 dxdt=   5.8385407169514382E-002    1274.914100859815      
    2889.161101239821     
 dudt=    72161.38104965666     
 ---------------------
 rk4
 istep=     14000001
 grad_b=   -1.041649707387353       -6.3980376231124163E-003 
  -7.4552361104380335E-002
 bsub=  -1.7247742892589138E-003  -7.9992998306983448E-002 
    1.054699455115523     
 bsup=    0.000000000000000       -0.5916340915177641      
   0.9058158589691946     
 b_abs=    1.001246672922040     
 g=  -1.8469020097844943E-002
 j=    0.000000000000000         889.9237032647877      
   -582.1879726447575     
 v_perp_2=    1022972.224558574     
 b_n=  -2.1519858568943932E-005  -0.5897739495280006      
   0.9059568794855151     
 b_para_n=    1.001246645999188     
 dxdt=  -6.8066004879644856E-002   -1764.545027623539      
    2711.044147083173     
 dudt=    32523.76365942969     
 ---------------------
 rk4
 istep=     15000001
 grad_b=   0.1834263700988676        7.0203466450911314E-002 
   5.2188209706166833E-003
 bsub=  -8.5006566156048638E-002   0.1133593863442473      
    1.935906626700040     
 bsup=    0.000000000000000        -1.039110655416124      
    1.054084170077920     
 b_abs=    1.386962781929584     
 g=  -1.1884496600615057E-002
 j=    0.000000000000000        -125.7590857122654      
   -582.4892653466961     
 v_perp_2=    1417057.654230607     
 b_n=   1.8140634406425317E-004   -1.039587301150671      
    1.054120029911245     
 b_para_n=    1.386962759067115     
 dxdt=   0.4148146288686023        -2195.991731713969      
    2226.612195065022     
 dudt=    24842.63648665382     
 ---------------------
 rk4
 istep=     16000001
 grad_b=  -0.3565305626777400       -0.1359222489004112      
   7.8686913646175055E-002
 bsub=   2.1998186437389482E-002  -0.2346447800161049      
    1.479072529472954     
 bsup=    0.000000000000000        -1.190607879711998      
   0.8972760035320999     
 b_abs=    1.267512785986445     
 g=  -1.7831972826885836E-002
 j=    0.000000000000000        -524.3916652756745      
    40.68798016846487     
 v_perp_2=    1295015.489939613     
 b_n=  -1.9670643482893655E-004   -1.190037881400717      
   0.8973693592786043     
 b_para_n=    1.267512790410019     
 dxdt=  -0.4919370663663591        -2769.982104383676      
    2088.845158841946     
 dudt=   -93678.41110603324     
 ---------------------
 rk4
 istep=     17000001
 grad_b=   6.6261601699009354E-002   0.1654190943054768      
   0.2457174667229469     
 bsub=  -5.6299329288574229E-002   2.6842047115003698E-002 
    1.343161694407568     
 bsup=    0.000000000000000       -0.8013852667313002      
    1.042617341485245     
 b_abs=    1.173971596217191     
 g=  -1.0252465163570526E-002
 j=    0.000000000000000        -711.6321164227219      
    522.3454407835508     
 v_perp_2=    1199444.445866871     
 b_n=   4.7351598246879966E-004  -0.8016111526765244      
    1.042641720192711     
 b_para_n=    1.173971615529944     
 dxdt=    1.278093639663223        -2025.673923031670      
    2634.712537443264     
 dudt=   -53794.83278745056     
 ---------------------
 rk4
 istep=     18000001
 grad_b=  -0.4339563385892624       -4.4672148886766162E-002 
   4.8505559593492051E-002
 bsub=   1.0205596245818106E-002   3.4795609469371741E-002 
    1.054626563592057     
 bsup=    0.000000000000000        0.2638888034018014      
   0.9156858337155374     
 b_abs=   0.9873335701087699     
 g=  -1.8030405978676185E-002
 j=    0.000000000000000        -329.8658215844796      
    80.09471627982640     
 v_perp_2=    1008756.598955268     
 b_n=  -8.7095300395340701E-005   0.2647064774779359      
   0.9156597015327848     
 b_para_n=   0.9873335730604168     
 dxdt=  -0.2793472104356169         804.0550631894264      
    2780.861619614385     
 dudt=   -16881.48381550519     
 ---------------------
 rk4
 istep=     19000001
 grad_b=  -0.4588331629157473       -9.1314799045784975E-002 
  -9.9034342276700701E-002
 bsub=   4.7385139002459699E-002  -4.0488163487489806E-002 
   0.8974668019108469     
 bsup=    0.000000000000000       -0.3976434587061667      
    1.145476930807098     
 b_abs=    1.022250319115317     
 g=  -9.1234192723011823E-003
 j=    0.000000000000000         595.6637238459879      
   -104.3158908294845     
 v_perp_2=    1044430.771947233     
 b_n=  -2.8227730721656094E-004  -0.3963066358915168      
    1.145552138846886     
 b_para_n=    1.022250314682776     
 dxdt=  -0.8745385553516201        -1159.939285212471      
    3353.558356085824     
 dudt=    38544.57901418848     
 ---------------------
 rk4
 istep=     20000001
 grad_b=  -0.7749246307213803        6.1292953057243603E-002 
  -5.7933517620078728E-002
 bsub=  -1.6949394019007885E-002  -4.0216907239075589E-002 
    1.090318612525196     
 bsup=    0.000000000000000       -0.5119881146369878      
   0.9039112886779657     
 b_abs=    1.003298160236777     
 g=  -2.0028879909241560E-002
 j=    0.000000000000000        -668.1721180870354      
    386.9321457030449     
 v_perp_2=    1025067.159986460     
 b_n=   1.0026466546211198E-004  -0.5106731805358883      
   0.9039613654381558     
 b_para_n=    1.003298177794469     
 dxdt=   0.3164845731053332        -1524.631061179819      
    2699.210926063113     
 dudt=    42641.95139754000     
 ---------------------
 rk4
 istep=     21000001
 grad_b=   0.4210272603124131       -7.4490056349919870E-002 
  -0.2178443035004011     
 bsub=   3.8495363357812874E-002   0.1318660126135481      
    1.866785245214239     
 bsup=    0.000000000000000        -1.559032932287424      
    1.074598898505721     
 b_abs=    1.341358568553552     
 g=  -8.1887685477944339E-003
 j=    0.000000000000000         576.7445874701422      
    204.0167363970653     
 v_perp_2=    1370462.457003915     
 b_n=  -2.3013257465525507E-004   -1.560689813043346      
    1.074720689938949     
 b_para_n=    1.341358578360626     
 dxdt=  -0.5440158270027619        -3418.236249483584      
    2353.685261050685     
 dudt=    44925.46689356052     
 ---------------------
 rk4
 istep=     22000001
 grad_b=  -0.9561357260429111       -0.1287894967549488      
   0.1443406655533247     
 bsub=  -3.4413503851971797E-002  -0.1952694776415630      
    1.459486917214016     
 bsup=    0.000000000000000        -1.081347448408338      
   0.8801610486584321     
 b_abs=    1.223048740394449     
 g=  -1.9220726679571233E-002
 j=    0.000000000000000         178.7912657719588      
   -164.6455559009493     
 v_perp_2=    1249585.404373636     
 b_n=  -1.7198051313500678E-004   -1.079850778102795      
   0.8803572318668295     
 b_para_n=    1.223048733239639     
 dxdt=  -0.4456583129073436        -2611.507743548478      
    2129.297771806500     
 dudt=   -111233.1343559911     
 ---------------------
 rk4
 istep=     23000001
 grad_b=   0.7256937532939872        8.5017836356593747E-003 
   0.1728653716420458     
 bsub=   5.6739869488842222E-002   0.1121105596426380      
    1.682642591310448     
 bsup=    0.000000000000000       -0.7153309478110120      
    1.067811883866553     
 b_abs=    1.310061550739542     
 g=  -9.7050349298158905E-003
 j=    0.000000000000000        -2041.535368132462      
    309.0562133095231     
 v_perp_2=    1338485.826145162     
 b_n=  -9.3802000041469484E-006  -0.7175700154964081      
    1.067961389152241     
 b_para_n=    1.310061557303137     
 dxdt=  -2.2700757518599513E-002   -1612.405170610408      
    2399.194495025025     
 dudt=   -69607.04474600004     
 ---------------------
 rk4
 istep=     24000001
 grad_b=  -0.4856431026881679       -6.8577035546792467E-003 
  -2.3989408017533090E-002
 bsub=   2.9017633005505746E-002  -5.7298966356618165E-002 
   0.9117119362274545     
 bsup=    0.000000000000000       -0.3198206241726381      
    1.043310770606943     
 b_abs=   0.9843845035829222     
 g=  -1.5103990721257038E-002
 j=    0.000000000000000         460.9206324317661      
   -76.04893856648437     
 v_perp_2=    1005742.471467385     
 b_n=  -1.6349378196406642E-005  -0.3188729526655908      
    1.043370845704241     
 b_para_n=   0.9843844996873118     
 dxdt=  -5.2595203994335302E-002   -971.3224083222362      
    3178.761819819259     
 dudt=    11850.36213800442     
 ---------------------
 rk4
 istep=     25000001
 grad_b=  -0.1342405142310965        1.1206988982603458E-002 
   6.5994933545201376E-002
 bsub=  -3.6580910934117208E-002  -8.0614673082161567E-003 
   0.9463107278858915     
 bsup=    0.000000000000000       -6.3464412772094025E-003 
    1.076021648518041     
 b_abs=    1.009022246780592     
 g=  -1.4042185402673796E-002
 j=    0.000000000000000        -735.5807296234491      
    149.0040494212654     
 v_perp_2=    1030914.524146101     
 b_n=   2.4407012176454481E-005  -6.0733717599777077E-003 
    1.076024924297230     
 b_para_n=    1.009022252462591     
 dxdt=   7.6604834792120297E-002   -17.97957526288586      
    3193.711957894996     
 dudt=   -35915.95344655305     
 ---------------------
 rk4
 istep=     26000001
 grad_b=   0.7549899469894409       -3.2770678379604581E-002 
  -0.1608808149839905     
 bsub=  -1.1227715040443596E-002   0.1016227516674283      
    1.414199901701746     
 bsup=    0.000000000000000       -0.3239333019902441      
    1.117390014979732     
 b_abs=    1.243759543297287     
 g=  -8.1349515978075843E-003
 j=    0.000000000000000         311.6080066244097      
    22.49169268757063     
 v_perp_2=    1270744.626193453     
 b_n=  -7.3672951927054484E-005  -0.3265513173905278      
    1.117577558998009     
 b_para_n=    1.243759544891034     
 dxdt=  -0.1877472481083227        -776.1702080503243      
    2654.820423613336     
 dudt=    69475.31844565402     
 ---------------------
 rk4
 istep=     27000001
 grad_b=   -1.074265553289138        0.1215710773895333      
  -0.1430567818741939     
 bsub=   2.0952994832111202E-002  -0.1407883626096822      
    1.344832666284189     
 bsup=    0.000000000000000       -0.8596608770134184      
   0.8663282735852179     
 b_abs=    1.134078376181018     
 g=  -2.0341564856404318E-002
 j=    0.000000000000000         118.6685843041535      
    323.7365633039910     
 v_perp_2=    1158683.470354192     
 b_n=   1.7044655349835627E-004  -0.8579466698022169      
   0.8665050862827040     
 b_para_n=    1.134078388905631     
 dxdt=   0.4761764995608702        -2249.152092620671      
    2271.916249654940     
 dudt=    102903.2166495179     
 ---------------------
 rk4
 istep=     28000001
 grad_b=   0.3964475091069479        3.6373394052781852E-002 
   0.1219693413626480     
 bsub=  -5.8651980689128184E-003   0.1934058447484450      
    2.152660904408117     
 bsup=    0.000000000000000        -1.540258790405288      
    1.079419562957486     
 b_abs=    1.423723751602808     
 g=  -6.9587838407016260E-003
 j=    0.000000000000000         851.1261626351250      
   -212.7803033927636     
 v_perp_2=    1454612.786537522     
 b_n=   1.1861625220520423E-004   -1.542110604166198      
    1.079586258692669     
 b_para_n=    1.423723746039581     
 dxdt=   0.2642764707814401        -3166.649914291114      
    2216.681007473909     
 dudt=   -27137.47555049841     
 ---------------------
 rk4
 istep=     29000001
 grad_b=   -1.125124573107932       -7.3255010312757385E-002 
   0.1141840045732639     
 bsub=  -4.1849561582842001E-003  -8.5149379092339092E-002 
    1.185048411870575     
 bsup=    0.000000000000000       -0.7062214657413290      
   0.8729609585748320     
 b_abs=    1.046217254126662     
 g=  -2.0374627636390547E-002
 j=    0.000000000000000        -539.7060965011995      
    151.0868761141801     
 v_perp_2=    1068915.790997900     
 b_n=  -1.0806923019145032E-004  -0.7043529731097089      
   0.8730948410138463     
 b_para_n=    1.046217262202709     
 dxdt=  -0.3271700615313065        -2011.646254331604      
    2493.995225774465     
 dudt=   -73931.74100464857     
 ---------------------
 Elapsed time (seconds):     155.0023980000000     

real	2m35.015s
user	2m34.704s
sys	0m0.035s
>>> [PID 3664010] DONE  u=3000, v_perp=1000, out=gc_grid/dat238.dat
