>>> [PID 3677128] START u=3500, v_perp=2000, out=gc_grid/dat260.dat, dt=2e-09, steps=30000000
 outer boundary:   8.3000000000000462E-002
 rk4
 istep=            1
 grad_b=  -0.5028823069926974        4.9318623502494496E-003 
  -7.9831313846960433E-003
 bsub=   8.6924062032389601E-003   4.2252327576070170E-002 
    1.020727117119185     
 bsup=    0.000000000000000        0.5003131413479631      
   0.9181485786144731     
 b_abs=   0.9787596622534438     
 g=  -1.6418730192819361E-002
 j=    0.000000000000000         576.0999453373835      
    59.09450251974898     
 v_perp_2=    3999999.857877628     
 b_n=   1.2504305719668262E-005   0.5015079542720902      
   0.9180990175332252     
 b_para_n=   0.9787596663197980     
 dxdt=   5.2015208163194486E-002    1794.067170237491      
    3283.051364267754     
 dudt=    10151.09606800639     
 ---------------------
 rk4
 istep=      1000001
 grad_b=  -0.6276912664969817       -3.0724033839251701E-002 
  -2.6486360687541496E-002
 bsub=   1.8999757017671641E-002  -8.5872519244899331E-002 
   0.8154895688067181     
 bsup=    0.000000000000000       -0.2240744102462749      
    1.167940894541164     
 b_abs=   0.9861987181674037     
 g=  -9.5629726359486786E-003
 j=    0.000000000000000         329.2275300298336      
   -191.7152160114338     
 v_perp_2=    4030400.926029387     
 b_n=  -1.0745733550948379E-004  -0.2220637265653802      
    1.168155116206721     
 b_para_n=   0.9861987094443406     
 dxdt=  -0.4437052072195893        -785.9459670705115      
    4140.737492379776     
 dudt=    49831.63777772544     
 ---------------------
 rk4
 istep=      2000001
 grad_b=  -0.1777627623044392       -4.2149965951650582E-002 
   8.0746578072228459E-002
 bsub=  -1.8396945477535898E-002   3.3481349567244509E-002 
    1.019188731677299     
 bsup=    0.000000000000000        0.3189542303500020      
   0.9849339928640267     
 b_abs=    1.007471871240438     
 g=  -1.5030312684978099E-002
 j=    0.000000000000000         911.6959580091043      
   -259.3332126702545     
 v_perp_2=    4117339.069129089     
 b_n=  -1.0906819272433052E-004   0.3193834724742788      
   0.9849179126694180     
 b_para_n=    1.007471860693304     
 dxdt=  -0.4410727693717187         1104.476708105831      
    3405.210306768758     
 dudt=   -134038.9353958089     
 ---------------------
 rk4
 istep=      3000001
 grad_b=   0.2154180702316765       -7.9051067361151056E-002 
  -0.1335273799399481     
 bsub=   3.9845864688124746E-002   3.6595936915536517E-002 
    1.047700721585175     
 bsup=    0.000000000000000       -0.1959494710316301      
    1.140711698736157     
 b_abs=    1.089624880961902     
 g=  -9.4403013740938443E-003
 j=    0.000000000000000        -433.4194880997286      
    248.6692803682060     
 v_perp_2=    4453081.401099460     
 b_n=  -2.4984752003118173E-004  -0.1966900817634417      
    1.140747079902072     
 b_para_n=    1.089624890266906     
 dxdt=  -0.9362006738342020        -620.4378172788628      
    3595.830264833412     
 dudt=    256593.8924243410     
 ---------------------
 rk4
 istep=      4000001
 grad_b=  -0.4093414886693826       -8.1295184312044841E-003 
   2.3992788878613919E-002
 bsub=  -3.3070203852445301E-002  -2.3883774706124846E-002 
   0.9559706221284540     
 bsup=    0.000000000000000       -0.2239663577953599      
    1.008034601964301     
 b_abs=   0.9845025079098074     
 g=  -1.6674438213869786E-002
 j=    0.000000000000000         766.6240986885400      
   -133.6713572440928     
 v_perp_2=    4023465.852315431     
 b_n=  -1.6293253142401075E-005  -0.2230824038177867      
    1.008056115716386     
 b_para_n=   0.9845025009809448     
 dxdt=  -6.7390149863174598E-002   -791.8026377890441      
    3580.313805116024     
 dudt=   -53977.79760418854     
 ---------------------
 rk4
 istep=      5000001
 grad_b=   0.6833852848759094       -5.7685831335675418E-002 
  -0.1629958978487676     
 bsub=   9.6695880450651285E-003   8.7603857607496824E-002 
    1.288974230169347     
 bsup=    0.000000000000000       -0.2743290499886008      
    1.134042498385732     
 b_abs=    1.199204847554121     
 g=  -8.1565305998674963E-003
 j=    0.000000000000000        -571.1154073987093      
   -15.68808540738203     
 v_perp_2=    4900910.759470117     
 b_n=  -1.8050497906695517E-004  -0.2769804447232856      
    1.134224049898217     
 b_para_n=    1.199204845390567     
 dxdt=  -0.6165667805808213        -779.7096912923025      
    3186.405126367198     
 dudt=    288002.9170535082     
 ---------------------
 rk4
 istep=      6000001
 grad_b=  -0.8443844968581182        1.1996211618654100E-002 
  -3.9123758526216197E-002
 bsub=  -1.6975425291303789E-002  -5.9024118663457498E-002 
    1.023190312824004     
 bsup=    0.000000000000000       -0.5008739113143689      
   0.9284580276180566     
 b_abs=   0.9897876792248046     
 g=  -1.8850208616478993E-002
 j=    0.000000000000000         259.6508636705660      
   -597.3340741246814     
 v_perp_2=    4045063.221700164     
 b_n=   1.9721879787925359E-005  -0.4991627246553009      
   0.9285570385247737     
 b_para_n=   0.9897876498537577     
 dxdt=   8.1145820820653275E-002   -1760.844874486259      
    3277.494705795238     
 dudt=    87396.50899375790     
 ---------------------
 rk4
 istep=      7000001
 grad_b=   0.6856300723427302       -4.6187678044746480E-002 
  -0.1602150491497150     
 bsub=  -1.3262830046507492E-002   0.1291443390353587      
    1.575444661492184     
 bsup=    0.000000000000000       -0.5952692190110864      
    1.105331967241245     
 b_abs=    1.290452589009273     
 g=  -8.1390744091993789E-003
 j=    0.000000000000000         211.2690937323929      
   -268.0879899547111     
 v_perp_2=    5273819.452613228     
 b_n=  -1.3316631914113921E-004  -0.5980259832069158      
    1.105556818676601     
 b_para_n=    1.290452578676288     
 dxdt=  -0.4240172248175912        -1537.036989974418      
    2838.480133828199     
 dudt=    236882.7668191877     
 ---------------------
 rk4
 istep=      8000001
 grad_b=   -1.172096255453491        6.3509809285258345E-002 
  -0.1201017851518782     
 bsub=   6.9944101885245930E-003  -8.6541835133646369E-002 
    1.190237562136307     
 bsup=    0.000000000000000       -0.7217607288526819      
   0.8720941546770368     
 b_abs=    1.049033620694598     
 g=  -2.0292024551689550E-002
 j=    0.000000000000000        -761.2929549488131      
    2.723667158590956     
 v_perp_2=    4287187.312113427     
 b_n=   1.0564347894366768E-004  -0.7195016162713053      
   0.8722577958165398     
 b_para_n=    1.049033623550757     
 dxdt=   0.4107268430294413        -2370.907450531261      
    2875.985565168312     
 dudt=    293310.9833960644     
 ---------------------
 rk4
 istep=      9000001
 grad_b=   0.6174579423917854       -6.1681074340793229E-002 
  -0.1916492629918723     
 bsub=  -2.5782534907182918E-002   0.1740437186704931      
    1.890134720426204     
 bsup=    0.000000000000000       -0.9223451091496395      
    1.079813811348848     
 b_abs=    1.371168628712854     
 g=  -8.4431117872372872E-003
 j=    0.000000000000000        -245.7019294162923      
    44.01344317959329     
 v_perp_2=    5603686.789909395     
 b_n=  -1.7897511345281122E-004  -0.9248441341987010      
    1.080041481070256     
 b_para_n=    1.371168629635237     
 dxdt=  -0.5379785540568977        -2202.348408050366      
    2570.237636827108     
 dudt=    223620.0524707521     
 ---------------------
 rk4
 istep=     10000001
 grad_b=   -1.070231584855924        0.1240027583169708      
  -0.1497140933077042     
 bsub=   2.6558169686731942E-002  -0.1564867588797694      
    1.386094099552217     
 bsup=    0.000000000000000       -0.9245936685895311      
   0.8692685909379172     
 b_abs=    1.161797227214751     
 g=  -2.0077790142771935E-002
 j=    0.000000000000000         574.7666828638119      
    154.1630373817416     
 v_perp_2=    4748027.021391956     
 b_n=   1.9435234013118554E-004  -0.9226567301809555      
   0.8694835462718232     
 b_para_n=    1.161797231302138     
 dxdt=   0.6844429039474249        -2692.202793745342      
    2538.279029756406     
 dudt=    430550.0876612176     
 ---------------------
 rk4
 istep=     11000001
 grad_b=   0.4485266799454276        1.9640885534668716E-002 
  -2.0727745569067674E-002
 bsub=  -3.5354722562586330E-002   0.1813421272935753      
    2.085529122289889     
 bsup=    0.000000000000000        -1.243914192895117      
    1.077527410420649     
 b_abs=    1.422464718765989     
 g=  -8.4691560909228147E-003
 j=    0.000000000000000        -104.7741477721100      
    104.6535293743185     
 v_perp_2=    5813320.455800510     
 b_n=   8.8198385486277026E-005   -1.245757591935531      
    1.077689196740738     
 b_para_n=    1.422464722948338     
 dxdt=   0.2560958348895431        -2830.428275028552      
    2447.661496279629     
 dudt=    67180.65687134767     
 ---------------------
 rk4
 istep=     12000001
 grad_b=  -0.6224307147516579        8.1887902201832466E-002 
  -7.4600691870484154E-002
 bsub=   2.5747893338089203E-002  -0.2365652966748678      
    1.507999980253640     
 bsup=    0.000000000000000        -1.231218830202585      
   0.8962179226142806     
 b_abs=    1.281804712531029     
 g=  -1.7467237171498937E-002
 j=    0.000000000000000         380.3969291198611      
   -147.0001934991129     
 v_perp_2=    5238470.531789373     
 b_n=   1.2802597917883294E-004   -1.230085751817355      
   0.8963934796577008     
 b_para_n=    1.281804704255907     
 dxdt=   0.4102727768324805        -3183.773651880532      
    2320.710045316975     
 dudt=    267308.8828905442     
 ---------------------
 rk4
 istep=     13000001
 grad_b=   0.3270381536196634        9.8733212630820549E-002 
   0.2056081779372066     
 bsub=  -4.9142523347161252E-002   0.1303739068449551      
    1.982199783737451     
 bsup=    0.000000000000000        -1.539837469611073      
    1.064056916449636     
 b_abs=    1.381010530259372     
 g=  -9.4485289197115442E-003
 j=    0.000000000000000        -295.4114387381859      
    141.7176413181205     
 v_perp_2=    5643902.816075756     
 b_n=   3.1934008374808067E-004   -1.541082219383595      
    1.064146707390322     
 b_para_n=    1.381010535700895     
 dxdt=   0.9534359543257136        -3634.962552561040      
    2509.528108392072     
 dudt=   -98759.47333819995     
 ---------------------
 rk4
 istep=     14000001
 grad_b=  -0.3481672775192710       -0.1439985306116894      
   8.2655047287874081E-002
 bsub=   2.2660009771096869E-002  -0.2314391410037233      
    1.474918185466944     
 bsup=    0.000000000000000        -1.178571801085427      
   0.8972383559923209     
 b_abs=    1.263414104046343     
 g=  -1.7936820158038897E-002
 j=    0.000000000000000        -406.4883322045832      
    57.50641162868882     
 v_perp_2=    5163309.347793655     
 b_n=  -2.3512264518790597E-004   -1.177944771917765      
   0.8973403638005973     
 b_para_n=    1.263414108952178     
 dxdt=  -0.7639477053575354        -3104.033034144762      
    2364.960773552358     
 dudt=   -394431.4752212832     
 ---------------------
 rk4
 istep=     15000001
 grad_b=  -0.2348683791369580        0.1650107896124715      
   0.3105974035413210     
 bsub=  -5.9204229769570321E-002   4.2885257541314149E-003 
    1.566452956227177     
 bsup=    0.000000000000000        -1.336796795846775      
   0.9743709017412598     
 b_abs=    1.233153255038100     
 g=  -1.3414628279355415E-002
 j=    0.000000000000000        -154.9208137713154      
   -123.7919704257090     
 v_perp_2=    5039638.674616604     
 b_n=   4.4154948681597632E-004   -1.336196640782394      
   0.9743859426471332     
 b_para_n=    1.233153249405911     
 dxdt=    1.468347169194519        -3627.599062555149      
    2645.606633563506     
 dudt=   -135962.7559978376     
 ---------------------
 rk4
 istep=     16000001
 grad_b=   0.1879913336514969       -0.1705196172505453      
   9.6921199151417309E-002
 bsub=   6.8179591468598491E-002  -0.1569711434379908      
    1.501655991391787     
 bsup=    0.000000000000000        -1.015841207358815      
   0.9365808219835882     
 b_abs=    1.251188007691482     
 g=  -1.8432252528837394E-002
 j=    0.000000000000000         128.9271608220594      
   -327.3785315091968     
 v_perp_2=    5113341.473633567     
 b_n=  -2.9140252340194279E-004   -1.016174761130829      
   0.9365591735104377     
 b_para_n=    1.251187993347181     
 dxdt=  -0.9556574465039105        -2710.541203627041      
    2497.973358961370     
 dudt=   -431147.1443921480     
 ---------------------
 rk4
 istep=     17000001
 grad_b=   -1.154757097578368        6.3124521791164581E-002 
   0.1823896506236547     
 bsub=  -2.5493032103138143E-002  -8.3137969659481920E-002 
    1.186261085423997     
 bsup=    0.000000000000000       -0.8224326470640465      
   0.8811717262828401     
 b_abs=    1.055325642087109     
 g=  -1.7915043896362965E-002
 j=    0.000000000000000        -521.3615216874662      
    372.2586186692739     
 v_perp_2=    4312892.811309795     
 b_n=   1.6312402763973464E-004  -0.8199595255491454      
   0.8813485757992198     
 b_para_n=    1.055325661864620     
 dxdt=   0.6305250667542953        -2682.988203098329      
    2885.535994152773     
 dudt=   -210667.7306341557     
 ---------------------
 rk4
 istep=     18000001
 grad_b=   0.7097137987055302       -6.1941320453000853E-002 
   0.1551291339080037     
 bsub=   7.8825592548701778E-002   2.0763928403465519E-002 
    1.592066662249060     
 bsup=    0.000000000000000       -0.6351319896533467      
    1.015611330643039     
 b_abs=    1.266309918991456     
 g=  -1.2947588477367367E-002
 j=    0.000000000000000        -580.3680787861451      
    636.4871148388579     
 v_perp_2=    5175139.232090403     
 b_n=  -1.7076432147581009E-004  -0.6370062078470969      
    1.015644250950741     
 b_para_n=    1.266309946309562     
 dxdt=  -0.5536252329734314        -1675.217597325787      
    2669.156391299503     
 dudt=   -317716.1820907401     
 ---------------------
 rk4
 istep=     19000001
 grad_b=  -0.9177608918776816        9.7979137609450866E-003 
   4.7663042092223655E-002
 bsub=   7.1941921251350467E-003  -8.0941206749598427E-002 
    1.001997227542861     
 bsup=    0.000000000000000       -0.5105153842703504      
   0.9373861092471670     
 b_abs=   0.9904530599798255     
 g=  -1.7585842515013016E-002
 j=    0.000000000000000         1170.714534731650      
   -217.7992566611982     
 v_perp_2=    4047770.391657741     
 b_n=   2.8968409451977109E-005  -0.5085666388299364      
   0.9375433061804224     
 b_para_n=   0.9904530453279533     
 dxdt=   0.1191125312669593        -1792.493023304761      
    3306.656791704191     
 dudt=   -81856.53788087741     
 ---------------------
 rk4
 istep=     20000001
 grad_b=   0.8101444150988274       -1.1099646429552724E-002 
   0.1673225026077221     
 bsub=   2.9709790530110809E-002   6.6229809851266391E-002 
    1.342188158389866     
 bsup=    0.000000000000000        0.1396001803904513      
    1.074693952282503     
 b_abs=    1.204856829548799     
 g=  -9.5920749899133413E-003
 j=    0.000000000000000        -142.5294538111601      
   -322.9276211087140     
 v_perp_2=    4923991.189025763     
 b_n=  -6.5687549817168515E-005   0.1368634118393964      
    1.074830439078735     
 b_para_n=    1.204856816051420     
 dxdt=  -0.2233626357064198         380.6260494958420      
    3002.306003221804     
 dudt=   -302340.7283632909     
 ---------------------
 rk4
 istep=     21000001
 grad_b=  -0.4886174130688817       -6.1037746285245685E-003 
  -2.2863975106343803E-002
 bsub=   2.9092538600108707E-002  -5.6806211688189071E-002 
   0.9134543727822921     
 bsup=    0.000000000000000       -0.3199702009850247      
    1.042167050402569     
 b_abs=   0.9847001434537910     
 g=  -1.5153054159823598E-002
 j=    0.000000000000000         432.0319957812935      
   -65.50842268539577     
 v_perp_2=    4024257.389068386     
 b_n=  -1.7114199264693785E-005  -0.3188606638551847      
    1.042236591432181     
 b_para_n=   0.9847001394535988     
 dxdt=  -7.0771766091516419E-002   -1131.581364868712      
    3700.877504612181     
 dudt=    45393.84663063441     
 ---------------------
 rk4
 istep=     22000001
 grad_b=   0.5259333027064644        1.7701264455023864E-002 
   0.1415474695629066     
 bsub=  -1.2922081975374769E-002   5.5730195989795742E-002 
    1.112120200396691     
 bsup=    0.000000000000000        0.3011777971305503      
    1.096537971256318     
 b_abs=    1.111547519120028     
 g=  -1.0818433822384470E-002
 j=    0.000000000000000         394.8795459759905      
   -265.3182950280627     
 v_perp_2=    4542653.873935183     
 b_n=   3.1593220971434226E-005   0.2996065692853126      
    1.096617065257013     
 b_para_n=    1.111547509178890     
 dxdt=   0.1161187978167393         921.3198605084764      
    3375.687823715608     
 dudt=   -295131.5685612360     
 ---------------------
 rk4
 istep=     23000001
 grad_b=  -5.0399957750790203E-002  -2.4471023154826514E-002 
  -7.9529458251751839E-002
 bsub=   3.7402773023771409E-002  -2.2629864513797893E-003 
   0.9515990116160065     
 bsup=    0.000000000000000        5.5493554573692205E-002 
    1.095458041938711     
 b_abs=    1.020572758905636     
 g=  -1.3165078045114907E-002
 j=    0.000000000000000        -154.4507868974761      
    99.36139217028732     
 v_perp_2=    4170858.891396323     
 b_n=  -6.2223262929936291E-005   5.5612830986241993E-002 
    1.095460775750051     
 b_para_n=    1.020572763068675     
 dxdt=  -0.2484815972158677         189.4566486063346      
    3730.534598631418     
 dudt=    177153.1363413873     
 ---------------------
 rk4
 istep=     24000001
 grad_b=   1.4840762010832953E-002   2.8482266759476925E-002 
   8.8956745856342501E-002
 bsub=  -3.6946699471373530E-002   4.7672365420902280E-003 
   0.9624007954874758     
 bsup=    0.000000000000000        9.3157050442035261E-002 
    1.101095482987684     
 b_abs=    1.029387938193508     
 g=  -1.2810030443489519E-002
 j=    0.000000000000000         265.9307205380620      
    16.75911897009415     
 v_perp_2=    4206883.382517514     
 b_n=   7.2179960520469194E-005   9.3110071198485134E-002 
    1.101098487498390     
 b_para_n=    1.029387938942514     
 dxdt=   0.2858372798438055         313.8692326119977      
    3712.075010255549     
 dudt=   -199702.6437761780     
 ---------------------
 rk4
 istep=     25000001
 grad_b=   0.4577183647070596       -1.4595679498747793E-002 
  -0.1352593180386643     
 bsub=   1.5927645886575435E-002   5.1289170814056234E-002 
    1.089440074309244     
 bsup=    0.000000000000000        0.3151120882418001      
    1.092082543512714     
 b_abs=    1.097730761070530     
 g=  -1.1307364771311933E-002
 j=    0.000000000000000        -360.6635174408863      
   -162.3044461514900     
 v_perp_2=    4486184.628979800     
 b_n=  -2.3605251419918442E-005   0.3137932356290151      
    1.092144970819882     
 b_para_n=    1.097730753761943     
 dxdt=  -8.7817491183858731E-002    979.6561392265160      
    3412.426395416715     
 dudt=    283527.1054702682     
 ---------------------
 rk4
 istep=     26000001
 grad_b=  -0.4388800970031028        1.0380076833027184E-002 
   3.0525342337225661E-002
 bsub=  -3.0706374613412551E-002  -5.4240410222904753E-002 
   0.9056605663628915     
 bsup=    0.000000000000000       -0.2869078520735148      
    1.058953395592998     
 b_abs=   0.9870954869178737     
 g=  -1.4551990468367941E-002
 j=    0.000000000000000         648.8156779620510      
   -178.9955622849756     
 v_perp_2=    4034041.289281911     
 b_n=   2.8512706423775688E-005  -0.2858852226665493      
    1.059015597899568     
 b_para_n=   0.9870954776136196     
 dxdt=   0.1176281613655297        -1011.672049344971      
    3749.826595847196     
 dudt=   -60750.87233705803     
 ---------------------
 rk4
 istep=     27000001
 grad_b=   0.7896979128189744        2.0959390612855913E-002 
  -0.1697713748129503     
 bsub=  -2.7670286543719426E-002   5.8714644401915761E-002 
    1.306742702339976     
 bsup=    0.000000000000000        0.2827495779254737      
    1.067570586424072     
 b_abs=    1.188027670689352     
 g=  -9.9035729235926896E-003
 j=    0.000000000000000        -980.5797738792219      
   -170.4003442878766     
 v_perp_2=    4855205.893326788     
 b_n=   9.4378255695343151E-005   0.2801543212819324      
    1.067689187106465     
 b_para_n=    1.188027661878002     
 dxdt=   0.3252936461978173         794.4490768972696      
    3033.764122212700     
 dudt=    301542.2129196617     
 ---------------------
 rk4
 istep=     28000001
 grad_b=  -0.8739463905074991       -1.1793663259173623E-002 
  -3.8567747202750344E-002
 bsub=  -7.7908564124316978E-003  -8.3810449353192776E-002 
   0.9787646806860957     
 bsup=    0.000000000000000       -0.4847440223970202      
   0.9537952889465848     
 b_abs=   0.9873132588391128     
 g=  -1.6959176049856476E-002
 j=    0.000000000000000         969.8790800310155      
    50.84619454220706     
 v_perp_2=    4034929.161639502     
 b_n=  -3.2679461316683241E-005  -0.4828514360826078      
   0.9539570872263520     
 b_para_n=   0.9873132573534363     
 dxdt=  -0.1347889258810970        -1708.147306278762      
    3377.023093941861     
 dudt=    64301.47659199153     
 ---------------------
 rk4
 istep=     29000001
 grad_b=   0.6810357615751959        9.2031713379986668E-002 
  -0.1528485055043260     
 bsub=  -7.2820079174424832E-002  -8.7774869447837175E-003 
    1.527919122177118     
 bsup=    0.000000000000000       -0.5247990444252802      
   0.9982408927445748     
 b_abs=    1.236992174830377     
 g=  -1.4037480023835001E-002
 j=    0.000000000000000        -989.3645767533751      
    472.3780426968913     
 v_perp_2=    5055310.515275181     
 b_n=   2.2696232314330745E-004  -0.5264766440530783      
   0.9982420893255546     
 b_para_n=    1.236992195827641     
 dxdt=   0.7525046339470511        -1425.051371768095      
    2700.070222901098     
 dudt=    331830.4369699736     
 ---------------------
 Elapsed time (seconds):     159.7045850000000     

real	2m39.716s
user	2m38.910s
sys	0m0.024s
>>> [PID 3677128] DONE  u=3500, v_perp=2000, out=gc_grid/dat260.dat
