>>> [PID 3656461] START u=3000, v_perp=0, out=gc_grid/dat217.dat, dt=2e-09, steps=30000000
 outer boundary:   8.3000000000000462E-002
 rk4
 istep=            1
 grad_b=  -0.5028823598975083        4.9319133123886666E-003 
  -7.9832392948730041E-003
 bsub=   8.6923922683384107E-003   4.2252335423107870E-002 
    1.020727086478859     
 bsup=    0.000000000000000        0.5003141371238692      
   0.9181485693366493     
 b_abs=   0.9787596672212211     
 g=  -1.6418725146473110E-002
 j=    0.000000000000000         576.0999449326901      
    59.09525356061513     
 v_perp_2=    0.000000000000000     
 b_n=   1.0718092172366983E-005   0.5013382628611887      
   0.9181060883844349     
 b_para_n=   0.9787596707066992     
 dxdt=   3.2852065199912066E-002    1536.653821767721      
    2814.090473470969     
 dudt=    0.000000000000000     
 ---------------------
 rk4
 istep=      1000001
 grad_b=  -0.4931698684616088       -0.1040349506931363      
  -0.1192643771417975     
 bsub=   5.0222307654015197E-002  -4.7542265322788088E-002 
   0.9325993120226010     
 bsup=    0.000000000000000       -0.5777122135102679      
    1.107344921149926     
 b_abs=    1.030183200783315     
 g=  -9.5554432110105426E-003
 j=    0.000000000000000         467.5445627678684      
   -143.7810317234762     
 v_perp_2=    0.000000000000000     
 b_n=  -3.1781825929601536E-004  -0.5763073244265281      
    1.107433648634999     
 b_para_n=    1.030183194974224     
 dxdt=  -0.9255196381959062        -1678.266527462471      
    3224.961309903841     
 dudt=    0.000000000000000     
 ---------------------
 rk4
 istep=      2000001
 grad_b=  -0.7931865078415831        0.1151041555676023      
  -8.8045320537741389E-002
 bsub=  -1.0670039303256782E-002  -6.5403624430761836E-002 
    1.165840026543300     
 bsup=    0.000000000000000       -0.6118000501632094      
   0.8883283057617269     
 b_abs=    1.037263349427495     
 g=  -2.0608413143812173E-002
 j=    0.000000000000000         811.3859870196442      
    278.2680123994161     
 v_perp_2=    0.000000000000000     
 b_n=   1.8179290055955543E-004  -0.6104897809290061      
   0.8884034845251840     
 b_para_n=    1.037263359374143     
 dxdt=   0.5257861436537519        -1765.674383689864      
    2569.463607760780     
 dudt=    0.000000000000000     
 ---------------------
 rk4
 istep=      3000001
 grad_b=   0.3789974002761544       -9.5032440922914851E-002 
  -0.2309892940879080     
 bsub=   4.5984424956308577E-002   0.1180898769298883      
    1.895107738517292     
 bsup=    0.000000000000000        -1.654239641812080      
    1.065151064046403     
 b_abs=    1.350429054991308     
 g=  -8.9020171501811990E-003
 j=    0.000000000000000        -176.5078476640773      
   -97.91138361775396     
 v_perp_2=    0.000000000000000     
 b_n=  -2.9543617324195772E-004   -1.655648713480707      
    1.065246033071661     
 b_para_n=    1.350429050527699     
 dxdt=  -0.6563162421450693        -3678.050422938709      
    2366.461309438066     
 dudt=    0.000000000000000     
 ---------------------
 rk4
 istep=      4000001
 grad_b=   -1.098810028697961       -0.1142947775937902      
   0.1588399193619544     
 bsub=  -3.5844612132886269E-002  -0.1685658984399983      
    1.423894187294772     
 bsup=    0.000000000000000       -0.9990470482367850      
   0.8718250671882439     
 b_abs=    1.187487604096885     
 g=  -2.0178863568720690E-002
 j=    0.000000000000000         654.3138005457754      
   -13.60493508413527     
 v_perp_2=    0.000000000000000     
 b_n=  -1.4996905918041200E-004  -0.9973276149289705      
   0.8720248418158711     
 b_para_n=    1.187487600470293     
 dxdt=  -0.3788731582233404        -2519.590809707795      
    2203.033130124090     
 dudt=   -0.000000000000000     
 ---------------------
 rk4
 istep=      5000001
 grad_b=   0.7357327877498223       -2.7647117410336923E-003 
   0.1680253192965991     
 bsub=   5.8567775605065694E-002   9.7042953653446673E-002 
    1.636186366223073     
 bsup=    0.000000000000000       -0.6453211980685382      
    1.062408211408477     
 b_abs=    1.294461937926791     
 g=  -9.9466480455635831E-003
 j=    0.000000000000000        -1993.795839224457      
   -46.96904674915380     
 v_perp_2=    0.000000000000000     
 b_n=  -3.9222577407218763E-005  -0.6475695385295941      
    1.062542960448315     
 b_para_n=    1.294461931563972     
 dxdt=  -9.0900882716179895E-002   -1500.784664437059      
    2462.512649942239     
 dudt=   -0.000000000000000     
 ---------------------
 rk4
 istep=      6000001
 grad_b=  -0.4830804711990751       -7.8339599572442506E-003 
  -2.4778431295453235E-002
 bsub=   2.8831944988180230E-002  -5.8347395101499507E-002 
   0.9088584791826385     
 bsup=    0.000000000000000       -0.3199119165603159      
    1.046381385391093     
 b_abs=   0.9844534640019382     
 g=  -1.4959513719642163E-002
 j=    0.000000000000000         456.3913103064711      
   -78.72440488814794     
 v_perp_2=    0.000000000000000     
 b_n=  -1.8542725900294074E-005  -0.3189630029380059      
    1.046442888176118     
 b_para_n=   0.9844534600065965     
 dxdt=  -5.6506660762317279E-002   -972.0002495675176      
    3188.905105282803     
 dudt=    0.000000000000000     
 ---------------------
 rk4
 istep=      7000001
 grad_b=  -0.1155336772033541        1.0337559292006263E-002 
   6.8724459479916317E-002
 bsub=  -3.6262221223759585E-002  -4.9778823626388385E-003 
   0.9505276954426771     
 bsup=    0.000000000000000        1.1747824346801661E-002 
    1.075206200024741     
 b_abs=    1.010775443642831     
 g=  -1.4039325947897596E-002
 j=    0.000000000000000        -681.7488934094633      
    158.0875562127044     
 v_perp_2=    0.000000000000000     
 b_n=   2.2248861019832876E-005   1.1982634690666615E-002 
    1.075208284810932     
 b_para_n=    1.010775449574539     
 dxdt=   6.6035025967037447E-002    35.56467867035279      
    3191.237832092722     
 dudt=   -0.000000000000000     
 ---------------------
 rk4
 istep=      8000001
 grad_b=   0.7590640038387965       -3.4548513533221838E-002 
  -0.1616756512369676     
 bsub=  -6.7076945336768772E-003   9.4238997145293615E-002 
    1.359299106982392     
 bsup=    0.000000000000000       -0.2337090498432234      
    1.121816845858971     
 b_abs=    1.225640085615761     
 g=  -8.1774087935201616E-003
 j=    0.000000000000000        -244.2396138058463      
    209.6070932492636     
 v_perp_2=    0.000000000000000     
 b_n=  -8.1056167284040818E-005  -0.2363424330950607      
    1.121999022190181     
 b_para_n=    1.225640092491829     
 dxdt=  -0.1984012299709783        -578.4955172636938      
    2746.317689173491     
 dudt=    0.000000000000000     
 ---------------------
 rk4
 istep=      9000001
 grad_b=   -1.127611692235223        0.1040418603190014      
  -0.1377363596011233     
 bsub=   1.6869873186415588E-002  -0.1189247651983635      
    1.292656032218990     
 bsup=    0.000000000000000       -0.8000596557026541      
   0.8648683804828970     
 b_abs=    1.101455144352112     
 g=  -2.0613659980650484E-002
 j=    0.000000000000000        -573.7533776011664      
    385.8671672226081     
 v_perp_2=    0.000000000000000     
 b_n=   1.4822309435162393E-004  -0.7982333489251350      
   0.8650344825995767     
 b_para_n=    1.101455162785181     
 dxdt=   0.4037107438222580        -2174.123947742072      
    2356.068168255395     
 dudt=    0.000000000000000     
 ---------------------
 rk4
 istep=     10000001
 grad_b=   0.3997628092524172        1.7266109928723371E-002 
   3.6539684273228915E-002
 bsub=  -5.4935997158200179E-003   0.1957313902571525      
    2.178588242389511     
 bsup=    0.000000000000000        -1.570938659987572      
    1.081114638947868     
 b_abs=    1.431922022764297     
 g=  -6.9168790968428991E-003
 j=    0.000000000000000         524.1954119036538      
   -489.7648309737930     
 v_perp_2=    0.000000000000000     
 b_n=   6.7414381472537737E-005   -1.572866376332122      
    1.081287989000113     
 b_para_n=    1.431922004214316     
 dxdt=   0.1412389388684494        -3295.290605988995      
    2265.391520944063     
 dudt=   -0.000000000000000     
 ---------------------
 rk4
 istep=     11000001
 grad_b=   -1.098711565470855       -0.1082414929232887      
   0.1325434751783573     
 bsub=  -1.3590832132425013E-002  -0.1154180900099128      
    1.279016245435066     
 bsup=    0.000000000000000       -0.7820961204923299      
   0.8662266915482635     
 b_abs=    1.094597687752011     
 g=  -2.0564187626532431E-002
 j=    0.000000000000000        -951.2376971017534      
    444.2341435551092     
 v_perp_2=    0.000000000000000     
 b_n=  -1.5686022504851285E-004  -0.7803084337232598      
   0.8663863642342152     
 b_para_n=    1.094597710068749     
 dxdt=  -0.4299119857614014        -2138.617027640914      
    2374.533647196648     
 dudt=   -0.000000000000000     
 ---------------------
 rk4
 istep=     12000001
 grad_b=   0.7166070218199849        5.2464883571337967E-002 
   0.1639730389441839     
 bsub=  -4.7245687054882600E-003   9.2325858737904318E-002 
    1.320723370525886     
 bsup=    0.000000000000000       -0.2777689819442081      
    1.132042388687628     
 b_abs=    1.212201123486469     
 g=  -8.0727622446075242E-003
 j=    0.000000000000000        -631.9484190847528      
    15.44445201661091     
 v_perp_2=    0.000000000000000     
 b_n=   1.4327348679296821E-004  -0.2802750795132042      
    1.132218090341832     
 b_para_n=    1.212201122467973     
 dxdt=   0.3545785038573586        -693.6350931830023      
    2802.055045214032     
 dudt=   -0.000000000000000     
 ---------------------
 rk4
 istep=     13000001
 grad_b=  -4.7293291352427269E-002   1.9337495197083165E-003 
  -7.7723397702230135E-002
 bsub=   3.3394531792017186E-002   8.7874276099583256E-003 
   0.9720411594077278     
 bsup=    0.000000000000000        8.7818211985883465E-002 
    1.061954506612382     
 b_abs=    1.016193382653626     
 g=  -1.4275725289813237E-002
 j=    0.000000000000000        -153.4023741331828      
    71.14898531244575     
 v_perp_2=    0.000000000000000     
 b_n=   5.4558187568440922E-006   8.7910550557388001E-002 
    1.061953487127561     
 b_para_n=    1.016193385243506     
 dxdt=   1.6106635319821743E-002    259.5289986157183      
    3135.092697557040     
 dudt=    0.000000000000000     
 ---------------------
 rk4
 istep=     14000001
 grad_b=  -0.5712488246239023        7.0125601019035422E-003 
   1.5118226219936810E-002
 bsub=  -2.3069619227643660E-002  -7.2260778425423472E-002 
   0.8992597291799971     
 bsup=    0.000000000000000       -0.3732610119120676      
    1.043267061143159     
 b_abs=   0.9820290323788314     
 g=  -1.4627651899037825E-002
 j=    0.000000000000000        -110.4453437236417      
    135.6309821918885     
 v_perp_2=    0.000000000000000     
 b_n=   1.6460463242969681E-005  -0.3721189011603489      
    1.043359264501917     
 b_para_n=   0.9820290376931752     
 dxdt=   5.0285060658601159E-002   -1136.785838943635      
    3187.357678199035     
 dudt=   -0.000000000000000     
 ---------------------
 rk4
 istep=     15000001
 grad_b=   0.6978721501497233        5.2672649447465678E-002 
  -0.1568510666546633     
 bsub=  -8.2091890066331705E-002   3.3817107916018246E-002 
    1.637110023764177     
 bsup=    0.000000000000000       -0.7299794462724057      
    1.022610161543658     
 b_abs=    1.284111874384312     
 g=  -1.2559620116027575E-002
 j=    0.000000000000000        -266.0951254037045      
    326.8260996627124     
 v_perp_2=    0.000000000000000     
 b_n=   1.3871500642888813E-004  -0.7316913086618291      
    1.022652488429408     
 b_para_n=    1.284111886966328     
 dxdt=   0.3240722428555608        -1709.410175441391      
    2389.166782449285     
 dudt=    0.000000000000000     
 ---------------------
 rk4
 istep=     16000001
 grad_b=   -1.200498989609533        6.0031850302994953E-002 
  -0.1897760871568899     
 bsub=   4.9183076806494426E-002  -0.1491364321899845      
    1.446117010858400     
 bsup=    0.000000000000000        -1.038171328225455      
   0.8763060162751014     
 b_abs=    1.192514578650046     
 g=  -2.0842814287835555E-002
 j=    0.000000000000000         192.4964491794252      
   -187.7019526182094     
 v_perp_2=    0.000000000000000     
 b_n=   6.1953822972211992E-005   -1.036342977857635      
   0.8764924580653893     
 b_para_n=    1.192514570326000     
 dxdt=   0.1558567698387339        -2607.120290968841      
    2204.985531939742     
 dudt=    0.000000000000000     
 ---------------------
 rk4
 istep=     17000001
 grad_b=  -0.2561911578486221        0.1624661131199238      
   0.3054957238185352     
 bsub=  -6.1388626327670531E-002   8.0681603744879767E-003 
    1.615202781616241     
 bsup=    0.000000000000000        -1.331712551269046      
   0.9772302249164034     
 b_abs=    1.252255137625613     
 g=  -1.3918488753480578E-002
 j=    0.000000000000000        -110.6802793265771      
   -19.15727502497876     
 v_perp_2=    0.000000000000000     
 b_n=   3.7379313427552476E-004   -1.331144502363107      
   0.9772415934794869     
 b_para_n=    1.252255136824934     
 dxdt=   0.8954879639542210        -3188.993512308193      
    2341.156122443057     
 dudt=   -0.000000000000000     
 ---------------------
 rk4
 istep=     18000001
 grad_b=  -0.1744811753245007       -0.1924931305524489      
   0.1148038902533977     
 bsub=   2.6260666642724903E-002  -7.4590634228488301E-002 
    1.276621171483064     
 bsup=    0.000000000000000       -0.5440206012094642      
   0.9115500421977658     
 b_abs=    1.097400914741554     
 g=  -2.0356555088449097E-002
 j=    0.000000000000000        -268.5069360442450      
    139.4297734538469     
 v_perp_2=    0.000000000000000     
 b_n=  -3.0363809579587797E-004  -0.5437315881043943      
   0.9115731802493001     
 b_para_n=    1.097400921226727     
 dxdt=  -0.8300651746941955        -1486.416434287076      
    2491.996760573976     
 dudt=   -0.000000000000000     
 ---------------------
 rk4
 istep=     19000001
 grad_b=  -0.7300389655195980        5.5743486699721401E-003 
   5.7831014534415193E-003
 bsub=   1.2796628387273627E-004  -9.8253319362765268E-002 
   0.8392308554213800     
 bsup=    0.000000000000000       -0.4429373753858107      
    1.094323837875543     
 b_abs=   0.9803171778771126     
 g=  -1.1308644896282192E-002
 j=    0.000000000000000        -733.4270484317306      
    201.1821645627848     
 v_perp_2=    0.000000000000000     
 b_n=   1.5150715869306417E-005  -0.4411681032163465      
    1.094530985426481     
 b_para_n=   0.9803171877633485     
 dxdt=   4.6364736001029423E-002   -1350.077634228461      
    3349.520948185304     
 dudt=   -0.000000000000000     
 ---------------------
 rk4
 istep=     20000001
 grad_b=  -0.2621315149709937       -2.8764263087188283E-002 
   5.5485295969726373E-002
 bsub=  -2.6746097832504014E-002   2.0843303003814758E-002 
   0.9956384490863368     
 bsup=    0.000000000000000        0.1020103314353505      
   0.9925629097326915     
 b_abs=   0.9948079981786304     
 g=  -1.5889816883309111E-002
 j=    0.000000000000000        -211.5794610046732      
   -80.50867537371072     
 v_perp_2=    0.000000000000000     
 b_n=  -5.9465907643785144E-005   0.1025282453761034      
   0.9925504665904332     
 b_para_n=   0.9948079948084532     
 dxdt=  -0.1793287989866881         309.1900524859921      
    2993.192068530406     
 dudt=   -0.000000000000000     
 ---------------------
 rk4
 istep=     21000001
 grad_b=   0.5789526967206933       -7.8363656042203411E-002 
  -0.1773255117226877     
 bsub=   2.6016911154327596E-002   9.5205850120839874E-002 
    1.365399126424845     
 bsup=    0.000000000000000       -0.5472880402315986      
    1.130060337752911     
 b_abs=    1.220366447736603     
 g=  -7.6485891513080745E-003
 j=    0.000000000000000        -621.3290922173442      
    656.9075027996415     
 v_perp_2=    0.000000000000000     
 b_n=  -2.4828705233331995E-004  -0.5494787746531946      
    1.130217842958649     
 b_para_n=    1.220366469922680     
 dxdt=  -0.6103585892909306        -1350.771562958482      
    2778.389616924475     
 dudt=    0.000000000000000     
 ---------------------
 rk4
 istep=     22000001
 grad_b=  -0.8782054423920421        0.1549671592218394      
  -0.1301637113282018     
 bsub=   1.1721737421685755E-002  -0.1589362473860533      
    1.360681450181518     
 bsup=    0.000000000000000       -0.8832215498079022      
   0.8716680953333699     
 b_abs=    1.151588512827531     
 g=  -1.9707603996411527E-002
 j=    0.000000000000000        -150.5411046768850      
    116.9709980536274     
 v_perp_2=    0.000000000000000     
 b_n=   2.2836972463418802E-004  -0.8817884205779365      
   0.8718335312347221     
 b_para_n=    1.151588518272429     
 dxdt=   0.5949253253500131        -2297.144526677194      
    2271.211072534697     
 dudt=    0.000000000000000     
 ---------------------
 rk4
 istep=     23000001
 grad_b=   0.4130337266169567       -3.1466504126482803E-002 
  -4.5000837524502534E-002
 bsub=   3.0123222733482845E-002   0.1793635920146390      
    2.116328160786592     
 bsup=    0.000000000000000        -1.404488318943053      
    1.078057525433826     
 b_abs=    1.425297771711857     
 g=  -8.0141004576998395E-003
 j=    0.000000000000000        -247.5043548398546      
    52.35787176482486     
 v_perp_2=    0.000000000000000     
 b_n=  -1.1281591505066912E-004   -1.406176017760742      
    1.078202168379327     
 b_para_n=    1.425297773001206     
 dxdt=  -0.2374575696132243        -2959.752083523852      
    2269.425074822764     
 dudt=    0.000000000000000     
 ---------------------
 rk4
 istep=     24000001
 grad_b=   -1.213985342249511       -5.8489435210783328E-002 
   0.1304563279590242     
 bsub=  -1.1605587265122891E-002  -9.1693832447276566E-002 
    1.209424126261848     
 bsup=    0.000000000000000       -0.7475256620766934      
   0.8670387913074028     
 b_abs=    1.057058547338847     
 g=  -2.0441993974914908E-002
 j=    0.000000000000000        -882.8276348702791      
   -141.6306546112641     
 v_perp_2=    0.000000000000000     
 b_n=  -8.0760687050715385E-005  -0.7455103921115477      
   0.8671908034730720     
 b_para_n=    1.057058544150117     
 dxdt=  -0.2292040138107418        -2115.806346499786      
    2461.143164507410     
 dudt=   -0.000000000000000     
 ---------------------
 rk4
 istep=     25000001
 grad_b=   0.7592515995505643        1.5065250031904950E-002 
   0.1601993643129024     
 bsub=   1.1648655719446906E-002   7.5864784040862332E-002 
    1.282800663093453     
 bsup=    0.000000000000000        0.1138841078959900      
    1.103325389766526     
 b_abs=    1.192951137375913     
 g=  -8.9159523103215441E-003
 j=    0.000000000000000        -1343.477190266676      
    373.3466737173454     
 v_perp_2=    0.000000000000000     
 b_n=   1.7740194706453047E-005   0.1114796086825557      
    1.103467440385362     
 b_para_n=    1.192951147823870     
 dxdt=   4.4612542782193426E-002    280.3457850371628      
    2774.968888872590     
 dudt=   -0.000000000000000     
 ---------------------
 rk4
 istep=     26000001
 grad_b=   1.4583070564155864E-002  -2.7982791903002138E-002 
  -8.9615922859474506E-002
 bsub=   3.6520345678948719E-002   5.5374590287128843E-003 
   0.9634826935399121     
 bsup=    0.000000000000000        9.5352361775107752E-002 
    1.099754892728482     
 b_abs=    1.029390977475194     
 g=  -1.2860705748722608E-002
 j=    0.000000000000000         283.8880988444151      
    7.543101956931338     
 v_perp_2=    0.000000000000000     
 b_n=  -6.0947933841928019E-005   9.5312477162024858E-002 
    1.099757432512242     
 b_para_n=    1.029390977804200     
 dxdt=  -0.1776232796559081         277.7733996620113      
    3205.072094739382     
 dudt=    0.000000000000000     
 ---------------------
 rk4
 istep=     27000001
 grad_b=  -0.5910142051011760       -2.6920457015064403E-004 
   5.2539913994673684E-003
 bsub=  -2.6345803379932489E-002  -5.6986804890482919E-002 
   0.9418040986594228     
 bsup=    0.000000000000000       -0.3693871514623270      
    1.000532586789628     
 b_abs=   0.9813569473872248     
 g=  -1.6699688408232802E-002
 j=    0.000000000000000        -273.0431601986583      
    44.08218808527329     
 v_perp_2=    0.000000000000000     
 b_n=   8.9512993314779549E-008  -0.3683012225526560      
    1.000598299256900     
 b_para_n=   0.9813569497246190     
 dxdt=   2.7364047304061386E-004   -1125.893761661358      
    3058.820644835745     
 dudt=   -0.000000000000000     
 ---------------------
 rk4
 istep=     28000001
 grad_b=   0.6853894373986421       -4.1959465499583723E-002 
  -0.1803029961245207     
 bsub=  -3.3048116366594348E-002   0.1454772947120422      
    1.715768762036564     
 bsup=    0.000000000000000       -0.7224105613432406      
    1.085910162638881     
 b_abs=    1.325870319095579     
 g=  -8.7293246017400052E-003
 j=    0.000000000000000        -917.4722435979202      
    246.4302493563370     
 v_perp_2=    0.000000000000000     
 b_n=  -9.3593788843885649E-005  -0.7248034906689319      
    1.086111257565418     
 b_para_n=    1.325870325587046     
 dxdt=  -0.2117713633928247        -1639.987282349085      
    2457.505617114996     
 dudt=    0.000000000000000     
 ---------------------
 rk4
 istep=     29000001
 grad_b=  -0.7484985625824426        0.1324963655181430      
  -0.1196773224302777     
 bsub=   2.3783868314567278E-002  -0.2192725552289710      
    1.479789183974332     
 bsup=    0.000000000000000        -1.144466812002690      
   0.8874581633713645     
 b_abs=    1.250653467399736     
 g=  -1.8001411507596623E-002
 j=    0.000000000000000         12.14544259131205      
   -320.8849203958564     
 v_perp_2=    0.000000000000000     
 b_n=   1.8929453630972274E-004   -1.143235379571396      
   0.8876375822536660     
 b_para_n=    1.250653455359592     
 dxdt=   0.4540695158163445        -2742.331318093283      
    2129.217118738418     
 dudt=    0.000000000000000     
 ---------------------
 Elapsed time (seconds):     155.9341770000000     

real	2m35.946s
user	2m35.337s
sys	0m0.019s
>>> [PID 3656461] DONE  u=3000, v_perp=0, out=gc_grid/dat217.dat
