>>> [PID 3669129] START u=8000, v_perp=1000, out=gc_grid/dat248.dat, dt=2e-09, steps=30000000
 outer boundary:   8.3000000000000462E-002
 rk4
 istep=            1
 grad_b=  -0.5028818300576239        4.9314039420053843E-003 
  -7.9821604562690385E-003
 bsub=   8.6925316520042144E-003   4.2252256935718650E-002 
    1.020727392871955     
 bsup=    0.000000000000000        0.5003041783457289      
   0.9181486621809081     
 b_abs=   0.9787596175466052     
 g=  -1.6418775610801642E-002
 j=    0.000000000000000         576.0999491474695      
    59.08774671910255     
 v_perp_2=    999999.9187923677     
 b_n=   2.8578489814915929E-005   0.5030351701832279      
   0.9180353803265362     
 b_para_n=   0.9787596268403703     
 dxdt=   0.2354143631981410         4111.787957714842      
    7503.656429380741     
 dudt=    2537.452074148775     
 ---------------------
 rk4
 istep=      1000001
 grad_b=   0.6498766748349127       -7.7804142432014750E-002 
   0.1429650066754542     
 bsub=   9.0548580348265059E-002  -3.8418840942144664E-003 
    1.638248075554956     
 bsup=    0.000000000000000       -0.8330756833529935      
    1.005904787553693     
 b_abs=    1.284959253398933     
 g=  -1.3765242808196805E-002
 j=    0.000000000000000         217.3920742474108      
    696.8011656388591     
 v_perp_2=    1312842.689892604     
 b_n=  -4.6619398343120133E-004  -0.8369389563085858      
    1.005921551859409     
 b_para_n=    1.284959325879932     
 dxdt=   -2.925206664607555        -5198.176198715062      
    6247.420507864430     
 dudt=   -82941.39863528214     
 ---------------------
 rk4
 istep=      2000001
 grad_b=   0.4094799298525704       -6.6544882328795546E-002 
  -0.1863960293943456     
 bsub=   2.5650877445281710E-002   0.1703208016668025      
    2.083596322396911     
 bsup=    0.000000000000000        -1.611291990335933      
    1.076214387550975     
 b_abs=    1.402452262636055     
 g=  -7.5391163844197324E-003
 j=    0.000000000000000        -1970.749630559744      
    388.3056937187351     
 v_perp_2=    1432883.559102429     
 b_n=  -6.0133475761180145E-004   -1.616118158712463      
    1.076616316179559     
 b_para_n=    1.402452287864253     
 dxdt=   -3.457099407792986        -9187.892110654388      
    6120.556972169824     
 dudt=    34013.67704108117     
 ---------------------
 rk4
 istep=      3000001
 grad_b=   0.7864494318526640       -3.2825793507806691E-002 
  -0.1615550016836614     
 bsub=  -9.4074055663075154E-003   9.4587306691667178E-002 
    1.383359388628602     
 bsup=    0.000000000000000       -0.2929244148034300      
    1.116901351303170     
 b_abs=    1.231566170235385     
 g=  -8.2753521726937947E-003
 j=    0.000000000000000        -6.916338060521554      
    141.3511756857318     
 v_perp_2=    1258287.851803514     
 b_n=  -2.0048799633302545E-004  -0.3001538611240951      
    1.117394313868719     
 b_para_n=    1.231566183721339     
 dxdt=   -1.312526407919125        -1946.261872156598      
    7243.733347292869     
 dudt=    70857.86173855662     
 ---------------------
 rk4
 istep=      4000001
 grad_b=  -0.1497563809710151       -7.1971855087615139E-003 
  -6.1696218518495716E-002
 bsub=   3.7385108511375872E-002  -8.5959302363426277E-003 
   0.9470564887533521     
 bsup=    0.000000000000000       -9.5842475218193002E-003 
    1.073586014276494     
 b_abs=    1.008372638044341     
 g=  -1.4129016273697215E-002
 j=    0.000000000000000        -745.2082878583565      
    144.2756101686084     
 v_perp_2=    1030250.173602202     
 b_n=  -4.2786708065404804E-005  -8.7717379509071203E-003 
    1.073595093752693     
 b_para_n=    1.008372652836032     
 dxdt=  -0.3421041590607726        -69.52289101850978      
    8515.434539400731     
 dudt=    33520.76445816171     
 ---------------------
 rk4
 istep=      5000001
 grad_b=   -1.052041255218660       -9.5366600578554325E-002 
   0.1126328771065744     
 bsub=  -1.6631609036164494E-003  -8.7010937030942676E-002 
    1.201742180561352     
 bsup=    0.000000000000000       -0.7048455679545989      
   0.8779252856184767     
 b_abs=    1.056526467822701     
 g=  -2.0273029863457220E-002
 j=    0.000000000000000        -439.6720042274214      
    324.0222661321357     
 v_perp_2=    1079447.362004525     
 b_n=  -3.8736686333937670E-004  -0.7001734595346352      
   0.8782630642435970     
 b_para_n=    1.056526508089927     
 dxdt=   -2.956064886401759        -5298.110805948923      
    6646.085002167236     
 dudt=   -80312.74344942797     
 ---------------------
 rk4
 istep=      6000001
 grad_b=   -1.163538510585599        4.1115668994151019E-002 
  -0.1959904312758408     
 bsub=   5.8048311705142693E-002  -0.1485445353226403      
    1.486184463084836     
 bsup=    0.000000000000000        -1.099801504063156      
   0.8882383730001212     
 b_abs=    1.217944592881318     
 g=  -2.0520566240321808E-002
 j=    0.000000000000000        -423.2838177013072      
   -73.85484208364545     
 v_perp_2=    1244365.498072692     
 b_n=   8.7791986468082960E-005   -1.095087448672345      
   0.8887061123469555     
 b_para_n=    1.217944589563532     
 dxdt=   0.5811715108134741        -7178.972868106210      
    5826.290749792367     
 dudt=    91984.16047815193     
 ---------------------
 rk4
 istep=      7000001
 grad_b=   0.1052116414787214       -0.1446481110095121      
  -0.2055907051193385     
 bsub=   5.5377679438545241E-002   2.9459496527324974E-002 
    1.225268219824982     
 bsup=    0.000000000000000       -0.6373124559878064      
    1.081322648805152     
 b_abs=    1.143659688219333     
 g=  -9.1999374352758206E-003
 j=    0.000000000000000         421.8147958546784      
   -178.2295139433350     
 v_perp_2=    1168467.850065607     
 b_n=  -1.1889915488432052E-003  -0.6382869262298564      
    1.081399800958092     
 b_para_n=    1.143659671680785     
 dxdt=   -8.382170848606975        -4459.055165220327      
    7554.529063954104     
 dudt=    58123.36140654170     
 ---------------------
 rk4
 istep=      8000001
 grad_b=  -0.2605404109518398       -3.2393563955213180E-002 
  -5.6278479959639069E-002
 bsub=   3.7915016591531493E-002  -3.5108938388880906E-002 
   0.9021991797920177     
 bsup=    0.000000000000000       -8.2351378612884274E-002 
    1.116435644069984     
 b_abs=    1.005105254605645     
 g=  -1.2271098953128287E-002
 j=    0.000000000000000        -31.03930813761085      
    45.83952796354487     
 v_perp_2=    1026906.634724656     
 b_n=  -2.1060155770197760E-004  -8.0779189541809224E-002 
    1.116505681033771     
 b_para_n=    1.005105259023588     
 dxdt=   -1.689353290717108        -642.7155021932024      
    8884.812887293418     
 dudt=    30578.23675972018     
 ---------------------
 rk4
 istep=      9000001
 grad_b=   -1.198950288417415       -3.7995236302743457E-002 
   0.1150501374670259     
 bsub=  -5.8658767957989588E-003  -7.9944047624857212E-002 
    1.160423088369428     
 bsup=    0.000000000000000       -0.7104991392196204      
   0.8803952573872194     
 b_abs=    1.038377786399666     
 g=  -1.9727635760442546E-002
 j=    0.000000000000000        -277.7807293420854      
   -351.4693729202864     
 v_perp_2=    1060899.561537793     
 b_n=  -1.3722456717803530E-004  -0.7050302584941198      
   0.8807712930607012     
 b_para_n=    1.038377748801393     
 dxdt=   -1.065486297870417        -5428.848161501695      
    6782.543338226975     
 dudt=   -63111.59662463071     
 ---------------------
 rk4
 istep=     10000001
 grad_b=  -0.6942617512521498        0.1224179380316289      
  -0.1109807571991494     
 bsub=   1.9297146454451027E-002  -0.2198027261721385      
    1.493652955413691     
 bsup=    0.000000000000000        -1.174086041474018      
   0.8934553702537260     
 b_abs=    1.261943987569206     
 g=  -1.7491029864704001E-002
 j=    0.000000000000000         12.98271525489287      
   -312.4057784134512     
 v_perp_2=    1289312.806412099     
 b_n=   4.7502430093168685E-004   -1.170983752331833      
   0.8939057332090298     
 b_para_n=    1.261943956634296     
 dxdt=    3.034968854128058        -7406.368280186864      
    5654.054799267679     
 dudt=    98322.04020895025     
 ---------------------
 rk4
 istep=     11000001
 grad_b=  -0.8905987166802561       -5.1330665710366992E-003 
  -4.1798648548681303E-002
 bsub=  -1.1343273812055361E-002  -7.3837209423442518E-002 
    1.001170556562920     
 bsup=    0.000000000000000       -0.4945052629958414      
   0.9450746604236148     
 b_abs=   0.9915220687976224     
 g=  -1.7687676984145098E-002
 j=    0.000000000000000         1122.666441259765      
   -367.8396139071656     
 v_perp_2=    1013024.484582189     
 b_n=  -3.9584222584001807E-005  -0.4902118793666062      
   0.9453908049597247     
 b_para_n=   0.9915220205381620     
 dxdt=  -0.3218769153876077        -3954.550715348238      
    7627.038722319041     
 dudt=    19044.53938411195     
 ---------------------
 rk4
 istep=     12000001
 grad_b=  -7.6101362993826915E-002   7.6240231956224508E-002 
   0.1055451098993922     
 bsub=  -4.5314577823368576E-002  -1.9009695924637471E-003 
   0.9526578739164986     
 bsup=    0.000000000000000       -0.1287331813431274      
    1.146625482714059     
 b_abs=    1.045673273688235     
 g=  -9.8662248349276373E-003
 j=    0.000000000000000         641.0022754105930      
   -250.4506947125719     
 v_perp_2=    1068348.702767553     
 b_n=   5.6471663579145588E-004  -0.1282080658169023      
    1.146653366824928     
 b_para_n=    1.045673250634368     
 dxdt=    4.354177864185101        -980.3077815121854      
    8767.872008035280     
 dudt=   -54327.38385782545     
 ---------------------
 rk4
 istep=     13000001
 grad_b=  -0.7256327558359410        0.1439916087142347      
   0.2410959989718464     
 bsub=  -4.5963535741121823E-002  -5.6117823558914315E-002 
    1.232512959926810     
 bsup=    0.000000000000000       -0.8752989992328228      
   0.9343700872732492     
 b_abs=    1.096096429954827     
 g=  -1.4179074230661212E-002
 j=    0.000000000000000         902.6497438766714      
   -291.6598010365128     
 v_perp_2=    1119864.092274381     
 b_n=   9.3749782626907261E-004  -0.8709635295516862      
   0.9346024162884452     
 b_para_n=    1.096096394086396     
 dxdt=    6.895957709055264        -6350.606263832135      
    6814.939624027364     
 dudt=   -46249.99035843362     
 ---------------------
 rk4
 istep=     14000001
 grad_b=  -0.4368132356748037        5.3235595098298449E-002 
  -3.2231019645946490E-002
 bsub=  -2.1019037081101422E-002  -0.2423428711336301      
    1.512876073752504     
 bsup=    0.000000000000000        -1.260303659905223      
   0.9018596882477571     
 b_abs=    1.292277989033698     
 g=  -1.7131719779530312E-002
 j=    0.000000000000000        -47.06283445027897      
    10.20813236824899     
 v_perp_2=    1320297.938471885     
 b_n=   2.1221941948363360E-004   -1.258373348634149      
   0.9021718486495666     
 b_para_n=    1.292277990720340     
 dxdt=    1.324063208815190        -7770.467869613678      
    5571.028660323647     
 dudt=    38012.71150471792     
 ---------------------
 rk4
 istep=     15000001
 grad_b=  -0.8681437623135899        1.5974065158337394E-002 
  -4.4027039869490296E-002
 bsub=  -1.6915968910537024E-002  -5.6175851883465751E-002 
    1.035195400859779     
 bsup=    0.000000000000000       -0.5079831791293220      
   0.9267100672574399     
 b_abs=   0.9939719440849579     
 g=  -1.8884492751016238E-002
 j=    0.000000000000000         265.7060865580039      
   -575.1381845602816     
 v_perp_2=    1015522.310291599     
 b_n=   6.3075227032439183E-005  -0.5039489838141912      
   0.9269299549895963     
 b_para_n=   0.9939718791253402     
 dxdt=   0.5116286624016397        -4055.292651435571      
    7459.521186739046     
 dudt=    25139.25399556379     
 ---------------------
 rk4
 istep=     16000001
 grad_b=   0.2570270053657429        2.0775695277352395E-002 
   0.1108495755167955     
 bsub=  -2.9438527113308015E-002   3.2755780616717814E-002 
    1.025215266642038     
 bsup=    0.000000000000000        0.2069848552690041      
    1.100561000871633     
 b_abs=    1.065710332381442     
 g=  -1.2021405574139180E-002
 j=    0.000000000000000        -483.2346593007177      
   -21.91545732369158     
 v_perp_2=    1088814.685343664     
 b_n=   1.0823140158125100E-004   0.2053506637447015      
    1.100616317659437     
 b_para_n=    1.065710328837564     
 dxdt=   0.8188159068795575         1540.337653774206      
    8256.298656886405     
 dudt=   -60539.35589349249     
 ---------------------
 rk4
 istep=     17000001
 grad_b=   0.6236249737267558        5.9637250702064881E-002 
   0.1619154944834959     
 bsub=   1.2597702599790733E-003   0.1356435333728386      
    1.628043852590765     
 bsup=    0.000000000000000       -0.7450960070414179      
    1.100379171109837     
 b_abs=    1.300610601342670     
 g=  -7.9456584394096835E-003
 j=    0.000000000000000         81.89828120929380      
   -57.04592157031060     
 v_perp_2=    1328805.667744020     
 b_n=   4.6660846330488467E-004  -0.7514004297800162      
    1.100904070829600     
 b_para_n=    1.300610596272216     
 dxdt=    2.892578516972267        -4610.347602003676      
    6754.230048553363     
 dudt=   -52526.05797278404     
 ---------------------
 rk4
 istep=     18000001
 grad_b=   0.2309968294962171        8.3539359392320267E-002 
   8.9357677339561237E-002
 bsub=  -6.5643812364563306E-002   0.1401635231693930      
    2.003077949992614     
 bsup=    0.000000000000000        -1.192778419436534      
    1.063652739788166     
 b_abs=    1.400992178754783     
 g=  -1.0676782283339511E-002
 j=    0.000000000000000        -389.8160481780081      
    93.59333886887066     
 v_perp_2=    1431361.557925454     
 b_n=   6.1618104526167965E-004   -1.194643457663996      
    1.063803442230866     
 b_para_n=    1.400992185848512     
 dxdt=    3.546142765628055        -6798.790891743744      
    6054.075401770015     
 dudt=    1676.699861153649     
 ---------------------
 rk4
 istep=     19000001
 grad_b=   5.3904622513621839E-002   0.1754561155718176      
  -0.1347789998117521     
 bsub=  -2.7782895586623085E-002  -4.1723338630306361E-002 
    1.268648588146497     
 bsup=    0.000000000000000       -0.3233689067939101      
   0.9275635195977457     
 b_abs=    1.091166102641970     
 g=  -1.9138674189068228E-002
 j=    0.000000000000000         129.1870275958092      
   -112.8757255797144     
 v_perp_2=    1114817.874710772     
 b_n=   7.9615942238707134E-004  -0.3236060940589935      
   0.9275731432719454     
 b_para_n=    1.091166089528626     
 dxdt=    5.882773303466394        -2370.438415939666      
    6794.498589676604     
 dudt=    85089.34352087740     
 ---------------------
 rk4
 istep=     20000001
 grad_b=   5.6304529078068932E-004  -6.1255558731046447E-002 
   0.1298647695379948     
 bsub=  -5.3673984160786184E-003   3.5516605591129929E-002 
    1.066925692670620     
 bsup=    0.000000000000000        0.7057630920080027      
   0.9858414434599811     
 b_abs=    1.037344181417767     
 g=  -1.3162300425948235E-002
 j=    0.000000000000000        -908.0863682760348      
    141.5646305327026     
 v_perp_2=    1059828.025548860     
 b_n=  -4.1323969578036277E-004   0.7057553351763350      
   0.9858396340666836     
 b_para_n=    1.037344193021977     
 dxdt=   -3.211814821917127         5440.241144289712      
    7599.242219093859     
 dudt=   -41756.59141266142     
 ---------------------
 rk4
 istep=     21000001
 grad_b=   0.7575014389750110        2.4913085450690986E-004 
   0.1715738645493288     
 bsub=   6.3393776522467499E-002   0.1007114470035293      
    1.675763667499553     
 bsup=    0.000000000000000       -0.7290343018976426      
    1.060901104091059     
 b_abs=    1.305424958089699     
 g=  -1.0067667354885814E-002
 j=    0.000000000000000        -2141.719092676998      
    43.63313499889256     
 v_perp_2=    1333717.498694627     
 b_n=  -8.2040205055848827E-005  -0.7351576600695169      
    1.061272207520401     
 b_para_n=    1.305424949313507     
 dxdt=  -0.5067045830818560        -4493.877303771609      
    6486.810620213801     
 dudt=   -71157.67791271629     
 ---------------------
 rk4
 istep=     22000001
 grad_b=   0.4103690823608222       -3.6258850785983003E-002 
  -0.1168272170593282     
 bsub=   6.7984070968586784E-003   0.1908628562592991      
    2.150017907927139     
 bsup=    0.000000000000000        -1.536943495459870      
    1.077566175356628     
 b_abs=    1.423034632845498     
 g=  -7.1165934227880754E-003
 j=    0.000000000000000         599.4706723971013      
   -261.5430359530429     
 v_perp_2=    1453874.313459722     
 b_n=  -3.2208821844593826E-004   -1.542053738941160      
    1.078020828485257     
 b_para_n=    1.423034609665879     
 dxdt=   -1.824920024392539        -8638.633486580202      
    6038.906747883544     
 dudt=    25186.24996867535     
 ---------------------
 rk4
 istep=     23000001
 grad_b=   0.7945737812218588       -1.7331787549927213E-002 
  -0.1607584664172789     
 bsub=  -2.6967667857493487E-002   9.1631950732632556E-002 
    1.437480580087871     
 bsup=    0.000000000000000       -0.2877817951065460      
    1.095472556492195     
 b_abs=    1.244242770725905     
 g=  -8.6868221077385632E-003
 j=    0.000000000000000         1186.221320629626      
   -48.78120611154842     
 v_perp_2=    1271206.058594141     
 b_n=  -6.3239727692440128E-005  -0.2948477621615971      
    1.095921791201598     
 b_para_n=    1.244242773340808     
 dxdt=  -0.4097912931396648        -1892.188290436916      
    7031.436528577512     
 dudt=    70254.47336892359     
 ---------------------
 rk4
 istep=     24000001
 grad_b=  -6.8054803425050825E-002   9.7131143758704269E-003 
  -7.3877740626910493E-002
 bsub=   3.3107233002165060E-002   1.0398677674432911E-002 
   0.9760998996505639     
 bsup=    0.000000000000000        9.5350866384751654E-002 
    1.052696059073256     
 b_abs=    1.013965634641619     
 g=  -1.4490068372652432E-002
 j=    0.000000000000000        -227.6445409955247      
    59.13726998752725     
 v_perp_2=    1035937.258075652     
 b_n=   5.7562219658001609E-005   9.5710184839195980E-002 
    1.052690284641265     
 b_para_n=    1.013965640302681     
 dxdt=   0.4577042955508104         754.9464380764580      
    8303.197673522145     
 dudt=    38714.27700169732     
 ---------------------
 rk4
 istep=     25000001
 grad_b=  -0.7903226223069911       -0.1384082273060721      
   0.1017924812784078     
 bsub=   8.2143885192723538E-003  -8.4368003937266872E-002 
    1.208933047782411     
 bsup=    0.000000000000000       -0.6668868404159185      
   0.8854624195474758     
 b_abs=    1.061456876211094     
 g=  -2.0586241250332125E-002
 j=    0.000000000000000         645.9017407770209      
   -121.7635515698706     
 v_perp_2=    1084456.242765735     
 b_n=  -5.7239981822410362E-004  -0.6634384810360778      
   0.8857069435444156     
 b_para_n=    1.061456857396053     
 dxdt=   -4.347796170998829        -4996.689984197890      
    6671.015711344222     
 dudt=   -87798.45085343192     
 ---------------------
 rk4
 istep=     26000001
 grad_b=  -0.4204037201199416       -0.1405251486048364      
  -0.2545390817813595     
 bsub=   7.4490194217725889E-002   3.8592899296298437E-003 
    1.710564781986909     
 bsup=    0.000000000000000        -1.229169246946295      
   0.9834371065766363     
 b_abs=    1.295317013789470     
 g=  -1.5481807524256493E-002
 j=    0.000000000000000         813.2293438756732      
    193.1944640886259     
 v_perp_2=    1323381.794392297     
 b_n=  -7.6935669903455443E-004   -1.226919016269296      
   0.9834655487942264     
 b_para_n=    1.295317034647984     
 dxdt=   -4.788850879102738        -7558.254985676443      
    6058.612823379531     
 dudt=    30600.70284369337     
 ---------------------
 rk4
 istep=     27000001
 grad_b=   0.6265899594206117       -7.2629310431394756E-002 
  -0.1733273663976545     
 bsub=   2.0875590468380872E-002   9.8518435478153560E-002 
    1.386428949160406     
 bsup=    0.000000000000000       -0.5374188296993635      
    1.128310883160287     
 b_abs=    1.228593233575359     
 g=  -7.7484875390592652E-003
 j=    0.000000000000000        -644.4430138734490      
    647.5466556559501     
 v_perp_2=    1255210.927312726     
 b_n=  -5.9716291219770251E-004  -0.5436486510610211      
    1.128762611795577     
 b_para_n=    1.228593291588761     
 dxdt=   -3.918880448621705        -3533.308147145725      
    7335.310994772522     
 dudt=    65085.17313918046     
 ---------------------
 rk4
 istep=     28000001
 grad_b=  -0.1200460816999829       -2.8037348457507657E-002 
  -7.0411414470494510E-002
 bsub=   3.9282665736959280E-002  -1.2999453483603811E-002 
   0.9352910216199707     
 bsup=    0.000000000000000        1.1205146891908768E-002 
    1.103925517814492     
 b_abs=    1.015685762205594     
 g=  -1.2873906977809277E-002
 j=    0.000000000000000        -356.6495013261472      
    125.7080440975311     
 v_perp_2=    1037689.360207441     
 b_n=  -1.7096746673749748E-004   1.1895018320238895E-002 
    1.103942300462615     
 b_para_n=    1.015685774660942     
 dxdt=   -1.357140619090573         93.70701325887022      
    8692.588691298393     
 dudt=    39251.27614773661     
 ---------------------
 rk4
 istep=     29000001
 grad_b=   -1.144825069400230       -4.4538471905672408E-002 
   0.1033114099591021     
 bsub=  -1.1472147538987478E-003  -7.5542436062137369E-002 
    1.144842111063155     
 bsup=    0.000000000000000       -0.6815910893276661      
   0.8847802471713776     
 b_abs=    1.031595945913541     
 g=  -1.9730940620383296E-002
 j=    0.000000000000000         301.3955538290096      
   -261.1238890411641     
 v_perp_2=    1053942.900965178     
 b_n=  -1.7205623597601189E-004  -0.6763697217554502      
   0.8851245781947293     
 b_para_n=    1.031595914132832     
 dxdt=   -1.344720369522366        -5242.685438989407      
    6861.247176012213     
 dudt=   -60296.10266385262     
 ---------------------
 Elapsed time (seconds):     156.8741940000000     

real	2m36.887s
user	2m36.509s
sys	0m0.025s
>>> [PID 3669129] DONE  u=8000, v_perp=1000, out=gc_grid/dat248.dat
