>>> [PID 3682688] START u=0, v_perp=3000, out=gc_grid/dat274.dat, dt=2e-09, steps=30000000
 outer boundary:   8.3000000000000462E-002
 rk4
 istep=            1
 grad_b=  -0.5028826704071080        4.9322213720163002E-003 
  -7.9838891149105889E-003
 bsub=   8.6923089673894768E-003   4.2252382379153845E-002 
    1.020726902504011     
 bsup=    0.000000000000000        0.5003201022014697      
   0.9181485142610455     
 b_abs=   0.9787596970293556     
 g=  -1.6418694877507384E-002
 j=    0.000000000000000         576.0999603997504      
    59.09979045016421     
 v_perp_2=    8999999.999999998     
 b_n=   1.6322737763897184E-013   0.5003201022170652      
   0.9181485142603986     
 b_para_n=   0.9787596970293556     
 dxdt=   1.6427105356706110E-002    1.569517054894909      
  -6.5065291923068452E-002
 dudt=    22842.22521324555     
 ---------------------
 rk4
 istep=      1000001
 grad_b=  -0.4992917108476603        3.1131281817396508E-003 
  -3.9008908091218014E-003
 bsub=   9.3276492138624628E-003   4.1845071511694150E-002 
    1.022050797210809     
 bsup=    0.000000000000000        0.4584695528599566      
   0.9186355895297412     
 b_abs=   0.9786096335440010     
 g=  -1.6625875939481852E-002
 j=    0.000000000000000         540.8622720646738      
    36.35066905042073     
 v_perp_2=    8998620.119552650     
 b_n=   8.1641471862310071E-008   0.4584820071484378      
   0.9186350789070962     
 b_para_n=   0.9786096335744868     
 dxdt=   1.0107871296637710E-002    18.94481248704802      
    34.80698435307998     
 dudt=    10130.25905809713     
 ---------------------
 rk4
 istep=      2000001
 grad_b=  -0.4921436150828906       -1.0754110306539916E-003 
   3.8227872230712084E-003
 bsub=   1.0500124884475673E-002   4.0753765751842141E-002 
    1.025023469986537     
 bsup=    0.000000000000000        0.3863262639288139      
   0.9194584697520685     
 b_abs=   0.9786477310353938     
 g=  -1.6993526385432587E-002
 j=    0.000000000000000         269.6561115688263      
    23.52974901989946     
 v_perp_2=    8998970.437841451     
 b_n=  -2.5948160874831175E-008   0.3863366691538692      
   0.9194580563327416     
 b_para_n=   0.9786477310508566     
 dxdt=  -3.7189136516141618E-003    14.15769657478660      
    30.08690762884725     
 dudt=   -14561.04400108442     
 ---------------------
 rk4
 istep=      3000001
 grad_b=  -0.4893903296510131       -2.3611786065514465E-003 
   6.0062585757816311E-003
 bsub=   1.0931967763212317E-002   4.0266514598606057E-002 
    1.026080893712334     
 bsup=    0.000000000000000        0.3628057749218742      
   0.9198203410510429     
 b_abs=   0.9787510136764218     
 g=  -1.7108133483792819E-002
 j=    0.000000000000000         134.0713833457636      
    34.00850287796008     
 v_perp_2=    8999920.153866719     
 b_n=   1.5198829985718738E-008   0.3628029102657904      
   0.9198204533021602     
 b_para_n=   0.9787510136714807     
 dxdt=  -7.8203709581424995E-003   -1.838328992376654      
   -8.455408742566149     
 dudt=   -21927.93879157012     
 ---------------------
 rk4
 istep=      4000001
 grad_b=  -0.4943080889890126        1.3555241824469710E-003 
   2.7453388571098414E-004
 bsub=   1.0226997823606677E-002   4.1115875227052824E-002 
    1.023729544013061     
 bsup=    0.000000000000000        0.4075148418899526      
   0.9195374927123769     
 b_abs=   0.9786033777205601     
 g=  -1.6863680679488947E-002
 j=    0.000000000000000         405.2280218359367      
    29.39804586737452     
 v_perp_2=    8998562.595308751     
 b_n=  -3.3803805475324526E-008   0.4075024135612122      
   0.9195379921836622     
 b_para_n=   0.9786033776962252     
 dxdt=   4.1006360429493138E-003   -14.28035098230702      
   -35.68537681625271     
 dudt=   -3781.285824801868     
 ---------------------
 rk4
 istep=      5000001
 grad_b=  -0.4982686813244901        5.5088641080099365E-003 
  -7.1896829305429510E-003
 bsub=   9.3254845242451145E-003   4.1894352665805226E-002 
    1.021350229089433     
 bsup=    0.000000000000000        0.4674677742168036      
   0.9190586698087307     
 b_abs=   0.9787126011927101     
 g=  -1.6545536670552009E-002
 j=    0.000000000000000         596.2112437474597      
    59.85507029080107     
 v_perp_2=    8999566.939124512     
 b_n=  -8.1426340729834709E-008   0.4674607843147645      
   0.9190589572445999     
 b_para_n=   0.9787126011681161     
 dxdt=   1.7991553887619249E-002   -8.395230546402489      
   -19.60522259197597     
 dudt=    18943.41245737433     
 ---------------------
 rk4
 istep=      6000001
 grad_b=  -0.4969938731739779        5.8165515863629405E-003 
  -7.4251169538393225E-003
 bsub=   9.3954809498744685E-003   4.1860185834995269E-002 
    1.021359256012816     
 bsup=    0.000000000000000        0.4646755833204006      
   0.9191697584669860     
 b_abs=   0.9787056809117035     
 g=  -1.6553256637844245E-002
 j=    0.000000000000000         599.0398131960030      
    63.18707435014866     
 v_perp_2=    8999503.304986911     
 b_n=   9.1927451667960979E-008   0.4646830466729985      
   0.9191694517637367     
 b_para_n=   0.9787056809391139     
 dxdt=   1.8966390731311858E-002    12.12118342462618      
    20.86764699495371     
 dudt=    19364.50388572546     
 ---------------------
 rk4
 istep=      7000001
 grad_b=  -0.4914544085269280        2.1356859436657966E-003 
  -2.4963504018597760E-004
 bsub=   1.0470286565476893E-002   4.0962717172273316E-002 
    1.023742726669596     
 bsup=    0.000000000000000        0.3983438172009738      
   0.9199131592134805     
 b_abs=   0.9785787654091744     
 g=  -1.6890035439890830E-002
 j=    0.000000000000000         387.6878721018906      
    39.44433535740755     
 v_perp_2=    8998336.277444860     
 b_n=   5.7952130553975439E-008   0.3983570909466793      
   0.9199126275324017     
 b_para_n=   0.9785787654406786     
 dxdt=   6.5347045430052498E-003    18.10034720054021      
    38.28352232804020     
 dudt=   -2918.088737639691     
 ---------------------
 rk4
 istep=      8000001
 grad_b=  -0.4858588691049212       -1.4175890644872735E-003 
   5.4789559632031221E-003
 bsub=   1.1406092523420688E-002   3.9880728207818399E-002 
    1.026186875656906     
 bsup=    0.000000000000000        0.3452257062233538      
   0.9205288735317740     
 b_abs=   0.9787403037256053     
 g=  -1.7161472378211615E-002
 j=    0.000000000000000         55.14346414745899      
    55.61193566609802     
 v_perp_2=    8999821.672534268     
 b_n=  -1.4218967683168719E-008   0.3452299437074668      
   0.9205287090187184     
 b_para_n=   0.9787403037364669     
 dxdt=  -4.8956751705376564E-003    6.169246422640553      
    12.50304782810044     
 dudt=   -21393.22192601736     
 ---------------------
 rk4
 istep=      9000001
 grad_b=  -0.4871186940884903        4.9699249360934949E-005 
   3.5037801730979645E-003
 bsub=   1.1230721170063584E-002   4.0159473049420004E-002 
    1.025360474772914     
 bsup=    0.000000000000000        0.3575808790078321      
   0.9205720499435176     
 b_abs=   0.9786762940958996     
 g=  -1.7086318504510631E-002
 j=    0.000000000000000         156.6928250822359      
    51.75306466217684     
 v_perp_2=    8999233.084069531     
 b_n=   1.5888381737419777E-009   0.3575720361608903      
   0.9205723962452887     
 b_para_n=   0.9786762940733373     
 dxdt=  -2.6382517638780440E-004   -8.649998781363143      
   -26.10659866300026     
 dudt=   -15236.25651520251     
 ---------------------
 rk4
 istep=     10000001
 grad_b=  -0.4920440035743515        4.8633269557352282E-003 
  -4.2135537930446665E-003
 bsub=   1.0252735509776876E-002   4.1245689749509359E-002 
    1.022572356688992     
 bsup=    0.000000000000000        0.4180025115766965      
   0.9201329753800069     
 b_abs=   0.9786250586899932     
 g=  -1.6760454111170917E-002
 j=    0.000000000000000         513.9265978967513      
    54.87497275437528     
 v_perp_2=    8998761.958567569     
 b_n=  -1.1802957413032675E-007   0.4179909739785693      
   0.9201334418993424     
 b_para_n=   0.9786250586526525     
 dxdt=   1.5426917951095971E-002   -13.52102564552278      
   -33.14374825637903     
 dudt=    8663.943633329540     
 ---------------------
 rk4
 istep=     11000001
 grad_b=  -0.4932241696423975        7.4943319918223186E-003 
  -8.9189493175428486E-003
 bsub=   9.7229937644252792E-003   4.1682876598083091E-002 
    1.021290349007159     
 bsup=    0.000000000000000        0.4533401395751950      
   0.9198838981751644     
 b_abs=   0.9787596970015078     
 g=  -1.6570781945711720E-002
 j=    0.000000000000000         631.5749614990273      
    77.76491884937562     
 v_perp_2=    8999999.999740351     
 b_n=  -8.5226578932467290E-011   0.4533401342267886      
   0.9198838983942428     
 b_para_n=   0.9787596970014844     
 dxdt=   2.4317462699963939E-002    1.518543436215631      
  -7.7658188466410219E-002
 dudt=    22580.15522510170     
 ---------------------
 rk4
 istep=     12000001
 grad_b=  -0.4901611420786132        5.5395788482738087E-003 
  -4.8324357249076300E-003
 bsub=   1.0370996013296944E-002   4.1186896980601059E-002 
    1.022504882201229     
 bsup=    0.000000000000000        0.4142328940224576      
   0.9203469862467629     
 b_abs=   0.9786127490692185     
 g=  -1.6766557313586665E-002
 j=    0.000000000000000         524.7686442103096      
    60.59816766448115     
 v_perp_2=    8998648.767772807     
 b_n=   1.4042239393125193E-007   0.4142448963643994      
   0.9203465014038255     
 b_para_n=   0.9786127491113908     
 dxdt=   1.7568643024611363E-002    17.06122468523714      
    34.50984109403554     
 dudt=    10114.34351407417     
 ---------------------
 rk4
 istep=     13000001
 grad_b=  -0.4842793217151053        9.7419367409289082E-004 
   2.8225368788540039E-003
 bsub=   1.1558650093020199E-002   3.9915663790544835E-002 
    1.025314271242456     
 bsup=    0.000000000000000        0.3461615121621225      
   0.9210850947620045     
 b_abs=   0.9786452145958874     
 g=  -1.7116827265482026E-002
 j=    0.000000000000000         119.3878677291136      
    66.13679300381557     
 v_perp_2=    8998947.298393143     
 b_n=   1.8348589899216012E-008   0.3461717937193997      
   0.9210846943231852     
 b_para_n=   0.9786452146282099     
 dxdt=   2.6006869778575502E-003    12.93368931803328      
    30.48029147810916     
 dudt=   -13798.08458227735     
 ---------------------
 rk4
 istep=     14000001
 grad_b=  -0.4817597162969220       -6.3900015117872994E-004 
   5.1936586513056104E-003
 bsub=   1.2024318484881252E-002   3.9313706338347867E-002 
    1.026425605480056     
 bsup=    0.000000000000000        0.3219373518468648      
   0.9214197988304115     
 b_abs=   0.9787542579814712     
 g=  -1.7236433690872452E-002
 j=    0.000000000000000        -67.96341841288580      
    83.99981170061278     
 v_perp_2=    8999949.986257344     
 b_n=   3.8537114009782055E-009   0.3219351359073953      
   0.9214198836514824     
 b_para_n=   0.9787542579733628     
 dxdt=  -2.5053925002811186E-003  -0.8855340709127850      
   -6.712915848913546     
 dudt=   -21513.51434154693     
 ---------------------
 rk4
 istep=     15000001
 grad_b=  -0.4851292667529405        3.1248388569664956E-003 
  -6.1678114139401830E-005
 bsub=   1.1364899458857068E-002   4.0238489891713414E-002 
    1.024269765906188     
 bsup=    0.000000000000000        0.3614391666999189      
   0.9212481609319987     
 b_abs=   0.9786118119653552     
 g=  -1.7017039148470442E-002
 j=    0.000000000000000         257.5439126800011      
    65.92663932579735     
 v_perp_2=    8998640.150810407     
 b_n=  -7.5825536512785585E-008   0.3614274038430244      
   0.9212486238400902     
 b_para_n=   0.9786118119259266     
 dxdt=   9.4566604021143908E-003   -12.15278026131568      
   -34.77228724803402     
 dudt=   -5039.311284507372     
 ---------------------
 rk4
 istep=     16000001
 grad_b=  -0.4883848259878244        7.6809248164500937E-003 
  -7.5609714252413557E-003
 bsub=   1.0424753528246126E-002   4.1211120629280652E-002 
    1.021932944347471     
 bsup=    0.000000000000000        0.4187920100826774      
   0.9208278526284535     
 b_abs=   0.9787029788277941     
 g=  -1.6708602683785097E-002
 j=    0.000000000000000         596.1010133570743      
    77.19580958771049     
 v_perp_2=    8999478.458480634     
 b_n=  -1.2182644020792565E-007   0.4187845606098616      
   0.9208281542523509     
 b_para_n=   0.9787029787953676     
 dxdt=   2.4529228003096995E-002   -8.272308034167139      
   -21.54754728464680     
 dudt=    17595.91777234065     
 ---------------------
 rk4
 istep=     17000001
 grad_b=  -0.4877409995091491        8.2960964512939842E-003 
  -8.3955479218917189E-003
 bsub=   1.0410224144049070E-002   4.1241473630190269E-002 
    1.021767223548149     
 bsup=    0.000000000000000        0.4212955657515588      
   0.9208893036660626     
 b_abs=   0.9787191723804269     
 g=  -1.6689153816777189E-002
 j=    0.000000000000000         623.3475420528043      
    81.55997116857718     
 v_perp_2=    8999627.363236288     
 b_n=   1.1145544932805463E-007   0.4213018603056581      
   0.9208890484918086     
 b_para_n=   0.9787191724093158     
 dxdt=   2.6547941773720343E-002    9.808719956503241      
    18.10240652186019     
 dudt=    19900.36831541962     
 ---------------------
 rk4
 istep=     18000001
 grad_b=  -0.4835919903671499        4.4846784664973466E-003 
  -1.5949498374433352E-003
 bsub=   1.1454230243169425E-002   4.0243664343511731E-002 
    1.023871216519705     
 bsup=    0.000000000000000        0.3614311277630053      
   0.9215395606346516     
 b_abs=   0.9785789659640423     
 g=  -1.6995912983686204E-002
 j=    0.000000000000000         306.1619970762017      
    73.12951497040459     
 v_perp_2=    8998338.121605068     
 b_n=   1.2200153079808431E-007   0.3614441017604659      
   0.9215390493683220     
 b_para_n=   0.9785789660128414     
 dxdt=   1.3764564735003830E-002    16.52042757980129      
    38.33227898913158     
 dudt=   -709.8800493422481     
 ---------------------
 rk4
 istep=     19000001
 grad_b=  -0.4789422645221929        2.7517238036986469E-004 
   4.4858187571136243E-003
 bsub=   1.2457092790843487E-002   3.8934357951901519E-002 
    1.026370891250813     
 bsup=    0.000000000000000        0.3071784331609778      
   0.9220860716332293     
 b_abs=   0.9787259555928941     
 g=  -1.7276357108936005E-002
 j=    0.000000000000000        -138.7771100137097      
    104.8016919330533     
 v_perp_2=    8999689.736984655     
 b_n=   1.2000819539710047E-009   0.3071839073689106      
   0.9220858639835861     
 b_para_n=   0.9787259556175908     
 dxdt=   3.1326529184711756E-004    6.957315503882461      
    16.54071691773682     
 dudt=   -19827.77652884538     
 ---------------------
 rk4
 istep=     20000001
 grad_b=  -0.4790726079440867        1.0945073409757838E-003 
   3.5100551053520446E-003
 bsub=   1.2423690806071322E-002   3.9041145078553614E-002 
    1.025971577252256     
 bsup=    0.000000000000000        0.3111580171537739      
   0.9222167957435313     
 b_abs=   0.9787011249900132     
 g=  -1.7245272107712338E-002
 j=    0.000000000000000        -92.08828454598398      
    103.0578868566016     
 v_perp_2=    8999461.411863923     
 b_n=  -1.4490589816462250E-008   0.3111507923167260      
   0.9222170708136248     
 b_para_n=   0.9787011249574800     
 dxdt=   2.8710852424925206E-003   -5.946855888496384      
   -21.92262133310053     
 dudt=   -16806.51650091059     
 ---------------------
 rk4
 istep=     21000001
 grad_b=  -0.4826467843407437        6.1078702817286973E-003 
  -3.5849582111195377E-003
 bsub=   1.1497582994734596E-002   4.0288856289074998E-002 
    1.023328582508579     
 bsup=    0.000000000000000        0.3648181789156915      
   0.9219402806244374     
 b_abs=   0.9786147462491668     
 g=  -1.6950760099727638E-002
 j=    0.000000000000000         372.4155356201139      
    81.30657220175728     
 v_perp_2=    8998667.132460844     
 b_n=  -1.5045397110551379E-007   0.3648065592849130      
   0.9219407397373114     
 b_para_n=   0.9786147461999491     
 dxdt=   1.8952880758449819E-002   -12.14628582069914      
   -34.45198604171393     
 dudt=    5059.201959096393     
 ---------------------
 rk4
 istep=     22000001
 grad_b=  -0.4839699749874193        9.5270344567042892E-003 
  -9.1775233415059138E-003
 bsub=   1.0820915821529935E-002   4.0974973277929323E-002 
    1.021797486162920     
 bsup=    0.000000000000000        0.4056395982641633      
   0.9216698170600122     
 b_abs=   0.9787549042405072     
 g=  -1.6729537522894852E-002
 j=    0.000000000000000         634.3878760587643      
    92.19542173979750     
 v_perp_2=    8999955.928807177     
 b_n=  -4.3815250236735352E-008   0.4056374556228505      
   0.9216699034353213     
 b_para_n=   0.9787549042295566     
 dxdt=   3.0345100696308400E-002   -1.267448453241679      
   -6.311248588307473     
 dudt=    21580.58886496570     
 ---------------------
 rk4
 istep=     23000001
 grad_b=  -0.4817471852587975        8.0987897244925444E-003 
  -6.4145873327638298E-003
 bsub=   1.1299023094941896E-002   4.0555342627235404E-002 
    1.022568907016562     
 bsup=    0.000000000000000        0.3792779969134548      
   0.9219984916428874     
 b_abs=   0.9786444839558389     
 g=  -1.6861141225235715E-002
 j=    0.000000000000000         508.6226712439470      
    87.65829727378994     
 v_perp_2=    8998940.579926860     
 b_n=   1.8011040004871513E-007   0.3792883829730921      
   0.9219980777861151     
 b_para_n=   0.9786444840051023     
 dxdt=   2.5447397436868760E-002    14.08179753734222      
    30.60626661994245     
 dudt=    13354.23926468145     
 ---------------------
 rk4
 istep=     24000001
 grad_b=  -0.4772451311600349        3.1700034743568917E-003 
   1.1452284962338577E-003
 bsub=   1.2489248778270876E-002   3.9148434827620607E-002 
    1.025153187863983     
 bsup=    0.000000000000000        0.3145128340182332      
   0.9226280969304994     
 b_abs=   0.9786149684153692     
 g=  -1.7197561850497350E-002
 j=    0.000000000000000        -4.575426338408988      
    107.8287762615197     
 v_perp_2=    8998669.175346542     
 b_n=   7.4264531368971816E-008   0.3145241713049969      
   0.9226276631314723     
 b_para_n=   0.9786149684706358     
 dxdt=   9.3623721397336438E-003    13.15356838233481      
    34.33871551051252     
 dudt=   -9648.195554811509     
 ---------------------
 rk4
 istep=     25000001
 grad_b=  -0.4746639553071488        2.8634572745295239E-004 
   4.8183541419515863E-003
 bsub=   1.3156951787803434E-002   3.8147544783700707E-002 
    1.026816674613272     
 bsup=    0.000000000000000        0.2800912348954703      
   0.9229641713880729     
 b_abs=   0.9787592672776562     
 g=  -1.7373665651224442E-002
 j=    0.000000000000000        -328.5926816090239      
    141.3521451056306     
 v_perp_2=    8999996.048290337     
 b_n=   1.3771811893057742E-010   0.2800918439765294      
   0.9229641487616208     
 b_para_n=   0.9787592672812737     
 dxdt=   3.1851903029813452E-004    1.977597233565974      
    1.822229231280204     
 dudt=   -21267.02048459619     
 ---------------------
 rk4
 istep=     26000001
 grad_b=  -0.4760323759440951        3.2400402682946083E-003 
   1.2175929160151977E-003
 bsub=   1.2722831357652630E-002   3.8904254236411154E-002 
    1.025249924485800     
 bsup=    0.000000000000000        0.3058077190104100      
   0.9229936012084985     
 b_abs=   0.9786429628293819     
 g=  -1.7225191707555005E-002
 j=    0.000000000000000        -64.47823147958132      
    118.2767379680178     
 v_perp_2=    8998926.592694910     
 b_n=  -6.8031275396035033E-008   0.3057975788487570      
   0.9229939867815207     
 b_para_n=   0.9786429627759758     
 dxdt=   9.5491863812931996E-003   -8.814470981608700      
   -30.95400052530534     
 dudt=   -9934.652178638100     
 ---------------------
 rk4
 istep=     27000001
 grad_b=  -0.4781988162695122        8.5145091200984069E-003 
  -6.2839905473654062E-003
 bsub=   1.1738962763343290E-002   4.0196863893571994E-002 
    1.022738218313737     
 bsup=    0.000000000000000        0.3616070861069376      
   0.9227111476095501     
 b_abs=   0.9786634326647786     
 g=  -1.6919406045248504E-002
 j=    0.000000000000000         448.3792228620022      
    99.18580865153163     
 v_perp_2=    8999114.819201149     
 b_n=  -1.7210877995248915E-007   0.3615976937122901      
   0.9227115186893006     
 b_para_n=   0.9786634326159926     
 dxdt=   2.6601669788935162E-002   -9.541394310332368      
   -28.10836461945069     
 dudt=    12775.45494911451     
 ---------------------
 rk4
 istep=     28000001
 grad_b=  -0.4774964622811291        1.0421824971985495E-002 
  -9.2344938045210712E-003
 bsub=   1.1423425540496881E-002   4.0539727466885299E-002 
    1.022004071127009     
 bsup=    0.000000000000000        0.3808247483914968      
   0.9226388856879641     
 b_abs=   0.9787518100925353     
 g=  -1.6811581737787067E-002
 j=    0.000000000000000         601.3997526055987      
    105.0309637077441     
 v_perp_2=    8999927.477151722     
 b_n=   6.0992839809531709E-008   0.3808274474983298      
   0.9226387779557755     
 b_para_n=   0.9787518101079296     
 dxdt=   3.2929479297782956E-002    4.770709253002381      
    7.969630961697023     
 dudt=    21379.18442003299     
 ---------------------
 rk4
 istep=     29000001
 grad_b=  -0.4745786953353153        7.2165311348375422E-003 
  -3.9719684449936177E-003
 bsub=   1.2265021332023437E-002   3.9654616774489206E-002 
    1.023495319365189     
 bsup=    0.000000000000000        0.3355221724810956      
   0.9231078181800512     
 b_abs=   0.9785949095936246     
 g=  -1.7044721442584485E-002
 j=    0.000000000000000         269.9545927590165      
    109.4204300904881     
 v_perp_2=    8998484.728236713     
 b_n=   1.8820194335458958E-007   0.3355342896585868      
   0.9231073465157854     
 b_para_n=   0.9785949096591904     
 dxdt=   2.2236248205485597E-002    14.77802158679024      
    36.66359510881652     
 dudt=    5850.455194910506     
 ---------------------
 Elapsed time (seconds):     162.2880210000000     

real	2m42.299s
user	2m41.616s
sys	0m0.027s
>>> [PID 3682688] DONE  u=0, v_perp=3000, out=gc_grid/dat274.dat
