>>> [PID 3681052] START u=8500, v_perp=2000, out=gc_grid/dat270.dat, dt=2e-09, steps=30000000
 outer boundary:   8.3000000000000462E-002
 rk4
 istep=            1
 grad_b=  -0.5028817759961965        4.9313533605300497E-003 
  -7.9820529394121764E-003
 bsub=   8.6925456383738151E-003   4.2252249067194519E-002 
    1.020727423490826     
 bsup=    0.000000000000000        0.5003031809804124      
   0.9181486715573398     
 b_abs=   0.9787596125795276     
 g=  -1.6418780658643970E-002
 j=    0.000000000000000         576.0999522572542      
    59.08700081002375     
 v_perp_2=    3999999.654870020     
 b_n=   3.0364319376814453E-005   0.5032048587299441      
   0.9180283096599390     
 b_para_n=   0.9787596224540640     
 dxdt=   0.2709973470023048         4370.760647974535      
    7972.552350645879     
 dudt=    10149.66555591679     
 ---------------------
 rk4
 istep=      1000001
 grad_b=  -3.5455677363426807E-002  -9.3674333237094135E-002 
  -6.8500106509250064E-002
 bsub=   9.2353886967366655E-002   8.1375142249309085E-002 
    1.906948100912880     
 bsup=    0.000000000000000        -1.090030035385981      
    1.040272986096367     
 b_abs=    1.376799020655183     
 g=  -1.2867945882429630E-002
 j=    0.000000000000000        -1447.198669071317      
   -64.12322773961495     
 v_perp_2=    5626700.724789547     
 b_n=  -6.2375133906048528E-004   -1.089809259221766      
    1.040293763225424     
 b_para_n=    1.376799006664689     
 dxdt=   -3.958947989550397        -6651.972482954155      
    6349.796361583999     
 dudt=   -45785.08998325863     
 ---------------------
 rk4
 istep=      2000001
 grad_b=   0.7196033999931367       -5.6992698258508334E-002 
  -0.1646133441833889     
 bsub=   8.1147128970886773E-003   9.0918653018586634E-002 
    1.325434951861898     
 bsup=    0.000000000000000       -0.3398620752202031      
    1.130877833695701     
 b_abs=    1.211552857023331     
 g=  -8.1161138563060637E-003
 j=    0.000000000000000        -723.7476984283859      
    15.38652044213302     
 v_perp_2=    4951366.372572677     
 b_n=  -4.4914668089768360E-004  -0.3469442666143714      
    1.131366385651407     
 b_para_n=    1.211552853589351     
 dxdt=   -3.238996290878156        -2419.723091282978      
    7885.114818615750     
 dudt=    281303.9148715945     
 ---------------------
 rk4
 istep=      3000001
 grad_b=  -0.8134253454778770       -8.5694586793281027E-004 
   3.0205569590231001E-002
 bsub=   1.8307183836124744E-002  -6.2604369568695056E-002 
   0.9951727544054502     
 bsup=    0.000000000000000       -0.4607865217393569      
   0.9537724395550249     
 b_abs=   0.9890801264870074     
 g=  -1.7914688985722103E-002
 j=    0.000000000000000         403.6946384832369      
   -334.7531252443110     
 v_perp_2=    4042160.340689193     
 b_n=   5.2661572440237245E-006  -0.4566775425875830      
   0.9540307898354953     
 b_para_n=   0.9890800855594417     
 dxdt=   4.6509677046920252E-002   -3922.482265177567      
    8196.461466699222     
 dudt=   -60334.30946548987     
 ---------------------
 rk4
 istep=      4000001
 grad_b=  -0.9909733321123416        0.1304196828350024      
  -0.1478558813560415     
 bsub=   2.9459798137177584E-002  -0.1794156520386706      
    1.440240778972044     
 bsup=    0.000000000000000        -1.027328566211173      
   0.8800620058877496     
 b_abs=    1.204948251976062     
 g=  -1.9120689521399298E-002
 j=    0.000000000000000         443.1473079582004      
   -38.40192675375798     
 v_perp_2=    4924359.024009249     
 b_n=   5.1337540322523309E-004   -1.022800086232537      
   0.8806156243116541     
 b_para_n=    1.204948241666685     
 dxdt=    3.722447232853089        -7167.683551175948      
    6172.345970076315     
 dudt=    447881.2392265153     
 ---------------------
 rk4
 istep=      5000001
 grad_b=  -0.3112490650229738        3.4047656779682085E-002 
   5.2444268971529900E-002
 bsub=  -3.6477159181073048E-002  -4.3512076734312115E-002 
   0.8892463553196764     
 bsup=    0.000000000000000       -0.1101005227671190      
    1.123607233397325     
 b_abs=    1.002207510335256     
 g=  -1.1861204542286945E-002
 j=    0.000000000000000         192.5719052144681      
    68.35497464107058     
 v_perp_2=    4095795.827930050     
 b_n=   2.4285686088616670E-004  -0.1080502782012530      
    1.123717523381498     
 b_para_n=    1.002207516161602     
 dxdt=    2.116791576646518        -915.3034611124925      
    9524.266261568118     
 dudt=   -112501.7540498411     
 ---------------------
 rk4
 istep=      6000001
 grad_b=  -0.3437982722810274        0.1662983793496101      
   0.3018259739295835     
 bsub=  -5.6226589825465918E-002  -1.4537647978799284E-002 
    1.425274026098289     
 bsup=    0.000000000000000        -1.191698029191734      
   0.9634998965632378     
 b_abs=    1.178861900285707     
 g=  -1.3035778587683906E-002
 j=    0.000000000000000         276.5566593587820      
   -307.1618730437244     
 v_perp_2=    4817736.332837076     
 b_n=   1.1782393519881530E-003   -1.189389262882641      
   0.9635698976783185     
 b_para_n=    1.178861864962227     
 dxdt=    8.732160853379122        -8526.678179279539      
    6908.258435101172     
 dudt=   -160563.5643514358     
 ---------------------
 rk4
 istep=      7000001
 grad_b=  -0.9097627939215153        0.1118814028192301      
  -0.1001856350695336     
 bsub=  -5.5524830637580591E-003  -7.8499977795199585E-002 
    1.186572914883423     
 bsup=    0.000000000000000       -0.6644616158125878      
   0.8839264086094833     
 b_abs=    1.049288158475973     
 g=  -2.0386427144630598E-002
 j=    0.000000000000000         725.2271437244318      
    226.4168686881645     
 v_perp_2=    4288191.698196079     
 b_n=   4.9379590899373250E-004  -0.6601911920800448      
   0.8842112562244734     
 b_para_n=    1.049288179922145     
 dxdt=    4.111066622314264        -5336.325005002019      
    7148.525337433885     
 dudt=    317227.2524654645     
 ---------------------
 rk4
 istep=      8000001
 grad_b=   0.6371526064837544       -2.4983170897558329E-003 
   0.1484040369408001     
 bsub=  -1.9243588803960487E-004   5.4313476256307655E-002 
    1.147386871763770     
 bsup=    0.000000000000000        0.4746676430266654      
    1.077850044746077     
 b_abs=    1.123697805890961     
 g=  -1.0667199159746153E-002
 j=    0.000000000000000         963.4778145995720      
   -369.9397251558370     
 v_perp_2=    4592279.920091347     
 b_n=  -7.1841341181779476E-005   0.4698610192965875      
    1.078077530148900     
 b_para_n=    1.123697773093649     
 dxdt=  -0.5585399431356131         3538.416917245285      
    8121.474857419518     
 dudt=   -288715.9180052163     
 ---------------------
 rk4
 istep=      9000001
 grad_b=   0.4254585634615533        2.1865195972825980E-003 
   3.5012970004241979E-002
 bsub=   4.1868017782066662E-003   0.1926218787843189      
    2.167616808752690     
 bsup=    0.000000000000000        -1.530446153378407      
    1.077432335745078     
 b_abs=    1.429141757981875     
 g=  -7.1199141285480556E-003
 j=    0.000000000000000         1268.983162201782      
   -235.8099829601445     
 v_perp_2=    5840546.516834471     
 b_n=  -1.2101574095283946E-005   -1.536012235757408      
    1.077926970830525     
 b_para_n=    1.429141743576874     
 dxdt=  -7.3999900308746633E-002   -9019.866842764448      
    6329.039211650996     
 dudt=   -49153.02768197400     
 ---------------------
 rk4
 istep=     10000001
 grad_b=   0.7420475793400930       -2.9652797449387508E-003 
  -0.1559558118447257     
 bsub=  -9.0853242687193303E-003   6.2510566181456756E-002 
    1.220670412821141     
 bsup=    0.000000000000000        0.3259820605934283      
    1.088856846303479     
 b_abs=    1.161739053653859     
 g=  -9.6740225170352696E-003
 j=    0.000000000000000        -1169.518673921546      
   -27.41705026696008     
 v_perp_2=    4747731.359994390     
 b_n=   4.1527891164942991E-005   0.3198544624870825      
    1.089170941508369     
 b_para_n=    1.161739044875726     
 dxdt=   0.3123025808958811         2326.630588644618      
    7927.778891502752     
 dudt=    300384.3947098206     
 ---------------------
 rk4
 istep=     11000001
 grad_b=  -0.9198338721694932       -5.8623287413873855E-002 
   7.0690089252042967E-002
 bsub=   1.1749707767631418E-002  -5.6277077711478982E-002 
    1.105881694597654     
 bsup=    0.000000000000000       -0.5859014129431849      
   0.8979132172605360     
 b_abs=    1.013065345528103     
 g=  -1.9863334024885538E-002
 j=    0.000000000000000         947.8140772086385      
    122.5865168653334     
 v_perp_2=    4140133.874277222     
 b_n=  -2.6518130404535619E-004  -0.5814648213117072      
   0.8981418161034888     
 b_para_n=    1.013065354472226     
 dxdt=   -2.286622704970890        -4872.907776869072      
    7528.491620004399     
 dudt=   -197306.3239179367     
 ---------------------
 rk4
 istep=     12000001
 grad_b=  -0.9187737570663566       -0.1230430654006678      
  -0.2820222076164675     
 bsub=   5.0245222823826721E-002  -5.9677184690486454E-002 
    1.400591759060678     
 bsup=    0.000000000000000        -1.084262669486342      
   0.9050500771245504     
 b_abs=    1.154150628613268     
 g=  -1.7344788996421886E-002
 j=    0.000000000000000        -346.1126818862825      
    724.9017877007105     
 v_perp_2=    4716704.761020875     
 b_n=  -7.2442533042051723E-004   -1.079388901850678      
   0.9052838007934487     
 b_para_n=    1.154150715084718     
 dxdt=   -5.483683220359732        -7908.696022795038      
    6634.069782449111     
 dudt=    215699.9615584436     
 ---------------------
 rk4
 istep=     13000001
 grad_b=  -0.2629011778278511       -5.4121651745566157E-002 
  -6.9865568405979087E-002
 bsub=   4.0067974095655767E-002  -3.3886487324742018E-002 
   0.8973765670018856     
 bsup=    0.000000000000000       -6.3960004962577699E-002 
    1.143383965194595     
 b_abs=    1.013567011694748     
 g=  -1.0697030657131793E-002
 j=    0.000000000000000        -437.9958060742607      
    164.1131489606109     
 v_perp_2=    4142172.122273988     
 b_n=  -4.1175204682614098E-004  -6.2075524825399402E-002 
    1.143473531092296     
 b_para_n=    1.013567029310921     
 dxdt=   -3.548726838739808        -519.6133225780197      
    9580.006965772111     
 dudt=    154066.9877889462     
 ---------------------
 rk4
 istep=     14000001
 grad_b=   -1.169475654430878       -0.1025072871634381      
   0.1556779642009797     
 bsub=  -2.8990952783941881E-002  -0.1393486468905492      
    1.368963047002306     
 bsup=    0.000000000000000       -0.9015087291546365      
   0.8700963593860954     
 b_abs=    1.147584635332009     
 g=  -2.0286900310211256E-002
 j=    0.000000000000000         820.9727004082897      
    67.52914704967517     
 v_perp_2=    4689859.048981111     
 b_n=  -3.9297085360301995E-004  -0.8962204999152515      
   0.8706263319542599     
 b_para_n=    1.147584633477897     
 dxdt=   -2.991673657861047        -6605.135992194521      
    6417.876124996114     
 dudt=   -405731.4629425975     
 ---------------------
 rk4
 istep=     15000001
 grad_b=  -0.9664497645939844        1.2936910508003640E-002 
  -5.7952298778186806E-002
 bsub=  -1.1135256310360784E-002  -6.4902524417052909E-002 
    1.051520623424934     
 bsup=    0.000000000000000       -0.5533266538040329      
   0.9180049041860133     
 b_abs=    1.000628675176163     
 g=  -1.8813712022153244E-002
 j=    0.000000000000000         1090.372256624045      
   -821.0519062989379     
 v_perp_2=    4089283.654640027     
 b_n=   4.6432028559949841E-005  -0.5485292061953193      
   0.9183014073962850     
 b_para_n=    1.000628570989072     
 dxdt=   0.4053494786198572        -4655.535470421827      
    7795.908678524136     
 dudt=    123257.3052456975     
 ---------------------
 rk4
 istep=     16000001
 grad_b=   0.6940533258645544        4.5399363149054003E-002 
   0.1555757326095422     
 bsub=  -9.2246361674231878E-003   7.6801111536876035E-002 
    1.239498300262946     
 bsup=    0.000000000000000       -0.1427486824659651      
    1.127772025788144     
 b_abs=    1.178076471929713     
 g=  -8.6432397027019440E-003
 j=    0.000000000000000        -167.1120257513135      
   -6.566091734042999     
 v_perp_2=    4814455.105931323     
 b_n=   3.2671528766556492E-004  -0.1491004387057586      
    1.128168019708319     
 b_para_n=    1.178076470250607     
 dxdt=    2.422962867743903        -1071.237138968011      
    8093.989197581532     
 dudt=   -293080.7336830737     
 ---------------------
 rk4
 istep=     17000001
 grad_b=   0.2002501100415799        8.9351990987772439E-002 
   0.1036462645363416     
 bsub=  -6.7452365146249749E-002   0.1340488716032185      
    1.992829791544583     
 bsup=    0.000000000000000        -1.203136326990679      
    1.061231443833868     
 b_abs=    1.397474231553789     
 g=  -1.0882600484422024E-002
 j=    0.000000000000000        -321.2135883945740      
    36.89413753284364     
 v_perp_2=    5711061.764098404     
 b_n=   6.7870872586561087E-004   -1.204815063798932      
    1.061367338877119     
 b_para_n=    1.397474233276214     
 dxdt=    4.244128236235930        -7241.283228896215      
    6378.794632777022     
 dudt=   -3640.885976866332     
 ---------------------
 rk4
 istep=     18000001
 grad_b=  -0.3620683128570321        5.7239886760045502E-002 
  -7.0568242272229548E-002
 bsub=  -5.1436415102684360E-003   3.6667431612526294E-002 
    1.058925726060954     
 bsup=    0.000000000000000        0.4721714477817653      
   0.9170455734637398     
 b_abs=   0.9944041952419798     
 g=  -1.6923702791296076E-002
 j=    0.000000000000000         95.60047783116431      
   -326.0603358031673     
 v_perp_2=    4063828.303366308     
 b_n=   3.3567700039949353E-004   0.4742097632791266      
   0.9169765869628606     
 b_para_n=   0.9944041566373749     
 dxdt=    2.948773443210090         4052.164873354463      
    7834.682509026645     
 dudt=    77441.58839582637     
 ---------------------
 rk4
 istep=     19000001
 grad_b=   0.6680086719164087       -6.8972940647019698E-002 
   0.1463793282432315     
 bsub=   9.0745282129053501E-002   9.1334473262980470E-003 
    1.651781682543857     
 bsup=    0.000000000000000       -0.8364327800608403      
    1.011806288490070     
 b_abs=    1.289798936284171     
 g=  -1.3362799399259211E-002
 j=    0.000000000000000         167.7425426626018      
    555.5330034800988     
 v_perp_2=    5271009.415342406     
 b_n=  -4.5700190682316936E-004  -0.8407548641268429      
    1.011855341717810     
 b_para_n=    1.289798997478922     
 dxdt=   -3.095953108204820        -5492.817285329405      
    6609.400730046854     
 dudt=   -326033.0157454510     
 ---------------------
 rk4
 istep=     20000001
 grad_b=   0.5162018854654641       -6.8431885440447690E-002 
  -0.1731811296553775     
 bsub=   9.1261321728608718E-003   0.1451982334127479      
    1.732581056245846     
 bsup=    0.000000000000000       -0.9801689096450187      
    1.087237946271979     
 b_abs=    1.319777352919361     
 g=  -7.6917580842584665E-003
 j=    0.000000000000000         93.60612691671690      
    447.6678827466980     
 v_perp_2=    5393514.880690951     
 b_n=  -6.1403161002952496E-004  -0.9860578698211507      
    1.087734740646493     
 b_para_n=    1.319777403059855     
 dxdt=   -4.065388740797372        -6290.573222002424      
    6937.766234954927     
 dudt=    187669.9998641771     
 ---------------------
 rk4
 istep=     21000001
 grad_b=  -0.2272635945101210       -1.3113104136565069E-002 
  -5.2286517437706376E-002
 bsub=   3.8023721758985378E-002  -2.2425693510700770E-002 
   0.9285022699047855     
 bsup=    0.000000000000000       -8.0224370207936435E-002 
    1.081818017349197     
 b_abs=    1.003364427970303     
 g=  -1.3893798967420854E-002
 j=    0.000000000000000        -402.3189047567807      
   -40.10043572262283     
 v_perp_2=    4100428.539598048     
 b_n=  -8.4799757307086289E-005  -7.8896480907262145E-002 
    1.081853558566758     
 b_para_n=    1.003364424841161     
 dxdt=  -0.7382810056003571        -667.5872695817287      
    9158.557211540197     
 dudt=    113050.6578901174     
 ---------------------
 rk4
 istep=     22000001
 grad_b=  -0.6507453986299651       -0.1358939950121024      
   0.1144158905786970     
 bsub=  -1.1090346488197308E-002  -0.2174650089838411      
    1.483025004336790     
 bsup=    0.000000000000000        -1.149896957539440      
   0.8921975261928061     
 b_abs=    1.254157537990393     
 g=  -1.7461136772037190E-002
 j=    0.000000000000000        -78.85080296895653      
   -264.5010892477855     
 v_perp_2=    5125331.306586294     
 b_n=  -5.6747956131925298E-004   -1.146800842805607      
   0.8926472623135465     
 b_para_n=    1.254157511549507     
 dxdt=   -3.953491567206771        -7710.877435259415      
    6002.688487885835     
 dudt=   -420908.5509875778     
 ---------------------
 rk4
 istep=     23000001
 grad_b=  -0.8144258970783923       -1.1240081046487632E-002 
  -2.5766229760523028E-002
 bsub=  -1.0008821020061145E-002  -8.3314081109282595E-002 
   0.9498348078640197     
 bsup=    0.000000000000000       -0.4542080073517564      
   0.9837811542830923     
 b_abs=   0.9864315879537342     
 g=  -1.5989504475612010E-002
 j=    0.000000000000000         297.2634056673302      
    158.4940571282575     
 v_perp_2=    4031216.328550546     
 b_n=  -7.3272186164661526E-005  -0.4497861953143408      
   0.9841682532613482     
 b_para_n=   0.9864316023947740     
 dxdt=  -0.6488618588422593        -3873.870093753366      
    8478.757738707236     
 dudt=    41932.14827281339     
 ---------------------
 rk4
 istep=     24000001
 grad_b=  -0.4215385593735315        0.1541411797557954      
   0.1886129155587326     
 bsub=  -5.3916988834643964E-002  -3.5225188067510266E-002 
    1.115689287192957     
 bsup=    0.000000000000000       -0.6061359377833719      
    1.023381876391367     
 b_abs=    1.078834895821613     
 g=  -1.1272127466642964E-002
 j=    0.000000000000000         577.5952233361161      
   -3.460903130990232     
 v_perp_2=    4408832.519343602     
 b_n=   1.2072340267314243E-003  -0.6030259235982711      
    1.023538406314046     
 b_para_n=    1.078834893504071     
 dxdt=    9.775724076362275        -4736.951704650702      
    8041.515202755215     
 dudt=   -188629.5698685689     
 ---------------------
 rk4
 istep=     25000001
 grad_b=  -0.4533718042329243        0.1600106481981610      
  -0.1027659123843066     
 bsub=  -1.1263131365421262E-002  -0.2192226870563472      
    1.461901887212200     
 bsup=    0.000000000000000        -1.127974079627278      
   0.8928844310852250     
 b_abs=    1.245967964241685     
 g=  -1.7880832724289208E-002
 j=    0.000000000000000        -150.8155346826842      
    26.40341289472114     
 v_perp_2=    5091841.792619164     
 b_n=   6.7203869527882954E-004   -1.125863338253059      
   0.8932061339560821     
 b_para_n=    1.245967969360743     
 dxdt=    4.712665568814962        -7621.878416294486      
    6047.317414417472     
 dudt=    446471.6212791755     
 ---------------------
 rk4
 istep=     26000001
 grad_b=  -6.6924947608545338E-002  -7.5062355496686994E-004 
   7.2674662559138653E-002
 bsub=  -3.5169855207239628E-002   5.2174247190694273E-003 
   0.9672167819861998     
 bsup=    0.000000000000000        7.3836721116731119E-002 
    1.065552646621393     
 b_abs=    1.015194835342854     
 g=  -1.4191670878048167E-002
 j=    0.000000000000000        -396.0102235546610      
    116.4069664954518     
 v_perp_2=    4148745.048913958     
 b_n=  -6.7123185168339953E-006   7.4214294208910431E-002 
    1.065550378383921     
 b_para_n=    1.015194847314061     
 dxdt=  -5.7758107315210500E-002    620.8306359356313      
    8912.426638053827     
 dudt=   -155752.2715874237     
 ---------------------
 rk4
 istep=     27000001
 grad_b=   0.6310686409349925        6.8498248074031806E-002 
   0.1967165827199160     
 bsub=   2.1386751701786291E-002   0.1666087054285916      
    1.856675506755525     
 bsup=    0.000000000000000       -0.9240320004406690      
    1.078547864096474     
 b_abs=    1.359399608340931     
 g=  -8.3743907238709274E-003
 j=    0.000000000000000        -513.1397068864164      
    63.03557009527493     
 v_perp_2=    5555380.587554080     
 b_n=   5.3657938788459708E-004  -0.9306678301146503      
    1.079137150626147     
 b_para_n=    1.359399610227657     
 dxdt=    3.449191718822858        -5757.877131853848      
    6674.703849905657     
 dudt=   -223772.5785024948     
 ---------------------
 rk4
 istep=     28000001
 grad_b=   0.7480473427927840       -1.8141872793800601E-002 
  -0.1701640454745869     
 bsub=  -4.5904904511380198E-002   0.1130928743032389      
    1.625799631758186     
 bsup=    0.000000000000000       -0.6373673205681678      
    1.077142015441435     
 b_abs=    1.295912271765662     
 g=  -9.1894559108793277E-003
 j=    0.000000000000000        -1337.701294649946      
    331.8046499636097     
 v_perp_2=    5295923.272837719     
 b_n=  -5.8532624899474080E-005  -0.6442673186075508      
    1.077620356579132     
 b_para_n=    1.295912297360850     
 dxdt=  -0.3946604273037826        -4189.408511768096      
    7004.643650640866     
 dudt=    270770.8104779284     
 ---------------------
 rk4
 istep=     29000001
 grad_b=  -0.4024369109059326        1.2325718435065129E-002 
  -2.2520960834515116E-002
 bsub=   3.2823793247231364E-002  -1.0432979727475550E-002 
   0.9716716931827638     
 bsup=    0.000000000000000       -0.1646901082570447      
   0.9963638710070820     
 b_abs=   0.9849608605193292     
 g=  -1.6840938401759459E-002
 j=    0.000000000000000         576.6550242760979      
   -172.4785472991854     
 v_perp_2=    4025171.549616653     
 b_n=   6.3894340401023959E-005  -0.1625661577107541      
   0.9963844975067042     
 b_para_n=   0.9849608405260877     
 dxdt=   0.5666605891175874        -1402.155886892082      
    8597.090681386853     
 dudt=    50761.30637802968     
 ---------------------
 Elapsed time (seconds):     163.0733560000000     

real	2m43.086s
user	2m42.519s
sys	0m0.024s
>>> [PID 3681052] DONE  u=8500, v_perp=2000, out=gc_grid/dat270.dat
