>>> [PID 3683683] START u=1000, v_perp=3000, out=gc_grid/dat276.dat, dt=2e-09, steps=30000000
 outer boundary:   8.3000000000000462E-002
 rk4
 istep=            1
 grad_b=  -0.5028825670340367        4.9321186433868430E-003 
  -7.9836724644553048E-003
 bsub=   8.6923367286280279E-003   4.2252366729728125E-002 
    1.020726963831028     
 bsup=    0.000000000000000        0.5003181140158297      
   0.9181485326086037     
 b_abs=   0.9787596870930282     
 g=  -1.6418704967006141E-002
 j=    0.000000000000000         576.0999550666891      
    59.09827757226127     
 v_perp_2=    8999999.908632392     
 b_n=   3.5728531395005127E-006   0.5006594897802906      
   0.9181343722564652     
 b_para_n=   0.9787596882548968     
 dxdt=   2.0077136330588156E-002    513.0939440269260      
    937.9939734578461     
 dudt=    22841.57943545167     
 ---------------------
 rk4
 istep=      1000001
 grad_b=  -0.3401277058604003       -0.1847959676835726      
   0.1079218354307302     
 bsub=   2.1792525171550420E-002  -7.6859110652048312E-002 
    1.254133100961916     
 bsup=    0.000000000000000       -0.5787089367002096      
   0.9037160777472649     
 b_abs=    1.085159480571534     
 g=  -2.0686899845788916E-002
 j=    0.000000000000000        -250.7932383914165      
   -147.7985339056692     
 v_perp_2=    9978379.049718557     
 b_n=  -1.4111031299337321E-005  -0.5786818523973744      
   0.9037179825646869     
 b_para_n=    1.085159480298899     
 dxdt=  -0.4431346925090182        -77.56532413601497      
    122.5146304124783     
 dudt=   -866324.2244177248     
 ---------------------
 rk4
 istep=      2000001
 grad_b=  -0.4722113953432327       -1.7554314265958965E-002 
   2.2468626516902401E-002
 bsub=   1.3723114321605018E-002   3.4813013778526178E-002 
    1.037450318213351     
 bsup=    0.000000000000000        0.2106197936850377      
   0.9217485834891266     
 b_abs=   0.9815100124912705     
 g=  -1.7860610086721650E-002
 j=    0.000000000000000        -807.7026882050081      
    253.7475077721557     
 v_perp_2=    9025289.878461581     
 b_n=   1.1401532258564361E-005   0.2103255482976041      
   0.9217583034677439     
 b_para_n=   0.9815100093234099     
 dxdt=  -6.4564504780400989E-002   -210.1903925026179      
   -927.2167596547259     
 dudt=   -79694.09671726095     
 ---------------------
 rk4
 istep=      3000001
 grad_b=  -7.9062420048720827E-002   0.1295558389094773      
  -0.1248468575528783     
 bsub=  -1.5709492535747441E-002   3.1885663386478393E-003 
    1.169627509919075     
 bsup=    0.000000000000000        2.5575498988627099E-002 
   0.9263691859877650     
 b_abs=    1.040935233482097     
 g=  -1.8379521818420348E-002
 j=    0.000000000000000        -340.2321442113666      
   -284.3561687898068     
 v_perp_2=    9571723.242626568     
 b_n=  -5.2230120584123314E-005   2.5543037249962243E-002 
   0.9263685753280170     
 b_para_n=    1.040935236131486     
 dxdt=   0.3997767788757599        -15.83064763249942      
   -582.3970223774603     
 dudt=    496192.5903965769     
 ---------------------
 rk4
 istep=      4000001
 grad_b=  -8.3643362116185838E-002   0.1291832421620596      
  -0.1245970488451305     
 bsub=  -1.5294401300190594E-002   4.0679996970266752E-003 
    1.167703660574385     
 bsup=    0.000000000000000        3.5109754476713106E-002 
   0.9256333442260654     
 b_abs=    1.039696143651822     
 g=  -1.8380594704889227E-002
 j=    0.000000000000000        -329.3769401535849      
   -288.1679439723695     
 v_perp_2=    9560329.379738638     
 b_n=   5.2842500055603892E-005   3.5144516831684430E-002 
   0.9256339128195266     
 b_para_n=    1.039696140927482     
 dxdt=   0.4001013865642348         22.65482295053733      
    590.3362625989572     
 dudt=    489950.8688913053     
 ---------------------
 rk4
 istep=      5000001
 grad_b=  -0.4689469712516792       -1.7909813337337904E-002 
   2.2554515893286275E-002
 bsub=   1.3912467260617675E-002   3.4455505051124491E-002 
    1.038365427310235     
 bsup=    0.000000000000000        0.1934831892477951      
   0.9203711978586531     
 b_abs=   0.9808920934101488     
 g=  -1.8009551710336767E-002
 j=    0.000000000000000        -902.1193889856550      
    282.4588337104110     
 v_perp_2=    9019607.823830333     
 b_n=  -1.1581680141737018E-005   0.1937744532721043      
   0.9203616915332469     
 b_para_n=   0.9808920969576058     
 dxdt=  -6.5469384209699388E-002    196.9553733765792      
    929.0018382171538     
 dudt=   -81057.37263785658     
 ---------------------
 rk4
 istep=      6000001
 grad_b=  -0.3536925727539788       -0.1847347840252118      
   0.1073926469513963     
 bsub=   2.1382459479145209E-002  -7.7953218362055099E-002 
    1.253347613502271     
 bsup=    0.000000000000000       -0.5845819792946454      
   0.9028016160907717     
 b_abs=    1.084798918403691     
 g=  -2.0721448841344546E-002
 j=    0.000000000000000        -265.2094065598237      
   -161.3765025545907     
 v_perp_2=    9975063.319307735     
 b_n=   1.5119025477921085E-005  -0.5846121670746764      
   0.9027994808738339     
 b_para_n=    1.084798918724031     
 dxdt=  -0.4423916278168721         85.98057241693054      
   -131.3577988014735     
 dudt=   -868617.3811717913     
 ---------------------
 rk4
 istep=      7000001
 grad_b=  -0.5000381579805324        8.1255013810369384E-003 
  -1.1494538686707231E-002
 bsub=   9.2505731449304025E-003   4.1840619295877804E-002 
    1.020366882792597     
 bsup=    0.000000000000000        0.4860401471566854      
   0.9203964977721125     
 b_abs=   0.9793502999806978     
 g=  -1.6376658176359016E-002
 j=    0.000000000000000         621.6679778623877      
    95.24326822651626     
 v_perp_2=    9005430.424826264     
 b_n=  -5.8265008043621201E-006   0.4857013090482764      
   0.9204104431929218     
 b_para_n=   0.9793502982967156     
 dxdt=   3.2794453445937927E-002   -493.0318793650092      
   -937.3264112794516     
 dudt=    31126.18188270583     
 ---------------------
 rk4
 istep=      8000001
 grad_b=   1.6357104958140550E-002   0.1546097474615573      
  -0.1360973051328160     
 bsub=  -2.1383431102641424E-002  -1.6190491110440366E-002 
    1.219967270854684     
 bsup=    0.000000000000000       -0.1339718948422882      
   0.9284260698379433     
 b_abs=    1.065307709190110     
 g=  -1.8680962394631660E-002
 j=    0.000000000000000        -170.9630152407779      
   -348.2402998301095     
 v_perp_2=    9795835.478667824     
 b_n=  -4.1564143830962498E-005  -0.1339680934675259      
   0.9284253936850452     
 b_para_n=    1.065307711399308     
 dxdt=   0.4405559169479950         56.78332020605643      
   -393.7807370705545     
 dudt=    634723.1599879854     
 ---------------------
 rk4
 istep=      9000001
 grad_b=  -0.1780610752896336        9.5046145402049032E-002 
  -0.1092154368256363     
 bsub=  -8.5293361270054775E-003   2.3654549818252893E-002 
    1.112841713909621     
 bsup=    0.000000000000000        0.2980509458580647      
   0.9241352747647793     
 b_abs=    1.017734267432564     
 g=  -1.7390230980820535E-002
 j=    0.000000000000000         71.08896015930975      
   -291.5979787814192     
 v_perp_2=    9358382.852251325     
 b_n=   5.0409018043212687E-005   0.2981435654698515      
   0.9241336894000934     
 b_para_n=    1.017734264150576     
 dxdt=   0.3290133633008152         235.1861908535548      
    727.3324509073746     
 dudt=    327979.0706349761     
 ---------------------
 rk4
 istep=     10000001
 grad_b=  -0.4911101149946734       -5.4685497281121494E-002 
   4.6849517966799092E-002
 bsub=   1.7185879928349232E-002   1.6218461982874743E-002 
    1.073317713312111     
 bsup=    0.000000000000000       -6.2588933854289763E-002 
   0.9151047196941066     
 b_abs=   0.9905755683281110     
 g=  -1.9320235976162319E-002
 j=    0.000000000000000         709.9962471821240      
    388.6970252919826     
 v_perp_2=    9108650.156967722     
 b_n=  -3.0975572905945660E-005  -6.2313880499245203E-002 
   0.9151010644592982     
 b_para_n=   0.9905755737508565     
 dxdt=  -0.1803679283093700        -58.05167257450953      
    872.1610079815075     
 dudt=   -214873.1335554642     
 ---------------------
 rk4
 istep=     11000001
 grad_b=  -0.4085542561135318       -0.1695568966829750      
   0.1028948566636136     
 bsub=   1.9545362288736223E-002  -6.1725517277099656E-002 
    1.222321926705015     
 bsup=    0.000000000000000       -0.5284551541631961      
   0.9021654497258820     
 b_abs=    1.065391312419252     
 g=  -2.0763520403450333E-002
 j=    0.000000000000000        -415.8628571653209      
   -270.8697347994513     
 v_perp_2=    9796604.094620043     
 b_n=   4.0219088018515066E-005  -0.5285555276548283      
   0.9021597392804521     
 b_para_n=    1.065391314014607     
 dxdt=  -0.4270382404134464         224.7678837777019      
   -381.8380188741455     
 dudt=   -787275.8226559758     
 ---------------------
 rk4
 istep=     12000001
 grad_b=  -0.4714859488294483        2.6068705008478701E-002 
  -4.9929202007452177E-002
 bsub=   5.3340492613500705E-003   4.1091901606872400E-002 
    1.018763840346977     
 bsup=    0.000000000000000        0.8351702152845859      
   0.9190058415108983     
 b_abs=   0.9852705672541126     
 g=  -1.4730576898739932E-002
 j=    0.000000000000000        -83.14575276852986      
    114.5121716541319     
 v_perp_2=    9059868.895478206     
 b_n=  -2.0294143541512500E-005   0.8348296817440232      
   0.9190196817701088     
 b_para_n=   0.9852705657671309     
 dxdt=   0.1162019782860305        -819.9401446130911      
   -904.4718003085916     
 dudt=    112522.5928351955     
 ---------------------
 rk4
 istep=     13000001
 grad_b=   8.1585610191656624E-002   0.1668108813678092      
  -0.1400903271511393     
 bsub=  -2.5373556262191673E-002  -2.9038674635404778E-002 
    1.252812177782740     
 bsup=    0.000000000000000       -0.2215565011794950      
   0.9301841750734496     
 b_abs=    1.082587157329978     
 g=  -1.8733040229894159E-002
 j=    0.000000000000000        -13.27676613207012      
   -206.2237374966846     
 v_perp_2=    9954725.118852146     
 b_n=  -2.0776104118472232E-005  -0.2215464984198857      
   0.9301839866731486     
 b_para_n=    1.082587157945700     
 dxdt=   0.4530064505616753         43.32810088869456      
   -182.8205240321623     
 dudt=    710372.2025685555     
 ---------------------
 Particle has exited the domain at step      13766864  s =  
   8.3000000093699081E-002
 Elapsed time (seconds):     73.11233600000000     

real	1m13.124s
user	1m12.865s
sys	0m0.018s
>>> [PID 3683683] DONE  u=1000, v_perp=3000, out=gc_grid/dat276.dat
