>>> [PID 3663758] START u=2000, v_perp=1000, out=gc_grid/dat236.dat, dt=2e-09, steps=30000000
 outer boundary:   8.3000000000000462E-002
 rk4
 istep=            1
 grad_b=  -0.5028824641704464        4.9320157449637553E-003 
  -7.9834556394011436E-003
 bsub=   8.6923644670679097E-003   4.2252351089259906E-002 
    1.020727025168493     
 bsup=    0.000000000000000        0.5003161265455176      
   0.9181485509123993     
 b_abs=   0.9787596771569855     
 g=  -1.6418715055811071E-002
 j=    0.000000000000000         576.0999481710936      
    59.09676244575322     
 v_perp_2=    999999.9796963747     
 b_n=   7.1455500559707807E-006   0.5009988775428965      
   0.9181202302433841     
 b_para_n=   0.9787596794806800     
 dxdt=   1.6426389434228823E-002    1023.916761712614      
    1876.081966879988     
 dudt=    2537.881475940620     
 ---------------------
 rk4
 istep=      1000001
 grad_b=  -0.6148994031367198       -0.1529318290624316      
  -0.3062945488981687     
 bsub=   5.8638265958762398E-002  -3.0438937777140809E-002 
    1.520314782351617     
 bsup=    0.000000000000000        -1.203801382740214      
   0.9386771652610246     
 b_abs=    1.209911376459088     
 g=  -1.6048299332681839E-002
 j=    0.000000000000000        -1065.376811598141      
    726.9136189357573     
 v_perp_2=    1236167.835513500     
 b_n=  -2.0892077729391489E-004   -1.203009290742273      
   0.9387010979171517     
 b_para_n=    1.209911396278514     
 dxdt=  -0.3900111416096756        -1928.783920627677      
    1505.187836759745     
 dudt=    43662.84288093245     
 ---------------------
 rk4
 istep=      2000001
 grad_b=  -0.8356520490157396        5.1279020622345593E-002 
   6.0549724038920866E-002
 bsub=  -1.8058017382921752E-002  -0.1001217525952471      
   0.9153726714792111     
 bsup=    0.000000000000000       -0.5182101865982168      
    1.016496855218439     
 b_abs=   0.9914786194059541     
 g=  -1.2792199332702665E-002
 j=    0.000000000000000         411.6367782642427      
   -306.1887327211562     
 v_perp_2=    1012994.807503214     
 b_n=   8.8043677348967629E-005  -0.5169413262757767      
    1.016637368373221     
 b_para_n=   0.9914786108211330     
 dxdt=   0.1998372355887159        -1040.748664868970      
    2047.452078999727     
 dudt=   -18020.70689993571     
 ---------------------
 rk4
 istep=      3000001
 grad_b=  -0.7711582176849132        0.1510333922629932      
  -0.1056646464748658     
 bsub=  -6.8721219380215061E-003  -9.6040092853795708E-002 
    1.229329760757345     
 bsup=    0.000000000000000       -0.6938171031834197      
   0.8822259290752440     
 b_abs=    1.072873765047379     
 g=  -2.0685438071973268E-002
 j=    0.000000000000000         450.1456137419819      
   -299.3139803543549     
 v_perp_2=    1096156.180439742     
 b_n=   1.5237430200556293E-004  -0.6929934757163997      
   0.8822911177989624     
 b_para_n=    1.072873755768505     
 dxdt=   0.3200106738100651        -1276.010564041957      
    1624.852743466352     
 dudt=    94282.65996949562     
 ---------------------
 rk4
 istep=      4000001
 grad_b=   0.6766986046370259       -8.6520195720159815E-002 
   0.1505455411122918     
 bsub=   7.6687298432464662E-002  -5.9895237010174004E-003 
    1.556492138921468     
 bsup=    0.000000000000000       -0.5964629846254031      
    1.001086993187024     
 b_abs=    1.249800450807963     
 g=  -1.3917191548699984E-002
 j=    0.000000000000000        -810.6572532430046      
    607.4472055565195     
 v_perp_2=    1276922.258905924     
 b_n=  -1.2421134193394407E-004  -0.5974303210477488      
    1.001089402987978     
 b_para_n=    1.249800466241164     
 dxdt=  -0.2246514544021362        -922.6100908690322      
    1545.551256647446     
 dudt=   -82695.44031569184     
 ---------------------
 rk4
 istep=      5000001
 grad_b=   0.5302418669703373       -8.3897431123964666E-002 
  -0.1775319607447849     
 bsub=   3.0566122716199864E-002   8.6013316748630025E-002 
    1.312674812719201     
 bsup=    0.000000000000000       -0.5273459200239022      
    1.131509487409138     
 b_abs=    1.199931336776750     
 g=  -7.7430858837298925E-003
 j=    0.000000000000000         123.6085122661987      
    516.5435290644081     
 v_perp_2=    1225970.891732291     
 b_n=  -1.7292388440802358E-004  -0.5286246392244275      
    1.131597313540288     
 b_para_n=    1.199931348992416     
 dxdt=  -0.3254356011335119        -856.1783117632075      
    1832.076502951842     
 dudt=    66685.20582412969     
 ---------------------
 rk4
 istep=      6000001
 grad_b=   -1.263802281500923       -5.8826815599836560E-002 
   0.1577619933569623     
 bsub=  -2.4723264388347457E-002  -0.1095356349953452      
    1.289647849316039     
 bsup=    0.000000000000000       -0.8288604622274696      
   0.8603634445096142     
 b_abs=    1.095835514186923     
 g=  -2.0917724233441789E-002
 j=    0.000000000000000         897.2835524051447      
   -389.6782328591599     
 v_perp_2=    1119616.030716956     
 b_n=  -4.8063718914717949E-005  -0.8275264948106281      
   0.8604758119883170     
 b_para_n=    1.095835501229874     
 dxdt=  -9.8863588385769377E-002   -1487.212011765546      
    1546.816635615523     
 dudt=   -86005.32747995530     
 ---------------------
 rk4
 istep=      7000001
 grad_b=  -0.3029003224766054       -9.6901279876110483E-003 
   4.0303904556573608E-002
 bsub=  -3.4337331941132802E-002  -1.4949411673272586E-002 
   0.9523844766642235     
 bsup=    0.000000000000000       -0.1393776673521220      
    1.026960530072912     
 b_abs=   0.9903178380118419     
 g=  -1.5921259216138486E-002
 j=    0.000000000000000         191.8372847679548      
    49.96068015125374     
 v_perp_2=    1011808.400698997     
 b_n=  -1.1541911099578690E-005  -0.1389935294814082      
    1.026966144929369     
 b_para_n=   0.9903178392088245     
 dxdt=  -2.6227532435349789E-002   -280.1919858030020      
    2070.951045203801     
 dudt=   -22047.77498343237     
 ---------------------
 rk4
 istep=      8000001
 grad_b=   0.4160221113196558       -3.7637218591047114E-002 
  -2.2640750332105455E-002
 bsub=   3.7122940507483854E-002   0.1781549939585079      
    2.090056654003382     
 bsup=    0.000000000000000        -1.288723657451157      
    1.077822930420656     
 b_abs=    1.422942723766758     
 g=  -8.5525607435967162E-003
 j=    0.000000000000000        -407.4216522717620      
    175.0207124134258     
 v_perp_2=    1453821.432644361     
 b_n=  -8.4902646594045594E-005   -1.289713811782606      
    1.077908840951318     
 b_para_n=    1.422942727351879     
 dxdt=  -0.1353927693889003        -1707.082739342206      
    1426.533612001982     
 dudt=   -8652.584602803259     
 ---------------------
 rk4
 istep=      9000001
 grad_b=   4.7118297712801516E-003  -4.2965472359264296E-002 
  -9.3553856817236367E-002
 bsub=   3.8277777813853428E-002   2.0713256258837534E-003 
   0.9564403459325195     
 bsup=    0.000000000000000        6.9118671045050761E-002 
    1.115789484807561     
 b_abs=    1.032913662936259     
 g=  -1.2084186488536042E-002
 j=    0.000000000000000         317.1557845737009      
    37.74396799543801     
 v_perp_2=    1055328.442954756     
 b_n=  -6.5914517243928820E-005   6.9105645083685011E-002 
    1.115792151959164     
 b_para_n=    1.032913663835801     
 dxdt=  -0.1436964542164610         132.8752118519008      
    2145.481840873425     
 dudt=    53095.36469446729     
 ---------------------
 rk4
 istep=     10000001
 grad_b=  -0.6174495695835884        0.1382533982151062      
  -0.1086674302344549     
 bsub=   1.0754296437496761E-002  -0.2274906446816443      
    1.477563221383379     
 bsup=    0.000000000000000        -1.151897558117816      
   0.8889018102343904     
 b_abs=    1.255043910789363     
 g=  -1.7531998419232454E-002
 j=    0.000000000000000        -119.6023718866295      
   -247.7225897242188     
 v_perp_2=    1282278.920518700     
 b_n=   1.3115614776016538E-004   -1.151232017025055      
   0.8890033199599400     
 b_para_n=    1.255043905336903     
 dxdt=   0.2362459355451348        -1768.475474929431      
    1365.813553263245     
 dudt=    104140.0281968277     
 ---------------------
 rk4
 istep=     11000001
 grad_b=   0.6421178171367150        1.3938045926160304E-002 
   0.1508112197068138     
 bsub=  -2.8046136101452235E-003   6.3245219224128846E-002 
    1.165031574075548     
 bsup=    0.000000000000000        0.3266075030943180      
    1.096890486918399     
 b_abs=    1.139660418540120     
 g=  -1.0056041760718597E-002
 j=    0.000000000000000         748.7603879792496      
   -398.7422068103043     
 v_perp_2=    1164391.435058484     
 b_n=   1.0510459458167765E-005   0.3254333433166887      
    1.096954244885926     
 b_para_n=    1.139660410270069     
 dxdt=   2.0803458557727323E-002    558.9408071944324      
    1885.098392110859     
 dudt=   -76191.16246090675     
 ---------------------
 rk4
 istep=     12000001
 grad_b=   0.5148909531454310       -8.0405963979560957E-002 
  -0.1997524307566157     
 bsub=  -4.6341961527669381E-003   0.1692652991122314      
    1.857047009451886     
 bsup=    0.000000000000000       -0.9989310745681299      
    1.081346690257249     
 b_abs=    1.355513064051746     
 g=  -7.7320802527542799E-003
 j=    0.000000000000000        -399.6467202167260      
    303.3510300181236     
 v_perp_2=    1384928.086413907     
 b_n=  -1.6171769587548061E-004   -1.000268504444206      
    1.081468195085012     
 b_para_n=    1.355513070794980     
 dxdt=  -0.2702864633982016        -1403.403546148774      
    1516.973025996768     
 dudt=    51134.13722399685     
 ---------------------
 rk4
 istep=     13000001
 grad_b=  -0.8212955380597649       -3.2239427503017188E-003 
   3.2346728480366120E-002
 bsub=   1.6415347012931094E-002  -6.6202817421332230E-002 
    1.000174701963395     
 bsup=    0.000000000000000       -0.4836287650222773      
   0.9395442569046699     
 b_abs=   0.9859144468440365     
 g=  -1.8355064275170994E-002
 j=    0.000000000000000         504.2292153596445      
   -484.6305254465579     
 v_perp_2=    1007309.006790831     
 b_n=  -1.2689601487881145E-006  -0.4826656970847774      
   0.9396080106038447     
 b_para_n=   0.9859144328426385     
 dxdt=  -2.8962468702184736E-003   -977.9817211957285      
    1904.338090783299     
 dudt=   -16555.03722648038     
 ---------------------
 rk4
 istep=     14000001
 grad_b=   -1.004512555065004        2.0807183921807332E-002 
  -6.8011543306145644E-002
 bsub=  -7.4958457574316566E-003  -6.9448760835107051E-002 
    1.071815516044196     
 bsup=    0.000000000000000       -0.5965978456164519      
   0.8988059953235160     
 b_abs=    1.002334336461166     
 g=  -1.9389355297296924E-002
 j=    0.000000000000000         1294.700515511262      
   -863.1964035326644     
 v_perp_2=    1024085.051421925     
 b_n=   1.8823458581016120E-005  -0.5954443389021431      
   0.8988808441767504     
 b_para_n=    1.002334309975581     
 dxdt=   4.2268518966980882E-002   -1184.237353717849      
    1788.186164379207     
 dudt=    37481.80932789602     
 ---------------------
 rk4
 istep=     15000001
 grad_b=   0.6241825558788157        6.1603834251457643E-002 
   0.1790616092734015     
 bsub=   1.5081795372901382E-002   0.1531426839582167      
    1.718994579180384     
 bsup=    0.000000000000000       -0.7646995750630667      
    1.092051886592720     
 b_abs=    1.326805520489998     
 g=  -8.1692298529836248E-003
 j=    0.000000000000000        -473.5523490707191      
   -21.47693342811301     
 v_perp_2=    1355597.190977694     
 b_n=   1.0897917401317459E-004  -0.7661858810886356      
    1.092183342052202     
 b_para_n=    1.326805518929798     
 dxdt=   0.1859636383295763        -1102.799903489366      
    1571.488426900725     
 dudt=   -57151.23829726869     
 ---------------------
 rk4
 istep=     16000001
 grad_b=   0.7417828050135388       -1.6791951801770101E-002 
  -0.1587766997562747     
 bsub=  -8.2716169683674130E-003   7.5221646209073484E-002 
    1.263388006675044     
 bsup=    0.000000000000000        0.1344718006164603      
    1.105959997832350     
 b_abs=    1.186104190964961     
 g=  -8.9570562113930174E-003
 j=    0.000000000000000        -1284.699652462385      
    331.9821417361603     
 v_perp_2=    1211842.591877650     
 b_n=  -1.4980984369098944E-005   0.1329595914451340      
    1.106049941625505     
 b_para_n=    1.186104196835636     
 dxdt=  -2.8514867693165396E-002    217.7810382530538      
    1814.978778588336     
 dudt=    76603.02429674997     
 ---------------------
 rk4
 istep=     17000001
 grad_b=  -0.8941506751902453       -0.1510115871818915      
   0.1378857522587543     
 bsub=  -1.8975812826167643E-002  -0.1791041952007538      
    1.406470953552053     
 bsup=    0.000000000000000       -0.9653847947533734      
   0.8734399300204055     
 b_abs=    1.183727285932283     
 g=  -1.9281609785885560E-002
 j=    0.000000000000000         371.7873902569468      
    40.86274720235851     
 v_perp_2=    1209413.994625085     
 b_n=  -1.4150163693450312E-004  -0.9644386803753683      
   0.8735585017890736     
 b_para_n=    1.183727285765758     
 dxdt=  -0.2698636657802380        -1586.018206062531      
    1436.821829307287     
 dudt=   -114889.6083771205     
 ---------------------
 rk4
 istep=     18000001
 grad_b=  -0.1939273748232582        2.7530000283382539E-002 
   6.2422830012640318E-002
 bsub=  -3.7627811928211546E-002  -2.3168240196399091E-002 
   0.9211867863140472     
 bsup=    0.000000000000000       -5.3694018385462949E-002 
    1.099277324032751     
 b_abs=    1.006820701060767     
 g=  -1.3112728852817612E-002
 j=    0.000000000000000        -456.0201676651494      
    33.73034573047050     
 v_perp_2=    1028668.450451205     
 b_n=   4.2044311488407597E-005  -5.3417523396502277E-002 
    1.099285996564008     
 b_para_n=    1.006820702136862     
 dxdt=   9.3996987086576833E-002   -105.6594724970956      
    2175.840596379387     
 dudt=   -34067.01251996189     
 ---------------------
 rk4
 istep=     19000001
 grad_b=   0.3972611702047180        3.8609610120318445E-002 
   8.6467028957555273E-002
 bsub=  -2.2491600886124737E-002   0.1814770378835267      
    2.141010040601249     
 bsup=    0.000000000000000        -1.553172161830605      
    1.078933045791869     
 b_abs=    1.424195835095965     
 g=  -7.4209365228614793E-003
 j=    0.000000000000000         398.5382856104752      
    425.7012200563773     
 v_perp_2=    1455100.418695713     
 b_n=   8.7637929041014896E-005   -1.554287699561771      
    1.079028530023042     
 b_para_n=    1.424195847100802     
 dxdt=   0.1396359955448795        -2055.074792321061      
    1426.504244357979     
 dudt=   -11953.37625708603     
 ---------------------
 rk4
 istep=     20000001
 grad_b=  -0.1151543664255399        1.9359044976191148E-003 
  -6.8456266142321490E-002
 bsub=   3.4543351538271802E-002   1.2014305981690315E-003 
   0.9615689923279976     
 bsup=    0.000000000000000        2.5877035366595691E-002 
    1.058258896723816     
 b_abs=    1.008659648923504     
 g=  -1.4566051303558654E-002
 j=    0.000000000000000        -698.5875606523698      
    194.4772418614367     
 v_perp_2=    1030547.159203012     
 b_n=   2.7338286069114212E-006   2.6029428213731755E-002 
    1.058258613134332     
 b_para_n=    1.008659653716179     
 dxdt=   6.1009473928765818E-003    51.45354182084090      
    2090.318529655029     
 dudt=    36665.14589926630     
 ---------------------
 rk4
 istep=     21000001
 grad_b=   -1.140979443474717        0.1080780702833377      
  -0.1580747920125771     
 bsub=   3.1143876336446618E-002  -0.1503772194993829      
    1.383125369321022     
 bsup=    0.000000000000000       -0.9250743954521741      
   0.8658084993021291     
 b_abs=    1.156288664928539     
 g=  -2.0583166284011155E-002
 j=    0.000000000000000         910.9921481134672      
    36.36155133561351     
 v_perp_2=    1181379.522622208     
 b_n=   9.3387966373254807E-005  -0.9239057173600459      
   0.8659334570075515     
 b_para_n=    1.156288663262652     
 dxdt=   0.1822393254159676        -1561.096144155578      
    1463.461139701667     
 dudt=    104637.4892202473     
 ---------------------
 rk4
 istep=     22000001
 grad_b=   0.5169075385052093        7.7595734975413014E-002 
   0.1655056391967684     
 bsub=  -2.6100056293113058E-002   7.6764765303542676E-002 
    1.222056548910061     
 bsup=    0.000000000000000       -0.3676225419819715      
    1.139097215086299     
 b_abs=    1.168175207484933     
 g=  -8.1848319765801744E-003
 j=    0.000000000000000         112.3762555924946      
   -1.251935733185931     
 v_perp_2=    1193523.903477555     
 b_n=   1.5006812056161611E-004  -0.3687847803836876      
    1.139173427517244     
 b_para_n=    1.168175207618316     
 dxdt=   0.2899285898262403        -616.2275110399439      
    1902.602090725493     
 dudt=   -69969.35136259998     
 ---------------------
 rk4
 istep=     23000001
 grad_b=   0.6678522386570209        4.3769396244730925E-002 
  -0.1516631855793340     
 bsub=  -8.7579933706176755E-002   5.2364784312677229E-002 
    1.718906076178818     
 bsup=    0.000000000000000       -0.8851610669759667      
    1.032243157535862     
 b_abs=    1.314459312003335     
 g=  -1.2163928800835668E-002
 j=    0.000000000000000        -17.58528637706385      
   -553.4458164153718     
 v_perp_2=    1342982.233243197     
 b_n=   7.9176547714188879E-005  -0.8862411823660837      
    1.032280085716287     
 b_para_n=    1.314459298147811     
 dxdt=   0.1363402939048458        -1289.631098640164      
    1501.816235569275     
 dudt=    75899.70285294550     
 ---------------------
 rk4
 istep=     24000001
 grad_b=  -0.8508896163075972       -7.8361935850795705E-002 
   7.2765789049634155E-002
 bsub=   1.2038078596228905E-002  -5.4982894130825896E-002 
    1.120741171496530     
 bsup=    0.000000000000000       -0.5828998498273050      
   0.8925580963505922     
 b_abs=    1.016301361411374     
 g=  -2.0295949983121293E-002
 j=    0.000000000000000         755.4968519754510      
    455.2425509551713     
 v_perp_2=    1038354.379305949     
 b_n=  -8.3260847092556662E-005  -0.5819517238783852      
   0.8926055159309045     
 b_para_n=    1.016301373284523     
 dxdt=  -0.1844328382128359        -1139.487392246011      
    1748.146756605693     
 dudt=   -55606.18649762646     
 ---------------------
 rk4
 istep=     25000001
 grad_b=  -0.9361958743711086       -4.2957741859066492E-002 
  -6.8769243926307316E-002
 bsub=   9.7538515417380390E-003  -9.6642331400464548E-002 
   0.9825581538690435     
 bsup=    0.000000000000000       -0.5085247374433918      
   0.9567425738481163     
 b_abs=   0.9944207794019581     
 g=  -1.5301551420164497E-002
 j=    0.000000000000000         145.3802668860658      
    565.2954185352273     
 v_perp_2=    1015998.855609194     
 b_n=  -6.7419397511401169E-005  -0.5072562394162279      
   0.9568680244290995     
 b_para_n=   0.9944207937678448     
 dxdt=  -0.1525789965957698        -1017.837447722747      
    1920.652657735964     
 dudt=    22577.49498565483     
 ---------------------
 rk4
 istep=     26000001
 grad_b=   1.9175821747143967E-002   0.1635566152182243      
   0.3015019959032560     
 bsub=  -5.8072574558387810E-002   2.7722334053127171E-002 
    1.555553710155568     
 bsup=    0.000000000000000        -1.359488007698012      
    1.004830590662783     
 b_abs=    1.234951405166943     
 g=  -1.1433456002840727E-002
 j=    0.000000000000000        -32.30478907129282      
   -210.9805385537772     
 v_perp_2=    1261748.741527086     
 b_n=   2.8542978616327464E-004   -1.359542919883319      
    1.004842220710042     
 b_para_n=    1.234951399682258     
 dxdt=   0.5222875831844758        -2128.532374965342      
    1573.196967680508     
 dudt=   -33343.09944615827     
 ---------------------
 rk4
 istep=     27000001
 grad_b=  -0.3541918402530858        6.3683899917372194E-002 
  -7.2473676730223646E-002
 bsub=  -7.1278485861627078E-003   3.3918401232404201E-002 
    1.068462438181119     
 bsup=    0.000000000000000        0.3624805123651839      
   0.9171288804276952     
 b_abs=   0.9962854951276756     
 g=  -1.7507357322855435E-002
 j=    0.000000000000000         53.55862035412861      
   -232.1121680853014     
 v_perp_2=    1017903.906443034     
 b_n=   8.4696565036099618E-005   0.3629357683364225      
   0.9171149872552493     
 b_para_n=   0.9962854886210055     
 dxdt=   0.1913259307185707         727.0620144285680      
    1836.940178852188     
 dudt=    22245.08803342452     
 ---------------------
 rk4
 istep=     28000001
 grad_b=  -0.6846889452162631       -3.4586668528120049E-002 
  -0.1241708447876836     
 bsub=   9.1081295981432539E-002  -0.1190065518871680      
    1.651837887139305     
 bsup=    0.000000000000000        -1.228494184312431      
   0.9517629800841346     
 b_abs=    1.311039962778919     
 g=  -1.7931873962053785E-002
 j=    0.000000000000000         1439.835684657937      
   -406.3225737188470     
 v_perp_2=    1339488.117121642     
 b_n=  -4.6697250498204397E-005   -1.227767037100322      
   0.9518179324286301     
 b_para_n=    1.311039950449854     
 dxdt=  -8.0615407117879845E-002   -1791.529206124199      
    1389.035852812775     
 dudt=    29493.43125949516     
 ---------------------
 rk4
 istep=     29000001
 grad_b=  -0.5775679128363977       -4.2785260370341985E-002 
  -3.7073129818778125E-002
 bsub=   2.5512075782228291E-002  -7.7666506102768609E-002 
   0.8273698874220381     
 bsup=    0.000000000000000       -0.2016069391200107      
    1.165085204364576     
 b_abs=   0.9898958232153802     
 g=  -9.6150312486187120E-003
 j=    0.000000000000000        -118.2415666599691      
   -39.98105481203120     
 v_perp_2=    1011375.454771934     
 b_n=  -8.4885613619951371E-005  -0.2005493441873486      
    1.165187099150676     
 b_para_n=   0.9898958225751165     
 dxdt=  -0.1929728778919170        -404.3457401417401      
    2350.837283240999     
 dudt=    17839.06496118724     
 ---------------------
 Elapsed time (seconds):     155.2948110000000     

real	2m35.311s
user	2m34.817s
sys	0m0.037s
>>> [PID 3663758] DONE  u=2000, v_perp=1000, out=gc_grid/dat236.dat
