>>> [PID 3680080] START u=7000, v_perp=2000, out=gc_grid/dat267.dat, dt=2e-09, steps=30000000
 outer boundary:   8.3000000000000462E-002
 rk4
 istep=            1
 grad_b=  -0.5028819366439075        4.9315056132540822E-003 
  -7.9823760141531364E-003
 bsub=   8.6925037477967870E-003   4.2252272644842867E-002 
    1.020727331604491     
 bsup=    0.000000000000000        0.5003061709462253      
   0.9181486435594460     
 b_abs=   0.9787596274809680     
 g=  -1.6418765517147146E-002
 j=    0.000000000000000         576.0999469755750      
    59.08924534028401     
 v_perp_2=    3999999.715769288     
 b_n=   2.5006718272870778E-005   0.5026957905853620      
   0.9180495218166369     
 b_para_n=   0.9787596356131598     
 dxdt=   0.1861456055370727         3595.932187261531      
    6565.777863575063     
 dudt=    10150.09427525473     
 ---------------------
 rk4
 istep=      1000001
 grad_b=  -9.4273709950438239E-002  -5.3477735678654631E-002 
   0.1049662499619585     
 bsub=  -1.1401172882609521E-002   3.6665575656133709E-002 
    1.042277711608032     
 bsup=    0.000000000000000        0.5206768406499860      
   0.9841687549118847     
 b_abs=    1.022306102577743     
 g=  -1.4067818637603457E-002
 j=    0.000000000000000        -1193.678408824967      
    205.8930506903986     
 v_perp_2=    4177961.534925992     
 b_n=  -2.9625753975101224E-004   0.5211593117526460      
   0.9841485564424912     
 b_para_n=    1.022306117592509     
 dxdt=   -2.111505765817949         3562.170501613442      
    6726.470976900830     
 dudt=   -150830.1732409362     
 ---------------------
 rk4
 istep=      2000001
 grad_b=  -7.5956191048545840E-002  -1.0266660073170952E-002 
   7.3170290000375171E-002
 bsub=  -3.3021056669408674E-002   1.0086619935201980E-002 
   0.9756683706594536     
 bsup=    0.000000000000000        8.9638234639212944E-002 
    1.051159914738681     
 b_abs=    1.012959544273152     
 g=  -1.4553949164617407E-002
 j=    0.000000000000000        -280.3689199847738      
    71.70556665410186     
 v_perp_2=    4139759.916444236     
 b_n=  -5.2664188065678030E-005   8.9989267474848408E-002 
    1.051154509549833     
 b_para_n=    1.012959550285376     
 dxdt=  -0.3788088989090850         621.0809072935543      
    7253.575870856534     
 dudt=   -153297.9428747591     
 ---------------------
 rk4
 istep=      3000001
 grad_b=  -0.2958108031265306        7.8178682163321939E-004 
   4.2887856949173159E-002
 bsub=  -3.6283198982507259E-002  -2.4272512717580030E-002 
   0.9354671560185266     
 bsup=    0.000000000000000       -0.1443617371681759      
    1.054377074971071     
 b_abs=   0.9952627758694661     
 g=  -1.4976635158587529E-002
 j=    0.000000000000000         246.7522169876863      
   -65.98059847758327     
 v_perp_2=    4067432.620286879     
 b_n=   8.7428034116577517E-006  -0.1430043416170402      
    1.054412627647525     
 b_para_n=   0.9952627695831637     
 dxdt=   6.4002495752867664E-002   -1004.706252123640      
    7410.925544517861     
 dudt=   -92610.36750590315     
 ---------------------
 rk4
 istep=      4000001
 grad_b=  -0.5016524633010333        7.8662221186554838E-004 
   1.7608564876320384E-002
 bsub=  -3.0526811688542446E-002  -4.9316144682946469E-002 
   0.9303288525523828     
 bsup=    0.000000000000000       -0.3109538316403893      
    1.028128983253182     
 b_abs=   0.9856213557243434     
 g=  -1.5811981081309160E-002
 j=    0.000000000000000         374.0421418531668      
   -54.36122068316439     
 v_perp_2=    4028025.866337275     
 b_n=   7.6267418246274526E-006  -0.3087320084480253      
    1.028247004027721     
 b_para_n=   0.9856213491879883     
 dxdt=   5.6377519586276237E-002   -2191.375532838002      
    7300.678210313756     
 dudt=   -37025.90695675845     
 ---------------------
 rk4
 istep=      5000001
 grad_b=  -0.7147967812197951       -3.0519780027410785E-003 
  -1.1738146474164352E-002
 bsub=  -2.0494371337371760E-002  -6.7387826101646287E-002 
   0.9531629998800334     
 bsup=    0.000000000000000       -0.4173911337517068      
   0.9868137187047206     
 b_abs=   0.9843708699063514     
 g=  -1.6770053981584192E-002
 j=    0.000000000000000        -215.6007613546440      
    36.40578646052359     
 v_perp_2=    4022911.095994980     
 b_n=  -1.6670454254522782E-005  -0.4143204070444217      
   0.9870304629007144     
 b_para_n=   0.9843708745805894     
 dxdt=  -0.1233856950318068        -2944.705312462555      
    7017.334871352620     
 dudt=    21400.81955145340     
 ---------------------
 rk4
 istep=      6000001
 grad_b=  -0.9308150590580876       -1.2986537309442037E-002 
  -5.0178451554517674E-002
 bsub=  -5.6969100103642558E-003  -8.1655284282654381E-002 
    1.001503750914739     
 bsup=    0.000000000000000       -0.5081169759121646      
   0.9421096368366525     
 b_abs=   0.9926690600343934     
 g=  -1.7286972693337628E-002
 j=    0.000000000000000         1147.951199504389      
   -87.18118931263388     
 v_perp_2=    4056819.694898786     
 b_n=  -7.3484727131763305E-005  -0.5041103826271452      
   0.9424358703662543     
 b_para_n=   0.9926690431362690     
 dxdt=  -0.5393549970444432        -3551.601117050727      
    6642.011954325420     
 dudt=    83728.58142671346     
 ---------------------
 rk4
 istep=      7000001
 grad_b=   -1.018178560761333       -8.5040767550542351E-002 
  -0.1537447423961353     
 bsub=   2.6308110728713672E-002  -8.4307028759130126E-002 
    1.102534015318146     
 bsup=    0.000000000000000       -0.6672970916886268      
   0.9171135602171407     
 b_abs=    1.033256274971508     
 g=  -1.5772981404459242E-002
 j=    0.000000000000000        -1051.997154406459      
    1001.766351974376     
 v_perp_2=    4222686.694488843     
 b_n=  -4.6305206943216866E-004  -0.6624440344047131      
   0.9174958022929041     
 b_para_n=    1.033256377584477     
 dxdt=   -3.265380565939702        -4476.228969940345      
    6201.728631615246     
 dudt=    166622.3942264757     
 ---------------------
 rk4
 istep=      8000001
 grad_b=   0.1585861166993649       -0.1610640138763828      
  -0.2606706217189332     
 bsub=   5.6901308223556032E-002   4.1495140864794923E-002 
    1.449579217840803     
 bsup=    0.000000000000000        -1.016284360995092      
    1.040257046801413     
 b_abs=    1.210293363692548     
 g=  -1.0233610436078466E-002
 j=    0.000000000000000        -1837.558741877817      
    524.0443972838370     
 v_perp_2=    4946193.694816366     
 b_n=  -1.0771827161980792E-003   -1.017468390725995      
    1.040333259293015     
 b_para_n=    1.210293406209302     
 dxdt=   -6.487203395366947        -5828.008301808034      
    5958.642763667645     
 dudt=    181458.8932829540     
 ---------------------
 rk4
 istep=      9000001
 grad_b=   0.4806344147431365       -6.9808005441383547E-002 
  -0.1871705170020336     
 bsub=   3.0180979893471068E-002   0.1337237331891498      
    1.748778439403157     
 bsup=    0.000000000000000        -1.225041676033452      
    1.082594008644941     
 b_abs=    1.315801472477082     
 g=  -7.8350541229761476E-003
 j=    0.000000000000000        -77.26145873432679      
   -252.8880183212555     
 v_perp_2=    5377376.380995777     
 b_n=  -5.1650444738451159E-004   -1.229545065949761      
    1.082947265240348     
 b_para_n=    1.315801448762007     
 dxdt=   -2.861822600620692        -6449.863846242145      
    5679.781203578219     
 dudt=    181870.1320910936     
 ---------------------
 rk4
 istep=     10000001
 grad_b=   0.4274549615213323       -7.2569936603994342E-002 
  -0.2138772450205617     
 bsub=   1.2725482394329180E-002   0.1686191012114508      
    1.951308694512110     
 bsup=    0.000000000000000        -1.315041573350446      
    1.073495725074786     
 b_abs=    1.368213145784205     
 g=  -7.4101267010784136E-003
 j=    0.000000000000000        -1837.881253716537      
    352.7835698917144     
 v_perp_2=    5591565.126114745     
 b_n=  -5.4804812646396244E-004   -1.319387019610920      
    1.073874816533531     
 b_para_n=    1.368213164085357     
 dxdt=   -2.920635431935811        -6640.955846065704      
    5404.266319189042     
 dudt=    200369.5520764824     
 ---------------------
 rk4
 istep=     11000001
 grad_b=   0.4383779505305779       -5.1411509741384046E-002 
  -0.1598584958892302     
 bsub=  -1.3392975057759920E-003   0.1868508808947418      
    2.093209495602311     
 bsup=    0.000000000000000        -1.387655408238067      
    1.073211471910506     
 b_abs=    1.409364097186775     
 g=  -7.2645514933288189E-003
 j=    0.000000000000000         464.3900036295256      
    66.58229762984018     
 v_perp_2=    5759733.408629934     
 b_n=  -3.8741091319101069E-004   -1.392226864849841      
    1.073619303203381     
 b_para_n=    1.409364107473994     
 dxdt=   -2.004493757716912        -6790.940079242807      
    5235.923963937672     
 dudt=    145305.7815491025     
 ---------------------
 rk4
 istep=     12000001
 grad_b=   0.4302890381778757        3.7479904894342497E-003 
  -9.4440293194549899E-003
 bsub=  -1.6503714411938486E-002   0.1871141627033409      
    2.148628759952419     
 bsup=    0.000000000000000        -1.473812343086987      
    1.076166714255419     
 b_abs=    1.427245911858187     
 g=  -7.3784418422961811E-003
 j=    0.000000000000000         1348.448099418513      
    121.3156085038528     
 v_perp_2=    5832805.954017153     
 b_n=   4.6943164844288814E-005   -1.478231040130980      
    1.076551893864093     
 b_para_n=    1.427245934594796     
 dxdt=   0.2398551489362743        -7114.490203515688      
    5180.429676625382     
 dudt=    22459.23528957388     
 ---------------------
 rk4
 istep=     13000001
 grad_b=   0.3670656886479261        6.4186907449187730E-002 
   0.1528441181320327     
 bsub=  -3.5258347862890949E-002   0.1618088571873614      
    2.083236770461986     
 bsup=    0.000000000000000        -1.567146361275980      
    1.074190406429453     
 b_abs=    1.408498382284108     
 g=  -8.1293519247890664E-003
 j=    0.000000000000000        -658.1750757791091      
    516.8503157187347     
 v_perp_2=    5756183.290784013     
 b_n=   4.8592246720525269E-004   -1.570579868365319      
    1.074465347297085     
 b_para_n=    1.408498426475496     
 dxdt=    2.515739754278192        -7665.385180650268      
    5243.427947755395     
 dudt=   -92257.95018235521     
 ---------------------
 rk4
 istep=     14000001
 grad_b=   0.2157545490244429        0.1265617866507647      
   0.2516571474001597     
 bsub=  -5.9085831758902925E-002   8.4921371058338121E-002 
    1.841282652327068     
 bsup=    0.000000000000000        -1.510378789406747      
    1.039332924629186     
 b_abs=    1.335947475403050     
 g=  -1.0955708643298449E-002
 j=    0.000000000000000         994.8682168886916      
   -440.3531708567783     
 v_perp_2=    5459680.246837283     
 b_n=   7.8083123716913519E-004   -1.511899084500228      
    1.039428071523352     
 b_para_n=    1.335947438514465     
 dxdt=    4.261348095655451        -7803.502222662159      
    5364.613060565253     
 dudt=   -107677.9282819181     
 ---------------------
 rk4
 istep=     15000001
 grad_b=  -0.9441748918720023        0.1128984512769922      
   0.2836033108555791     
 bsub=  -5.4658828886949340E-002  -6.2472219153085373E-002 
    1.450643769228445     
 bsup=    0.000000000000000        -1.097188151585531      
   0.9066779361383877     
 b_abs=    1.176204047128812     
 g=  -1.8107926008548103E-002
 j=    0.000000000000000        -998.3792738456826      
    660.3589755479725     
 v_perp_2=    4806845.225302276     
 b_n=   5.2615579607023007E-004   -1.093262457465974      
   0.9068668764262037     
 b_para_n=    1.176204114437105     
 dxdt=    3.260319028254360        -6451.439646150599      
    5352.516745534457     
 dudt=   -231517.3970148616     
 ---------------------
 rk4
 istep=     16000001
 grad_b=   -1.315125920604681       -2.1196497601142627E-002 
   0.1732022982924136     
 bsub=  -2.8425763946577660E-002  -9.8981640041989394E-002 
    1.282364338193896     
 bsup=    0.000000000000000       -0.8540333477041726      
   0.8652242651829891     
 b_abs=    1.092921893570958     
 g=  -2.0420899331008591E-002
 j=    0.000000000000000         1461.428951120672      
   -775.7866823748284     
 v_perp_2=    4466488.393880018     
 b_n=  -2.9991766911428217E-005  -0.8490089524035187      
   0.8656113430554617     
 b_para_n=    1.092921806201101     
 dxdt=  -0.1999730529683054        -5410.354970723399      
    5517.770627941949     
 dudt=   -314026.6420956069     
 ---------------------
 rk4
 istep=     17000001
 grad_b=   -1.247166844563918       -3.6690808620095487E-002 
   0.1306984662204235     
 bsub=  -1.1775920636218941E-002  -8.5928508686480817E-002 
    1.190080101176860     
 bsup=    0.000000000000000       -0.7483914754255618      
   0.8733174016136337     
 b_abs=    1.050561621026802     
 g=  -1.9934873502148433E-002
 j=    0.000000000000000        -656.1858757156219      
   -409.7856802067213     
 v_perp_2=    4293368.733505713     
 b_n=  -1.0763118923848662E-004  -0.7434713176690522      
   0.8736715598720881     
 b_para_n=    1.050561585173482     
 dxdt=  -0.7465206358471227        -4937.533525638897      
    5804.014499060071     
 dudt=   -275415.6685913281     
 ---------------------
 rk4
 istep=     18000001
 grad_b=   -1.115135554861941       -2.3950697185650890E-002 
   9.0303547432931369E-002
 bsub=   1.3896071241960104E-003  -7.3150430544023426E-002 
    1.108587438191619     
 bsup=    0.000000000000000       -0.6488796894326105      
   0.8923065035988381     
 b_abs=    1.017996167958630     
 g=  -1.9347198744354890E-002
 j=    0.000000000000000         824.8381201994896      
   -658.1797537611809     
 v_perp_2=    4160278.027687294     
 b_n=  -7.2731389349720425E-005  -0.6443712992072473      
   0.8926040177564821     
 b_para_n=    1.017996097922753     
 dxdt=  -0.5205666782974033        -4422.290147339342      
    6127.812694358773     
 dudt=   -192935.1381688587     
 ---------------------
 rk4
 istep=     19000001
 grad_b=  -0.9228129625177752       -1.2843652424435695E-002 
   5.0953072694169703E-002
 bsub=   1.3385565340223574E-002  -6.2845952702587207E-002 
    1.040963567077657     
 bsup=    0.000000000000000       -0.5340546170880621      
   0.9217867703662473     
 b_abs=   0.9966085551037537     
 g=  -1.8826643630679232E-002
 j=    0.000000000000000         882.8901225449606      
   -770.0715597692407     
 v_perp_2=    4072868.289523215     
 b_n=  -3.9789342640154979E-005  -0.5302926409838907      
   0.9220143273130255     
 b_para_n=   0.9966084757505062     
 dxdt=  -0.2908888695206789        -3720.811352430076      
    6471.313420775276     
 dudt=   -110362.5371976170     
 ---------------------
 rk4
 istep=     20000001
 grad_b=  -0.7161617645862970       -4.9156375893257206E-003 
   1.9658595157089134E-002
 bsub=   2.4185142389688965E-002  -4.7537364493344073E-002 
   0.9940204047240100     
 bsup=    0.000000000000000       -0.4158989393142552      
   0.9562245325791232     
 b_abs=   0.9848977327420578     
 g=  -1.8248923749143723E-002
 j=    0.000000000000000        -582.2411205122747      
   -96.39686430489722     
 v_perp_2=    4025005.069009141     
 b_n=  -1.6343720976371164E-005  -0.4129528055862448      
   0.9563658177500591     
 b_para_n=   0.9848977262791551     
 dxdt=  -0.1209027825587468        -2933.385524763157      
    6795.520811756947     
 dudt=   -43241.68221471830     
 ---------------------
 rk4
 istep=     21000001
 grad_b=  -0.4956551528129642        5.5208811962066603E-003 
  -6.6125192765683488E-003
 bsub=   3.0697095643464279E-002  -1.4424171925766158E-002 
   0.9847839409945703     
 bsup=    0.000000000000000       -0.2327945413963853      
   0.9746758919808737     
 b_abs=   0.9814045448138775     
 g=  -1.7657325422723077E-002
 j=    0.000000000000000         700.7348094980305      
   -265.4283524515315     
 v_perp_2=    4010725.198287600     
 b_n=   2.2997927528432159E-005  -0.2306937670929690      
   0.9747059193847235     
 b_para_n=   0.9814045188765127     
 dxdt=   0.1707318917461955        -1644.661013924723      
    6951.469211504723     
 dudt=    16095.06964392091     
 ---------------------
 rk4
 istep=     22000001
 grad_b=  -0.4705611231355369       -6.1718758502808529E-003 
   1.1269557816864506E-002
 bsub=   1.4731200785198711E-002   3.5232353926247115E-002 
    1.030683824340275     
 bsup=    0.000000000000000        0.2076920464408578      
   0.9243709496449302     
 b_abs=   0.9796881708865134     
 g=  -1.7693794094453253E-002
 j=    0.000000000000000        -922.4566374131779      
    239.1475931421780     
 v_perp_2=    4003706.885713589     
 b_n=  -2.9141987138011185E-005   0.2097840069489882      
   0.9242998751840783     
 b_para_n=   0.9796881914026687     
 dxdt=  -0.2167225326044799         1499.488121450726      
    6603.972683942666     
 dudt=   -19053.91234009626     
 ---------------------
 rk4
 istep=     23000001
 grad_b=   2.5324285061967017E-002  -6.4747349702094240E-002 
   0.1428087326520771     
 bsub=  -1.6206037438227742E-003   3.2089762953212350E-002 
    1.082051490013078     
 bsup=    0.000000000000000        0.8419534451327494      
   0.9780388476421842     
 b_abs=    1.041488307937922     
 g=  -1.2741539422407829E-002
 j=    0.000000000000000         521.4901956109413      
   -201.5662257345469     
 v_perp_2=    4256262.224847118     
 b_n=  -3.9446844414764448E-004   0.8418074541038075      
   0.9780425700105150     
 b_para_n=    1.041488290898580     
 dxdt=   -2.759790617569074         5643.057822536062      
    6556.360926453824     
 dudt=   -167076.6511624392     
 ---------------------
 rk4
 istep=     24000001
 grad_b=   0.1192446044307111       -1.4284270306825345E-002 
   0.1005374188608939     
 bsub=  -2.5322178072337651E-002   2.9704671911920756E-002 
    1.014021219882633     
 bsup=    0.000000000000000        0.2720768385159908      
    1.056278944267190     
 b_abs=    1.039035524972416     
 g=  -1.3641511345406775E-002
 j=    0.000000000000000         734.0552647887216      
   -291.5003621630770     
 v_perp_2=    4246234.205337284     
 b_n=  -8.6655192635584380E-005   0.2714645362166829      
    1.056294693201394     
 b_para_n=    1.039035501693887     
 dxdt=  -0.6076879059769531         1824.081059188101      
    7098.377255473692     
 dudt=   -201199.5582837473     
 ---------------------
 rk4
 istep=     25000001
 grad_b=  -9.6733104480210552E-002   7.8247812172974607E-003 
   6.8734022282159857E-002
 bsub=  -3.6776288409770978E-002  -2.6230792927369011E-003 
   0.9545332865180725     
 bsup=    0.000000000000000        3.1655525882526181E-002 
    1.075205534281188     
 b_abs=    1.012872547166943     
 g=  -1.3993819662642201E-002
 j=    0.000000000000000        -623.0053018824950      
    154.5135014578910     
 v_perp_2=    4139309.538155389     
 b_n=   3.8963014067732106E-005   3.2112917043449797E-002 
    1.075208306544485     
 b_para_n=    1.012872560524270     
 dxdt=   0.2802815700918896         221.7515796182132      
    7420.234869519169     
 dudt=   -149590.5926155691     
 ---------------------
 rk4
 istep=     26000001
 grad_b=  -0.3201626095292063        7.7482683692027283E-003 
   4.1310848306983214E-002
 bsub=  -3.5965921154429918E-002  -3.3398377024237792E-002 
   0.9222634528529039     
 bsup=    0.000000000000000       -0.1739559216673601      
    1.066372205627367     
 b_abs=   0.9949628790720837     
 g=  -1.4509126315300125E-002
 j=    0.000000000000000         429.7222217913293      
   -196.9354478436662     
 v_perp_2=    4066113.754567692     
 b_n=   4.3438444493433908E-005  -0.1724590224658900      
    1.066428087917279     
 b_para_n=   0.9949628608664598     
 dxdt=   0.3180908062185803        -1212.068782816506      
    7497.742221004433     
 dudt=   -87702.71895249438     
 ---------------------
 rk4
 istep=     27000001
 grad_b=  -0.5321486746687826        3.4317440200456895E-003 
   1.6193887008321972E-002
 bsub=  -2.8120988780749007E-002  -5.8218407534719338E-002 
   0.9187935694194271     
 bsup=    0.000000000000000       -0.3353214526319199      
    1.035812893192455     
 b_abs=   0.9852181741651429     
 g=  -1.5331273195196463E-002
 j=    0.000000000000000         167.2867160936835      
    10.29922008524306     
 v_perp_2=    4026285.785274779     
 b_n=   2.0150163568033452E-005  -0.3329182856013595      
    1.035965784090864     
 b_para_n=   0.9852181741389540     
 dxdt=   0.1490125608922915        -2364.056603608624      
    7358.633159466151     
 dudt=   -32402.37736591061     
 ---------------------
 rk4
 istep=     28000001
 grad_b=  -0.7633132854324144       -7.0213731307321101E-003 
  -1.7031880430672088E-002
 bsub=  -1.4103493945118690E-002  -7.9738645517705917E-002 
   0.9416786046500004     
 bsup=    0.000000000000000       -0.4389572807863326      
   0.9912243029441282     
 b_abs=   0.9844029917716941     
 g=  -1.6034928710685820E-002
 j=    0.000000000000000        -39.73393201060190      
    149.4414227074463     
 v_perp_2=    4022950.097048929     
 b_n=  -3.7552327138574072E-005  -0.4355693853037052      
   0.9915106320855736     
 b_para_n=   0.9844030054332383     
 dxdt=  -0.2779329681581836        -3095.579572364270      
    7048.973959678092     
 dudt=    28645.63025172587     
 ---------------------
 rk4
 istep=     29000001
 grad_b=  -0.9627690784882988       -6.4731696616479234E-002 
  -9.9942309973909321E-002
 bsub=   1.9032432071939980E-002  -9.2315668776601106E-002 
    1.018283202568927     
 bsup=    0.000000000000000       -0.5390594016792872      
   0.9496550840476161     
 b_abs=    1.007883163731703     
 g=  -1.4991371506185323E-002
 j=    0.000000000000000        -462.0509325587113      
    686.9088265824433     
 v_perp_2=    4118902.288452109     
 b_n=  -3.6089815515786102E-004  -0.5343599356395348      
   0.9500879408363837     
 b_para_n=    1.007883230879511     
 dxdt=   -2.608961088786874        -3705.383756016945      
    6590.712942655038     
 dudt=    121675.1969123206     
 ---------------------
 Elapsed time (seconds):     161.8274860000000     

real	2m41.843s
user	2m41.274s
sys	0m0.032s
>>> [PID 3680080] DONE  u=7000, v_perp=2000, out=gc_grid/dat267.dat
