>>> [PID 3667646] START u=6500, v_perp=1000, out=gc_grid/dat245.dat, dt=2e-09, steps=30000000
 outer boundary:   8.3000000000000462E-002
 rk4
 istep=            1
 grad_b=  -0.5028819903199944        4.9315563216415226E-003 
  -7.9824836621076034E-003
 bsub=   8.6924897785807011E-003   4.2252280506228125E-002 
    1.020727300978431     
 bsup=    0.000000000000000        0.5003071677813906      
   0.9181486342158820     
 b_abs=   0.9787596324482557     
 g=  -1.6418760469804599E-002
 j=    0.000000000000000         576.0999447816913      
    59.08999295862606     
 v_perp_2=    999999.9340174035     
 b_n=   2.3220774018874556E-005   0.5025261011250549      
   0.9180565925419530     
 b_para_n=   0.9787596399996449     
 dxdt=   0.1560354947055965         3337.479611619264      
    6096.860282938245     
 dudt=    2537.559285004000     
 ---------------------
 rk4
 istep=      1000001
 grad_b=  -0.4750331420330348       -3.1367235310692937E-003 
   5.4290823710267944E-003
 bsub=  -2.7689877442823231E-002   5.2070188496492406E-003 
    1.004091944856184     
 bsup=    0.000000000000000       -0.1280961816526291      
   0.9571596732858613     
 b_abs=   0.9802047196834841     
 g=  -1.7803419046592214E-002
 j=    0.000000000000000         470.8237511113763      
   -344.8793543382404     
 v_perp_2=    1001475.470065910     
 b_n=  -1.2632683297652079E-005  -0.1262006323000608      
   0.9571494651240423     
 b_para_n=   0.9802046891037571     
 dxdt=  -8.4762095238319610E-002   -836.7066281717966      
    6347.003001675695     
 dudt=   -2917.648495792009     
 ---------------------
 rk4
 istep=      2000001
 grad_b=   -1.042539489280847        9.9895378324081172E-002 
  -0.1135683515047918     
 bsub=   2.1000452517833585E-003  -8.9549318950043241E-002 
    1.207510384615831     
 bsup=    0.000000000000000       -0.7084360754990791      
   0.8762970256078682     
 b_abs=    1.058978982804710     
 g=  -2.0355818129250629E-002
 j=    0.000000000000000        -536.1320366596532      
    330.9999193063046     
 v_perp_2=    1081958.208747157     
 b_n=   3.2870721871665213E-004  -0.7046904790717600      
   0.8765742583372492     
 b_para_n=    1.058979016885263     
 dxdt=    2.041501936424227        -4320.889399314610      
    5375.202583467142     
 dudt=    82147.33852807694     
 ---------------------
 rk4
 istep=      3000001
 grad_b=  -0.4958455917077720        6.5763100589905560E-002 
  -5.1327954943013281E-002
 bsub=   4.7005907272940268E-004  -0.2411462398126236      
    1.512627978495701     
 bsup=    0.000000000000000        -1.247890995305683      
   0.8996497573507654     
 b_abs=    1.289128338295129     
 g=  -1.6738087921652607E-002
 j=    0.000000000000000         342.3386244487616      
   -53.47786207545633     
 v_perp_2=    1317100.666442093     
 b_n=   2.1212004460563090E-004   -1.246064385863441      
   0.8999408861031334     
 b_para_n=    1.289128329922437     
 dxdt=    1.082257341071920        -6259.098389044688      
    4520.614594216914     
 dudt=    50819.29226047026     
 ---------------------
 rk4
 istep=      4000001
 grad_b=   -1.148499123583081       -0.1011292697875696      
   0.1408567791426095     
 bsub=  -1.8691760406653855E-002  -0.1197897524437538      
    1.304258013231380     
 bsup=    0.000000000000000       -0.8160745850038932      
   0.8681686933537651     
 b_abs=    1.109124722953865     
 g=  -2.0404225530982732E-002
 j=    0.000000000000000        -272.7810049262386      
    342.4207634846397     
 v_perp_2=    1133190.279183954     
 b_n=  -3.1112667640302740E-004  -0.8120300259474896      
   0.8685357358296449     
 b_para_n=    1.109124756194080     
 dxdt=   -1.844965122826151        -4751.057875683357      
    5082.033169628106     
 dudt=   -94335.68422687681     
 ---------------------
 rk4
 istep=      5000001
 grad_b=  -0.7376898222716545       -2.7328936255609226E-003 
   2.0535023573909857E-002
 bsub=   2.2470874395921197E-002  -5.4638979979416018E-002 
   0.9879951373584157     
 bsup=    0.000000000000000       -0.4298473814626412      
   0.9586711129769362     
 b_abs=   0.9851952080279395     
 g=  -1.8051576597140129E-002
 j=    0.000000000000000        -292.4702909423144      
   -161.0639911783375     
 v_perp_2=    1006570.856083291     
 b_n=  -6.1241149597390711E-006  -0.4270171897108190      
   0.9588277574618970     
 b_para_n=   0.9851951954261237     
 dxdt=  -4.0883136474863718E-002   -2816.880091426032      
    6325.556523645913     
 dudt=   -10816.98066382362     
 ---------------------
 rk4
 istep=      6000001
 grad_b=   6.3483784888639233E-002   8.1207057023790635E-003 
  -9.1641401894036675E-002
 bsub=   2.9540249899305961E-002   2.2005802850645493E-002 
   0.9959629657072027     
 bsup=    0.000000000000000        0.1987716026769286      
    1.061502358904427     
 b_abs=    1.030388624896436     
 g=  -1.3856466598715879E-002
 j=    0.000000000000000         854.0839138362117      
   -235.0430474016055     
 v_perp_2=    1052743.802865555     
 b_n=   4.6676848464826858E-005   0.1984670962934623      
    1.061507684622293     
 b_para_n=    1.030388607578783     
 dxdt=   0.2979384151127553         1251.184224064352      
    6692.127826295100     
 dudt=    47428.22901097388     
 ---------------------
 rk4
 istep=      7000001
 grad_b=   0.6661034927810023        8.8384483241219433E-002 
  -0.1826940267214129     
 bsub=  -3.5736101866696568E-002   1.1748929711023752E-002 
    1.316064463756072     
 bsup=    0.000000000000000        0.1907352649226803      
   0.9994981329345983     
 b_abs=    1.147952671373935     
 g=  -1.3052379887345214E-002
 j=    0.000000000000000         119.3838092875296      
   -180.8831104161576     
 v_perp_2=    1172857.471323705     
 b_n=   4.6738642311178549E-004   0.1873024286595303      
   0.9995414569073631     
 b_para_n=    1.147952656059882     
 dxdt=    2.677849788239027         1058.111910020360      
    5648.071895891565     
 dudt=    73757.56918441404     
 ---------------------
 rk4
 istep=      8000001
 grad_b=   9.5066322986056828E-002   0.1869884380529397      
  -0.1004087083470896     
 bsub=  -5.6596423580046809E-002  -0.1638583242215118      
    1.460616554399700     
 bsup=    0.000000000000000       -0.9760477366352294      
   0.9249167032476089     
 b_abs=    1.229056905800256     
 g=  -1.9025463076860469E-002
 j=    0.000000000000000        -232.6834847320968      
   -49.11284886653693     
 v_perp_2=    1255720.289975458     
 b_n=   6.0545231244975393E-004  -0.9763618957580390      
   0.9249049181686559     
 b_para_n=    1.229056903904865     
 dxdt=    3.240023410614929        -5147.969779346618      
    4876.633118163291     
 dudt=    114459.3576073296     
 ---------------------
 rk4
 istep=      9000001
 grad_b=  -0.9304920134942318       -8.7153180561539256E-002 
   0.1335483938281175     
 bsub=  -5.1135063100690034E-002  -0.2014543805099120      
    1.507876767937883     
 bsup=    0.000000000000000        -1.189160746923783      
   0.8941625775272517     
 b_abs=    1.260068774552062     
 g=  -1.9297649035383065E-002
 j=    0.000000000000000        -234.5044292388574      
   -72.97424270461141     
 v_perp_2=    1287403.873227850     
 b_n=  -2.3115446766734605E-004   -1.186072642318078      
   0.8945673107727665     
 b_para_n=    1.260068771184089     
 dxdt=   -1.206564819236980        -6097.206008316436      
    4598.889392138142     
 dudt=   -90428.18717348087     
 ---------------------
 rk4
 istep=     10000001
 grad_b=   -1.255373776213075       -2.6899996076823494E-002 
   0.1341798607008438     
 bsub=  -1.2982497924270042E-002  -8.6052252896485798E-002 
    1.187201047305953     
 bsup=    0.000000000000000       -0.7544690586539000      
   0.8721389327841037     
 b_abs=    1.048973325220862     
 g=  -1.9862941410209611E-002
 j=    0.000000000000000        -526.0203680101957      
   -523.6175255544342     
 v_perp_2=    1071728.239810463     
 b_n=  -6.3382455408903999E-005  -0.7498414805913736      
   0.8724736222988393     
 b_para_n=    1.048973280498350     
 dxdt=  -0.3974036570205822        -4642.109419014325      
    5401.748835232512     
 dudt=   -66873.61068635125     
 ---------------------
 rk4
 istep=     11000001
 grad_b=  -0.5734058580529569       -1.0315609346922827E-003 
  -9.4670412295688872E-003
 bsub=   2.6607196958790151E-002  -5.9902138692850659E-002 
   0.9274886205774208     
 bsup=    0.000000000000000       -0.3575086606002145      
    1.021144551410362     
 b_abs=   0.9839082796606226     
 g=  -1.5838253643347060E-002
 j=    0.000000000000000        -147.8714264370860      
    55.32547067291830     
 v_perp_2=    1005250.817678211     
 b_n=  -6.7578802095890587E-006  -0.3551512845536210      
    1.021297002769359     
 b_para_n=   0.9839082849716028     
 dxdt=  -4.5173001829623111E-002   -2345.907266407894      
    6746.594051941729     
 dudt=    4827.748986931677     
 ---------------------
 rk4
 istep=     12000001
 grad_b=   0.2440027067036150       -2.3465997582412190E-002 
  -0.1105495572302818     
 bsub=   3.0081416045204468E-002   3.1844493411208125E-002 
    1.021659549842261     
 bsup=    0.000000000000000        0.1949279453630333      
    1.102384247086561     
 b_abs=    1.064517519389946     
 g=  -1.2003789915638333E-002
 j=    0.000000000000000        -402.4622716436288      
   -11.83090777483832     
 v_perp_2=    1087607.566118550     
 b_n=  -1.0214342884531103E-004   0.1936664020970181      
    1.102426574130072     
 b_para_n=    1.064517517513996     
 dxdt=  -0.6310821494974121         1181.211336526703      
    6724.495372838296     
 dudt=    60677.75569379486     
 ---------------------
 rk4
 istep=     13000001
 grad_b=   0.8014822300550704       -1.2472699107422484E-002 
  -0.1610184046992868     
 bsub=  -2.8970899108677315E-002   8.6817595296643152E-002 
    1.423152442539642     
 bsup=    0.000000000000000       -0.2149568371096362      
    1.091328023333653     
 b_abs=    1.238688666061563     
 g=  -8.8347770768338746E-003
 j=    0.000000000000000         1305.796252522434      
   -120.8823403116164     
 v_perp_2=    1265555.487809638     
 b_n=  -1.8858808831337916E-005  -0.2206372430982309      
    1.091674162497929     
 b_para_n=    1.238688662804495     
 dxdt=  -0.1001366454593434        -1154.594153601762      
    5710.539634695296     
 dudt=    71364.30673025620     
 ---------------------
 rk4
 istep=     14000001
 grad_b=   0.5106168064868343        1.4507437427463427E-002 
  -0.1020760133593323     
 bsub=  -6.7591561687931012E-002   0.1525218296302394      
    1.944531516847446     
 bsup=    0.000000000000000       -0.9604629613593628      
    1.068355324859928     
 b_abs=    1.389590424149349     
 g=  -1.0309083528277233E-002
 j=    0.000000000000000         490.7162028768031      
   -310.4172199619687     
 v_perp_2=    1419728.963403739     
 b_n=   1.4880372667168241E-004  -0.9638143588564808      
    1.068623351783376     
 b_para_n=    1.389590400865985     
 dxdt=   0.7043370568853520        -4486.188861295793      
    4973.762490420948     
 dudt=    45212.91254905297     
 ---------------------
 rk4
 istep=     15000001
 grad_b=   0.2409452546397826        0.1227735480167073      
   0.2458893090627491     
 bsub=  -5.7912460194150590E-002   9.1711975447889449E-002 
    1.861795845747217     
 bsup=    0.000000000000000        -1.519937464675513      
    1.043671524438079     
 b_abs=    1.342703758647061     
 g=  -1.0720429406282870E-002
 j=    0.000000000000000         890.1371091791156      
   -374.5033812130691     
 v_perp_2=    1371824.091419746     
 b_n=   7.2167981485682711E-004   -1.521558621281829      
    1.043773809940121     
 b_para_n=    1.342703729596986     
 dxdt=    3.535198572333314        -7333.477288068241      
    5030.611460337610     
 dudt=   -26639.56667925623     
 ---------------------
 rk4
 istep=     16000001
 grad_b=  -0.5932463227904381        0.1591844922934801      
   0.2327315021904580     
 bsub=  -4.9706098439187524E-002  -4.5831785714073828E-002 
    1.215540730889807     
 bsup=    0.000000000000000       -0.7857524343453861      
   0.9614936643618160     
 b_abs=    1.098013059838943     
 g=  -1.3059926859497637E-002
 j=    0.000000000000000         1130.804289059226      
   -1035.927520906994     
 v_perp_2=    1121825.769080514     
 b_n=   8.8044316760956052E-004  -0.7826924404758728      
   0.9616449603987551     
 b_para_n=    1.098012967050655     
 dxdt=    5.273809052631790        -4626.444777338886      
    5684.529442080542     
 dudt=   -45914.96781832682     
 ---------------------
 rk4
 istep=     17000001
 grad_b=  -0.5797463758909713       -1.4508948261980063E-002 
  -1.9345536294688527E-002
 bsub=   1.8191610778975770E-002  -8.1690576889216743E-002 
   0.8599848159683728     
 bsup=    0.000000000000000       -0.3581225009943777      
    1.092499103813522     
 b_abs=   0.9838719128247000     
 g=  -1.2287036589972338E-002
 j=    0.000000000000000        -478.8658396235080      
    209.1880921335453     
 v_perp_2=    1005208.428907243     
 b_n=  -8.0366823796201389E-005  -0.3552742743222041      
    1.092771381066066     
 b_para_n=   0.9838719321574831     
 dxdt=  -0.5372313043776411        -2346.769036541704      
    7219.026143137057     
 dudt=    8275.803338450358     
 ---------------------
 rk4
 istep=     18000001
 grad_b=   0.3347019470675016       -6.0435791786403792E-002 
  -0.1337723076791118     
 bsub=   3.2556848970715667E-002   4.4836128464606329E-002 
    1.069258684320043     
 bsup=    0.000000000000000       -4.6472091993334907E-002 
    1.130758632671462     
 b_abs=    1.098356577818477     
 g=  -9.9870987859309972E-003
 j=    0.000000000000000        -396.0759737708256      
    428.8919876306499     
 v_perp_2=    1122174.851811414     
 b_n=  -3.3039071323485449E-004  -4.8513621383663441E-002 
    1.130854329815071     
 b_para_n=    1.098356608998977     
 dxdt=   -1.978404291618264        -286.8455948270370      
    6682.643702478109     
 dudt=    69046.41476093585     
 ---------------------
 rk4
 istep=     19000001
 grad_b=   0.7058738826884451       -4.9547692284633169E-002 
  -0.1585647089094726     
 bsub=  -6.2980517385497377E-003   0.1210008504920646      
    1.524412788845559     
 bsup=    0.000000000000000       -0.5609064358892067      
    1.112278291010020     
 b_abs=    1.276009637476861     
 g=  -8.0371698865793449E-003
 j=    0.000000000000000         475.0848793380698      
   -290.3559374369523     
 v_perp_2=    1303679.255560640     
 b_n=  -2.9173272308864311E-004  -0.5664726034486157      
    1.112718885556934     
 b_para_n=    1.276009617336830     
 dxdt=   -1.503748175862363        -2875.664457234300      
    5647.823557558422     
 dudt=    59481.70223338655     
 ---------------------
 rk4
 istep=     20000001
 grad_b=   0.4596141075002953       -5.1883305511878058E-002 
  -0.1531162569655376     
 bsub=  -6.4279375265338268E-003   0.1869691457183060      
    2.086649203245456     
 bsup=    0.000000000000000        -1.339173327088912      
    1.073599629197601     
 b_abs=    1.410465533185470     
 g=  -7.3657502465703543E-003
 j=    0.000000000000000         206.3369854155954      
   -136.3134599434704     
 v_perp_2=    1441049.407820584     
 b_n=  -3.6761139006860432E-004   -1.343595999369960      
    1.073994772500394     
 b_para_n=    1.410465522680294     
 dxdt=   -1.714280480547753        -6159.784188088243      
    4923.535571265646     
 dudt=    34372.60527111459     
 ---------------------
 rk4
 istep=     21000001
 grad_b=   0.4205304817373832        7.0322943347549169E-002 
   0.2106115258253229     
 bsub=  -1.0112678412111428E-002   0.1754521986069342      
    2.001524374874589     
 bsup=    0.000000000000000        -1.353737558568369      
    1.073061392962737     
 b_abs=    1.381648572782812     
 g=  -7.3226239691243436E-003
 j=    0.000000000000000        -1348.971832228204      
    338.5383297636397     
 v_perp_2=    1411606.214821519     
 b_n=   5.0248468248561488E-004   -1.357822508566831      
    1.073422029120694     
 b_para_n=    1.381648592423249     
 dxdt=    2.392092946328406        -6357.040036446440      
    5025.310118101329     
 dudt=   -48361.15767327486     
 ---------------------
 rk4
 istep=     22000001
 grad_b=   0.6479784196184453        6.9043598801173667E-002 
   0.1705328180042001     
 bsub=  -1.5607712129810779E-002   0.1045303659600569      
    1.415164201556446     
 bsup=    0.000000000000000       -0.5338905156220960      
    1.127570635304418     
 b_abs=    1.240180964498800     
 g=  -7.7289144281691459E-003
 j=    0.000000000000000        -464.4614104826701      
    505.9048410685143     
 v_perp_2=    1267070.039128965     
 b_n=   4.5550592593187684E-004  -0.5391346392731812      
    1.127963045887048     
 b_para_n=    1.240181001460419     
 dxdt=    2.415738934735431        -2817.164945843157      
    5893.162946470343     
 dudt=   -64021.19896171280     
 ---------------------
 rk4
 istep=     23000001
 grad_b=  -0.1507344646655077        8.5727649298320108E-002 
   0.1094542905008864     
 bsub=  -4.7431766850752025E-002  -6.1905762079619495E-003 
   0.9476201567174534     
 bsup=    0.000000000000000       -0.2279651315418277      
    1.149827317876361     
 b_abs=    1.045168860003723     
 g=  -9.4028676935730762E-003
 j=    0.000000000000000         763.9931741073250      
   -236.8391629361771     
 v_perp_2=    1067828.871850902     
 b_n=   5.4186386109896683E-004  -0.2270545361771137      
    1.149860369040483     
 b_para_n=    1.045168842091786     
 dxdt=    3.409814154448017        -1410.867237035548      
    7145.346176553691     
 dudt=   -51960.68201616005     
 ---------------------
 rk4
 istep=     24000001
 grad_b=  -0.6165707011982042       -9.8875938883220438E-002 
  -0.1084119215698774     
 bsub=   4.5411109951885374E-002  -6.5652372473070736E-002 
   0.9244846566668221     
 bsup=    0.000000000000000       -0.5896988590157876      
    1.083415584429441     
 b_abs=    1.020451149965200     
 g=  -1.0267503097575490E-002
 j=    0.000000000000000         664.0309238211420      
   -113.2526948586359     
 v_perp_2=    1042574.420884743     
 b_n=  -6.2631944398810460E-004  -0.5861066331110089      
    1.083701438391951     
 b_para_n=    1.020451137802094     
 dxdt=   -4.036724051722994        -3731.178090553474      
    6899.431102117333     
 dudt=    29609.70134631855     
 ---------------------
 rk4
 istep=     25000001
 grad_b=   0.5020733987200376       -8.6877872602649980E-002 
  -0.1874320398538253     
 bsub=   3.9523478641544707E-002   0.1039587418564169      
    1.562188250278848     
 bsup=    0.000000000000000       -0.9676092535274849      
    1.092690822842676     
 b_abs=    1.267215069773708     
 g=  -8.1433053269916403E-003
 j=    0.000000000000000         731.1944468119079      
   -287.5685805961561     
 v_perp_2=    1294687.196078517     
 b_n=  -6.0231430023421754E-004  -0.9717119229926825      
    1.092979065205764     
 b_para_n=    1.267215049982761     
 dxdt=   -3.126194944726325        -4967.169526209339      
    5586.718261780326     
 dudt=    48673.31966702297     
 ---------------------
 rk4
 istep=     26000001
 grad_b=   0.3868278947859671       -6.3920500957917750E-002 
  -0.1651507872421312     
 bsub=   3.0351041836180148E-002   0.1657611368453145      
    2.088504492322643     
 bsup=    0.000000000000000        -1.615320318917742      
    1.075897200219535     
 b_abs=    1.406594301014120     
 g=  -7.7660370022677398E-003
 j=    0.000000000000000        -1229.701771673060      
    552.1947858713638     
 v_perp_2=    1437086.754221956     
 b_n=  -4.6722130944068692E-004   -1.618899328865037      
    1.076188077635601     
 b_para_n=    1.406594341806987     
 dxdt=   -2.184785590467562        -7442.565911251806      
    4947.394489923475     
 dudt=    27032.24338744436     
 ---------------------
 rk4
 istep=     27000001
 grad_b=   0.6481792456931825        4.8778722544347126E-002 
   0.1840997438772066     
 bsub=   3.5082665591486692E-002   0.1703874139863283      
    1.891530706456145     
 bsup=    0.000000000000000       -0.9063105818323276      
    1.077703102725732     
 b_abs=    1.372533800078795     
 g=  -8.8028509925899869E-003
 j=    0.000000000000000        -356.3131934312650      
    117.5001786642820     
 v_perp_2=    1402286.541027836     
 b_n=   2.4852329101689722E-004  -0.9112877167727715      
    1.078146834513234     
 b_para_n=    1.372533807371467     
 dxdt=    1.190956959298404        -4295.444103826011      
    5081.520979780757     
 dudt=   -57389.68780463129     
 ---------------------
 rk4
 istep=     28000001
 grad_b=   0.7801390021062545        2.7777561546908906E-002 
   0.1603258313322499     
 bsub=   8.4833221073922112E-003   8.6085421073512469E-002 
    1.331000830832943     
 bsup=    0.000000000000000       -0.1470854982826202      
    1.115739162246841     
 b_abs=    1.213050537241366     
 g=  -8.4444640704339248E-003
 j=    0.000000000000000        -523.7761472307692      
    390.8168248087856     
 v_perp_2=    1239344.991043864     
 b_n=   1.2643776508157749E-004  -0.1527443742324742      
    1.116104381762350     
 b_para_n=    1.213050564752108     
 dxdt=   0.6855463757309984        -816.5885924165525      
    5963.589360961228     
 dudt=   -73609.78873318789     
 ---------------------
 rk4
 istep=     29000001
 grad_b=   7.9720410228482863E-002   3.8436083566214932E-002 
   9.7696936227609277E-002
 bsub=  -3.7737117363160273E-002   1.0577418606176205E-002 
   0.9734869016114147     
 bsup=    0.000000000000000        0.1019525623327857      
    1.114119604632412     
 b_abs=    1.042071841611088     
 g=  -1.2045665529145298E-002
 j=    0.000000000000000         419.4366039786410      
   -32.11921983825665     
 v_perp_2=    1064659.172760359     
 b_n=   1.8899801966463213E-004   0.1015303100963713      
    1.114131516842619     
 b_para_n=    1.042071839501343     
 dxdt=    1.192851458679149         632.7848015833753      
    6944.158734618772     
 dudt=   -55278.72013190610     
 ---------------------
 Elapsed time (seconds):     157.3124790000000     

real	2m37.324s
user	2m36.793s
sys	0m0.026s
>>> [PID 3667646] DONE  u=6500, v_perp=1000, out=gc_grid/dat245.dat
