>>> [PID 3660676] START u=8500, v_perp=0, out=gc_grid/dat228.dat, dt=2e-09, steps=30000000
 outer boundary:   8.3000000000000462E-002
 rk4
 istep=            1
 grad_b=  -0.5028817765078513        4.9313531910253547E-003 
  -7.9820527647134487E-003
 bsub=   8.6925456155390185E-003   4.2252249076432352E-002 
    1.020727423500841     
 bsup=    0.000000000000000        0.5003031816915167      
   0.9181486715135470     
 b_abs=   0.9787596125795286     
 g=  -1.6418780657963802E-002
 j=    0.000000000000000         576.0999508653592      
    59.08699854614327     
 v_perp_2=    0.000000000000000     
 b_n=   3.0364318286344681E-005   0.5032048594372287      
   0.9180283096162888     
 b_para_n=   0.9787596224540648     
 dxdt=   0.2636977450978192         4370.063095259309      
    7972.581267883961     
 dudt=    0.000000000000000     
 ---------------------
 rk4
 istep=      1000001
 grad_b=  -3.9060805225253570E-002  -9.8872519989811683E-002 
  -8.6040079952548920E-002
 bsub=   8.9050260011048349E-002   8.6770816070120160E-002 
    1.914146629318709     
 bsup=    0.000000000000000        -1.102722711021964      
    1.041983151505208     
 b_abs=    1.378134667759819     
 g=  -1.2763308834726022E-002
 j=    0.000000000000000        -1441.333199289213      
   -158.9763070917640     
 v_perp_2=    0.000000000000000     
 b_n=  -6.6686894094345178E-004   -1.102476659941015      
    1.042003003685828     
 b_para_n=    1.378134642497500     
 dxdt=   -4.113085777850347        -6799.808466113373      
    6426.821631360017     
 dudt=   -0.000000000000000     
 ---------------------
 rk4
 istep=      2000001
 grad_b=   0.6848721584488449       -5.5145907712445610E-002 
  -0.1596080773711568     
 bsub=   1.1402200665629691E-002   8.1723106984891741E-002 
    1.264601203108236     
 bsup=    0.000000000000000       -0.2487076214679742      
    1.132060612562804     
 b_abs=    1.188265528382478     
 g=  -8.3635860261099225E-003
 j=    0.000000000000000        -405.7698163494754      
   -27.49497299229668     
 v_perp_2=    0.000000000000000     
 b_n=  -4.2690599500729600E-004  -0.2552430348976126      
    1.132486798754295     
 b_para_n=    1.188265523006396     
 dxdt=   -3.053779552890792        -1825.825755796189      
    8100.998979636047     
 dudt=    0.000000000000000     
 ---------------------
 rk4
 istep=      3000001
 grad_b=  -0.9653376642051609       -9.8007994553397371E-003 
   5.7104250957903807E-002
 bsub=   1.0784117645045723E-002  -6.6375783858773851E-002 
    1.046878463788212     
 bsup=    0.000000000000000       -0.5497908647732693      
   0.9197649066936483     
 b_abs=   0.9997138857564772     
 g=  -1.8708983207913119E-002
 j=    0.000000000000000         1137.249885401850      
   -824.4928616854286     
 v_perp_2=    0.000000000000000     
 b_n=  -3.0768881671848825E-005  -0.5449817485849967      
   0.9200700383459471     
 b_para_n=   0.9997137808099581     
 dxdt=  -0.2616103721195296        -4633.671108564085      
    7822.834371258125     
 dudt=   -0.000000000000000     
 ---------------------
 rk4
 istep=      4000001
 grad_b=   -1.171871033778130        0.1004587695191614      
  -0.1515456243380748     
 bsub=   2.5811925594418091E-002  -0.1317484656511541      
    1.347071598380345     
 bsup=    0.000000000000000       -0.8708866821472270      
   0.8692472614820810     
 b_abs=    1.133942212339059     
 g=  -2.0332268263170649E-002
 j=    0.000000000000000         627.8343495083747      
    142.8748937970777     
 v_perp_2=    0.000000000000000     
 b_n=   3.9237388782276193E-004  -0.8655306190366491      
   0.8697635933436904     
 b_para_n=    1.133942221876548     
 dxdt=    2.941223972570781        -6487.993938206559      
    6519.724198281279     
 dudt=    0.000000000000000     
 ---------------------
 rk4
 istep=      5000001
 grad_b=  -5.5371094890716233E-002   6.0648278521064851E-002 
   9.3746046925191270E-002
 bsub=  -4.2427632188364310E-002  -5.7590783259814926E-003 
   0.9436898458982321     
 bsup=    0.000000000000000       -9.6583501473199718E-003 
    1.137070798028089     
 b_abs=    1.035765273108301     
 g=  -1.0827946407415735E-002
 j=    0.000000000000000         267.0219933893817      
   -82.82940725798554     
 v_perp_2=    0.000000000000000     
 b_n=   4.4225412353944717E-004  -9.2887695676351374E-003 
    1.137092927798864     
 b_para_n=    1.035765264806400     
 dxdt=    3.629355200271120        -76.22821889055766      
    9331.544718384557     
 dudt=   -0.000000000000000     
 ---------------------
 rk4
 istep=      6000001
 grad_b=  -0.6078378559850534        0.1498765890360697      
   0.3030258524117229     
 bsub=  -6.0925655198396100E-002  -2.8279051065936697E-002 
    1.540887791064116     
 bsup=    0.000000000000000        -1.210238794369872      
   0.9422842633816811     
 b_abs=    1.219189660427554     
 g=  -1.6106183614987595E-002
 j=    0.000000000000000        -1154.574239665284      
    713.3814307685169     
 v_perp_2=    0.000000000000000     
 b_n=   8.8962700760070819E-004   -1.206828598556963      
   0.9423820913699816     
 b_para_n=    1.219189745519268     
 dxdt=    6.202340195524972        -8413.820018938199      
    6570.140378955680     
 dudt=   -0.000000000000000     
 ---------------------
 rk4
 istep=      7000001
 grad_b=  -0.7433804176310588        3.2433158757691039E-002 
  -4.0415677299275962E-002
 bsub=  -2.1728225162783825E-002  -3.3002300440011886E-002 
    1.049214370425313     
 bsup=    0.000000000000000       -0.4431737863837143      
   0.9231725321100663     
 b_abs=   0.9915379921192866     
 g=  -1.9341216197682511E-002
 j=    0.000000000000000        -1312.619657220224      
    84.96989175364547     
 v_perp_2=    0.000000000000000     
 b_n=   1.5289777764355649E-004  -0.4395223873701011      
   0.9232905648947094     
 b_para_n=   0.9915380071759115     
 dxdt=    1.310722433799413        -3767.823588816859      
    7914.946018012500     
 dudt=    0.000000000000000     
 ---------------------
 rk4
 istep=      8000001
 grad_b=   0.8367786986758827       -4.8969607477729916E-003 
   0.1643210057803947     
 bsub=   3.2784774161122077E-002   7.1090508069631242E-002 
    1.379491010574529     
 bsup=    0.000000000000000       -2.3557309604920640E-002 
    1.077229409092761     
 b_abs=    1.218413514196106     
 g=  -9.4411361645510630E-003
 j=    0.000000000000000         774.7558365194295      
   -360.7529477130275     
 v_perp_2=    0.000000000000000     
 b_n=  -1.1697455036506145E-004  -3.0846769283238512E-002 
    1.077607813723318     
 b_para_n=    1.218413480882221     
 dxdt=  -0.8160478308095276        -215.1958616853755      
    7517.699500514335     
 dudt=   -0.000000000000000     
 ---------------------
 rk4
 istep=      9000001
 grad_b=   0.4738178568646438       -6.2721833307441410E-002 
  -0.1811675532847790     
 bsub=  -4.9403657357869344E-003   0.1827350709738979      
    2.048081020927088     
 bsup=    0.000000000000000        -1.288789673651747      
    1.072142998938747     
 b_abs=    1.399785973749663     
 g=  -7.4796816743954615E-003
 j=    0.000000000000000        -443.5946512964547      
   -79.05463508742990     
 v_perp_2=    0.000000000000000     
 b_n=  -5.7855765353730560E-004   -1.294672274517287      
    1.072666454697130     
 b_para_n=    1.399785959893095     
 dxdt=   -3.513208587577687        -7861.712182223485      
    6513.613599626289     
 dudt=    0.000000000000000     
 ---------------------
 rk4
 istep=     10000001
 grad_b=   0.1751064106325718       -3.7769230431453221E-003 
  -0.1024534219881229     
 bsub=   2.8914846787102655E-002   2.7715039828489794E-002 
    1.010143105688603     
 bsup=    0.000000000000000        0.2369466355058155      
    1.081010102454904     
 b_abs=    1.048407320428157     
 g=  -1.2976214090175560E-002
 j=    0.000000000000000         354.1936221872560      
   -250.1082269903288     
 v_perp_2=    0.000000000000000     
 b_n=  -6.0832805503597288E-006   0.2358254153467182      
    1.081041013596586     
 b_para_n=    1.048407295741347     
 dxdt=  -4.9320416681662017E-002    1911.963068732440      
    8764.579045659335     
 dudt=    0.000000000000000     
 ---------------------
 rk4
 istep=     11000001
 grad_b=  -0.7426127867047354       -0.1681740856512970      
   0.1240214390382505     
 bsub=  -4.5977714871990602E-003  -0.1718277477203176      
    1.384367559674464     
 bsup=    0.000000000000000       -0.9319878330084899      
   0.8792766001008412     
 b_abs=    1.173533283791951     
 g=  -1.9132714559379572E-002
 j=    0.000000000000000         70.14843136178933      
   -60.42409304439082     
 v_perp_2=    0.000000000000000     
 b_n=  -7.1378494598642599E-004  -0.9285202916712898      
   0.8797046142370069     
 b_para_n=    1.173533276026653     
 dxdt=   -5.170004263898541        -6725.350393069476      
    6371.774344850131     
 dudt=   -0.000000000000000     
 ---------------------
 rk4
 istep=     12000001
 grad_b=  -0.7114263469247586       -0.1402129000413418      
  -0.1843077537932114     
 bsub=   4.4373655990370353E-002  -6.3947691480113020E-002 
    1.114868677215655     
 bsup=    0.000000000000000       -0.6270361033756375      
   0.9691072203406185     
 b_abs=    1.058646208726527     
 g=  -1.3093068626185428E-002
 j=    0.000000000000000         645.6188566452669      
   -762.7722294308185     
 v_perp_2=    0.000000000000000     
 b_n=  -1.0187154766897334E-003  -0.6222791304405424      
   0.9694205374647928     
 b_para_n=    1.058646119820555     
 dxdt=   -8.179391951420444        -4996.355731829613      
    7783.596816892374     
 dudt=    0.000000000000000     
 ---------------------
 rk4
 istep=     13000001
 grad_b=  -0.7772177803924130        1.0937510419369325E-002 
   1.8901438585488733E-002
 bsub=   8.5827580733525682E-003  -8.7808048742004582E-002 
   0.9222214097638979     
 bsup=    0.000000000000000       -0.4483803267744662      
    1.007961245443914     
 b_abs=   0.9847027083485894     
 g=  -1.4902302125513373E-002
 j=    0.000000000000000        -217.9619566130141      
    230.1621583374834     
 v_perp_2=    0.000000000000000     
 b_n=   7.2287028502039603E-005  -0.4439684284911907      
    1.008380674024260     
 b_para_n=   0.9847027350157609     
 dxdt=   0.6239850062541992        -3832.356210643326      
    8704.389075418803     
 dudt=   -0.000000000000000     
 ---------------------
 rk4
 istep=     14000001
 grad_b=  -0.5817653572093722        0.1252651344213023      
  -0.1012456354768963     
 bsub=   6.3762529389139212E-003  -0.2254028775934590      
    1.492216664908515     
 bsup=    0.000000000000000        -1.181226688047830      
   0.8947926737293973     
 b_abs=    1.265406162716050     
 g=  -1.7198272018745873E-002
 j=    0.000000000000000        -144.6105057784032      
   -244.3593370990535     
 v_perp_2=    0.000000000000000     
 b_n=   5.2988743735776507E-004   -1.178425609266875      
   0.8952134994810710     
 b_para_n=    1.265406139544365     
 dxdt=    3.559365706225177        -7915.733427984731      
    6013.337937754111     
 dudt=    0.000000000000000     
 ---------------------
 rk4
 istep=     15000001
 grad_b=  -0.1956385167702743        1.2517019055214323E-002 
   5.6128116553694207E-002
 bsub=  -3.8135338917122237E-002  -1.7518363880543342E-002 
   0.9343947082652040     
 bsup=    0.000000000000000       -5.1737594072521653E-002 
    1.081202473216770     
 b_abs=    1.005700361221114     
 g=  -1.3901110283865077E-002
 j=    0.000000000000000        -597.5562654892130      
    37.34737044355719     
 v_perp_2=    0.000000000000000     
 b_n=   8.0189477364599727E-005  -5.0595050066406647E-002 
    1.081227172195617     
 b_para_n=    1.005700366233133     
 dxdt=   0.6777471506270613        -427.6203330572956      
    9138.339084120704     
 dudt=   -0.000000000000000     
 ---------------------
 rk4
 istep=     16000001
 grad_b=   0.4920462903174643        7.2946915507279220E-002 
   0.1904412255259644     
 bsub=  -6.2192931040217624E-003   0.1548142577145909      
    1.804230585597592     
 bsup=    0.000000000000000        -1.052278435698037      
    1.080579588938889     
 b_abs=    1.336345831665652     
 g=  -7.6767801206219233E-003
 j=    0.000000000000000        -482.5629942272618      
    553.1829122770365     
 v_perp_2=    0.000000000000000     
 b_n=   6.6244833635490589E-004   -1.058044488092184      
    1.081076678556876     
 b_para_n=    1.336345889443243     
 dxdt=    4.213587891801459        -6729.828122964816      
    6876.327334356444     
 dudt=   -0.000000000000000     
 ---------------------
 rk4
 istep=     17000001
 grad_b=   0.7348889945239331        5.1410147448308616E-002 
  -0.1587744392756289     
 bsub=  -7.7441963400280506E-002   3.3313545183059776E-002 
    1.589774149495622     
 bsup=    0.000000000000000       -0.6149684657957001      
    1.022414669053262     
 b_abs=    1.266704220969051     
 g=  -1.2431321010826045E-002
 j=    0.000000000000000        -671.4407978129645      
    441.0285353233092     
 v_perp_2=    0.000000000000000     
 b_n=   3.8794130449190580E-004  -0.6201221150303162      
    1.022541598492601     
 b_para_n=    1.266704268240175     
 dxdt=    2.603213055216430        -4161.222244147571      
    6861.588616309239     
 dudt=    0.000000000000000     
 ---------------------
 rk4
 istep=     18000001
 grad_b=  -0.4520157374718402       -4.9177356479730663E-002 
   4.6271106131519205E-002
 bsub=   1.4572152764882187E-002   2.5724028139610815E-002 
    1.065481571788254     
 bsup=    0.000000000000000        7.3554773204066670E-002 
   0.9164816930627661     
 b_abs=   0.9891193940511920     
 g=  -1.8812639121569594E-002
 j=    0.000000000000000        -112.3765699847961      
    452.7460615600677     
 v_perp_2=    0.000000000000000     
 b_n=  -2.5890145300438858E-004   7.5884864363606849E-002 
   0.9164290291692445     
 b_para_n=   0.9891194488180747     
 dxdt=   -2.224870164232372         652.1167366200426      
    7875.334730549112     
 dudt=   -0.000000000000000     
 ---------------------
 rk4
 istep=     19000001
 grad_b=   0.2244677046692120       -0.1115353814583953      
  -0.2009055879368034     
 bsub=   6.0001555298466361E-002   0.1142741331877574      
    1.946085450294411     
 bsup=    0.000000000000000        -1.415722588750000      
    1.053886656404163     
 b_abs=    1.374076319179424     
 g=  -1.0663027463235374E-002
 j=    0.000000000000000         210.8149627490291      
   -157.8657940716715     
 v_perp_2=    0.000000000000000     
 b_n=  -8.5730738152708496E-004   -1.417705244568064      
    1.054029498552352     
 b_para_n=    1.374076302422712     
 dxdt=   -5.303280996937287        -8769.887492842741      
    6520.198857878870     
 dudt=    0.000000000000000     
 ---------------------
 rk4
 istep=     20000001
 grad_b=   0.4302374379897687       -4.7821132190388888E-002 
  -0.1376169933984380     
 bsub=   2.6620870634146324E-002   5.0930426025661057E-002 
    1.093132322943152     
 bsup=    0.000000000000000        2.9680283733405699E-002 
    1.123380366226735     
 b_abs=    1.108602208960165     
 g=  -1.0121067823230107E-002
 j=    0.000000000000000        -90.73679284138785      
    309.2393000778429     
 v_perp_2=    0.000000000000000     
 b_n=  -3.2360036873380679E-004   2.6291924130903890E-002 
    1.123546145543231     
 b_para_n=    1.108602239275547     
 dxdt=   -2.481145208614075         201.5884031216863      
    8614.579601930371     
 dudt=    0.000000000000000     
 ---------------------
 rk4
 istep=     21000001
 grad_b=   -1.198518446647699       -6.2273890465262202E-002 
   0.1241682159173033     
 bsub=  -8.5976123452615981E-003  -8.6869203554968702E-002 
    1.201133147405721     
 bsup=    0.000000000000000       -0.7352756842728099      
   0.8759438458829836     
 b_abs=    1.056441598334877     
 g=  -2.0064525553489625E-002
 j=    0.000000000000000        -929.4022895568503      
    25.47076610266737     
 v_perp_2=    0.000000000000000     
 b_n=  -2.5419239765296739E-004  -0.7295635069176905      
   0.8763551563414774     
 b_para_n=    1.056441609481602     
 dxdt=   -2.045200946894216        -5869.978759965117      
    7051.046420405388     
 dudt=   -0.000000000000000     
 ---------------------
 rk4
 istep=     22000001
 grad_b=   -1.222494633618278        3.5698271161224940E-002 
  -0.1212403762621264     
 bsub=   8.2520999811408272E-003  -8.1898622301757859E-002 
    1.170365361901082     
 bsup=    0.000000000000000       -0.7256455432832467      
   0.8784436641935024     
 b_abs=    1.042782488235854     
 g=  -1.9739714559729876E-002
 j=    0.000000000000000        -468.0283637877977      
   -382.2200358129534     
 v_perp_2=    0.000000000000000     
 b_n=   1.3194855496311323E-004  -0.7197224582634009      
   0.8788571759369340     
 b_para_n=    1.042782446205054     
 dxdt=    1.075548136879470        -5866.651205630216      
    7163.801061909103     
 dudt=    0.000000000000000     
 ---------------------
 rk4
 istep=     23000001
 grad_b=   0.2563597780957067        8.1427342972548319E-002 
   0.1394243650294743     
 bsub=  -4.0435063765584284E-002   4.0816703305951371E-002 
    1.069616814643224     
 bsup=    0.000000000000000       -0.2598492945210409      
    1.140919201633323     
 b_abs=    1.099266047771430     
 g=  -9.1677355824779198E-003
 j=    0.000000000000000        -592.7584292290844      
    223.6144604445957     
 v_perp_2=    0.000000000000000     
 b_n=   6.5343117290577000E-004  -0.2620956363701301      
    1.141029644599928     
 b_para_n=    1.099266067652167     
 dxdt=    5.052612041015451        -2026.636657587649      
    8822.934014341190     
 dudt=   -0.000000000000000     
 ---------------------
 rk4
 istep=     24000001
 grad_b=  -0.8662134211876760        5.6045056177711709E-002 
   0.2199151061922886     
 bsub=  -7.8079587254182820E-002  -8.7611361275998001E-002 
    1.610675828335906     
 bsup=    0.000000000000000        -1.174514033089408      
   0.9356949527577089     
 b_abs=    1.269031103335337     
 g=  -1.8720320902990240E-002
 j=    0.000000000000000         763.7402587398656      
   -254.8528126707473     
 v_perp_2=    0.000000000000000     
 b_n=   3.2308758005518770E-004   -1.170449415974391      
   0.9359316801857624     
 b_para_n=    1.269031070209955     
 dxdt=    2.164048221462965        -7839.697757862096      
    6268.892439538771     
 dudt=   -0.000000000000000     
 ---------------------
 rk4
 istep=     25000001
 grad_b=  -0.4501521628281687       -9.4109589152519685E-003 
   1.3788259162244673E-002
 bsub=  -3.1357811975238389E-002  -8.4505303232797480E-003 
   0.9822890407353897     
 bsup=    0.000000000000000       -0.1818801015253065      
   0.9809271676650861     
 b_abs=   0.9824865839285338     
 g=  -1.7323164092576216E-002
 j=    0.000000000000000         653.0084382005145      
   -276.8214565439087     
 v_perp_2=    0.000000000000000     
 b_n=  -4.8539942317304926E-005  -0.1795308886614731      
   0.9809457960247477     
 b_para_n=   0.9824865518114391     
 dxdt=  -0.4199441803415920        -1553.214698775232      
    8486.670123715454     
 dudt=   -0.000000000000000     
 ---------------------
 rk4
 istep=     26000001
 grad_b=   0.7527674966004927        1.2743126156896914E-002 
   0.1700069295037487     
 bsub=   5.0589333411603335E-002   0.1085877162681010      
    1.631124139021090     
 bsup=    0.000000000000000       -0.6465162840943737      
    1.072526941312633     
 b_abs=    1.295923162557438     
 g=  -9.4019326322813575E-003
 j=    0.000000000000000        -1676.114275648399      
    275.3811569290343     
 v_perp_2=    0.000000000000000     
 b_n=   1.3093463077299820E-005  -0.6533829196072531      
    1.072983677191451     
 b_para_n=    1.295923180334633     
 dxdt=   8.5880427054565112E-002   -4285.558666546549      
    7037.732941679677     
 dudt=   -0.000000000000000     
 ---------------------
 rk4
 istep=     27000001
 grad_b=   0.6389352119352363       -6.7634016829528951E-002 
  -0.1929381871222347     
 bsub=  -1.9067911043582023E-002   0.1599927576042232      
    1.802370527616374     
 bsup=    0.000000000000000       -0.8717651308807206      
    1.081711390208054     
 b_abs=    1.345316123567468     
 g=  -8.3529063013410947E-003
 j=    0.000000000000000        -692.8171201511557      
    64.61146812418151     
 v_perp_2=    0.000000000000000     
 b_n=  -5.3546015591672319E-004  -0.8785173108707425      
    1.082305102898783     
 b_para_n=    1.345316123913719     
 dxdt=   -3.383153776564747        -5550.663527823907      
    6838.239140312021     
 dudt=    0.000000000000000     
 ---------------------
 rk4
 istep=     28000001
 grad_b=  -0.2082974820404574        1.0665206061322985E-003 
  -5.3397138464192709E-002
 bsub=   3.6793611496282512E-002  -1.1280324770340893E-002 
   0.9474329487123963     
 bsup=    0.000000000000000       -5.4460363179775650E-002 
    1.058509495124557     
 b_abs=    1.001940362875572     
 g=  -1.4714816440802039E-002
 j=    0.000000000000000        -596.9224174139889      
    126.9702042239852     
 v_perp_2=    0.000000000000000     
 b_n=   2.4567689122169669E-006  -5.3284276208253031E-002 
    1.058523417394108     
 b_para_n=    1.001940377015433     
 dxdt=   2.0842094233240547E-002   -452.0392212551530      
    8980.024414877258     
 dudt=    0.000000000000000     
 ---------------------
 rk4
 istep=     29000001
 grad_b=  -0.4222113167431772       -7.3080115492157233E-002 
   4.6358698742464365E-002
 bsub=   1.9983548739013327E-002  -0.2406504777049618      
    1.508760328919332     
 bsup=    0.000000000000000        -1.250364893968118      
   0.9013779029452887     
 b_abs=    1.288793008278917     
 g=  -1.7176779523067190E-002
 j=    0.000000000000000        -251.7507354445903      
   -19.12012155893389     
 v_perp_2=    0.000000000000000     
 b_n=  -3.0888657985977844E-004   -1.248376585539691      
   0.9016991353939010     
 b_para_n=    1.288793010413999     
 dxdt=   -2.037205282456270        -8233.440817372792      
    5946.992720255452     
 dudt=   -0.000000000000000     
 ---------------------
 Elapsed time (seconds):     158.2310810000000     

real	2m38.244s
user	2m37.836s
sys	0m0.018s
>>> [PID 3660676] DONE  u=8500, v_perp=0, out=gc_grid/dat228.dat
