>>> [PID 3653116] START u=9000, v_perp=-1000, out=gc_grid/dat208.dat, dt=2e-09, steps=30000000
 outer boundary:   8.3000000000000462E-002
 rk4
 istep=            1
 grad_b=  -0.5028817225738058        4.9313025671014962E-003 
  -7.9819452042061700E-003
 bsub=   8.6925595962090534E-003   4.2252241210147513E-002 
    1.020727454122323     
 bsup=    0.000000000000000        0.5003021845050342      
   0.9181486808790382     
 b_abs=   0.9787596076125209     
 g=  -1.6418785705632655E-002
 j=    0.000000000000000         576.0999535844909      
    59.08625207487157     
 v_perp_2=    999999.9086426905     
 b_n=   3.2150109117139615E-005   0.5033745480329181      
   0.9180212389474459     
 b_para_n=   0.9787596180678177     
 dxdt=   0.2974551606086243         4628.860380231527      
    8441.484428007674     
 dudt=    2537.380651946522     
 ---------------------
 rk4
 istep=      1000001
 grad_b=   0.3652671190381608       -9.9409651383534442E-002 
  -0.2336198109217200     
 bsub=   4.9319068347538755E-002   0.1127396698107415      
    1.886825922146252     
 bsup=    0.000000000000000        -1.638511671934177      
    1.060509019428823     
 b_abs=    1.347819145037809     
 g=  -9.1870325158973885E-003
 j=    0.000000000000000       -0.5377430983903082      
   -89.52235415972322     
 v_perp_2=    1377066.310995727     
 b_n=  -9.0747440857030911E-004   -1.642455610269497      
    1.060768385856658     
 b_para_n=    1.347819134058083     
 dxdt=   -6.097127393382262        -10942.08862634951      
    7066.740698496727     
 dudt=    32168.19093352080     
 ---------------------
 rk4
 istep=      2000001
 grad_b=  -0.4770314367254788       -6.9595982578619271E-003 
  -2.4154423548576026E-002
 bsub=   3.0310874856159936E-002  -5.4726658974030833E-002 
   0.9107118061928170     
 bsup=    0.000000000000000       -0.2986523303162086      
    1.054451654840171     
 b_abs=   0.9880262233195773     
 g=  -1.4687220932271093E-002
 j=    0.000000000000000         529.0405148354333      
   -97.29961320366834     
 v_perp_2=    1009464.419814861     
 b_n=  -5.0300261514078102E-005  -0.2958043164900575      
    1.054624456869961     
 b_para_n=   0.9880262090712865     
 dxdt=  -0.4610171002350202        -2694.183169297341      
    9606.096658151901     
 dudt=    12094.17496114591     
 ---------------------
 rk4
 istep=      3000001
 grad_b=   -1.151501076163772        0.1024178763424756      
  -0.1424619375141691     
 bsub=   1.9695552948460947E-002  -0.1221294832786675      
    1.315765238519474     
 bsup=    0.000000000000000       -0.8294687918731576      
   0.8706779975002669     
 b_abs=    1.116668501623295     
 g=  -2.0230650645864393E-002
 j=    0.000000000000000        -127.7556173776583      
    326.0294292851014     
 v_perp_2=    1140895.771067419     
 b_n=   4.3764219750860205E-004  -0.8238293102514875      
   0.8711949395932369     
 b_para_n=    1.116668543770913     
 dxdt=    3.549053123035720        -6633.709444616595      
    7015.479219963408     
 dudt=    95608.41652245741     
 ---------------------
 rk4
 istep=      4000001
 grad_b=   0.7052928931645293        5.5161707808269254E-002 
   0.1615956206803656     
 bsub=  -9.7766286702405183E-003   8.4989005421177072E-002 
    1.287882696410344     
 bsup=    0.000000000000000       -0.2825638165741747      
    1.131488789331487     
 b_abs=    1.197321960316260     
 g=  -8.2660737488444002E-003
 j=    0.000000000000000        -586.8205247563735      
    7.279457224777445     
 v_perp_2=    1223297.015669496     
 b_n=   4.5470867625780172E-004  -0.2897835691872065      
    1.131968678623520     
 b_para_n=    1.197321956978437     
 dxdt=    3.439073660214739        -2175.643804383908      
    8497.045012014480     
 dudt=   -71361.37956518903     
 ---------------------
 rk4
 istep=      5000001
 grad_b=   0.6593724657155335        7.7846531264604196E-002 
  -0.1445467873908666     
 bsub=  -8.9566702582922306E-002  -3.5171278473577205E-003 
    1.629793839074842     
 bsup=    0.000000000000000       -0.8119807672916783      
    1.005609731785295     
 b_abs=    1.281324260387768     
 g=  -1.3753320533586568E-002
 j=    0.000000000000000         101.6835906114344      
    677.6052190332730     
 v_perp_2=    1309119.710781512     
 b_n=   5.2590970373902438E-004  -0.8163993365895935      
    1.005629160668068     
 b_para_n=    1.281324339796664     
 dxdt=    3.716833466412031        -5723.673615397641      
    7050.031814479817     
 dudt=    83153.19788077628     
 ---------------------
 rk4
 istep=      6000001
 grad_b=   0.1141498138127533       -0.1858607400052338      
   0.1326813281501146     
 bsub=   3.4343518434829329E-002  -6.3598236600517444E-002 
    1.314912474174511     
 bsup=    0.000000000000000       -0.4526946849650885      
   0.9291854228474875     
 b_abs=    1.118532836060534     
 g=  -1.9156199080889651E-002
 j=    0.000000000000000         497.5911472460353      
    218.8822064412681     
 v_perp_2=    1142795.053703615     
 b_n=  -9.2613264069497383E-004  -0.4532658901734261      
   0.9291820051922179     
 b_para_n=    1.118532860264582     
 dxdt=   -7.497941596666241        -3643.908986162897      
    7469.841627454026     
 dudt=   -94732.28343739068     
 ---------------------
 rk4
 istep=      7000001
 grad_b=   0.6351606021593755       -7.0965346230530330E-002 
  -0.1727316766294557     
 bsub=   2.0344004711346869E-002   0.1029601528560170      
    1.423490218619625     
 bsup=    0.000000000000000       -0.5870830297766745      
    1.124575105453412     
 b_abs=    1.240399224978570     
 g=  -7.7183314388331748E-003
 j=    0.000000000000000        -734.6923004053040      
    546.4986761279285     
 v_perp_2=    1267302.938718246     
 b_n=  -6.5883323585532122E-004  -0.5942676146575798      
    1.125104224749569     
 b_para_n=    1.240399278895536     
 dxdt=   -4.809878395992764        -4305.132248542121      
    8149.999534292730     
 dudt=    62841.46669165120     
 ---------------------
 rk4
 istep=      8000001
 grad_b=   -1.216653247526948       -4.2924947122107648E-002 
   0.1202507969867296     
 bsub=  -7.5821134612683218E-003  -8.1822065734617075E-002 
    1.175130662495327     
 bsup=    0.000000000000000       -0.7239777204211341      
   0.8791912584673179     
 b_abs=    1.045136811949876     
 g=  -1.9789665487601513E-002
 j=    0.000000000000000        -557.6336154698968      
   -265.2143602219580     
 v_perp_2=    1067803.669402381     
 b_n=  -1.7678001526733272E-004  -0.7177569543860542      
   0.8796232320962536     
 b_para_n=    1.045136783145459     
 dxdt=   -1.531709058694115        -6177.889097051245      
    7571.564539822728     
 dudt=   -66865.29210625404     
 ---------------------
 rk4
 istep=      9000001
 grad_b=  -0.7171825906919502       -2.4511005389635902E-003 
  -1.3543855945042559E-002
 bsub=  -2.2093116352438009E-002  -6.1860673390215053E-002 
   0.9631016193518405     
 bsup=    0.000000000000000       -0.4124695448287689      
   0.9823451323759954     
 b_abs=   0.9857842241243058     
 g=  -1.7070392687613900E-002
 j=    0.000000000000000        -262.3463509326255      
   -29.39536208076481     
 v_perp_2=    1007161.794940621     
 b_n=  -1.8153384815319909E-005  -0.4085476228229379      
   0.9825966221632796     
 b_para_n=   0.9857842226533573     
 dxdt=  -0.1667596477181457        -3729.565262768812      
    8970.515562199642     
 dudt=    6370.734772778662     
 ---------------------
 rk4
 istep=     10000001
 grad_b=   0.4525178149529315        7.1378841508117380E-002 
   0.2016002868795161     
 bsub=  -2.4375978979832062E-002   0.1479143100085655      
    1.836259866548104     
 bsup=    0.000000000000000        -1.291530849367674      
    1.077229470206921     
 b_abs=    1.337120248642633     
 g=  -7.6912530525963026E-003
 j=    0.000000000000000        -1243.531191243960      
    127.4677899161633     
 v_perp_2=    1366114.587291386     
 b_n=   6.9169479125363029E-004   -1.297241113778932      
    1.077698627649921     
 b_para_n=    1.337120251952450     
 dxdt=    4.684532781984274        -8712.147606718436      
    7237.478027817336     
 dudt=   -47748.79447992126     
 ---------------------
 rk4
 istep=     11000001
 grad_b=   7.2529822775706937E-002   9.7521974731497846E-002 
  -0.1476824532341459     
 bsub=  -7.2085500176861991E-003   2.1521431673012362E-002 
    1.135152944612011     
 bsup=    0.000000000000000        0.5418928494021471      
   0.9459806061529041     
 b_abs=    1.041750354162251     
 g=  -1.4942812924462621E-002
 j=    0.000000000000000         341.9633876088551      
    45.07202079035284     
 v_perp_2=    1064338.129100185     
 b_n=   6.6093205263456948E-004   0.5414212320121117      
   0.9459937505379249     
 b_para_n=    1.041750360540139     
 dxdt=    5.745255547738791         4675.618808712376      
    8169.483668020146     
 dudt=    42592.59871348397     
 ---------------------
 rk4
 istep=     12000001
 grad_b=  -0.2445569431421700       -8.7415548543944885E-002 
  -7.3233618859666200E-002
 bsub=   0.1022764212932949        2.2139710081897253E-002 
    1.835317483935026     
 bsup=    0.000000000000000        -1.124920181485267      
    1.016602681219782     
 b_abs=    1.356588538286363     
 g=  -1.4242522872844223E-002
 j=    0.000000000000000        -1594.206637852840      
    912.0210262261331     
 v_perp_2=    1386000.589622684     
 b_n=  -5.6912411434992987E-004   -1.123338703871439      
    1.016615396780225     
 b_para_n=    1.356588643379822     
 dxdt=   -3.799106875343658        -7434.684146438871      
    6728.430737298680     
 dudt=   -8994.578480921702     
 ---------------------
 rk4
 istep=     13000001
 grad_b=   0.2055922741414170       -4.9550430706482948E-002 
  -0.1120620211828441     
 bsub=   3.6619301634780228E-002   2.6405498673760713E-002 
    1.012224665846224     
 bsup=    0.000000000000000        5.8085862599612015E-002 
    1.124964379881526     
 b_abs=    1.068196110539133     
 g=  -1.0975830286155435E-002
 j=    0.000000000000000        -109.0543470586489      
    225.1899121853733     
 v_perp_2=    1091353.920890854     
 b_n=  -3.5462550415702474E-004   5.6491371785079653E-002 
    1.125018828641803     
 b_para_n=    1.068196133863301     
 dxdt=   -3.006323018380874         475.6044454952341      
    9473.411400947822     
 dudt=    61664.54275938965     
 ---------------------
 rk4
 istep=     14000001
 grad_b=  -0.5276409538677078       -5.2830924873286569E-002 
   4.5649258127298073E-002
 bsub=  -8.8290817955669933E-003  -0.2375512291891520      
    1.520583641083908     
 bsup=    0.000000000000000        -1.259158227103488      
   0.9018430700154823     
 b_abs=    1.292520337203833     
 g=  -1.6684537915201161E-002
 j=    0.000000000000000         629.0394380071070      
   -81.60618850755532     
 v_perp_2=    1320539.029045399     
 b_n=  -2.3426641805953063E-004   -1.256454712117193      
   0.9022640465044930     
 b_para_n=    1.292520317870838     
 dxdt=   -1.641322373104727        -8731.388394528623      
    6270.171583665396     
 dudt=   -42562.31391674288     
 ---------------------
 rk4
 istep=     15000001
 grad_b=   0.1251021411584079        3.6955894651696158E-002 
   0.1003185226220700     
 bsub=  -3.7268413104548120E-002   1.5368042733252651E-002 
   0.9842944856940347     
 bsup=    0.000000000000000        0.1148610861940913      
    1.114446219337093     
 b_abs=    1.048503816517392     
 g=  -1.1917114219502912E-002
 j=    0.000000000000000         344.1890988846414      
   -38.00792077687117     
 v_perp_2=    1071230.925338458     
 b_n=   2.5022886538079569E-004   0.1139497094634313      
    1.114469919648823     
 b_para_n=    1.048503813061874     
 dxdt=    2.161143974829718         977.6236179215948      
    9562.024792706094     
 dudt=   -56537.47526270658     
 ---------------------
 rk4
 istep=     16000001
 grad_b=   0.1639138390345694        8.5222931727131690E-002 
   7.5051346732611351E-002
 bsub=  -7.4999876569768795E-002   0.1272376136634632      
    1.975488890576412     
 bsup=    0.000000000000000        -1.131276508612488      
    1.058359727244958     
 b_abs=    1.395226674383964     
 g=  -1.1364229443748949E-002
 j=    0.000000000000000        -473.4776774149764      
   -192.2015697978563     
 v_perp_2=    1425466.952915231     
 b_n=   6.7411977329121951E-004   -1.132674978046884      
    1.058475374366695     
 b_para_n=    1.395226647715047     
 dxdt=    4.375381490714402        -7287.258674200434      
    6809.815014043613     
 dudt=    6216.693620998074     
 ---------------------
 rk4
 istep=     17000001
 grad_b=  -0.4734206294038144       -2.6307987029994685E-002 
   3.1227571278962904E-002
 bsub=   9.0667811089193626E-003   3.9530147577992267E-002 
    1.037265361250949     
 bsup=    0.000000000000000        0.3667715636786023      
   0.9154176930890945     
 b_abs=   0.9817418717740359     
 g=  -1.7437713742753495E-002
 j=    0.000000000000000        -122.5954462767519      
   -83.67742409047626     
 v_perp_2=    1003018.657480310     
 b_n=  -1.5978600197145816E-004   0.3695240914865401      
   0.9153141803969235     
 b_para_n=   0.9817418605243551     
 dxdt=   -1.473861142680106         3387.660615898983      
    8390.870028729696     
 dudt=   -9853.741045109897     
 ---------------------
 rk4
 istep=     18000001
 grad_b=   0.4231658114581240       -7.6160324991014133E-002 
  -0.2197576492479588     
 bsub=   4.1829985137010119E-002   0.1251732240538236      
    1.848999730957267     
 bsup=    0.000000000000000        -1.553885877745592      
    1.071004762805362     
 b_abs=    1.336080856786669     
 g=  -8.4355181035413694E-003
 j=    0.000000000000000         779.3745159477232      
    124.4069200317195     
 v_perp_2=    1365034.869673087     
 b_n=  -7.0690207947145343E-004   -1.558824375156878      
    1.071355096166501     
 b_para_n=    1.336080878450075     
 dxdt=   -4.791248970519209        -10477.02033321870      
    7200.515580875399     
 dudt=    44740.19398864093     
 ---------------------
 rk4
 istep=     19000001
 grad_b=  -0.6115672121615430        4.2168296798150186E-004 
  -4.1783244534599473E-003
 bsub=   2.5297902602266491E-002  -6.1909159059706370E-002 
   0.9309461740273367     
 bsup=    0.000000000000000       -0.3698045658571761      
    1.017773491439634     
 b_abs=   0.9849161533835394     
 g=  -1.5867773726605472E-002
 j=    0.000000000000000        -328.0726114217325      
    84.73590316593541     
 v_perp_2=    1006258.529428339     
 b_n=   8.1893222676351594E-007  -0.3663228699238216      
    1.018005019396775     
 b_para_n=   0.9849161654818417     
 dxdt=   7.5294611892813392E-003   -3347.070467010446      
    9302.014197315104     
 dudt=    2286.518435455670     
 ---------------------
 rk4
 istep=     20000001
 grad_b=   -1.205730951860561        7.4665126686834560E-002 
  -0.1336387878340671     
 bsub=   1.3439124232461300E-002  -9.7011753067826598E-002 
    1.241957047159064     
 bsup=    0.000000000000000       -0.7682112467940533      
   0.8726645950161924     
 b_abs=    1.076371262120884     
 g=  -2.0218520105678015E-002
 j=    0.000000000000000        -1019.199657783939      
    156.4594192592669     
 v_perp_2=    1099693.214202140     
 b_n=   3.2041855271163508E-004  -0.7622033058096787      
   0.8731304460310727     
 b_para_n=    1.076371292043989     
 dxdt=    2.695705088844048        -6368.842933359508      
    7296.148845078504     
 dudt=    82569.36015704005     
 ---------------------
 rk4
 istep=     21000001
 grad_b=   0.7162506784485730        6.0835206037725020E-002 
   0.1665624451856255     
 bsub=  -8.1931512456234964E-003   9.7706157264181054E-002 
    1.369982236653569     
 bsup=    0.000000000000000       -0.4172033410910597      
    1.129144211927152     
 b_abs=    1.226937410284845     
 g=  -7.9865256872575681E-003
 j=    0.000000000000000        -604.6940651538365      
    50.05215029118185     
 v_perp_2=    1253519.617840970     
 b_n=   5.2441750371267954E-004  -0.4248865449426611      
    1.129695309488192     
 b_para_n=    1.226937411029420     
 dxdt=    3.870566846858769        -3112.241741708925      
    8273.749382860165     
 dudt=   -67736.48608272579     
 ---------------------
 rk4
 istep=     22000001
 grad_b=   0.6342505187591079        0.1073602418643215      
  -0.1481745481027341     
 bsub=  -7.4889074504190842E-002  -2.7858408043945349E-002 
    1.525158721229470     
 bsup=    0.000000000000000       -0.5930182526497104      
   0.9882836532091466     
 b_abs=    1.234500529248504     
 g=  -1.4754161617546696E-002
 j=    0.000000000000000        -747.3995804436752      
    63.33278759552423     
 v_perp_2=    1261244.690634483     
 b_n=   6.6728286458583386E-004  -0.5970159805400981      
   0.9882434036910224     
 b_para_n=    1.234500538349404     
 dxdt=    4.894841874010047        -4345.686679541458      
    7193.057422897834     
 dudt=    86940.95230649759     
 ---------------------
 rk4
 istep=     23000001
 grad_b=   0.3259701202249656       -0.1731792717399558      
   0.1328249974418539     
 bsub=   5.4518096959654858E-002  -8.6833261162672606E-002 
    1.421085641062577     
 bsup=    0.000000000000000       -0.6273883905684696      
   0.9448049105074384     
 b_abs=    1.182097953912337     
 g=  -1.8018711436829309E-002
 j=    0.000000000000000         309.6656485323163      
   -277.8261657479732     
 v_perp_2=    1207704.892652961     
 b_n=  -8.7603458260860593E-004  -0.6290913262311723      
   0.9447344334928297     
 b_para_n=    1.182097918251453     
 dxdt=   -6.710991152503971        -4783.590605969574      
    7183.581493159874     
 dudt=   -101182.7157022542     
 ---------------------
 rk4
 istep=     24000001
 grad_b=   0.6439743988116808       -7.0841097208140080E-002 
  -0.1695779663331015     
 bsub=   1.8372016761763865E-002   9.2991293224689145E-002 
    1.341738568835666     
 bsup=    0.000000000000000       -0.4586129954427759      
    1.131699343110267     
 b_abs=    1.214382391420828     
 g=  -7.9032187698263763E-003
 j=    0.000000000000000        -590.0718153709506      
    441.4374106577646     
 v_perp_2=    1240686.863618942     
 b_n=  -6.3950904189121263E-004  -0.4656078870682546      
    1.132192930600180     
 b_para_n=    1.214382434474199     
 dxdt=   -4.768818168660936        -3445.968265656064      
    8378.431525085869     
 dudt=    67061.31276234586     
 ---------------------
 rk4
 istep=     25000001
 grad_b=   -1.226469405608652       -7.0675674337956018E-002 
   0.1371052614385299     
 bsub=  -1.5385107970760561E-002  -9.8144772641330355E-002 
    1.247954037961775     
 bsup=    0.000000000000000       -0.7780486268810475      
   0.8716205231799927     
 b_abs=    1.079081253942254     
 g=  -2.0248465517613862E-002
 j=    0.000000000000000        -808.7094479130130      
    65.24670377248376     
 v_perp_2=    1102453.212553636     
 b_n=  -2.9829022418847837E-004  -0.7719488529129316      
   0.8720965738223968     
 b_para_n=    1.079081270270500     
 dxdt=   -2.503235622604664        -6433.964547142006      
    7269.084494410904     
 dudt=   -82603.48816937917     
 ---------------------
 rk4
 istep=     26000001
 grad_b=  -0.5792891274962348       -3.0302938116808127E-004 
   7.6401088053792837E-003
 bsub=  -2.7472995623568863E-002  -5.6660707122022078E-002 
   0.9332971749725931     
 bsup=    0.000000000000000       -0.3508111223549523      
    1.019343284358937     
 b_abs=   0.9853019456783622     
 g=  -1.5958194235040926E-002
 j=    0.000000000000000        -172.8317970186062      
    39.99527462948976     
 v_perp_2=    1006640.715058269     
 b_n=   9.1204084674074202E-007  -0.3475268237052125      
    1.019542707868898     
 b_para_n=   0.9853019514208473     
 dxdt=   8.3822412218623188E-003   -3174.082333084124      
    9312.393387879069     
 dudt=   -4092.737182007168     
 ---------------------
 rk4
 istep=     27000001
 grad_b=   0.4219277358146304        7.5819480043558193E-002 
   0.2185381444189434     
 bsub=  -3.0777188108667770E-002   0.1493583780663860      
    1.917437118705869     
 bsup=    0.000000000000000        -1.491042363087208      
    1.074193378128869     
 b_abs=    1.354603258861505     
 g=  -7.8574250045347436E-003
 j=    0.000000000000000        -381.7852648324524      
    446.8151127272608     
 v_perp_2=    1383937.727466743     
 b_n=   7.3447209834762519E-004   -1.496356837810150      
    1.074619173576440     
 b_para_n=    1.354603310304849     
 dxdt=    4.910048923819728        -9918.524485116171      
    7122.865109960729     
 dudt=   -45894.44395219033     
 ---------------------
 rk4
 istep=     28000001
 grad_b=  -0.1667691088883314        7.0975886602747007E-002 
  -0.1137958281503897     
 bsub=  -1.0237046794891770E-003   3.1850493329674989E-002 
    1.076957924643172     
 bsup=    0.000000000000000        0.7450816648387626      
   0.9319628537254590     
 b_abs=    1.013366719721933     
 g=  -1.4760440248688757E-002
 j=    0.000000000000000        -317.9221127568936      
    88.15214831001322     
 v_perp_2=    1035309.904766927     
 b_n=   4.9721107193812528E-004   0.7461977392816455      
   0.9319303281982401     
 b_para_n=    1.013366729491354     
 dxdt=    4.443138411241553         6625.814447004801      
    8274.933947366168     
 dudt=    26802.75847624013     
 ---------------------
 rk4
 istep=     29000001
 grad_b=  -0.1673348967806711       -0.1111215604363395      
  -0.1248327234275352     
 bsub=   8.9644071277725862E-002   6.6378552581050895E-002 
    1.883480046808158     
 bsup=    0.000000000000000        -1.131816407620863      
    1.031934196877104     
 b_abs=    1.366951523267683     
 g=  -1.3411269927430611E-002
 j=    0.000000000000000        -1508.458568138346      
    114.8746733881414     
 v_perp_2=    1396548.933034831     
 b_n=  -7.5337753578500562E-004   -1.130677221978396      
    1.031929911390548     
 b_para_n=    1.366951530609664     
 dxdt=   -4.990941684631645        -7426.061726483356      
    6777.568070375773     
 dudt=    1139.758360326954     
 ---------------------
 Elapsed time (seconds):     154.8057470000000     

real	2m34.817s
user	2m34.419s
sys	0m0.018s
>>> [PID 3653116] DONE  u=9000, v_perp=-1000, out=gc_grid/dat208.dat
