>>> [PID 3666585] START u=5000, v_perp=1000, out=gc_grid/dat242.dat, dt=2e-09, steps=30000000
 outer boundary:   8.3000000000000462E-002
 rk4
 istep=            1
 grad_b=  -0.5028821494262892        4.9317090820135343E-003 
  -7.9828072612408846E-003
 bsub=   8.6924479566171456E-003   4.2252304055321308E-002 
    1.020727209063343     
 bsup=    0.000000000000000        0.5003101556265827      
   0.9181486063494563     
 b_abs=   0.9787596473505351     
 g=  -1.6418745330307072E-002
 j=    0.000000000000000         576.0999431636629      
    59.09224432612271     
 v_perp_2=    999999.9492430871     
 b_n=   1.7862712934701274E-005   0.5020170293298056      
   0.9180778049333502     
 b_para_n=   0.9787596531594540     
 dxdt=   9.3076819995345020E-002    2564.731621900346      
    4689.999157576977     
 dudt=    2537.666588921133     
 ---------------------
 rk4
 istep=      1000001
 grad_b=   -1.165475548318628       -3.4511136544693413E-002 
   0.2013883429289538     
 bsub=  -5.7622550230688435E-002  -0.1444117404171039      
    1.482527974514050     
 bsup=    0.000000000000000        -1.091149701676500      
   0.8871050249648259     
 b_abs=    1.213521004928167     
 g=  -2.0632365013698473E-002
 j=    0.000000000000000        -420.5662923234818      
   -106.0112961270916     
 v_perp_2=    1239855.377148513     
 b_n=  -3.7830829117533529E-005   -1.088209307965770      
   0.8873899722127374     
 b_para_n=    1.213521000644650     
 dxdt=  -0.1590064766102832        -4461.823086660117      
    3638.708794752997     
 dudt=   -91058.65946409313     
 ---------------------
 rk4
 istep=      2000001
 grad_b=   0.4271610406922858       -8.5388578734225007E-002 
  -0.1670441971296381     
 bsub=   3.4770074040019923E-002   6.6031670201154968E-002 
    1.184976394737254     
 bsup=    0.000000000000000       -0.4233825674674964      
    1.138109616711856     
 b_abs=    1.149448098602497     
 g=  -8.2739820415587868E-003
 j=    0.000000000000000         211.5705015295937      
    27.86279541448823     
 v_perp_2=    1174391.434654896     
 b_n=  -4.2986730691444314E-004  -0.4258237891218355      
    1.138258267047540     
 b_para_n=    1.149448100931962     
 dxdt=   -1.907426013172101        -1846.075214706275      
    4934.040833533567     
 dudt=    68425.78783821735     
 ---------------------
 rk4
 istep=      3000001
 grad_b=   0.7533955967656069       -8.0360189377260728E-003 
   0.1644410144572477     
 bsub=   5.7239566314134516E-002   8.8246442117139001E-002 
    1.592914088022165     
 bsup=    0.000000000000000       -0.5629377950345906      
    1.060701753178180     
 b_abs=    1.280677395776233     
 g=  -1.0004839888813752E-002
 j=    0.000000000000000        -1293.694958362140      
   -117.9596261237154     
 v_perp_2=    1308467.652576019     
 b_n=  -8.6523616914185411E-005  -0.5667099034619796      
    1.060913825076538     
 b_para_n=    1.280677383745305     
 dxdt=  -0.3446087623537935        -2199.235154078958      
    4116.391668219096     
 dudt=   -71380.01172774476     
 ---------------------
 rk4
 istep=      4000001
 grad_b=   -1.088765322758447        0.1109263401699416      
  -0.1325383987335227     
 bsub=   1.3406289530573195E-002  -0.1167126836108378      
    1.285012079141147     
 bsup=    0.000000000000000       -0.7881030640517934      
   0.8685355745046999     
 b_abs=    1.099075379778758     
 g=  -2.0413896021407522E-002
 j=    0.000000000000000        -940.3298367901691      
    441.9370489883616     
 v_perp_2=    1122924.320857954     
 b_n=   2.6888571988751842E-004  -0.7851464368819525      
   0.8688013397569407     
 b_para_n=    1.099075416562157     
 dxdt=    1.247764834326973        -3562.754693664279      
    3942.717402163184     
 dudt=    94138.62201804943     
 ---------------------
 rk4
 istep=      5000001
 grad_b=  -0.2441858666493690       -1.4851671499748370E-002 
  -5.1855054349721430E-002
 bsub=   3.7093896898541520E-002  -2.6006613787426344E-002 
   0.9237312791227936     
 bsup=    0.000000000000000       -0.1039363102150056      
    1.081048319102643     
 b_abs=    1.000921948342296     
 g=  -1.3930472878505193E-002
 j=    0.000000000000000        -306.8662530440714      
   -88.50012573871723     
 v_perp_2=    1022640.609301976     
 b_n=  -5.6447589269804891E-005  -0.1030985113815351      
    1.081074167885640     
 b_para_n=    1.000921943504388     
 dxdt=  -0.2876201256246849        -514.6988418299399      
    5397.948708681492     
 dudt=    27822.90204669281     
 ---------------------
 rk4
 istep=      6000001
 grad_b=   0.4033129517930424        3.2209987673645586E-002 
   0.1109588837041566     
 bsub=  -4.8117146486493347E-003   0.1930894630456046      
    2.155267857789059     
 bsup=    0.000000000000000        -1.536503954042773      
    1.078706678540823     
 b_abs=    1.424673957969971     
 g=  -7.0111150202154136E-003
 j=    0.000000000000000         920.0557143605203      
   -243.7481670005044     
 v_perp_2=    1455586.615436964     
 b_n=   1.7480794775171960E-004   -1.539671763164014      
    1.078990864003464     
 b_para_n=    1.424673946813078     
 dxdt=   0.6259109133783990        -5354.457626967574      
    3752.165667953720     
 dudt=   -25172.25897009754     
 ---------------------
 rk4
 istep=      7000001
 grad_b=  -0.5505874842722009        2.8878734673824877E-003 
   1.3849840367246277E-002
 bsub=  -2.6980033838993930E-002  -6.0446058318369973E-002 
   0.9208533257070242     
 bsup=    0.000000000000000       -0.3505155378558988      
    1.027970631654263     
 b_abs=   0.9834977747461995     
 g=  -1.5588405746145657E-002
 j=    0.000000000000000         21.71040022149339      
    33.90981766635628     
 v_perp_2=    1004837.171874645     
 b_n=   1.2128483682259778E-005  -0.3487581286468587      
    1.028086347895433     
 b_para_n=   0.9834977767788236     
 dxdt=   6.2893262912582987E-002   -1772.698798116009      
    5226.189791410640     
 dudt=   -6869.324765336429     
 ---------------------
 rk4
 istep=      8000001
 grad_b=   -1.031963877388991       -6.7818662531994534E-002 
   9.2713434034188996E-002
 bsub=   3.9919852100315581E-003  -7.1443977010771126E-002 
    1.142621808952677     
 bsup=    0.000000000000000       -0.6529287284291239      
   0.8838012666598429     
 b_abs=    1.027848963882629     
 g=  -2.0136770091970287E-002
 j=    0.000000000000000         952.1271606864368      
    129.4262595330267     
 v_perp_2=    1050150.269984277     
 b_n=  -1.7407149117952634E-004  -0.6500314222890748      
   0.8839830372724361     
 b_para_n=    1.027848968846485     
 dxdt=  -0.8637285579289766        -3158.626499273988      
    4295.863500212674     
 dudt=   -62732.69657095404     
 ---------------------
 rk4
 istep=      9000001
 grad_b=   0.5979454069830816        5.2230439557661462E-002 
  -0.1289534304908037     
 bsub=  -9.5542030202119058E-002   4.2018343116136739E-002 
    1.753674734324981     
 bsup=    0.000000000000000       -0.9760030291287783      
    1.028451083224718     
 b_abs=    1.327722672078166     
 g=  -1.2609632423260044E-002
 j=    0.000000000000000         201.1879884866753      
   -547.8630850417205     
 v_perp_2=    1356529.591976104     
 b_n=   2.2665372210939387E-004  -0.9784240919653739      
    1.028521413938820     
 b_para_n=    1.327722636822785     
 dxdt=   0.8707591305869341        -3658.476656598489      
    3845.543511626520     
 dudt=    70640.89017767015     
 ---------------------
 rk4
 istep=     10000001
 grad_b=  -0.4241834553540862        9.6717619681450845E-002 
   0.1090434913942127     
 bsub=  -4.9902511608145128E-002  -3.4895169961986244E-002 
   0.9169767570275604     
 bsup=    0.000000000000000       -0.4561859734623336      
    1.138301557299081     
 b_abs=    1.030045514507699     
 g=  -9.0998273669161168E-003
 j=    0.000000000000000         720.8737413501285      
   -206.1384111004691     
 v_perp_2=    1052393.309681146     
 b_n=   5.0057974980364606E-004  -0.4541102572656825      
    1.138407774825406     
 b_para_n=    1.030045501252536     
 dxdt=    2.478541573967796        -2201.798008464601      
    5520.224529108305     
 dudt=   -39677.29374020647     
 ---------------------
 rk4
 istep=     11000001
 grad_b=  -0.6970466158400102       -6.8817106336772946E-002 
  -0.1767370792424391     
 bsub=   8.9141597499064099E-002  -6.1520834007856809E-002 
    1.694156466908070     
 bsup=    0.000000000000000        -1.187951068970666      
   0.9657816459613637     
 b_abs=    1.307440122483123     
 g=  -1.7257684302464108E-002
 j=    0.000000000000000         1123.328186034252      
   -183.5426497383671     
 v_perp_2=    1335805.554207402     
 b_n=  -2.2447993139623106E-004   -1.185898971502281      
   0.9658679651836469     
 b_para_n=    1.307440107967152     
 dxdt=  -0.8757767303398545        -4504.421325847359      
    3668.854404755331     
 dudt=    34750.22121253959     
 ---------------------
 rk4
 istep=     12000001
 grad_b=  -0.4370374811896944       -1.0075118103765865E-002 
   1.4934280095925526E-002
 bsub=  -3.0221327060713558E-002  -1.8548130556021517E-003 
   0.9880388098025747     
 bsup=    0.000000000000000       -0.1486506540872952      
   0.9744571501524932     
 b_abs=   0.9815097576534391     
 g=  -1.7414274645334897E-002
 j=    0.000000000000000         448.5518891471991      
   -302.9490684209565     
 v_perp_2=    1002803.514886800     
 b_n=  -3.0950053807686463E-005  -0.1473057365466111      
   0.9744587079034853     
 b_para_n=   0.9815097371742965     
 dxdt=  -0.1608190339020947        -750.2243563889355      
    4963.802512229741     
 dudt=   -8353.814198917100     
 ---------------------
 rk4
 istep=     13000001
 grad_b=   -1.187333937101714       -7.4850308591695794E-003 
   0.1127112388999100     
 bsub=  -6.6824519221672998E-003  -8.1037359496619096E-002 
    1.129361737161952     
 bsup=    0.000000000000000       -0.6980707848873184      
   0.8814605888445938     
 b_abs=    1.025464987451822     
 g=  -1.9274886982851513E-002
 j=    0.000000000000000        -6.220628686035155      
   -585.5097037529463     
 v_perp_2=    1047711.987972386     
 b_n=   1.7545065138585207E-006  -0.6946155308359667      
   0.8817084935385764     
 b_para_n=    1.025464946189302     
 dxdt=   8.7259488827894222E-003   -3383.245403754282      
    4294.988015422529     
 dudt=   -52095.49630815139     
 ---------------------
 rk4
 istep=     14000001
 grad_b=   0.5364076160613654       -6.8326319120868506E-002 
  -0.1681865803830929     
 bsub=   4.7483095144971454E-003   0.1464422437792740      
    1.709795929187482     
 bsup=    0.000000000000000       -0.8962892908321820      
    1.092279008704358     
 b_abs=    1.317954288770591     
 g=  -7.6948951921420906E-003
 j=    0.000000000000000        -34.04833287967807      
    274.1263976269662     
 v_perp_2=    1346545.920617656     
 b_n=  -3.5829161268731663E-004  -0.8998566703634852      
    1.092585559503795     
 b_para_n=    1.317954306196473     
 dxdt=   -1.386680724849294        -3390.462074820458      
    4116.208050983467     
 dudt=    47468.79030379033     
 ---------------------
 rk4
 istep=     15000001
 grad_b=   0.5465749432261008        1.7680064550032563E-002 
   0.1426545133887844     
 bsub=  -1.2044171242200911E-002   5.6472946174724564E-002 
    1.118793213824186     
 bsup=    0.000000000000000        0.2962977606056789      
    1.097402460415908     
 b_abs=    1.115295405915306     
 g=  -1.0688138127377405E-002
 j=    0.000000000000000         585.7566181043833      
   -288.6502271841009     
 v_perp_2=    1139489.874421881     
 b_n=   4.5999525029186594E-005   0.2938918393238469      
    1.097524383262599     
 b_para_n=    1.115295390640682     
 dxdt=   0.2103580448205746         1313.624226401621      
    4906.597057102149     
 dudt=   -74104.79953984388     
 ---------------------
 rk4
 istep=     16000001
 grad_b=  -0.4855283969359887       -2.3460097231551721E-002 
   1.8692119594664994E-002
 bsub=  -1.8721882733173936E-003  -0.2456521373475538      
    1.516640446098689     
 bsup=    0.000000000000000        -1.262111609708272      
   0.9002464361020291     
 b_abs=    1.294437500560909     
 g=  -1.6644501787086229E-002
 j=    0.000000000000000         768.2344082591285      
    37.53498948590112     
 v_perp_2=    1322517.484361711     
 b_n=  -5.7745514553439181E-005   -1.260739455983454      
   0.9004686098786604     
 b_para_n=    1.294437495424242     
 dxdt=  -0.2275473480314846        -4838.179990914789      
    3455.737861824837     
 dudt=   -18326.14794676792     
 ---------------------
 rk4
 istep=     17000001
 grad_b=   0.6273053354048905       -1.1975887792581623E-002 
  -0.1482371101999371     
 bsub=   4.6752291055646572E-003   5.9853266550838266E-002 
    1.150169320281190     
 bsup=    0.000000000000000        0.3453935600598184      
    1.093642619473558     
 b_abs=    1.130728805036091     
 g=  -1.0320983356654188E-002
 j=    0.000000000000000         919.5857756811914      
   -424.3759414235433     
 v_perp_2=    1155256.909619604     
 b_n=  -1.9370166294895130E-005   0.3425397484866542      
    1.093791184910835     
 b_para_n=    1.130728782840910     
 dxdt=  -8.7372290514487194E-002    1509.682601010830      
    4821.637969432581     
 dudt=    75111.50665234994     
 ---------------------
 rk4
 istep=     18000001
 grad_b=   0.5561034181964903        6.4286612641381177E-002 
   0.1582771939236572     
 bsub=  -9.3424763342709986E-003   0.1370071344011548      
    1.648509327120478     
 bsup=    0.000000000000000       -0.8462205767233643      
    1.099766474128716     
 b_abs=    1.303305402907346     
 g=  -7.6340049304367118E-003
 j=    0.000000000000000         244.0640368055368      
    177.0636623543230     
 v_perp_2=    1331576.263219144     
 b_n=   3.3776023979711526E-004  -0.8498998985065472      
    1.100074185551095     
 b_para_n=    1.303305415413051     
 dxdt=    1.321901254658469        -3239.239188945156      
    4192.274894056879     
 dudt=   -46904.96664362800     
 ---------------------
 rk4
 istep=     19000001
 grad_b=   -1.234274805238464        4.2045235175815834E-003 
  -0.1317637477515147     
 bsub=   1.2135703931264381E-002  -8.4139400101496953E-002 
    1.159530132750869     
 bsup=    0.000000000000000       -0.7414892507182250      
   0.8748395635802699     
 b_abs=    1.037542541610097     
 g=  -1.9408086267797071E-002
 j=    0.000000000000000        -441.8212608235729      
   -536.3827065611417     
 v_perp_2=    1060047.928005162     
 b_n=  -1.5532049430961270E-005  -0.7379144265352182      
   0.8750990954742061     
 b_para_n=    1.037542505945872     
 dxdt=  -7.6349044300410021E-002   -3551.429475498433      
    4212.131120169174     
 dudt=    58290.56574306055     
 ---------------------
 rk4
 istep=     20000001
 grad_b=  -0.4204182918371181        1.1669351553047561E-002 
  -1.8137295448896973E-002
 bsub=   2.6471634777770012E-002   1.5486152491847514E-002 
    1.002274956292392     
 bsup=    0.000000000000000       -2.1484699412811281E-002 
   0.9615497525109162     
 b_abs=   0.9816146387047523     
 g=  -1.7250618100980865E-002
 j=    0.000000000000000        -721.2703705332553      
   -158.0403355211818     
 v_perp_2=    1002906.552464713     
 b_n=   3.7687243984950889E-005  -2.0160321346061286E-002 
   0.9615282828355955     
 b_para_n=   0.9816146271378541     
 dxdt=   0.1958051144725182        -102.5483002592783      
    4897.400311321246     
 dudt=    9206.438758814404     
 ---------------------
 rk4
 istep=     21000001
 grad_b=  -0.8841369049454603        2.4663920231132064E-002 
   0.1849872717967507     
 bsub=  -8.0608066595450667E-002  -0.1193266855317109      
    1.606554487319695     
 bsup=    0.000000000000000        -1.199633351804017      
   0.9321931916895780     
 b_abs=    1.281182662260056     
 g=  -1.8981985539086702E-002
 j=    0.000000000000000         1048.049067036294      
   -310.6870237857431     
 v_perp_2=    1308971.816195863     
 b_n=   1.0293718563332714E-004   -1.197288346518388      
   0.9323725117511199     
 b_para_n=    1.281182637418737     
 dxdt=   0.4098196263469926        -4643.385612845451      
    3616.181487048418     
 dudt=   -56960.91582699548     
 ---------------------
 rk4
 istep=     22000001
 grad_b=  -8.0476774966007109E-002  -0.1022269203429072      
  -0.1349175102252965     
 bsub=   5.1117454372528931E-002   8.8586095111057722E-003 
    1.003523258771964     
 bsup=    0.000000000000000       -0.4380744246780748      
    1.140972885591995     
 b_abs=    1.068282752173786     
 g=  -8.8203851965185792E-003
 j=    0.000000000000000        -17.06171622869303      
    27.12312836431462     
 v_perp_2=    1091453.501556548     
 b_n=  -5.2591303283820246E-004  -0.4376912997991811      
    1.140996294161740     
 b_para_n=    1.068282753729956     
 dxdt=   -2.510812222381253        -2044.784576531376      
    5330.554704957907     
 dudt=    52196.78581359315     
 ---------------------
 rk4
 istep=     23000001
 grad_b=   0.6936688426072455       -2.8315971894079795E-002 
   0.1560590723549942     
 bsub=   8.4381710638272989E-002   7.5408972387084466E-002 
    1.746710893684059     
 bsup=    0.000000000000000       -0.8943952880578800      
    1.042825870214284     
 b_abs=    1.324344552951157     
 g=  -1.1505718780938300E-002
 j=    0.000000000000000        -310.8537735255601      
   -794.6348087541575     
 v_perp_2=    1353068.434790408     
 b_n=  -1.5758420666613896E-004  -0.8974798363928473      
    1.042966609181323     
 b_para_n=    1.324344500428381     
 dxdt=  -0.6069507025950670        -3364.698281014081      
    3909.781352133347     
 dudt=   -72544.16766483765     
 ---------------------
 rk4
 istep=     24000001
 grad_b=   -1.082998952798903        7.4754207173734377E-002 
  -0.1059674918710329     
 bsub=   4.8489356232631065E-004  -7.9560611061194692E-002 
    1.170285125517140     
 bsup=    0.000000000000000       -0.6855126977094241      
   0.8782873074146815     
 b_abs=    1.040328922279234     
 g=  -2.0240286237115379E-002
 j=    0.000000000000000         99.62687523035484      
    198.2468547435477     
 v_perp_2=    1062892.170072961     
 b_n=   1.8852947661204329E-004  -0.6824902104239469      
   0.8784927220215349     
 b_para_n=    1.040328935871413     
 dxdt=   0.9242508121949083        -3275.727743614428      
    4216.894107098390     
 dudt=    70864.62547609088     
 ---------------------
 rk4
 istep=     25000001
 grad_b=  -0.4764272058537742       -5.1258045056962187E-003 
  -2.3637691963728155E-002
 bsub=   3.0183044826253121E-002  -5.3266183607630455E-002 
   0.9170803235554279     
 bsup=    0.000000000000000       -0.3069847179872162      
    1.041996387976750     
 b_abs=   0.9856614359679612     
 g=  -1.5231008296788660E-002
 j=    0.000000000000000         548.0101131465459      
   -94.26937781809278     
 v_perp_2=    1007038.631539277     
 b_n=  -2.1064805266971194E-005  -0.3054429267696166      
    1.042086623718362     
 b_para_n=   0.9856614281448598     
 dxdt=  -0.1089936178273007        -1549.055591041652      
    5285.495121166851     
 dudt=    11949.79927882511     
 ---------------------
 rk4
 istep=     26000001
 grad_b=   0.4063226886229152       -1.3826510158381874E-002 
  -5.7497605784957981E-002
 bsub=   8.5016737020601025E-004   0.1950873397927003      
    2.172064203750533     
 bsup=    0.000000000000000        -1.548856605292641      
    1.079577440011633     
 b_abs=    1.430053513507380     
 g=  -6.9784707463445145E-003
 j=    0.000000000000000         946.5243909333560      
   -422.0062397918745     
 v_perp_2=    1461067.909303388     
 b_n=  -6.8322527662064949E-005   -1.552061555977849      
    1.079865309060258     
 b_para_n=    1.430053490198433     
 dxdt=  -0.2437136652559957        -5376.642820856606      
    3740.662996471785     
 dudt=    14523.79750192678     
 ---------------------
 rk4
 istep=     27000001
 grad_b=  -0.3138464476777250        1.2848251645779052E-002 
   4.3901440105700767E-002
 bsub=  -3.5652948145908095E-002  -3.6025534184227131E-002 
   0.9153779208463085     
 bsup=    0.000000000000000       -0.1720294421053269      
    1.074832234799985     
 b_abs=   0.9953654966827574     
 g=  -1.4155651539649153E-002
 j=    0.000000000000000         288.0568694382855      
   -234.0061501098231     
 v_perp_2=    1016951.964807034     
 b_n=   4.9746654006859080E-005  -0.1709641299243816      
    1.074876082514113     
 b_para_n=   0.9953654817878523     
 dxdt=   0.2548909315735285        -858.4006843921017      
    5397.577611352623     
 dudt=   -23082.87139325789     
 ---------------------
 rk4
 istep=     28000001
 grad_b=   -1.091681836730565       -0.1043456025101473      
   0.1270285472651598     
 bsub=  -9.7825544129056929E-003  -0.1057858883344434      
    1.254179316481155     
 bsup=    0.000000000000000       -0.7577046530872439      
   0.8700338922497475     
 b_abs=    1.082242554900440     
 g=  -2.0439549997536846E-002
 j=    0.000000000000000        -1215.194469272768      
    420.4086001784444     
 v_perp_2=    1105712.660191061     
 b_n=  -2.5603879709131872E-004  -0.7547221811221970      
   0.8702834885209108     
 b_para_n=    1.082242591627857     
 dxdt=   -1.206619484610260        -3479.158583288154      
    4012.256942749942     
 dudt=   -89487.03555984203     
 ---------------------
 rk4
 istep=     29000001
 grad_b=   0.7412403064706345        2.0648234048090321E-002 
  -0.1669012440905919     
 bsub=  -6.9398851398460207E-002   7.7393518528673072E-002 
    1.640242749752389     
 bsup=    0.000000000000000       -0.6762084545341206      
    1.047852547713882     
 b_abs=    1.290683510071034     
 g=  -1.0819410327165685E-002
 j=    0.000000000000000        -1524.945313634054      
   -253.8773773243957     
 v_perp_2=    1318673.238902062     
 b_n=   1.3491056419496930E-004  -0.6796810733190040      
    1.048022091996588     
 b_para_n=    1.290683489117798     
 dxdt=   0.5331629297762263        -2616.549427726032      
    4034.008518900279     
 dudt=    74745.67861084937     
 ---------------------
 Elapsed time (seconds):     152.8407530000000     

real	2m32.856s
user	2m32.520s
sys	0m0.026s
>>> [PID 3666585] DONE  u=5000, v_perp=1000, out=gc_grid/dat242.dat
