>>> [PID 3671892] START u=0, v_perp=2000, out=gc_grid/dat253.dat, dt=2e-09, steps=30000000
 outer boundary:   8.3000000000000462E-002
 rk4
 istep=            1
 grad_b=  -0.5028826710467309        4.9322211601356900E-003 
  -7.9838888965348687E-003
 bsub=   8.6923089388465276E-003   4.2252382390700879E-002 
    1.020726902516526     
 bsup=    0.000000000000000        0.5003201030903613      
   0.9181485142063062     
 b_abs=   0.9787596970293546     
 g=  -1.6418694876657043E-002
 j=    0.000000000000000         576.0999586598198      
    59.09978762012438     
 v_perp_2=    4000000.000000000     
 b_n=   7.2545497392545416E-014   0.5003201030972927      
   0.9181485142060186     
 b_para_n=   0.9787596970293546     
 dxdt=   7.3009354081973255E-003   0.6975631364436795      
  -2.8917907564987012E-002
 dudt=    10152.09988743237     
 ---------------------
 rk4
 istep=      1000001
 grad_b=  -0.5012945647703082        4.0873011329212935E-003 
  -6.0532874395917008E-003
 bsub=   8.9870564009368013E-003   4.2077415802238317E-002 
    1.021330027424050     
 bsup=    0.000000000000000        0.4804844865892924      
   0.9183726809712064     
 b_abs=   0.9786753500178063     
 g=  -1.6516759887719418E-002
 j=    0.000000000000000         569.1421777470609      
    47.30364815657445     
 v_perp_2=    3999655.290213452     
 b_n=   5.4380774374963847E-008   0.4804907721471070      
   0.9183724215538546     
 b_para_n=   0.9786753500362206     
 dxdt=   5.9861466418564633E-003    9.807116103550602      
    17.39380766826605     
 dudt=    7506.700302423569     
 ---------------------
 rk4
 istep=      2000001
 grad_b=  -0.4974756162565622        1.6117124806340130E-003 
  -1.0961690884362801E-003
 bsub=   9.6934288120888029E-003   4.1541131273444928E-002 
    1.023000990568774     
 bsup=    0.000000000000000        0.4342913591300418      
   0.9188671018890336     
 b_abs=   0.9785793269055556     
 g=  -1.6751552197315035E-002
 j=    0.000000000000000         476.8913813765120      
    24.46546796427606     
 v_perp_2=    3999262.862480392     
 b_n=   2.9999835601668838E-008   0.4343003700828829      
   0.9188667357118500     
 b_para_n=   0.9785793269222681     
 dxdt=   2.2587002583272222E-003    12.72765855553255      
    25.46601543727778     
 dudt=    641.6430003928666     
 ---------------------
 rk4
 istep=      3000001
 grad_b=  -0.4926445899919233       -1.2502999117185096E-003 
   3.9488434827166241E-003
 bsub=   1.0445593307920834E-002   4.0789795822591110E-002 
    1.025027385574192     
 bsup=    0.000000000000000        0.3882863962498482      
   0.9193715468670191     
 b_abs=   0.9786528184832970     
 g=  -1.6988288788217707E-002
 j=    0.000000000000000         275.0205238954204      
    21.05841793652566     
 v_perp_2=    3999563.208225955     
 b_n=  -1.9386167091421648E-008   0.3882931826006724      
   0.9193712770184678     
 b_para_n=   0.9786528184927074     
 dxdt=  -1.8958479011565710E-003    8.955683618757368      
    19.60719607522987     
 dudt=   -6566.638973257136     
 ---------------------
 rk4
 istep=      4000001
 grad_b=  -0.4899202777115215       -2.7229617582531090E-003 
   6.3197410420691713E-003
 bsub=   1.0840103008391416E-002   4.0327002113838370E-002 
    1.026138443484589     
 bsup=    0.000000000000000        0.3656305133866801      
   0.9196456400604509     
 b_abs=   0.9787568327167734     
 g=  -1.7103603586357714E-002
 j=    0.000000000000000         141.1704454894486      
    29.50222246601858     
 v_perp_2=    3999988.294112867     
 b_n=  -6.6606655349168828E-009   0.3656316117713541      
   0.9196455969661625     
 b_para_n=   0.9787568327184621     
 dxdt=  -3.9780654085286304E-003    1.934118142270288      
    3.189016200593706     
 dudt=   -10055.29556677508     
 ---------------------
 rk4
 istep=      5000001
 grad_b=  -0.4912458869730615       -1.7242578453256982E-003 
   4.8879047265147635E-003
 bsub=   1.0683243229723336E-002   4.0543976398034767E-002 
    1.025506696440963     
 bsup=    0.000000000000000        0.3760009962842042      
   0.9196159460956612     
 b_abs=   0.9787002787861827     
 g=  -1.7044536380021305E-002
 j=    0.000000000000000         213.0728774242700      
    26.56468815986167     
 v_perp_2=    3999757.169227900     
 b_n=   1.9635339369107487E-008   0.3759959653347506      
   0.9196161447851646     
 b_para_n=   0.9787002787785086     
 dxdt=  -2.5750946666743355E-003   -5.326967640009886      
   -14.66833582746066     
 dudt=   -8031.365935154194     
 ---------------------
 rk4
 istep=      6000001
 grad_b=  -0.4953380849596921        1.1306548063829899E-003 
   2.9471279605096379E-004
 bsub=   1.0083309005940181E-002   4.1220180966903976E-002 
    1.023642823254137     
 bsup=    0.000000000000000        0.4135982385081126      
   0.9193148262397655     
 b_abs=   0.9785985029968735     
 g=  -1.6843148041058718E-002
 j=    0.000000000000000         419.1286687743234      
    25.41500893775870     
 v_perp_2=    3999341.231425694     
 b_n=  -1.9064545601242107E-008   0.4135897975714310      
   0.9193151663137015     
 b_para_n=   0.9785985029816198     
 dxdt=   1.5182978927912735E-003   -10.17554896311067      
   -24.13869100721057     
 dudt=   -1542.202607912271     
 ---------------------
 rk4
 istep=      7000001
 grad_b=  -0.4988582110935150        4.1108192260584792E-003 
  -5.1004014730904185E-003
 bsub=   9.4004173955191429E-003   4.1818332979338839E-002 
    1.021829665652130     
 bsup=    0.000000000000000        0.4584451878793827      
   0.9189246509462506     
 b_abs=   0.9786504396647344     
 g=  -1.6607078497482029E-002
 j=    0.000000000000000         564.8083969986736      
    45.11871559570405     
 v_perp_2=    3999553.486458233     
 b_n=  -6.1345486146709283E-008   0.4584381036940293      
   0.9189249414112018     
 b_para_n=   0.9786504396445115     
 dxdt=   5.9335713922708099E-003   -9.213482551084867      
   -19.86937328700744     
 dudt=    5851.144834689474     
 ---------------------
 rk4
 istep=      8000001
 grad_b=  -0.4999337291780779        5.7228073540938201E-003 
  -8.1990986001312938E-003
 bsub=   9.0404128327581761E-003   4.2067134250441854E-002 
    1.020958918611976     
 bsup=    0.000000000000000        0.4837415520925603      
   0.9187231476576703     
 b_abs=   0.9787547147232361     
 g=  -1.6474423256337592E-002
 j=    0.000000000000000         599.2748426337467      
    64.59340717753986     
 v_perp_2=    3999979.638286090     
 b_n=  -1.8508547504958210E-008   0.4837400255335563      
   0.9187232107158025     
 b_para_n=   0.9787547147175911     
 dxdt=   8.3815340114883705E-003   -1.538934087288877      
   -4.264186868172725     
 dudt=    9946.790622654516     
 ---------------------
 rk4
 istep=      9000001
 grad_b=  -0.4987989415567502        5.3186898105786681E-003 
  -7.1860344232883983E-003
 bsub=   9.2169582090869916E-003   4.1959947938521390E-002 
    1.021278815001186     
 bsup=    0.000000000000000        0.4725073447783510      
   0.9188666451965329     
 b_abs=   0.9787052218720552     
 g=  -1.6528894816674439E-002
 j=    0.000000000000000         591.6440556905444      
    59.01349868957946     
 v_perp_2=    3999777.370655609     
 b_n=   5.6526428243916786E-008   0.4725123666270733      
   0.9188664383769507     
 b_para_n=   0.9787052218894812     
 dxdt=   7.7421681949298663E-003    7.891374921963446      
    13.98017610129850     
 dudt=    8539.124739081610     
 ---------------------
 rk4
 istep=     10000001
 grad_b=  -0.4955726387282535        3.0887611711229862E-003 
  -2.6847692123580236E-003
 bsub=   9.8618359844375586E-003   4.1473880652801338E-002 
    1.022710250206051     
 bsup=    0.000000000000000        0.4310197224517396      
   0.9193112325332529     
 b_abs=   0.9785890788695875     
 g=  -1.6739685641827026E-002
 j=    0.000000000000000         501.0893270951074      
    37.91746006275005     
 v_perp_2=    3999302.716855059     
 b_n=   5.6355286271233750E-008   0.4310284561675174      
   0.9193108778328636     
 b_para_n=   0.9785890788911783     
 dxdt=   4.3624996739123597E-003    12.30664861662024      
    24.77911519171089     
 dudt=    2373.809348718511     
 ---------------------
 rk4
 istep=     11000001
 grad_b=  -0.4909837328245710        9.1663396726643365E-005 
   2.6099926549300878E-003
 bsub=   1.0646092870501406E-002   4.0698118956045568E-002 
    1.024717398525548     
 bsup=    0.000000000000000        0.3835462659031792      
   0.9198229228919055     
 b_abs=   0.9786241860937512     
 g=  -1.6984331077590828E-002
 j=    0.000000000000000         282.7910841476420      
    32.95131141697718     
 v_perp_2=    3999446.193233399     
 b_n=  -1.8605570520458733E-010   0.3835538813520489      
   0.9198226204493484     
 b_para_n=   0.9786241861083768     
 dxdt=  -1.6159876530370614E-005    9.884617877066903      
    22.09282841544505     
 dudt=   -5086.222200146869     
 ---------------------
 rk4
 istep=     12000001
 grad_b=  -0.4877002361241008       -1.9040437813559810E-003 
   5.7480095300820183E-003
 bsub=   1.1151597373431119E-002   4.0091614364802901E-002 
    1.026129730547326     
 bsup=    0.000000000000000        0.3546316179427489      
   0.9201468930107413     
 b_abs=   0.9787438278318936     
 g=  -1.7133000283455279E-002
 j=    0.000000000000000         98.14324340994915      
    44.04115469634050     
 v_perp_2=    3999935.145684116     
 b_n=  -1.1212315251918369E-008   0.3546341871966172      
   0.9201467927552054     
 b_para_n=   0.9787438278373231     
 dxdt=  -2.8450759178982698E-003    3.569884313800238      
    7.545634746505127     
 dudt=   -9632.558780293341     
 ---------------------
 rk4
 istep=     13000001
 grad_b=  -0.4879889460805634       -1.5006859560743879E-003 
   5.2323639539122446E-003
 bsub=   1.1127278538134371E-002   4.0144959175843993E-002 
    1.025919400443942     
 bsup=    0.000000000000000        0.3570576549412868      
   0.9201918483012326     
 b_abs=   0.9787276774411668     
 g=  -1.7115840862808294E-002
 j=    0.000000000000000         120.1680507006879      
    43.87933953723534     
 v_perp_2=    3999869.142186895     
 b_n=   1.2770912876750907E-008   0.3570540002542541      
   0.9201919911657674     
 b_para_n=   0.9787276774333421     
 dxdt=  -2.2814158075687087E-003   -3.520392612677862      
   -10.78066950418225     
 dudt=   -8933.650961114416     
 ---------------------
 rk4
 istep=     14000001
 grad_b=  -0.4913778113642195        1.0973036600900321E-003 
   1.2829728462567247E-003
 bsub=   1.0608752906479019E-002   4.0786798874315203E-002 
    1.024269627528823     
 bsup=    0.000000000000000        0.3887352324990977      
   0.9199644071946402     
 b_abs=   0.9786143933168323     
 g=  -1.6944546763816515E-002
 j=    0.000000000000000         328.5772775628471      
    36.55698792857919     
 v_perp_2=    3999406.172063836     
 b_n=  -1.6834836275719758E-008   0.3887273253293075      
   0.9199647222192070     
 b_para_n=   0.9786143932998237     
 dxdt=   1.4120869864423745E-003   -9.016703512055049      
   -22.93456015528407     
 dudt=   -3355.194040638970     
 ---------------------
 rk4
 istep=     15000001
 grad_b=  -0.4950075459871330        4.2755754998390003E-003 
  -4.1813636071956206E-003
 bsub=   9.9021880018479412E-003   4.1481810222597636E-002 
    1.022370507685472     
 bsup=    0.000000000000000        0.4332608647249715      
   0.9195858674568472     
 b_abs=   0.9786241890980122     
 g=  -1.6708437033251852E-002
 j=    0.000000000000000         533.3273487615990      
    47.75572119831115     
 v_perp_2=    3999446.205511020     
 b_n=  -6.9920679104748880E-008   0.4332530790365696      
   0.9195861840097852     
 b_para_n=   0.9786241890750937     
 dxdt=   6.0730309673483092E-003   -9.742344041878015      
   -22.14064812475434     
 dudt=    4160.794453055171     
 ---------------------
 rk4
 istep=     16000001
 grad_b=  -0.4965820016609803        6.3547016490867886E-003 
  -8.0942421214367372E-003
 bsub=   9.4275335119736424E-003   4.1846866805350789E-002 
    1.021250768329563     
 bsup=    0.000000000000000        0.4649925185505048      
   0.9193213955256170     
 b_abs=   0.9787385271419462     
 g=  -1.6541693173108413E-002
 j=    0.000000000000000         611.0795463771223      
    68.34811170058757     
 v_perp_2=    3999913.482797784     
 b_n=  -4.1933127830380650E-008   0.4649894046625043      
   0.9193215234960146     
 b_para_n=   0.9787385271297718     
 dxdt=   9.2125260599217641E-003   -3.734975373968669      
   -8.764906814719376     
 dudt=    9366.505685857683     
 ---------------------
 rk4
 istep=     17000001
 grad_b=  -0.4959985044456893        6.4637946273966435E-003 
  -8.1426125724833598E-003
 bsub=   9.4656217462670660E-003   4.1826909993103241E-002 
    1.021269948097119     
 bsup=    0.000000000000000        0.4632778314123305      
   0.9193747752064483     
 b_abs=   0.9787332187119542     
 g=  -1.6547590611704768E-002
 j=    0.000000000000000         612.2606272128478      
    69.34688435320228     
 v_perp_2=    3999891.788279683     
 b_n=   4.7659114026690524E-008   0.4632813086602974      
   0.9193746323645021     
 b_para_n=   0.9787332187257209     
 dxdt=   9.3623792541540993E-003    5.607028060719981      
    9.743531368645064     
 dudt=    9377.535427269471     
 ---------------------
 rk4
 istep=     18000001
 grad_b=  -0.4934553898697708        4.5839781163101515E-003 
  -4.3187073826874839E-003
 bsub=   1.0019993080190845E-002   4.1411202785150814E-002 
    1.022418797657590     
 bsup=    0.000000000000000        0.4282642698416813      
   0.9197528413452410     
 b_abs=   0.9786106808145557     
 g=  -1.6725261231856775E-002
 j=    0.000000000000000         529.4967981875532      
    51.20033018381713     
 v_perp_2=    3999390.999790696     
 b_n=   7.8423763777641615E-008   0.4282724011639310      
   0.9197525112564189     
 b_para_n=   0.9786106808397174     
 dxdt=   6.4956874666786211E-003    11.47316019197974      
    23.16635115406881     
 dudt=    4194.899879025664     
 ---------------------
 rk4
 istep=     19000001
 grad_b=  -0.4893135208414413        1.5527301024895190E-003 
   1.0653308270985179E-003
 bsub=   1.0813290714687916E-002   4.0639796404433236E-002 
    1.024331732800291     
 bsup=    0.000000000000000        0.3807018896155749      
   0.9202581501700110     
 b_abs=   0.9785991126895186     
 g=  -1.6970550027081310E-002
 j=    0.000000000000000         304.4555412504323      
    44.20042039610475     
 v_perp_2=    3999343.723119620     
 b_n=   2.5514398458560004E-008   0.3807101552795746      
   0.9202578219843791     
 b_para_n=   0.9785991127097923     
 dxdt=   2.0358145202852467E-003    10.62558185984236      
    24.06445644475542     
 dudt=   -3281.446485673706     
 ---------------------
 rk4
 istep=     20000001
 grad_b=  -0.4856769785929414       -9.4750543177906515E-004 
   4.9461909972777773E-003
 bsub=   1.1425210063661227E-002   3.9899135172924462E-002 
    1.025998385565466     
 bsup=    0.000000000000000        0.3458988534682962      
   0.9206260215894744     
 b_abs=   0.9787191069845519     
 g=  -1.7150685773173822E-002
 j=    0.000000000000000         69.37747162904230      
    57.18644180471884     
 v_perp_2=    3999834.116401592     
 b_n=  -9.5917137355722857E-009   0.3459029408503926      
   0.9206258627560919     
 b_para_n=   0.9787191069954124     
 dxdt=  -1.5218940666462601E-003    5.200433848208077      
    12.08989392649031     
 dudt=   -8822.873266945095     
 ---------------------
 rk4
 istep=     21000001
 grad_b=  -0.4849669737035791       -1.2511799565454035E-003 
   5.4395145238772674E-003
 bsub=   1.1549621138711524E-002   3.9749860395921141E-002 
    1.026254266292474     
 bsup=    0.000000000000000        0.3397381153038073      
   0.9207425644743140     
 b_abs=   0.9787496181302744     
 g=  -1.7179154343225020E-002
 j=    0.000000000000000         26.64937728628303      
    62.02311180921711     
 v_perp_2=    3999958.809503739     
 b_n=   6.1208706230043420E-009   0.3397360844793462      
   0.9207426430598258     
 b_para_n=   0.9787496181245748     
 dxdt=  -1.9488461253927439E-003   -1.581173439444781      
   -6.062633809255658     
 dudt=   -9568.908472459079     
 ---------------------
 rk4
 istep=     22000001
 grad_b=  -0.4874565955942495        9.1862117609203819E-004 
   2.3355386518017079E-003
 bsub=   1.1145398234433970E-002   4.0299400682380866E-002 
    1.024917483440648     
 bsup=    0.000000000000000        0.3640444314317413      
   0.9206010547858882     
 b_abs=   0.9786421164754167     
 g=  -1.7046005902483841E-002
 j=    0.000000000000000         210.8234537467911      
    51.46723944475076     
 v_perp_2=    3999519.471205714     
 b_n=  -1.1903346391767326E-008   0.3640374130496295      
   0.9206013308580890     
 b_para_n=   0.9786421164569880     
 dxdt=   1.1098585370291302E-003   -7.499983396023548      
   -20.64662594279056     
 dudt=   -5187.668433261171     
 ---------------------
 rk4
 istep=     23000001
 grad_b=  -0.4909945247648256        4.1985924491355076E-003 
  -2.9547861490747673E-003
 bsub=   1.0447724436410264E-002   4.1071567576142567E-002 
    1.022992307597550     
 bsup=    0.000000000000000        0.4064243716996591      
   0.9202623173855680     
 b_abs=   0.9786046320867741     
 g=  -1.6819411406392617E-002
 j=    0.000000000000000         465.6007669540537      
    52.13217196406467     
 v_perp_2=    3999366.279819625     
 b_n=  -7.2209887031883071E-008   0.4064161596699779      
   0.9202626477994490     
 b_para_n=   0.9786046320617360     
 dxdt=   5.8632636782868968E-003   -9.788149115822208      
   -23.69982162885676     
 dudt=    2114.738359821501     
 ---------------------
 rk4
 istep=     24000001
 grad_b=  -0.4930527608070687        6.7621153669076145E-003 
  -7.5853632043589858E-003
 bsub=   9.8665038081461320E-003   4.1574658518859539E-002 
    1.021624202365486     
 bsup=    0.000000000000000        0.4434990351531137      
   0.9199496128499696     
 b_abs=   0.9787102532389087     
 g=  -1.6623649380728321E-002
 j=    0.000000000000000         605.6306562024548      
    70.07129268432963     
 v_perp_2=    3999797.932869557     
 b_n=  -6.7463564865368002E-008   0.4434943314454537      
   0.9199498048992498     
 b_para_n=   0.9787102532200302     
 dxdt=   9.6988277239133999E-003   -5.765283702398055      
   -13.38918933409184     
 dudt=    8307.899129508314     
 ---------------------
 rk4
 istep=     25000001
 grad_b=  -0.4930491594494626        7.4693484815965411E-003 
  -8.8263287686922709E-003
 bsub=   9.7462091364267298E-003   4.1668180531933857E-002 
    1.021321790288535     
 bsup=    0.000000000000000        0.4520278756861237      
   0.9199056487633139     
 b_abs=   0.9787537548857692     
 g=  -1.6576813333477141E-002
 j=    0.000000000000000         630.3705980856830      
    77.33429217597927     
 v_perp_2=    3999975.715616382     
 b_n=   2.5960063471074514E-008   0.4520295102494142      
   0.9199055818350210     
 b_para_n=   0.9787537548928870     
 dxdt=   1.0764686805241898E-002    2.953687414174511      
    4.603870140095510     
 dudt=    9902.318579936784     
 ---------------------
 rk4
 istep=     26000001
 grad_b=  -0.4912166634013572        6.0680662666154836E-003 
  -5.9476493513018203E-003
 bsub=   1.0174811978655059E-002   4.1346868957147398E-002 
    1.022144529394163     
 bsup=    0.000000000000000        0.4255794532838615      
   0.9201979318432820     
 b_abs=   0.9786446494713814     
 g=  -1.6710554801913788E-002
 j=    0.000000000000000         562.7228651052295      
    63.80319452670835     
 v_perp_2=    3999529.823065839     
 b_n=   9.1397698181700570E-008   0.4255865691736426      
   0.9201976431131320     
 b_para_n=   0.9786446494977172     
 dxdt=   8.6151057729149261E-003    10.10017346583811      
    20.36135831364743     
 dudt=    6035.488533092547     
 ---------------------
 rk4
 istep=     27000001
 grad_b=  -0.4876847705955564        3.1437104191354912E-003 
  -7.0858793208648796E-004
 bsub=   1.0944336026181573E-002   4.0616315243543678E-002 
    1.023876795615566     
 bsup=    0.000000000000000        0.3798663269842486      
   0.9206784255533906     
 b_abs=   0.9785836776643713     
 g=  -1.6946297593960352E-002
 j=    0.000000000000000         343.5820615388481      
    54.84044214511748     
 v_perp_2=    3999280.643181411     
 b_n=   5.6150548251425173E-008   0.3798749604309664      
   0.9206780824964274     
 b_para_n=   0.9785836776901838     
 dxdt=   4.2794892811302805E-003    11.06928613385505      
    25.20762492486687     
 dudt=   -1131.361642106498     
 ---------------------
 rk4
 istep=     28000001
 grad_b=  -0.4839263331766992        2.0399102132641345E-004 
   3.8417199183165274E-003
 bsub=   1.1650136176315082E-002   3.9766900199499966E-002 
    1.025720800181281     
 bsup=    0.000000000000000        0.3399574411802299      
   0.9210822772488044     
 b_abs=   0.9786831341262214     
 g=  -1.7153761092348230E-002
 j=    0.000000000000000         63.23232368692641      
    68.33179459566171     
 v_perp_2=    3999687.102344520     
 b_n=   6.3596001324983710E-010   0.3399630323509009      
   0.9210820604903224     
 b_para_n=   0.9786831341438487     
 dxdt=   7.3476848016522779E-005    6.790443100334383      
    16.62277854279221     
 dudt=   -7532.946944224296     
 ---------------------
 rk4
 istep=     29000001
 grad_b=  -0.4823287696271887       -9.0237363457702779E-004 
   5.4208836148204320E-003
 bsub=   1.1936206114022858E-002   3.9383390097588303E-002 
    1.026467964777779     
 bsup=    0.000000000000000        0.3247079409843823      
   0.9212647170196171     
 b_abs=   0.9787596337034219     
 g=  -1.7230829000097158E-002
 j=    0.000000000000000        -56.70759365426153      
    79.79878487797311     
 v_perp_2=    3999999.741197284     
 b_n=   3.6747882174883954E-010   0.3247077813351519      
   0.9212647231402145     
 b_para_n=   0.9787596337028657     
 dxdt=  -1.4760527367360080E-003   0.4724925190565544      
  -0.5034294290621880     
 dudt=   -9814.625836990515     
 ---------------------
 Elapsed time (seconds):     164.0794640000000     

real	2m44.091s
user	2m43.679s
sys	0m0.018s
>>> [PID 3671892] DONE  u=0, v_perp=2000, out=gc_grid/dat253.dat
