>>> [PID 3655651] START u=2000, v_perp=0, out=gc_grid/dat215.dat, dt=2e-09, steps=30000000
 outer boundary:   8.3000000000000462E-002
 rk4
 istep=            1
 grad_b=  -0.5028824642983684        4.9320157025875000E-003 
  -7.9834555957258996E-003
 bsub=   8.6923644613592921E-003   4.2252351091569350E-002 
    1.020727025170996     
 bsup=    0.000000000000000        0.5003161267232945      
   0.9181485509014519     
 b_abs=   0.9787596771569846     
 g=  -1.6418715055641020E-002
 j=    0.000000000000000         576.0999478231112      
    59.09676187975182     
 v_perp_2=    0.000000000000000     
 b_n=   7.1455499779561909E-006   0.5009988777191237      
   0.9181202302324999     
 b_para_n=   0.9787596794806791     
 dxdt=   1.4601234864410341E-002    1023.742371538944      
    1876.089196317621     
 dudt=    0.000000000000000     
 ---------------------
 rk4
 istep=      1000001
 grad_b=  -0.5558594241657870       -0.1590002735216976      
  -0.3097765049895073     
 bsub=   5.6949719537143423E-002  -2.7021375922466097E-002 
    1.500872073913238     
 bsup=    0.000000000000000        -1.218780913786081      
   0.9411916895913199     
 b_abs=    1.202341382185022     
 g=  -1.5411047099176414E-002
 j=    0.000000000000000        -795.1560799968538      
    549.6940663305754     
 v_perp_2=    0.000000000000000     
 b_n=  -2.3198110353315267E-004   -1.218013984484614      
   0.9412143119424973     
 b_para_n=    1.202341397581135     
 dxdt=  -0.3858822527442727        -2026.070111093254      
    1565.635706856685     
 dudt=    0.000000000000000     
 ---------------------
 rk4
 istep=      2000001
 grad_b=  -0.8555909447853706        6.1566933319862648E-002 
   7.4239054921389172E-002
 bsub=  -2.0082020986166741E-002  -9.8595182078720367E-002 
   0.9487336372292121     
 bsup=    0.000000000000000       -0.5152004136403827      
   0.9931579553471560     
 b_abs=   0.9964614243136655     
 g=  -1.3399905899184428E-002
 j=    0.000000000000000        -119.2633827193633      
   -232.3876595583936     
 v_perp_2=    0.000000000000000     
 b_n=   1.0336389363100624E-004  -0.5139262808173846      
   0.9932925490849122     
 b_para_n=   0.9964614187869213     
 dxdt=   0.2074619080723467        -1031.502617418006      
    1993.639754350215     
 dudt=   -0.000000000000000     
 ---------------------
 rk4
 istep=      3000001
 grad_b=  -0.7952757397420888        0.1146396564922302      
  -8.7720868584970191E-002
 bsub=  -1.0591004933528252E-002  -6.5371928714425181E-002 
    1.164931894286045     
 bsup=    0.000000000000000       -0.6118266980533711      
   0.8879914922125232     
 b_abs=    1.036681264274221     
 g=  -2.0624035393370713E-002
 j=    0.000000000000000         822.1715356896693      
    284.6797376290263     
 v_perp_2=    0.000000000000000     
 b_n=   1.2065268506737587E-004  -0.6109512584615453      
   0.8880417218061297     
 b_para_n=    1.036681271072700     
 dxdt=   0.2327671743168103        -1178.667495033197      
    1713.239636107699     
 dudt=    0.000000000000000     
 ---------------------
 rk4
 istep=      4000001
 grad_b=   0.6405781356666410       -7.2582753456503529E-002 
   0.1428934364399054     
 bsub=   8.9929225285883194E-002   4.9397529724359845E-003 
    1.656130678782661     
 bsup=    0.000000000000000       -0.8454206837351006      
    1.010335078836700     
 b_abs=    1.291903084273419     
 g=  -1.3532536097693820E-002
 j=    0.000000000000000         318.0099471114418      
    668.2267634278714     
 v_perp_2=    0.000000000000000     
 b_n=  -1.1201034376135457E-004  -0.8463915479710052      
    1.010344070511102     
 b_para_n=    1.291903101732079     
 dxdt=  -0.1734036300573629        -1310.301905516338      
    1564.117415859617     
 dudt=   -0.000000000000000     
 ---------------------
 rk4
 istep=      5000001
 grad_b=   0.3996590022995209       -8.6760522546475732E-002 
  -0.1649288446540878     
 bsub=   3.4689515716424861E-002   6.4011081378683179E-002 
    1.165658592798132     
 bsup=    0.000000000000000       -0.3952400095611545      
    1.139830986458410     
 b_abs=    1.141562189003164     
 g=  -8.3668973919213182E-003
 j=    0.000000000000000        0.5799839475293993      
    37.72976986924267     
 v_perp_2=    0.000000000000000     
 b_n=  -1.7381023929060433E-004  -0.3961449601560986      
    1.139885854387506     
 b_para_n=    1.141562189891258     
 dxdt=  -0.3045129574713068        -694.0400858823716      
    1997.063085097602     
 dudt=    0.000000000000000     
 ---------------------
 rk4
 istep=      6000001
 grad_b=   -1.093771649555268       -0.1156442989088432      
   0.1583031246877330     
 bsub=  -3.5457400135912559E-002  -0.1693675849780099      
    1.422686484938868     
 bsup=    0.000000000000000       -0.9972701922221299      
   0.8711264343983082     
 b_abs=    1.186837293165038     
 g=  -2.0206293236907043E-002
 j=    0.000000000000000         654.7704625932630      
   -10.79462350382043     
 v_perp_2=    0.000000000000000     
 b_n=  -1.0123623873508639E-004  -0.9961303902480716      
   0.8712596001652488     
 b_para_n=    1.186837290808362     
 dxdt=  -0.1705983448938208        -1678.630083437304      
    1468.203951650068     
 dudt=   -0.000000000000000     
 ---------------------
 rk4
 istep=      7000001
 grad_b=   4.3535702907975371E-002  -8.0878461521153439E-003 
   9.0896046403911523E-002
 bsub=  -2.9430188012984311E-002   2.1080474439523482E-002 
   0.9931306420675778     
 bsup=    0.000000000000000        0.1811678972615529      
    1.058994927535341     
 b_abs=    1.027411968265373     
 g=  -1.4019987177170925E-002
 j=    0.000000000000000         794.1805210048364      
   -218.3872507319107     
 v_perp_2=    0.000000000000000     
 b_n=  -1.4065126806186726E-005   0.1811030073481253      
    1.058995882947270     
 b_para_n=    1.027411963280058     
 dxdt=  -2.7379721686874636E-002    352.5421424331988      
    2061.482483747569     
 dudt=   -0.000000000000000     
 ---------------------
 rk4
 istep=      8000001
 grad_b=   0.4034902696979902       -6.8003680332993949E-002 
  -0.1938011567568866     
 bsub=   2.2954833181242768E-002   0.1741341422401617      
    2.084961794666947     
 bsup=    0.000000000000000        -1.617832463212888      
    1.079088220063374     
 b_abs=    1.402466186402826     
 g=  -7.3206886755716061E-003
 j=    0.000000000000000        -1834.544673698175      
    363.4673624429431     
 v_perp_2=    0.000000000000000     
 b_n=  -1.5698744294943620E-004   -1.619061383006215      
    1.079192590672636     
 b_para_n=    1.402466192262603     
 dxdt=  -0.2238734078803965        -2308.877592826931      
    1538.992663960863     
 dudt=    0.000000000000000     
 ---------------------
 rk4
 istep=      9000001
 grad_b=  -0.4808146582009294       -8.2318007722441272E-003 
  -2.5439554136448148E-002
 bsub=   2.8738182541080334E-002  -5.8672198616955509E-002 
   0.9081688893260014     
 bsup=    0.000000000000000       -0.3209775387448059      
    1.046003113264598     
 b_abs=   0.9839991420104924     
 g=  -1.4973281918751177E-002
 j=    0.000000000000000         485.5462786284280      
   -90.62473168853234     
 v_perp_2=    0.000000000000000     
 b_n=  -1.2943086248160933E-005  -0.3203484013285817      
    1.046044164963566     
 b_para_n=   0.9839991390019934     
 dxdt=  -2.6307108888912783E-002   -651.1152065711974      
    2126.107886688805     
 dudt=    0.000000000000000     
 ---------------------
 rk4
 istep=     10000001
 grad_b=   -1.109359146838965        9.7175737654029704E-002 
  -0.1256599269120109     
 bsub=   9.3795883041235661E-003  -0.1017530414452492      
    1.238509752626701     
 bsup=    0.000000000000000       -0.7447818000823783      
   0.8671180020458654     
 b_abs=    1.072240611353338     
 g=  -2.0623811869629218E-002
 j=    0.000000000000000        -1224.841816651540      
    380.5885142461371     
 v_perp_2=    0.000000000000000     
 b_n=   9.4918594093680123E-005  -0.7435704739547702      
   0.8672168146992471     
 b_para_n=    1.072240624983269     
 dxdt=   0.1770471886292524        -1386.947027802407      
    1617.578730917380     
 dudt=    0.000000000000000     
 ---------------------
 rk4
 istep=     11000001
 grad_b=   0.7213961624258316        2.0337790344585667E-002 
   0.1607063252816107     
 bsub=   3.1032603336271912E-002   0.1078001359646116      
    1.523467097317825     
 bsup=    0.000000000000000       -0.4457806849922374      
    1.093175748404595     
 b_abs=    1.271923730247272     
 g=  -8.6012729702660117E-003
 j=    0.000000000000000         468.1261171187587      
   -38.28110035182139     
 v_perp_2=    0.000000000000000     
 b_n=   2.0539297634432868E-005  -0.4474257030647488      
    1.093291730969575     
 b_para_n=    1.271923730119595     
 dxdt=   3.2296429649129384E-002   -703.5417179026584      
    1719.115234789708     
 dudt=   -0.000000000000000     
 ---------------------
 rk4
 istep=     12000001
 grad_b=   0.7532942787198375       -3.5061070123435387E-002 
  -0.1617700561511221     
 bsub=  -6.4938505341019283E-003   9.5010860250081250E-002 
    1.360032042224780     
 bsup=    0.000000000000000       -0.2329554746275505      
    1.122612162295985     
 b_abs=    1.226379940306793     
 g=  -8.1460353199066440E-003
 j=    0.000000000000000        -247.9544733617863      
    195.9531106876715     
 v_perp_2=    0.000000000000000     
 b_n=  -5.5185420019265287E-005  -0.2347033064078201      
    1.122734004898631     
 b_para_n=    1.226379944553895     
 dxdt=  -8.9997264329594720E-002   -382.7579005186606      
    1830.972546288717     
 dudt=    0.000000000000000     
 ---------------------
 rk4
 istep=     13000001
 grad_b=   -1.093363881038806       -0.1165093280204308      
   0.1421039470669463     
 bsub=  -2.0173608405246912E-002  -0.1345548749279060      
    1.329246111601082     
 bsup=    0.000000000000000       -0.8397102927070909      
   0.8642941039765085     
 b_abs=    1.123348484677756     
 g=  -2.0539113689027201E-002
 j=    0.000000000000000        -40.76723859745761      
    355.1984471933005     
 v_perp_2=    0.000000000000000     
 b_n=  -1.0958514390174954E-004  -0.8385393706742694      
   0.8644109775320118     
 b_para_n=    1.123348494629525     
 dxdt=  -0.1951044478639555        -1492.928284825477      
    1538.989871201261     
 dudt=   -0.000000000000000     
 ---------------------
 rk4
 istep=     14000001
 grad_b=  -0.2628633372142195        1.2859226639860957E-002 
   5.0251363167205770E-002
 bsub=  -3.6057051541808952E-002  -2.8343974152723356E-002 
   0.9227157761813777     
 bsup=    0.000000000000000       -0.1323592628477119      
    1.073772831819350     
 b_abs=   0.9975906951769505     
 g=  -1.4230338593073003E-002
 j=    0.000000000000000        -143.0143887126221      
   -114.7263778332358     
 v_perp_2=    0.000000000000000     
 b_n=   1.9634629456408243E-005  -0.1320035961052712      
    1.073784521543149     
 b_para_n=   0.9975906924872378     
 dxdt=   3.9364099132589751E-002   -264.6448029224369      
    2152.755693551914     
 dudt=   -0.000000000000000     
 ---------------------
 rk4
 istep=     15000001
 grad_b=   0.3970400577093570        1.6138746012512167E-002 
   3.5143404593196564E-002
 bsub=  -4.9461582432203215E-003   0.1964489502326614      
    2.180343554092409     
 bsup=    0.000000000000000        -1.573813827919899      
    1.081622942993667     
 b_abs=    1.432398875050557     
 g=  -6.8790606665844675E-003
 j=    0.000000000000000         550.3469335578778      
   -506.7935420309367     
 v_perp_2=    0.000000000000000     
 b_n=   4.1928767213793461E-005   -1.575097376659628      
    1.081738677456729     
 b_para_n=    1.432398862275983     
 dxdt=   5.8543424346444300E-002   -2199.244104616093      
    1510.387512788053     
 dudt=   -0.000000000000000     
 ---------------------
 rk4
 istep=     16000001
 grad_b=  -0.2049416713606985       -9.5810659089187802E-003 
  -5.6757716192494465E-002
 bsub=   3.6404487031344884E-002  -1.7422035565066045E-002 
   0.9358180413945374     
 bsup=    0.000000000000000       -7.4869713232341151E-002 
    1.070689785487037     
 b_abs=    1.001823893717682     
 g=  -1.4330545964704178E-002
 j=    0.000000000000000        -603.1991015565139      
    64.93269932664634     
 v_perp_2=    0.000000000000000     
 b_n=  -1.4481742822973167E-005  -7.4593735901822014E-002 
    1.070695488687481     
 b_para_n=    1.001823895584859     
 dxdt=  -2.8910755446732092E-002   -148.9158648152919      
    2137.492414397672     
 dudt=    0.000000000000000     
 ---------------------
 rk4
 istep=     17000001
 grad_b=   -1.114877693853716        0.1131392430096478      
  -0.1471762458679252     
 bsub=   2.3441897035413224E-002  -0.1384991972727080      
    1.343643459657631     
 bsup=    0.000000000000000       -0.8613389116982031      
   0.8639335663405651     
 b_abs=    1.131504694420571     
 g=  -2.0582821110330912E-002
 j=    0.000000000000000         364.6136122555764      
    257.4590781804662     
 v_perp_2=    0.000000000000000     
 b_n=   1.0451538180399396E-004  -0.8601522640804382      
   0.8640540645036253     
 b_para_n=    1.131504700487721     
 dxdt=   0.1847369821070012        -1520.368874666946      
    1527.265532580086     
 dudt=    0.000000000000000     
 ---------------------
 rk4
 istep=     18000001
 grad_b=   0.7140443857529706        5.1705961760293601E-002 
   0.1639487147569176     
 bsub=  -4.1322840705305744E-003   9.2792604466920919E-002 
    1.321373572193099     
 bsup=    0.000000000000000       -0.2688007731969513      
    1.132166966729648     
 b_abs=    1.212859061144811     
 g=  -8.0593811612146484E-003
 j=    0.000000000000000        -625.4964815129930      
    21.27595074272004     
 v_perp_2=    0.000000000000000     
 b_n=   9.3729778492006600E-005  -0.2704671381812825      
    1.132284278759670     
 b_para_n=    1.212859060609886     
 dxdt=   0.1545600499449203        -445.9992870816798      
    1867.132489722756     
 dudt=   -0.000000000000000     
 ---------------------
 rk4
 istep=     19000001
 grad_b=   0.7351614807446728       -4.2526657422255667E-003 
  -0.1628655273579109     
 bsub=  -4.7453982462557817E-002   9.8506764651172293E-002 
    1.572438017777086     
 bsup=    0.000000000000000       -0.5121644179929286      
    1.072793382843805     
 b_abs=    1.279481110357267     
 g=  -9.3863673516199272E-003
 j=    0.000000000000000        -792.1187704950869      
   -69.49961155813708     
 v_perp_2=    0.000000000000000     
 b_n=   1.2739881312227758E-005  -0.5137279565914872      
    1.072891714120403     
 b_para_n=    1.279481107348862     
 dxdt=   1.9914137440646261E-002   -803.0254665595692      
    1677.073163422443     
 dudt=    0.000000000000000     
 ---------------------
 rk4
 istep=     20000001
 grad_b=   -1.059919072338436       -0.1036366493436824      
   0.1190087094655167     
 bsub=  -5.4918613449055943E-003  -9.7597521567224454E-002 
    1.224642252140344     
 bsup=    0.000000000000000       -0.7254088078938025      
   0.8699775870542747     
 b_abs=    1.065858850421260     
 g=  -2.0584868514163367E-002
 j=    0.000000000000000        -992.8742474632102      
    377.6103079366825     
 v_perp_2=    0.000000000000000     
 b_n=  -1.0316182631656909E-004  -0.7242480731703939      
   0.8700696401248198     
 b_para_n=    1.065858863366570     
 dxdt=  -0.1935750217260983        -1358.994324788592      
    1632.616981532921     
 dudt=   -0.000000000000000     
 ---------------------
 rk4
 istep=     21000001
 grad_b=  -0.5656940010784288        7.2666438866322361E-003 
   1.5954816489871938E-002
 bsub=  -2.3406210449033439E-002  -7.1763143118001332E-002 
   0.8999689135478977     
 bsup=    0.000000000000000       -0.3720506687340102      
    1.041847905555835     
 b_abs=   0.9816211482560899     
 g=  -1.4714190089870767E-002
 j=    0.000000000000000        -92.59547294817503      
    123.1164461160313     
 v_perp_2=    0.000000000000000     
 b_n=   1.1340452011408595E-005  -0.3712999258855917      
    1.041908067910847     
 b_para_n=   0.9816211514607825     
 dxdt=   2.3105557565731950E-002   -756.5035152982352      
    2122.831331334598     
 dudt=   -0.000000000000000     
 ---------------------
 rk4
 istep=     22000001
 grad_b=   0.3787385629691876        8.2586099607521404E-002 
   0.2149930350604045     
 bsub=  -3.9480553158043025E-002   0.1394217596484457      
    1.979813551093044     
 bsup=    0.000000000000000        -1.666270612946527      
    1.072425048444386     
 b_abs=    1.374832998321173     
 g=  -8.3347236730884639E-003
 j=    0.000000000000000        -1144.663976648744      
    236.9537166954372     
 v_perp_2=    0.000000000000000     
 b_n=   1.7734353930783493E-004   -1.667277769861492      
    1.072499513602931     
 b_para_n=    1.374833002626871     
 dxdt=   0.2579855720207291        -2425.425875980358      
    1560.188781551976     
 dudt=   -0.000000000000000     
 ---------------------
 rk4
 istep=     23000001
 grad_b=   1.0721436193430051E-002   3.7370330173547420E-002 
  -0.1018910254020692     
 bsub=   1.8437486093180955E-002   3.4695193024984985E-002 
    1.027504726566993     
 bsup=    0.000000000000000        0.3523716131098840      
    1.016073737577991     
 b_abs=    1.027969396623787     
 g=  -1.4226992620957798E-002
 j=    0.000000000000000         359.1059875071068      
   -207.6809262209840     
 v_perp_2=    0.000000000000000     
 b_n=   5.8359583176035344E-005   0.3523536761038338      
    1.016073291044299     
 b_para_n=    1.027969391624258     
 dxdt=   0.1135434258092518         685.5334000696115      
    1976.855146316833     
 dudt=    0.000000000000000     
 ---------------------
 rk4
 istep=     24000001
 grad_b=   -1.190201974052568        6.8137517391038585E-002 
  -0.1852398344867156     
 bsub=   4.7818697873376378E-002  -0.1531743986613275      
    1.444033165849349     
 bsup=    0.000000000000000        -1.035823586431560      
   0.8752087951271696     
 b_abs=    1.192710990351299     
 g=  -2.0821845714518179E-002
 j=    0.000000000000000         279.0586884119627      
   -163.4319288542289     
 v_perp_2=    0.000000000000000     
 b_n=   4.9459716888659528E-005   -1.034615792886438      
   0.8753352685421985     
 b_para_n=    1.192710985199319     
 dxdt=   8.2936633438307913E-002   -1734.897734195915      
    1467.807841806567     
 dudt=    0.000000000000000     
 ---------------------
 rk4
 istep=     25000001
 grad_b=  -0.1385594335423782        0.1224503237415053      
   0.1593428623954933     
 bsub=  -5.4723762308891477E-002   2.0018409175858246E-003 
    1.038596378137528     
 bsup=    0.000000000000000       -0.5884581599748016      
    1.116965633713057     
 b_abs=    1.075966584646675     
 g=  -8.8337899853244209E-003
 j=    0.000000000000000        -753.2016586578401      
    26.94140910815136     
 v_perp_2=    0.000000000000000     
 b_n=   2.5953615611357876E-004  -0.5881815999777985      
    1.116978776270651     
 b_para_n=    1.075966585247917     
 dxdt=   0.4824241935984996        -1093.308301655620      
    2076.233205724106     
 dudt=   -0.000000000000000     
 ---------------------
 rk4
 istep=     26000001
 grad_b=   0.2284942460044815        0.1823835986877984      
  -0.1137884119834504     
 bsub=  -6.0041386951930668E-002  -0.1304572391932161      
    1.459033945992962     
 bsup=    0.000000000000000       -0.8530639849869117      
   0.9361221938045945     
 b_abs=    1.215287016778635     
 g=  -1.8603305717949097E-002
 j=    0.000000000000000        -743.4134787331787      
   -258.1768908326005     
 v_perp_2=    0.000000000000000     
 b_n=   1.9133780529271879E-004  -0.8533126729802116      
   0.9361078274402569     
 b_para_n=    1.215287011799211     
 dxdt=   0.3148849669831433        -1404.298185853064      
    1540.554319023562     
 dudt=    0.000000000000000     
 ---------------------
 rk4
 istep=     27000001
 grad_b=  -0.2457713014968218       -0.1885183602316005      
   0.1116085096098127     
 bsub=   2.4049211287898279E-002  -7.2373565873859291E-002 
    1.262273604734894     
 bsup=    0.000000000000000       -0.5446755675665661      
   0.9082905917143009     
 b_abs=    1.088945804908886     
 g=  -2.0523053554520231E-002
 j=    0.000000000000000        -340.1827206824710      
   -10.38240552150473     
 v_perp_2=    0.000000000000000     
 b_n=  -1.9764285097504267E-004  -0.5444065475212879      
   0.9083097819854012     
 b_para_n=    1.088945805164204     
 dxdt=  -0.3629985074330486        -999.8781297278538      
    1668.236890537332     
 dudt=   -0.000000000000000     
 ---------------------
 rk4
 istep=     28000001
 grad_b=  -0.2505480164220339       -0.1512907899242056      
  -0.1927424176947533     
 bsub=   5.6173753267365234E-002  -1.4735812358058938E-002 
    1.115101685821054     
 bsup=    0.000000000000000       -0.6172682893259906      
    1.056615349636392     
 b_abs=    1.089690015611871     
 g=  -1.0175380093086783E-002
 j=    0.000000000000000        -293.2102465931682      
    232.3602959493186     
 v_perp_2=    0.000000000000000     
 b_n=  -2.9706224988553843E-004  -0.6168032350280364      
    1.056636465567629     
 b_para_n=    1.089690021444832     
 dxdt=  -0.5452234012231486        -1132.070997970983      
    1939.334021186362     
 dudt=    0.000000000000000     
 ---------------------
 rk4
 istep=     29000001
 grad_b=   -1.259133722441933        2.7752771462721121E-002 
   0.2198714157828882     
 bsub=  -3.9441201273716024E-002  -9.5413226371518306E-002 
    1.341201098943929     
 bsup=    0.000000000000000       -0.9409893110893508      
   0.8697066027414839     
 b_abs=    1.120733574572569     
 g=  -2.0260110183015628E-002
 j=    0.000000000000000         1679.872574668119      
   -603.7408954094323     
 v_perp_2=    0.000000000000000     
 b_n=   4.7852867793535166E-005  -0.9396079027328488      
   0.8698062665770920     
 b_para_n=    1.120733554267138     
 dxdt=   8.5395618987827604E-002   -1676.773037008373      
    1552.208842619813     
 dudt=   -0.000000000000000     
 ---------------------
 Elapsed time (seconds):     154.8689480000000     

real	2m34.880s
user	2m34.591s
sys	0m0.016s
>>> [PID 3655651] DONE  u=2000, v_perp=0, out=gc_grid/dat215.dat
