>>> [PID 3691238] START u=500, v_perp=4000, out=gc_grid/dat296.dat, dt=2e-09, steps=30000000
 outer boundary:   8.3000000000000462E-002
 rk4
 istep=            1
 grad_b=  -0.5028826178893417        4.9321702831824077E-003 
  -7.9837810735583770E-003
 bsub=   8.6923228851101680E-003   4.2252374539464857E-002 
    1.020726933151195     
 bsup=    0.000000000000000        0.5003191069525644      
   0.9181485235059823     
 b_abs=   0.9787596920611561     
 g=  -1.6418699923363898E-002
 j=    0.000000000000000         576.0999600164484      
    59.09903768832635     
 v_perp_2=    15999999.91878377     
 b_n=   1.7864463350014101E-006   0.5004897949172770      
   0.9181414433248410     
 b_para_n=   0.9787596926420958     
 dxdt=   3.0116033845052664E-002    258.4657757120472      
    468.9174579321174     
 dudt=    40607.82743279928     
 ---------------------
 rk4
 istep=      1000001
 grad_b=  -0.4873841016441636       -6.1684731855643431E-002 
   5.2743701271856111E-002
 bsub=   1.7074571466028619E-002   1.4366210808752920E-002 
    1.080520455886844     
 bsup=    0.000000000000000       -7.2837447213159656E-002 
   0.9150202829977975     
 b_abs=   0.9937878891124232     
 g=  -1.9361657222807378E-002
 j=    0.000000000000000         785.9459337810802      
    376.1814990047426     
 v_perp_2=    16245669.15752388     
 b_n=  -2.4270167362109467E-006  -7.2818453287894602E-002 
   0.9150200691501329     
 b_para_n=   0.9937878894783843     
 dxdt=  -0.3016004420817983        -2.463081049690554      
    60.56649088880536     
 dudt=   -433890.1984460298     
 ---------------------
 rk4
 istep=      2000001
 grad_b=  -0.4912352871753463       -2.7266858030980459E-003 
   6.5359152487530492E-003
 bsub=   1.1236794226372099E-002   3.9874612555409916E-002 
    1.026300410828794     
 bsup=    0.000000000000000        0.3525797472212073      
   0.9209097373161246     
 b_abs=   0.9791475144579529     
 g=  -1.7114190643655897E-002
 j=    0.000000000000000         57.76946285398964      
    48.68544742648152     
 v_perp_2=    16006339.73061390     
 b_n=   9.6275966698337532E-007   0.3524210517515522      
   0.9209158921958768     
 b_para_n=   0.9791475141041591     
 dxdt=  -1.6427234386607009E-002   -175.0389610092963      
   -464.3650584923108     
 dudt=   -42219.34092808190     
 ---------------------
 rk4
 istep=      3000001
 grad_b=  -0.3801253970809175        4.0394468181312433E-002 
  -6.8607798065260267E-002
 bsub=   1.6859016067590328E-003   3.9512517096437577E-002 
    1.031651779153902     
 bsup=    0.000000000000000        0.8969501176694725      
   0.9183209006899157     
 b_abs=   0.9912510741452678     
 g=  -1.4623568615219358E-002
 j=    0.000000000000000        -282.2373512022341      
    31.54916335207054     
 v_perp_2=    16204199.28089399     
 b_n=  -6.9157173930152741E-006   0.8968890321787286      
   0.9183232515218898     
 b_para_n=   0.9912510740840039     
 dxdt=   0.2656214375562105        -191.3052321320824      
   -198.3557022512089     
 dudt=    220756.5070750899     
 ---------------------
 rk4
 istep=      4000001
 grad_b=  -0.4044683048224889        3.7399985012573501E-002 
  -6.4893067002740362E-002
 bsub=   2.5757869162721771E-003   3.9895229672590488E-002 
    1.026789602107652     
 bsup=    0.000000000000000        0.9333466970337571      
   0.9174677602486068     
 b_abs=   0.9895449210481760     
 g=  -1.4459075976830417E-002
 j=    0.000000000000000        -91.34797296824752      
    11.95586680612490     
 v_perp_2=    16176308.42061565     
 b_n=   8.2220591310548264E-006   0.9334299660036338      
   0.9174645042925539     
 b_para_n=   0.9895449210796351     
 dxdt=   0.2498184677061324         258.5751154815294      
    251.5900671069987     
 dudt=    203444.2210731927     
 ---------------------
 rk4
 istep=      5000001
 grad_b=  -0.4727396742364844       -1.1500816966455135E-002 
   1.7043127083223003E-002
 bsub=   1.3332213729783556E-002   3.6419628024677318E-002 
    1.033550098788786     
 bsup=    0.000000000000000        0.2358422036707208      
   0.9209188606907222     
 b_abs=   0.9798386925204720     
 g=  -1.7752096246393227E-002
 j=    0.000000000000000        -753.9995836189375      
    199.5261995698506     
 v_perp_2=    16017638.56688252     
 b_n=  -3.7007163044518623E-006   0.2359868343712669      
   0.9209138131352552     
 b_para_n=   0.9798386937003832     
 dxdt=  -6.4571164216787560E-002    118.5479420899764      
    452.9646925428855     
 dudt=   -108301.1350921949     
 ---------------------
 rk4
 istep=      6000001
 grad_b=  -0.4962270795541575       -5.7482456128794303E-002 
   4.9298440872438745E-002
 bsub=   1.7393072677414280E-002   1.4650943995022279E-002 
    1.076458066971268     
 bsup=    0.000000000000000       -7.5949840427672111E-002 
   0.9154401829233126     
 b_abs=   0.9921365321177689     
 g=  -1.9337391648561967E-002
 j=    0.000000000000000         823.1577166338950      
    377.5062955922633     
 v_perp_2=    16218674.05182970     
 b_n=   6.0894793394524236E-006  -7.6001887704977053E-002 
   0.9154407920001461     
 b_para_n=   0.9921365311286737     
 dxdt=  -0.2823035833271018         15.96179182229323      
   -163.3374741931911     
 dudt=   -407763.8230902635     
 ---------------------
 rk4
 istep=      7000001
 grad_b=  -0.4966537892526094        1.4608320720308585E-002 
  -2.4375357647795109E-002
 bsub=   8.0646991027482316E-003   4.2239555638873501E-002 
    1.018517405335449     
 bsup=    0.000000000000000        0.5804358143423821      
   0.9197286398174509     
 b_abs=   0.9803413510077251     
 g=  -1.5891584124046888E-002
 j=    0.000000000000000         542.5109524812804      
    167.2095408541770     
 v_perp_2=    16025855.62948798     
 b_n=  -5.1590045390618678E-006   0.5802718305119615      
   0.9197354801357265     
 b_para_n=   0.9803413497563992     
 dxdt=   9.1558261361452731E-002   -277.4012182010688      
   -444.2884340224754     
 dudt=    116220.9613012228     
 ---------------------
 rk4
 istep=      8000001
 grad_b=  -0.3482680290616996        4.5422732599945989E-002 
  -7.6545878486827201E-002
 bsub=   1.4710102902236646E-003   3.8656110734700627E-002 
    1.037517187714541     
 bsup=    0.000000000000000        0.8799021879369260      
   0.9194605460988198     
 b_abs=   0.9938090932341578     
 g=  -1.4659517472274966E-002
 j=    0.000000000000000        -430.1406620410213      
    47.04735319481435     
 v_perp_2=    16246015.77156064     
 b_n=  -2.2843245968461539E-006   0.8798857136354523      
   0.9194611631158880     
 b_para_n=   0.9938090932071166     
 dxdt=   0.2959460658461768        -53.75168952429205      
   -58.47851756731233     
 dudt=    250135.4523647176     
 ---------------------
 rk4
 istep=      9000001
 grad_b=  -0.4778393743844512        2.5496371130710252E-002 
  -4.8895242848430887E-002
 bsub=   5.5706198483462203E-003   4.1342213831202179E-002 
    1.018687214069878     
 bsup=    0.000000000000000        0.8156518423853866      
   0.9180694407533386     
 b_abs=   0.9844306234466000     
 g=  -1.4840352614711168E-002
 j=    0.000000000000000         10.88586530432451      
    137.7009029226302     
 v_perp_2=    16092703.86268196     
 b_n=   8.0762557615973259E-006   0.8157921951207582      
   0.9180637012710552     
 b_para_n=   0.9844306242037185     
 dxdt=   0.1696965249650858         331.5575159614647      
    369.7496757885691     
 dudt=    200041.8559051283     
 ---------------------
 rk4
 istep=     10000001
 grad_b=  -0.4850579726312370       -4.0282707797067677E-002 
   3.6321632197472198E-002
 bsub=   1.6937983257458846E-002   2.2173854766984705E-002 
    1.058940992644489     
 bsup=    0.000000000000000        1.8494057545412890E-003 
   0.9180254577543420     
 b_abs=   0.9860833855698186     
 g=  -1.8948251325040074E-002
 j=    0.000000000000000         160.5418049228317      
    446.2756277855939     
 v_perp_2=    16119721.92576323     
 b_n=  -8.9073676901165229E-006   1.9548017510725916E-003 
   0.9180233954378451     
 b_para_n=   0.9860833878933511     
 dxdt=  -0.2049704886046373         3.102232192151881      
    335.9814853172149     
 dudt=   -275771.2137845983     
 ---------------------
 rk4
 istep=     11000001
 grad_b=  -0.4779460278648395       -3.2087998641378471E-002 
   3.0704522598811124E-002
 bsub=   1.6676880862939246E-002   2.5558038063709269E-002 
    1.051195050335524     
 bsup=    0.000000000000000        4.5922623652832950E-002 
   0.9201637779910870     
 b_abs=   0.9841893679347331     
 g=  -1.8668585970808029E-002
 j=    0.000000000000000        -266.2298182815312      
    446.6641082556913     
 v_perp_2=    16088760.00015129     
 b_n=   8.0182229472043163E-006   4.5805791249853782E-002 
   0.9201664890066380     
 b_para_n=   0.9841893654129369     
 dxdt=  -0.1664847566457205        -16.31047020630968      
   -375.4810535466463     
 dudt=   -222402.5344848811     
 ---------------------
 rk4
 istep=     12000001
 grad_b=  -0.4630533352955559        2.9709720389664730E-002 
  -5.6495556464980688E-002
 bsub=   5.2946082700284581E-003   4.0578475809937342E-002 
    1.020548953867081     
 bsup=    0.000000000000000        0.8529154491440984      
   0.9197053519013917     
 b_abs=   0.9866305411126000     
 g=  -1.4617905036200581E-002
 j=    0.000000000000000         60.36282921004133      
    94.07119082809982     
 v_perp_2=    16128666.39241337     
 b_n=  -8.3517954833171131E-006   0.8527945053441820      
   0.9197102036800056     
 b_para_n=   0.9866305406494520     
 dxdt=   0.1989247383690691        -298.2409929927857      
   -324.8173844423092     
 dudt=    220524.7718449933     
 ---------------------
 rk4
 istep=     13000001
 grad_b=  -0.3652830430580319        4.3963984603048588E-002 
  -7.6544369914932936E-002
 bsub=   2.7558723454467575E-003   3.8624332246576479E-002 
    1.032954763794567     
 bsup=    0.000000000000000        0.9348482049819511      
   0.9198545585040795     
 b_abs=   0.9930682747805686     
 g=  -1.4352259729615117E-002
 j=    0.000000000000000        -138.2614937416053      
    23.25119640364778     
 v_perp_2=    16233905.43935063     
 b_n=   4.5355204086385522E-006   0.9348835658222686      
   0.9198532242183575     
 b_para_n=   0.9930682748121549     
 dxdt=   0.2927937183312552         121.7094923429918      
    117.4251587925103     
 dudt=    241241.0157051776     
 ---------------------
 Particle has exited the domain at step      13451218  s =  
   8.3000000332339674E-002
 Elapsed time (seconds):     69.49884400000001     

real	1m9.511s
user	1m9.321s
sys	0m0.020s
>>> [PID 3691238] DONE  u=500, v_perp=4000, out=gc_grid/dat296.dat
