>>> [PID 3653265] START u=9500, v_perp=-1000, out=gc_grid/dat209.dat, dt=2e-09, steps=30000000
 outer boundary:   8.3000000000000462E-002
 rk4
 istep=            1
 grad_b=  -0.5028816686392303        4.9312519431056953E-003 
  -7.9818376437233440E-003
 bsub=   8.6925735768882510E-003   4.2252233343792446E-002 
    1.020727484743911     
 bsup=    0.000000000000000        0.5003011873196116      
   0.9181486902445373     
 b_abs=   0.9787596026455840     
 g=  -1.6418790753298045E-002
 j=    0.000000000000000         576.0999562609469      
    59.08550560737206     
 v_perp_2=    999999.9035679757     
 b_n=   3.3935861534320792E-005   0.5035442365006240      
   0.9180141682872764     
 b_para_n=   0.9787596136816312     
 dxdt=   0.3312118503780729         4887.656647628693      
    8910.387597710338     
 dudt=    2537.344956355775     
 ---------------------
 rk4
 istep=      1000001
 grad_b=   0.5485781862263436       -8.2783373962626750E-002 
  -0.1743664401047591     
 bsub=   3.4182124371794770E-002   0.1060206645439096      
    1.529955595647605     
 bsup=    0.000000000000000       -0.8633748205216781      
    1.102211635493367     
 b_abs=    1.262532654083517     
 g=  -7.8733316283179783E-003
 j=    0.000000000000000         613.9058694588406      
   -67.45832283628096     
 v_perp_2=    1289928.972087238     
 b_n=  -8.5522048968191911E-004  -0.8700577080786468      
    1.102693841428073     
 b_para_n=    1.262532651101457     
 dxdt=   -6.470873701842415        -6536.635236475980      
    8283.971326643394     
 dudt=    48844.39371355756     
 ---------------------
 rk4
 istep=      2000001
 grad_b=   -1.137978617938773       -0.1101289551983692      
   0.1536901715582993     
 bsub=  -2.8293334701872373E-002  -0.1449602173732243      
    1.379584891253889     
 bsup=    0.000000000000000       -0.9146120161347966      
   0.8722513453431999     
 b_abs=    1.155887870164552     
 g=  -2.0050618929177706E-002
 j=    0.000000000000000         718.4781495549572      
    112.7662910255770     
 v_perp_2=    1180967.903516592     
 b_n=  -4.8051669925493890E-004  -0.9088096018923816      
   0.8728511847336778     
 b_para_n=    1.155887874966241     
 dxdt=   -3.971169425883967        -7461.510737312282      
    7166.617110013258     
 dudt=   -103762.2843811819     
 ---------------------
 rk4
 istep=      3000001
 grad_b=   0.3914185351283211        2.6831093324142873E-002 
   0.1252837219590414     
 bsub=  -2.4991774104439278E-002   4.4089606322086555E-002 
    1.065519666221117     
 bsup=    0.000000000000000        0.1907375317660687      
    1.106961896391442     
 b_abs=    1.089716706242949     
 g=  -1.1159116715696348E-002
 j=    0.000000000000000        -639.9501655889559      
    173.7056242459395     
 v_perp_2=    1113358.671315041     
 b_n=   1.7288211625532526E-004   0.1875879617332172      
    1.107096292691830     
 b_para_n=    1.089716722731181     
 dxdt=    1.515517886023967         1634.169121670972      
    9645.456618514203     
 dudt=   -67412.71404157502     
 ---------------------
 rk4
 istep=      4000001
 grad_b=   0.7748394380054798        8.7380046837847829E-003 
  -0.1657770838410008     
 bsub=  -6.0382517298191787E-002   8.6039534539840465E-002 
    1.600782148538473     
 bsup=    0.000000000000000       -0.5968138736259498      
    1.058271904911524     
 b_abs=    1.281733651499364     
 g=  -1.0129122465038698E-002
 j=    0.000000000000000        -1452.515183464086      
   -94.64513635998081     
 v_perp_2=    1309539.199375724     
 b_n=   1.6843827574055498E-004  -0.6041495433323628      
    1.058672522472829     
 b_para_n=    1.281733630517119     
 dxdt=    1.255367247154478        -4470.567054287998      
    7833.261270409886     
 dudt=    72000.76058458160     
 ---------------------
 rk4
 istep=      5000001
 grad_b=  -0.2766335916154741       -0.1516197072688984      
   8.2139037632426179E-002
 bsub=   3.1867549779096664E-002  -0.2232551169870340      
    1.474593629131445     
 bsup=    0.000000000000000        -1.168296312545155      
   0.9016956733056024     
 b_abs=    1.261216307983803     
 g=  -1.8250787047858034E-002
 j=    0.000000000000000        -178.0067693446720      
    73.53966898236540     
 v_perp_2=    1288574.153978146     
 b_n=  -7.0149529940439809E-004   -1.166893132029231      
   0.9019232863985083     
 b_para_n=    1.261216319599651     
 dxdt=   -5.313278631007684        -8775.379901517384      
    6782.799324579806     
 dudt=   -101746.7627113515     
 ---------------------
 rk4
 istep=      6000001
 grad_b=  -0.6084260190087221       -1.4016502142207524E-002 
  -1.6884375426367337E-002
 bsub=   1.4575130511632756E-002  -8.5284513286684557E-002 
   0.8461804795761174     
 bsup=    0.000000000000000       -0.3474743799737874      
    1.110908343655129     
 b_abs=   0.9843819674385086     
 g=  -1.1442365746084078E-002
 j=    0.000000000000000        -424.8877418388969      
    210.9172127409713     
 v_perp_2=    1005733.298859823     
 b_n=  -1.1921474366787443E-004  -0.3428620415328843      
    1.111375295870322     
 b_para_n=   0.9843819951105895     
 dxdt=   -1.156882929890905        -3308.514166734253      
    10725.26185387411     
 dudt=    7206.462556963476     
 ---------------------
 rk4
 istep=      7000001
 grad_b=  -0.9967863018032901        4.0975902815925877E-002 
  -7.3020804904428221E-002
 bsub=  -9.3874290358722783E-003  -6.1894925968797317E-002 
    1.096800729788253     
 bsup=    0.000000000000000       -0.6007096157021021      
   0.9002275677596568     
 b_abs=    1.012237511851362     
 g=  -1.9533872730925331E-002
 j=    0.000000000000000         1211.005324041347      
   -356.0840546685939     
 v_perp_2=    1034190.886133938     
 b_n=   2.0068307253005740E-004  -0.5952783820613281      
   0.9005357297339728     
 b_para_n=    1.012237455121698     
 dxdt=    1.893877271716970        -5585.426233300366      
    8450.078074593381     
 dudt=    45596.82196965745     
 ---------------------
 rk4
 istep=      8000001
 grad_b=   0.4787231029788781        4.9913522128357424E-002 
   0.1485616873440291     
 bsub=   9.3110332301771896E-003   0.1850127879155499      
    2.082881167003753     
 bsup=    0.000000000000000        -1.322484090349333      
    1.072405811990583     
 b_abs=    1.410251918669006     
 g=  -7.5071310462309273E-003
 j=    0.000000000000000         235.8427159031650      
   -196.9884305264700     
 v_perp_2=    1440834.846732859     
 b_n=   5.0783961314017053E-004   -1.329096107462679      
    1.072990841436886     
 b_para_n=    1.410251895699689     
 dxdt=    3.440012868631343        -8931.766363627868      
    7210.436425311820     
 dudt=   -33799.63428493671     
 ---------------------
 rk4
 istep=      9000001
 grad_b=  -0.3738634586152775        4.8846789363170169E-003 
  -3.0618607872040599E-002
 bsub=   3.5113108298811140E-002  -2.7308463587752452E-002 
   0.9431774121408681     
 bsup=    0.000000000000000       -0.1997813988328816      
    1.032902174297830     
 b_abs=   0.9899764013720919     
 g=  -1.5764816814661013E-002
 j=    0.000000000000000         820.2392244338367      
   -112.1103951253604     
 v_perp_2=    1011443.363649832     
 b_n=   2.4255327803400784E-005  -0.1975201206120981      
    1.032966726511218     
 b_para_n=   0.9899763850439948     
 dxdt=   0.2340483026198260        -1895.198540839223      
    9911.918435773050     
 dudt=    16823.06063780966     
 ---------------------
 rk4
 istep=     10000001
 grad_b=   -1.022338980330651       -3.0525149986304255E-002 
  -7.8670083398806184E-002
 bsub=   5.2068162078454574E-003  -8.6753932715676690E-002 
    1.029123893482613     
 bsup=    0.000000000000000       -0.5507283309892989      
   0.9305747709374727     
 b_abs=    1.002645105935676     
 g=  -1.6832974154881074E-002
 j=    0.000000000000000         328.3033373596769      
    458.3786198135185     
 v_perp_2=    1024384.557528798     
 b_n=  -2.2455031949294833E-004  -0.5445524011862530      
   0.9310965842955232     
 b_para_n=    1.002645160993916     
 dxdt=   -2.139389073827958        -5158.570618682592      
    8820.917889181985     
 dudt=    28734.09564040321     
 ---------------------
 rk4
 istep=     11000001
 grad_b=   -1.119747856795931        2.9716522708441127E-002 
   0.2384413788576876     
 bsub=  -6.2460017515629601E-002  -0.1066248559829040      
    1.498684416151302     
 bsup=    0.000000000000000        -1.094562883965351      
   0.8983006142476377     
 b_abs=    1.209435534112495     
 g=  -2.0131145064726415E-002
 j=    0.000000000000000        -839.2014440773900      
   -188.6563908941760     
 v_perp_2=    1235656.891043633     
 b_n=   2.3581142484163707E-004   -1.088956657438291      
   0.8987092873110782     
 b_para_n=    1.209435517633484     
 dxdt=    1.862553021093723        -8542.173487776245      
    7050.074805063721     
 dudt=   -76731.50827369254     
 ---------------------
 rk4
 istep=     12000001
 grad_b=   0.6610196280689534       -3.4676529148733322E-002 
   0.1595512862491362     
 bsub=   1.1998949356364513E-002   4.5726759588259350E-002 
    1.181746691539328     
 bsup=    0.000000000000000        0.6322754302307262      
    1.053397143804647     
 b_abs=    1.128927215556460     
 g=  -1.0708136498982928E-002
 j=    0.000000000000000         45.83221014372052      
    26.06540358485018     
 v_perp_2=    1153400.842747926     
 b_n=  -3.5125607874022721E-004   0.6266055024446318      
    1.053620106785572     
 b_para_n=    1.128927218777560     
 dxdt=   -2.972234831982245         5268.139958725887      
    8858.759124488912     
 dudt=   -66130.77801200448     
 ---------------------
 rk4
 istep=     13000001
 grad_b=   0.7860115834301118       -3.7990901428455959E-002 
  -0.1620298001172417     
 bsub=  -7.6168032909581795E-003   9.8836527485136424E-002 
    1.405694604239518     
 bsup=    0.000000000000000       -0.3653537821655410      
    1.117953706823845     
 b_abs=    1.238985932873524     
 g=  -8.2163544604520380E-003
 j=    0.000000000000000         44.41230469177654      
   -40.42898518765675     
 v_perp_2=    1265843.293946413     
 b_n=  -2.9417992237070671E-004  -0.3740374230411802      
    1.118562669054027     
 b_para_n=    1.238985928613328     
 dxdt=   -2.268160022178346        -2864.195247793734      
    8564.038983993498     
 dudt=    68962.75362443045     
 ---------------------
 rk4
 istep=     14000001
 grad_b=  -0.5700973389693130       -0.1031597872788547      
   8.6659757721703229E-002
 bsub=  -7.8585791316307940E-003  -0.2292224764484853      
    1.506331829317311     
 bsup=    0.000000000000000        -1.215690985798423      
   0.8982719170594025     
 b_abs=    1.277384665252300     
 g=  -1.6951907987512130E-002
 j=    0.000000000000000         37.69326276703077      
   -233.0170625054202     
 v_perp_2=    1305071.729576270     
 b_n=  -4.8613112564783209E-004   -1.212613128969039      
   0.8987377231641166     
 b_para_n=    1.277384637772053     
 dxdt=   -3.635460532754630        -9002.868771503881      
    6672.694703695602     
 dudt=   -81283.05840394727     
 ---------------------
 rk4
 istep=     15000001
 grad_b=   0.4649845006948541        7.7163658590583745E-002 
   0.1574516535066625     
 bsub=  -3.1292073864634409E-002   6.3662871208599203E-002 
    1.165596183332920     
 bsup=    0.000000000000000       -0.3225801968369785      
    1.138069841896688     
 b_abs=    1.142715352285406     
 g=  -8.6159726984861296E-003
 j=    0.000000000000000         152.1160384833804      
   -36.67229474296522     
 v_perp_2=    1167481.182042579     
 b_n=   7.0530991069380302E-004  -0.3274069103448374      
    1.138352400680745     
 b_para_n=    1.142715349126290     
 dxdt=    5.896134164614440        -2719.640673720963      
    9454.958477619355     
 dudt=   -68977.48316025297     
 ---------------------
 rk4
 istep=     16000001
 grad_b=  -0.2230677901771671        0.1501657201942948      
  -0.1129219816101578     
 bsub=  -1.9664210814034761E-002  -2.0151356818945688E-002 
    1.191570266379106     
 bsup=    0.000000000000000       -0.2472000539020481      
   0.9158155246928132     
 b_abs=    1.047008184696284     
 g=  -1.9833003992706308E-002
 j=    0.000000000000000        -249.3787464395195      
   -347.0662522174169     
 v_perp_2=    1069697.880936276     
 b_n=   8.0722690725295763E-004  -0.2459753738465962      
   0.9158495165892055     
 b_para_n=    1.047008138171503     
 dxdt=    7.364945946585032        -2230.923046794020      
    8306.728227737642     
 dudt=    68568.04176221664     
 ---------------------
 rk4
 istep=     17000001
 grad_b=   0.1249528794017982       -0.1016409230630681      
  -0.1317039878399695     
 bsub=   7.1258800243269374E-002   0.1190186536833459      
    1.964753098621790     
 bsup=    0.000000000000000        -1.217622259311633      
    1.054932176719140     
 b_abs=    1.388240161214088     
 g=  -1.1409567152364923E-002
 j=    0.000000000000000        -103.1978425368496      
   -93.07056805656102     
 v_perp_2=    1418322.256748787     
 b_n=  -8.2982682289816799E-004   -1.218771638537265      
    1.055031890274481     
 b_para_n=    1.388240148597406     
 dxdt=   -5.710217194202444        -8321.003942913578      
    7203.043978877879     
 dudt=    5585.284887696252     
 ---------------------
 rk4
 istep=     18000001
 grad_b=  -0.6335517346820837        1.5160446212867749E-003 
  -1.6465257906703862E-004
 bsub=   2.4476711668055540E-002  -6.2414980425399141E-002 
   0.9366841598884552     
 bsup=    0.000000000000000       -0.3792744066551205      
    1.010979777758329     
 b_abs=   0.9851155080214675     
 g=  -1.6084981246961880E-002
 j=    0.000000000000000        -418.6576278206979      
    83.55698801026762     
 v_perp_2=    1006460.497886931     
 b_n=   8.9755360747146765E-006  -0.3754962860455875      
    1.011231308505944     
 b_para_n=   0.9851155214561718     
 dxdt=   8.7035484111681397E-002   -3620.780320471859      
    9751.513090782004     
 dudt=    384.4842931477125     
 ---------------------
 rk4
 istep=     19000001
 grad_b=  -0.7579316260569412       -1.5943008366309588E-003 
  -2.0409689764683513E-002
 bsub=  -2.0834222733359935E-002  -6.1497179269948687E-002 
   0.9764145964011921     
 bsup=    0.000000000000000       -0.4295751367909726      
   0.9707519326233931     
 b_abs=   0.9871660091059645     
 g=  -1.7433086247509735E-002
 j=    0.000000000000000         11.00341144328780      
   -123.8395072170143     
 v_perp_2=    1008553.226850477     
 b_n=  -1.6448826246895551E-005  -0.4252434337643827      
   0.9710243880303615     
 b_para_n=   0.9871659935231465     
 dxdt=  -0.1591724386793079        -4091.906797521556      
    9344.232960308977     
 dudt=    9898.179101788615     
 ---------------------
 rk4
 istep=     20000001
 grad_b=   0.3764683171072113        5.8126530573943930E-002 
   0.1308515690688383     
 bsub=  -3.6040897407326404E-002   0.1641239764706559      
    2.092197880534824     
 bsup=    0.000000000000000        -1.522173933230333      
    1.073595647215607     
 b_abs=    1.413005447977489     
 g=  -8.2124343388052905E-003
 j=    0.000000000000000        -519.1798670597318      
    429.0118977362589     
 v_perp_2=    1443616.033983472     
 b_n=   6.0545530057708825E-004   -1.526964846971843      
    1.073981937919639     
 b_para_n=    1.413005498667802     
 dxdt=    4.093251916709667        -10241.17397163600      
    7202.909961191563     
 dudt=   -18800.18290518854     
 ---------------------
 rk4
 istep=     21000001
 grad_b=  -0.6001627304694530       -2.8036313280827271E-002 
   2.9572492963293159E-002
 bsub=   2.3752771562777809E-002  -3.6192970905849567E-003 
    1.044362088924591     
 bsup=    0.000000000000000       -0.2583067184459739      
   0.9283163783233215     
 b_abs=   0.9850813371247089     
 g=  -1.9073804118331854E-002
 j=    0.000000000000000         862.4638779919588      
   -90.54969381151474     
 v_perp_2=    1006419.889680293     
 b_n=  -1.5664070532875731E-004  -0.2549373870912224      
   0.9283316056832202     
 b_para_n=   0.9850813245524801     
 dxdt=   -1.518992594340259        -2458.315372377863      
    8952.395262052580     
 dudt=   -17991.46792280428     
 ---------------------
 rk4
 istep=     22000001
 grad_b=   0.2152573838225534       -0.1179240121205143      
  -0.1827242694225081     
 bsub=   5.0576402484783858E-002   4.1570778055099504E-002 
    1.167048268584700     
 bsup=    0.000000000000000       -0.5842024825522667      
    1.118352731317956     
 b_abs=    1.132056899359589     
 g=  -8.4023999251585432E-003
 j=    0.000000000000000         754.9642698424002      
   -196.2736125602241     
 v_perp_2=    1156577.140051556     
 b_n=  -1.1990484291691142E-003  -0.5866042147310885      
    1.118490226609734     
 b_para_n=    1.132056880112237     
 dxdt=   -10.11797847376839        -4918.525052104887      
    9378.013020177414     
 dudt=    61124.57201758852     
 ---------------------
 rk4
 istep=     23000001
 grad_b=  -0.5069265924433551       -1.2443735753266780E-002 
   1.4136836819778429E-002
 bsub=  -1.4642842922832806E-002  -0.2402902582593910      
    1.523485093227445     
 bsup=    0.000000000000000        -1.271863042367059      
   0.9028966383223798     
 b_abs=    1.296682730207301     
 g=  -1.6744806919150902E-002
 j=    0.000000000000000         774.7207101851006      
    20.89554316496199     
 v_perp_2=    1324766.315789888     
 b_n=  -5.4830773023121685E-005   -1.269142419407593      
   0.9033252092884220     
 b_para_n=    1.296682718765023     
 dxdt=  -0.4039417026783881        -9281.337540902834      
    6606.215135661864     
 dudt=   -11263.37271628049     
 ---------------------
 rk4
 istep=     24000001
 grad_b=   0.8008203531134975        2.2357287033903606E-002 
   0.1601101758866654     
 bsub=   1.1755099911081326E-002   8.1716969744147189E-002 
    1.327397106525635     
 bsup=    0.000000000000000       -0.1055862175122164      
    1.109128256883118     
 b_abs=    1.209372914070359     
 g=  -8.6331296909782328E-003
 j=    0.000000000000000        -577.4930731772936      
    430.9904635318586     
 v_perp_2=    1235563.043475627     
 b_n=   1.3043555689351539E-004  -0.1139275072881175      
    1.109640647465735     
 b_para_n=    1.209372958833669     
 dxdt=    1.030296589838134        -894.2163326515023      
    8705.216253330835     
 dudt=   -74012.02959066069     
 ---------------------
 rk4
 istep=     25000001
 grad_b=   0.7671144134552794        3.6425470401344855E-003 
  -0.1593262413369692     
 bsub=  -1.4244800246363232E-002   6.0901614548281441E-002 
    1.240160183771671     
 bsup=    0.000000000000000        0.3376160342693462      
    1.082626201423078     
 b_abs=    1.167554206963931     
 g=  -9.6975522464131467E-003
 j=    0.000000000000000        -1703.375872150166      
    27.14856115973643     
 v_perp_2=    1192836.615463362     
 b_n=   1.0679630647387055E-004   0.3304883078412275      
    1.082977449478038     
 b_para_n=    1.167554200551215     
 dxdt=   0.8737858851957665         2685.815315880814      
    8802.426906160486     
 dudt=    74930.10234598929     
 ---------------------
 rk4
 istep=     26000001
 grad_b=  -0.9879506706747636        9.6895709468756863E-002 
  -0.1434508131502194     
 bsub=   4.8488671140618639E-002  -0.1945871513346753      
    1.496880020756734     
 bsup=    0.000000000000000        -1.159622309806035      
   0.8908799696595258     
 b_abs=    1.248683596142477     
 g=  -1.9334139770753427E-002
 j=    0.000000000000000        -255.8694103277078      
   -85.80279011308913     
 v_perp_2=    1275720.204633743     
 b_n=   3.8555386506843904E-004   -1.154777258504118      
   0.8914973083034984     
 b_para_n=    1.248683589852543     
 dxdt=    2.949577849291634        -8771.868037371716      
    6772.187183881552     
 dudt=    98247.69245240765     
 ---------------------
 rk4
 istep=     27000001
 grad_b=  -0.8647363320994282        8.9562035168686993E-002 
   0.1128817121614920     
 bsub=  -2.9505070647521427E-002  -8.8001412147030514E-002 
    1.009753367975631     
 bsup=    0.000000000000000       -0.5367650482092341      
   0.9758009613881233     
 b_abs=    1.015509034091989     
 g=  -1.3565979410259164E-002
 j=    0.000000000000000        -550.6045193009925      
   -105.1147634154420     
 v_perp_2=    1037495.329024905     
 b_n=   7.1287276017458000E-004  -0.5305870811436960      
   0.9763602029931377     
 b_para_n=    1.015509027107373     
 dxdt=    6.705818025138978        -4962.233249789149      
    9131.898622712513     
 dudt=   -31225.83017285214     
 ---------------------
 rk4
 istep=     28000001
 grad_b=  -0.4930744718458888       -6.2538377803636677E-003 
   1.0536263058471718E-002
 bsub=  -3.2025053517336956E-002  -2.5836051343546083E-002 
   0.9680579683819310     
 bsup=    0.000000000000000       -0.2622830728007310      
   0.9924993303678351     
 b_abs=   0.9835781838855128     
 g=  -1.7169900205049330E-002
 j=    0.000000000000000         516.6809134849229      
   -154.6641524154433     
 v_perp_2=    1004871.121029388     
 b_n=  -3.4593179769927289E-005  -0.2594291678266172      
   0.9925743311256706     
 b_para_n=   0.9835781628340596     
 dxdt=  -0.3359732482835787        -2505.504633707850      
    9586.635811266538     
 dudt=   -6282.875938866706     
 ---------------------
 rk4
 istep=     29000001
 grad_b=   0.4144579707820215       -4.2468420822899589E-002 
  -0.1391069231587681     
 bsub=   7.5649932580429107E-003   0.1885756339627467      
    2.134836746430743     
 bsup=    0.000000000000000        -1.518652478403031      
    1.076074231988048     
 b_abs=    1.418375236289931     
 g=  -7.1907604881627949E-003
 j=    0.000000000000000         681.6547428235004      
   -97.83183734824873     
 v_perp_2=    1449078.305704680     
 b_n=  -4.4154439388124992E-004   -1.524723151099566      
    1.076612031508618     
 b_para_n=    1.418375231316658     
 dxdt=   -2.973812526378050        -10187.18525914994      
    7193.002937699222     
 dudt=    30682.58965550637     
 ---------------------
 Elapsed time (seconds):     154.6815600000000     

real	2m34.692s
user	2m34.164s
sys	0m0.019s
>>> [PID 3653265] DONE  u=9500, v_perp=-1000, out=gc_grid/dat209.dat
