>>> [PID 3656887] START u=4000, v_perp=0, out=gc_grid/dat219.dat, dt=2e-09, steps=30000000
 outer boundary:   8.3000000000000462E-002
 rk4
 istep=            1
 grad_b=  -0.5028822549827827        4.9318110914052526E-003 
  -7.9830231688200470E-003
 bsub=   8.6924200981880959E-003   4.2252319745128414E-002 
    1.020727147777142     
 bsup=    0.000000000000000        0.5003121468175568      
   0.9181485878156679     
 b_abs=   0.9787596572857371     
 g=  -1.6418735237971785E-002
 j=    0.000000000000000         576.0999432635571      
    59.09374752076101     
 v_perp_2=    0.000000000000000     
 b_n=   1.4290479649017351E-005   0.5016776467906160      
   0.9180919466144016     
 b_para_n=   0.9787596619329567     
 dxdt=   5.8402405431360015E-002    2050.258776704592      
    3752.062870270963     
 dudt=    0.000000000000000     
 ---------------------
 rk4
 istep=      1000001
 grad_b=  -0.8561879328688334        6.2823336110630512E-002 
   7.5781311456940087E-002
 bsub=  -2.0816584042821433E-002  -9.7423341004327368E-002 
   0.9506608700773644     
 bsup=    0.000000000000000       -0.5158303388292913      
   0.9946759922730011     
 b_abs=   0.9978558702841605     
 g=  -1.3342291137706335E-002
 j=    0.000000000000000        -128.4431369546722      
   -241.1068506754634     
 v_perp_2=    0.000000000000000     
 b_n=   2.1137582398171793E-004  -0.5132715089618057      
   0.9949428365975161     
 b_para_n=   0.9978558588399847     
 dxdt=   0.8473200697641601        -2057.497601140461      
    3988.322873622830     
 dudt=   -0.000000000000000     
 ---------------------
 rk4
 istep=      2000001
 grad_b=   0.6423234400001581       -7.3999892982444859E-002 
   0.1426694825103197     
 bsub=   9.0427308847157023E-002   2.3438630371144589E-003 
    1.652371685290168     
 bsup=    0.000000000000000       -0.8460602011056444      
    1.009105226265942     
 b_abs=    1.290502993956965     
 g=  -1.3598449769958257E-002
 j=    0.000000000000000         284.6733232632110      
    683.0336485717037     
 v_perp_2=    0.000000000000000     
 b_n=  -2.2655512745627663E-004  -0.8479974995114168      
    1.009120400545040     
 b_para_n=    1.290503029614782     
 dxdt=  -0.7022226907096957        -2628.424668679920      
    3127.835820257671     
 dudt=   -0.000000000000000     
 ---------------------
 rk4
 istep=      3000001
 grad_b=   -1.104462516036662       -0.1129477756771986      
   0.1593725507024902     
 bsub=  -3.6243898230627639E-002  -0.1677601142117840      
    1.425092844421650     
 bsup=    0.000000000000000        -1.000803350709899      
   0.8725180198516747     
 b_abs=    1.188127054892585     
 g=  -2.0151852852728792E-002
 j=    0.000000000000000         642.0340074038485      
   -15.46710857129496     
 v_perp_2=    0.000000000000000     
 b_n=  -1.9744590389626109E-004  -0.9984965058066363      
   0.8727845530912889     
 b_para_n=    1.188127050059248     
 dxdt=  -0.6647299340130842        -3361.581594348330      
    2938.354288113434     
 dudt=   -0.000000000000000     
 ---------------------
 rk4
 istep=      4000001
 grad_b=   0.4052923070442914       -6.8181921695124451E-002 
  -0.1942112827693766     
 bsub=   2.3606461830861278E-002   0.1729016627125381      
    2.081758941260408     
 bsup=    0.000000000000000        -1.612858542145912      
    1.078094568371639     
 b_abs=    1.401501324641172     
 g=  -7.3868407476949506E-003
 j=    0.000000000000000        -1881.118855457854      
    370.5269678849296     
 v_perp_2=    0.000000000000000     
 b_n=  -3.1251806109248808E-004   -1.615305212571750      
    1.078301329855841     
 b_para_n=    1.401501336584098     
 dxdt=  -0.8919522313241410        -4610.213833998216      
    3077.560617912793     
 dudt=    0.000000000000000     
 ---------------------
 rk4
 istep=      5000001
 grad_b=   -1.117161779929216        9.5452676624607283E-002 
  -0.1263926296603554     
 bsub=   9.5755313010303898E-003  -0.1010700798266088      
    1.240161475087267     
 bsup=    0.000000000000000       -0.7483149253810581      
   0.8690524359198809     
 b_abs=    1.073963135187292     
 g=  -2.0507862684136745E-002
 j=    0.000000000000000        -1243.582810223831      
    375.5939091042903     
 v_perp_2=    0.000000000000000     
 b_n=   1.8682298417126963E-004  -0.7458660808091950      
   0.8692505915258174     
 b_para_n=    1.073963162154258     
 dxdt=   0.6958264147404174        -2777.995026619222      
    3237.543417344751     
 dudt=    0.000000000000000     
 ---------------------
 rk4
 istep=      6000001
 grad_b=   0.7665503055295334       -3.4051558628309005E-002 
  -0.1615814767098456     
 bsub=  -6.9257844581241748E-003   9.3474743907376853E-002 
    1.358577930499704     
 bsup=    0.000000000000000       -0.2344983337119651      
    1.121029056624956     
 b_abs=    1.224908872564282     
 g=  -8.2083731086965185E-003
 j=    0.000000000000000        -270.8526176127521      
    217.9132265153838     
 v_perp_2=    0.000000000000000     
 b_n=  -1.0586686747360494E-004  -0.2380330248690422      
    1.121271724163458     
 b_para_n=    1.224908882052876     
 dxdt=  -0.3457134453827398        -777.3085112097896      
    3661.567780565921     
 dudt=    0.000000000000000     
 ---------------------
 rk4
 istep=      7000001
 grad_b=  -0.2673846291659367        1.2348581868981299E-002 
   4.9358520446462981E-002
 bsub=  -3.6457636165030310E-002  -2.8092473087351785E-002 
   0.9232027506189409     
 bsup=    0.000000000000000       -0.1282815870354598      
    1.074892429472447     
 b_abs=   0.9983036970731559     
 g=  -1.4184512388922366E-002
 j=    0.000000000000000        -121.0575175536476      
   -121.2395810721977     
 v_perp_2=    0.000000000000000     
 b_n=   3.7851241661265679E-005  -0.1275562016145743      
    1.074915991057918     
 b_para_n=   0.9983036913467470     
 dxdt=   0.1516622326025982        -511.0917758602953      
    4306.969914567052     
 dudt=   -0.000000000000000     
 ---------------------
 rk4
 istep=      8000001
 grad_b=  -0.2080274425709934       -7.8323579530321097E-003 
  -5.5692537300284228E-002
 bsub=   3.6711994338043452E-002  -1.6670279720629740E-002 
   0.9374490933161540     
 bsup=    0.000000000000000       -7.1067584295110509E-002 
    1.069620338661365     
 b_abs=    1.002149158670661     
 g=  -1.4364949149932017E-002
 j=    0.000000000000000        -585.1556515346907      
    66.90035238219767     
 v_perp_2=    0.000000000000000     
 b_n=  -2.3990404632122898E-005  -7.0507884946149013E-002 
    1.069631235128277     
 b_para_n=    1.002149162465227     
 dxdt=  -9.5755823706355048E-002   -281.4267080669064      
    4269.349414999454     
 dudt=    0.000000000000000     
 ---------------------
 rk4
 istep=      9000001
 grad_b=   0.7164159427429585        5.3179523825404980E-002 
   0.1639855350702251     
 bsub=  -5.3217180584388957E-003   9.1849688825524745E-002 
    1.320044311426097     
 bsup=    0.000000000000000       -0.2863772784136885      
    1.131896229598029     
 b_abs=    1.211535076359000     
 g=  -8.0863366966231424E-003
 j=    0.000000000000000        -654.8089989865591      
    10.17133837423093     
 v_perp_2=    0.000000000000000     
 b_n=   1.9439189760222638E-004  -0.2897145429489207      
    1.132129221155642     
 b_para_n=    1.211535074685319     
 dxdt=   0.6418036148155836        -956.5205300363936      
    3737.833909429981     
 dudt=   -0.000000000000000     
 ---------------------
 rk4
 istep=     10000001
 grad_b=   -1.053820948391266       -0.1057964618685765      
   0.1194511096451271     
 bsub=  -5.3349503451708621E-003  -9.8277140364480250E-002 
    1.229159456036430     
 bsup=    0.000000000000000       -0.7292096454479298      
   0.8717400932501030     
 b_abs=    1.069114635138402     
 g=  -2.0488115298024009E-002
 j=    0.000000000000000        -1004.808649010133      
    374.4842595252002     
 v_perp_2=    0.000000000000000     
 b_n=  -2.1139551276584337E-004  -0.7268962072023218      
   0.8719241684789163     
 b_para_n=    1.069114660858276     
 dxdt=  -0.7909180203221117        -2719.619265603470      
    3262.228834385053     
 dudt=   -0.000000000000000     
 ---------------------
 rk4
 istep=     11000001
 grad_b=   0.3668126828391217        8.9249402950371093E-002 
   0.2189200755973467     
 bsub=  -4.3278711781643664E-002   0.1315315162876694      
    1.959896266974725     
 bsup=    0.000000000000000        -1.654261921775320      
    1.068535225386977     
 b_abs=    1.369693793401714     
 g=  -8.6761920830787133E-003
 j=    0.000000000000000        -687.4200391545437      
    176.3041969685482     
 v_perp_2=    0.000000000000000     
 b_n=   3.7566769929504862E-004   -1.656134543275233      
    1.068669200311292     
 b_para_n=    1.369693800552680     
 dxdt=    1.097085200045337        -4836.510299183577      
    3120.899575890837     
 dudt=   -0.000000000000000     
 ---------------------
 rk4
 istep=     12000001
 grad_b=   -1.208887131624976        5.1932947423569534E-002 
  -0.1943154149994594     
 bsub=   5.0488324196580663E-002  -0.1451451161435179      
    1.448402365651907     
 bsup=    0.000000000000000        -1.040787426124292      
   0.8775015885890439     
 b_abs=    1.192482694411298     
 g=  -2.0848244630261855E-002
 j=    0.000000000000000         101.8914058848731      
   -214.9011537917363     
 v_perp_2=    0.000000000000000     
 b_n=   6.6363185676815450E-005   -1.038329785882633      
   0.8777455467201261     
 b_para_n=    1.192482682354014     
 dxdt=   0.2226051133784570        -3482.917785717185      
    2944.262620191404     
 dudt=    0.000000000000000     
 ---------------------
 rk4
 istep=     13000001
 grad_b=   0.1235390226060107        0.1947553773800904      
  -0.1114583692601164     
 bsub=  -5.1185815292577083E-002  -0.1368710983738162      
    1.425717435875621     
 bsup=    0.000000000000000       -0.8381209677905519      
   0.9259717644467964     
 b_abs=    1.197807291529884     
 g=  -1.9216327862041822E-002
 j=    0.000000000000000        -753.3308290061038      
    155.2288124543623     
 v_perp_2=    0.000000000000000     
 b_n=   3.9828473111721028E-004  -0.8383796729782419      
   0.9259612374717169     
 b_para_n=    1.197807303420441     
 dxdt=    1.330046093323607        -2799.714680597379      
    3092.187649307383     
 dudt=    0.000000000000000     
 ---------------------
 rk4
 istep=     14000001
 grad_b=  -0.1270478668312551       -0.1486261294724111      
  -0.1970612314025754     
 bsub=   5.6744892507508450E-002   8.2483156940926783E-004 
    1.139110431427357     
 bsup=    0.000000000000000       -0.6234589073827088      
    1.070617922162421     
 b_abs=    1.104202578705720     
 g=  -9.6962232667184151E-003
 j=    0.000000000000000        -130.6839164371248      
    60.94805565188275     
 v_perp_2=    0.000000000000000     
 b_n=  -5.9868741569423151E-004  -0.6229862354990450      
    1.070647406467546     
 b_para_n=    1.104202581695365     
 dxdt=   -2.168759340428355        -2256.782390573758      
    3878.445583141824     
 dudt=    0.000000000000000     
 ---------------------
 rk4
 istep=     15000001
 grad_b=  -0.2546216796353933       -2.8220879068757102E-002 
   5.5984171690403040E-002
 bsub=  -2.7350460172167475E-002   1.9702294680470828E-002 
   0.9939237903997133     
 bsup=    0.000000000000000        9.5022881660521308E-002 
   0.9959035361015063     
 b_abs=   0.9954969226707987     
 g=  -1.5839614976774715E-002
 j=    0.000000000000000        -261.8018721229175      
   -60.36001458138151     
 v_perp_2=    0.000000000000000     
 b_n=  -7.7715304580130455E-005   9.5693438864338398E-002 
   0.9958881018130462     
 b_para_n=   0.9954969192137153     
 dxdt=  -0.3122673835756849         384.5052134964759      
    4001.571808377428     
 dudt=   -0.000000000000000     
 ---------------------
 rk4
 istep=     16000001
 grad_b=  -0.3617186081704591       -2.7080770819543895E-002 
  -4.3997288060846143E-002
 bsub=   3.3212702551065253E-002  -5.1854505806250492E-002 
   0.8849777445992448     
 bsup=    0.000000000000000       -0.1897512013264120      
    1.105462504611181     
 b_abs=   0.9944287288179657     
 g=  -1.2630884123126112E-002
 j=    0.000000000000000         279.3333479431317      
   -208.2928070977023     
 v_perp_2=    0.000000000000000     
 b_n=  -8.7934760042944409E-005  -0.1886836284943517      
    1.105528346378859     
 b_para_n=   0.9944287182454765     
 dxdt=  -0.3537096563264681        -758.9629101913156      
    4446.888252903242     
 dudt=    0.000000000000000     
 ---------------------
 rk4
 istep=     17000001
 grad_b=   0.8145172646787142       -1.0735908680417593E-002 
   0.1653791883176960     
 bsub=   3.4264023323047843E-002   6.9546640149440495E-002 
    1.381125556613632     
 bsup=    0.000000000000000        2.0469942391109108E-002 
    1.073251746297736     
 b_abs=    1.218248790648023     
 g=  -9.5864078866247475E-003
 j=    0.000000000000000         855.1762461157732      
   -450.2432584683647     
 v_perp_2=    0.000000000000000     
 b_n=  -7.7440165037302662E-005   1.7177910945509033E-002 
    1.073419420309916     
 b_para_n=    1.218248770722269     
 dxdt=  -0.2542671641405075         56.40198080503602      
    3524.467074728959     
 dudt=   -0.000000000000000     
 ---------------------
 rk4
 istep=     18000001
 grad_b=   -1.217277191883315       -5.8985200549131124E-002 
   0.1309689078329345     
 bsub=  -1.1866082279173535E-002  -9.1756836182008417E-002 
    1.211970293716448     
 bsup=    0.000000000000000       -0.7499890502507626      
   0.8680604727720718     
 b_abs=    1.058821188027177     
 g=  -2.0392858452318356E-002
 j=    0.000000000000000        -919.2277606148525      
   -126.6487492985025     
 v_perp_2=    0.000000000000000     
 b_n=  -1.0885250608576056E-004  -0.7472916248684939      
   0.8682636230746502     
 b_para_n=    1.058821184783725     
 dxdt=  -0.4112214891431166        -2823.107945355801      
    3280.114283893941     
 dudt=   -0.000000000000000     
 ---------------------
 rk4
 istep=     19000001
 grad_b=   0.4460035216510437        3.0922434682757186E-002 
   9.7218043526068443E-002
 bsub=   1.0873169939908240E-002   0.1903884041128963      
    2.124684083898250     
 bsup=    0.000000000000000        -1.389213570941415      
    1.076182573445849     
 b_abs=    1.422138304313507     
 g=  -7.3000730387219577E-003
 j=    0.000000000000000         878.3334263299776      
   -147.0643974978188     
 v_perp_2=    0.000000000000000     
 b_n=   1.3375397890929753E-004   -1.391896370364891      
    1.076422286353958     
 b_para_n=    1.422138300537164     
 dxdt=   0.3762052645900235        -3914.939552191655      
    3027.616332243851     
 dudt=   -0.000000000000000     
 ---------------------
 rk4
 istep=     20000001
 grad_b=  -0.8527690674459870        0.1463379565896368      
  -0.1369106198269157     
 bsub=   2.2408040800688048E-002  -0.1970359230443932      
    1.446474297762615     
 bsup=    0.000000000000000        -1.052477120068935      
   0.8804244211915462     
 b_abs=    1.216833714545455     
 g=  -1.8641031031237845E-002
 j=    0.000000000000000         265.5283884710350      
   -150.7361974512223     
 v_perp_2=    0.000000000000000     
 b_n=   2.8001783499583780E-004   -1.050611654017665      
   0.8806741853881284     
 b_para_n=    1.216833704943986     
 dxdt=   0.9204802064838521        -3453.591562262083      
    2894.969729421385     
 dudt=    0.000000000000000     
 ---------------------
 rk4
 istep=     21000001
 grad_b=   0.6929992508684674       -3.9670380533327283E-002 
  -0.1802931902380110     
 bsub=  -3.5209742377948924E-002   0.1433813091001129      
    1.715053497211026     
 bsup=    0.000000000000000       -0.7240917599275729      
    1.084487751379377     
 b_abs=    1.325124727898959     
 g=  -8.8094683186056184E-003
 j=    0.000000000000000        -935.4840429284220      
    310.5199307277106     
 v_perp_2=    0.000000000000000     
 b_n=  -1.1412035131663470E-004  -0.7272897921860635      
    1.084752778514281     
 b_para_n=    1.325124739830648     
 dxdt=  -0.3444818374796003        -2195.385144734410      
    3274.417104771323     
 dudt=    0.000000000000000     
 ---------------------
 rk4
 istep=     22000001
 grad_b=  -0.7321731854294515       -2.6322656320382914E-003 
  -1.4491008209545742E-002
 bsub=  -1.9013815443293960E-002  -6.9965176577775998E-002 
   0.9576692831484968     
 bsup=    0.000000000000000       -0.4316838928084181      
   0.9765366780315046     
 b_abs=   0.9827391373998048     
 g=  -1.7069387870034702E-002
 j=    0.000000000000000        -31.35601559597774      
    5.164721832833550     
 v_perp_2=    0.000000000000000     
 b_n=  -8.9725366654671128E-006  -0.4299033125688652      
   0.9766665854984720     
 b_para_n=   0.9827391377885664     
 dxdt=  -3.6520522366323138E-002   -1749.816593389233      
    3975.283156815106     
 dudt=    0.000000000000000     
 ---------------------
 rk4
 istep=     23000001
 grad_b=   0.3294315719034969        8.6552031687524358E-003 
  -0.1283651193905974     
 bsub=   1.5098558761787374E-002   4.4340761077096891E-002 
    1.064238948837528     
 bsup=    0.000000000000000        0.4110742121516775      
    1.064240716409291     
 b_abs=    1.072557129335952     
 g=  -1.2461022590268335E-002
 j=    0.000000000000000        -991.5615339703901      
   -42.78197195317401     
 v_perp_2=    0.000000000000000     
 b_n=   4.3504671346362104E-005   0.4100450567323823      
    1.064282974108000     
 b_para_n=    1.072557125244918     
 dxdt=   0.1622465426684954         1529.224120864420      
    3969.142338651550     
 dudt=    0.000000000000000     
 ---------------------
 rk4
 istep=     24000001
 grad_b=   0.2036338772990814        7.7472819254776962E-002 
   0.1310805116893007     
 bsub=  -3.9873416147127833E-002   3.4671270305068232E-002 
    1.040588808699364     
 bsup=    0.000000000000000       -0.1745126587238486      
    1.140332158543730     
 b_abs=    1.086345383744059     
 g=  -9.5480660159373062E-003
 j=    0.000000000000000        -356.0900973684256      
    245.2314052246994     
 v_perp_2=    0.000000000000000     
 b_n=   2.8250980715791799E-004  -0.1753190128050849      
    1.140369861915063     
 b_para_n=    1.086345394564595     
 dxdt=    1.040220941042963        -645.5369118597953      
    4198.921881091493     
 dudt=   -0.000000000000000     
 ---------------------
 rk4
 istep=     25000001
 grad_b=  -0.7074282510656462       -4.7786554115295921E-002 
   4.7731592363648934E-002
 bsub=   2.0580250040986750E-002  -2.6764158803441421E-002 
    1.069191269742712     
 bsup=    0.000000000000000       -0.4322039832057341      
   0.9141399284507956     
 b_abs=   0.9944941944052316     
 g=  -1.9745811919422297E-002
 j=    0.000000000000000        -1226.060462191653      
    246.0659811414060     
 v_perp_2=    0.000000000000000     
 b_n=  -1.0674342808005805E-004  -0.4305811980440996      
   0.9141826195333239     
 b_para_n=   0.9944942101383805     
 dxdt=  -0.4293375546759797        -1731.860049679668      
    3676.975130528386     
 dudt=   -0.000000000000000     
 ---------------------
 rk4
 istep=     26000001
 grad_b=  -0.3291169571597354        0.1688108039490906      
   0.2986237525190851     
 bsub=  -5.5647725876916146E-002  -1.4347107528350094E-002 
    1.405189015378894     
 bsup=    0.000000000000000        -1.152810719588623      
   0.9668929654988747     
 b_abs=    1.172206099070860     
 g=  -1.2778964391346832E-002
 j=    0.000000000000000         414.6843344050549      
   -411.4871007935661     
 v_perp_2=    0.000000000000000     
 b_n=   5.7552181850074858E-004   -1.151748161033538      
   0.9669265872506962     
 b_para_n=    1.172206076714808     
 dxdt=    1.963892970470482        -3930.190037101310      
    3299.510577391229     
 dudt=   -0.000000000000000     
 ---------------------
 rk4
 istep=     27000001
 grad_b=  -0.5946105129617032       -6.9824674095734535E-002 
  -0.1362038926072587     
 bsub=   9.6084723718485837E-002  -4.8462677990571953E-002 
    1.735285029207800     
 bsup=    0.000000000000000        -1.183073148199747      
   0.9805741636599794     
 b_abs=    1.326096017206233     
 g=  -1.6413870228315523E-002
 j=    0.000000000000000         314.8843081542675      
    178.7922111683745     
 v_perp_2=    0.000000000000000     
 b_n=  -1.8523051254993523E-004   -1.181596221555247      
   0.9806256741261945     
 b_para_n=    1.326096026027509     
 dxdt=  -0.5587242821466466        -3564.134718342744      
    2957.932622915052     
 dudt=    0.000000000000000     
 ---------------------
 rk4
 istep=     28000001
 grad_b=  -0.4141126998738373        0.1544703296551915      
  -9.4650069032980177E-002
 bsub=  -1.4017638520805283E-002  -0.2276865054686449      
    1.466279181689893     
 bsup=    0.000000000000000        -1.150873583862146      
   0.8933057805608101     
 b_abs=    1.253710401529059     
 g=  -1.7856404886865677E-002
 j=    0.000000000000000        -301.7134260696771      
    44.47288531248886     
 v_perp_2=    0.000000000000000     
 b_n=   3.0556777605081136E-004   -1.149966296199995      
   0.8934495909040541     
 b_para_n=    1.253710406008987     
 dxdt=   0.9749229952506940        -3669.001360085231      
    2850.577251721876     
 dudt=    0.000000000000000     
 ---------------------
 rk4
 istep=     29000001
 grad_b=   0.5496896941910978       -6.8557022329445855E-002 
  -0.1595654238854894     
 bsub=   2.2780412548652238E-002   0.1246728966402756      
    1.603857300352789     
 bsup=    0.000000000000000       -0.8966000662987569      
    1.103322363666743     
 b_abs=    1.288105467234890     
 g=  -7.5371001178068673E-003
 j=    0.000000000000000         958.0462180226896      
    144.3784200238142     
 v_perp_2=    0.000000000000000     
 b_n=  -3.0136430834516801E-004  -0.8995622623198679      
    1.103556913891974     
 b_para_n=    1.288105478359287     
 dxdt=  -0.9358373624154698        -2793.442858315229      
    3426.914743962179     
 dudt=    0.000000000000000     
 ---------------------
 Elapsed time (seconds):     154.6882500000000     

real	2m34.701s
user	2m34.252s
sys	0m0.025s
>>> [PID 3656887] DONE  u=4000, v_perp=0, out=gc_grid/dat219.dat
