>>> [PID 3724733] START u=6500, v_perp=7000, out=gc_grid/dat371.dat, dt=2e-09, steps=30000000
 outer boundary:   8.3000000000000462E-002
 rk4
 istep=            1
 grad_b=  -0.5028819841800127        4.9315583556980430E-003 
  -7.9824857584964160E-003
 bsub=   8.6924900525971044E-003   4.2252280395374278E-002 
    1.020727300858255     
 bsup=    0.000000000000000        0.5003071592481165      
   0.9181486347413913     
 b_abs=   0.9787596324482479     
 g=  -1.6418760477966900E-002
 j=    0.000000000000000         576.0999614845636      
    59.09002012561719     
 v_perp_2=    48999996.76685249     
 b_n=   2.3220784230383627E-005   0.5025260926464028      
   0.9180565930653409     
 b_para_n=   0.9787596399996399     
 dxdt=   0.2436344783594007         3345.850273640075      
    6096.513274190258     
 dudt=    124340.4293488382     
 ---------------------
 rk4
 istep=      1000001
 grad_b=  -0.7326714624421339        0.1585407676521460      
  -0.1086044524272585     
 bsub=  -7.9979141819027169E-003  -0.1021477479470894      
    1.247600245571526     
 bsup=    0.000000000000000       -0.7125268899865552      
   0.8851472739187938     
 b_abs=    1.084883113815357     
 g=  -2.0513028437785911E-002
 j=    0.000000000000000         367.3247056311636      
   -398.0538372003923     
 v_perp_2=    54312855.04096453     
 b_n=   4.9167814569060959E-004  -0.7101173480092854      
   0.8853476765315242     
 b_para_n=    1.084883077555855     
 dxdt=    4.779485899858711        -3968.204842702913      
    4960.607410523309     
 dudt=    4824500.621909542     
 ---------------------
 rk4
 istep=      2000001
 grad_b=   -1.295972277790385       -1.7773787810522863E-002 
   0.1470522764659686     
 bsub=  -1.8064556207656145E-002  -8.7167824512998621E-002 
    1.208760154784514     
 bsup=    0.000000000000000       -0.7876139878164441      
   0.8734798754578896     
 b_abs=    1.060499506487463     
 g=  -1.9683036348488777E-002
 j=    0.000000000000000        -200.9025963002634      
   -604.1489044562820     
 v_perp_2=    53092105.03404417     
 b_n=  -2.5298527685463709E-005  -0.7830486503298859      
   0.8738086743093277     
 b_para_n=    1.060499455021490     
 dxdt=  -0.2498751636083007        -4542.609544746470      
    5091.101960187923     
 dudt=   -3362241.280954574     
 ---------------------
 rk4
 istep=      3000001
 grad_b=   0.6437205668010144       -5.1941490576475569E-002 
  -0.1532601527418956     
 bsub=   1.5706496133353960E-002   7.1523080798017377E-002 
    1.207545250691491     
 bsup=    0.000000000000000       -0.1582348868772336      
    1.129870645566105     
 b_abs=    1.163688124390249     
 g=  -8.8012583971008342E-003
 j=    0.000000000000000         278.1586114295203      
   -127.6271090140365     
 v_perp_2=    58258026.80287670     
 b_n=  -2.6096206175637470E-004  -0.1621660785641396      
    1.130106877732643     
 b_para_n=    1.163688116905851     
 dxdt=   -2.425354687601969        -817.5698962063677      
    5579.139398711482     
 dudt=    3548075.409236258     
 ---------------------
 rk4
 istep=      4000001
 grad_b=   0.4336182134376138       -1.1596213610816348E-002 
  -1.2991425233135727E-003
 bsub=   1.0166756214796263E-002   0.1894386292118348      
    2.162904675888579     
 bsup=    0.000000000000000        -1.525821969346158      
    1.076093578991506     
 b_abs=    1.428154862374762     
 g=  -7.2493605472402130E-003
 j=    0.000000000000000         1296.205418239459      
   -44.90837162851166     
 v_perp_2=    71498041.01206489     
 b_n=  -7.8094833696573638E-005   -1.528771102642878      
    1.076352249573882     
 b_para_n=    1.428154866626337     
 dxdt=  -0.6828770865826203        -4774.038887561393      
    3350.989492785976     
 dudt=   -285619.6552934640     
 ---------------------
 rk4
 istep=      5000001
 grad_b=   0.6185387360841959        2.7968711199093499E-002 
   0.1465233000305487     
 bsub=  -1.2796947222701367E-002   6.0807090331195385E-002 
    1.152739528434383     
 bsup=    0.000000000000000        0.1243571258575711      
    1.112428179720582     
 b_abs=    1.135908415209020     
 g=  -9.8203171778563931E-003
 j=    0.000000000000000         878.6401652696730      
   -193.4520629670415     
 v_perp_2=    56867198.63905658     
 b_n=   1.1295044425813785E-004   0.1208962494322102      
    1.112611985110587     
 b_para_n=    1.135908405078187     
 dxdt=    1.065238248652377         609.3053934942352      
    5744.210970031067     
 dudt=   -3668537.309253685     
 ---------------------
 rk4
 istep=      6000001
 grad_b=   -1.239805818215396        7.8822198480413413E-002 
  -0.1494555654666198     
 bsub=   2.3404784600306757E-002  -0.1128667194097157      
    1.304919174948244     
 bsup=    0.000000000000000       -0.8324105266152595      
   0.8703118296325885     
 b_abs=    1.109019581116869     
 g=  -2.0335355563332744E-002
 j=    0.000000000000000         403.6233806769549      
    2.971805015912715     
 v_perp_2=    55521018.89735040     
 b_n=   2.1498817789847375E-004  -0.8283742875399195      
   0.8706570788761598     
 b_para_n=    1.109019578454049     
 dxdt=    2.059051710202147        -4447.853263731528      
    4694.096612199669     
 dudt=    4416804.717170727     
 ---------------------
 rk4
 istep=      7000001
 grad_b=  -0.8882098745446747       -3.6866395795234597E-002 
   5.6236394462880743E-002
 bsub=   1.5548398363411400E-002  -5.1274489812822011E-002 
    1.071112025032814     
 bsup=    0.000000000000000       -0.5398623444141295      
   0.9118776730985636     
 b_abs=    1.002333429416939     
 g=  -1.9400792913708172E-002
 j=    0.000000000000000         231.4162156010389      
   -248.0648363205755     
 v_perp_2=    50179949.07664532     
 b_n=  -1.2590708533390354E-004  -0.5365869231251272      
   0.9120362745092520     
 b_para_n=    1.002333406140394     
 dxdt=   -1.296793601319294        -3417.967776158883      
    5831.881203535287     
 dudt=   -1777684.524093741     
 ---------------------
 rk4
 istep=      8000001
 grad_b=   0.5874661504891590        0.1251194603287561      
  -0.1708285819598311     
 bsub=  -4.2770906093948541E-002  -1.3264938672479749E-002 
    1.353306504465241     
 bsup=    0.000000000000000       -9.5173220846241413E-002 
   0.9770774685827617     
 b_abs=    1.150338555667151     
 g=  -1.4925872072047807E-002
 j=    0.000000000000000        -471.4313037702115      
    159.5020244698370     
 v_perp_2=    57589506.85025413     
 b_n=   5.1337572876679338E-004  -9.7593918002550198E-002 
   0.9770699772070275     
 b_para_n=    1.150338568469233     
 dxdt=    4.804173191318655        -502.6617006015348      
    4927.848781973256     
 dudt=    3891174.199812810     
 ---------------------
 rk4
 istep=      9000001
 grad_b=  -0.9168054909933298        2.3193609472695383E-002 
   0.1928417836883782     
 bsub=  -7.9276605974532510E-002  -0.1189382271182409      
    1.597457440758630     
 bsup=    0.000000000000000        -1.193392861786310      
   0.9286830077164817     
 b_abs=    1.275170822057865     
 g=  -1.9126079181493026E-002
 j=    0.000000000000000         844.6212924065692      
   -300.3722273478841     
 v_perp_2=    63838957.31018893     
 b_n=   1.0564625796265006E-004   -1.190840433517291      
   0.9288782712898693     
 b_para_n=    1.275170797495108     
 dxdt=   0.9388601786847010        -4877.111607039382      
    3814.692449642134     
 dudt=   -2972163.014843212     
 ---------------------
 rk4
 istep=     10000001
 grad_b=  -0.6902315859935476        6.0045835781556700E-004 
   1.0563657354028394E-003
 bsub=   1.0105819767491848E-002  -8.7936727759708233E-002 
   0.8740893569876741     
 bsup=    0.000000000000000       -0.4245404312859761      
    1.065297283344453     
 b_abs=   0.9837851155496340     
 g=  -1.2843596562941841E-002
 j=    0.000000000000000        -528.9214144952998      
    374.4692221191055     
 v_perp_2=    49251265.42045484     
 b_n=   3.3692903769396538E-006  -0.4212497965986919      
    1.065628331845552     
 b_para_n=   0.9837851484574766     
 dxdt=   3.5208958023975945E-002   -2762.254954436641      
    7021.060129535617     
 dudt=   -22147.16231573220     
 ---------------------
 rk4
 istep=     11000001
 grad_b=   0.5474348413826152       -6.6558298626008927E-002 
  -0.1627342378970993     
 bsub=   2.1349478755926642E-002   0.1273513150865787      
    1.641795950073963     
 bsup=    0.000000000000000       -0.9572481044917447      
    1.095020973978754     
 b_abs=    1.295170558243963     
 g=  -7.7063593000130460E-003
 j=    0.000000000000000         1038.357560868380      
    183.5668263828334     
 v_perp_2=    64840121.49993180     
 b_n=  -3.6827188516829157E-004  -0.9610004027187865      
    1.095316836046911     
 b_para_n=    1.295170575707826     
 dxdt=   -3.255044736618514        -3831.391221205618      
    4347.503830125996     
 dudt=    2212622.179309528     
 ---------------------
 rk4
 istep=     12000001
 grad_b=   0.6891132588365896        3.2788170608529996E-002 
   0.1764445416650466     
 bsub=   4.8708126323162688E-002   0.1587343664976406      
    1.872485056239385     
 bsup=    0.000000000000000       -0.8845337260411101      
    1.073391269107117     
 b_abs=    1.367147147458141     
 g=  -9.3372927885382023E-003
 j=    0.000000000000000        -397.9603701735545      
    228.7220065943026     
 v_perp_2=    68443430.61763747     
 b_n=   9.5578324420602076E-005  -0.8882030307408199      
    1.073699846246621     
 b_para_n=    1.367147159722017     
 dxdt=   0.8348419468690301        -3121.841015836085      
    3752.190223086636     
 dudt=   -2936655.627521567     
 ---------------------
 rk4
 istep=     13000001
 grad_b=  -0.2693794937991553        6.0445366453988174E-003 
   4.5549802069390313E-002
 bsub=  -3.7738806911209052E-002  -2.4311986386292991E-002 
   0.9309665849822601     
 bsup=    0.000000000000000       -0.1141644261358207      
    1.069993158130722     
 b_abs=   0.9998112847673268     
 g=  -1.4365312121141113E-002
 j=    0.000000000000000        -33.13836289288929      
   -92.99251422780959     
 v_perp_2=    50053477.39657214     
 b_n=   3.1491383522834395E-005  -0.1129998013661208      
    1.070024840847272     
 b_para_n=   0.9998112775276022     
 dxdt=   0.3249779493849824        -720.8787195357029      
    6869.322753214348     
 dudt=   -1202935.624698216     
 ---------------------
 rk4
 istep=     14000001
 grad_b=  -0.5103940764486111       -4.7645597536326960E-002 
   3.9747947546079465E-002
 bsub=  -1.5561151973208188E-003  -0.2361292946966068      
    1.523900514907086     
 bsup=    0.000000000000000        -1.265048994002312      
   0.9034025249160416     
 b_abs=    1.294433110172177     
 g=  -1.6581968784744071E-002
 j=    0.000000000000000         632.9231906214179      
   -65.99667991620001     
 v_perp_2=    64803066.67966182     
 b_n=  -1.2242032427057365E-004   -1.263542990454643      
   0.9036357474875489     
 b_para_n=    1.294433100083910     
 dxdt=   -1.082234229429405        -5012.604584067156      
    3591.193111560026     
 dudt=   -1859952.034688043     
 ---------------------
 rk4
 istep=     15000001
 grad_b=  -4.7613331830142713E-002   2.5462186776698537E-003 
  -7.4500543973620617E-002
 bsub=   3.4887447235642952E-002   7.8290860228399616E-003 
   0.9715545210315852     
 bsup=    0.000000000000000        9.5702093107232211E-002 
    1.065082604252802     
 b_abs=    1.017414839818389     
 g=  -1.4129922915770258E-002
 j=    0.000000000000000        -193.5360316647415      
    72.97367900203878     
 v_perp_2=    50934698.78189430     
 b_n=   1.3883520656544914E-005   9.5900356505385989E-002 
    1.065080513902375     
 b_para_n=    1.017414845413340     
 dxdt=   0.1413767904015230         599.2719651050154      
    6646.894465378689     
 dudt=    1946233.803238886     
 ---------------------
 rk4
 istep=     16000001
 grad_b=   0.4455748849555116        3.9956944024507481E-002 
  -8.5161200757921413E-002
 bsub=  -9.2189769520924461E-002   9.9237042292025887E-002 
    1.880820773347746     
 bsup=    0.000000000000000        -1.004653203746533      
    1.049841000318774     
 b_abs=    1.369487307243374     
 g=  -1.1723615640848886E-002
 j=    0.000000000000000         2161.330897417200      
   -350.0259994390979     
 v_perp_2=    68560408.67550066     
 b_n=   1.8947591008767223E-004   -1.006534640950330      
    1.049949546391441     
 b_para_n=    1.369487292423590     
 dxdt=    1.654731338183932        -3510.822533529094      
    3652.511558538237     
 dudt=    2367883.694037440     
 ---------------------
 rk4
 istep=     17000001
 grad_b=   0.2393824769475548        0.1497284061533419      
   0.2516783757849871     
 bsub=  -5.6288127688995541E-002   5.1774853972576931E-002 
    1.469254428987588     
 bsup=    0.000000000000000        -1.015753262698820      
    1.050027671325056     
 b_abs=    1.220438286816331     
 g=  -9.9244741276582563E-003
 j=    0.000000000000000        -1881.218862117202      
    555.5869328204162     
 v_perp_2=    61098547.03182150     
 b_n=   8.0425669416801045E-004   -1.017175212829448      
    1.050108619786659     
 b_para_n=    1.220438321657802     
 dxdt=    7.284813434744152        -4582.987781104751      
    4725.050065145762     
 dudt=   -2300872.721983155     
 ---------------------
 rk4
 istep=     18000001
 grad_b=  -0.5218313002720478       -9.3130180116722971E-002 
  -0.1064819636657204     
 bsub=   4.8672041645710165E-002  -5.0787214894231256E-002 
   0.9122376013632775     
 bsup=    0.000000000000000       -0.5340968908596198      
    1.119454279168372     
 b_abs=    1.024575498320599     
 g=  -9.4984555198036752E-003
 j=    0.000000000000000         713.4496430745916      
   -219.1822952104238     
 v_perp_2=    51293076.99606229     
 b_n=  -5.9930883549377735E-004  -0.5309740959623387      
    1.119660090114939     
 b_para_n=    1.024575479624185     
 dxdt=   -6.070683639904514        -3263.494596647069      
    6908.591267732895     
 dudt=    1697005.175682633     
 ---------------------
 rk4
 istep=     19000001
 grad_b=   0.2721296044544769       -0.1112250313272563      
  -0.2248646594751728     
 bsub=   5.7262832213646399E-002   0.1086745793636092      
    1.921088608400656     
 bsup=    0.000000000000000        -1.510516930341727      
    1.052118184262616     
 b_abs=    1.362275143655975     
 g=  -1.0300294634370499E-002
 j=    0.000000000000000         360.1868958812463      
   -139.4291271236997     
 v_perp_2=    68199209.15573463     
 b_n=  -4.9723757189212142E-004   -1.511924420220159      
    1.052212620825596     
 b_para_n=    1.362275135877230     
 dxdt=   -4.344857362713957        -5335.877465432495      
    3708.849863364993     
 dudt=    1260078.817830824     
 ---------------------
 rk4
 istep=     20000001
 grad_b=   0.8400098048984341       -2.2223824753748275E-002 
   0.1661587163335830     
 bsub=   4.0962980712234670E-002   6.1095490371479225E-002 
    1.395269530523194     
 bsup=    0.000000000000000       -2.9851106367202451E-002 
    1.060726528588622     
 b_abs=    1.215982369652248     
 g=  -1.0120045214066536E-002
 j=    0.000000000000000         997.3438164614538      
   -436.1056154757783     
 v_perp_2=    60875348.78367500     
 b_n=  -1.5859446928912031E-004  -3.4340858423877109E-002 
    1.060927756719746     
 b_para_n=    1.215982342821518     
 dxdt=   -1.439118131699246        -176.0383849790916      
    4809.464685376915     
 dudt=   -3641786.933652246     
 ---------------------
 rk4
 istep=     21000001
 grad_b=   -1.076629566832770        3.8144141989297886E-002 
  -8.5736184233095911E-002
 bsub=  -4.8811819338075210E-003  -6.7627812466335313E-002 
    1.113616444915428     
 bsup=    0.000000000000000       -0.6349776015779645      
   0.8965546027583781     
 b_abs=    1.020394750699107     
 g=  -1.9430748169856026E-002
 j=    0.000000000000000         1058.042268588176      
   -407.6184184186022     
 v_perp_2=    51083670.60647374     
 b_n=   1.2020662802713096E-004  -0.6310469496844558      
   0.8967937921433246     
 b_para_n=    1.020394708649675     
 dxdt=    1.221374051127072        -3903.920578075817      
    5570.948335514072     
 dudt=    2479791.490106458     
 ---------------------
 rk4
 istep=     22000001
 grad_b=   -1.213007498890606       -6.8648168064939438E-002 
   0.1301511996739621     
 bsub=  -1.1415280394929037E-002  -9.1438278903149567E-002 
    1.225373512962686     
 bsup=    0.000000000000000       -0.7562058084907947      
   0.8763967150755479     
 b_abs=    1.069224279108895     
 g=  -2.0027195538415615E-002
 j=    0.000000000000000        -1064.877750728138      
    117.7252838842804     
 v_perp_2=    53528181.34799334     
 b_n=  -2.0266815190392068E-004  -0.7520388013291707      
   0.8767057871191435     
 b_para_n=    1.069224296174131     
 dxdt=   -1.990145751871900        -4302.857604589076      
    5037.209099009829     
 dudt=   -3885616.871264022     
 ---------------------
 rk4
 istep=     23000001
 grad_b=   0.7773223271146079       -7.9350999248328537E-003 
  -0.1575637858259711     
 bsub=  -1.0915574987886818E-002   6.6370375303534027E-002 
    1.250579941796068     
 bsup=    0.000000000000000        0.2017554646710480      
    1.094354426551165     
 b_abs=    1.175452245876198     
 g=  -9.3559762225722473E-003
 j=    0.000000000000000        -1570.756436790521      
    171.8184450908843     
 v_perp_2=    58846191.42307799     
 b_n=   2.4604268201732107E-006   0.1972850417074455      
    1.094591706503913     
 b_para_n=    1.175452251867648     
 dxdt=   2.2734490681534481E-002    935.7469614436037      
    5301.889374696249     
 dudt=    3706014.025722847     
 ---------------------
 rk4
 istep=     24000001
 grad_b=   0.3786424183430868        5.7901481431278712E-002 
   0.1388836809571476     
 bsub=  -3.4322191284139908E-002   0.1643531859968227      
    2.093984683146395     
 bsup=    0.000000000000000        -1.554368464334224      
    1.073398782323205     
 b_abs=    1.411411095049501     
 g=  -8.0682385340360898E-003
 j=    0.000000000000000        -503.3552522971385      
    504.6373557946577     
 v_perp_2=    70658850.06213112     
 b_n=   2.9068938703031297E-004   -1.556724385808162      
    1.073588478774351     
 b_para_n=    1.411411124216200     
 dxdt=    2.538089274377939        -5017.931287925352      
    3452.679245809094     
 dudt=   -1047732.225712537     
 ---------------------
 rk4
 istep=     25000001
 grad_b=   0.2815715727439577        8.7246017437700399E-002 
   0.1507971553183627     
 bsub=  -4.2086179685801590E-002   4.5289923662278249E-002 
    1.099618586163644     
 bsup=    0.000000000000000       -0.3684352871785321      
    1.140094548608330     
 b_abs=    1.111465158970723     
 g=  -8.7672412590296348E-003
 j=    0.000000000000000        -523.2918951820052      
    156.3886155340135     
 v_perp_2=    55642748.09094433     
 b_n=   5.1360171251562921E-004  -0.3702565081004582      
    1.140189225941455     
 b_para_n=    1.111465168385958     
 dxdt=    4.911865019818910        -1995.455030064518      
    6121.790695711460     
 dudt=   -3147941.578406774     
 ---------------------
 rk4
 istep=     26000001
 grad_b=  -0.9604215018397501       -0.1128235558004238      
  -0.2335601034514453     
 bsub=   3.9013740360022683E-002  -6.9668683025363137E-002 
    1.244945211220928     
 bsup=    0.000000000000000       -0.9278144052394922      
   0.9015867658662134     
 b_abs=    1.089712547070622     
 g=  -1.6239980578750236E-002
 j=    0.000000000000000         113.3079686191944      
    595.1913996843582     
 v_perp_2=    54553721.62214755     
 b_n=  -5.1505409318290836E-004  -0.9239150869939771      
   0.9018211602200430     
 b_para_n=    1.089712596234792     
 dxdt=   -4.991461473173826        -5119.959569011780      
    5014.219502266605     
 dudt=    2432472.500493840     
 ---------------------
 rk4
 istep=     27000001
 grad_b=   0.1842494207787768       -8.8165872652291116E-002 
   4.9949682564186984E-002
 bsub=   0.1029708732317641       -8.2849368346912422E-002 
    1.677939081817834     
 bsup=    0.000000000000000        -1.145075046361483      
   0.9819367841676395     
 b_abs=    1.320147412484314     
 g=  -1.5830976484233240E-002
 j=    0.000000000000000        -660.6653839377382      
    166.8021191042822     
 v_perp_2=    66089821.97936888     
 b_n=  -2.7349888613169683E-004   -1.145653304633432      
   0.9819250261728421     
 b_para_n=    1.320147425145358     
 dxdt=   -2.404014146454970        -4355.875150514839      
    3730.833912524730     
 dudt=   -2844212.932473925     
 ---------------------
 rk4
 istep=     28000001
 grad_b=   7.9783951840661019E-002  -3.1504446198017316E-002 
   0.1058180624370581     
 bsub=  -1.8962954447910671E-002   3.4654082923626137E-002 
    1.030822429395445     
 bsup=    0.000000000000000        0.3702443188077747      
    1.029684794513880     
 b_abs=    1.036645350397721     
 g=  -1.3792241339525255E-002
 j=    0.000000000000000         171.6361095772389      
   -100.2046776264053     
 v_perp_2=    51896980.88901882     
 b_n=  -1.6003264834344865E-004   0.3698712897107436      
    1.029694383503111     
 b_para_n=    1.036645342927214     
 dxdt=   -1.606987090511099         2236.765902920825      
    6231.173445770107     
 dudt=   -2349315.313678331     
 ---------------------
 rk4
 istep=     29000001
 grad_b=  -0.6278525096268877        0.1392877620358330      
  -0.1146341835552944     
 bsub=   7.1791533811285616E-003  -0.2150505875611317      
    1.481129832568205     
 bsup=    0.000000000000000        -1.144398199317347      
   0.8930340800560055     
 b_abs=    1.252380544024070     
 g=  -1.7439243366590283E-002
 j=    0.000000000000000        -125.4796405730648      
   -231.1470242314988     
 v_perp_2=    62697170.54534546     
 b_n=   3.7124344139466284E-004   -1.142499372439510      
   0.8933079661958386     
 b_para_n=    1.252380529899198     
 dxdt=    3.323038644808631        -4865.764000378704      
    3812.726468055690     
 dudt=    5232036.684836686     
 ---------------------
 Elapsed time (seconds):     163.6965430000000     

real	2m43.709s
user	2m43.167s
sys	0m0.034s
>>> [PID 3724733] DONE  u=6500, v_perp=7000, out=gc_grid/dat371.dat
