>>> [PID 3710039] START u=6500, v_perp=6000, out=gc_grid/dat350.dat, dt=2e-09, steps=30000000
 outer boundary:   8.3000000000000462E-002
 rk4
 istep=            1
 grad_b=  -0.5028819858429252        4.9315578048078623E-003 
  -7.9824851907246280E-003
 bsub=   8.6924899783843296E-003   4.2252280425397262E-002 
    1.020727300890803     
 bsup=    0.000000000000000        0.5003071615592123      
   0.9181486345990656     
 b_abs=   0.9787596324482503     
 g=  -1.6418760475756258E-002
 j=    0.000000000000000         576.0999569608679      
    59.09001276789318     
 v_perp_2=    35999997.62462641     
 b_n=   2.3220781464767122E-005   0.5025260949427052      
   0.9180565929235898     
 b_para_n=   0.9787596399996414     
 dxdt=   0.2199097466607536         3343.583219364042      
    6096.607255725176     
 dudt=    91352.14732281124     
 ---------------------
 rk4
 istep=      1000001
 grad_b=  -0.7673109677147265        9.4939690724691689E-002 
  -7.6647446613377634E-002
 bsub=  -1.4085959333401980E-002  -5.0180600865076877E-002 
    1.136504456114632     
 bsup=    0.000000000000000       -0.5573292281054707      
   0.8962169051160190     
 b_abs=    1.023202872564379     
 g=  -2.0338437321921855E-002
 j=    0.000000000000000         263.4411814291173      
    466.8481400986344     
 v_perp_2=    37634644.44129141     
 b_n=   3.2580351590625798E-004  -0.5545953207686271      
   0.8963416918948082     
 b_para_n=    1.023202913965954     
 dxdt=    2.969438741304553        -3446.406920663245      
    5583.222835657582     
 dudt=    2185686.214745151     
 ---------------------
 rk4
 istep=      2000001
 grad_b=   -1.076945151747378       -0.1130360330764489      
   0.1565087903383750     
 bsub=  -3.9028291875398524E-002  -0.1761562710754437      
    1.452061939248194     
 bsup=    0.000000000000000        -1.053546588268704      
   0.8802874011925186     
 b_abs=    1.209987195334040     
 g=  -1.9615742242126949E-002
 j=    0.000000000000000         298.7695213660337      
   -42.32567190958871     
 v_perp_2=    44504773.66358861     
 b_n=  -2.8898593857721444E-004   -1.050250356024827      
   0.8806795099152805     
 b_para_n=    1.209987189382943     
 dxdt=   -2.302284188074839        -5031.743471255487      
    4229.322300120067     
 dudt=   -3904029.472621938     
 ---------------------
 rk4
 istep=      3000001
 grad_b=  -0.3442948474195557       -1.5658844353787088E-002 
  -4.0354054002480849E-002
 bsub=   3.5421827351929100E-002  -4.1873814351607974E-002 
   0.9067728040036592     
 bsup=    0.000000000000000       -0.1849096280133147      
    1.084629474633044     
 b_abs=   0.9959301586385018     
 g=  -1.3687528788228095E-002
 j=    0.000000000000000         385.1547529332345      
   -288.0264196860982     
 v_perp_2=    36631474.02589201     
 b_n=  -7.8985585521736256E-005  -0.1833647216159890      
    1.084703876206276     
 b_para_n=   0.9959301349277390     
 dxdt=  -0.7368021100604354        -1183.360290898463      
    7026.495617502163     
 dudt=    754763.8560457297     
 ---------------------
 rk4
 istep=      4000001
 grad_b=   0.7118293541900580       -4.6628257509121640E-002 
  -0.1633141896496435     
 bsub=  -1.5661282027397586E-002   0.1282045959980729      
    1.593574656250577     
 bsup=    0.000000000000000       -0.6357421107577297      
    1.099467383334725     
 b_abs=    1.292777427567898     
 g=  -8.3217176637581693E-003
 j=    0.000000000000000         156.6053662452132      
   -201.0617301718232     
 v_perp_2=    47549828.74104743     
 b_n=  -2.2242678356523891E-004  -0.6404591932678456      
    1.099844680529175     
 b_para_n=    1.292777414478281     
 dxdt=   -1.691574137107407        -2760.629863533427      
    4715.126683805862     
 dudt=    2132638.235234210     
 ---------------------
 rk4
 istep=      5000001
 grad_b=   0.4314957180129180        5.6665928000791801E-002 
   0.1799613742350868     
 bsub=  -3.8448009815060793E-003   0.1834852220925726      
    2.076401791918236     
 bsup=    0.000000000000000        -1.403186614653128      
    1.072136505934823     
 b_abs=    1.402725729573575     
 g=  -7.3096008052960584E-003
 j=    0.000000000000000         203.2780213300261      
    222.5567365159001     
 v_perp_2=    51593808.71869134     
 b_n=   3.1786080005774097E-004   -1.406553886327760      
    1.072434661556936     
 b_para_n=    1.402725746801065     
 dxdt=    2.302163439618519        -5189.047820299180      
    3948.334612156501     
 dudt=   -1487136.508555795     
 ---------------------
 rk4
 istep=      6000001
 grad_b=   0.4972099504594619        5.1083774457275515E-002 
   0.1444324332787427     
 bsub=  -2.4237244673131458E-002   5.7024942416129348E-002 
    1.123047022554446     
 bsup=    0.000000000000000       -2.9684024794499053E-002 
    1.126485945810037     
 b_abs=    1.123947680362621     
 g=  -9.6646490678519471E-003
 j=    0.000000000000000         329.1947141479180      
    112.3890679848152     
 v_perp_2=    41340010.46316409     
 b_n=   2.5577931002109135E-004  -3.2609110170494233E-002 
    1.126640002150123     
 b_para_n=    1.123947689529587     
 dxdt=    2.156843981715494        -185.1189790229503      
    6090.378485465641     
 dudt=   -2637373.428425296     
 ---------------------
 rk4
 istep=      7000001
 grad_b=   -1.135651403034194       -1.4175375533418268E-002 
  -9.9397810956956462E-002
 bsub=   5.4911409000287393E-003  -8.0627709187408539E-002 
    1.089372297422131     
 bsup=    0.000000000000000       -0.6454658974897063      
   0.8998685088704499     
 b_abs=    1.015829234369492     
 g=  -1.8279169984316286E-002
 j=    0.000000000000000         60.03454581676402      
   -293.4766038701659     
 v_perp_2=    37363266.84129556     
 b_n=  -8.3186444775401648E-005  -0.6410803890232917      
   0.9001934881579662     
 b_para_n=    1.015829207931287     
 dxdt=  -0.7628804560949276        -4022.753534133024      
    5667.323629194327     
 dudt=    1453662.767905901     
 ---------------------
 rk4
 istep=      8000001
 grad_b=  -0.2618519039547521       -0.1323737244862455      
   6.8297127945187025E-002
 bsub=   3.7739250583575593E-002  -0.2271257728959449      
    1.489142574044878     
 bsup=    0.000000000000000        -1.202057821463913      
   0.9051480085904398     
 b_abs=    1.273218843673731     
 g=  -1.8202560189325170E-002
 j=    0.000000000000000        -348.6433952077402      
   -22.25091895551205     
 v_perp_2=    46830297.27535449     
 b_n=  -3.6091236065560712E-004   -1.201277810154294      
   0.9052761252007610     
 b_para_n=    1.273218845767079     
 dxdt=   -2.773026687966299        -5286.049467620131      
    3985.885753306097     
 dudt=   -3191275.174778997     
 ---------------------
 rk4
 istep=      9000001
 grad_b=  -0.1041009545211806       -0.1133626979632897      
   0.1205424125773474     
 bsub=   1.2183106985704416E-002   1.3899344739866461E-002 
    1.143770330002492     
 bsup=    0.000000000000000        0.1632559015054489      
   0.9270081725235446     
 b_abs=    1.030848138409557     
 g=  -1.7813067079070564E-002
 j=    0.000000000000000        -266.9855736333895      
   -235.1257792862378     
 v_perp_2=    37915631.43575416     
 b_n=  -4.6098936881035712E-004   0.1636789606951578      
   0.9270079224341674     
 b_para_n=    1.030848116988278     
 dxdt=   -4.174994346819071         1009.632019078821      
    5711.186523169028     
 dudt=   -1663355.982095201     
 ---------------------
 rk4
 istep=     10000001
 grad_b=  -0.6798115389555210        1.6144835415264198E-002 
  -2.5383516032017620E-002
 bsub=  -2.5461457090262193E-002  -2.7248108155873231E-002 
    1.021907023664767     
 bsup=    0.000000000000000       -0.3762028688346655      
   0.9405895097496287     
 b_abs=   0.9853738450363952     
 g=  -1.8811008523541489E-002
 j=    0.000000000000000        -798.3034679796272      
    30.61642624074767     
 v_perp_2=    36243011.70563573     
 b_n=   5.8679833658643621E-005  -0.3736215883411823      
   0.9406598034933777     
 b_para_n=   0.9853738496907941     
 dxdt=   0.5524684077914497        -2450.165154732991      
    6187.373401314536     
 dudt=    558956.0401954537     
 ---------------------
 rk4
 istep=     11000001
 grad_b=  -0.6524935873896722       -8.6017367316223198E-002 
   8.2193385966882804E-002
 bsub=  -2.5729959687755113E-002  -0.2287273236548748      
    1.513737722344389     
 bsup=    0.000000000000000        -1.232263108794964      
   0.8987738570730426     
 b_abs=    1.281626459576341     
 g=  -1.7342358968913351E-002
 j=    0.000000000000000         358.7518274366982      
   -207.3437145636610     
 v_perp_2=    47139443.08714684     
 b_n=  -2.2821019576054356E-004   -1.230244186446480      
   0.8990750243146131     
 b_para_n=    1.281626441901925     
 dxdt=   -1.745621895223470        -5347.409808300617      
    3913.799495753457     
 dudt=   -2581000.149203197     
 ---------------------
 rk4
 istep=     12000001
 grad_b=  -0.5435488578283171       -1.1647913105586691E-003 
  -1.2993522301368091E-002
 bsub=   2.8757919736671085E-002  -5.5177558371469267E-002 
   0.9265958974682891     
 bsup=    0.000000000000000       -0.3323271803618841      
    1.030528649180996     
 b_abs=   0.9862657543289107     
 g=  -1.5578884197087800E-002
 j=    0.000000000000000         73.61976042462680      
    16.48578847097093     
 v_perp_2=    36275770.38644233     
 b_n=  -8.0339347407076754E-006  -0.3300762016595856      
    1.030662942368250     
 b_para_n=   0.9862657553107743     
 dxdt=  -7.5579672995227165E-002   -2161.871768863841      
    6770.777243171340     
 dudt=    242463.2329037072     
 ---------------------
 rk4
 istep=     13000001
 grad_b=   0.7824256567036199       -2.6943996240838965E-002 
  -0.1607863332986718     
 bsub=  -2.0644995495564155E-002   0.1020207350742236      
    1.464855965695590     
 bsup=    0.000000000000000       -0.4089403833168939      
    1.103807660558276     
 b_abs=    1.255081215628342     
 g=  -8.4379347375673833E-003
 j=    0.000000000000000         710.1257188284783      
   -44.48054989136388     
 v_perp_2=    46163018.51548164     
 b_n=  -1.0283584876192038E-004  -0.4140355198169668      
    1.104161065241103     
 b_para_n=    1.255081215972971     
 dxdt=  -0.7979939445626637        -1885.201621426466      
    4984.539146492774     
 dudt=    2439088.494600673     
 ---------------------
 rk4
 istep=     14000001
 grad_b=   0.4155184069399137        5.2629945177346510E-002 
   0.1417005432594936     
 bsub=  -1.5873931902592404E-002   0.1839862925422197      
    2.133300182545405     
 bsup=    0.000000000000000        -1.568952659669787      
    1.076888008321801     
 b_abs=    1.417550275466183     
 g=  -7.2859421196040663E-003
 j=    0.000000000000000        -745.4517911601670      
   -47.94610294744059     
 v_perp_2=    52138733.20376436     
 b_n=   3.1475869715144491E-004   -1.572197515030824      
    1.077170197403301     
 b_para_n=    1.417550267461699     
 dxdt=    2.267433552501165        -5679.061591321735      
    3883.948016923117     
 dudt=   -908418.9411540952     
 ---------------------
 rk4
 istep=     15000001
 grad_b=   0.5839408657942720        6.7570496654866766E-002 
   0.1589141184327557     
 bsub=  -2.2120911738030449E-002   7.4173174741619968E-002 
    1.218475311685783     
 bsup=    0.000000000000000       -0.2975553796148767      
    1.135781743374952     
 b_abs=    1.167348130311503     
 g=  -8.4519714717740564E-003
 j=    0.000000000000000         126.9000349155428      
   -99.98594050447531     
 v_perp_2=    42936045.75462893     
 b_n=   3.8078694965676841E-004  -0.3014149221158799      
    1.136023595096219     
 b_para_n=    1.167348123866637     
 dxdt=    3.116870595569105        -1546.340404958198      
    5783.840954046102     
 dudt=   -2526716.678181763     
 ---------------------
 rk4
 istep=     16000001
 grad_b=  -0.9499734772352882       -2.9842940730423553E-002 
  -6.0865311950586948E-002
 bsub=   3.5984453555455431E-003  -9.0006658056170072E-002 
   0.9911078040506341     
 bsup=    0.000000000000000       -0.5046446668648970      
   0.9544730871165066     
 b_abs=   0.9957165012743709     
 g=  -1.5999641786731210E-002
 j=    0.000000000000000         573.6028082626651      
    485.0593058236564     
 v_perp_2=    36623261.90912788     
 b_n=  -1.4916313456403855E-004  -0.5006393435779769      
   0.9548374057822301     
 b_para_n=   0.9957165379855039     
 dxdt=   -1.391696663994007        -3232.543046888915      
    6188.035171860032     
 dudt=    794821.8444497987     
 ---------------------
 rk4
 istep=     17000001
 grad_b=  -0.8645858036245289       -4.9458872933756323E-003 
  -0.1555010468405341     
 bsub=   8.0367530234584872E-002  -0.1467259642178368      
    1.594502059468875     
 bsup=    0.000000000000000        -1.224878365535619      
   0.9278334561796995     
 b_abs=    1.288230536206823     
 g=  -1.9069293312227457E-002
 j=    0.000000000000000         1053.422404499773      
   -234.8535600512396     
 v_perp_2=    47382134.75890030     
 b_n=  -5.6389520770304184E-005   -1.222369273969480      
   0.9280671659879296     
 b_para_n=    1.288230512922694     
 dxdt=  -0.4298506265862493        -5263.533938801894      
    4003.345377388300     
 dudt=    1973203.033286114     
 ---------------------
 rk4
 istep=     18000001
 grad_b=   0.5772877057259369       -0.1296204894665835      
   0.1631600632052714     
 bsub=   5.0976186575044338E-002  -2.4633245902981896E-002 
    1.397425800533499     
 bsup=    0.000000000000000       -0.2546640999975541      
   0.9754083205395884     
 b_abs=    1.170027280716019     
 g=  -1.5287385611291131E-002
 j=    0.000000000000000        -302.6008473295428      
    13.49769285955122     
 v_perp_2=    43034497.25350295     
 b_n=  -5.2540669973526806E-004  -0.2570325384343787      
   0.9753857380584479     
 b_para_n=    1.170027282215712     
 dxdt=   -4.293052930529869        -1310.983912791883      
    4946.992078955039     
 dudt=   -3020306.940789162     
 ---------------------
 rk4
 istep=     19000001
 grad_b=  -0.4432058427978952       -8.8173668794843257E-003 
   1.7425197503874876E-002
 bsub=  -3.3013404647560460E-002  -2.0583976672253111E-002 
   0.9655478738431669     
 bsup=    0.000000000000000       -0.2215336606771143      
   0.9992647980098136     
 b_abs=   0.9846314458571573     
 g=  -1.6894718589482070E-002
 j=    0.000000000000000         734.0172639272973      
   -174.8487825746831     
 v_perp_2=    36215470.08470780     
 b_n=  -3.3769164975070092E-005  -0.2197639110598331      
   0.9993013552108547     
 b_para_n=   0.9846314296866491     
 dxdt=  -0.3181436619079976        -1442.037700746195      
    6580.103523171511     
 dudt=   -361701.6548839209     
 ---------------------
 rk4
 istep=     20000001
 grad_b=  -0.4994046320350500        6.6661324869451838E-002 
  -5.3024890270755007E-002
 bsub=  -9.3597702955472125E-004  -0.2372509463584697      
    1.516749146786190     
 bsup=    0.000000000000000        -1.251811570760822      
   0.9014257177052658     
 b_abs=    1.290085201337017     
 g=  -1.6694550123682619E-002
 j=    0.000000000000000         339.6673967407534      
   -93.40803874071221     
 v_perp_2=    47450254.00821908     
 b_n=   1.8498674632668195E-004   -1.250228652356702      
   0.9016734247593434     
 b_para_n=    1.290085191593624     
 dxdt=    1.408780995204881        -5373.049767421302      
    3879.683907898134     
 dudt=    1870924.625967699     
 ---------------------
 rk4
 istep=     21000001
 grad_b=  -0.7586936426252067        1.5325935612840701E-003 
   2.0723290184379586E-002
 bsub=   2.0813733940813164E-002  -6.1378612582732216E-002 
   0.9771020608821315     
 bsup=    0.000000000000000       -0.4301258900858836      
   0.9703392800396454     
 b_abs=   0.9872908529427198     
 g=  -1.7446962533994730E-002
 j=    0.000000000000000         10.79332278270135      
   -129.7127702691137     
 v_perp_2=    36313237.65997650     
 b_n=   1.1032654720722372E-005  -0.4271709890594650      
   0.9705246517788783     
 b_para_n=   0.9872908418151507     
 dxdt=   0.1036964945730503        -2793.518004809197      
    6366.413259850595     
 dudt=   -362285.6815235307     
 ---------------------
 rk4
 istep=     22000001
 grad_b=   0.8153999368280619       -1.5616230558571451E-002 
  -0.1612978193257174     
 bsub=  -1.7718046100536247E-002   7.8675863104402263E-002 
    1.336771008114572     
 bsup=    0.000000000000000       -5.3894632191733738E-002 
    1.100208475466355     
 b_abs=    1.210548487656086     
 g=  -8.8164160762494361E-003
 j=    0.000000000000000        -396.2530516754803      
    310.5323456258432     
 v_perp_2=    44524773.18747998     
 b_n=  -3.8489323907279745E-005  -5.9006822845809048E-002 
    1.100508862194979     
 b_para_n=    1.210548507658257     
 dxdt=  -0.3065298997214416        -299.2612755666943      
    5280.402472986761     
 dudt=    2683161.607830731     
 ---------------------
 rk4
 istep=     23000001
 grad_b=   0.4018542880107459        3.9221401489739516E-002 
   8.3979195542368823E-002
 bsub=  -3.0666171768367133E-002   0.1733825436894716      
    2.117961918953419     
 bsup=    0.000000000000000        -1.489169840874229      
    1.074885540739749     
 b_abs=    1.420988487709900     
 g=  -7.9407006052384845E-003
 j=    0.000000000000000        -26.70392134389573      
    281.3184704548398     
 v_perp_2=    52264852.71345095     
 b_n=   2.2785896239859934E-004   -1.492009185659683      
    1.075121290145732     
 b_para_n=    1.420988507330675     
 dxdt=    1.639445984103389        -5362.581303202170      
    3857.671500722268     
 dudt=   -412338.4013100197     
 ---------------------
 rk4
 istep=     24000001
 grad_b=   0.5692673982830549        7.8933295924020999E-002 
   0.1740962358814396     
 bsub=  -2.8918313532180710E-002   8.5767925584565904E-002 
    1.318943064824807     
 bsup=    0.000000000000000       -0.5207754667879324      
    1.129854747118645     
 b_abs=    1.202100998213193     
 g=  -7.8617928825608953E-003
 j=    0.000000000000000        -142.4597891736219      
    569.4533656792923     
 v_perp_2=    44213996.26849891     
 b_n=   4.7908584613539566E-004  -0.5248362320557058      
    1.130129349501664     
 b_para_n=    1.202101037428415     
 dxdt=    3.835292597689015        -2559.936376882075      
    5485.610777268163     
 dudt=   -2380391.198435885     
 ---------------------
 rk4
 istep=     25000001
 grad_b=  -0.8268414493362026       -3.7077171867849062E-002 
  -4.4909242767920583E-002
 bsub=   1.2325276753245705E-002  -9.7844920609755873E-002 
   0.8990116471156379     
 bsup=    0.000000000000000       -0.5041026745844980      
    1.033322758963121     
 b_abs=   0.9895256049643054     
 g=  -1.2651221432034064E-002
 j=    0.000000000000000         516.7815424371673      
   -132.0483910469922     
 v_perp_2=    36395320.09785345     
 b_n=  -2.0612639333726979E-004  -0.5000443133667869      
    1.033767264935539     
 b_para_n=   0.9895255902607137     
 dxdt=   -1.933590681837304        -3257.754023172302      
    6760.034995194446     
 dudt=    515082.9421856212     
 ---------------------
 rk4
 istep=     26000001
 grad_b=  -0.4317266865060314       -0.1476688461524754      
  -0.2778867240570326     
 bsub=   6.9816530643253827E-002  -1.7416690769873483E-003 
    1.666823110200560     
 bsup=    0.000000000000000        -1.247889451887966      
   0.9740141004243433     
 b_abs=    1.275268768222475     
 g=  -1.5474196230663690E-002
 j=    0.000000000000000         46.78525382155885      
    265.2281831833269     
 v_perp_2=    46905087.47755491     
 b_n=  -5.7398417847726491E-004   -1.246259788128472      
   0.9740398604639633     
 b_para_n=    1.275268788226413     
 dxdt=   -4.405296753473728        -5465.945102481893      
    4276.289696300824     
 dudt=    1245822.657879551     
 ---------------------
 rk4
 istep=     27000001
 grad_b=   0.7245217182098471       -5.5128339796070749E-002 
   0.1572533969550871     
 bsub=   8.1674777439436394E-002   2.8338027279256651E-002 
    1.610043513992860     
 bsup=    0.000000000000000       -0.6845154866620397      
    1.019720229714661     
 b_abs=    1.273602733842538     
 g=  -1.2656561756636875E-002
 j=    0.000000000000000        -484.2615656075963      
    462.7075849982982     
 v_perp_2=    46843775.07476890     
 b_n=  -2.6619976824575841E-004  -0.6878101046404534      
    1.019791747708362     
 b_para_n=    1.273602767056128     
 dxdt=   -2.044884823392937        -3037.323552719923      
    4487.537312033480     
 dudt=   -2860337.938656671     
 ---------------------
 rk4
 istep=     28000001
 grad_b=  -0.2145735563806852       -6.9923059913704275E-003 
   5.2349081386998286E-002
 bsub=  -3.6136676125937184E-002  -7.2931246928783049E-003 
   0.9545026056254503     
 bsup=    0.000000000000000       -4.5150757652159368E-002 
    1.048401331289661     
 b_abs=    1.000676088505112     
 g=  -1.5006718958588745E-002
 j=    0.000000000000000        -608.3168488696101      
    161.5783828525175     
 v_perp_2=    36805364.64830630     
 b_n=  -2.8201560206170142E-005  -4.4241354269637087E-002 
    1.048407226193145     
 b_para_n=    1.000676101915165     
 dxdt=  -0.2619932134087470        -282.0244092652587      
    6744.841070119140     
 dudt=   -1014428.578526960     
 ---------------------
 rk4
 istep=     29000001
 grad_b=  -0.7945083211341454        0.1445870375245490      
  -0.1329270235524592     
 bsub=   1.7675522400097357E-002  -0.1980496523573539      
    1.459093689788866     
 bsup=    0.000000000000000        -1.077317248871236      
   0.8866576995598583     
 b_abs=    1.227503546657733     
 g=  -1.8119194643907401E-002
 j=    0.000000000000000         170.3287802433472      
   -178.8283231203670     
 v_perp_2=    45148160.31346469     
 b_n=   4.0706484648777815E-004   -1.074766660405747      
   0.8869989592898363     
 b_para_n=    1.227503531866334     
 dxdt=    3.209094838012247        -5029.375638823510      
    4158.535006518064     
 dudt=    4099437.034901681     
 ---------------------
 Elapsed time (seconds):     165.5208940000000     

real	2m45.532s
user	2m44.953s
sys	0m0.023s
>>> [PID 3710039] DONE  u=6500, v_perp=6000, out=gc_grid/dat350.dat
