>>> [PID 3716767] START u=1500, v_perp=7000, out=gc_grid/dat361.dat, dt=2e-09, steps=30000000
 outer boundary:   8.3000000000000462E-002
 rk4
 istep=            1
 grad_b=  -0.5028825100378792        4.9320690375727338E-003 
  -7.9835659517797086E-003
 bsub=   8.6923508461680919E-003   4.2252358809069496E-002 
    1.020726994390820     
 bsup=    0.000000000000000        0.5003171125468080      
   0.9181485422367310     
 b_abs=   0.9787596821249700     
 g=  -1.6418710018808104E-002
 j=    0.000000000000000         576.0999667775018      
    59.09754462813331     
 v_perp_2=    48999999.25383636     
 b_n=   5.3592238386158240E-006   0.5008291760607616      
   0.9181273017190144     
 b_para_n=   0.9787596838677576     
 dxdt=   9.7646862162211773E-002    776.0918377327836      
    1406.723484613992     
 dudt=    124357.9733886761     
 ---------------------
 rk4
 istep=      1000001
 grad_b=  -0.4952718823874208       -2.5314799199462751E-004 
   3.0186910811133560E-003
 bsub=   1.1213798925699934E-002   3.9968668563297588E-002 
    1.024701493181827     
 bsup=    0.000000000000000        0.3688046107776077      
   0.9225782762577632     
 b_abs=   0.9796228803389622     
 g=  -1.6939959238615798E-002
 j=    0.000000000000000         190.0748315171531      
    44.58931378198059     
 v_perp_2=    49043213.60520653     
 b_n=   3.6332216155857276E-007   0.3683194119236963      
   0.9225971965148013     
 b_para_n=   0.9796228792545455     
 dxdt=  -6.6730699244983210E-003   -550.3534176517995      
   -1399.369228324258     
 dudt=   -68777.16928605876     
 ---------------------
 rk4
 istep=      2000001
 grad_b=  -0.2617701655992062        6.6333866766826621E-002 
  -9.3091229795527627E-002
 bsub=  -3.0963051358232803E-003   3.4328418011493236E-002 
    1.070485037610288     
 bsup=    0.000000000000000        0.5794921882761822      
   0.9219123776872127     
 b_abs=    1.003480128149468     
 g=  -1.6089707842382221E-002
 j=    0.000000000000000        -29.90347475486283      
   -271.1591751756374     
 v_perp_2=    50237587.47630883     
 b_n=   4.8210666645903025E-005   0.5796744333349487      
   0.9219066692940460     
 b_para_n=    1.003480124322934     
 dxdt=    1.247714163422215         585.7720272846790      
    924.2516901528693     
 dudt=    1181937.881513621     
 ---------------------
 rk4
 istep=      3000001
 grad_b=  -0.5062733043294624       -0.1054688843828189      
   7.9871845707794348E-002
 bsub=   1.8219298778014339E-002  -1.4398645210997117E-002 
    1.132541811015765     
 bsup=    0.000000000000000       -0.3114314142487757      
   0.9074535724484941     
 b_abs=    1.015855671714571     
 g=  -2.0271232126900168E-002
 j=    0.000000000000000        -81.00727856342507      
    5.599431243236779     
 v_perp_2=    50857148.57680967     
 b_n=   3.7080310370184581E-005  -0.3116115935650716      
   0.9074506851588854     
 b_para_n=    1.015855671654623     
 dxdt=   -1.503756294101105         199.4588765561149      
   -559.7778864429512     
 dudt=   -2595344.059934113     
 ---------------------
 rk4
 istep=      4000001
 grad_b=  -0.1336105028865941        9.8167052321855214E-002 
  -0.1165351105147581     
 bsub=  -8.5440330743698570E-003   2.2430926427686487E-002 
    1.119723317277841     
 bsup=    0.000000000000000        0.3159092841774448      
   0.9268826596248148     
 b_abs=    1.022358815864620     
 g=  -1.7124172656463085E-002
 j=    0.000000000000000         105.3732584737962      
   -279.5518272791463     
 v_perp_2=    51182717.62561698     
 b_n=  -1.7061384098425234E-005   0.3158864508304126      
   0.9268829877739841     
 b_para_n=    1.022358816878138     
 dxdt=    1.650797855107046        -77.94190061120007      
   -235.1963247113859     
 dudt=    1885347.481440557     
 ---------------------
 Particle has exited the domain at step       4185761  s =  
   8.3000000207255717E-002
 Elapsed time (seconds):     22.80434900000000     

real	0m22.820s
user	0m22.686s
sys	0m0.015s
>>> [PID 3716767] DONE  u=1500, v_perp=7000, out=gc_grid/dat361.dat
