>>> [PID 3605640] START u=8000, v_perp=-9000, out=gc_grid/dat38.dat, dt=2e-09, steps=30000000
 outer boundary:   8.3000000000000462E-002
 rk4
 istep=            1
 grad_b=  -0.5028818198244719        4.9314073321011231E-003 
  -7.9821639502442587E-003
 bsub=   8.6925321086997846E-003   4.2252256750961170E-002 
    1.020727392671648     
 bsup=    0.000000000000000        0.5003041641236405      
   0.9181486630567640     
 b_abs=   0.9787596175465898     
 g=  -1.6418775624405059E-002
 j=    0.000000000000000         576.0999769854590      
    59.08779199687878     
 v_perp_2=    80999993.42218059     
 b_n=   2.8578510426769329E-005   0.5030351560411945      
   0.9180353811993676     
 b_para_n=   0.9787596268403606     
 dxdt=   0.3814080459866116         4125.739024047845      
    7503.078083842237     
 dudt=    205533.6851855304     
 ---------------------
 rk4
 istep=      1000001
 grad_b=   0.2751679040040555       -7.5589927186813372E-002 
   0.1653902415635320     
 bsub=   7.3007431566304891E-003   2.4690083972582821E-002 
    1.139502711382717     
 bsup=    0.000000000000000        0.8147254224776039      
   0.9834483224107882     
 b_abs=    1.068228637205119     
 g=  -1.2399164791611742E-002
 j=    0.000000000000000         148.7332469130833      
    243.7482260419166     
 v_perp_2=    88404162.14904767     
 b_n=  -5.0183742451159080E-004   0.8129880143952186      
   0.9834892056771360     
 b_para_n=    1.068228661596210     
 dxdt=   -6.294451397527003         5715.927122193326      
    6926.466053865405     
 dudt=   -3914949.504940668     
 ---------------------
 rk4
 istep=      2000001
 grad_b=   0.2732510401280382       -1.4648647559036970E-002 
   0.1189125261438421     
 bsub=  -1.7611560076068639E-002   3.9059499317768788E-002 
    1.050817970898556     
 bsup=    0.000000000000000        0.4021589620411663      
    1.058352019289055     
 b_abs=    1.061957648666966     
 g=  -1.2752635727399195E-002
 j=    0.000000000000000        -855.9074523925653      
    2.877282128005135     
 v_perp_2=    87885103.22736676     
 b_n=  -1.1015524924649034E-004   0.4005688636942540      
    1.058409275251862     
 b_para_n=    1.061957645988095     
 dxdt=   -1.387047481434543         2841.949477188650      
    7532.501276263733     
 dudt=   -4674201.815312975     
 ---------------------
 rk4
 istep=      3000001
 grad_b=  -0.2029533241366382        2.5228751227815774E-003 
   5.2350621635523939E-002
 bsub=  -3.8489864211455539E-002  -1.2966807468670405E-002 
   0.9440879887362909     
 bsup=    0.000000000000000       -4.2669413800745404E-002 
    1.068925071326605     
 b_abs=    1.005040442138587     
 g=  -1.4323607687034653E-002
 j=    0.000000000000000        -595.2870828164105      
    74.73852456280913     
 v_perp_2=    83174688.51997617     
 b_n=   1.7400905130945129E-005  -4.1591577678926073E-002 
    1.068940593082120     
 b_para_n=    1.005040450149206     
 dxdt=   0.2277082056177808        -319.7181443883029      
    8362.910034624663     
 dudt=   -2299463.757041368     
 ---------------------
 rk4
 istep=      4000001
 grad_b=  -0.7159004315384409       -3.1213228508672232E-003 
  -1.3710850010268699E-002
 bsub=  -2.3763445063235019E-002  -5.7560632210187979E-002 
   0.9651726259196156     
 bsup=    0.000000000000000       -0.3977801566942586      
   0.9890103208816686     
 b_abs=   0.9887058795721214     
 g=  -1.6885056938848907E-002
 j=    0.000000000000000        -410.1194094271532      
   -24.78127940795437     
 v_perp_2=    81822795.95762587     
 b_n=  -1.9152764640220572E-005  -0.3942976111171614      
   0.9892175401408538     
 b_para_n=   0.9887058795388262     
 dxdt=  -0.2536806629661047        -3151.709124505980      
    7953.601023862496     
 dudt=    515549.6961674494     
 ---------------------
 rk4
 istep=      5000001
 grad_b=   -1.181317577989152        1.0621426494869548E-002 
  -0.1011079624807956     
 bsub=   3.2193738419930805E-003  -7.4713397507336118E-002 
    1.117431501067744     
 bsup=    0.000000000000000       -0.6684998383806371      
   0.8974864416474095     
 b_abs=    1.025867344770971     
 g=  -1.8831050727618776E-002
 j=    0.000000000000000         233.9292847202511      
   -601.8377114806118     
 v_perp_2=    84898097.87534425     
 b_n=   1.7657280462355506E-005  -0.6630989412806140      
   0.8978474427262370     
 b_para_n=    1.025867277950302     
 dxdt=   0.2276818863909891        -4982.252326051548      
    6787.015086552434     
 dudt=    3946553.126672332     
 ---------------------
 rk4
 istep=      6000001
 grad_b=   -1.334422980321129        3.1807298857570429E-002 
  -0.1711108155137817     
 bsub=   3.0572117738812399E-002  -0.1015061527057180      
    1.300361656273618     
 bsup=    0.000000000000000       -0.8654031299543048      
   0.8698558526535711     
 b_abs=    1.104240364571027     
 g=  -2.0293312836956252E-002
 j=    0.000000000000000         1662.873561281086      
   -723.6457306109562     
 v_perp_2=    91383955.78862308     
 b_n=   7.4273438497517890E-005  -0.8600473615501646      
   0.8702721030103733     
 b_para_n=    1.104240276958051     
 dxdt=   0.9122362318481451        -5672.771776299092      
    5773.190342982142     
 dudt=    6608960.725428861     
 ---------------------
 rk4
 istep=      7000001
 grad_b=   -1.089484977500911       -8.1799821735082878E-002 
  -0.2644834164839981     
 bsub=   5.3395905491203058E-002  -7.6483315567944118E-002 
    1.429481570832833     
 bsup=    0.000000000000000        -1.056847885501133      
   0.8953916014790855     
 b_abs=    1.166301604275829     
 g=  -1.8995310453710557E-002
 j=    0.000000000000000        -571.6665527190133      
    231.2646875978784     
 v_perp_2=    96519888.57846683     
 b_n=  -3.8666713499880385E-004   -1.052497283979671      
   0.8956388409365842     
 b_para_n=    1.166301629464171     
 dxdt=   -4.606289614105922        -6257.504225123918      
    5348.391110344266     
 dudt=    5334775.287523267     
 ---------------------
 rk4
 istep=      8000001
 grad_b=   0.2308162424443980       -0.1333903213160319      
  -0.2695987865500600     
 bsub=   5.8721835432801073E-002   6.7937280545320000E-002 
    1.735209646373309     
 bsup=    0.000000000000000        -1.542002302692242      
    1.032503620028587     
 b_abs=    1.299129924821152     
 g=  -1.0631563137605694E-002
 j=    0.000000000000000         755.9029812154913      
   -347.8477860039759     
 v_perp_2=    107512302.5262924     
 b_n=  -7.6087332490666648E-004   -1.543488509062292      
    1.032587537543779     
 b_para_n=    1.299129898483971     
 dxdt=   -8.728088241273682        -7284.411373620545      
    4867.089205381291     
 dudt=    2314725.788050984     
 ---------------------
 rk4
 istep=      9000001
 grad_b=   0.3920255207274215       -7.2613594834471704E-002 
  -0.2031490635241815     
 bsub=   3.7329384865988399E-002   0.1499656861352945      
    2.023484164274724     
 bsup=    0.000000000000000        -1.628885505364386      
    1.070880178062583     
 b_abs=    1.386182816126077     
 g=  -8.1610278961471040E-003
 j=    0.000000000000000        -1849.225933271295      
    412.6124756670326     
 v_perp_2=    114716443.3955727     
 b_n=  -4.2757974666168472E-004   -1.631825688988698      
    1.071105985139581     
 b_para_n=    1.386182837119685     
 dxdt=   -4.912522036100960        -6500.341965476434      
    4253.914225735146     
 dudt=    2963253.897180037     
 ---------------------
 rk4
 istep=     10000001
 grad_b=   0.4348318862957274       -2.0271009246010763E-002 
  -3.2447003034621891E-002
 bsub=   1.9428392726736275E-002   0.1822274279845705      
    2.146139990729769     
 bsup=    0.000000000000000        -1.506918796843749      
    1.073743605980436     
 b_abs=    1.424833085220426     
 g=  -7.5356101352072914E-003
 j=    0.000000000000000         1133.061927396086      
    210.9721202308195     
 v_perp_2=    117914908.5848822     
 b_n=  -1.3378487410531799E-004   -1.510242182640556      
    1.074027018493040     
 b_para_n=    1.424833107437867     
 dxdt=   -1.552355273535982        -5542.722338114549      
    3925.235687377688     
 dudt=    124672.6947265472     
 ---------------------
 rk4
 istep=     11000001
 grad_b=   0.4753338973290989        5.7731994541478204E-002 
   0.1751146611458145     
 bsub=   3.3225588245975489E-003   0.1803671287594421      
    2.061034411762134     
 bsup=    0.000000000000000        -1.334889098204687      
    1.069461852083575     
 b_abs=    1.400864141624972     
 g=  -7.5503584496779373E-003
 j=    0.000000000000000        -154.1940191036154      
    8.691138655317545     
 v_perp_2=    115931192.7564552     
 b_n=   3.3271720541381037E-004   -1.338616252330800      
    1.069787489594044     
 b_para_n=    1.400864141267444     
 dxdt=    3.834038041434124        -5180.578883033230      
    4119.823716040339     
 dudt=   -3255437.879805828     
 ---------------------
 rk4
 istep=     12000001
 grad_b=   0.4981995508180673        7.0500152582316428E-002 
   0.1932376725193797     
 bsub=  -9.9437224189607831E-003   0.1502083409074494      
    1.806084008177346     
 bsup=    0.000000000000000        -1.104866823897576      
    1.077034001531974     
 b_abs=    1.333721790386111     
 g=  -7.7780976528427203E-003
 j=    0.000000000000000        -754.8782245086734      
    532.8041140600814     
 v_perp_2=    110374587.1779775     
 b_n=   4.3737913090864840E-004   -1.108878838255766      
    1.077370107954352     
 b_para_n=    1.333721827303399     
 dxdt=    5.005331803869615        -4920.548446427112      
    4755.684256360183     
 dudt=   -4040360.697509380     
 ---------------------
 rk4
 istep=     13000001
 grad_b=   0.5910945352922842        7.6628455897092274E-002 
   0.1681864615007276     
 bsub=  -2.9319303928651813E-002   0.1072335550671733      
    1.516445504847921     
 bsup=    0.000000000000000       -0.8074405504018000      
    1.106517176230540     
 b_abs=    1.261387132613937     
 g=  -7.8176647551039605E-003
 j=    0.000000000000000         51.36034315061697      
    41.53119211478840     
 v_perp_2=    104388295.0489901     
 b_n=   5.2615847209057278E-004  -0.8122712969457891      
    1.106868952323226     
 b_para_n=    1.261387136220101     
 dxdt=    6.074599920667755        -4135.091866517257      
    5594.364632760353     
 dudt=   -4075163.850383383     
 ---------------------
 rk4
 istep=     14000001
 grad_b=  -9.7014168996056055E-002   0.1586956001784177      
   0.2115682432086872     
 bsub=  -5.7804291973064970E-002   4.8517310824014968E-003 
    1.220438858398129     
 bsup=    0.000000000000000       -0.6551740151900761      
    1.046322388306212     
 b_abs=    1.129331791960419     
 g=  -1.0370230807133292E-002
 j=    0.000000000000000         1274.172509907055      
    349.9116761831162     
 v_perp_2=    93459743.29444864     
 b_n=   1.0939847249685510E-003  -0.6545710142944977      
    1.046371835781053     
 b_para_n=    1.129331824019622     
 dxdt=    13.25982075260427        -4157.628364906735      
    6652.063096231754     
 dudt=   -4301320.565019223     
 ---------------------
 rk4
 istep=     15000001
 grad_b=  -0.9613837891738493        5.6117289975515065E-002 
   8.7835053718912953E-002
 bsub=  -1.6647572165462473E-002  -9.0795363812823354E-002 
    1.006386079643290     
 bsup=    0.000000000000000       -0.5226652777177331      
   0.9598765669824963     
 b_abs=    1.006304718317713     
 g=  -1.4897221926890643E-002
 j=    0.000000000000000        -272.4049760980710      
    578.3592449475129     
 v_perp_2=    83278362.78149617     
 b_n=   3.5113838090728073E-004  -0.5174020388042956      
   0.9603572826648402     
 b_para_n=    1.006304780204993     
 dxdt=    4.590773211894612        -4011.683253008370      
    7500.127248642612     
 dudt=   -2260734.098935724     
 ---------------------
 rk4
 istep=     16000001
 grad_b=  -0.6378616769957213       -5.2477055676234188E-004 
  -3.0941475390404288E-003
 bsub=   2.1327896395995680E-002  -7.0867291979546443E-002 
   0.9110528183573058     
 bsup=    0.000000000000000       -0.3820362101598882      
    1.039655755395925     
 b_abs=   0.9867942712766277     
 g=  -1.4658259308849952E-002
 j=    0.000000000000000        -345.3496998395111      
    205.5467750176851     
 v_perp_2=    81663664.94608371     
 b_n=  -4.0677005994831766E-006  -0.3786469625585277      
    1.039919511787891     
 b_para_n=   0.9867942940264623     
 dxdt=  -5.3954903224974676E-002   -3036.133910671966      
    8388.234491524709     
 dudt=    126482.3178427942     
 ---------------------
 rk4
 istep=     17000001
 grad_b=  -0.1411624847667551       -2.4605450726977202E-002 
  -6.4734832312570517E-002
 bsub=   4.0539764789900928E-002  -1.5248061041823725E-002 
   0.9331906639163170     
 bsup=    0.000000000000000        4.4212070598610431E-003 
    1.104517784321329     
 b_abs=    1.014940554885035     
 g=  -1.2871032254283087E-002
 j=    0.000000000000000        -385.7159109592821      
    112.0220385508425     
 v_perp_2=    83992869.03313373     
 b_n=  -1.4759556299239431E-004   5.2168555011113376E-003 
    1.104537208815531     
 b_para_n=    1.014940565891820     
 dxdt=   -1.917762581179715         44.36276037813026      
    8500.320382054084     
 dudt=    2919460.986317753     
 ---------------------
 rk4
 istep=     18000001
 grad_b=   0.4474751658903737       -1.8622604932684791E-002 
  -0.1268921944653217     
 bsub=   2.1875607338336850E-002   4.5259834137165361E-002 
    1.077278678819177     
 bsup=    0.000000000000000        0.2364731299251683      
    1.100791307253939     
 b_abs=    1.093552637401918     
 g=  -1.1177822243058340E-002
 j=    0.000000000000000        -498.4204600524175      
    39.72124117881586     
 v_perp_2=    90498437.37157612     
 b_n=  -8.2730441246136067E-005   0.2336718157525784      
    1.100910680812176     
 b_para_n=    1.093552639043941     
 dxdt=   -1.022204590820976         1561.805523345400      
    7432.860180525781     
 dudt=    5451963.777881908     
 ---------------------
 rk4
 istep=     19000001
 grad_b=   0.8318725455226802        1.1295793713103665E-003 
  -0.1624393274242152     
 bsub=  -2.0821779932574364E-002   6.4220657388803282E-002 
    1.292660635903583     
 bsup=    0.000000000000000        0.1623069148953667      
    1.083504850899413     
 b_abs=    1.187703257095033     
 g=  -9.4647260113542055E-003
 j=    0.000000000000000        -1504.482863337830      
    22.21493593198294     
 v_perp_2=    98289905.74852413     
 b_n=   6.3685013874676769E-005   0.1565662840879965      
    1.083791072953818     
 b_para_n=    1.187703252770078     
 dxdt=   0.7520371492503631         866.1845823907192      
    6238.262580499870     
 dudt=    6125382.073614902     
 ---------------------
 rk4
 istep=     20000001
 grad_b=   0.7882905993609760        4.2263775980330348E-002 
  -0.1616478166327543     
 bsub=  -6.7104578099369289E-002   4.3667351697195371E-002 
    1.523488151533096     
 bsup=    0.000000000000000       -0.4236788013920037      
    1.031236788870129     
 b_abs=    1.245953132976737     
 g=  -1.1730543029264061E-002
 j=    0.000000000000000        -428.1193645317043      
    228.6603706856013     
 v_perp_2=    103110346.5112740     
 b_n=   2.6565184806170836E-004  -0.4281038300285496      
    1.031375338191754     
 b_para_n=    1.245953151045612     
 dxdt=    3.078317255454745        -2252.115778044687      
    5358.462576449811     
 dudt=    6130689.099164333     
 ---------------------
 rk4
 istep=     21000001
 grad_b=   0.3731941578649922        0.1654677166645748      
  -0.1367897833375766     
 bsub=  -5.6707388867188117E-002  -7.8834311940033430E-002 
    1.428129681223435     
 bsup=    0.000000000000000       -0.6022511155506052      
   0.9499757162683004     
 b_abs=    1.185038318456861     
 g=  -1.7610010622141112E-002
 j=    0.000000000000000         379.8046762668845      
   -429.8676157717125     
 v_perp_2=    98069169.26751837     
 b_n=   6.5357741564926275E-004  -0.6037731626293160      
   0.9499176152443535     
 b_para_n=    1.185038277165976     
 dxdt=    7.725930230244811        -3499.556053328651      
    5491.044260692930     
 dudt=    8016979.154841659     
 ---------------------
 rk4
 istep=     22000001
 grad_b=  -0.6865152296552682        8.4742627662838965E-002 
  -6.8890222472597379E-002
 bsub=  -1.7575451783280439E-002  -3.3700643739981481E-002 
    1.117626855066437     
 bsup=    0.000000000000000       -0.4739549520899251      
   0.9038287532313842     
 b_abs=    1.013108508228833     
 g=  -2.0198410148217938E-002
 j=    0.000000000000000        -679.9531872351390      
    392.8417599983777     
 v_perp_2=    83840832.20921098     
 b_n=   3.6460138721237673E-004  -0.4709223180488690      
   0.9039259740822740     
 b_para_n=    1.013108554502568     
 dxdt=    4.743560926553151        -3619.118452005509      
    6978.139856493965     
 dudt=    4183481.901945295     
 ---------------------
 rk4
 istep=     23000001
 grad_b=  -0.9990720502556313        6.9768030051220578E-002 
  -8.8844688057630711E-002
 bsub=  -7.0194146322937702E-003  -6.5666046327115701E-002 
    1.140237198417195     
 bsup=    0.000000000000000       -0.6350254829030381      
   0.8926149738702074     
 b_abs=    1.029358833294566     
 g=  -1.9835091683957765E-002
 j=    0.000000000000000         1137.353919003506      
    207.6946278876977     
 v_perp_2=    85185562.23779398     
 b_n=   2.8379537321885631E-004  -0.6306374240134012      
   0.8928694424763081     
 b_para_n=    1.029358848852578     
 dxdt=    3.650618026551485        -4714.751717771569      
    6709.841968029292     
 dudt=    4968803.098513313     
 ---------------------
 rk4
 istep=     24000001
 grad_b=   -1.079329998432253        0.1158733682582882      
  -0.1375296432158817     
 bsub=   1.5668914357203610E-002  -0.1254681278256982      
    1.324037048193623     
 bsup=    0.000000000000000       -0.8343590973836710      
   0.8765200236819566     
 b_abs=    1.124740406530806     
 g=  -1.9807315869356898E-002
 j=    0.000000000000000        -425.3040516560094      
    374.1260322918284     
 v_perp_2=    93078868.92829105     
 b_n=   4.0964145870450648E-004  -0.8300663666279294      
   0.8769219976820244     
 b_para_n=    1.124740447619622     
 dxdt=    4.976710201554241        -5293.156027749457      
    5620.295054815727     
 dudt=    7991574.263096509     
 ---------------------
 rk4
 istep=     25000001
 grad_b=  -0.7618572270294102        0.1270909652462295      
  -0.1243848672454362     
 bsub=   1.9974601247426425E-002  -0.2052515133997861      
    1.490869418319054     
 bsup=    0.000000000000000        -1.148565768048838      
   0.8947867076779814     
 b_abs=    1.252840751376174     
 g=  -1.7578503117364402E-002
 j=    0.000000000000000         58.94619343935983      
   -287.4912288527664     
 v_perp_2=    103679830.5204753     
 b_n=   3.9958047898535867E-004   -1.145803494849466      
   0.8951616228519109     
 b_para_n=    1.252840727648828     
 dxdt=    4.622295829488412        -5861.108974248350      
    4595.309770448358     
 dudt=    8496949.666971128     
 ---------------------
 rk4
 istep=     26000001
 grad_b=  -0.5245365413594926       -7.2938728046773094E-002 
   6.1608268496613931E-002
 bsub=  -7.5198296747082654E-004  -0.2300608040095038      
    1.522426326573047     
 bsup=    0.000000000000000        -1.253024616634637      
   0.9037144481848101     
 b_abs=    1.290033803007591     
 g=  -1.6642639047263395E-002
 j=    0.000000000000000         305.5311758432024      
   -162.7622951816212     
 v_perp_2=    106757662.8051738     
 b_n=  -2.2627387649493534E-004   -1.251159372953487      
   0.9039961887549389     
 b_para_n=    1.290033787468750     
 dxdt=   -2.598703127079891        -5985.206167721221      
    4335.374503805908     
 dudt=   -4717277.251347777     
 ---------------------
 rk4
 istep=     27000001
 grad_b=  -0.7555801165169088       -0.1601993042478144      
   0.1285702066972261     
 bsub=  -6.7700090198357004E-003  -0.1774991921525157      
    1.411079047489120     
 bsup=    0.000000000000000       -0.9775130729915665      
   0.8834241239413484     
 b_abs=    1.191554039773594     
 g=  -1.8665314463044525E-002
 j=    0.000000000000000         260.0635085735174      
   -37.44453517966677     
 v_perp_2=    98607805.30961177     
 b_n=  -5.4644923723982930E-004  -0.9746486562197328      
   0.8837818110306308     
 b_para_n=    1.191554033530084     
 dxdt=   -6.443283948094498        -5553.902236149671      
    5054.061693146274     
 dudt=   -9382188.940537315     
 ---------------------
 rk4
 istep=     28000001
 grad_b=  -0.4900831506956219       -0.1917763211511880      
   0.1105085310955378     
 bsub=   1.4213053374843529E-002  -0.1582751156071432      
    1.353634945102569     
 bsup=    0.000000000000000       -0.8797258945513935      
   0.8891339736747428     
 b_abs=    1.158969052430884     
 g=  -1.9791420182254431E-002
 j=    0.000000000000000         191.8626668465349      
   -282.0351766562663     
 v_perp_2=    95911121.41850565     
 b_n=  -6.6752875932403943E-004  -0.8778924435613434      
   0.8893553365583732     
 b_para_n=    1.158969024169159     
 dxdt=   -7.977680781493723        -5296.318232393768      
    5377.750398033249     
 dudt=   -9531307.169804791     
 ---------------------
 rk4
 istep=     29000001
 grad_b=   0.2337297175837098       -0.1019911223353590      
   6.5580333264184831E-002
 bsub=   9.8892464744021524E-002  -0.1013956784739502      
    1.643315865667676     
 bsup=    0.000000000000000        -1.130345991813781      
   0.9737813965258599     
 b_abs=    1.309625170283149     
 g=  -1.6289738062726843E-002
 j=    0.000000000000000        -3.155499226134111      
    90.24403385319161     
 v_perp_2=    108378638.1748542     
 b_n=  -3.6471824614009977E-004   -1.131201639390163      
   0.9737505551927451     
 b_para_n=    1.309625177176891     
 dxdt=   -4.179071816291864        -5232.943849088017      
    4499.327330857300     
 dudt=   -5660132.933025857     
 ---------------------
 Elapsed time (seconds):     156.0113330000000     

real	2m36.023s
user	2m35.681s
sys	0m0.018s
>>> [PID 3605640] DONE  u=8000, v_perp=-9000, out=gc_grid/dat38.dat
