>>> [PID 3731373] START u=2000, v_perp=8000, out=gc_grid/dat383.dat, dt=2e-09, steps=30000000
 outer boundary:   8.3000000000000462E-002
 rk4
 istep=            1
 grad_b=  -0.5028824561113536        4.9320184146595322E-003 
  -7.9834583909267620E-003
 bsub=   8.6923648267108154E-003   4.2252350943766531E-002 
    1.020727025010793     
 bsup=    0.000000000000000        0.5003161153455178      
   0.9181485516021172     
 b_abs=   0.9787596771569803     
 g=  -1.6418715066525029E-002
 j=    0.000000000000000         576.0999700940142      
    59.09679810369074     
 v_perp_2=    63999998.70056769     
 b_n=   7.1455549708793445E-006   0.5009988664405336      
   0.9181202309291102     
 b_para_n=   0.9787596794806762     
 dxdt=   0.1314111890010004         1034.903342465318      
    1875.626512318026     
 dudt=    162424.4562606479     
 ---------------------
 rk4
 istep=      1000001
 grad_b=  -0.4410178749419987        3.3221440897017604E-002 
  -5.8918821087239379E-002
 bsub=   3.6126631598100822E-003   3.9915891416666460E-002 
    1.022447036643051     
 bsup=    0.000000000000000        0.9226091804463564      
   0.9206619652194863     
 b_abs=   0.9890962899199924     
 g=  -1.4359958846431230E-002
 j=    0.000000000000000         105.1941697116322      
    17.20460096169849     
 v_perp_2=    64675897.47129963     
 b_n=  -4.9310192639756401E-005   0.9219972570630884      
   0.9206860281582294     
 b_para_n=   0.9890962893861441     
 dxdt=   0.9751405279195294        -1688.554591779284      
   -1697.542265534995     
 dudt=    779893.3659261562     
 ---------------------
 Particle has exited the domain at step       1844884  s =  
   8.3000001987622862E-002
 Elapsed time (seconds):     10.03067000000000     

real	0m10.043s
user	0m9.972s
sys	0m0.014s
>>> [PID 3731373] DONE  u=2000, v_perp=8000, out=gc_grid/dat383.dat
