>>> [PID 3717122] START u=3000, v_perp=7000, out=gc_grid/dat364.dat, dt=2e-09, steps=30000000
 outer boundary:   8.3000000000000462E-002
 rk4
 istep=            1
 grad_b=  -0.5028823536293892        4.9319153888192843E-003 
  -7.9832414349457759E-003
 bsub=   8.6923925480613048E-003   4.2252335309945925E-002 
    1.020727086356198     
 bsup=    0.000000000000000        0.5003141284127710      
   0.9181485698730991     
 b_abs=   0.9787596672212171     
 g=  -1.6418725154806017E-002
 j=    0.000000000000000         576.0999619837746      
    59.09528129435043     
 v_perp_2=    48999998.50770438     
 b_n=   1.0718097462084167E-005   0.5013382542215458      
   0.9181060889179886     
 b_para_n=   0.9787596707066967     
 dxdt=   0.1222827427927122         1545.198925180832      
    2813.736231995505     
 dudt=    124352.7048567021     
 ---------------------
 rk4
 istep=      1000001
 grad_b=  -0.4172960398766674        3.6243534216905259E-002 
  -6.2216153337056913E-002
 bsub=   2.7460194184595961E-003   3.9469387008197160E-002 
    1.025765437044464     
 bsup=    0.000000000000000        0.9187419523580427      
   0.9216866766290744     
 b_abs=   0.9907929569517598     
 g=  -1.4377407692212626E-002
 j=    0.000000000000000        -49.08643183839729      
    26.39501876958554     
 v_perp_2=    49602421.08746119     
 b_n=  -8.5130264456187411E-005   0.9178228897148145      
   0.9217222672627984     
 b_para_n=   0.9907929559762250     
 dxdt=   0.9843424791881749        -2676.496920157757      
   -2696.148079736228     
 dudt=    607488.4076693343     
 ---------------------
 rk4
 istep=      2000001
 grad_b=  -0.4795904743172914        5.5800879662233627E-003 
  -4.5442595241463046E-003
 bsub=   1.0373725145775378E-002   4.1270113972220010E-002 
    1.022741016615529     
 bsup=    0.000000000000000        0.4100583101186545      
   0.9196058832275745     
 b_abs=   0.9782642172624471     
 g=  -1.6820614930936943E-002
 j=    0.000000000000000         588.9387022289459      
    51.72976719746667     
 v_perp_2=    48975186.97574332     
 b_n=   1.1508276208797568E-005   0.4110158714138585      
   0.9195671295942240     
 b_para_n=   0.9782642204488177     
 dxdt=   0.1312322635645434         1270.159282133767      
    2823.557968790125     
 dudt=    48380.64334485454     
 ---------------------
 rk4
 istep=      3000001
 grad_b=  -0.3858530742690786        4.2110122501647140E-002 
  -7.2272239444815034E-002
 bsub=   2.6691789295167504E-003   3.8533673703567209E-002 
    1.031425074396884     
 bsup=    0.000000000000000        0.9188233503765626      
   0.9227802279330946     
 b_abs=   0.9935295142359185     
 g=  -1.4331598897500268E-002
 j=    0.000000000000000        -126.5121400948173      
    55.06274821042452     
 v_perp_2=    49739414.49949960     
 b_n=  -9.8233606821218917E-005   0.9179778919453158      
   0.9228120662592524     
 b_para_n=   0.9935295122485924     
 dxdt=    1.139722502719213        -2648.201154244117      
   -2669.826375724060     
 dudt=    705442.0534014121     
 ---------------------
 Particle has exited the domain at step       3674660  s =  
   8.3000000502380697E-002
 Elapsed time (seconds):     19.92481800000000     

real	0m19.940s
user	0m19.860s
sys	0m0.020s
>>> [PID 3717122] DONE  u=3000, v_perp=7000, out=gc_grid/dat364.dat
