>>> [PID 3716152] START u=0, v_perp=7000, out=gc_grid/dat358.dat, dt=2e-09, steps=30000000
 outer boundary:   8.3000000000000462E-002
 rk4
 istep=            1
 grad_b=  -0.5028826652901182        4.9322230670602457E-003 
  -7.9838908619153243E-003
 bsub=   8.6923091957331264E-003   4.2252382286777794E-002 
    1.020726902403894     
 bsup=    0.000000000000000        0.5003200950903374      
   0.9181485146989572     
 b_abs=   0.9787596970293531     
 g=  -1.6418694884310161E-002
 j=    0.000000000000000         576.0999743191884      
    59.09981309047934     
 v_perp_2=    48999999.99999994     
 b_n=   8.8868275984011752E-013   0.5003200951752466      
   0.9181485146954351     
 b_para_n=   0.9787596970293534     
 dxdt=   8.9436492475247598E-002    8.545148318370121      
  -0.3542443628616342     
 dudt=    124363.2464806495     
 ---------------------
 rk4
 istep=      1000001
 grad_b=  -0.4880716423583112       -1.3954909816652900E-003 
   5.0235973380991783E-003
 bsub=   1.1051491299258583E-002   4.0228897950675163E-002 
    1.025805252113380     
 bsup=    0.000000000000000        0.3604721504051170      
   0.9200735780747293     
 b_abs=   0.9786975653523400     
 g=  -1.7102771945466898E-002
 j=    0.000000000000000         139.2191129419803      
    41.33924959174179     
 v_perp_2=    48996889.47941541     
 b_n=  -5.8182722058497495E-008   0.3604899843995412      
   0.9200728793427139     
 b_para_n=   0.9786975653890875     
 dxdt=  -2.6116960978214181E-002    28.54710542273743      
    52.11763626027859     
 dudt=   -105350.8105341618     
 ---------------------
 rk4
 istep=      2000001
 grad_b=  -0.4920953458843428        5.5646546228492744E-003 
  -5.2334232732348246E-003
 bsub=   1.0211745798870662E-002   4.1297165207211571E-002 
    1.022308630898062     
 bsup=    0.000000000000000        0.4224596607247910      
   0.9202237880820834     
 b_abs=   0.9786565711060961     
 g=  -1.6728835068368489E-002
 j=    0.000000000000000         541.8229742889716      
    60.03695613636063     
 v_perp_2=    48994837.16966171     
 b_n=  -2.7703078345814812E-007   0.4224360608997580      
   0.9202247441084473     
 b_para_n=   0.9786565710234951     
 dxdt=   9.6530738296267724E-002   -22.79381082901501      
   -67.89585612053176     
 dudt=    63050.77674306602     
 ---------------------
 rk4
 istep=      3000001
 grad_b=  -0.4845462697508289        4.1607113492219960E-003 
  -1.4058815216076714E-003
 bsub=   1.1296883548115050E-002   4.0369501378532013E-002 
    1.023863597540074     
 bsup=    0.000000000000000        0.3670686040427906      
   0.9212432700994968     
 b_abs=   0.9785598999435181     
 g=  -1.6981723198702371E-002
 j=    0.000000000000000         325.1499415561232      
    67.40463813537855     
 v_perp_2=    48989997.48633683     
 b_n=   2.7774859512560921E-007   0.3671005241105579      
   0.9212420085793557     
 b_para_n=   0.9785599000562993     
 dxdt=   6.9544791327638855E-002    45.50809474625820      
    93.83869693787389     
 dudt=   -5937.340872613483     
 ---------------------
 rk4
 istep=      4000001
 grad_b=  -0.4793831911045445        2.8021508813737689E-003 
   1.4030936116736503E-003
 bsub=   1.2306830617743104E-002   3.9301568685662050E-002 
    1.025151271464891     
 bsup=    0.000000000000000        0.3212037963609506      
   0.9224106873918771     
 b_abs=   0.9786572552297430     
 g=  -1.7174995808394804E-002
 j=    0.000000000000000         20.63287564983926      
    98.92519472529412     
 v_perp_2=    48994871.41916644     
 b_n=  -1.2832128979642989E-007   0.3211814130905078      
   0.9224115469513920     
 b_para_n=   0.9786572551292589     
 dxdt=   4.4862247933634192E-002   -15.67899135703505      
   -67.79876101997345     
 dudt=   -56124.62073224936     
 ---------------------
 rk4
 istep=      5000001
 grad_b=  -0.4775636759981071        9.7619566133530650E-003 
  -8.2800564851344682E-003
 bsub=   1.1469554958481912E-002   4.0482742457749854E-002 
    1.022222486616620     
 bsup=    0.000000000000000        0.3766182238189992      
   0.9225312265788606     
 b_abs=   0.9786965875161621     
 g=  -1.6842023084632389E-002
 j=    0.000000000000000         564.6152360494674      
    101.3644161104980     
 v_perp_2=    48996840.52560680     
 b_n=   3.7596237874452537E-007   0.3766360154621737      
   0.9225305178572788     
 b_para_n=   0.9786965876137328     
 dxdt=   0.1674491631015407         29.55420305180354      
    52.66778263958370     
 dudt=    101336.3278258309     
 ---------------------
 rk4
 istep=      6000001
 grad_b=  -0.4698353672642560        5.2659026187815150E-004 
   4.6321143388581565E-003
 bsub=   1.3945027748764979E-002   3.7221950233028718E-002 
    1.027041718666301     
 bsup=    0.000000000000000        0.2515516045852182      
   0.9239991841639992     
 b_abs=   0.9787566651063553     
 g=  -1.7467642022073456E-002
 j=    0.000000000000000        -534.2896872381276      
    186.9120611506133     
 v_perp_2=    48999848.21167804     
 b_n=   2.8377085231691197E-009   0.2515553217639487      
   0.9239990494355503     
 b_para_n=   0.9787566651354493     
 dxdt=   5.7655574215632940E-003    10.71905603388901      
    11.35717325012346     
 dudt=   -112850.4739789914     
 ---------------------
 rk4
 istep=      7000001
 grad_b=  -0.4694954504175862        1.0429204916529544E-002 
  -7.6303646773142331E-003
 bsub=   1.2689692976873480E-002   3.9426703388830267E-002 
    1.022621232977829     
 bsup=    0.000000000000000        0.3282977573704730      
   0.9244690834641552     
 b_abs=   0.9787225479461104     
 g=  -1.7004113700309579E-002
 j=    0.000000000000000         356.0457814347661      
    138.6801946415168     
 v_perp_2=    48998140.19196913     
 b_n=  -3.0374155021097431E-007   0.3282844613208996      
   0.9244695997682282     
 b_para_n=   0.9787225478538656     
 dxdt=   0.1763165663765310        -6.747796982515814      
   -41.03467099669782     
 dudt=    92844.28612394512     
 ---------------------
 Particle has exited the domain at step       7104074  s =  
   8.3000000168772445E-002
 Elapsed time (seconds):     38.39437600000000     

real	0m38.406s
user	0m38.210s
sys	0m0.019s
>>> [PID 3716152] DONE  u=0, v_perp=7000, out=gc_grid/dat358.dat
