>>> [PID 3726091] START u=8500, v_perp=7000, out=gc_grid/dat375.dat, dt=2e-09, steps=30000000
 outer boundary:   8.3000000000000462E-002
 rk4
 istep=            1
 grad_b=  -0.5028817702400776        4.9313552674591296E-003 
  -7.9820549047717737E-003
 bsub=   8.6925458952653439E-003   4.2252248963268249E-002 
    1.020727423378149     
 bsup=    0.000000000000000        0.5003031729804929      
   0.9181486720500101     
 b_abs=   0.9787596125795184     
 g=  -1.6418780666295825E-002
 j=    0.000000000000000         576.0999679160849      
    59.08702627867232     
 v_perp_2=    48999995.77215697     
 b_n=   3.0364331644606796E-005   0.5032048507729966      
   0.9180283101510036     
 b_para_n=   0.9787596224540582     
 dxdt=   0.3531179021525885         4378.608115917787      
    7972.227031722253     
 dudt=    124333.4259196645     
 ---------------------
 rk4
 istep=      1000001
 grad_b=   0.5888469090236319       -7.0325829903345960E-002 
   0.1259060920627932     
 bsub=   9.9804886890955485E-002   4.4586324781374538E-003 
    1.706686439098565     
 bsup=    0.000000000000000       -0.9776374761906365      
    1.012420774311243     
 b_abs=    1.312904006724684     
 g=  -1.3536677132852644E-002
 j=    0.000000000000000         208.6075023580614      
    316.6602507906525     
 v_perp_2=    65728297.27760847     
 b_n=  -4.0285143042734792E-004  -0.9809529020084031      
    1.012453017608977     
 b_para_n=    1.312904037490313     
 dxdt=   -3.639678418534178        -5578.462601692300      
    5746.209609390600     
 dudt=   -3741156.247381479     
 ---------------------
 rk4
 istep=      2000001
 grad_b=   0.4063486334870148       -6.2860350555737909E-002 
  -0.1692763538019542     
 bsub=   2.8341460759374763E-002   0.1679462933747996      
    2.090688396206569     
 bsup=    0.000000000000000        -1.605451465907754      
    1.074451187554899     
 b_abs=    1.405674210957345     
 g=  -7.7057735544061616E-003
 j=    0.000000000000000        -1648.271315380313      
    438.9074501312158     
 v_perp_2=    70372597.72287913     
 b_n=  -5.0475086256981808E-004   -1.609638615105999      
    1.074794406713075     
 b_para_n=    1.405674241367617     
 dxdt=   -4.332614426097541        -8182.513818132088      
    5455.054202064027     
 dudt=    1441699.145483677     
 ---------------------
 rk4
 istep=      3000001
 grad_b=   0.7516582700203381       -4.1100118395947835E-002 
  -0.1610910565912030     
 bsub=  -1.6209416848370906E-002   0.1187256795321500      
    1.545875048045953     
 bsup=    0.000000000000000       -0.5754640007445800      
    1.102437342796427     
 b_abs=    1.279282288632640     
 g=  -8.3621811629615416E-003
 j=    0.000000000000000         361.9921929940840      
   -247.8444810859803     
 v_perp_2=    64044930.67188632     
 b_n=  -2.5676872570713240E-004  -0.5821671252218231      
    1.102949444016778     
 b_para_n=    1.279282267965874     
 dxdt=   -2.367868624382858        -3464.086994347228      
    6522.579040737967     
 dudt=    3012155.327686213     
 ---------------------
 rk4
 istep=      4000001
 grad_b=   0.2685638732243469       -6.7992898552707154E-003 
  -0.1101289090305635     
 bsub=   2.6470474792964140E-002   3.4102856139588522E-002 
    1.030642090033800     
 bsup=    0.000000000000000        0.2676317130420069      
    1.086990887773496     
 b_abs=    1.062941624126372     
 g=  -1.2407465572387521E-002
 j=    0.000000000000000        -509.4805451439950      
   -146.9275241855713     
 v_perp_2=    53214157.86049506     
 b_n=  -2.0017220640701027E-005   0.2659099158051998      
    1.087048357625275     
 b_para_n=    1.062941607925434     
 dxdt=  -0.2160796356861174         2058.225246297859      
    8435.626074771364     
 dudt=    2861926.330122996     
 ---------------------
 rk4
 istep=      5000001
 grad_b=  -0.8094031061656017       -2.1817612948015392E-002 
   4.0052100287560136E-002
 bsub=   2.0525557618098104E-002  -4.4958390198576031E-002 
    1.037799433539474     
 bsup=    0.000000000000000       -0.4742108984666611      
   0.9296757215564896     
 b_abs=   0.9930466406660042     
 g=  -1.8971327963389500E-002
 j=    0.000000000000000        -677.7868635921244      
   -217.2891088991068     
 v_perp_2=    49714936.32210294     
 b_n=  -9.8571309368909914E-005  -0.4702342819342479      
   0.9298499206027770     
 b_para_n=   0.9930466186758347     
 dxdt=   -1.131265911431649        -3993.245620456801      
    7920.105748874174     
 dudt=   -1199378.979619292     
 ---------------------
 rk4
 istep=      6000001
 grad_b=  -0.4092397608171435       -4.4700283094434211E-002 
  -2.0719909434760431E-003
 bsub=   5.4346938674222370E-002  -0.2263522539622667      
    1.530746846350553     
 bsup=    0.000000000000000        -1.273264649267372      
   0.9128413483025228     
 b_abs=    1.298174285289193     
 g=  -1.8289627868068328E-002
 j=    0.000000000000000        -224.1423307967991      
   -137.8557548033516     
 v_perp_2=    64990458.35239186     
 b_n=  -1.7538962023767342E-004   -1.271670158077467      
   0.9130833454619786     
 b_para_n=    1.298174275910614     
 dxdt=   -1.598690605520752        -7342.178410084015      
    5276.452068954609     
 dudt=   -1060973.875830723     
 ---------------------
 rk4
 istep=      7000001
 grad_b=   0.3274495234300143       -0.1350773720523205      
  -0.2404145946238608     
 bsub=   5.4442912245015768E-002   6.4473945994134085E-002 
    1.498902077894608     
 bsup=    0.000000000000000        -1.029278495021805      
    1.060480060838453     
 b_abs=    1.234041745968156     
 g=  -9.5513035918857771E-003
 j=    0.000000000000000        -1640.264167747175      
    461.2597840423167     
 v_perp_2=    61779726.66894538     
 b_n=  -1.0370259728388329E-003   -1.032073563601893      
    1.060637987049719     
 b_para_n=    1.234041784955089     
 dxdt=   -9.846612665960883        -6458.642035220997      
    6628.585437630025     
 dudt=    2351392.233697759     
 ---------------------
 rk4
 istep=      8000001
 grad_b=   0.2827811040191523       -5.8668764059642664E-002 
  -0.1248539770732372     
 bsub=   3.6206644933716725E-002   3.6193551611360820E-002 
    1.045611743011581     
 bsup=    0.000000000000000       -3.8340285636471738E-002 
    1.131275751824177     
 b_abs=    1.086885690457514     
 g=  -1.0197029764452111E-002
 j=    0.000000000000000        -411.5149501151757      
    382.9791078583483     
 v_perp_2=    54412598.66745883     
 b_n=  -4.0346942526406230E-004  -4.0471776314956867E-002 
    1.131363540258370     
 b_para_n=    1.086885725535343     
 dxdt=   -4.270187243465550        -310.9495599033197      
    8510.239512561246     
 dudt=    3201116.026126840     
 ---------------------
 rk4
 istep=      9000001
 grad_b=  -0.7147533403316346        3.2873867567551965E-003 
   1.2676854269141544E-002
 bsub=   2.2454232041706709E-002  -6.1618635722780910E-002 
   0.9594854833397919     
 bsup=    0.000000000000000       -0.4051796445009814      
   0.9895007225295990     
 b_abs=   0.9871827341106989     
 g=  -1.6795125347141764E-002
 j=    0.000000000000000        -311.2873042752831      
   -7.153496751711373     
 v_perp_2=    49421122.69543468     
 b_n=   2.1318114942820048E-005  -0.4014631086605916      
   0.9897389028672600     
 b_para_n=   0.9871827355189515     
 dxdt=   0.2459837716840958        -3435.676692925822      
    8497.840627012891     
 dudt=   -284290.1216010313     
 ---------------------
 rk4
 istep=     10000001
 grad_b=  -0.9788120143685739       -0.1347721496351731      
   0.1441679490120971     
 bsub=  -2.1528308191507362E-002  -0.1641465803205162      
    1.408574398071533     
 bsup=    0.000000000000000       -0.9597805483919458      
   0.8793466454851343     
 b_abs=    1.181543550479244     
 g=  -1.9134756796647757E-002
 j=    0.000000000000000         442.5438546874294      
    80.98778207177980     
 v_perp_2=    59151285.34084393     
 b_n=  -5.1282944945906927E-004  -0.9555351386964547      
   0.8798335439883987     
 b_para_n=    1.181543553554053     
 dxdt=   -5.049279193770924        -6359.431363343911      
    5869.573351291961     
 dudt=   -5426076.707154143     
 ---------------------
 rk4
 istep=     11000001
 grad_b=   -1.219838885364492        8.9827594993062060E-002 
  -0.1600806973640240     
 bsub=   3.1160471049260244E-002  -0.1323017690939644      
    1.364878816287766     
 bsup=    0.000000000000000       -0.9008099134476142      
   0.8712168769166858     
 b_abs=    1.143886847110159     
 g=  -2.0330119505275648E-002
 j=    0.000000000000000         1073.497781031966      
   -79.35700679182165     
 v_perp_2=    57266003.66559736     
 b_n=   3.1905847818121060E-004  -0.8955880237222945      
   0.8717157492080453     
 b_para_n=    1.143886826991306     
 dxdt=    3.229554459593456        -6246.349149589056      
    6097.316307636812     
 dudt=    4822577.498445035     
 ---------------------
 rk4
 istep=     12000001
 grad_b=  -0.7871303978234134       -1.5742657243762712E-002 
  -2.2898602223545533E-002
 bsub=  -2.3202405734757507E-003  -9.2397089568464819E-002 
   0.9030001977132046     
 bsup=    0.000000000000000       -0.4621375471851727      
    1.028825316088493     
 b_abs=   0.9860845008872474     
 g=  -1.3680848265196558E-002
 j=    0.000000000000000        -129.7524600991961      
    213.8409132948230     
 v_perp_2=    49365936.04585000     
 b_n=  -1.0889163096307252E-004  -0.4573979974426823      
    1.029310023766503     
 b_para_n=   0.9860845243961712     
 dxdt=   -1.257746054396105        -3918.757960793030      
    8851.534866556303     
 dudt=    413346.2646212563     
 ---------------------
 rk4
 istep=     13000001
 grad_b=  -0.8053153757347518        4.2088432521940985E-002 
   4.4128063741066752E-002
 bsub=  -1.7970911600282777E-002  -9.5502981581823104E-002 
   0.8637861871025574     
 bsup=    0.000000000000000       -0.5139283812710923      
    1.077009902935092     
 b_abs=   0.9900208747611468     
 g=  -1.1238024969260199E-002
 j=    0.000000000000000         470.3665639543408      
   -254.1319062098558     
 v_perp_2=    49562949.62632130     
 b_n=   3.2624255138660681E-004  -0.5083408618370954      
    1.077634430068123     
 b_para_n=   0.9900208447308088     
 dxdt=    3.754581186520264        -4330.895632383098      
    9217.952735586376     
 dudt=   -654741.1493035663     
 ---------------------
 rk4
 istep=     14000001
 grad_b=   -1.310415047914446       -4.7788353251785293E-002 
   0.1652328126123802     
 bsub=  -2.9168457679064962E-002  -0.1068681144651367      
    1.306112177635184     
 bsup=    0.000000000000000       -0.8575386313306689      
   0.8679929271738314     
 b_abs=    1.107128152037423     
 g=  -2.0488179939575211E-002
 j=    0.000000000000000         1489.075118012762      
   -571.8145973336265     
 v_perp_2=    55425570.42293055     
 b_n=  -1.5127582758248535E-004  -0.8517700862745934      
   0.8684614732751936     
 b_para_n=    1.107128073201018     
 dxdt=   -1.575296260409855        -6224.121344667308      
    6365.681304289168     
 dudt=   -4169147.594252781     
 ---------------------
 rk4
 istep=     15000001
 grad_b=  -0.7982126314949787        0.1461932844302692      
  -0.1339677434077505     
 bsub=   1.5902784968530224E-002  -0.1930624576478906      
    1.453025922876164     
 bsup=    0.000000000000000        -1.060713638901476      
   0.8867008643606743     
 b_abs=    1.221820233138927     
 g=  -1.8161234321986894E-002
 j=    0.000000000000000         254.6186801627894      
   -139.9373945631760     
 v_perp_2=    61167251.72394735     
 b_n=   5.5798990804545843E-004   -1.057250997909552      
   0.8871548213878021     
 b_para_n=    1.221820215903952     
 dxdt=    5.341839160220398        -6696.086672225872      
    5629.633388731033     
 dudt=    5610503.686726266     
 ---------------------
 rk4
 istep=     16000001
 grad_b=  -0.8088068697335291       -1.5683229871979107E-004 
  -2.9043918208279271E-002
 bsub=  -1.9207651240403564E-002  -6.0999158814959806E-002 
   0.9926498258683785     
 bsup=    0.000000000000000       -0.4499828055739826      
   0.9602541925474820     
 b_abs=   0.9904020549747329     
 g=  -1.7710134653815931E-002
 j=    0.000000000000000         323.8783306053924      
   -277.7465016632829     
 v_perp_2=    49581831.07377940     
 b_n=  -9.8258845392701020E-006  -0.4458867950136192      
   0.9605056722319052     
 b_para_n=   0.9904020214514140     
 dxdt=  -0.1130420886510282        -3799.216443519679      
    8210.902704457638     
 dudt=    703089.8151231383     
 ---------------------
 rk4
 istep=     17000001
 grad_b=   0.2382366757250874        4.2982055843449635E-002 
   0.1116472405396949     
 bsub=  -3.5451269460643149E-002   2.8319721995365491E-002 
    1.018475770855845     
 bsup=    0.000000000000000        8.8043705826707286E-002 
    1.120904949803820     
 b_abs=    1.069981441961412     
 g=  -1.1141390972131319E-002
 j=    0.000000000000000        -250.4962963418236      
    227.9870463313117     
 v_perp_2=    53565693.06241349     
 b_n=   2.7404896051800177E-004   8.6379750343123798E-002 
    1.120960779206918     
 b_para_n=    1.069981463227299     
 dxdt=    2.940955905957009         659.1080888327982      
    8619.195117889851     
 dudt=   -3016186.790417628     
 ---------------------
 rk4
 istep=     18000001
 grad_b=   0.5542308469171519        8.5591377574477906E-002 
   0.1761286003396347     
 bsub=  -3.5281393950913745E-002   0.1016772804748616      
    1.503221350225219     
 bsup=    0.000000000000000       -0.8249225815278058      
    1.103725745511235     
 b_abs=    1.254608125583500     
 g=  -7.9190975274862907E-003
 j=    0.000000000000000         177.1786628848367      
   -46.79618287604350     
 v_perp_2=    62808439.10371117     
 b_n=   7.1060270194895497E-004  -0.8303078228026667      
    1.104106676469557     
 b_para_n=    1.254608122242308     
 dxdt=    6.656644428461278        -5076.950485369378      
    6728.904344022505     
 dudt=   -2469800.098316432     
 ---------------------
 rk4
 istep=     19000001
 grad_b=  -0.8538531312439696        2.7903970186251952E-002 
   0.1754114041487678     
 bsub=  -8.3920067338464160E-002  -0.1161087012333614      
    1.621614758272740     
 bsup=    0.000000000000000        -1.207928454395067      
   0.9379812788990949     
 b_abs=    1.289172313397914     
 g=  -1.8686032436164495E-002
 j=    0.000000000000000         1310.339665594447      
   -364.4730181013264     
 v_perp_2=    64538730.97481192     
 b_n=   1.6645761551839535E-004   -1.204453144000873      
   0.9382386925890989     
 b_para_n=    1.289172269127755     
 dxdt=    1.525644483203981        -7024.251305802527      
    5481.568782092003     
 dudt=   -2540177.624529157     
 ---------------------
 rk4
 istep=     20000001
 grad_b=  -0.8468107530303198        5.8209194770099969E-002 
  -6.3257278667245564E-002
 bsub=  -1.5272464700022132E-002  -4.7401059893906250E-002 
    1.096066969709367     
 bsup=    0.000000000000000       -0.5447548454735043      
   0.9043946182896859     
 b_abs=    1.008739202481559     
 g=  -1.9781270689126551E-002
 j=    0.000000000000000         87.17054286907816      
    250.0613131517437     
 v_perp_2=    50499574.74292786     
 b_n=   2.6581037242616803E-004  -0.5406929827073064      
   0.9045740104048613     
 b_para_n=    1.008739231817466     
 dxdt=    3.007466841671576        -4496.456803454856      
    7543.283902934511     
 dudt=    2206462.274993022     
 ---------------------
 rk4
 istep=     21000001
 grad_b=   0.1539143921912833       -3.3527986053249748E-003 
   9.9519617738912033E-002
 bsub=  -2.8495808989149447E-002   2.6975964343874146E-002 
    1.009245588666200     
 bsup=    0.000000000000000        0.2480140138567207      
    1.072838404832163     
 b_abs=    1.044003361508842     
 g=  -1.3227596173593979E-002
 j=    0.000000000000000         581.5245674822327      
   -270.4806746234441     
 v_perp_2=    52264909.67205729     
 b_n=  -3.6573456732752093E-005   0.2470607901871508      
    1.072862824089341     
 b_para_n=    1.044003335733159     
 dxdt=  -0.4011870863437532         1962.656550730457      
    8535.396057461639     
 dudt=   -2539937.876221279     
 ---------------------
 rk4
 istep=     22000001
 grad_b=   0.7858905243199197        2.6466524240679815E-002 
   0.1614523707785827     
 bsub=   2.4202637670884153E-002   0.1040336406345424      
    1.492147967727246     
 bsup=    0.000000000000000       -0.4590899342578776      
    1.099051352246409     
 b_abs=    1.261931820797464     
 g=  -8.5439187757555511E-003
 j=    0.000000000000000         654.8953914117556      
   -62.01145395190923     
 v_perp_2=    63174761.02607673     
 b_n=   1.3298499367694777E-004  -0.4659382550260074      
    1.099526663832403     
 b_para_n=    1.261931819262479     
 dxdt=    1.239887905357439        -2836.260134999004      
    6641.519908314774     
 dudt=   -3278672.604591844     
 ---------------------
 rk4
 istep=     23000001
 grad_b=   0.4140544223045171        6.1177040233844418E-002 
   0.1833639585150110     
 bsub=  -1.4942771542081540E-002   0.1806181437974620      
    2.095534233362656     
 bsup=    0.000000000000000        -1.520823984551042      
    1.074333256542922     
 b_abs=    1.405834740236162     
 g=  -7.3751831846129764E-003
 j=    0.000000000000000        -282.7128096609270      
    167.2438227220708     
 v_perp_2=    70378732.68121138     
 b_n=   4.8672007153993560E-004   -1.525279671276876      
    1.074720781007558     
 b_para_n=    1.405834754440756     
 dxdt=    4.177467774152071        -7754.042526454460      
    5453.884762554294     
 dudt=   -1850912.209126914     
 ---------------------
 rk4
 istep=     24000001
 grad_b=   0.5798571594289975        2.6643848052102310E-002 
  -0.1215010118940067     
 bsub=  -8.9336655401475770E-002   9.9694449559963455E-002 
    1.849846948887284     
 bsup=    0.000000000000000       -0.9754532392057814      
    1.050738998019582     
 b_abs=    1.358924836994291     
 g=  -1.1422404144767653E-002
 j=    0.000000000000000         2120.760616730273      
   -381.9872707221161     
 v_perp_2=    68030252.82325581     
 b_n=   2.2215337832865147E-004  -0.9792947951421493      
    1.050956742139895     
 b_para_n=    1.358924811277095     
 dxdt=    1.954840968084652        -5270.380563107482      
    5642.652817659488     
 dudt=    2830286.301051037     
 ---------------------
 rk4
 istep=     25000001
 grad_b=  -0.1233546819472162        8.8295322452329933E-002 
  -0.1179131918733231     
 bsub=  -6.1501643587069110E-003   2.6203980411676875E-002 
    1.107272930013070     
 bsup=    0.000000000000000        0.4504663039304615      
   0.9302901603441081     
 b_abs=    1.020808221646782     
 g=  -1.6283560321613592E-002
 j=    0.000000000000000         249.0487432354417      
   -249.3419980118086     
 v_perp_2=    51103448.41108119     
 b_n=   5.2079540791246618E-004   0.4511753727324587      
   0.9302762464095415     
 b_para_n=    1.020808193164004     
 dxdt=    5.829402992693914         3703.846197865896      
    7632.531163114862     
 dudt=    1714471.130833250     
 ---------------------
 rk4
 istep=     26000001
 grad_b=   0.5807461305622977       -0.1241508546104952      
   0.1728604647376186     
 bsub=   3.9719395876289552E-002  -1.0129140046644371E-002 
    1.336341967318084     
 bsup=    0.000000000000000       -4.1310884626903743E-002 
   0.9767553430179470     
 b_abs=    1.142584694407300     
 g=  -1.4852733917525108E-002
 j=    0.000000000000000        -415.0999274713805      
    169.5903774931718     
 v_perp_2=    57199721.62048898     
 b_n=  -7.0881567682464582E-004  -4.4632301355346307E-002 
   0.9767512511695282     
 b_para_n=    1.142584713010699     
 dxdt=   -7.181748367933183        -323.0113402833385      
    6841.561926500958     
 dudt=   -3811215.020899492     
 ---------------------
 rk4
 istep=     27000001
 grad_b=   0.4713812994075061       -2.3121342165475432E-002 
   6.0776030015719490E-002
 bsub=   6.1259921733418612E-002   0.1618723081460589      
    1.999691320337210     
 bsup=    0.000000000000000        -1.041213125322557      
    1.069920503991825     
 b_abs=    1.403896888786936     
 g=  -9.9281656494002203E-003
 j=    0.000000000000000         40.88771960728923      
    65.59483720515604     
 v_perp_2=    70281361.10143498     
 b_n=  -2.1402583014367197E-004   -1.044796768094755      
    1.070217156249229     
 b_para_n=    1.403896895348371     
 dxdt=   -1.838778855459139        -5325.666236842833      
    5443.411943032097     
 dudt=   -1588605.361612097     
 ---------------------
 rk4
 istep=     28000001
 grad_b=   0.4832409579312534       -7.3539513119991892E-002 
  -0.2089753831702278     
 bsub=  -1.2475744200719872E-004   0.1724150843964566      
    1.967030268708042     
 bsup=    0.000000000000000        -1.219492252373482      
    1.070868804001190     
 b_abs=    1.376394323089651     
 g=  -7.6337562226147801E-003
 j=    0.000000000000000        -1295.203936741336      
    230.8122807794062     
 v_perp_2=    68904456.36410867     
 b_n=  -5.6850958878509959E-004   -1.224467135977941      
    1.071304836942220     
 b_para_n=    1.376394334672405     
 dxdt=   -4.955229957701436        -6453.627286271699      
    5632.826399046298     
 dudt=    2438792.681799592     
 ---------------------
 rk4
 istep=     29000001
 grad_b=   0.8214477092544905       -1.2751660889313721E-002 
  -0.1609915602289479     
 bsub=  -1.7170470637245080E-002   7.4304752215021211E-002 
    1.316934174669779     
 bsup=    0.000000000000000        5.5832204845537303E-003 
    1.097428485421487     
 b_abs=    1.201959082461040     
 g=  -8.9724407502820205E-003
 j=    0.000000000000000        -856.2811625774890      
    297.1300250309358     
 v_perp_2=    60171877.52354368     
 b_n=  -3.0468829047820988E-005  -1.2226985935385010E-003 
    1.097812116574510     
 b_para_n=    1.201959105764101     
 dxdt=  -0.2956971721133979        -29.74796534585390      
    7139.304609837201     
 dudt=    3680775.525496609     
 ---------------------
 Elapsed time (seconds):     163.4678040000000     

real	2m43.480s
user	2m42.896s
sys	0m0.044s
>>> [PID 3726091] DONE  u=8500, v_perp=7000, out=gc_grid/dat375.dat
