>>> [PID 3730991] START u=500, v_perp=8000, out=gc_grid/dat380.dat, dt=2e-09, steps=30000000
 outer boundary:   8.3000000000000462E-002
 rk4
 istep=            1
 grad_b=  -0.5028826117489855        4.9321723172355419E-003 
  -7.9837831699626632E-003
 bsub=   8.6923231591228868E-003   4.2252374428613390E-002 
    1.020726933031052     
 bsup=    0.000000000000000        0.5003190984192123      
   0.9181485240314782     
 b_abs=   0.9787596920611552     
 g=  -1.6418699931527152E-002
 j=    0.000000000000000         576.0999767197427      
    59.09906485659497     
 v_perp_2=    63999999.67513496     
 b_n=   1.7864479240847939E-006   0.5004897864649046      
   0.9181414438469890     
 b_para_n=   0.9787596926420954     
 dxdt=   0.1177263615009299         266.8365258586085      
    468.5704435201774     
 dudt=    162431.3415791334     
 ---------------------
 rk4
 istep=      1000001
 grad_b=  -0.4821931043355563       -6.6431909522100541E-003 
   1.1943469321735262E-002
 bsub=   1.2445851943396997E-002   3.8180162657321104E-002 
    1.029545385490923     
 bsup=    0.000000000000000        0.2904501509833987      
   0.9216662375929632     
 b_abs=   0.9795747577463624     
 g=  -1.7420138606412318E-002
 j=    0.000000000000000        -385.1319235217623      
    113.4045062077084     
 v_perp_2=    64053295.90320991     
 b_n=   2.0250214643493575E-006   0.2903123140405776      
   0.9216713241354609     
 b_para_n=   0.9795747571262737     
 dxdt=  -0.1501952032412844        -121.2810416337600      
   -417.6719471626452     
 dudt=   -303001.3158379760     
 ---------------------
 rk4
 istep=      2000001
 grad_b=  -0.4948416717579249        1.4747252332354521E-002 
  -2.4038625212616863E-002
 bsub=   8.1761062230475291E-003   4.2261811555326989E-002 
    1.018676315218564     
 bsup=    0.000000000000000        0.5718110619852077      
   0.9195187300879231     
 b_abs=   0.9801226629451452     
 g=  -1.5941283517296272E-002
 j=    0.000000000000000         548.9903589410834      
    187.3029213102498     
 v_perp_2=    64089122.80811261     
 b_n=   4.3946648673876990E-006   0.5719491328064213      
   0.9195129678032031     
 b_para_n=   0.9801226641198026     
 dxdt=   0.3600205694165184         245.3127101957981      
    375.8219395741569     
 dudt=    456041.1718379980     
 ---------------------
 rk4
 istep=      3000001
 grad_b=  -0.4695926252393332       -1.7008247605626664E-002 
   2.0475229038770776E-002
 bsub=   1.5473817715217636E-002   3.2018444836015278E-002 
    1.038230928424943     
 bsup=    0.000000000000000        0.1462219551120790      
   0.9229594317229846     
 b_abs=   0.9812615487659256     
 g=  -1.8085833863248638E-002
 j=    0.000000000000000        -1008.467448031656      
    348.6749903616092     
 v_perp_2=    64163593.27216403     
 b_n=   3.2340524253639978E-006   0.1461358082544589      
   0.9229620389914815     
 b_para_n=   0.9812615474426510     
 dxdt=  -0.3606743897766213        -34.19488908786635      
   -276.7759488935988     
 dudt=   -546788.7610491345     
 ---------------------
 rk4
 istep=      4000001
 grad_b=  -0.4800384223899490        2.1943611818924867E-002 
  -3.5172124885331654E-002
 bsub=   8.2266849295283967E-003   4.1794935973796958E-002 
    1.018948614940406     
 bsup=    0.000000000000000        0.5976579803112118      
   0.9216507978345621     
 b_abs=   0.9818200455217357     
 g=  -1.5690110395476194E-002
 j=    0.000000000000000         475.9874778153105      
    266.2177022541932     
 v_perp_2=    64200112.74618917     
 b_n=   3.6814175188736605E-006   0.5977335036032073      
   0.9216476711741831     
 b_para_n=   0.9818200464086121     
 dxdt=   0.5397201102495071         147.0334043633744      
    209.2081206834318     
 dudt=    642741.3946895257     
 ---------------------
 rk4
 istep=      5000001
 grad_b=  -0.4790294729560477       -2.4356185385547943E-002 
   2.4030189160966997E-002
 bsub=   1.7338185851983309E-002   2.6295421402151749E-002 
    1.044389757614204     
 bsup=    0.000000000000000        5.1871509584842324E-002 
   0.9226660598071220     
 b_abs=   0.9824639138224088     
 g=  -1.8499882536300378E-002
 j=    0.000000000000000        -494.9899878831808      
    403.0196481869266     
 v_perp_2=    64242214.56892064     
 b_n=   1.3476088147067368E-006   5.1845626733194705E-002 
   0.9226666886468858     
 b_para_n=   0.9824639133322224     
 dxdt=  -0.4994610932760590         4.934536550237612      
   -83.09788598593585     
 dudt=   -695791.4511768608     
 ---------------------
 rk4
 istep=      6000001
 grad_b=  -0.4652965973105997        2.6204454002461033E-002 
  -3.8333868103088420E-002
 bsub=   9.1813986920747936E-003   4.1302389403641011E-002 
    1.019678879142820     
 bsup=    0.000000000000000        0.5511367416011996      
   0.9245908756437611     
 b_abs=   0.9825824585079801     
 g=  -1.5778398311630061E-002
 j=    0.000000000000000         666.9553303307073      
    293.1576743235435     
 v_perp_2=    64249966.06949274     
 b_n=  -1.1322163115066420E-007   0.5511348450106546      
   0.9245909534602307     
 b_para_n=   0.9825824584820854     
 dxdt=   0.6354898086019475         7.377608409806148      
   -5.918097691893722     
 dudt=    698783.9979206712     
 ---------------------
 rk4
 istep=      7000001
 grad_b=  -0.4893892631442883       -2.4832477190941379E-002 
   2.3064779778967537E-002
 bsub=   1.8355415076349454E-002   2.3487924291201643E-002 
    1.044620492514624     
 bsup=    0.000000000000000        9.6781827447155466E-003 
   0.9230020020201883     
 b_abs=   0.9822382583848082     
 g=  -1.8636645580875581E-002
 j=    0.000000000000000        -199.1806264799801      
    367.2767137939995     
 v_perp_2=    64227459.20492576     
 b_n=  -2.3133141455187318E-006   9.7228766381922439E-003 
   0.9230010384708387     
 b_para_n=   0.9822382591601280     
 dxdt=  -0.5041138413023486         11.21902946616535      
    140.8714757026325     
 dudt=   -700613.1734715761     
 ---------------------
 rk4
 istep=      8000001
 grad_b=  -0.4546992308875160        2.6201531242869551E-002 
  -3.2058417859271285E-002
 bsub=   1.1431596549432699E-002   4.0393161220927815E-002 
    1.019664566005411     
 bsup=    0.000000000000000        0.4332189484749055      
   0.9284112632057300     
 b_abs=   0.9818683167982378     
 g=  -1.6217064329255473E-002
 j=    0.000000000000000         1084.312217821829      
    237.6809877759175     
 v_perp_2=    64203269.13598857     
 b_n=  -4.0519051665219311E-006   0.4331519325433096      
   0.9284139626001484     
 b_para_n=   0.9818683159547069     
 dxdt=   0.6137097368854947        -85.22983957707217      
   -204.8128043215676     
 dudt=    613099.5073754617     
 ---------------------
 Particle has exited the domain at step       8370749  s =  
   8.3000000523704182E-002
 Elapsed time (seconds):     46.15646500000000     

real	0m46.169s
user	0m45.886s
sys	0m0.022s
>>> [PID 3730991] DONE  u=500, v_perp=8000, out=gc_grid/dat380.dat
