>>> [PID 3701707] START u=4500, v_perp=5000, out=gc_grid/dat325.dat, dt=2e-09, steps=30000000
 outer boundary:   8.3000000000000462E-002
 rk4
 istep=            1
 grad_b=  -0.5028821991347547        4.9317611037732606E-003 
  -7.9829162632150813E-003
 bsub=   8.6924341644056824E-003   4.2252311844833364E-002 
    1.020727178360106     
 bsup=    0.000000000000000        0.5003111469548914      
   0.9181485973453107     
 b_abs=   0.9787596523180985     
 g=  -1.6418740288222433E-002
 j=    0.000000000000000         576.0999515864390      
    59.09300950524798     
 v_perp_2=    24999998.85796129     
 b_n=   1.6076619301905172E-005   0.5018473338888449      
   0.9180848760310460     
 b_para_n=   0.9787596575461740     
 dxdt=   0.1195411586244552         2311.681052461583      
    4220.857503902902     
 dudt=    63442.56565966068     
 ---------------------
 rk4
 istep=      1000001
 grad_b=  -0.8963098172912558        7.7509137232643341E-002 
   0.1013233144009126     
 bsub=  -2.4668179924039465E-002  -9.1888643343060031E-002 
    1.001026921616019     
 bsup=    0.000000000000000       -0.5286486221032343      
   0.9701356861159880     
 b_abs=    1.009221647906078     
 g=  -1.3962971611504685E-002
 j=    0.000000000000000        -522.8009680470529      
    105.3184878536188     
 v_perp_2=    25778068.45259808     
 b_n=   2.8207572821675373E-004  -0.5257443462990170      
   0.9704092422749987     
 b_para_n=    1.009221656646858     
 dxdt=    2.049727027771801        -2290.348711972030      
    4243.790225493486     
 dudt=   -725388.0241589100     
 ---------------------
 rk4
 istep=      2000001
 grad_b=   0.5169001001290747       -6.4172240066644431E-002 
   0.1085684152104530     
 bsub=   0.1012412649056461        1.8408583299395365E-002 
    1.750335138258217     
 bsup=    0.000000000000000        -1.023771351357807      
    1.019337118123882     
 b_abs=    1.328786076284711     
 g=  -1.3272617080562828E-002
 j=    0.000000000000000        -119.3865970896774      
   -116.9943195873165     
 v_perp_2=    33940536.29168050     
 b_n=  -1.7162426946233463E-004   -1.025113100629889      
    1.019361152535361     
 b_para_n=    1.328786071102212     
 dxdt=   -1.086119825307860        -2599.500148033248      
    2579.938685805400     
 dudt=   -1695086.837287608     
 ---------------------
 rk4
 istep=      3000001
 grad_b=   -1.168779334351551       -0.1001175348527046      
   0.1644785039664264     
 bsub=  -3.6798941374553223E-002  -0.1536742957294101      
    1.410395036996385     
 bsup=    0.000000000000000       -0.9719556224694107      
   0.8720709862206398     
 b_abs=    1.174590825369871     
 g=  -2.0331792712948375E-002
 j=    0.000000000000000         825.2304831722427      
   -53.75049739768481     
 v_perp_2=    30001995.64219215     
 b_n=  -1.6882887016351006E-004  -0.9695637592784669      
   0.8723271884210875     
 b_para_n=    1.174590817830501     
 dxdt=   -1.113433717264476        -3215.444265110022      
    2900.846707967800     
 dudt=   -2617620.908787169     
 ---------------------
 rk4
 istep=      4000001
 grad_b=   0.3957758256244570       -4.4570507632349654E-002 
  -9.0175559227937019E-002
 bsub=   3.3099972290704105E-002   0.1716507042553332      
    2.109622602513201     
 bsup=    0.000000000000000        -1.471080785930824      
    1.075284284188658     
 b_abs=    1.420206159527494     
 g=  -8.0950564259690341E-003
 j=    0.000000000000000        -315.3688618547262      
    256.3300896231908     
 v_perp_2=    36275614.14629919     
 b_n=  -1.5076920617597913E-004   -1.472689142375409      
    1.075417521037277     
 b_para_n=    1.420206169029200     
 dxdt=  -0.9607791231986132        -3113.290121309111      
    2269.012081349162     
 dudt=    282343.4474840993     
 ---------------------
 rk4
 istep=      5000001
 grad_b=  -0.7304225451048288        0.1466078758920123      
  -0.1266873314506369     
 bsub=   1.4519916924104082E-002  -0.2067873588364753      
    1.464645183339866     
 bsup=    0.000000000000000        -1.098794962205151      
   0.8874918628509129     
 b_abs=    1.235597777105198     
 g=  -1.7912055912764065E-002
 j=    0.000000000000000         98.89832157739448      
   -216.2100531693253     
 v_perp_2=    31560245.03050803     
 b_n=   2.6685649027154178E-004   -1.097283299473571      
   0.8877026338566419     
 b_para_n=    1.235597766364391     
 dxdt=    1.720209954622995        -3280.569816302279      
    2658.931088361902     
 dudt=    2827191.864432240     
 ---------------------
 rk4
 istep=      6000001
 grad_b=   0.4914292169896260       -7.6494310472918603E-002 
  -0.2087474877644569     
 bsub=  -2.8395011882257752E-003   0.1737621913903274      
    1.948165395187324     
 bsup=    0.000000000000000        -1.158506232103643      
    1.073564056456042     
 b_abs=    1.374129513446337     
 g=  -7.6428653826011109E-003
 j=    0.000000000000000        -860.5137968448225      
    267.5120782975986     
 v_perp_2=    35098680.59003974     
 b_n=  -2.6041565632481384E-004   -1.160716114220858      
    1.073760788128726     
 b_para_n=    1.374129521690119     
 dxdt=   -1.647663086407346        -2700.142383769738      
    2490.454710390197     
 dudt=    1259203.134533733     
 ---------------------
 rk4
 istep=      7000001
 grad_b=   -1.096435667344297        2.6106970917336360E-002 
  -8.5922714346818807E-002
 bsub=  -3.1292385808554691E-003  -7.1085745586768695E-002 
    1.103924329179672     
 bsup=    0.000000000000000       -0.6376460229197325      
   0.8950471864912308     
 b_abs=    1.016417837842328     
 g=  -1.9336962436637791E-002
 j=    0.000000000000000         984.2177778973213      
   -655.1301191681653     
 v_perp_2=    25961824.55427643     
 b_n=   5.2235908630982037E-005  -0.6348615895833442      
   0.8952265936456814     
 b_para_n=    1.016417793514350     
 dxdt=   0.3776053571379562        -2735.070907596842      
    3868.698381545756     
 dudt=    1175475.518232959     
 ---------------------
 rk4
 istep=      8000001
 grad_b=   0.7621184980897259       -1.9776107033437212E-002 
  -0.1615352763488021     
 bsub=  -3.1853856282704152E-002   0.1026663459002371      
    1.511109520777761     
 bsup=    0.000000000000000       -0.4477990658856140      
    1.091291379936655     
 b_abs=    1.266295260245495     
 g=  -8.7135277979009454E-003
 j=    0.000000000000000         601.4675691714823      
   -58.14316724172821     
 v_perp_2=    32344305.83724844     
 b_n=  -3.5773594685706919E-005  -0.4508829186794608      
    1.091500145345482     
 b_para_n=    1.266295259476475     
 dxdt=  -0.2286648159775791        -1290.107391338171      
    3097.302187155360     
 dudt=    1688581.264998289     
 ---------------------
 rk4
 istep=      9000001
 grad_b=  -0.3395057930175006        1.6646369470221762E-002 
   4.1482605984938484E-002
 bsub=  -3.5218067764070306E-002  -4.2118828602417023E-002 
   0.9057712095338605     
 bsup=    0.000000000000000       -0.1849544624363548      
    1.084973458926259     
 b_abs=   0.9955695405278678     
 g=  -1.3672150033761496E-002
 j=    0.000000000000000         344.9616202621191      
   -286.8396435553141     
 v_perp_2=    25429291.87731916     
 b_n=   5.7827055919204265E-005  -0.1839025444051769      
    1.085024604274897     
 b_para_n=   0.9955695243279601     
 dxdt=   0.4244781877970981        -819.3685414012130      
    4852.222552253773     
 dudt=   -537863.8721252641     
 ---------------------
 rk4
 istep=     10000001
 grad_b=   0.4735448074185255        1.1530293329399630E-002 
  -0.1416410531632150     
 bsub=   6.9160445634729312E-003   4.8005328278636378E-002 
    1.099633581945456     
 bsup=    0.000000000000000        0.5118282388690800      
    1.063004140297981     
 b_abs=    1.092256279893243     
 g=  -1.1732711864268273E-002
 j=    0.000000000000000         65.70102569359327      
   -100.7445837521454     
 v_perp_2=    27898902.13195215     
 b_n=   6.0641598991652554E-005   0.5102040489261326      
    1.063074659220540     
 b_para_n=    1.092256274953022     
 dxdt=   0.4171908413190314         1940.751405267433      
    4054.393147832297     
 dudt=    1691482.132563900     
 ---------------------
 rk4
 istep=     11000001
 grad_b=   0.3135220004201043        8.4410172844500642E-002 
   0.1494032986373642     
 bsub=  -3.8916269145080493E-002   4.8953762199990730E-002 
    1.102692615600942     
 bsup=    0.000000000000000       -0.3181480273611471      
    1.140461850115787     
 b_abs=    1.113728027606703     
 g=  -8.8680206428288135E-003
 j=    0.000000000000000        -507.4560654336906      
    169.1983127125104     
 v_perp_2=    28447331.50029946     
 b_n=   3.3435569562092983E-004  -0.3195185113254423      
    1.140534499598236     
 b_para_n=    1.113728034633099     
 dxdt=    2.272326442066080        -1180.266240799934      
    4197.994050127967     
 dudt=   -1645913.873501909     
 ---------------------
 rk4
 istep=     12000001
 grad_b=  -0.5911525736515224       -1.6645678294064242E-002 
   1.9890414402965018E-002
 bsub=   2.5657192585315770E-002  -6.5578047350601035E-003 
    1.027656319873640     
 bsup=    0.000000000000000       -0.2617206337919822      
   0.9376348047090448     
 b_abs=   0.9824180531373781     
 g=  -1.8772816676783006E-002
 j=    0.000000000000000         814.5901009118181      
   -178.2114510113325     
 v_perp_2=    25093349.27795326     
 b_n=  -4.4005666579982946E-005  -0.2601444417225680      
   0.9376459505539513     
 b_para_n=   0.9824180416110020     
 dxdt=  -0.3262833921395914        -1184.367428100647      
    4285.040732441841     
 dudt=   -299078.8632968763     
 ---------------------
 rk4
 istep=     13000001
 grad_b=  -0.3847786647094925        0.1660915380371897      
   0.2944936761508341     
 bsub=  -5.5237130373897485E-002  -1.9904950954002021E-002 
    1.387420084937520     
 bsup=    0.000000000000000        -1.128027077166118      
   0.9614490800269339     
 b_abs=    1.164211524349484     
 g=  -1.3015025699962001E-002
 j=    0.000000000000000         519.1392795063759      
   -416.9254047414322     
 v_perp_2=    29736787.07798705     
 b_n=   5.5195457094802162E-004   -1.126818076637011      
   0.9614883812426853     
 b_para_n=    1.164211501856377     
 dxdt=    3.657052437537875        -3808.254595974622      
    3252.969964607848     
 dudt=   -1050744.620644411     
 ---------------------
 rk4
 istep=     14000001
 grad_b=  -0.5303380583418029       -6.4607127434011771E-002 
  -0.1085804807062841     
 bsub=   0.1001544313145036       -5.2426797790420879E-002 
    1.740789448141315     
 bsup=    0.000000000000000        -1.186865083296770      
   0.9832992368630266     
 b_abs=    1.331720357805373     
 g=  -1.6189652581953776E-002
 j=    0.000000000000000        -85.92884179678087      
    214.5826356344982     
 v_perp_2=    34015356.71582872     
 b_n=  -1.4430543548176538E-004   -1.185750880375527      
   0.9833411025976101     
 b_para_n=    1.331720367198430     
 dxdt=  -0.9130413126775440        -2980.175404676896      
    2475.134366380490     
 dudt=    288536.1285316834     
 ---------------------
 rk4
 istep=     15000001
 grad_b=  -0.3848697398760302        9.8080283417566930E-002 
  -5.9369342660609163E-002
 bsub=  -2.3377470215870815E-002  -0.2382656946111304      
    1.499911030545713     
 bsup=    0.000000000000000        -1.233505777800424      
   0.9008380278395245     
 b_abs=    1.282648249276676     
 g=  -1.7463045633013530E-002
 j=    0.000000000000000        -536.0777120729932      
   -29.86157266907319     
 v_perp_2=    32761928.97767054     
 b_n=   1.7109985345895362E-004   -1.232761183331708      
   0.9009589778161367     
 b_para_n=    1.282648251618740     
 dxdt=    1.089749914240908        -3393.710749926154      
    2482.684852357507     
 dudt=    1737130.158177065     
 ---------------------
 rk4
 istep=     16000001
 grad_b=   0.4351260920006027       -7.4551320756560471E-002 
  -0.2100676984365568     
 bsub=   3.2162478952417507E-002   0.1429236274371322      
    1.865631948867187     
 bsup=    0.000000000000000        -1.438327367561596      
    1.075591580693125     
 b_abs=    1.341679586806962     
 g=  -7.9178380029518748E-003
 j=    0.000000000000000        -17.31574113742681      
    244.2878360324173     
 v_perp_2=    34269720.91474468     
 b_n=  -2.6525958621787790E-004   -1.440318222713740      
    1.075748678326102     
 b_para_n=    1.341679597776249     
 dxdt=   -1.677474557158622        -3564.938890857215      
    2657.465591839108     
 dudt=    1130053.827788250     
 ---------------------
 rk4
 istep=     17000001
 grad_b=   -1.018971237075883        4.6550177941670545E-002 
  -7.9161094848893887E-002
 bsub=  -7.4462003641857745E-003  -6.4792132396129173E-002 
    1.109003817240753     
 bsup=    0.000000000000000       -0.6194904787650460      
   0.8945661721726778     
 b_abs=    1.015988026978195     
 g=  -1.9704082752516533E-002
 j=    0.000000000000000         1267.762552162298      
   -250.6139944411781     
 v_perp_2=    25950764.94603139     
 b_n=   1.0506116215239327E-004  -0.6169356208291148      
   0.8947161234437062     
 b_para_n=    1.015988006832159     
 dxdt=   0.7597047184290259        -2660.176659432520      
    3869.150902597104     
 dudt=    1252651.853698506     
 ---------------------
 rk4
 istep=     18000001
 grad_b=   0.7438204165736602       -4.9454362049983977E-002 
  -0.1613846875250862     
 bsub=  -2.9371719794165675E-003   0.1093432961347226      
    1.452547255207263     
 bsup=    0.000000000000000       -0.4719698837722991      
    1.119703192084155     
 b_abs=    1.254890524234197     
 g=  -8.0318699919063961E-003
 j=    0.000000000000000         221.8506727482350      
   -250.1307201693708     
 v_perp_2=    32052900.41680622     
 b_n=  -1.6282240202802247E-004  -0.4752148783233737      
    1.119947127183266     
 b_para_n=    1.254890513951153     
 dxdt=   -1.043763764319329        -1387.107009652446      
    3242.991374083280     
 dudt=    1601495.747442565     
 ---------------------
 rk4
 istep=     19000001
 grad_b=  -0.2490163723995068        6.8382140450210412E-003 
   4.9046585694307102E-002
 bsub=  -3.7305814316159057E-002  -2.2116219153381397E-002 
   0.9324682094714840     
 bsup=    0.000000000000000       -0.1023864655160270      
    1.069635293560812     
 b_abs=    1.000158215493480     
 g=  -1.4382562437090395E-002
 j=    0.000000000000000        -229.7171406277226      
   -41.63445650382232     
 v_perp_2=    25546418.21599017     
 b_n=   2.4082448872402861E-005  -0.1016429095500070      
    1.069653890541558     
 b_para_n=    1.000158213525066     
 dxdt=   0.1761701731747917        -448.9691201150366      
    4747.358786123828     
 dudt=   -660955.0661427394     
 ---------------------
 rk4
 istep=     20000001
 grad_b=   0.4299462443041542       -2.1784943005470625E-002 
  -0.1299259369741013     
 bsub=   2.1038783333746591E-002   4.7841849575265091E-002 
    1.078545678173240     
 bsup=    0.000000000000000        0.2366261860763579      
    1.101567306424015     
 b_abs=    1.094848345440409     
 g=  -1.1164780172609740E-002
 j=    0.000000000000000        -515.4924561437741      
    39.69262134957344     
 v_perp_2=    27965022.52684407     
 b_n=  -5.6159140435085987E-005   0.2351102345145863      
    1.101635646925529     
 b_para_n=    1.094848346267906     
 dxdt=  -0.3857671815782150         888.1388005216149      
    4183.504261525019     
 dudt=    1729623.731928291     
 ---------------------
 rk4
 istep=     21000001
 grad_b=   0.5739988734672717        3.6783594402014820E-002 
   0.1471549402168688     
 bsub=  -1.6326903082342477E-002   6.1479019510692880E-002 
    1.144827452451246     
 bsup=    0.000000000000000        7.1975465780736214E-002 
    1.118295642266750     
 b_abs=    1.133599946812605     
 g=  -9.7371374772427279E-003
 j=    0.000000000000000         801.8801927405173      
   -95.92748563574747     
 v_perp_2=    28954818.19935344     
 b_n=   1.1159109114124669E-004   6.9749575250925858E-002 
    1.118416765035673     
 b_para_n=    1.133599944313257     
 dxdt=   0.7504192251168447         241.3347274656163      
    3983.045282633428     
 dudt=   -1883795.001823466     
 ---------------------
 rk4
 istep=     22000001
 grad_b=  -0.4204060385163375        4.6706369441302728E-003 
  -2.4460558015782313E-002
 bsub=   3.3775208576278984E-002  -3.1628327786392851E-002 
   0.9449825955120873     
 bsup=    0.000000000000000       -0.2396373843302266      
    1.022752270066045     
 b_abs=   0.9870099351837144     
 g=  -1.6151343031247066E-002
 j=    0.000000000000000         815.2601209287150      
   -121.6189277204019     
 v_perp_2=    25210557.71036854     
 b_n=   1.0834074060150395E-005  -0.2384573514529804      
    1.022791369361315     
 b_para_n=   0.9870099266832915     
 dxdt=   8.0046153542566459E-002   -1078.147273853292      
    4638.940417244922     
 dudt=    338185.0943922892     
 ---------------------
 rk4
 istep=     23000001
 grad_b=   0.6183668012336414        6.4618647237210253E-002 
   0.1605592167727050     
 bsub=  -1.5138871956004515E-002   0.1194753866355040      
    1.537185046550012     
 bsup=    0.000000000000000       -0.7237528745347948      
    1.112810165005687     
 b_abs=    1.274722453021075     
 g=  -7.6605693017940731E-003
 j=    0.000000000000000        -19.85106629185987      
    130.8495999441953     
 v_perp_2=    32559398.82055515     
 b_n=   2.3995929869152004E-004  -0.7266060387326152      
    1.113034290859736     
 b_para_n=    1.274722458749870     
 dxdt=    1.530853772287431        -2040.828977842905      
    3111.330685708470     
 dudt=   -1321517.178198556     
 ---------------------
 rk4
 istep=     24000001
 grad_b=  -0.9417111520741256       -0.1304491512141963      
   0.1166104054300669     
 bsub=  -1.6603744775724239E-003  -0.1050922681962004      
    1.248288077564290     
 bsup=    0.000000000000000       -0.7375296606984629      
   0.8766549242127327     
 b_abs=    1.082381085712852     
 g=  -2.0340533761169382E-002
 j=    0.000000000000000        -611.9839974108293      
    134.3509837144473     
 v_perp_2=    27646543.71550339     
 b_n=  -2.7736354260889362E-004  -0.7353648127430067      
   0.8768368213905336     
 b_para_n=    1.082381096636730     
 dxdt=   -1.919415956798045        -2843.914080543606      
    3399.447129368676     
 dudt=   -2341385.575922563     
 ---------------------
 rk4
 istep=     25000001
 grad_b=   5.2129079635755041E-002   0.1417289714239135      
   0.2679473274721250     
 bsub=  -6.3396828538779593E-002   5.8890907530753475E-002 
    1.776878163246378     
 bsup=    0.000000000000000        -1.431209487215334      
    1.020545174898458     
 b_abs=    1.314977958100247     
 g=  -1.2189553147717478E-002
 j=    0.000000000000000         1100.670109842644      
   -559.1238064683432     
 v_perp_2=    33587599.30171058     
 b_n=   4.0011027423376793E-004   -1.431395243697726      
    1.020565589007155     
 b_para_n=    1.314977933988578     
 dxdt=    2.535386055012511        -3718.058772710748      
    2650.507002806978     
 dudt=   -685754.8949462349     
 ---------------------
 rk4
 istep=     26000001
 grad_b=  -0.9952549995163674       -3.8987540078850635E-002 
  -0.2309971345548940     
 bsub=   7.0713644217554772E-002  -0.1036547570960305      
    1.555702574247461     
 bsup=    0.000000000000000        -1.145507702065170      
   0.9156402176006242     
 b_abs=    1.242333297972450     
 g=  -1.9591224228448945E-002
 j=    0.000000000000000        -192.3077375611620      
   -140.3963909971408     
 v_perp_2=    31732074.59889477     
 b_n=  -1.0761391068648652E-004   -1.143558904285527      
   0.9157749504303474     
 b_para_n=    1.242333291756538     
 dxdt=  -0.6922864290309433        -3377.582010560808      
    2710.694970187337     
 dudt=    1715213.155046620     
 ---------------------
 rk4
 istep=     27000001
 grad_b=  -0.5301011999051572        0.1903533770625115      
  -0.1101528918359019     
 bsub=  -1.3639226376528387E-002  -0.1337412988993768      
    1.309097737408827     
 bsup=    0.000000000000000       -0.7914388201197523      
   0.8885415939208587     
 b_abs=    1.126564451005553     
 g=  -2.0367883827298705E-002
 j=    0.000000000000000         276.4204746904617      
   -423.5353329665041     
 v_perp_2=    28775061.74416548     
 b_n=   3.8513906427122571E-004  -0.7902964012120661      
   0.8886622981052452     
 b_para_n=    1.126564426139857     
 dxdt=    2.599444983682696        -2843.788367851254      
    3202.168200502973     
 dudt=    2817416.433175451     
 ---------------------
 rk4
 istep=     28000001
 grad_b=   0.5138261369157756       -9.8984636002298135E-002 
  -0.1866558107310146     
 bsub=   3.9262397814069754E-002   8.6363621622030803E-002 
    1.399197772219787     
 bsup=    0.000000000000000       -0.6916281882796708      
    1.111493618748140     
 b_abs=    1.222433403444513     
 g=  -7.9367008496430205E-003
 j=    0.000000000000000        -1185.114170986989      
   -157.7898419532305     
 v_perp_2=    31223768.78413696     
 b_n=  -4.0428042511278371E-004  -0.6940274906897747      
    1.111653047568192     
 b_para_n=    1.222433392798093     
 dxdt=   -2.617205107026093        -2134.468961672336      
    3406.307715422200     
 dudt=    1452243.088931502     
 ---------------------
 rk4
 istep=     29000001
 grad_b=  -0.2482301927139456       -1.5014427522350798E-002 
   4.8468506134416375E-002
 bsub=  -3.4254792152306132E-002  -2.1704527034674265E-003 
   0.9645606930624595     
 bsup=    0.000000000000000       -4.6355598962632860E-002 
    1.028144987405835     
 b_abs=   0.9959810607369872     
 g=  -1.5596897981315045E-002
 j=    0.000000000000000        -533.1752206274680      
    168.7247321019167     
 v_perp_2=    25439643.52689900     
 b_n=  -4.3268746269654139E-005  -4.5640040128534939E-002 
    1.028145070919316     
 b_para_n=   0.9959810704049681     
 dxdt=  -0.3175144157270688        -201.9048778201416      
    4594.618729960855     
 dudt=   -647912.5578125031     
 ---------------------
 Elapsed time (seconds):     155.4491780000000     

real	2m35.461s
user	2m35.093s
sys	0m0.021s
>>> [PID 3701707] DONE  u=4500, v_perp=5000, out=gc_grid/dat325.dat
