>>> [PID 3725199] START u=8000, v_perp=7000, out=gc_grid/dat374.dat, dt=2e-09, steps=30000000
 outer boundary:   8.3000000000000462E-002
 rk4
 istep=            1
 grad_b=  -0.5028818239177344        4.9314059760627998E-003 
  -7.9821625526538820E-003
 bsub=   8.6925319260215649E-003   4.2252256824864214E-002 
    1.020727392751771     
 bsup=    0.000000000000000        0.5003041698124756      
   0.9181486627064214     
 b_abs=   0.9787596175465963     
 g=  -1.6418775618963689E-002
 j=    0.000000000000000         576.0999658502528      
    59.08777388576883     
 v_perp_2=    48999996.02082557     
 b_n=   2.8578502182027451E-005   0.5030351616980075      
   0.9180353808502348     
 b_para_n=   0.9787596268403649     
 dxdt=   0.3230105493785944         4120.158597586429      
    7503.309422054284     
 dudt=    124335.1760169461     
 ---------------------
 rk4
 istep=      1000001
 grad_b=   0.6427066218729109       -0.1088685571954338      
   0.1764450506070488     
 bsub=   4.0830450135478882E-002  -1.4523128984167064E-003 
    1.341514622213766     
 bsup=    0.000000000000000        1.4691217719369154E-002 
   0.9874164990560368     
 b_abs=    1.150935877156773     
 g=  -1.4071014315966260E-002
 j=    0.000000000000000        -286.0434263938489      
    40.83011386395684     
 v_perp_2=    57619652.14268798     
 b_n=  -6.0895023643456000E-004   1.1120022130207571E-002 
   0.9874311704653457     
 b_para_n=    1.150935881232821     
 dxdt=   -5.985686301320732         59.88840371340791      
    6384.647117240321     
 dudt=   -3754413.383418179     
 ---------------------
 rk4
 istep=      2000001
 grad_b=   0.7834631864867236       -8.6802627457731527E-003 
   0.1665413213740684     
 bsub=   6.1917049624658799E-002   8.5620498005591059E-002 
    1.607032279515858     
 bsup=    0.000000000000000       -0.6168353860664036      
    1.057345336739651     
 b_abs=    1.283146012953451     
 g=  -1.0178749356427430E-002
 j=    0.000000000000000        -1584.327751268591      
   -90.48522211479187     
 v_perp_2=    64238454.61203381     
 b_n=  -1.2296269898906675E-004  -0.6222787735349381      
    1.057640078128016     
 b_para_n=    1.283145997282424     
 dxdt=   -1.109950495218267        -3405.985569633488      
    5756.788477191392     
 dudt=   -3539644.329044001     
 ---------------------
 rk4
 istep=      3000001
 grad_b=   0.7101096900018299        4.9164355195452966E-002 
   0.1895462155222754     
 bsub=   3.6101335327470077E-002   0.1531925884945247      
    1.795474443521414     
 bsup=    0.000000000000000       -0.8261022576067503      
    1.078114158509065     
 b_abs=    1.344942825522252     
 g=  -8.9146650109791416E-003
 j=    0.000000000000000        -881.9308878588420      
    242.6781872511799     
 v_perp_2=    67332127.92016953     
 b_n=   2.5970291316915802E-004  -0.8316620836421026      
    1.078583320507103     
 b_para_n=    1.344942840286722     
 dxdt=    2.266868785078143        -4199.363877123973      
    5421.188346455444     
 dudt=   -3047423.267732271     
 ---------------------
 rk4
 istep=      4000001
 grad_b=   0.4819156943922226        7.3032296887517695E-002 
   0.2079695246188840     
 bsub=   3.6660136091048361E-004   0.1733885824712394      
    1.974715526709507     
 bsup=    0.000000000000000        -1.227144779695790      
    1.070858133707013     
 b_abs=    1.378474839712950     
 g=  -7.6170562880669389E-003
 j=    0.000000000000000        -1236.537069297404      
    202.4890528230897     
 v_perp_2=    69010770.34124613     
 b_n=   5.1849584150017022E-004   -1.231706545720534      
    1.071258586219442     
 b_para_n=    1.378474848222855     
 dxdt=    4.451567245842140        -5943.488319279306      
    5155.798904291541     
 dudt=   -2416666.765858138     
 ---------------------
 rk4
 istep=      5000001
 grad_b=   0.4088572191583217        6.7892197743889895E-002 
   0.1924997664498013     
 bsub=  -2.8530401681904877E-002   0.1653172855920886      
    2.067702977536154     
 bsup=    0.000000000000000        -1.609522809085063      
    1.074260211756190     
 b_abs=    1.397805714147851     
 g=  -7.7096710820421677E-003
 j=    0.000000000000000        -2047.652441898588      
    419.5118677031991     
 v_perp_2=    69978456.25473575     
 b_n=   4.9450332433208526E-004   -1.613398919842886      
    1.074576954113523     
 b_para_n=    1.397805737489975     
 dxdt=    4.207594213349838        -7585.525121170882      
    5043.566943730748     
 dudt=   -1746375.774757733     
 ---------------------
 rk4
 istep=      6000001
 grad_b=  -5.1573261878818055E-002   0.1178404709508506      
   0.1583515788596556     
 bsub=  -7.9826856764113760E-002   8.6590966810682984E-002 
    1.905495906382513     
 bsup=    0.000000000000000        -1.198029110025638      
    1.039692181936961     
 b_abs=    1.370159877327772     
 g=  -1.2644237169445169E-002
 j=    0.000000000000000         12.02342480177231      
   -106.9180853604404     
 v_perp_2=    68594346.34263232     
 b_n=   6.1918216134279949E-004   -1.197777621896733      
    1.039706686195871     
 b_para_n=    1.370159867869385     
 dxdt=    5.337259996573875        -5824.432977922469      
    5056.655991838773     
 dudt=   -428602.3855777542     
 ---------------------
 rk4
 istep=      7000001
 grad_b=  -6.3827484552994584E-003   0.1679882313408334      
  -8.1725021845407891E-002
 bsub=  -5.7727852735367353E-002  -0.1928374433613147      
    1.486799452646209     
 bsup=    0.000000000000000        -1.109781659903122      
   0.9207282210372589     
 b_abs=    1.258112886117095     
 g=  -1.8806938171673820E-002
 j=    0.000000000000000         528.1308312620358      
   -66.35665152410328     
 v_perp_2=    62984873.99399350     
 b_n=   5.8158772167172612E-004   -1.109746309643965      
   0.9207553772532419     
 b_para_n=    1.258112874340022     
 dxdt=    5.327742664292479        -6238.010268366192      
    5175.870568573950     
 dudt=    5206348.973894470     
 ---------------------
 rk4
 istep=      8000001
 grad_b=  -0.9318224060773710        9.1978963070952463E-002 
  -9.1805379846621765E-002
 bsub=  -7.4513986424504883E-003  -6.8424120065539884E-002 
    1.158634022183355     
 bsup=    0.000000000000000       -0.6383431211296209      
   0.8885693249521389     
 b_abs=    1.036023097983698     
 g=  -2.0173196728417914E-002
 j=    0.000000000000000         1066.694596849418      
    348.2460281184326     
 v_perp_2=    51866331.56753924     
 b_n=   3.7885508048055055E-004  -0.6342619122396033      
   0.8888128090141256     
 b_para_n=    1.036023129634288     
 dxdt=    4.072081426334839        -4773.669825427230      
    6708.594479038574     
 dudt=    3389557.130303598     
 ---------------------
 rk4
 istep=      9000001
 grad_b=  -0.7729919390410056        7.8391444514362661E-003 
  -2.8194301571390308E-002
 bsub=  -2.2669682682778004E-002  -4.8605984213041180E-002 
    1.007541330914954     
 bsup=    0.000000000000000       -0.4379241342810321      
   0.9498334471771960     
 b_abs=   0.9890294477674720     
 g=  -1.8338619143232180E-002
 j=    0.000000000000000        -446.4564915443702      
   -189.9376498004946     
 v_perp_2=    49513638.12853470     
 b_n=   3.0333445625303306E-005  -0.4343022047665270      
   0.9500088415984965     
 b_para_n=   0.9890294295984300     
 dxdt=   0.3396671328905176        -3487.452930106308      
    7654.025807025618     
 dudt=    764659.6735846498     
 ---------------------
 rk4
 istep=     10000001
 grad_b=  -0.4591332062455920       -1.0367955974128007E-003 
   2.1268026867909101E-002
 bsub=  -3.3261055007775236E-002  -4.0918116043835044E-002 
   0.9347221880268261     
 bsup=    0.000000000000000       -0.2676671930992724      
    1.034424813710229     
 b_abs=   0.9887839800930777     
 g=  -1.5654295174733990E-002
 j=    0.000000000000000         700.3222528122950      
   -109.5014225776442     
 v_perp_2=    49501294.65784059     
 b_n=  -5.3851694560322062E-007  -0.2653334066847465      
    1.034526942827218     
 b_para_n=   0.9887839660556373     
 dxdt=  -6.0315232653683978E-003   -2130.990481471566      
    8337.570874885909     
 dudt=   -563967.0633941608     
 ---------------------
 rk4
 istep=     11000001
 grad_b=  -0.1787923949387962        2.1417367026311227E-002 
   5.9566461009141133E-002
 bsub=  -3.9508748275268943E-002  -1.8971976340155995E-002 
   0.9289873181758904     
 bsup=    0.000000000000000       -2.8321121109357916E-002 
    1.097888716351414     
 b_abs=    1.010100192535023     
 g=  -1.3192432906945368E-002
 j=    0.000000000000000        -496.6271972373818      
    53.71136623020621     
 v_perp_2=    50568387.14272273     
 b_n=   1.2912580276452896E-004  -2.7315616244723982E-002 
    1.097914749121719     
 b_para_n=    1.010100198574158     
 dxdt=    1.419136060101072        -210.4870170919467      
    8588.367299585118     
 dudt=   -1605583.806164469     
 ---------------------
 rk4
 istep=     12000001
 grad_b=   9.7591650847250966E-002   5.3111803329437768E-002 
   0.1024972547085907     
 bsub=  -4.0635294394560720E-002   1.1874892755079709E-002 
   0.9791520244906886     
 bsup=    0.000000000000000        3.7831900012198827E-002 
    1.129356981708378     
 b_abs=    1.052130042974794     
 g=  -1.1067697622863288E-002
 j=    0.000000000000000         377.3993059913410      
   -17.96062640500263     
 v_perp_2=    52672456.13232418     
 b_n=   3.3683248580586555E-004   3.7170559178502677E-002 
    1.129378979688629     
 b_para_n=    1.052130041766008     
 dxdt=    3.572104012130199         272.2706914928815      
    8337.422196383444     
 dudt=   -2801762.999455634     
 ---------------------
 rk4
 istep=     13000001
 grad_b=  -4.4549520230707212E-002   0.1054406721624365      
   0.1466167840522664     
 bsub=  -5.3148785677867134E-002   1.2469000186083379E-002 
    1.032819921481240     
 bsup=    0.000000000000000       -0.5043972502517655      
    1.133662378035615     
 b_abs=    1.078831756298350     
 g=  -8.7411103644242545E-003
 j=    0.000000000000000        -575.0351707370451      
    62.22321124821652     
 v_perp_2=    54009156.50576537     
 b_n=   8.4565826277314482E-004  -0.5040954511052524      
    1.133702257126858     
 b_para_n=    1.078831761251611     
 dxdt=    8.776553350029483        -3587.833612235302      
    8071.320313177869     
 dudt=   -2622544.278188344     
 ---------------------
 rk4
 istep=     14000001
 grad_b=  -0.8912759306465252        9.3214666950763650E-002 
   0.1253304389592276     
 bsub=  -3.0193095950753673E-002  -8.5598515454276575E-002 
    1.035061504992100     
 bsup=    0.000000000000000       -0.5526056268736369      
   0.9635424713315338     
 b_abs=    1.021448080254703     
 g=  -1.3939513377409167E-002
 j=    0.000000000000000        -588.3282100080492      
    102.4484008625346     
 v_perp_2=    51136331.44471920     
 b_n=   6.0655955256012787E-004  -0.5474077940528117      
   0.9639900355718624     
 b_para_n=    1.021448095754622     
 dxdt=    6.600985299549353        -4198.602739840891      
    7424.332310523436     
 dudt=   -1697023.568777175     
 ---------------------
 rk4
 istep=     15000001
 grad_b=   -1.262115609648173       -1.7037040525100383E-003 
   0.1363960456680030     
 bsub=  -1.4371560853427168E-002  -8.2763515071661076E-002 
    1.169231618854235     
 bsup=    0.000000000000000       -0.7552792491595561      
   0.8798537077474031     
 b_abs=    1.044533061547522     
 g=  -1.9142099803274196E-002
 j=    0.000000000000000        -416.9708835091114      
   -511.3356494465364     
 v_perp_2=    52291970.85755876     
 b_n=   3.6283508637468059E-005  -0.7495274348197555      
   0.8802612459723044     
 b_para_n=    1.044533008657853     
 dxdt=   0.3872163723214809        -5572.507839749064      
    6567.484835150978     
 dudt=   -2906725.460900402     
 ---------------------
 rk4
 istep=     16000001
 grad_b=   -1.204509708655652       -9.3044441227423280E-002 
   0.1528973039705742     
 bsub=  -2.6487002456843482E-002  -0.1265841590417067      
    1.342794897872197     
 bsup=    0.000000000000000       -0.8688251068710118      
   0.8713406448342116     
 b_abs=    1.131438285665885     
 g=  -2.0244662720991492E-002
 j=    0.000000000000000         718.8251330511619      
    81.02799779743293     
 v_perp_2=    56642600.15113188     
 b_n=  -3.1996520469969948E-004  -0.8639359228937585      
   0.8717952338989017     
 b_para_n=    1.131438287039090     
 dxdt=   -3.189849732293593        -5715.961529055845      
    5785.926052997462     
 dudt=   -4735828.674149250     
 ---------------------
 rk4
 istep=     17000001
 grad_b=  -0.7992147889929790       -0.1342478591431565      
   0.1304591022499682     
 bsub=  -2.1384262744438890E-002  -0.2022886460736724      
    1.477389261650638     
 bsup=    0.000000000000000        -1.117894175324350      
   0.8905544225173176     
 b_abs=    1.241632201708831     
 g=  -1.7900388972937623E-002
 j=    0.000000000000000         107.9972309744089      
   -252.4114993941059     
 v_perp_2=    62159103.65498287     
 b_n=  -4.6477907374633783E-004   -1.114710074211599      
   0.8909836518067256     
 b_para_n=    1.241632177706335     
 dxdt=   -4.300697747267768        -6390.230965851619      
    5118.129387890773     
 dudt=   -5367683.222708670     
 ---------------------
 rk4
 istep=     18000001
 grad_b=  -0.5325455181976287        3.5424040770657014E-002 
  -3.3288888349774261E-002
 bsub=   1.3358600747446056E-002  -0.2360691412600270      
    1.526120055923184     
 bsup=    0.000000000000000        -1.270148747098602      
   0.9036970012264863     
 b_abs=    1.295839912736052     
 g=  -1.6684275789779473E-002
 j=    0.000000000000000         768.9927549702666      
   -47.28127783592964     
 v_perp_2=    64872796.97507124     
 b_n=   1.1968797588417559E-004   -1.268044481404348      
   0.9040214419378908     
 b_para_n=    1.295839898957414     
 dxdt=    1.072612476654854        -6780.980026722160      
    4840.918045326362     
 dudt=    1450228.221662573     
 ---------------------
 rk4
 istep=     19000001
 grad_b=   -1.127814627775137        0.1055532038572089      
  -0.1616997039913951     
 bsub=   3.9942661627364852E-002  -0.1665698456558475      
    1.442441777269588     
 bsup=    0.000000000000000        -1.030962179582424      
   0.8789782722690145     
 b_abs=    1.199957850417306     
 g=  -1.9841042787036640E-002
 j=    0.000000000000000         430.5448303202043      
   -29.59166962307872     
 v_perp_2=    60072642.82005440     
 b_n=   3.3385710824693064E-004   -1.026645479704493      
   0.8794675036431165     
 b_para_n=    1.199957842818584     
 dxdt=    3.172801727744071        -6209.506561374554      
    5333.729597693674     
 dudt=    5234875.181090667     
 ---------------------
 rk4
 istep=     20000001
 grad_b=   -1.124705011426381       -8.4731587834635247E-002 
  -0.2355577400410637     
 bsub=   3.9323009019207253E-002  -7.5717237795174835E-002 
    1.296486914610520     
 bsup=    0.000000000000000       -0.9636629604996734      
   0.8859618659130969     
 b_abs=    1.105244573379549     
 g=  -1.8007052434260377E-002
 j=    0.000000000000000         514.3596375526550      
    251.2313713341011     
 v_perp_2=    55331015.80171691     
 b_n=  -4.6117126881894011E-004  -0.9584299552281513      
   0.8862814906198243     
 b_para_n=    1.105244596816323     
 dxdt=   -4.688754800376744        -6568.014345739953      
    6090.592653806319     
 dudt=    2877209.676555720     
 ---------------------
 rk4
 istep=     21000001
 grad_b=   0.2417890717004033       -0.1410025292007229      
  -0.2126068530430008     
 bsub=   5.3968536153065426E-002   4.7674212594304155E-002 
    1.322811781291372     
 bsup=    0.000000000000000       -0.6999733917164807      
    1.077498839280410     
 b_abs=    1.179746067284547     
 g=  -9.1803577854821343E-003
 j=    0.000000000000000         173.7848073563931      
    341.7529034304832     
 v_perp_2=    59060674.63896208     
 b_n=  -1.0606486294598913E-003  -0.7019656753190175      
    1.077613942490364     
 b_para_n=    1.179746099220462     
 dxdt=   -10.21784004610500        -4376.776552760728      
    6708.922829438086     
 dudt=    2766442.255414585     
 ---------------------
 rk4
 istep=     22000001
 grad_b=   0.5801274191751760       -7.0395814099479204E-002 
  -0.1616686034597081     
 bsub=   2.4129162669845758E-002   7.5378783789070813E-002 
    1.232681801179457     
 bsup=    0.000000000000000       -0.3546397198630751      
    1.135541162102783     
 b_abs=    1.172141946435239     
 g=  -8.3250333885638347E-003
 j=    0.000000000000000         27.79899005717303      
   -20.44802412723296     
 v_perp_2=    58679934.33258051     
 b_n=  -5.0281293086190399E-004  -0.3594866522773779      
    1.135847393941998     
 b_para_n=    1.172141944805439     
 dxdt=   -4.869275836613946        -2276.847919058041      
    7143.041294354866     
 dudt=    3387251.892487200     
 ---------------------
 rk4
 istep=     23000001
 grad_b=   0.4898381555322443       -3.7554863515097174E-002 
  -0.1381453286538620     
 bsub=   2.2930178414361402E-002   5.2371315267707427E-002 
    1.104578002095689     
 bsup=    0.000000000000000        8.7198453635067286E-002 
    1.117316704464625     
 b_abs=    1.112796553473034     
 g=  -1.0235932883115874E-002
 j=    0.000000000000000         224.0804051343313      
    138.3769306229080     
 v_perp_2=    55708913.37120064     
 b_n=  -2.1394831942676969E-004   8.3798581317858181E-002 
    1.117482357206956     
 b_para_n=    1.112796566698304     
 dxdt=   -2.162777124601782         558.7428057170112      
    7601.507440081848     
 dudt=    3545635.315898165     
 ---------------------
 rk4
 istep=     24000001
 grad_b=   0.1864959115285519       -1.6843263277940106E-002 
  -0.1014578956026690     
 bsub=   3.2723783688002564E-002   2.3937603725131373E-002 
    1.003512890529218     
 bsup=    0.000000000000000        0.1936893249192883      
    1.096995266222952     
 b_abs=    1.051786998826236     
 g=  -1.2480142890938625E-002
 j=    0.000000000000000         244.2143370598440      
   -157.0633435353031     
 v_perp_2=    52654586.97324209     
 b_n=  -8.5197166395988450E-005   0.1925681757842195      
    1.097024773428569     
 b_para_n=    1.051786984815646     
 dxdt=  -0.9037697413629263         1418.646860869545      
    8102.440932913752     
 dudt=    2726395.428221579     
 ---------------------
 rk4
 istep=     25000001
 grad_b=  -0.1565230440694060        2.5690656524236730E-003 
  -5.9455027557241844E-002
 bsub=   3.6787776845854443E-002  -3.9675624272001997E-003 
   0.9559901831431675     
 bsup=    0.000000000000000        1.9125690760316560E-003 
    1.060522943836365     
 b_abs=    1.006911278703083     
 g=  -1.4520876386544798E-002
 j=    0.000000000000000        -781.8849768575242      
    173.6366918817378     
 v_perp_2=    50407959.95165955     
 b_n=   1.2481167944262038E-005   2.7414175981632732E-003 
    1.060525921712693     
 b_para_n=    1.006911296049897     
 dxdt=   0.1375559600190922         24.16251819903341      
    8332.783850645072     
 dudt=    1567335.404045342     
 ---------------------
 rk4
 istep=     26000001
 grad_b=  -0.4962023511591139        5.9123246751087641E-003 
  -6.6447603612681400E-003
 bsub=   3.1210241268434774E-002  -1.4076633699876655E-002 
   0.9843555386389826     
 bsup=    0.000000000000000       -0.2250437382317843      
   0.9775790011798743     
 b_abs=   0.9825552740648104     
 g=  -1.7511703534397113E-002
 j=    0.000000000000000         686.9032320169852      
   -257.9857514415429     
 v_perp_2=    49188596.11740612     
 b_n=   2.8305889511602567E-005  -0.2226302634066448      
   0.9776125886291156     
 b_para_n=   0.9825552453888390     
 dxdt=   0.3188239744494139        -1802.428446582026      
    7948.125428607119     
 dudt=    199378.1473675702     
 ---------------------
 rk4
 istep=     27000001
 grad_b=  -0.4867781814820046       -0.1583331094101683      
   9.8734481764378879E-002
 bsub=   1.8040731184462467E-002  -5.9489108562893529E-002 
    1.207435003895684     
 bsup=    0.000000000000000       -0.5359691412330181      
   0.9000078575875812     
 b_abs=    1.057500088411674     
 g=  -2.0770073341224462E-002
 j=    0.000000000000000        -295.6874323153633      
   -249.6813013425437     
 v_perp_2=    52940417.83058174     
 b_n=  -6.4680281143155588E-004  -0.5339113953035831      
   0.9001188821281929     
 b_para_n=    1.057500062548777     
 dxdt=   -6.829134704667504        -3906.084213870920      
    6596.813969733369     
 dudt=   -4112008.511090390     
 ---------------------
 rk4
 istep=     28000001
 grad_b=   0.3013249898515165       -6.7899594216533229E-002 
   5.9581914172186515E-002
 bsub=   0.1069575825533057        8.6479203290768421E-003 
    1.781878257409426     
 bsup=    0.000000000000000        -1.092537685281498      
    1.016301548662075     
 b_abs=    1.342226742019410     
 g=  -1.3706605399250490E-002
 j=    0.000000000000000        -850.5669537711218      
    68.63044047626447     
 v_perp_2=    67194280.10701829     
 b_n=  -3.4838978816567173E-004   -1.094058997681460      
    1.016329848427608     
 b_para_n=    1.342226747695750     
 dxdt=   -3.045198661607999        -5522.267074042752      
    5124.807019388548     
 dudt=   -2512661.167512383     
 ---------------------
 rk4
 istep=     29000001
 grad_b=   0.4236358106893338       -3.7162832745258681E-002 
   8.8425889932190332E-003
 bsub=   5.3298646845738845E-002   0.1667460224751208      
    2.043045807893971     
 bsup=    0.000000000000000        -1.152069345184444      
    1.071645440543396     
 b_abs=    1.413373868358401     
 g=  -9.4872258901229408E-003
 j=    0.000000000000000        -189.6428468391875      
    312.8845033027549     
 v_perp_2=    70755958.54212233     
 b_n=  -2.7769357632355911E-004   -1.155172915668106      
    1.071906005165478     
 b_para_n=    1.413373894348236     
 dxdt=   -2.346447897934183        -5324.130876912616      
    4930.270698714869     
 dudt=   -926061.2766319899     
 ---------------------
 Elapsed time (seconds):     162.0182700000000     

real	2m42.032s
user	2m41.449s
sys	0m0.052s
>>> [PID 3725199] DONE  u=8000, v_perp=7000, out=gc_grid/dat374.dat
