>>> [PID 3692965] START u=4500, v_perp=4000, out=gc_grid/dat304.dat, dt=2e-09, steps=30000000
 outer boundary:   8.3000000000000462E-002
 rk4
 istep=            1
 grad_b=  -0.5028822002860243        4.9317607223878235E-003 
  -7.9829158701411190E-003
 bsub=   8.6924341130278568E-003   4.2252311865618293E-002 
    1.020727178382637     
 bsup=    0.000000000000000        0.5003111485548842      
   0.9181485972467791     
 b_abs=   0.9787596523180992     
 g=  -1.6418740286691963E-002
 j=    0.000000000000000         576.0999484546254      
    59.09300441135656     
 v_perp_2=    15999999.26909524     
 b_n=   1.6076617926148123E-005   0.5018473354769488      
   0.9180848759329888     
 b_para_n=   0.9787596575461744     
 dxdt=   0.1031156472074431         2310.111547803363      
    4220.922568398159     
 dudt=    40603.24052930775     
 ---------------------
 rk4
 istep=      1000001
 grad_b=  -0.9767719279059643        9.2720262076684185E-002 
   0.1530228253859555     
 bsub=  -2.8371005700284186E-002  -8.4281974610869087E-002 
    1.091264845512350     
 bsup=    0.000000000000000       -0.6398389765449058      
   0.9267589685395539     
 b_abs=    1.032127579704031     
 g=  -1.5240304053115897E-002
 j=    0.000000000000000        -885.7084511932114      
    825.1978331367691     
 v_perp_2=    16872411.67303259     
 b_n=   3.2358860468476670E-004  -0.6368278459658828      
   0.9269999909113500     
 b_para_n=    1.032127632678261     
 dxdt=    1.980934418643935        -2710.463498639070      
    3954.078932350025     
 dudt=   -653246.9280338545     
 ---------------------
 rk4
 istep=      2000001
 grad_b=  -1.7348376202846877E-002  -9.0242057063483067E-002 
  -5.4993513360110192E-002
 bsub=   9.2946895410645505E-002   8.0677843549869996E-002 
    1.904221028134179     
 bsup=    0.000000000000000        -1.080478362024417      
    1.040494350072750     
 b_abs=    1.376500088011451     
 g=  -1.2854431251793438E-002
 j=    0.000000000000000        -1221.818652892682      
   -23.45830778680264     
 v_perp_2=    22501933.13096268     
 b_n=  -2.6661088820640602E-004   -1.080433933530749      
    1.040505478605848     
 b_para_n=    1.376500084326349     
 dxdt=   -1.305882217558440        -2910.235686823687      
    2802.804127325114     
 dudt=   -239205.6783342827     
 ---------------------
 rk4
 istep=      3000001
 grad_b=  -0.6228743886806403        0.1598646871323769      
  -0.1188173701843205     
 bsub=   4.3345819128715974E-003  -0.2109417444195234      
    1.453312493360849     
 bsup=    0.000000000000000        -1.088011584152958      
   0.8868146101419151     
 b_abs=    1.232015768257802     
 g=  -1.7936577549461520E-002
 j=    0.000000000000000         55.91109025018125      
   -113.1804494201491     
 v_perp_2=    20140011.81597734     
 b_n=   3.1967446947322754E-004   -1.086616228279875      
   0.8870161811035665     
 b_para_n=    1.232015762129704     
 dxdt=    1.692442290935970        -3537.193298438394      
    2890.177904077152     
 dudt=    1852995.597487894     
 ---------------------
 rk4
 istep=      4000001
 grad_b=   0.6115307725875483       -6.0348375185144812E-002 
  -0.1578083377260540     
 bsub=   5.8487025230336866E-003   0.1298659963859244      
    1.588438369184550     
 bsup=    0.000000000000000       -0.7293241722898283      
    1.107173292529250     
 b_abs=    1.290461763329087     
 g=  -7.7576726826701524E-003
 j=    0.000000000000000         198.2515276722365      
    4.537329348527029     
 v_perp_2=    21095433.59961444     
 b_n=  -2.3758575422915131E-004  -0.7323892851513426      
    1.107424762664206     
 b_para_n=    1.290461764341804     
 dxdt=   -1.215556951726576        -2215.806346256025      
    3341.253912471102     
 dudt=    827883.9141262560     
 ---------------------
 rk4
 istep=      5000001
 grad_b=  -0.2872566479777635        1.3098480127143389E-003 
   4.3971662765082714E-002
 bsub=  -3.6230639874461450E-002  -2.3919007403848374E-002 
   0.9351980420467589     
 bsup=    0.000000000000000       -0.1407892024361618      
    1.055289351941102     
 b_abs=   0.9954827434590274     
 g=  -1.4944302249165707E-002
 j=    0.000000000000000         188.6433678632328      
   -56.36554642800826     
 v_perp_2=    16273345.89802013     
 b_n=   7.1882870601556596E-006  -0.1399460406096524      
    1.055311191863339     
 b_para_n=   0.9954827400660042     
 dxdt=   4.5419515287713756E-002   -626.7887639960290      
    4738.183169377641     
 dudt=   -379484.6877114212     
 ---------------------
 rk4
 istep=      6000001
 grad_b=  -0.1545753598714359       -1.9441996091265512E-002 
  -6.3143688754698113E-002
 bsub=   3.8231587430049618E-002  -1.5001601911866509E-002 
   0.9349047243721074     
 bsup=    0.000000000000000       -2.1202715623229729E-002 
    1.090370567755283     
 b_abs=    1.009700995305516     
 g=  -1.3502980356564949E-002
 j=    0.000000000000000        -613.4855043302430      
    84.38147922675724     
 v_perp_2=    16505769.50756245     
 b_n=  -6.4576212810972823E-005  -2.0722915144508764E-002 
    1.090380912898616     
 b_para_n=    1.009701000353022     
 dxdt=  -0.4029703013930047        -90.31385466448467      
    4798.519695168216     
 dudt=    554008.5760708317     
 ---------------------
 rk4
 istep=      7000001
 grad_b=   0.7361043142558530        3.8156638289206707E-002 
   0.1594654141359274     
 bsub=   1.5044791741583722E-002   0.1168596526589638      
    1.517359667896148     
 bsup=    0.000000000000000       -0.5133728371956860      
    1.107959014820070     
 b_abs=    1.273504257064747     
 g=  -8.2194146936842502E-003
 j=    0.000000000000000         449.3108595221744      
   -261.7116974580715     
 v_perp_2=    20818200.86092939     
 b_n=   1.2104264965887948E-004  -0.5168088498401281      
    1.108222430420670     
 b_para_n=    1.273504246091512     
 dxdt=   0.6252263007417530        -1601.330984884241      
    3419.042085945166     
 dudt=   -1008248.747271064     
 ---------------------
 rk4
 istep=      8000001
 grad_b=  -0.9748256467765336       -0.1387373973928638      
   0.1396710898056180     
 bsub=  -1.8397077119864921E-002  -0.1564357034260067      
    1.375664587337402     
 bsup=    0.000000000000000       -0.9044320904299189      
   0.8728739648329593     
 b_abs=    1.158499876380913     
 g=  -1.9647569391293786E-002
 j=    0.000000000000000         184.2961753243644      
    200.0807232093952     
 v_perp_2=    18938198.43459116     
 b_n=  -2.7897825139105471E-004  -0.9022226870947591      
   0.8731214879705512     
 b_para_n=    1.158499886423598     
 dxdt=   -1.549987388608784        -3235.987062866183      
    3136.296755134504     
 dudt=   -1745439.687411822     
 ---------------------
 rk4
 istep=      9000001
 grad_b=   0.4249848376908265        3.3945581809422004E-002 
   2.9948327985280403E-002
 bsub=  -3.5737224731151582E-002   0.1762666766641851      
    2.098856260189754     
 bsup=    0.000000000000000        -1.336300839416533      
    1.076180089974001     
 b_abs=    1.423079214322902     
 g=  -8.3891091920622052E-003
 j=    0.000000000000000        -421.2572569259164      
    108.7336444009759     
 v_perp_2=    23263313.81588674     
 b_n=   1.4638781934418440E-004   -1.338282601832749      
    1.076349017833300     
 b_para_n=    1.423079217924645     
 dxdt=   0.7027251896184341        -3393.466409648933      
    2726.052770078480     
 dudt=    75423.19159651220     
 ---------------------
 rk4
 istep=     10000001
 grad_b=   -1.243014989900171        1.1915417618058791E-002 
  -0.1308184453497019     
 bsub=   1.1907448071313546E-002  -8.3868814536455949E-002 
    1.165758704897020     
 bsup=    0.000000000000000       -0.7426895962033947      
   0.8751462441454544     
 b_abs=    1.040323621658234     
 g=  -1.9521281928540506E-002
 j=    0.000000000000000        -453.6961744899852      
   -557.7570625717584     
 v_perp_2=    17006336.08237876     
 b_n=   6.3403951999059402E-006  -0.7395454010454959      
   0.8753723548205615     
 b_para_n=    1.040323589038710     
 dxdt=   3.8549392438490579E-002   -3112.602269762231      
    3691.627182428934     
 dudt=    969013.1481854920     
 ---------------------
 rk4
 istep=     11000001
 grad_b=   0.6306308472051018        8.8000035810756605E-002 
  -0.1841923999986842     
 bsub=  -3.0466183006839981E-002   1.3532904091596305E-002 
    1.286019151161213     
 bsup=    0.000000000000000        0.2950573454925750      
   0.9976233764824902     
 b_abs=    1.134520450361960     
 g=  -1.2949959572114141E-002
 j=    0.000000000000000         61.92524523065828      
   -211.0197248987320     
 v_perp_2=    18546182.29511533     
 b_n=   3.0544215327873699E-004   0.2929304637176139      
   0.9976529836258049     
 b_para_n=    1.134520438735637     
 dxdt=    1.726138036224418         1082.258153441386      
    3700.048349542489     
 dudt=    1136785.860773060     
 ---------------------
 rk4
 istep=     12000001
 grad_b=  -0.5267031901298896        8.1768283842288361E-002 
   8.6697695446348005E-002
 bsub=  -4.4326556044280228E-002  -5.1986867815749668E-002 
   0.8777329588206699     
 bsup=    0.000000000000000       -0.3832887361783269      
    1.147490904965547     
 b_abs=    1.013507396605878     
 g=  -9.2234571961492366E-003
 j=    0.000000000000000         151.7575116574162      
   -38.27789202886854     
 v_perp_2=    16567956.95987326     
 b_n=   3.7366500068465521E-004  -0.3810428449890980      
    1.147642793694598     
 b_para_n=    1.013507394250280     
 dxdt=    2.324079731886247        -1663.808224234888      
    5023.878095919391     
 dudt=   -549556.3079686356     
 ---------------------
 rk4
 istep=     13000001
 grad_b=   6.9806373003909405E-002  -0.1929259538527528      
   0.1264416986619393     
 bsub=   3.5257764184839585E-002  -7.7090293331663950E-002 
    1.325797026672541     
 bsup=    0.000000000000000       -0.5304030578025378      
   0.9251829060654072     
 b_abs=    1.126034315098920     
 g=  -1.9483701820725265E-002
 j=    0.000000000000000         311.4792022908168      
    407.4360138019820     
 v_perp_2=    18407445.23483604     
 b_n=  -4.4009250979044250E-004  -0.5305606154770348      
   0.9251854675174686     
 b_para_n=    1.126034337704751     
 dxdt=   -2.502482824641035        -1990.574430806790      
    3470.613907263068     
 dudt=   -1591909.908119176     
 ---------------------
 rk4
 istep=     14000001
 grad_b=   -1.235122802454039       -5.4535342192875993E-002 
   0.1920307441135597     
 bsub=  -4.7846507781421688E-002  -0.1408242986860189      
    1.432192642646807     
 bsup=    0.000000000000000        -1.014779854336896      
   0.8749289819313659     
 b_abs=    1.181524750890455     
 g=  -2.0851237525208826E-002
 j=    0.000000000000000         428.9668283248444      
   -311.4000848656857     
 v_perp_2=    19314549.91500740     
 b_n=  -7.5523056672887115E-005   -1.012177115940415      
   0.8751823641208273     
 b_para_n=    1.181524731265556     
 dxdt=  -0.4130484591033410        -3520.260384637867      
    3048.778061721958     
 dudt=   -1545124.020153656     
 ---------------------
 rk4
 istep=     15000001
 grad_b=   0.4001609633726887       -7.7242532028194366E-002 
  -0.2210073473212059     
 bsub=   3.9246362942808657E-002   0.1382298290565845      
    1.955616571326349     
 bsup=    0.000000000000000        -1.651077636887601      
    1.071983862166818     
 b_abs=    1.366479015373512     
 g=  -8.2619528260678456E-003
 j=    0.000000000000000        -1269.042878961324      
    198.5078544189200     
 v_perp_2=    22338014.51515670     
 b_n=  -3.0479966865772491E-004   -1.653078962639068      
    1.072131443668588     
 b_para_n=    1.366479020961266     
 dxdt=   -1.499898155740513        -4516.552804635984      
    2926.763380169727     
 dudt=    654271.8440290431     
 ---------------------
 rk4
 istep=     16000001
 grad_b=  -0.9802081954466495        4.2115679342249551E-002 
  -7.0653157483886453E-002
 bsub=  -9.7433911708795697E-003  -6.1778031252441995E-002 
    1.093636652688521     
 bsup=    0.000000000000000       -0.5977129457959275      
   0.8981043310195680     
 b_abs=    1.009572147345363     
 g=  -1.9671509202329525E-002
 j=    0.000000000000000         1201.127662513702      
   -349.2133415247812     
 v_perp_2=    16503603.02837350     
 b_n=   9.6673194296902976E-005  -0.5952257482952873      
   0.8982456665319984     
 b_para_n=    1.009572121202652     
 dxdt=   0.6033300750807142        -2615.346845301878      
    3953.941802094406     
 dudt=    717530.5819078484     
 ---------------------
 rk4
 istep=     17000001
 grad_b=   0.5789942505515250       -4.4969336871870130E-002 
  -0.1501243200610506     
 bsub=   1.6893617981565343E-002   6.5246162491909329E-002 
    1.160260161071804     
 bsup=    0.000000000000000       -8.7898135015634926E-003 
    1.124525768876359     
 b_abs=    1.142327416037854     
 g=  -9.3724029453615895E-003
 j=    0.000000000000000         712.8298422182530      
   -92.64364327951023     
 v_perp_2=    18673765.64305571     
 b_n=  -1.5198451760253015E-004  -1.1207985096889490E-002 
    1.124663962919712     
 b_para_n=    1.142327413462216     
 dxdt=  -0.8541025102740862        -45.84846836246643      
    4127.845616300780     
 dudt=    1205101.411270597     
 ---------------------
 rk4
 istep=     18000001
 grad_b=   0.5760654286037081        1.8084862927296767E-002 
   0.1441432154706597     
 bsub=  -1.0918709742104495E-002   5.7618276447067948E-002 
    1.128965241411434     
 bsup=    0.000000000000000        0.2807988124031385      
    1.099247938775951     
 b_abs=    1.121066578550398     
 g=  -1.0483821408121777E-002
 j=    0.000000000000000         794.7284410545353      
   -309.8657033474080     
 v_perp_2=    18326203.88961281     
 b_n=   4.0713758426888019E-005   0.2786074042521485      
    1.099360160661367     
 b_para_n=    1.121066565086076     
 dxdt=   0.2323560093752155         1047.915746953328      
    4151.894010069315     
 dudt=   -1192256.250476687     
 ---------------------
 rk4
 istep=     19000001
 grad_b=  -0.9204259398142856       -1.0035188696616086E-002 
   4.9958810836441873E-002
 bsub=   1.2980851685564425E-002  -6.4714292581098481E-002 
    1.036159994165478     
 bsup=    0.000000000000000       -0.5316676321345605      
   0.9230441346750218     
 b_abs=   0.9954715032532556     
 g=  -1.8742862929952798E-002
 j=    0.000000000000000         942.9684327191490      
   -784.1013642516849     
 v_perp_2=    16273082.73149115     
 b_n=  -1.8037817130882581E-005  -0.5292649959993523      
   0.9231943696649951     
 b_para_n=   0.9954714514610001     
 dxdt=  -0.1139738329207734        -2371.946465960288      
    4145.313362992463     
 dudt=   -422438.7630692846     
 ---------------------
 rk4
 istep=     20000001
 grad_b=   0.4348557327317014        7.0530167243380695E-002 
   0.2064458578409597     
 bsub=  -5.2728306536331346E-003   0.1777818662334701      
    2.006575316987001     
 bsup=    0.000000000000000        -1.311108534164203      
    1.072715309059009     
 b_abs=    1.384889456581979     
 g=  -7.3414453927252710E-003
 j=    0.000000000000000        -1337.600799620758      
    217.7669979722034     
 v_perp_2=    22638930.30461957     
 b_n=   2.8733082214270393E-004   -1.313503401015362      
    1.072928251935570     
 b_para_n=    1.384889461618546     
 dxdt=    1.402014399200449        -3504.452895162145      
    2858.731538960735     
 dudt=   -761262.5011280765     
 ---------------------
 rk4
 istep=     21000001
 grad_b=  -0.7882055709743240        0.1265628355497104      
  -0.1224405787175854     
 bsub=   2.7140027230083678E-002  -0.2139993068928382      
    1.485585751284123     
 bsup=    0.000000000000000        -1.150888490879587      
   0.8896327872391513     
 b_abs=    1.252167814747440     
 g=  -1.8043086219159413E-002
 j=    0.000000000000000         15.78958699211009      
   -303.3653350758382     
 v_perp_2=    20469308.84802966     
 b_n=   2.3771121862179164E-004   -1.149173243824256      
   0.8898755138906360     
 b_para_n=    1.252167799623954     
 dxdt=    1.243237085555003        -3642.213257526081      
    2823.622024599801     
 dudt=    1661822.623623448     
 ---------------------
 rk4
 istep=     22000001
 grad_b=   0.7177658048003961        4.7295343964406204E-003 
  -0.1658341261993731     
 bsub=  -7.3919863531130212E-002   0.1073504092837811      
    1.771816420416845     
 bsup=    0.000000000000000       -0.8656754780872553      
    1.057372130769811     
 b_abs=    1.334176381321747     
 g=  -1.0572053156426033E-002
 j=    0.000000000000000        -364.1063133028287      
   -103.6865931473302     
 v_perp_2=    21809904.14160790     
 b_n=   5.5309817153128205E-005  -0.8683361593289840      
    1.057535638325450     
 b_para_n=    1.334176375068852     
 dxdt=   0.2765013133654893        -2478.925412201549      
    3012.433791285609     
 dudt=    1099317.683725359     
 ---------------------
 rk4
 istep=     23000001
 grad_b=  -0.6235981450018175        5.9220304572686344E-003 
   9.3378336563380432E-003
 bsub=  -1.7599592671211174E-002  -8.1189755202289451E-002 
   0.8837508893030932     
 bsup=    0.000000000000000       -0.3964630639620615      
    1.057254580836073     
 b_abs=   0.9826998106031024     
 g=  -1.3631045739663457E-002
 j=    0.000000000000000        -385.5730788186648      
    308.2871463321578     
 v_perp_2=    16064276.67594695     
 b_n=   2.1394410989505275E-005  -0.3944958676982004      
    1.057435752900439     
 b_para_n=   0.9826998291814961     
 dxdt=   0.1367355327411834        -1800.035745365297      
    4834.870784425130     
 dudt=   -62585.37752603119     
 ---------------------
 rk4
 istep=     24000001
 grad_b=  -0.3158951598723375        4.2451235168819497E-002 
  -6.3589330441567449E-002
 bsub=   1.5235474167029597E-002   3.6347556681633461E-002 
    1.020172820581897     
 bsup=    0.000000000000000        0.3679753562118069      
   0.9569368275806296     
 b_abs=   0.9950964585958765     
 g=  -1.5491302265555751E-002
 j=    0.000000000000000         1077.972518507065      
    58.80645949628689     
 v_perp_2=    16266921.53722768     
 b_n=   1.3907666230936484E-004   0.3689549515546380      
   0.9568998544929062     
 b_para_n=   0.9950964644816939     
 dxdt=   0.8790625825437440         1659.236889741549      
    4298.586510660283     
 dudt=    371510.7880360008     
 ---------------------
 rk4
 istep=     25000001
 grad_b=  -0.6394719558697382        0.1522113471139186      
   0.2047669034907030     
 bsub=  -4.7479308732749047E-002  -5.4769035155315740E-002 
    1.153171866225728     
 bsup=    0.000000000000000       -0.6728094821112751      
   0.9696224445810042     
 b_abs=    1.075106793230135     
 g=  -1.2919562163409015E-002
 j=    0.000000000000000         1100.454036787529      
   -994.0372363550807     
 v_perp_2=    17574851.34243099     
 b_n=   5.6534882478888858E-004  -0.6706063496353933      
   0.9697503024114358     
 b_para_n=    1.075106733925806     
 dxdt=    3.341750512609807        -2691.387634068610      
    3898.228828036438     
 dudt=   -730887.1080839190     
 ---------------------
 rk4
 istep=     26000001
 grad_b=  -0.3260342706849962       -7.8417265014130544E-002 
  -7.5208107165785132E-002
 bsub=   0.1034207049715422       -8.4876172956224114E-003 
    1.798563651475468     
 bsup=    0.000000000000000        -1.149401078193023      
    1.004549705899674     
 b_abs=    1.347455397525913     
 g=  -1.4910650065675986E-002
 j=    0.000000000000000        -1404.675892012600      
    831.0141590851357     
 v_perp_2=    22026945.22927782     
 b_n=  -2.0647437622106529E-004   -1.148557877824321      
    1.004565588529770     
 b_para_n=    1.347455438665383     
 dxdt=   -1.025380119641315        -3212.831467663205      
    2811.678328423212     
 dudt=   -88456.67533236176     
 ---------------------
 rk4
 istep=     27000001
 grad_b=  -0.5453525100114456        0.1667748811095867      
  -0.1126363997936534     
 bsub=  -3.0653809461541589E-003  -0.2123756322241932      
    1.448280146538554     
 bsup=    0.000000000000000        -1.087271973907983      
   0.8880418464314425     
 b_abs=    1.231549275870081     
 g=  -1.8035137521445616E-002
 j=    0.000000000000000        -50.35417759418954      
   -9.235794191190791     
 v_perp_2=    20132214.29489659     
 b_n=   3.3413035547596336E-004   -1.086058738728304      
   0.8882204622267533     
 b_para_n=    1.231549275776752     
 dxdt=    1.769481044873317        -3537.945270860319      
    2895.850979186243     
 dudt=    1867299.599982116     
 ---------------------
 rk4
 istep=     28000001
 grad_b=   0.6112387110312756       -6.4212386710130714E-002 
  -0.1596497537046855     
 bsub=   1.4449755527327749E-002   0.1212229902113941      
    1.543864867318268     
 bsup=    0.000000000000000       -0.7258907166472666      
    1.112847258560760     
 b_abs=    1.277112965693334     
 g=  -7.6300406057429569E-003
 j=    0.000000000000000         24.07444108809602      
    124.8391022628573     
 v_perp_2=    20877040.13428071     
 b_n=  -2.6296306655304883E-004  -0.7290086732812817      
    1.113094544241827     
 b_para_n=    1.277112971876531     
 dxdt=   -1.355500585662663        -2244.613418259658      
    3417.802728840763     
 dudt=    838750.6968083688     
 ---------------------
 rk4
 istep=     29000001
 grad_b=  -0.2319526817087290       -1.3113174591271870E-003 
   5.0746966104219277E-002
 bsub=  -3.6390795429962000E-002  -1.4323084853600607E-002 
   0.9446858202810391     
 bsup=    0.000000000000000       -8.2010972396234727E-002 
    1.055086254728826     
 b_abs=   0.9992216309189352     
 g=  -1.4883338451418877E-002
 j=    0.000000000000000        -405.8742058377477      
    95.63199358840978     
 v_perp_2=    16334327.02169902     
 b_n=  -1.6083494029723750E-006  -8.1328373047446709E-002 
    1.055096548145698     
 b_para_n=   0.9992216365690142     
 dxdt=  -1.0128893162093139E-002   -361.9764477507603      
    4712.263882266327     
 dudt=   -438850.7649846819     
 ---------------------
 Elapsed time (seconds):     159.5955060000000     

real	2m39.607s
user	2m38.922s
sys	0m0.036s
>>> [PID 3692965] DONE  u=4500, v_perp=4000, out=gc_grid/dat304.dat
