>>> [PID 3712920] START u=9000, v_perp=6000, out=gc_grid/dat355.dat, dt=2e-09, steps=30000000
 outer boundary:   8.3000000000000462E-002
 rk4
 istep=            1
 grad_b=  -0.5028817180968471        4.9313040502688699E-003 
  -7.9819467328184623E-003
 bsub=   8.6925597960137921E-003   4.2252241129315818E-002 
    1.020727454034684     
 bsup=    0.000000000000000        0.5003021782828798      
   0.9181486812622266     
 b_abs=   0.9787596076125140     
 g=  -1.6418785711584040E-002
 j=    0.000000000000000         576.0999657635623      
    59.08627188374354     
 v_perp_2=    35999996.71113694     
 b_n=   3.2150119182687118E-005   0.5033745418425850      
   0.9180212393294601     
 b_para_n=   0.9787596180678136     
 dxdt=   0.3613260182072131         4634.963961042477      
    8441.231402522932     
 dudt=    91345.71653275668     
 ---------------------
 rk4
 istep=      1000001
 grad_b=   5.9337913238520390E-002  -0.1148042380132706      
  -0.1698932974857323     
 bsub=   7.2462068774830246E-002   0.1016647577437854      
    1.928462184584037     
 bsup=    0.000000000000000        -1.259908893772675      
    1.046681911567496     
 b_abs=    1.374762657369129     
 g=  -1.1874180326611703E-002
 j=    0.000000000000000         359.0263958490962      
   -202.8796007958566     
 v_perp_2=    50565405.25917860     
 b_n=  -7.7558145021592380E-004   -1.260390429929797      
    1.046736425389007     
 b_para_n=    1.374762637256695     
 dxdt=   -6.348247217317843        -7473.734492615737      
    6206.051454106629     
 dudt=    443876.7189113807     
 ---------------------
 rk4
 istep=      2000001
 grad_b=   0.4759831982764170       -4.8622307409395632E-002 
  -0.1409210169639752     
 bsub=   2.5555348343838928E-002   5.3611080463582761E-002 
    1.109597714333662     
 bsup=    0.000000000000000       -3.4333881023058677E-003 
    1.124791246515449     
 b_abs=    1.116930129985289     
 g=  -9.8756793601137288E-003
 j=    0.000000000000000         173.2562664447849      
    189.1933233056219     
 v_perp_2=    41081960.33838952     
 b_n=  -3.4326775822429110E-004  -7.3675877661686234E-003 
    1.124989256569561     
 b_para_n=    1.116930150113300     
 dxdt=   -3.402338784574158        -65.77794674393085      
    8776.382306771542     
 dudt=    2607114.827738745     
 ---------------------
 rk4
 istep=      3000001
 grad_b=   -1.195467444824540       -8.5578517507292617E-002 
   0.1383553502786569     
 bsub=  -1.6543953750290663E-002  -0.1059567728460784      
    1.275315317036529     
 bsup=    0.000000000000000       -0.7950553864211145      
   0.8732542763736024     
 b_abs=    1.094579478969493     
 g=  -2.0164023730292680E-002
 j=    0.000000000000000        -685.0268058911677      
    259.8978653639125     
 v_perp_2=    40259817.97144743     
 b_n=  -3.5840617855184559E-004  -0.7892806333096917      
   0.8737294429854663     
 b_para_n=    1.094579517806167     
 dxdt=   -3.620814007069050        -6304.653653453508      
    6993.635802079451     
 dudt=   -3173100.464414281     
 ---------------------
 rk4
 istep=      4000001
 grad_b=   -1.048821666654495        2.2970252081579538E-003 
  -7.1693038038167692E-002
 bsub=  -4.7461585938479451E-003  -7.2274055929116190E-002 
    1.062048681987717     
 bsup=    0.000000000000000       -0.5834454627211586      
   0.9146526522143551     
 b_abs=    1.006680180978374     
 g=  -1.8472070894783130E-002
 j=    0.000000000000000         1072.155449289769      
   -754.8377336350537     
 v_perp_2=    37026717.10347439     
 b_n=  -1.3703665965090365E-005  -0.5778766996419348      
   0.9150314572429327     
 b_para_n=    1.006680078986558     
 dxdt=  -0.1499167819613742        -5122.079070599038      
    8129.402751275090     
 dudt=    1222425.571571413     
 ---------------------
 rk4
 istep=      5000001
 grad_b=   0.5108632719786411        8.5971666632988886E-002 
   0.1761673850356624     
 bsub=  -3.5276519232832246E-002   7.6904803941028263E-002 
    1.285327476271189     
 bsup=    0.000000000000000       -0.5389574788690450      
    1.127962990539940     
 b_abs=    1.187049445950907     
 g=  -7.9511264843253535E-003
 j=    0.000000000000000         475.6049809616949      
    301.3245871257664     
 v_perp_2=    43660817.23616839     
 b_n=   7.7528651616441593E-004  -0.5442578215711520      
    1.128301434583073     
 b_para_n=    1.187049479817900     
 dxdt=    7.258107491343533        -3937.866872265577      
    8140.725729432684     
 dudt=   -2360683.519051170     
 ---------------------
 rk4
 istep=      6000001
 grad_b=   6.8970860189083161E-003   0.1566218923147508      
  -7.3564387083992933E-002
 bsub=  -6.3156496699592793E-002  -0.1922172197648760      
    1.504580474107571     
 bsup=    0.000000000000000        -1.137160683650177      
   0.9250972649579869     
 b_abs=    1.268992295253543     
 g=  -1.8643207265386562E-002
 j=    0.000000000000000         539.9059771946108      
   -172.5590553907409     
 v_perp_2=    46674697.26797649     
 b_n=   6.4730172457300942E-004   -1.137177384459513      
   0.9251222816021947     
 b_para_n=    1.268992270374203     
 dxdt=    5.697163812345452        -7514.968509193233      
    6113.640101663950     
 dudt=    3567380.647089286     
 ---------------------
 rk4
 istep=      7000001
 grad_b=   0.3869828109036992       -4.8655538966850709E-002 
   0.1525223730190595     
 bsub=   9.0614534220865434E-004   3.9426783622255962E-002 
    1.110289780975997     
 bsup=    0.000000000000000        0.7174551484377019      
    1.028199585476758     
 b_abs=    1.081682281640560     
 g=  -1.1883343047124901E-002
 j=    0.000000000000000         1118.233022058070      
   -5.377556645160809     
 v_perp_2=    39785199.34980686     
 b_n=  -3.9693070402632518E-004   0.7146154078846584      
    1.028300753285375     
 b_para_n=    1.081682285403988     
 dxdt=   -4.055242825545452         5799.333411818367      
    8353.754757672805     
 dudt=   -2072761.973677245     
 ---------------------
 rk4
 istep=      8000001
 grad_b=   0.4248046561057288       -2.0633326562967277E-002 
  -3.8119619203975094E-002
 bsub=   2.4058484408864496E-002   0.1800218256918985      
    2.136122412095197     
 bsup=    0.000000000000000        -1.480169427049385      
    1.074611736086125     
 b_abs=    1.424692657656002     
 g=  -7.6721169397558978E-003
 j=    0.000000000000000         820.2886986436328      
    182.5354173014977     
 v_perp_2=    52401336.29845329     
 b_n=  -2.0092994885968199E-004   -1.485073978737108      
    1.075027349107198     
 b_para_n=    1.424692685640991     
 dxdt=   -1.593288329634822        -8389.189659170337      
    6065.661594997736     
 dudt=    134543.1376773849     
 ---------------------
 rk4
 istep=      9000001
 grad_b=   0.6418778189720653       -1.8526117441004016E-002 
  -0.1465262502533770     
 bsub=   8.3635379514209324E-003   5.9724156062964780E-002 
    1.154742125896137     
 bsup=    0.000000000000000        0.2232999242929146      
    1.103303714322392     
 b_abs=    1.134693628331781     
 g=  -1.0028933936633400E-002
 j=    0.000000000000000         888.1419363712505      
   -294.6270568670801     
 v_perp_2=    41734878.52995236     
 b_n=  -8.8856226161900911E-005   0.2180816284113035      
    1.103574227191094     
 b_para_n=    1.134693602893241     
 dxdt=  -0.8677269699367326         1656.328710232245      
    8438.190853680020     
 dudt=    2687181.522635934     
 ---------------------
 rk4
 istep=     10000001
 grad_b=   -1.092072193774615       -0.1041858181531075      
   0.1273992307203911     
 bsub=  -9.1661619360661004E-003  -0.1043620193189522      
    1.259017828621529     
 bsup=    0.000000000000000       -0.7643416880934590      
   0.8755146666764340     
 b_abs=    1.087180985674192     
 g=  -2.0131055132909952E-002
 j=    0.000000000000000        -1156.127157778080      
    407.9977495389481     
 v_perp_2=    39987267.37314931     
 b_n=  -4.5481359278677294E-004  -0.7590412518358446      
   0.8759507706275749     
 b_para_n=    1.087181047589868     
 dxdt=   -4.624345550325761        -6115.848339807148      
    7071.559784119816     
 dudt=   -3233809.074855742     
 ---------------------
 rk4
 istep=     11000001
 grad_b=   -1.100977071627771       -4.1505110998696713E-002 
  -0.1112258375775622     
 bsub=   1.2560840614889554E-002  -8.4896972342468333E-002 
    1.078221218034575     
 bsup=    0.000000000000000       -0.6305283050143142      
   0.9108756013103055     
 b_abs=    1.017553562374760     
 g=  -1.7130132694771795E-002
 j=    0.000000000000000        -668.1224051527472      
    602.7155078076896     
 v_perp_2=    37426253.60713830     
 b_n=  -2.8514166027299100E-004  -0.6242898736223685      
   0.9113702001733707     
 b_para_n=    1.017553642402275     
 dxdt=   -3.087550603352637        -5459.992901470526      
    7990.571261388509     
 dudt=    1358061.510428547     
 ---------------------
 rk4
 istep=     12000001
 grad_b=  -0.8388420154456355        9.5473190335150851E-002 
   0.1174950076534043     
 bsub=  -3.2204064455298720E-002  -8.5369444380022003E-002 
    1.011146288608289     
 bsup=    0.000000000000000       -0.5399157339602649      
   0.9820461868071753     
 b_abs=    1.018728250154325     
 g=  -1.3274308053550827E-002
 j=    0.000000000000000        -580.6285877336725      
   -224.5535599193775     
 v_perp_2=    37469416.34655014     
 b_n=   7.2170729920553571E-004  -0.5341972321155114      
   0.9825519561634191     
 b_para_n=    1.018728230103741     
 dxdt=    7.806129094174743        -4664.593706863902      
    8602.346451353993     
 dudt=   -1152416.200137009     
 ---------------------
 rk4
 istep=     13000001
 grad_b=  -0.8087834659429363        0.1593890603533714      
  -0.1282232678355307     
 bsub=   7.7077666126131057E-003  -0.1647366194342639      
    1.380792036832779     
 bsup=    0.000000000000000       -0.9197447975794646      
   0.8790720168142616     
 b_abs=    1.168364197265267     
 g=  -1.9171380087983757E-002
 j=    0.000000000000000         30.82683046184331      
   -4.447831287967276     
 v_perp_2=    42973043.81992783     
 b_n=   6.8430143097960076E-004  -0.9159072138072920      
   0.8795260425029812     
 b_para_n=    1.168364196335592     
 dxdt=    6.501884365868865        -6736.583566661721      
    6477.843876975742     
 dudt=    4081673.608896158     
 ---------------------
 rk4
 istep=     14000001
 grad_b=   0.4073071278945287        8.1047671083775280E-003 
   0.1254508426882363     
 bsub=  -1.9203981207751450E-002   4.4500814725548524E-002 
    1.069390501312423     
 bsup=    0.000000000000000        0.3205761581711449      
    1.087364733223728     
 b_abs=    1.084615314258235     
 g=  -1.1731088193597045E-002
 j=    0.000000000000000        -873.7543149021355      
   -77.52458871803191     
 v_perp_2=    39892654.48837169     
 b_n=   2.0532355603074489E-005   0.3176605967465271      
    1.087486415807768     
 b_para_n=    1.084615302307268     
 dxdt=   0.2092314492773391         2565.684099026513      
    8804.578315316470     
 dudt=   -2356967.270980079     
 ---------------------
 rk4
 istep=     15000001
 grad_b=   0.4211658689202218        3.1572713443262242E-002 
   0.1033544682544674     
 bsub=  -5.7999453975372825E-003   0.1900165011741050      
    2.151916157688772     
 bsup=    0.000000000000000        -1.530949777161950      
    1.076416255938451     
 b_abs=    1.423841817721606     
 g=  -7.2015048935024743E-003
 j=    0.000000000000000         666.1327523026490      
   -301.3507819751770     
 v_perp_2=    52369482.51209486     
 b_n=   2.7825347290492183E-004   -1.536174100480307      
    1.076878301241542     
 b_para_n=    1.423841790513807     
 dxdt=    2.207591958760710        -8685.513579758011      
    6081.338787622247     
 dudt=   -812619.0774485313     
 ---------------------
 rk4
 istep=     16000001
 grad_b=   0.7176035362389394        2.0237991242321188E-002 
  -0.1576219602328813     
 bsub=  -1.2409871265975876E-002   5.1523372022922835E-002 
    1.199306448899025     
 bsup=    0.000000000000000        0.5213634637678073      
    1.066942288726578     
 b_abs=    1.143261213015616     
 g=  -1.0320118480675031E-002
 j=    0.000000000000000        -579.6373300294169      
   -12.57780915412464     
 v_perp_2=    42049551.17270444     
 b_n=   2.1749835634653921E-004   0.5155979396365928      
    1.067192228095123     
 b_para_n=    1.143261209101556     
 dxdt=    2.109029853118793         3892.139569415843      
    8081.888155372140     
 dudt=    2535471.211203746     
 ---------------------
 rk4
 istep=     17000001
 grad_b=  -0.7036464660604320       -0.1697265166145751      
   0.1126703218457884     
 bsub=   6.5821243759161836E-003  -0.1221841772499336      
    1.285136102593302     
 bsup=    0.000000000000000       -0.7686331829993283      
   0.8836041257192131     
 b_abs=    1.108779829958340     
 g=  -2.0294159075430168E-002
 j=    0.000000000000000         89.76542449438153      
   -428.6430590436287     
 v_perp_2=    40781252.02223944     
 b_n=  -7.4808544016050831E-004  -0.7653201443270320      
   0.8839228987568585     
 b_para_n=    1.108779777507376     
 dxdt=   -7.466102863344024        -6019.016053683208      
    6960.523400521927     
 dudt=   -3814974.621464871     
 ---------------------
 rk4
 istep=     18000001
 grad_b=   0.1530767699851574       -0.1513548701310432      
  -0.2235680037227396     
 bsub=   5.5996505982679634E-002   3.6526341693685106E-002 
    1.320358067066643     
 bsup=    0.000000000000000       -0.7242771507438270      
    1.062241669485363     
 b_abs=    1.172901065563115     
 g=  -9.6887008398585800E-003
 j=    0.000000000000000         185.2544775227418      
    646.5770990606587     
 v_perp_2=    43139586.88544209     
 b_n=  -1.2929533405826789E-003  -0.7257249539053923      
    1.062336618509842     
 b_para_n=    1.172901136232311     
 dxdt=   -12.24056882185741        -5320.708498194134      
    7784.270858567900     
 dudt=    2004748.362773446     
 ---------------------
 rk4
 istep=     19000001
 grad_b=  -0.8505623128618260        9.3218895384509746E-003 
   3.2270622597662335E-002
 bsub=   1.1738368607507571E-002  -7.6784815424849703E-002 
   0.9739294346561059     
 bsup=    0.000000000000000       -0.4629584811029488      
   0.9687049889274972     
 b_abs=   0.9897657949739356     
 g=  -1.6774322242798075E-002
 j=    0.000000000000000         769.0784178188057      
   -44.81549621507611     
 v_perp_2=    36403777.74999833     
 b_n=   6.6051069861122700E-005  -0.4582216872855149      
   0.9690776301558753     
 b_para_n=   0.9897657826010202     
 dxdt=   0.7344101661781395        -4146.536405159583      
    8790.654071362385     
 dudt=   -500645.8350850363     
 ---------------------
 rk4
 istep=     20000001
 grad_b=   -1.000018752365474        0.1326378348814283      
  -0.1434343765356886     
 bsub=   2.0585425231484024E-002  -0.1563554326397543      
    1.390520816073415     
 bsup=    0.000000000000000       -0.9277255363135625      
   0.8771807857897131     
 b_abs=    1.168186147489909     
 g=  -1.9378780753470663E-002
 j=    0.000000000000000         357.4694989345133      
    155.3866576055751     
 v_perp_2=    42966037.73712617     
 b_n=   5.5144259035276458E-004  -0.9230024375098166      
   0.8777037164629432     
 b_para_n=    1.168186160766769     
 dxdt=    5.240269785576919        -6788.298639723133      
    6465.862309944438     
 dudt=    3917816.036188379     
 ---------------------
 rk4
 istep=     21000001
 grad_b=   0.2783410039089941        3.0777697503052738E-002 
   0.1125051483861638     
 bsub=  -3.1709318521856523E-002   3.2585140467800616E-002 
    1.028695920071162     
 bsup=    0.000000000000000        0.1555676399983444      
    1.111003797741525     
 b_abs=    1.071704939278287     
 g=  -1.1511333030127448E-002
 j=    0.000000000000000        -519.6626901689302      
    157.5133160785323     
 v_perp_2=    39417384.96527672     
 b_n=   1.9511083934444534E-004   0.1535471513744098      
    1.111073828557836     
 b_para_n=    1.071704953906980     
 dxdt=    2.010933999118634         1257.750771327904      
    9131.809409613219     
 dudt=   -2226997.892068483     
 ---------------------
 rk4
 istep=     22000001
 grad_b=   0.3754866506764826        7.2988700894718594E-002 
   0.1908068620384884     
 bsub=  -3.7520955913806685E-002   0.1519481984986487      
    2.041828161459805     
 bsup=    0.000000000000000        -1.623993291689092      
    1.071791734688679     
 b_abs=    1.393107681296072     
 g=  -8.1898295144928433E-003
 j=    0.000000000000000        -1407.785816871430      
    501.5633798598271     
 v_perp_2=    51238522.58496956     
 b_n=   6.4070094092360370E-004   -1.628123762995738      
    1.072110918936824     
 b_para_n=    1.393107725801464     
 dxdt=    5.182501748528909        -9486.751029748093      
    6241.531422273838     
 dudt=   -1134891.182157657     
 ---------------------
 rk4
 istep=     23000001
 grad_b=   9.3246984514015196E-002   0.1084339947069554      
  -0.1477987474889400     
 bsub=  -1.0570206005764207E-002   1.6500030090560704E-002 
    1.155107916101731     
 bsup=    0.000000000000000        0.3787671235413321      
   0.9434272550038162     
 b_abs=    1.046887805876399     
 g=  -1.5784403651635390E-002
 j=    0.000000000000000         287.9011248785848      
   -44.70155962403743     
 v_perp_2=    38504492.00701274     
 b_n=   6.8415240254297784E-004   0.3781984304035283      
   0.9434416344996347     
 b_para_n=    1.046887800893753     
 dxdt=    7.210032764781710         3199.497514319990      
    7984.338210865076     
 dudt=    1727935.063380326     
 ---------------------
 rk4
 istep=     24000001
 grad_b=   0.4709986447657938       -8.7078136317904759E-002 
   0.1035366754218332     
 bsub=   0.1019724324156147       -3.6040940576461192E-002 
    1.686760729703453     
 bsup=    0.000000000000000        -1.036471493467290      
   0.9974980829688211     
 b_abs=    1.311504073025952     
 g=  -1.4619244139941968E-002
 j=    0.000000000000000         36.21375499045803      
    597.8997533147781     
 v_perp_2=    48236994.95990324     
 b_n=  -4.9385129791517594E-004   -1.039175900804686      
   0.9974702032320055     
 b_para_n=    1.311504136861687     
 dxdt=   -4.217723764281183        -6576.473448884366      
    6306.718184025978     
 dudt=   -2713701.718302672     
 ---------------------
 rk4
 istep=     25000001
 grad_b=   0.6658218915087813       -6.1965501857376357E-002 
  -0.1635364922302745     
 bsub=   1.0284246361055759E-002   0.1144791743530592      
    1.497452033139175     
 bsup=    0.000000000000000       -0.6317589056979740      
    1.116394564886422     
 b_abs=    1.264588029718010     
 g=  -7.8324098185209821E-003
 j=    0.000000000000000         121.9410772842113      
    146.2079413590654     
 v_perp_2=    46511367.42383251     
 b_n=  -5.1939527214393312E-004  -0.6387622378856279      
    1.116933545491587     
 b_para_n=    1.264588045792437     
 dxdt=   -4.586004593128651        -4256.158724576705      
    7416.635574959016     
 dudt=    2085707.669997450     
 ---------------------
 rk4
 istep=     26000001
 grad_b=  -0.7489438199667571        2.2984075391847270E-003 
   1.8874227290555670E-002
 bsub=   2.1433320594774256E-002  -6.0870503373934286E-002 
   0.9729830036289058     
 bsup=    0.000000000000000       -0.4216344694091504      
   0.9762143373125697     
 b_abs=   0.9877821685230826     
 g=  -1.7251160776799803E-002
 j=    0.000000000000000        -107.5550212866855      
   -91.19992390143329     
 v_perp_2=    36330432.47569130     
 b_n=   1.8897062981009787E-005  -0.4175643725219224      
   0.9764685390755978     
 b_para_n=   0.9877821585769847     
 dxdt=   0.2105174299131595        -3788.461217317274      
    8879.272837859555     
 dudt=   -324988.4059080115     
 ---------------------
 rk4
 istep=     27000001
 grad_b=   -1.088471445744311        0.1187258677496953      
  -0.1526696024321927     
 bsub=   2.8817116137714073E-002  -0.1563447688088414      
    1.404957467325958     
 bsup=    0.000000000000000       -0.9544077431476349      
   0.8764317883952086     
 b_abs=    1.175026259688958     
 g=  -1.9629525870670916E-002
 j=    0.000000000000000         627.0656181949946      
    85.45443830806225     
 v_perp_2=    43217156.29495539     
 b_n=   4.7392527800786558E-004  -0.9493517865724701      
   0.8769847000216904     
 b_para_n=    1.175026261490043     
 dxdt=    4.479135806194916        -6929.140901625826      
    6412.130016435129     
 dudt=    3867547.641174041     
 ---------------------
 rk4
 istep=     28000001
 grad_b=   5.3238650641946106E-002   6.0225720000047445E-002 
   0.1026916407200134     
 bsub=  -4.2184014831364802E-002   7.8777609996995290E-003 
   0.9711784054621329     
 bsup=    0.000000000000000       -5.2881241282177749E-003 
    1.135225269817453     
 b_abs=    1.050284240497757     
 g=  -1.0719054380856421E-002
 j=    0.000000000000000         493.0267802016571      
   -84.67563068720740     
 v_perp_2=    38629117.73918694     
 b_n=   4.5178929063718876E-004  -5.7269760698861671E-003 
    1.135248444524251     
 b_para_n=    1.050284232231373     
 dxdt=    4.746586507488010        -49.18380824457640      
    9568.935423417408     
 dudt=   -2035632.396519119     
 ---------------------
 rk4
 istep=     29000001
 grad_b=  -0.6127101573272581        0.1260325864431224      
   0.2633830774597972     
 bsub=  -7.3156031979015032E-002  -2.7363784559870367E-002 
    1.645330351879272     
 bsup=    0.000000000000000        -1.197571176637439      
   0.9588515657819460     
 b_abs=    1.269086354402403     
 g=  -1.6802627887791199E-002
 j=    0.000000000000000         149.6416402129445      
    280.5959942009574     
 v_perp_2=    46676527.26834214     
 b_n=   6.9560207380952623E-004   -1.194365527956788      
   0.9589358320915556     
 b_para_n=    1.269086385723687     
 dxdt=    6.121834980966701        -7885.136562456634      
    6336.671272494972     
 dudt=   -1472420.763077308     
 ---------------------
 Elapsed time (seconds):     164.3655120000000     

real	2m44.377s
user	2m43.619s
sys	0m0.044s
>>> [PID 3712920] DONE  u=9000, v_perp=6000, out=gc_grid/dat355.dat
