>>> [PID 3708111] START u=4000, v_perp=6000, out=gc_grid/dat345.dat, dt=2e-09, steps=30000000
 outer boundary:   8.3000000000000462E-002
 rk4
 istep=            1
 grad_b=  -0.5028822503776815        4.9318126169466611E-003 
  -7.9830247411165206E-003
 bsub=   8.6924203036992422E-003   4.2252319661988690E-002 
    1.020727147687021     
 bsup=    0.000000000000000        0.5003121404175769      
   0.9181485882097965     
 b_abs=   0.9787596572857344     
 g=  -1.6418735244093808E-002
 j=    0.000000000000000         576.0999557908279      
    59.09376789640876     
 v_perp_2=    35999998.53818010     
 b_n=   1.4290484613143619E-005   0.5016776404398391      
   0.9180919470065559     
 b_para_n=   0.9787596619329554     
 dxdt=   0.1241051543189092         2056.536800862987      
    3751.802611935129     
 dudt=    91358.58741906220     
 ---------------------
 rk4
 istep=      1000001
 grad_b=  -0.4701409532879182       -0.1100413765675939      
  -0.1276579957319460     
 bsub=   5.1878519689621622E-002  -4.4413745319596465E-002 
   0.9615833709295292     
 bsup=    0.000000000000000       -0.5973699636632042      
    1.093867579090273     
 b_abs=    1.038439792838078     
 g=  -9.8086393019243337E-003
 j=    0.000000000000000         127.6345317389288      
    59.23172404459246     
 v_perp_2=    38195100.86913800     
 b_n=  -4.0968787432646257E-004  -0.5957329623640010      
    1.093965294768921     
 b_para_n=    1.038439795161199     
 dxdt=   -3.493683259982688        -2123.405146369059      
    3914.646049165262     
 dudt=    1308856.926634259     
 ---------------------
 rk4
 istep=      2000001
 grad_b=  -0.7081086980361382        5.3959244023320654E-002 
  -5.2385046775501425E-002
 bsub=  -2.0132501843285619E-002  -2.6986742737688165E-002 
    1.078792762908899     
 bsup=    0.000000000000000       -0.4360930367440981      
   0.9129029519629727     
 b_abs=   0.9983724411848466     
 g=  -1.9755078878263398E-002
 j=    0.000000000000000        -1154.453611764687      
    286.6045698279364     
 v_perp_2=    36721365.38715400     
 b_n=   1.1795089010508628E-004  -0.4345045059619457      
   0.9129449075980924     
 b_para_n=   0.9983724587308730     
 dxdt=    1.016748789998906        -1693.681086257116      
    3574.524075873910     
 dudt=    1314378.594971624     
 ---------------------
 rk4
 istep=      3000001
 grad_b=   4.0504434021898267E-002  -0.1127944999155204      
  -0.1575285418640983     
 bsub=   7.4870027945590334E-002   0.1014339189347443      
    1.930655588811790     
 bsup=    0.000000000000000        -1.229406784819292      
    1.046683725059466     
 b_abs=    1.376865529461362     
 g=  -1.2004785375117602E-002
 j=    0.000000000000000         191.8815382293527      
   -172.7477627263274     
 v_perp_2=    50642801.00830777     
 b_n=  -1.0806308027487232E-004   -1.229454976979293      
    1.046690445839825     
 b_para_n=    1.376865526924200     
 dxdt=   -1.797326976139591        -1041.023117155025      
    885.7283315000689     
 dudt=    350113.4356706557     
 ---------------------
 rk4
 istep=      4000001
 grad_b=  -0.8408907393775789        1.2418111245835989E-002 
   3.1223544132104361E-002
 bsub=   9.3761557518572732E-003  -8.1221595343510172E-002 
   0.9619219353217333     
 bsup=    0.000000000000000       -0.4597544008917248      
   0.9778397734196131     
 b_abs=   0.9892829988088117     
 g=  -1.6204115087309352E-002
 j=    0.000000000000000         562.9387242312977      
    96.94788888593916     
 v_perp_2=    36387037.51726224     
 b_n=   3.7746753656551352E-005  -0.4576452128168602      
   0.9780175011441902     
 b_para_n=   0.9892830013317568     
 dxdt=   0.3264497381787437        -1818.077482394697      
    3907.155452100559     
 dudt=   -461443.2302107246     
 ---------------------
 rk4
 istep=      5000001
 grad_b=   0.6572479646701405       -1.8073176559748598E-002 
   0.1521921691360518     
 bsub=   5.8338652043273577E-003   4.9927859781231917E-002 
    1.161203290238177     
 bsup=    0.000000000000000        0.5634571764244749      
    1.065501507901514     
 b_abs=    1.125226696377198     
 g=  -1.0694046660189320E-002
 j=    0.000000000000000         785.7967440806564      
   -188.4434410178827     
 v_perp_2=    41387201.23015586     
 b_n=  -7.1950103165796856E-005   0.5615384437997250      
    1.065584362580056     
 b_para_n=    1.125226690302587     
 dxdt=  -0.6144822297068423         1614.920679293552      
    3085.521831148130     
 dudt=   -2483905.319524634     
 ---------------------
 rk4
 istep=      6000001
 grad_b=   0.4778591217390225       -1.9367380149227863E-002 
   4.6149690210052635E-002
 bsub=   4.9560507948523333E-002   0.1710317798105746      
    2.040762423095333     
 bsup=    0.000000000000000        -1.129381324739365      
    1.072400456703902     
 b_abs=    1.412766827595780     
 g=  -9.2469729911611124E-003
 j=    0.000000000000000         91.58138713629637      
    254.8097683744672     
 v_perp_2=    51963272.70165107     
 b_n=   5.1509463804535584E-006   -1.129275637580911      
    1.072391473736851     
 b_para_n=    1.412766826919609     
 dxdt=  -0.4949963929008322         143.0457043638441      
   -144.6093274815192     
 dudt=   -928977.8514474583     
 ---------------------
 rk4
 istep=      7000001
 grad_b=  -0.4597894550349409       -7.3888026580434842E-003 
   1.6146030280546758E-002
 bsub=  -3.3696768044003886E-002  -2.6117351014206373E-002 
   0.9597512033721600     
 bsup=    0.000000000000000       -0.2373625477545885      
    1.007740779697502     
 b_abs=   0.9865908549748275     
 g=  -1.6612051187970035E-002
 j=    0.000000000000000         698.3510936734134      
   -139.8515264859612     
 v_perp_2=    36288001.31272472     
 b_n=   1.7104971366199388E-005  -0.2384928920982469      
    1.007710629003388     
 b_para_n=   0.9865908631370557     
 dxdt=  -0.1480830044020687         963.4395418252925      
   -4048.549541161391     
 dudt=   -335993.0670902357     
 ---------------------
 rk4
 istep=      8000001
 grad_b=   4.8179808409517022E-002  -7.1165485517249147E-002 
  -0.1112611566786615     
 bsub=   4.5115124304258528E-002   1.1249818696226134E-002 
   0.9835620750833223     
 bsup=    0.000000000000000       -0.1262099460906032      
    1.142978073126789     
 b_abs=    1.060061804244166     
 g=  -9.9066306335921350E-003
 j=    0.000000000000000         485.5576082435084      
   -124.2117027868709     
 v_perp_2=    38990341.48737768     
 b_n=   2.3301069322888342E-004  -0.1260323307481361      
    1.142965358905012     
 b_para_n=    1.060061809168818     
 dxdt=   -1.980885652536507         427.9228612932751      
   -3888.907249914133     
 dudt=    2050383.230472777     
 ---------------------
 rk4
 istep=      9000001
 grad_b=   0.1521201614151452       -6.6435044913850230E-002 
   2.1978180714789033E-002
 bsub=   0.1152509977437031        2.7112372896274127E-002 
    1.832090958729890     
 bsup=    0.000000000000000        -1.107695272840931      
    1.021605425015517     
 b_abs=    1.357065410092438     
 g=  -1.3523536541291382E-002
 j=    0.000000000000000        -500.6602605273123      
    466.1991616954388     
 v_perp_2=    49914486.21255525     
 b_n=   7.4195294547099564E-005   -1.107527740811505      
    1.021598271969109     
 b_para_n=    1.357065401427363     
 dxdt=   -1.023811672709015         1176.450144968346      
   -1087.050064160871     
 dudt=   -1301547.406478652     
 ---------------------
 rk4
 istep=     10000001
 grad_b=  -0.5101717849937825        2.6017447739966990E-002 
   2.6842478385552603E-002
 bsub=  -6.9075033365603972E-002  -0.2031954628234757      
    1.565514505935634     
 bsup=    0.000000000000000        -1.287579351100218      
   0.9224453145805105     
 b_abs=    1.305873650505796     
 g=  -1.8141674120461412E-002
 j=    0.000000000000000         59.15217138926172      
   -66.17177938776753     
 v_perp_2=    48031580.95095828     
 b_n=  -3.1111868117954503E-005   -1.288116124027652      
   0.9223742730425565     
 b_para_n=    1.305873652281280     
 dxdt=   0.3346795705652258         1969.955670689608      
   -1406.411167520149     
 dudt=    123068.4862001213     
 ---------------------
 rk4
 istep=     11000001
 grad_b=  -0.9655765783459955       -0.1055261609359846      
  -0.2725475602350329     
 bsub=   6.2622616598237604E-002  -5.3641835936129187E-002 
    1.456680388553000     
 bsup=    0.000000000000000        -1.130744173897959      
   0.9190728217398879     
 b_abs=    1.182879587383234     
 g=  -1.7114706219268149E-002
 j=    0.000000000000000        -1094.117144476993      
    817.5551751294870     
 v_perp_2=    43507708.21421989     
 b_n=   2.1430884734323258E-004   -1.132513054238773      
   0.9189984423205007     
 b_para_n=    1.182879553168661     
 dxdt=   -1.880429231945771         2801.233534831860      
   -2263.584375028132     
 dudt=    2039307.367206577     
 ---------------------
 rk4
 istep=     12000001
 grad_b=   0.5676812142683129        0.1302686062655918      
  -0.1463040805726557     
 bsub=  -7.1369784779814135E-002  -5.1186947505149266E-002 
    1.462611410346987     
 bsup=    0.000000000000000       -0.5978676426379981      
   0.9708431720084956     
 b_abs=    1.204411713531238     
 g=  -1.6012121338744800E-002
 j=    0.000000000000000        -51.60216227132310      
   -424.0024250627615     
 v_perp_2=    44299675.33699700     
 b_n=  -2.2877386628891545E-004  -0.5968429585083729      
   0.9708678823414508     
 b_para_n=    1.204411729060630     
 dxdt=    2.043258637758519         1368.325948094157      
   -2237.028174698085     
 dudt=    3358059.011717902     
 ---------------------
 rk4
 istep=     13000001
 grad_b=   0.4029845717345151        0.1006982748071031      
   0.1807645869307149     
 bsub=  -4.5892657518287402E-002   5.8940818961207127E-002 
    1.239952109374616     
 bsup=    0.000000000000000       -0.5780959424476670      
    1.118987729947312     
 b_abs=    1.164079865861372     
 g=  -8.2651213194375045E-003
 j=    0.000000000000000         1057.274264723913      
   -217.7255305606734     
 v_perp_2=    42816220.07793566     
 b_n=  -3.2328359234405716E-004  -0.5766580520872896      
    1.118907420658680     
 b_para_n=    1.164079871966418     
 dxdt=    2.803474781440129         1492.500687495246      
   -2912.389337052995     
 dudt=   -2275918.649258782     
 ---------------------
 rk4
 istep=     14000001
 grad_b=   -1.037276912367328       -7.8761128295561256E-002 
   0.1001978584492778     
 bsub=   3.7492156508972742E-003  -7.2577417113283318E-002 
    1.165600772628011     
 bsup=    0.000000000000000       -0.6658885252815873      
   0.8891701990098592     
 b_abs=    1.041495530163020     
 g=  -1.9859011028263190E-002
 j=    0.000000000000000         652.0989794840428      
    263.2804510182978     
 v_perp_2=    38307414.05194821     
 b_n=   1.5191039887989260E-004  -0.6680619883290378      
   0.8890343669085827     
 b_para_n=    1.041495518522859     
 dxdt=   -1.294714367883742         2384.372151051178      
   -3157.992262096699     
 dudt=   -2499279.437008029     
 ---------------------
 rk4
 istep=     15000001
 grad_b=   0.4619476409997592        2.6465517392561030E-002 
  -4.8263914222371501E-002
 bsub=  -6.1079903243855850E-002   0.1613567613391230      
    2.009647283293780     
 bsup=    0.000000000000000        -1.067474191418060      
    1.069300214683438     
 b_abs=    1.405934221991350     
 g=  -9.8815615394014875E-003
 j=    0.000000000000000         58.74326583260620      
    130.7775336613937     
 v_perp_2=    51711885.89215309     
 b_n=  -1.7529447927763217E-005   -1.067208147138827      
    1.069278320240921     
 b_para_n=    1.405934221019277     
 dxdt=   0.6072869356338970         398.3273330881117      
   -407.4827929617165     
 dudt=    1044621.499731606     
 ---------------------
 rk4
 istep=     16000001
 grad_b=   0.6328125065252775        3.6117729441883170E-003 
  -0.1415089036500365     
 bsub=  -7.4344777384155597E-002   0.1338276572033312      
    1.878693401043225     
 bsup=    0.000000000000000       -0.9265352749107914      
    1.062970042585055     
 b_abs=    1.368488669314909     
 g=  -1.0488241045959265E-002
 j=    0.000000000000000         1152.228321274149      
   -133.9288287314077     
 v_perp_2=    50334595.08204257     
 b_n=   1.7680583095272340E-005  -0.9273451803472246      
    1.063028434762531     
 b_para_n=    1.368488668432454     
 dxdt=   0.2686333684722447        -886.0425522955138      
    1003.284176407583     
 dudt=    2066403.049102915     
 ---------------------
 rk4
 istep=     17000001
 grad_b=  -0.4830612058435125       -1.5640550158204335E-002 
   4.6584523194272125E-003
 bsub=   2.3493640782531203E-002  -0.2389621928228998      
    1.523652686739294     
 bsup=    0.000000000000000        -1.275095973053082      
   0.9041832420236172     
 b_abs=    1.297131598538288     
 g=  -1.7022652204043816E-002
 j=    0.000000000000000         428.2757321040862      
    20.98504189732760     
 v_perp_2=    47709988.53159185     
 b_n=  -1.7186690625837647E-005   -1.274539056574673      
   0.9042708501017866     
 b_para_n=    1.297131597399504     
 dxdt=  -0.1800446884939948        -2030.214156263516      
    1444.699824236450     
 dudt=   -342470.8372561513     
 ---------------------
 rk4
 istep=     18000001
 grad_b=   0.4286613538814364        9.0759685440140347E-002 
   0.2174609161607155     
 bsub=  -4.8448239643962276E-002   0.1020500540266721      
    1.719012673871858     
 bsup=    0.000000000000000        -1.409477761105275      
    1.067186525365644     
 b_abs=    1.300777165549079     
 g=  -8.9245753291997999E-003
 j=    0.000000000000000         1909.277486062917      
   -2.008867161877006     
 v_perp_2=    47844067.28779980     
 b_n=   1.8900576290085976E-004   -1.410533313909660      
    1.067254517976886     
 b_para_n=    1.300777168580532     
 dxdt=    2.001259670472617        -2220.145690936700      
    1673.241322178890     
 dudt=   -1472453.028485572     
 ---------------------
 rk4
 istep=     19000001
 grad_b=   0.1351720500191762        8.3765218756573778E-002 
  -0.1576726439489048     
 bsub=  -4.9863164989219205E-003   2.4083335192677316E-002 
    1.125537645210243     
 bsup=    0.000000000000000        0.7924211298367670      
   0.9645798174955320     
 b_abs=    1.051120884423999     
 g=  -1.3144127797906704E-002
 j=    0.000000000000000        -51.67505101541462      
    333.9621399064672     
 v_perp_2=    38661421.16208267     
 b_n=   2.5803970603240095E-004   0.7920229185970834      
   0.9645894964568911     
 b_para_n=    1.051120900704686     
 dxdt=    2.195932167696175         2749.940507655727      
    3351.590434640647     
 dudt=    1499604.938892207     
 ---------------------
 rk4
 istep=     20000001
 grad_b=  -0.7921992428905072       -0.1021583652217970      
  -0.1210099260163362     
 bsub=   3.5605811676518745E-002  -8.2314470625544839E-002 
    1.004797444959124     
 bsup=    0.000000000000000       -0.5445538605368891      
   0.9943008547659371     
 b_abs=    1.021159708389249     
 g=  -1.2776466395296069E-002
 j=    0.000000000000000        -518.3407501375868      
   -350.1882434221359     
 v_perp_2=    37559406.68538062     
 b_n=  -3.3602007322328575E-004  -0.5421915230070924      
   0.9945062729871992     
 b_para_n=    1.021159693575916     
 dxdt=   -2.876621097416614        -2006.243979499202      
    3701.885949758353     
 dudt=    1165026.127061698     
 ---------------------
 rk4
 istep=     21000001
 grad_b=  -0.3558330891478703        0.2001032711242756      
  -0.1095918426531650     
 bsub=  -2.2364783684811304E-002  -0.1309635692247770      
    1.323043438484819     
 bsup=    0.000000000000000       -0.7788939601241058      
   0.8974246400693374     
 b_abs=    1.135488995524773     
 g=  -2.0402093594743792E-002
 j=    0.000000000000000         155.9364668083107      
   -107.5120819739936     
 v_perp_2=    41764561.00056612     
 b_n=   3.1858906414322565E-004  -0.7782918321175418      
   0.8974896235616989     
 b_para_n=    1.135488990218517     
 dxdt=    2.728995557732810        -2189.408273287585      
    2529.087760276940     
 dudt=    4117225.435323438     
 ---------------------
 rk4
 istep=     22000001
 grad_b=  -0.2975950647695765       -0.1328242901740095      
  -0.2096148363101006     
 bsub=   8.1552433860284768E-002   3.4925456304387675E-002 
    1.802724643442287     
 bsup=    0.000000000000000        -1.212157065575457      
    1.009746526105652     
 b_abs=    1.333396837415961     
 g=  -1.4407499821713955E-002
 j=    0.000000000000000         787.0906876905799      
    150.4658511150717     
 v_perp_2=    49043824.77158405     
 b_n=  -1.6299543719477125E-004   -1.211792344128451      
    1.009746836566683     
 b_para_n=    1.333396841213856     
 dxdt=   -1.953608249085603        -1558.648811456162      
    1302.024824392228     
 dudt=    698632.6239084809     
 ---------------------
 rk4
 istep=     23000001
 grad_b=   -1.326887535228921       -7.6651548806384974E-003 
   0.1753427234775813     
 bsub=  -2.8676762920805440E-002  -9.3479618685354884E-002 
    1.270855926027816     
 bsup=    0.000000000000000       -0.8574068657295038      
   0.8696640001254859     
 b_abs=    1.088911316574015     
 g=  -1.9978718899593580E-002
 j=    0.000000000000000         1349.272719364867      
   -774.2852722943732     
 v_perp_2=    40051369.87287235     
 b_n=   1.0150851677833097E-005  -0.8548403387227430      
   0.8698529772755033     
 b_para_n=    1.088911274028290     
 dxdt=   8.6228717475608160E-002   -2699.981503842637      
    2762.298120416584     
 dudt=   -2686376.011566001     
 ---------------------
 rk4
 istep=     24000001
 grad_b=   0.7889950629801165       -3.9162094855346455E-002 
   0.1618745610026624     
 bsub=   6.3033165056439439E-002   4.8113089848646651E-002 
    1.508197877719788     
 bsup=    0.000000000000000       -0.3649180465064243      
    1.035443613845635     
 b_abs=    1.242586809739438     
 g=  -1.1465018484092048E-002
 j=    0.000000000000000        -142.0303982016551      
    126.2240079809455     
 v_perp_2=    45703712.66909771     
 b_n=  -9.9135210112935384E-005  -0.3666675065479736      
    1.035503569908429     
 b_para_n=    1.242586813660641     
 dxdt=  -0.9267649948066069        -753.2587161736578      
    2091.502457717555     
 dudt=   -2692200.845988190     
 ---------------------
 rk4
 istep=     25000001
 grad_b=   0.3518057645983654       -7.3711196351067862E-002 
  -0.1228700365319346     
 bsub=   4.9800845650798641E-002   0.1527539837130468      
    2.054299529933184     
 bsup=    0.000000000000000        -1.393713842799416      
    1.068513711653619     
 b_abs=    1.407985901749913     
 g=  -9.2212527926846394E-003
 j=    0.000000000000000        -1024.216120573027      
    388.5870624106310     
 v_perp_2=    51787272.46068720     
 b_n=  -3.5014553768402174E-005   -1.393906222829758      
    1.068528866860506     
 b_para_n=    1.407985903712982     
 dxdt=   -1.407618032812988        -464.2824398575964      
    350.6298240200221     
 dudt=    372987.1503004497     
 ---------------------
 rk4
 istep=     26000001
 grad_b=   0.1508759262100161       -4.7944629824911059E-002 
  -0.1040352677854317     
 bsub=   3.9683306724489421E-002   1.6938876050025267E-002 
   0.9916135398488726     
 bsup=    0.000000000000000        5.8462161208197694E-002 
    1.126067334362145     
 b_abs=    1.057590280835301     
 g=  -1.1156413071094653E-002
 j=    0.000000000000000         256.4012637596551      
    40.90361523146787     
 v_perp_2=    38899332.69447549     
 b_n=  -1.3891921082870949E-004   5.7995655284591802E-002 
    1.126080864713880     
 b_para_n=    1.057590282745596     
 dxdt=   -1.181282561686657         196.1132699622722      
    3853.954488627107     
 dudt=    2085888.576182090     
 ---------------------
 rk4
 istep=     27000001
 grad_b=  -0.4033605000082517       -5.1145702042369318E-003 
   2.6174385780286219E-002
 bsub=  -3.5465002501664282E-002  -2.8921059062840856E-002 
   0.9443864636438302     
 bsup=    0.000000000000000       -0.2095259683438706      
    1.032665204024321     
 b_abs=   0.9907200194645301     
 g=  -1.5742646996578138E-002
 j=    0.000000000000000         870.9927257221675      
   -129.2307993465386     
 v_perp_2=    36439761.71497498     
 b_n=  -1.0878129713156584E-005  -0.2085110574334947      
    1.032695868164324     
 b_para_n=   0.9907200116855942     
 dxdt=  -9.4027805453320373E-002   -825.4753264623574      
    4111.920681024250     
 dudt=   -521633.5685333532     
 ---------------------
 rk4
 istep=     28000001
 grad_b=   0.5335002124172906        2.7167558848898252E-002 
   0.1109434323108329     
 bsub=   2.6929430334839022E-002   0.1802131691745884      
    2.068040233155926     
 bsup=    0.000000000000000        -1.226948861363037      
    1.072477955883064     
 b_abs=    1.413546276227803     
 g=  -8.1506136852404019E-003
 j=    0.000000000000000         482.6582546671424      
   -209.0556501243433     
 v_perp_2=    51991766.91532585     
 b_n=   2.1093933262327166E-006   -1.227012994211867      
    1.072483516939158     
 b_para_n=    1.413546276021630     
 dxdt=   0.4276695663085524        -91.76126758750074      
    69.97048944615076     
 dudt=   -1114340.377885451     
 ---------------------
 rk4
 istep=     29000001
 grad_b=   1.7041009925913064E-002   7.0908166225567421E-003 
   8.2044428760710164E-002
 bsub=  -3.5717813522276952E-002   9.5273698951659786E-003 
   0.9735427369206693     
 bsup=    0.000000000000000        0.1253099824572218      
    1.080678790564816     
 b_abs=    1.026126627280231     
 g=  -1.3537686127629449E-002
 j=    0.000000000000000         273.2692589571388      
   -12.63510905052479     
 v_perp_2=    37742048.07295891     
 b_n=  -1.6964447126683947E-005   0.1253640660624569      
    1.080677639368973     
 b_para_n=    1.026126627737407     
 dxdt=   0.1450502062088193        -461.5817763875039      
   -3976.703103733388     
 dudt=   -1604982.156148924     
 ---------------------
 Elapsed time (seconds):     165.3836110000000     

real	2m45.395s
user	2m44.972s
sys	0m0.021s
>>> [PID 3708111] DONE  u=4000, v_perp=6000, out=gc_grid/dat345.dat
