>>> [PID 3730945] START u=0, v_perp=8000, out=gc_grid/dat379.dat, dt=2e-09, steps=30000000
 outer boundary:   8.3000000000000462E-002
 rk4
 istep=            1
 grad_b=  -0.5028826633712460        4.9322237027017712E-003 
  -7.9838915170420965E-003
 bsub=   8.6923092813620123E-003   4.2252382252136768E-002 
    1.020726902366350     
 bsup=    0.000000000000000        0.5003200924236624      
   0.9181485148631738     
 b_abs=   0.9787596970293531     
 g=  -1.6418694886861200E-002
 j=    0.000000000000000         576.0999795389816      
    59.09982158059564     
 v_perp_2=    63999999.99999990     
 b_n=   1.1607286841041549E-012   0.5003200925345642      
   0.9181485148585736     
 b_para_n=   0.9787596970293534     
 dxdt=   0.1168150252628345         11.16101000361156      
  -0.4626865126641380     
 dudt=    162433.6380088372     
 ---------------------
 rk4
 istep=      1000001
 grad_b=  -0.4862076347724786       -1.7157641154921938E-003 
   5.7660595885408172E-003
 bsub=   1.1348103714617856E-002   3.9914902727401398E-002 
    1.026262495835683     
 bsup=    0.000000000000000        0.3467089810857873      
   0.9204039386070310     
 b_abs=   0.9787469159596323     
 g=  -1.7161295728312247E-002
 j=    0.000000000000000         57.25755594734653      
    52.68109892021272     
 v_perp_2=    63999164.26015128     
 b_n=  -3.6627487192055126E-008   0.3467181618602125      
   0.9204035819612545     
 b_para_n=   0.9787469159819884     
 dxdt=  -4.1424455905607505E-002    20.62383596308843      
    26.78251634454008     
 dudt=   -157409.2544010002     
 ---------------------
 rk4
 istep=      2000001
 grad_b=  -0.4904148721225619        8.0260775360052397E-003 
  -8.8096787878165911E-003
 bsub=   1.0072481437633854E-002   4.1464315313853785E-002 
    1.021508204370678     
 bsup=    0.000000000000000        0.4372971964615512      
   0.9204359128032167     
 b_abs=   0.9787535222235573     
 g=  -1.6627073425638763E-002
 j=    0.000000000000000         632.9003603296973      
    80.60205719477489     
 v_perp_2=    63999596.23633189     
 b_n=  -1.1302480494708542E-007   0.4372905859156313      
   0.9204361822194530     
 b_para_n=   0.9787535221936162     
 dxdt=   0.1839033022836518         1.778039926074877      
   -19.33501130061906     
 dudt=    153624.5161995054     
 ---------------------
 rk4
 istep=      3000001
 grad_b=  -0.4773338398172073        5.1323664152796988E-004 
   4.3632583041600670E-003
 bsub=   1.2684791003983644E-002   3.8708378197456719E-002 
    1.026433684214434     
 bsup=    0.000000000000000        0.2987709465819134      
   0.9223846127762187     
 b_abs=   0.9787137761327931     
 g=  -1.7304292511958776E-002
 j=    0.000000000000000        -188.1549767354900      
    116.2901009753209     
 v_perp_2=    63996997.28395950     
 b_n=   1.2378288035522387E-008   0.2987878933515995      
   0.9223839736151126     
 b_para_n=   0.9787137762170846     
 dxdt=   7.3861496817024487E-003    26.84009183542577      
    51.26180004637770     
 dudt=   -139566.3302622591     
 ---------------------
 rk4
 istep=      4000001
 grad_b=  -0.4773777370148140        9.7310045428661354E-003 
  -7.9873456490593686E-003
 bsub=   1.1650625536016972E-002   4.0323220820890085E-002 
    1.022321372641199     
 bsup=    0.000000000000000        0.3690987911205769      
   0.9228521696186083     
 b_abs=   0.9787240542702347     
 g=  -1.6867247068032953E-002
 j=    0.000000000000000         526.4312703655703      
    104.3034931124983     
 v_perp_2=    63997669.35983966     
 b_n=  -3.2103470423800099E-007   0.3690835384530652      
   0.9228527748040619     
 b_para_n=   0.9787240541855207     
 dxdt=   0.2174302178270748        -7.876140297633015      
   -45.93068381884913     
 dudt=    126252.7298187895     
 ---------------------
 rk4
 istep=      5000001
 grad_b=  -0.4690469477244565        2.3455432912121016E-003 
   2.6218283000493114E-003
 bsub=   1.3925757516112983E-002   3.7451034171324733E-002 
    1.026182675931838     
 bsup=    0.000000000000000        0.2573821991907258      
   0.9242980874735084     
 b_abs=   0.9786431580566161     
 g=  -1.7415744280884608E-002
 j=    0.000000000000000        -441.8486461649555      
    185.8378439126767     
 v_perp_2=    63992379.64705072     
 b_n=   1.2640756267334193E-007   0.2574085539218968      
   0.9242971241284261     
 b_para_n=   0.9786431582652972     
 dxdt=   4.7354672282785990E-002    32.83158019468149      
    82.08610240495332     
 dudt=   -101127.5332240897     
 ---------------------
 Particle has exited the domain at step       5608977  s =  
   8.3000000054798947E-002
 Elapsed time (seconds):     30.91942900000000     

real	0m30.935s
user	0m30.766s
sys	0m0.051s
>>> [PID 3730945] DONE  u=0, v_perp=8000, out=gc_grid/dat379.dat
