>>> [PID 3731327] START u=1500, v_perp=8000, out=gc_grid/dat382.dat, dt=2e-09, steps=30000000
 outer boundary:   8.3000000000000462E-002
 rk4
 istep=            1
 grad_b=  -0.5028825081190370        4.9320696732144745E-003 
  -7.9835666069051625E-003
 bsub=   8.6923509317972554E-003   4.2252358774428275E-002 
    1.020726994353274     
 bsup=    0.000000000000000        0.5003171098801393      
   0.9181485424009492     
 b_abs=   0.9787596821249689     
 g=  -1.6418710021359070E-002
 j=    0.000000000000000         576.0999719972614      
    59.09755311815097     
 v_perp_2=    63999999.02541885     
 b_n=   5.3592247842897128E-006   0.5008291734180262      
   0.9181273018822502     
 b_para_n=   0.9787596838677568     
 dxdt=   0.1250245028529431         778.7076925510834      
    1406.615042905841     
 dudt=    162426.7507050397     
 ---------------------
 rk4
 istep=      1000001
 grad_b=  -0.4983899550637508        1.4421786879649217E-002 
  -2.6579742816718349E-002
 bsub=   7.4976013179597501E-003   4.2089239841513720E-002 
    1.017738834845972     
 bsup=    0.000000000000000        0.6261752997239347      
   0.9207915582901620     
 b_abs=   0.9814941975572717     
 g=  -1.5633288561230144E-002
 j=    0.000000000000000         338.6574622555345      
    184.9593982766024     
 v_perp_2=    64178805.70814941     
 b_n=  -1.5792006796055472E-005   0.6256684005545902      
   0.9208126339323249     
 b_para_n=   0.9814941935802880     
 dxdt=   0.3819131412076706        -905.9018498583267      
   -1350.665971993111     
 dudt=    514447.8159604457     
 ---------------------
 rk4
 istep=      2000001
 grad_b=  -0.4558375286662661        3.1272969432957959E-002 
  -5.8285811033294839E-002
 bsub=   4.4620906971700267E-003   4.0506251142665303E-002 
    1.020953128601198     
 bsup=    0.000000000000000        0.9079380871315290      
   0.9176215936377518     
 b_abs=   0.9868528263634160     
 g=  -1.4483011075014681E-002
 j=    0.000000000000000         135.4959855399256      
    3.393426285690012     
 v_perp_2=    64529200.32239151     
 b_n=   3.3362222892611970E-005   0.9083906441671434      
   0.9176034928089929     
 b_para_n=   0.9868528265219541     
 dxdt=   0.8758502208793850         1218.774462414939      
    1219.290436764145     
 dudt=    831245.1068034305     
 ---------------------
 Particle has exited the domain at step       2071824  s =  
   8.3000000216574318E-002
 Elapsed time (seconds):     11.19715000000000     

real	0m11.210s
user	0m11.137s
sys	0m0.021s
>>> [PID 3731327] DONE  u=1500, v_perp=8000, out=gc_grid/dat382.dat
