>>> [PID 3731851] START u=4500, v_perp=8000, out=gc_grid/dat388.dat, dt=2e-09, steps=30000000
 outer boundary:   8.3000000000000462E-002
 rk4
 istep=            1
 grad_b=  -0.5028821941459185        4.9317627564432059E-003 
  -7.9829179665351080E-003
 bsub=   8.6924343870430423E-003   4.2252311754765175E-002 
    1.020727178262472     
 bsup=    0.000000000000000        0.5003111400215844      
   0.9181485977722839     
 b_abs=   0.9787596523180951     
 g=  -1.6418740294854579E-002
 j=    0.000000000000000         576.0999651576350      
    59.09303157877451     
 v_perp_2=    63999997.07638059     
 b_n=   1.6076625263518428E-005   0.5018473270070565      
   0.9180848764559634     
 b_para_n=   0.9787596575461723     
 dxdt=   0.1907184033964950         2318.482239226355      
    4220.575557760888     
 dudt=    162412.9939652249     
 ---------------------
 rk4
 istep=      1000001
 grad_b=  -0.3015257432836690        5.4375927182195430E-002 
  -8.2826743405517128E-002
 bsub=  -1.8403597695324913E-003   3.6030575677822085E-002 
    1.055731360286150     
 bsup=    0.000000000000000        0.6706749816747619      
   0.9258850327045423     
 b_abs=    1.000772181241797     
 g=  -1.5490556567008968E-002
 j=    0.000000000000000        -197.1871863517364      
   -132.3695615598930     
 v_perp_2=    65439355.07512221     
 b_n=  -1.7661623182364922E-004   0.6697435708505923      
   0.9259165204472315     
 b_para_n=    1.000772189601983     
 dxdt=    2.096796619236275        -2895.498332600051      
   -4012.953526998460     
 dudt=    1313937.576925928     
 ---------------------
 rk4
 istep=      2000001
 grad_b=  -0.4986347137324501       -6.7774103818758646E-002 
   5.6338126922573867E-002
 bsub=   1.7609166298137486E-002   9.1615272702516883E-003 
    1.087463396491341     
 bsup=    0.000000000000000       -0.1319950349419484      
   0.9127367290663426     
 b_abs=   0.9956252149452000     
 g=  -1.9638632354889655E-002
 j=    0.000000000000000         915.5055133972011      
    277.1956811790676     
 v_perp_2=    65102786.97482470     
 b_n=  -1.7452411255238019E-004  -0.1307175518333005      
   0.9127288091942827     
 b_para_n=   0.9956252329251043     
 dxdt=   -2.071025520225044        -564.9564056373948      
    4011.365444416200     
 dudt=   -1982359.270536042     
 ---------------------
 rk4
 istep=      3000001
 grad_b=   1.3849547181481264E-002   0.1379867822061487      
  -0.1351876205388126     
 bsub=  -1.8764651496622264E-002  -4.0448652743502976E-003 
    1.195636847857801     
 bsup=    0.000000000000000       -1.8779711071979732E-002 
   0.9321900730600410     
 b_abs=    1.055739693495299     
 g=  -1.8138444300722287E-002
 j=    0.000000000000000        -372.2065277327703      
   -251.4443039350400     
 v_perp_2=    69033584.86617097     
 b_n=  -3.3192030425169787E-004  -1.8751388361082082E-002 
   0.9321849717809447     
 b_para_n=    1.055739707258185     
 dxdt=    4.008362482899018         69.04673439853990      
   -3444.260659442043     
 dudt=    3982882.741338197     
 ---------------------
 Particle has exited the domain at step       3639342  s =  
   8.3000005731337465E-002
 Elapsed time (seconds):     19.70125700000000     

real	0m19.715s
user	0m19.600s
sys	0m0.019s
>>> [PID 3731851] DONE  u=4500, v_perp=8000, out=gc_grid/dat388.dat
