>>> [PID 3736299] START u=10000, v_perp=8000, out=gc_grid/dat399.dat, dt=2e-09, steps=30000000
 outer boundary:   8.3000000000000462E-002
 rk4
 istep=            1
 grad_b=  -0.5028816065177660        4.9312040311158614E-003 
  -7.9817328784379110E-003
 bsub=   8.6925879229346817E-003   4.2252225329560175E-002 
    1.020727515205345     
 bsup=    0.000000000000000        0.5003001787576126      
   0.9181487003107353     
 b_abs=   0.9787595976787020     
 g=  -1.6418795811842288E-002
 j=    0.000000000000000         576.0999811649583      
    59.08479536528704     
 v_perp_2=    63999993.50357132     
 b_n=   3.5721595859509634E-005   0.5037139135150404      
   0.9180070983345969     
 b_para_n=   0.9787596092954945     
 dxdt=   0.4817577970703791         5157.612711107204      
    9378.828103089998     
 dudt=    162387.8351513346     
 ---------------------
 rk4
 istep=      1000001
 grad_b=   0.5269358099527041       -7.9633680483663372E-002 
  -0.1803368345092104     
 bsub=   3.7182505424650583E-002   0.1083821121614545      
    1.584851180987253     
 bsup=    0.000000000000000       -0.9895122538049630      
    1.091325088038437     
 b_abs=    1.273774307886667     
 g=  -8.1202491425000772E-003
 j=    0.000000000000000         1027.725321391006      
   -292.3945735834184     
 v_perp_2=    83290534.66794433     
 b_n=  -7.6087804318804395E-004  -0.9955173060283862      
    1.091753581870992     
 b_para_n=    1.273774282262809     
 dxdt=   -8.135444864060611        -7043.171085848345      
    7701.624372222318     
 dudt=    3028944.197548745     
 ---------------------
 rk4
 istep=      2000001
 grad_b=   -1.257539376407379       -7.3119693089137072E-002 
   0.1478384447296864     
 bsub=  -2.2298204690875529E-002  -0.1072997400863917      
    1.292761501732410     
 bsup=    0.000000000000000       -0.8240163490276265      
   0.8730897389301392     
 b_abs=    1.103373258523492     
 g=  -2.0164758575552357E-002
 j=    0.000000000000000         198.1317195360784      
   -22.48803016104409     
 v_perp_2=    72148096.36383858     
 b_n=  -3.2127335744846515E-004  -0.8173901800129555      
   0.8736341677715787     
 b_para_n=    1.103373253314637     
 dxdt=   -3.886569793015873        -7077.276444831368      
    7590.275145574608     
 dudt=   -5610010.135166653     
 ---------------------
 rk4
 istep=      3000001
 grad_b=   1.1293945441017084E-002   2.2661606771157153E-002 
   8.2907756392027077E-002
 bsub=  -3.8922213447337976E-002   3.1880707988767298E-003 
   0.9621542043530484     
 bsup=    0.000000000000000        9.8101906715771237E-002 
    1.100671719230663     
 b_abs=    1.028986649596341     
 g=  -1.2844327490755491E-002
 j=    0.000000000000000         205.5016398073842      
    26.48007565961068     
 v_perp_2=    67283918.97147627     
 b_n=   1.6294965407457314E-004   9.7995313963672476E-002 
    1.100678667669824     
 b_para_n=    1.028986652787339     
 dxdt=    2.099094473618698         936.2256215476559      
    10519.64553819153     
 dudt=   -2970075.783914955     
 ---------------------
 rk4
 istep=      4000001
 grad_b=   0.4805903774919271        2.2158105045802734E-002 
  -6.6794903561723420E-002
 bsub=  -6.4525821407172709E-002   0.1580783486285842      
    1.989708417159865     
 bsup=    0.000000000000000        -1.028863572321277      
    1.068440883667839     
 b_abs=    1.401139929783455     
 g=  -1.0068619181386788E-002
 j=    0.000000000000000         180.4235836927373      
   -24.23992587170122     
 v_perp_2=    91618317.03307611     
 b_n=   2.4606175458560695E-004   -1.033149836837507      
    1.068789397738576     
 b_para_n=    1.401139928660585     
 dxdt=    2.439676431582837        -6289.772863652024      
    6491.044458386550     
 dudt=    2197226.783077106     
 ---------------------
 rk4
 istep=      5000001
 grad_b=  -0.7157619979326071       -0.1087084101298431      
   8.1579665850744942E-002
 bsub=   1.4691793856299522E-002  -5.0664715344638844E-002 
    1.151307277653892     
 bsup=    0.000000000000000       -0.5505111020890513      
   0.8966811166148680     
 b_abs=    1.029810987920818     
 g=  -2.0445918378771067E-002
 j=    0.000000000000000         137.1432741716135      
    329.1944764766119     
 v_perp_2=    67337591.48691800     
 b_n=  -5.7408147109997191E-004  -0.5465964195136811      
   0.8968607535073080     
 b_para_n=    1.029811033265668     
 dxdt=   -7.389844754380541        -5205.390485279892      
    8563.012460842707     
 dudt=   -4222313.367584323     
 ---------------------
 rk4
 istep=      6000001
 grad_b=  -1.4123889225683722E-002  -9.8381361984013635E-002 
  -0.1385434576481469     
 bsub=   5.1817724583115281E-002   1.4752821872584969E-002 
    1.025180829054970     
 bsup=    0.000000000000000       -0.4482918272114503      
    1.139172070694901     
 b_abs=    1.077367097080465     
 g=  -8.8094305449492767E-003
 j=    0.000000000000000        -379.1982891082783      
    82.91299400990864     
 v_perp_2=    70447080.50799760     
 b_n=  -9.7784888240402910E-004  -0.4482196275224020      
    1.139220466183204     
 b_para_n=    1.077367105779357     
 dxdt=   -12.08414885564551        -4023.735965040250      
    10227.74012079925     
 dudt=    3451025.238194834     
 ---------------------
 rk4
 istep=      7000001
 grad_b=  -0.5574077760262299        0.1162365783730300      
  -9.5622347109480310E-002
 bsub=   2.3782190542953265E-003  -0.2230843129480561      
    1.502297151166022     
 bsup=    0.000000000000000        -1.200151472098880      
   0.8987746549562116     
 b_abs=    1.271930522923093     
 g=  -1.7011123849525116E-002
 j=    0.000000000000000        -171.2311126388236      
   -229.1249098925963     
 v_perp_2=    83169083.31241295     
 b_n=   5.2388903437158407E-004   -1.197290366554921      
   0.8991986678785618     
 b_para_n=    1.271930500566245     
 dxdt=    5.608204055489169        -8452.605683562708      
    6357.500084724830     
 dudt=    5794897.657417107     
 ---------------------
 rk4
 istep=      8000001
 grad_b=   0.8268269511826596        2.3759304093414250E-002 
   0.1611212576115151     
 bsub=   1.6177051762519653E-002   8.6864535972884210E-002 
    1.379008947698134     
 bsup=    0.000000000000000       -0.2467113502162354      
    1.106098169142668     
 b_abs=    1.225968474262355     
 g=  -8.5822057242666092E-003
 j=    0.000000000000000         245.5412279636613      
    248.8173917246073     
 v_perp_2=    80163555.77761100     
 b_n=   1.3937551786742764E-004  -0.2551591160313829      
    1.106628689526309     
 b_para_n=    1.225968503450221     
 dxdt=    1.538599670328332        -1935.836524403220      
    8266.821522769669     
 dudt=   -4596311.106023493     
 ---------------------
 rk4
 istep=      9000001
 grad_b=   0.8515690734325244        4.3634573050566824E-003 
  -0.1619094475073085     
 bsub=  -4.0863629748508115E-002   7.5103304593496928E-002 
    1.441287111795264     
 bsup=    0.000000000000000       -0.2308371696515034      
    1.072611338863754     
 b_abs=    1.236586987168874     
 g=  -9.5322336900934990E-003
 j=    0.000000000000000         1443.122568641773      
   -364.4169184082074     
 v_perp_2=    80857747.73938568     
 b_n=   1.2073535210513602E-004  -0.2388259156887507      
    1.073031015483801     
 b_para_n=    1.236586954491766     
 dxdt=    1.323171690298990        -1789.678397309712      
    7913.727687077587     
 dudt=    4618164.379234161     
 ---------------------
 rk4
 istep=     10000001
 grad_b=  -0.3731904901372429       -9.4983230513912470E-002 
   5.6874435750983970E-002
 bsub=   2.8177920566672499E-002  -0.2336299516987476      
    1.506411043353145     
 bsup=    0.000000000000000        -1.240110474063223      
   0.9037854713194298     
 b_abs=    1.285035204639005     
 g=  -1.7504076952856495E-002
 j=    0.000000000000000        -513.7350280956008      
   -73.34905104457813     
 v_perp_2=    84025503.72075053     
 b_n=  -4.2011185796095611E-004   -1.238285729553392      
   0.9040763306596366     
 b_para_n=    1.285035205317502     
 dxdt=   -4.459522070472866        -8610.834902635683      
    6292.731834850244     
 dudt=   -4304572.969628855     
 ---------------------
 rk4
 istep=     11000001
 grad_b=  -0.7960017552010987        3.0629224875968905E-002 
   3.2676528877078906E-002
 bsub=  -1.1934028104052970E-002  -9.5692892827165588E-002 
   0.8594710234671601     
 bsup=    0.000000000000000       -0.4921990328427066      
    1.080059004005445     
 b_abs=   0.9877586981801861     
 g=  -1.1370457599618059E-002
 j=    0.000000000000000         88.43864981435709      
   -96.61683844529887     
 v_perp_2=    64587175.60014158     
 b_n=   2.7691751779258524E-004  -0.4857701369453624      
    1.080778623664673     
 b_para_n=   0.9877586858871861     
 dxdt=    3.703268846833962        -4882.362905002187      
    10911.91617636600     
 dudt=   -669158.5861415601     
 ---------------------
 rk4
 istep=     12000001
 grad_b=  -0.9529276575867289        4.2904377253532688E-002 
  -6.7627930950814097E-002
 bsub=  -1.2257950209870448E-002  -5.6407260423285963E-002 
    1.091496651270549     
 bsup=    0.000000000000000       -0.5766915368343530      
   0.9058869733113175     
 b_abs=    1.010702906739261     
 g=  -1.9440500803217790E-002
 j=    0.000000000000000         935.1004889966520      
   -219.2531307928483     
 v_perp_2=    66087310.06080007     
 b_n=   2.2422506730834793E-004  -0.5712652918043476      
   0.9061698789580174     
 b_para_n=    1.010702869547085     
 dxdt=    2.936080111300037        -5574.930333824277      
    8872.609636101475     
 dudt=    2782081.170786810     
 ---------------------
 rk4
 istep=     13000001
 grad_b=   0.5812746340593730        5.3590993320073083E-002 
   0.1710937102236079     
 bsub=   2.3937158096732157E-002   0.1771818966228896      
    2.001817152965436     
 bsup=    0.000000000000000        -1.119019551133641      
    1.072156537877617     
 b_abs=    1.395619681627478     
 g=  -8.2373214440573800E-003
 j=    0.000000000000000         367.8074698820733      
   -50.75623351153954     
 v_perp_2=    91255888.93203978     
 b_n=   4.2802242017368861E-004   -1.125467887385174      
    1.072722163902846     
 b_para_n=    1.395619679529986     
 dxdt=    4.256469454682039        -6902.761948528335      
    6557.868464984982     
 dudt=   -2892392.707412265     
 ---------------------
 rk4
 istep=     14000001
 grad_b=   0.1157249983665990       -5.0223133696287725E-003 
  -9.3260592119684391E-002
 bsub=   3.2852908424727406E-002   1.9689230710547505E-002 
   0.9934666781417132     
 bsup=    0.000000000000000        0.1945727109229024      
    1.082537986061777     
 b_abs=    1.039038343604896     
 g=  -1.3166580958303574E-002
 j=    0.000000000000000         716.7149132645324      
   -204.8633903846976     
 v_perp_2=    67939860.20552908     
 b_n=  -2.2745382814694590E-005   0.1937213979028931      
    1.082555586513034     
 b_para_n=    1.039038320998808     
 dxdt=  -0.2904250576663182         1824.492687426483      
    10211.57539176928     
 dudt=    3207429.265946450     
 ---------------------
 rk4
 istep=     15000001
 grad_b=   -1.329175929594710        3.7573134805399332E-002 
  -0.1692844061648256     
 bsub=   3.0305657514990529E-002  -0.1035397758214159      
    1.303773055198909     
 bsup=    0.000000000000000       -0.8638554577063929      
   0.8693290314881587     
 b_abs=    1.105996974898936     
 g=  -2.0366171101809154E-002
 j=    0.000000000000000         1643.417864867180      
   -682.2597521325220     
 v_perp_2=    72317952.22103071     
 b_n=   1.2649360867118478E-004  -0.8569079368922569      
   0.8698777394613072     
 b_para_n=    1.105996865852468     
 dxdt=    1.527014353984771        -7394.886614025828      
    7532.766739148072     
 dudt=    5309676.799814542     
 ---------------------
 rk4
 istep=     16000001
 grad_b=  -0.5778427960290101        0.1548734223662953      
   0.2737450792115024     
 bsub=  -5.1748587718190936E-002  -3.9277661855818075E-002 
    1.316616678885078     
 bsup=    0.000000000000000        -1.022368484861399      
   0.9436974304882915     
 b_abs=    1.132416101452076     
 g=  -1.3783163478003076E-002
 j=    0.000000000000000         890.3527578208119      
   -352.5443192583702     
 v_perp_2=    74045315.56372556     
 b_n=   1.2050372581433402E-003   -1.018177039374244      
   0.9438697921181688     
 b_para_n=    1.132416052920364     
 dxdt=    14.24651405149785        -8513.198373955229      
    7905.887108232980     
 dudt=   -2886904.433975879     
 ---------------------
 rk4
 istep=     17000001
 grad_b=  -5.7580747271558208E-002  -2.6765122600047479E-002 
   8.1038320589628010E-002
 bsub=  -2.6891069774534666E-002   2.4067734528623683E-002 
    1.001077934445771     
 bsup=    0.000000000000000        0.2095693940472886      
    1.027644359666022     
 b_abs=    1.016643652177965     
 g=  -1.4592364820280555E-002
 j=    0.000000000000000         774.5375996879018      
   -274.6123109868412     
 v_perp_2=    66475176.68232341     
 b_n=  -1.9689913180908451E-004   0.2099494188906715      
    1.027629901360183     
 b_para_n=    1.016643619988113     
 dxdt=   -2.564485414796363         2040.662976041318      
    9982.136441109653     
 dudt=   -2497706.726816091     
 ---------------------
 rk4
 istep=     18000001
 grad_b=   0.4320149292572875       -6.5635392284902866E-002 
  -0.2043275406997783     
 bsub=   1.1057284415759802E-002   0.1756907443213402      
    2.036885611192273     
 bsup=    0.000000000000000        -1.410248264989793      
    1.070567213202309     
 b_abs=    1.389849151169603     
 g=  -7.4817319456291689E-003
 j=    0.000000000000000        -492.5495358452548      
    387.4304767879635     
 v_perp_2=    90877774.57195120     
 b_n=  -6.0533093584990273E-004   -1.415709185140394      
    1.071041556615296     
 b_para_n=    1.389849192059232     
 dxdt=   -6.038692883369763        -8731.137500834860      
    6591.478521677571     
 dudt=    2968230.992659858     
 ---------------------
 rk4
 istep=     19000001
 grad_b=  -0.9211770520793088       -1.0056324988514892E-002 
   4.9181252439383330E-002
 bsub=   1.5046780144544764E-002  -5.9720958447602307E-002 
    1.036671662661842     
 bsup=    0.000000000000000       -0.5134060352880008      
   0.9329286732705655     
 b_abs=   0.9989639103955820     
 g=  -1.8463087568826472E-002
 j=    0.000000000000000         814.4710091515483      
   -653.0613488231289     
 v_perp_2=    65318931.59663668     
 b_n=  -4.2235017057671408E-005  -0.5080154149772821      
   0.9332397395997034     
 b_para_n=   0.9989638154332187     
 dxdt=  -0.5589908043994147        -5034.034885386719      
    9281.289247933499     
 dudt=   -1670579.737704902     
 ---------------------
 rk4
 istep=     20000001
 grad_b=  -0.6789072286688973       -2.6330947669215427E-003 
  -3.7000470214686373E-003
 bsub=  -1.9874676920639104E-002  -7.1760461907285120E-002 
   0.9230755913524477     
 bsup=    0.000000000000000       -0.3982040012554274      
    1.023580993533535     
 b_abs=   0.9865833108196395     
 g=  -1.5210174454914476E-002
 j=    0.000000000000000        -459.4765181573970      
    179.0965948569379     
 v_perp_2=    64509266.94857690     
 b_n=  -1.9002729211995660E-005  -0.3937864798360676      
    1.023924033759881     
 b_para_n=   0.9865833375334065     
 dxdt=  -0.2544053523153526        -3966.760390376130      
    10353.14843774616     
 dudt=    90757.63265031730     
 ---------------------
 rk4
 istep=     21000001
 grad_b=  -0.5877793565797745        0.1060117824425795      
   0.2142312579984428     
 bsub=  -8.4128954446595072E-002  -2.3893015966237822E-002 
    1.713615803471790     
 bsup=    0.000000000000000        -1.186270883203315      
   0.9759129236036077     
 b_abs=    1.304002507342860     
 g=  -1.6491678595901598E-002
 j=    0.000000000000000         998.5679862466568      
    67.69969282822937     
 v_perp_2=    85264078.04405552     
 b_n=   6.1829595823481044E-004   -1.182996275443667      
   0.9759889412800367     
 b_para_n=    1.304002513664691     
 dxdt=    6.485380231767631        -8037.852340442036      
    6641.577433529371     
 dudt=   -2088758.942687679     
 ---------------------
 rk4
 istep=     22000001
 grad_b=   0.6728033091791071       -9.9883875979456138E-002 
   0.1774340235339764     
 bsub=   4.1633489959833410E-002   3.2621977347845055E-003 
    1.343678554004132     
 bsup=    0.000000000000000        3.5737177274659027E-002 
   0.9933317244501652     
 b_abs=    1.155401795223563     
 g=  -1.3683095470445687E-002
 j=    0.000000000000000        -100.9344970153503      
   -25.51994979912031     
 v_perp_2=    75547466.95213549     
 b_n=  -7.2604055469039752E-004   3.0907454229502140E-002 
   0.9933659435041772     
 b_para_n=    1.155401792017140     
 dxdt=   -8.433777255082965         234.7964542676942      
    8086.074835137772     
 dudt=   -4886163.907048272     
 ---------------------
 rk4
 istep=     23000001
 grad_b=   0.7512070390404185       -5.5878359013554930E-002 
  -0.1646925791412909     
 bsub=   3.9364456000108607E-003   0.1012707322990781      
    1.411166419427558     
 bsup=    0.000000000000000       -0.4659442235872575      
    1.122526291976636     
 b_abs=    1.239420827431319     
 g=  -8.0875902687967283E-003
 j=    0.000000000000000        -247.4487078375982      
   -64.65914483942514     
 v_perp_2=    81041031.70682669     
 b_n=  -4.7685686660397874E-004  -0.4740795698725624      
    1.123111437959066     
 b_para_n=    1.239420818365741     
 dxdt=   -5.215940850708736        -3513.088676151789      
    8255.554354750473     
 dudt=    4189728.901158174     
 ---------------------
 rk4
 istep=     24000001
 grad_b=  -0.8647762338968047       -0.1357606007199653      
   0.1383489858057013     
 bsub=  -2.2305869424852243E-002  -0.1904494806095506      
    1.463971839411188     
 bsup=    0.000000000000000        -1.078166779976044      
   0.8886461791663445     
 b_abs=    1.227236299004672     
 g=  -1.8180667825584883E-002
 j=    0.000000000000000         243.2201208092758      
   -167.7109465924031     
 v_perp_2=    80244178.16545576     
 b_n=  -6.0280659896388793E-004   -1.073750906739053      
   0.8892114400583362     
 b_para_n=    1.227236275691035     
 dxdt=   -6.648684488027304        -7991.465610217620      
    6633.100740245724     
 dudt=   -7174434.610510238     
 ---------------------
 rk4
 istep=     25000001
 grad_b=   0.3428158340296281        4.9152470669393288E-002 
   0.1256984417430418     
 bsub=  -3.2881134152749916E-002   3.9822758757072696E-002 
    1.057660428129635     
 bsup=    0.000000000000000        2.1776597054017466E-002 
    1.125272897580245     
 b_abs=    1.091227657750718     
 g=  -1.0421783352873297E-002
 j=    0.000000000000000        -501.1983922856891      
    407.1934261725140     
 v_perp_2=    71350967.32154644     
 b_n=   3.8121152339945475E-004   1.8800944262786543E-002 
    1.125396832440302     
 b_para_n=    1.091227701395741     
 dxdt=    4.657357235845558         155.7316164865946      
    9927.254588069953     
 dudt=   -4269725.832759774     
 ---------------------
 rk4
 istep=     26000001
 grad_b=   0.5495381701413476        9.5615079734284972E-002 
  -0.1231064451320741     
 bsub=  -9.6823809704806460E-002  -4.0743361813483106E-002 
    1.644351986463991     
 bsup=    0.000000000000000       -0.9571236014261524      
   0.9927602949975931     
 b_abs=    1.292849060011614     
 g=  -1.4785138787155054E-002
 j=    0.000000000000000         412.2948267643449      
    570.9855888356192     
 v_perp_2=    84534040.65973268     
 b_n=   5.7438948251537826E-004  -0.9604886160655994      
   0.9927107898754181     
 b_para_n=    1.292849124663417     
 dxdt=    6.067037288599056        -6635.039010185738      
    6844.692313286643     
 dudt=    5404726.723466021     
 ---------------------
 rk4
 istep=     27000001
 grad_b=   0.2082043051640479       -8.2650726383082226E-002 
   5.1275085570366287E-002
 bsub=   0.1057233526732733       -6.3416224290968451E-002 
    1.701238495774732     
 bsup=    0.000000000000000        -1.136879322797824      
   0.9893351931334109     
 b_abs=    1.324903586895437     
 g=  -1.5357194940809732E-002
 j=    0.000000000000000        -966.0769577866383      
    248.0829857849178     
 v_perp_2=    86629787.03328590     
 b_n=  -4.6887105759229681E-004   -1.138069990109356      
   0.9893199719741483     
 b_para_n=    1.324903618733992     
 dxdt=   -4.855519414785989        -7560.070762037486      
    6568.037750721066     
 dudt=   -3570368.355518697     
 ---------------------
 rk4
 istep=     28000001
 grad_b=   3.6978705429108250E-002  -4.5480240911710587E-002 
  -9.3243088839726873E-002
 bsub=   4.1268246296921413E-002   2.8233370368257460E-003 
   0.9610215285256201     
 bsup=    0.000000000000000        5.9311796232836556E-002 
    1.124827853386324     
 b_abs=    1.039759934602489     
 g=  -1.1559613676229060E-002
 j=    0.000000000000000         371.3665056823482      
   -41.86944758870771     
 v_perp_2=    67985355.83678299     
 b_n=  -3.5635907510717097E-004   5.8988777208187522E-002 
    1.124844100109224     
 b_para_n=    1.039759929932967     
 dxdt=   -4.547304557368606         554.8328384609740      
    10600.59440231371     
 dudt=    3382605.585319669     
 ---------------------
 rk4
 istep=     29000001
 grad_b=   -1.106410970530436        0.1140796813529144      
  -0.1449244101163391     
 bsub=   2.1215510732682658E-002  -0.1347521359357416      
    1.354093179150655     
 bsup=    0.000000000000000       -0.8741216873955172      
   0.8760996898962740     
 b_abs=    1.141925467377600     
 g=  -1.9751031376570347E-002
 j=    0.000000000000000         194.5152492027452      
    282.1100146089175     
 v_perp_2=    74665366.19287905     
 b_n=   5.1808369512940881E-004  -0.8683816399582556      
   0.8766628202396406     
 b_para_n=    1.141925501280492     
 dxdt=    6.080190887328529        -7167.727256734715      
    7258.072589614989     
 dudt=    6489977.044660646     
 ---------------------
 Elapsed time (seconds):     166.2116860000000     

real	2m46.225s
user	2m45.647s
sys	0m0.026s
>>> [PID 3736299] DONE  u=10000, v_perp=8000, out=gc_grid/dat399.dat
