>>> [PID 3734797] START u=9000, v_perp=8000, out=gc_grid/dat397.dat, dt=2e-09, steps=30000000
 outer boundary:   8.3000000000000462E-002
 rk4
 istep=            1
 grad_b=  -0.5028817145152786        4.9313052368027410E-003 
  -7.9819479557081685E-003
 bsub=   8.6925599558575969E-003   4.2252241064650489E-002 
    1.020727453964573     
 bsup=    0.000000000000000        0.5003021733051567      
   0.9181486815687784     
 b_abs=   0.9787596076125082     
 g=  -1.6418785716345127E-002
 j=    0.000000000000000         576.0999755068282      
    59.08628773083742     
 v_perp_2=    63999994.15313192     
 b_n=   3.2150127235125304E-005   0.5033745368903189      
   0.9180212396350724     
 b_para_n=   0.9787596180678101     
 dxdt=   0.4124227312658897         4639.846825608798      
    8441.028982138996     
 dudt=    162392.4035251567     
 ---------------------
 rk4
 istep=      1000001
 grad_b=  -3.8408863032424023E-002  -8.8320011054458220E-002 
  -5.4476493421823910E-002
 bsub=   9.7371024111073456E-002   7.1287465992450991E-002 
    1.895167428914647     
 bsup=    0.000000000000000        -1.088767759931098      
    1.036534896593793     
 b_abs=    1.373790138119984     
 g=  -1.3044412516826297E-002
 j=    0.000000000000000        -1374.386824066904      
    161.0407938820558     
 v_perp_2=    89830466.96925476     
 b_n=  -5.1605079547037446E-004   -1.088554847833086      
    1.036553409554154     
 b_para_n=    1.373790148841408     
 dxdt=   -5.061629114072721        -5884.511005153616      
    5604.375832052079     
 dudt=   -944645.3296468538     
 ---------------------
 rk4
 istep=      2000001
 grad_b=   0.6411198025362713       -5.9913965740874389E-002 
  -0.1592933151617897     
 bsub=   6.0700274865261618E-003   0.1253515498613240      
    1.581745541620076     
 bsup=    0.000000000000000       -0.7419817881247626      
    1.104078754449608     
 b_abs=    1.286336561849719     
 g=  -7.9185508852660166E-003
 j=    0.000000000000000         271.0173989348907      
   -23.77739312401840     
 v_perp_2=    84111881.14020124     
 b_n=  -4.6603128201539476E-004  -0.7483058480651209      
    1.104581717300856     
 b_para_n=    1.286336561624219     
 dxdt=   -4.779645503473883        -4565.817518728259      
    6702.642930521636     
 dudt=    3340190.064912045     
 ---------------------
 rk4
 istep=      3000001
 grad_b=  -0.1628898022795506       -1.4991548067374530E-002 
  -5.9199449218056546E-002
 bsub=   3.9451302142621492E-002  -1.4360389342890537E-002 
   0.9373657719290207     
 bsup=    0.000000000000000       -1.5423346587336351E-002 
    1.089016276632472     
 b_abs=    1.010426287773396     
 g=  -1.3554377739698271E-002
 j=    0.000000000000000        -604.4546029611463      
    80.54876333268271     
 v_perp_2=    66070369.85059827     
 b_n=  -1.0009037028038459E-004  -1.4413614256406689E-002 
    1.089035968599301     
 b_para_n=    1.010426297403830     
 dxdt=   -1.248387270869591        -123.0164709144116      
    9575.487689287940     
 dudt=    2078545.723850066     
 ---------------------
 rk4
 istep=      4000001
 grad_b=  -0.9712668329213904       -0.1363287432042237      
   0.1406748531891698     
 bsub=  -1.7810782322434191E-002  -0.1558364669985822      
    1.387984706620751     
 bsup=    0.000000000000000       -0.9234180493614119      
   0.8786666179314333     
 b_abs=    1.167589578190620     
 g=  -1.9256087711409985E-002
 j=    0.000000000000000         225.8366757086620      
    149.7156798150076     
 v_perp_2=    76346948.32337262     
 b_n=  -5.5242541127830844E-004  -0.9189748556016432      
   0.8791584018746208     
 b_para_n=    1.167589591982404     
 dxdt=   -6.100032423099645        -6503.905429363477      
    6240.823420674935     
 dudt=   -6986204.648026066     
 ---------------------
 rk4
 istep=      5000001
 grad_b=   -1.262295741246601       -4.5918164736265480E-003 
  -0.1377173020479810     
 bsub=   1.5112680848034368E-002  -8.2176220813508727E-002 
    1.166385993257852     
 bsup=    0.000000000000000       -0.7563170754665667      
   0.8821291936614570     
 b_abs=    1.044421850965209     
 g=  -1.8935437909416226E-002
 j=    0.000000000000000        -463.7812786638086      
   -454.9955718714401     
 v_perp_2=    68293079.76769790     
 b_n=  -7.3960195315766778E-005  -0.7497952061209584      
   0.8825895952878204     
 b_para_n=    1.044421798970868     
 dxdt=  -0.8963019793410069        -6263.240839031825      
    7402.884913672833     
 dudt=    3694198.996074067     
 ---------------------
 rk4
 istep=      6000001
 grad_b=  -0.6453524346477796        6.3333257936809495E-002 
   6.6689328047386046E-002
 bsub=  -3.6531889761285477E-002  -7.3363229991638287E-002 
   0.8535428437611907     
 bsup=    0.000000000000000       -0.4271785287863180      
    1.139220019930489     
 b_abs=    1.001570303108156     
 g=  -9.5749470609668708E-003
 j=    0.000000000000000        -285.8159755269504      
   -136.5337412382284     
 v_perp_2=    65491010.49551827     
 b_n=   5.7251980037247984E-004  -0.4218525463652739      
    1.139702286662811     
 b_para_n=    1.001570291940331     
 dxdt=    7.196222606768838        -3736.141126835646      
    10148.31138119188     
 dudt=   -1596863.803992813     
 ---------------------
 rk4
 istep=      7000001
 grad_b=   -1.222825404385715       -7.2910172345178589E-002 
   0.1802761547747783     
 bsub=  -4.7347615707801188E-002  -0.1494705895286345      
    1.441308074180707     
 bsup=    0.000000000000000        -1.028683516384254      
   0.8785623784425075     
 b_abs=    1.191733944506003     
 g=  -2.0435569928448041E-002
 j=    0.000000000000000         351.6812720062181      
   -167.6900641941109     
 v_perp_2=    77925396.08534485     
 b_n=  -2.3067669223176209E-004   -1.023505711996812      
   0.8790917454193500     
 b_para_n=    1.191733922198213     
 dxdt=   -2.506129996416423        -7013.130578984122      
    6043.462760468899     
 dudt=   -6402695.008093278     
 ---------------------
 rk4
 istep=      8000001
 grad_b=   -1.015387027205138        3.7355427816535405E-002 
  -7.4218128959697177E-002
 bsub=  -9.2429326873387490E-003  -6.1700450235408585E-002 
    1.096686505623136     
 bsup=    0.000000000000000       -0.5998647897359822      
   0.9040073292936869     
 b_abs=    1.014127913278188     
 g=  -1.9329342658608389E-002
 j=    0.000000000000000         1158.907124714511      
   -412.5307995687922     
 v_perp_2=    66311940.73080055     
 b_n=   1.6986554191451785E-004  -0.5946631415866525      
   0.9043013548333513     
 b_para_n=    1.014127853870602     
 dxdt=    2.111889375871700        -5182.378377079956      
    7911.054783625328     
 dudt=    2885422.452092777     
 ---------------------
 rk4
 istep=      9000001
 grad_b=   0.5789093663476491        1.8637523534421004E-002 
   0.1403022827007943     
 bsub=  -1.3817731865426564E-002   5.4270679317205736E-002 
    1.122658019654506     
 bsup=    0.000000000000000        0.2386029509680770      
    1.101682926010896     
 b_abs=    1.117708401633024     
 g=  -1.0487873383146541E-002
 j=    0.000000000000000         688.8713375375050      
   -214.3641819357644     
 v_perp_2=    73084778.03279196     
 b_n=   9.0119015550329615E-005   0.2341892063041643      
    1.101897383024677     
 b_para_n=    1.117708383493012     
 dxdt=    1.031186540733338         1759.825336078654      
    8361.149860318714     
 dudt=   -4651346.576707118     
 ---------------------
 rk4
 istep=     10000001
 grad_b=   0.4352783769132846        7.1071835439586978E-002 
   0.2143847205587334     
 bsub=  -1.3474704157348718E-002   0.1694567393309657      
    1.985714689896810     
 bsup=    0.000000000000000        -1.367828211287670      
    1.070558025434094     
 b_abs=    1.375832821544064     
 g=  -7.5444733563876853E-003
 j=    0.000000000000000        -1353.964569523311      
    416.1047511633092     
 v_perp_2=    89962904.36875054     
 b_n=   5.6953828485410902E-004   -1.372541301641254      
    1.070964116800054     
 b_para_n=    1.375832852294486     
 dxdt=    5.580971901590458        -7421.720513821321      
    5776.590171358729     
 dudt=   -3143781.864011111     
 ---------------------
 rk4
 istep=     11000001
 grad_b=   0.7081124442485618        4.0923725471463071E-002 
  -0.1528743960348376     
 bsub=  -9.1526638313266601E-002   5.2568479733438866E-002 
    1.720813161065688     
 bsup=    0.000000000000000       -0.9033851011773975      
    1.032202318842017     
 b_abs=    1.314789961382638     
 g=  -1.2100043041576308E-002
 j=    0.000000000000000        -131.0201473663346      
   -514.2245655183694     
 v_perp_2=    85971326.07041633     
 b_n=   3.0148661576180266E-004  -0.9080136984488679      
    1.032359711798662     
 b_para_n=    1.314789909277706     
 dxdt=    3.044680242679612        -5325.700051725933      
    6033.293117146261     
 dudt=    4843144.628926866     
 ---------------------
 rk4
 istep=     12000001
 grad_b=  -0.4954946412103552       -7.3305020513317054E-003 
   9.7253495790788624E-003
 bsub=   9.3292996539416882E-003   4.1352033714091921E-002 
    1.026221748982672     
 bsup=    0.000000000000000        0.4196476824255326      
   0.9170715401802322     
 b_abs=   0.9788108333926373     
 g=  -1.6966235874730687E-002
 j=    0.000000000000000         249.1537992829370      
   -39.09414608317695     
 v_perp_2=    64002272.64791151     
 b_n=  -4.5903171521254587E-005   0.4225935410548837      
   0.9169532493672217     
 b_para_n=   0.9788108297105156     
 dxdt=  -0.5888186711183163         3896.322938114988      
    8430.682034348465     
 dudt=   -195152.8727153598     
 ---------------------
 rk4
 istep=     13000001
 grad_b=  -2.3734254010800648E-002  -9.3113704113897744E-002 
  -7.2430169686472257E-002
 bsub=   9.2521075785312462E-002   8.4439248495183555E-002 
    1.912952324159075     
 bsup=    0.000000000000000        -1.096526666780319      
    1.041147431656248     
 b_abs=    1.378260593485824     
 g=  -1.2768222988729124E-002
 j=    0.000000000000000        -1453.449769216740      
   -109.1327886720280     
 v_perp_2=    90121276.28478009     
 b_n=  -5.4960313452574511E-004   -1.096403109414227      
    1.041168547372550     
 b_para_n=    1.378260576490818     
 dxdt=   -5.379629878770809        -5892.515107235960      
    5596.273642767484     
 dudt=   -633143.6540440064     
 ---------------------
 rk4
 istep=     14000001
 grad_b=   0.6686342985279038       -5.8162046635596883E-002 
  -0.1601041081692157     
 bsub=   4.4218008128571983E-003   0.1212170835844766      
    1.548354700742509     
 bsup=    0.000000000000000       -0.6794698835770171      
    1.108341302442893     
 b_abs=    1.278471925979511     
 g=  -7.9630762653206712E-003
 j=    0.000000000000000         386.1058071726608      
   -48.56708993160624     
 v_perp_2=    83596223.12016092     
 b_n=  -4.4497061877232682E-004  -0.6859949450720459      
    1.108853403583278     
 b_para_n=    1.278471924189789     
 dxdt=   -4.583850817015794        -4231.849150830000      
    6798.560877065289     
 dudt=    3527244.664616573     
 ---------------------
 rk4
 istep=     15000001
 grad_b=  -0.2206977075532697       -1.1428544405435961E-002 
  -5.1363378398008558E-002
 bsub=   3.8967919763181723E-002  -2.0540934485356883E-002 
   0.9314161205191669     
 bsup=    0.000000000000000       -6.5437440387898282E-002 
    1.082742689875263     
 b_abs=    1.005124959986887     
 g=  -1.3844330677529170E-002
 j=    0.000000000000000        -428.7778429157159      
   -23.32108579816580     
 v_perp_2=    65722623.00726182     
 b_n=  -7.7917813114346937E-005  -6.4081829148446678E-002 
    1.082775844028537     
 b_para_n=    1.005124958490630     
 dxdt=  -0.9763322995392980        -562.6837004105756      
    9591.767651638454     
 dudt=    1784613.950851540     
 ---------------------
 rk4
 istep=     16000001
 grad_b=  -0.9134800749003174       -0.1424449118583057      
   0.1397868009852621     
 bsub=  -1.7317643333315588E-002  -0.1686800217154558      
    1.412090316608021     
 bsup=    0.000000000000000       -0.9680411382613275      
   0.8812220060510604     
 b_abs=    1.186347132260912     
 g=  -1.8888295287642902E-002
 j=    0.000000000000000         307.4133450791905      
    38.30717215302376     
 v_perp_2=    77572176.42713846     
 b_n=  -5.7379806084281108E-004  -0.9638806114404747      
   0.8817119613463398     
 b_para_n=    1.186347132432623     
 dxdt=   -6.256171438507907        -6655.050935027853      
    6104.826342996246     
 dudt=   -7194781.437367604     
 ---------------------
 rk4
 istep=     17000001
 grad_b=   -1.223673970153556       -1.3775324836164879E-002 
  -0.1279132444143165     
 bsub=   1.2816162690491011E-002  -8.1100863955684666E-002 
    1.139612643527065     
 bsup=    0.000000000000000       -0.7242722438263295      
   0.8882964312873829     
 b_abs=    1.034732915031950     
 g=  -1.8546544477226947E-002
 j=    0.000000000000000        -487.6457432630662      
   -290.8854852693352     
 v_perp_2=    67658402.54186371     
 b_n=  -1.2079935441118850E-004  -0.7178187942516839      
   0.8887570227898254     
 b_para_n=    1.034732883506430     
 dxdt=   -1.475777022520487        -6076.898003233388      
    7555.440761661139     
 dudt=    3274884.799781122     
 ---------------------
 rk4
 istep=     18000001
 grad_b=  -0.6601659124951192        6.8188547326969953E-002 
   7.3782779007444038E-002
 bsub=  -3.7615094788432474E-002  -7.4502160309774204E-002 
   0.8627481173583035     
 bsup=    0.000000000000000       -0.4814549238016900      
    1.125734784563682     
 b_abs=    1.003767257640889     
 g=  -9.7696915302162343E-003
 j=    0.000000000000000         302.3544638196319      
   -176.2460368531032     
 v_perp_2=    65633567.35822654     
 b_n=   6.0905706476148413E-004  -0.4760884809659215      
    1.126224731681683     
 b_para_n=    1.003767237347335     
 dxdt=    7.640720495860750        -4205.757448480517      
    9997.435041866722     
 dudt=   -1636039.859419154     
 ---------------------
 rk4
 istep=     19000001
 grad_b=   -1.163979108261631       -8.6418897799982408E-002 
   0.1709959257796744     
 bsub=  -4.7851728261143554E-002  -0.1635936646333194      
    1.460630864292056     
 bsup=    0.000000000000000        -1.066490022435405      
   0.8822296536263785     
 b_abs=    1.209664928370303     
 g=  -2.0095901553855516E-002
 j=    0.000000000000000         105.0627556990432      
   -47.93406423659591     
 v_perp_2=    79096546.09302796     
 b_n=  -2.8376274606329335E-004   -1.061603452739836      
   0.8827676578764304     
 b_para_n=    1.209664922010341     
 dxdt=   -3.047119317697984        -7104.770340542097      
    5926.444475890945     
 dudt=   -6568145.776622101     
 ---------------------
 rk4
 istep=     20000001
 grad_b=  -0.9686620673374050        2.8285968441998006E-002 
  -6.3181144779763471E-002
 bsub=  -1.2325976902422722E-002  -5.8557224741242253E-002 
    1.073969373024390     
 bsup=    0.000000000000000       -0.5651174851215774      
   0.9128207227826181     
 b_abs=    1.006745677046799     
 g=  -1.9116805625515248E-002
 j=    0.000000000000000         922.7242141332637      
   -565.8359720012238     
 v_perp_2=    65828127.60947053     
 b_n=   1.2817084504777583E-004  -0.5601156946943132      
   0.9130948403862494     
 b_para_n=    1.006745600675846     
 dxdt=    1.603745082587692        -4932.058324965568      
    8071.157422305049     
 dudt=    2392005.662139510     
 ---------------------
 rk4
 istep=     21000001
 grad_b=   0.6322810092277539        1.9016328614297886E-002 
   0.1445900970900506     
 bsub=  -1.0352021351313148E-002   5.7862851859857262E-002 
    1.145927531492203     
 bsup=    0.000000000000000        0.2151445884421593      
    1.103618482360825     
 b_abs=    1.130098149417601     
 g=  -1.0128945067780911E-002
 j=    0.000000000000000         915.2496087091881      
   -275.4337110553505     
 v_perp_2=    73893681.56036015     
 b_n=   9.1551675556776269E-005   0.2101933978449678      
    1.103869294021061     
 b_para_n=    1.130098126617571     
 dxdt=    1.038085664254527         1549.204075856230      
    8237.717025310993     
 dudt=   -4734739.124966139     
 ---------------------
 rk4
 istep=     22000001
 grad_b=   0.4255290641377787        7.0473701933389282E-002 
   0.2138177446576602     
 bsub=  -1.5606075341334475E-002   0.1713936691525679      
    2.012645029461760     
 bsup=    0.000000000000000        -1.422406841228447      
    1.071167025763714     
 b_abs=    1.382334025696684     
 g=  -7.5275699853312233E-003
 j=    0.000000000000000        -802.6994940551856      
    462.7676598248210     
 v_perp_2=    90386491.41082838     
 b_n=   5.6538784093844105E-004   -1.427028056327598      
    1.071564972880924     
 b_para_n=    1.382334066056258     
 dxdt=    5.523866208919326        -7649.477584550315      
    5730.453198223805     
 dudt=   -3046048.359674520     
 ---------------------
 rk4
 istep=     23000001
 grad_b=   0.7176534407097470        4.7214511429422415E-002 
  -0.1561530262197976     
 bsub=  -8.9685840180835738E-002   4.1008309526962661E-002 
    1.681841876708058     
 bsup=    0.000000000000000       -0.8466574490096761      
    1.026564545750903     
 b_abs=    1.300610898070091     
 g=  -1.2349626695238427E-002
 j=    0.000000000000000        -190.6929487661302      
   -88.48012417114049     
 v_perp_2=    85042762.80742054     
 b_n=   3.3274469912174557E-004  -0.8512834031429103      
    1.026695076920892     
 b_para_n=    1.300610888644555     
 dxdt=    3.385918861275436        -5087.659835309573      
    6112.995256939274     
 dudt=    5034329.050973805     
 ---------------------
 rk4
 istep=     24000001
 grad_b=  -0.4777768424432943       -2.0921259413742795E-002 
   2.5953235061769636E-002
 bsub=   9.9840294849836142E-003   3.9298203506146330E-002 
    1.035267971344910     
 bsup=    0.000000000000000        0.3421638447532382      
   0.9164362280474486     
 b_abs=   0.9807600245542796     
 g=  -1.7486072728651644E-002
 j=    0.000000000000000        -201.3583309670838      
   -21.91087744140505     
 v_perp_2=    64128652.68996424     
 b_n=  -1.2685288562189429E-004   0.3449319173979381      
   0.9163323733254449     
 b_para_n=   0.9807600207937242     
 dxdt=   -1.624319155346335         3172.835963335485      
    8401.717980281170     
 dudt=   -554222.1681575782     
 ---------------------
 rk4
 istep=     25000001
 grad_b=   5.8342135780054261E-003  -9.6764247372541412E-002 
  -8.9758121063552632E-002
 bsub=   8.7201297832155217E-002   9.5912158782993251E-002 
    1.928987042228652     
 bsup=    0.000000000000000        -1.115923060357392      
    1.045339604462301     
 b_abs=    1.381940037802595     
 g=  -1.2448140975988200E-002
 j=    0.000000000000000        -1113.844206844558      
   -205.9083716220136     
 v_perp_2=    90360354.36463067     
 b_n=  -5.7916827307603186E-004   -1.115985207279609      
    1.045368857861551     
 b_para_n=    1.381940012155713     
 dxdt=   -5.659504476772351        -5969.571466541661      
    5591.706369424168     
 dudt=   -334842.5117028494     
 ---------------------
 rk4
 istep=     26000001
 grad_b=   0.6962992618333830       -5.6984321094352142E-002 
  -0.1610301571714261     
 bsub=   3.1248927513080928E-003   0.1166646808529751      
    1.514580650961299     
 bsup=    0.000000000000000       -0.6195507644401496      
    1.112344713514487     
 b_abs=    1.269884807346106     
 g=  -8.0030025378969357E-003
 j=    0.000000000000000         445.6539879749741      
   -70.72603549643671     
 v_perp_2=    83033341.71789946     
 b_n=  -4.3085540301588315E-004  -0.6262834296165669      
    1.112864201280261     
 b_para_n=    1.269884803808329     
 dxdt=   -4.460246032952747        -3910.231138264511      
    6900.692737584730     
 dudt=    3702565.779047786     
 ---------------------
 rk4
 istep=     27000001
 grad_b=  -0.2762897497627221       -7.9515802233968078E-003 
  -4.4416557840429222E-002
 bsub=   3.8118735842744653E-002  -2.6439721795463896E-002 
   0.9275874790118311     
 bsup=    0.000000000000000       -0.1171179557098826      
    1.074928372302983     
 b_abs=    1.000458255333905     
 g=  -1.4168238009385038E-002
 j=    0.000000000000000         19.68376576392996      
   -133.0065975500293     
 v_perp_2=    65416383.61908612     
 b_n=  -5.6268855444682420E-005  -0.1154424879356313      
    1.074978426100474     
 b_para_n=    1.000458240816922     
 dxdt=  -0.7079546866205502        -1023.246499693367      
    9585.635952905823     
 dudt=    1529778.800793305     
 ---------------------
 rk4
 istep=     28000001
 grad_b=  -0.8471364393052659       -0.1463102793917878      
   0.1372123101415731     
 bsub=  -1.6047595590298114E-002  -0.1817652520017269      
    1.435197359849227     
 bsup=    0.000000000000000        -1.017469849812240      
   0.8844486915203619     
 b_abs=    1.205818546367178     
 g=  -1.8469850217206235E-002
 j=    0.000000000000000         287.4190597229393      
   -60.76653876677507     
 v_perp_2=    78844040.14680623     
 b_n=  -5.8631082025503115E-004   -1.013624514412411      
   0.8849291321426543     
 b_para_n=    1.205818536111598     
 dxdt=   -6.311525248069921        -6821.765113960517      
    5971.060968768845     
 dudt=   -7326504.753659548     
 ---------------------
 rk4
 istep=     29000001
 grad_b=   -1.181757789857680       -2.1000010739816749E-002 
  -0.1168645663575275     
 bsub=   1.0709151456506265E-002  -8.1012429713352291E-002 
    1.113299722408310     
 bsup=    0.000000000000000       -0.6857594935882410      
   0.8961194237644603     
 b_abs=    1.026061494591289     
 g=  -1.8155352939109096E-002
 j=    0.000000000000000        -437.4034140517962      
   -106.9720743949073     
 v_perp_2=    67090278.24343618     
 b_n=  -1.5868419908469003E-004  -0.6794096264499990      
   0.8965830078892976     
 b_para_n=    1.026061485370737     
 dxdt=   -1.952826606507154        -5821.071603799220      
    7714.532652823576     
 dudt=    2877961.393176741     
 ---------------------
 Elapsed time (seconds):     161.6543120000000     

real	2m41.666s
user	2m41.204s
sys	0m0.027s
>>> [PID 3734797] DONE  u=9000, v_perp=8000, out=gc_grid/dat397.dat
