>>> [PID 3734095] START u=7500, v_perp=8000, out=gc_grid/dat394.dat, dt=2e-09, steps=30000000
 outer boundary:   8.3000000000000462E-002
 rk4
 istep=            1
 grad_b=  -0.5028818755482177        4.9314573626135227E-003 
  -7.9822708993565195E-003
 bsub=   8.6925180481259301E-003   4.2252264649438501E-002 
    1.020727362085438     
 bsup=    0.000000000000000        0.5003051638010975      
   0.9181486535380117     
 b_abs=   0.9787596225137412     
 g=  -1.6418770574348818E-002
 j=    0.000000000000000         576.0999693093584      
    59.08853055223923     
 v_perp_2=    63999995.12750705     
 b_n=   2.6792638128892155E-005   0.5028654696675409      
   0.9180424517326630     
 b_para_n=   0.9787596312267289     
 dxdt=   0.3221016025560660         3864.498278010455      
    7034.276152660606     
 dudt=    162399.2610492141     
 ---------------------
 rk4
 istep=      1000001
 grad_b=  -0.1911762992068061       -4.4800599519149741E-002 
   8.1672257346594779E-002
 bsub=  -1.6448616593360197E-002   3.4725746391686095E-002 
    1.023495699845488     
 bsup=    0.000000000000000        0.3750872454488646      
   0.9795944053954863     
 b_abs=    1.008121039363306     
 g=  -1.4849277262135217E-002
 j=    0.000000000000000         561.5506105107752      
   -105.2701822852296     
 v_perp_2=    65919843.09193096     
 b_n=  -2.4878271933726528E-004   0.3760802194856884      
   0.9795567087269988     
 b_para_n=    1.008121030949680     
 dxdt=   -2.922481627167762         2754.123083701878      
    7161.883488839611     
 dudt=   -2049689.928156211     
 ---------------------
 rk4
 istep=      2000001
 grad_b=  -0.6804686886333138        4.9558631359585617E-003 
  -1.7041806962348284E-002
 bsub=  -2.6856704548350742E-002  -3.7407200683483355E-002 
   0.9972432784113693     
 bsup=    0.000000000000000       -0.3774404134890107      
   0.9604338151548395     
 b_abs=   0.9856320863044499     
 g=  -1.8152288634704323E-002
 j=    0.000000000000000        -696.5431682170515      
    2.736415421293032     
 v_perp_2=    64449257.05446197     
 b_n=   1.9076546189936644E-005  -0.3744312386655677      
   0.9605472077542940     
 b_para_n=   0.9856320892142076     
 dxdt=   0.2280724534923793        -2824.599491989793      
    7280.370417843542     
 dudt=    604974.7784362099     
 ---------------------
 rk4
 istep=      3000001
 grad_b=   -1.096979805340875        0.1123957095795501      
  -0.1375985279484997     
 bsub=   1.6000394834829870E-002  -0.1229462407709933      
    1.316451901947377     
 bsup=    0.000000000000000       -0.8260958628479111      
   0.8750196530595195     
 b_abs=    1.119528156242794     
 g=  -1.9931642948421799E-002
 j=    0.000000000000000        -462.6454467724300      
    395.2523895785710     
 v_perp_2=    73204491.27529275     
 b_n=   3.7641524605877807E-004  -0.8219541548494416      
   0.8754019162672221     
 b_para_n=    1.119528197769753     
 dxdt=    4.100415003921579        -5016.094439147005      
    5365.115183978387     
 dudt=    6227731.200993183     
 ---------------------
 rk4
 istep=      4000001
 grad_b=  -0.5287880437814765       -5.0612610893374453E-002 
   4.4592341794147963E-002
 bsub=  -6.2057740105874405E-003  -0.2331258017200055      
    1.526606474931608     
 bsup=    0.000000000000000        -1.266132314850960      
   0.9042455347124929     
 b_abs=    1.294508363519553     
 g=  -1.6581722181935155E-002
 j=    0.000000000000000         683.4590059747995      
   -108.9247555603745     
 v_perp_2=    84646148.96872437     
 b_n=  -1.5022296000514611E-004   -1.264319408816907      
   0.9045217573005971     
 b_para_n=    1.294508348277188     
 dxdt=   -1.515550243689938        -5817.810418235491      
    4170.808777377621     
 dudt=   -2636860.594149090     
 ---------------------
 rk4
 istep=      5000001
 grad_b=   -1.148535106642792       -8.6444517513025093E-002 
   0.1262170651281615     
 bsub=  -8.6360346056102034E-003  -9.4242646493287660E-002 
    1.234057609012308     
 bsup=    0.000000000000000       -0.7497809068023216      
   0.8780915684860662     
 b_abs=    1.074388158725608     
 g=  -2.0020347650407468E-002
 j=    0.000000000000000        -1198.141518720720      
    330.5212397423759     
 v_perp_2=    70252730.97072926     
 b_n=  -3.0339163777335965E-004  -0.7452476410948811      
   0.8784356787718306     
 b_para_n=    1.074388200665425     
 dxdt=   -3.399531014133026        -4883.739483309328      
    5782.842665825982     
 dudt=   -5344961.905546490     
 ---------------------
 rk4
 istep=      6000001
 grad_b=  -0.5090259935921034        5.9042936454543546E-003 
  -7.4624676621036223E-003
 bsub=   3.2005828004132056E-002  -2.3785421122231067E-002 
   0.9733286853299024     
 bsup=    0.000000000000000       -0.2592493879735993      
   0.9887033756773471     
 b_abs=   0.9840293132188347     
 g=  -1.7249631825592995E-002
 j=    0.000000000000000         473.5470901833216      
   -162.2462049174318     
 v_perp_2=    64344233.42220858     
 b_n=   2.6081407587391521E-005  -0.2569302437918151      
   0.9887591740576614     
 b_para_n=   0.9840292960447460     
 dxdt=   0.3122206225113499        -1942.109759377602      
    7513.199293880714     
 dudt=    295995.6646981207     
 ---------------------
 rk4
 istep=      7000001
 grad_b=  -0.2090219607678669        5.5696563993400526E-002 
  -9.7683634103138045E-002
 bsub=   9.1239651106673515E-003   3.6394811912956369E-002 
    1.040883157183257     
 bsup=    0.000000000000000        0.6168428208605279      
   0.9625768596247177     
 b_abs=    1.012100575532874     
 g=  -1.4144173049160692E-002
 j=    0.000000000000000        -1303.298708104924      
    206.5435854663114     
 v_perp_2=    66179710.14200563     
 b_n=   3.2668504738957361E-004   0.6179931312182804      
   0.9625337904404674     
 b_para_n=    1.012100591345144     
 dxdt=    3.825994262811140         4495.042497299036      
    6992.939273633086     
 dudt=    1927606.295424446     
 ---------------------
 rk4
 istep=      8000001
 grad_b=  -0.4615984437969080       -1.5039555812671121E-002 
   1.3372494469057639E-002
 bsub=  -1.4488985137068311E-002   3.7698531568029152E-002 
    1.020695958175207     
 bsup=    0.000000000000000        0.2898004170334929      
   0.9309480704073205     
 b_abs=   0.9802011729949220     
 g=  -1.6890789562926719E-002
 j=    0.000000000000000         165.4332140216350      
    152.9811628195644     
 v_perp_2=    64093797.45426483     
 b_n=  -7.6591297042703964E-005   0.2920755153461861      
   0.9308629703591064     
 b_para_n=   0.9802011896450482     
 dxdt=  -0.9197063151224354         2242.874815930352      
    7116.176851624304     
 dudt=   -269859.5322733186     
 ---------------------
 rk4
 istep=      9000001
 grad_b=  -0.7087499001620843        1.6895212901013264E-002 
  -2.8371220956231305E-002
 bsub=  -2.4937432306838127E-002  -3.1264684454667652E-002 
    1.023902124039955     
 bsup=    0.000000000000000       -0.3964242245780510      
   0.9405071155055834     
 b_abs=   0.9874128787030563     
 g=  -1.8768832180638351E-002
 j=    0.000000000000000        -999.2625297352497      
    30.59154849669261     
 v_perp_2=    64565299.92313380     
 b_n=   7.0015107545951690E-005  -0.3933254478847205      
   0.9406034474557581     
 b_para_n=   0.9874128849981730     
 dxdt=   0.8358851666262763        -2958.918352423783      
    7108.885229283518     
 dudt=    1105277.307326445     
 ---------------------
 rk4
 istep=     10000001
 grad_b=   -1.028664485143771        0.1254850171712776      
  -0.1349591250449533     
 bsub=   1.3866288147327830E-002  -0.1306037406150182      
    1.328099754205665     
 bsup=    0.000000000000000       -0.8365604552095027      
   0.8756670435748855     
 b_abs=    1.127818348251797     
 g=  -1.9810030740747331E-002
 j=    0.000000000000000        -446.9117435821945      
    354.0282850382064     
 v_perp_2=    73746120.14481588     
 b_n=   4.2194182338547526E-004  -0.8326978289058827      
   0.8760425158916205     
 b_para_n=    1.127818385504801     
 dxdt=    4.574200768937774        -5016.404453609841      
    5298.807738290002     
 dudt=    6469022.106520064     
 ---------------------
 rk4
 istep=     11000001
 grad_b=  -0.5587609710997339       -6.2603443184163041E-002 
   5.6997920412771658E-002
 bsub=  -1.1872801212905945E-002  -0.2310480625738279      
    1.524770856316398     
 bsup=    0.000000000000000        -1.258727578517672      
   0.9035033450788292     
 b_abs=    1.291750461170946     
 g=  -1.6698201727626587E-002
 j=    0.000000000000000         610.9472940972792      
   -151.8038042044744     
 v_perp_2=    84465290.96022306     
 b_n=  -1.8481940740487448E-004   -1.256815471441727      
   0.9037916320853470     
 b_para_n=    1.291750443609153     
 dxdt=   -1.865998150721932        -5809.799868966362      
    4186.989833950527     
 dudt=   -3297843.380606617     
 ---------------------
 rk4
 istep=     12000001
 grad_b=   -1.185833566085956       -7.5020683074794384E-002 
   0.1270630483227678     
 bsub=  -9.4350227718400584E-003  -9.0693833449989922E-002 
    1.224272430304013     
 bsup=    0.000000000000000       -0.7489299483500125      
   0.8787922486188767     
 b_abs=    1.069534706193521     
 g=  -1.9952215658949477E-002
 j=    0.000000000000000        -1111.505442086746      
    222.3471425554609     
 v_perp_2=    69934938.26422280     
 b_n=  -2.6115515627348607E-004  -0.7442136785946702      
   0.8791396427866134     
 b_para_n=    1.069534736602219     
 dxdt=   -2.935718537949485        -4913.995771816481      
    5832.183998709143     
 dudt=   -5130831.726251981     
 ---------------------
 rk4
 istep=     13000001
 grad_b=  -0.4815896653280225        6.1692978848745458E-003 
  -1.3786735179331808E-002
 bsub=   3.3121982365855396E-002  -2.9995473727988949E-002 
   0.9582956368435688     
 bsup=    0.000000000000000       -0.2591425079754382      
    1.006814100181470     
 b_abs=   0.9861382388892541     
 g=  -1.6667094678785424E-002
 j=    0.000000000000000         553.2054873515704      
   -117.8395804099536     
 v_perp_2=    64481733.72887987     
 b_n=   2.6503087718895898E-005  -0.2569201603776871      
    1.006882732070664     
 b_para_n=   0.9861382258137897     
 dxdt=   0.3167326903622625        -1935.872623557531      
    7625.209623345767     
 dudt=    513198.6805461753     
 ---------------------
 rk4
 istep=     14000001
 grad_b=   0.1529236939376197        5.0354494864137497E-002 
  -0.1337843268294244     
 bsub=   6.7745280552753834E-003   3.8084050905554112E-002 
    1.071176238666972     
 bsup=    0.000000000000000        0.6239130615808643      
    1.012681784279500     
 b_abs=    1.052663392665575     
 g=  -1.2885094052073855E-002
 j=    0.000000000000000        -852.1218256852295      
    339.7260145927778     
 v_perp_2=    68831624.55007666     
 b_n=   3.1016167745946845E-004   0.6230475772184311      
    1.012710621395976     
 b_para_n=    1.052663420863031     
 dxdt=    3.526955381666151         4240.205514790306      
    6898.636742609941     
 dudt=    3232068.739005215     
 ---------------------
 rk4
 istep=     15000001
 grad_b=  -0.2808530752476586        9.2472072000131217E-002 
  -9.0649846369698139E-002
 bsub=  -1.1412586290113293E-002   2.0935501524272516E-002 
    1.107832924811922     
 bsup=    0.000000000000000        0.1429143551347690      
   0.9185112810170153     
 b_abs=    1.010244386304733     
 g=  -1.8481185935144442E-002
 j=    0.000000000000000        -132.0103327062391      
   -47.75545362790737     
 v_perp_2=    66057864.21846394     
 b_n=   4.2602835797742484E-004   0.1441889513382503      
   0.9184915780837237     
 b_para_n=    1.010244381025958     
 dxdt=    4.996495456216673         1056.348554781169      
    6692.851543535752     
 dudt=    2266906.488274661     
 ---------------------
 rk4
 istep=     16000001
 grad_b=  -0.7249271641511112        4.8871245053531097E-002 
  -5.0227911816327422E-002
 bsub=  -2.0517402173966512E-002  -2.8449962958672269E-002 
    1.073072639381530     
 bsup=    0.000000000000000       -0.4404077309043736      
   0.9153989124679432     
 b_abs=   0.9974701248246093     
 g=  -1.9616823866229510E-002
 j=    0.000000000000000        -1223.022490001506      
    253.3467556314507     
 v_perp_2=    65222519.28350779     
 b_n=   2.0283464343250114E-004  -0.4373107435029912      
   0.9154849278916637     
 b_para_n=   0.9974701548816021     
 dxdt=    2.402418685929493        -3238.570958053207      
    6808.716921677003     
 dudt=    2212503.058368267     
 ---------------------
 rk4
 istep=     17000001
 grad_b=  -0.9341353678020718        0.1418357924432102      
  -0.1309257926014312     
 bsub=   1.0416943817929666E-002  -0.1410814169510859      
    1.342009579080309     
 bsup=    0.000000000000000       -0.8539893585856596      
   0.8767859963031759     
 b_abs=    1.138781671640428     
 g=  -1.9639256339975108E-002
 j=    0.000000000000000        -374.9921477076674      
    211.4447375205579     
 v_perp_2=    74462530.06689118     
 b_n=   4.7772001094983696E-004  -0.8505087691059012      
   0.8771482116104177     
 b_para_n=    1.138781694734313     
 dxdt=    5.146787336371495        -5036.908297365395      
    5213.767069133534     
 dudt=    6773185.468492755     
 ---------------------
 rk4
 istep=     18000001
 grad_b=  -0.5928956439537829       -7.1261121115582221E-002 
   6.6696663392697614E-002
 bsub=  -1.7287791775076996E-002  -0.2293029458836687      
    1.522556884766235     
 bsup=    0.000000000000000        -1.251392132713148      
   0.9025431800337812     
 b_abs=    1.288910607060650     
 g=  -1.6865239889908394E-002
 j=    0.000000000000000         522.7892227090599      
   -179.7409240652752     
 v_perp_2=    84279073.47059384     
 b_n=  -2.0872527549404125E-004   -1.249373126290005      
   0.9028448644252854     
 b_para_n=    1.288910588382727     
 dxdt=   -2.109042833847212        -5802.594654331204      
    4202.774908180799     
 dudt=   -3788903.544829508     
 ---------------------
 rk4
 istep=     19000001
 grad_b=   -1.215177993382212       -6.6518939768893781E-002 
   0.1285890285897782     
 bsub=  -1.0513856800627231E-002  -8.9120857789546856E-002 
    1.219533629145008     
 bsup=    0.000000000000000       -0.7517699271797744      
   0.8788209401129515     
 b_abs=    1.067191057081075     
 g=  -1.9907713843277594E-002
 j=    0.000000000000000        -1067.399098503421      
    114.4883491796498     
 v_perp_2=    69781257.20376623     
 b_n=  -2.2834873033998320E-004  -0.7469166974178724      
   0.8791736517619786     
 b_para_n=    1.067191076331425     
 dxdt=   -2.570964145947971        -4949.780305790400      
    5854.154154453256     
 dudt=   -4993988.892012967     
 ---------------------
 rk4
 istep=     20000001
 grad_b=  -0.4803409480062976        4.5193558482301797E-003 
  -1.5848235411582798E-002
 bsub=   3.3213175446116447E-002  -3.5520086973469103E-002 
   0.9487508653768323     
 bsup=    0.000000000000000       -0.2684327676212767      
    1.017732725741718     
 b_abs=   0.9873903149360014     
 g=  -1.6281733655583712E-002
 j=    0.000000000000000         552.4582793236277      
   -97.21782323405776     
 v_perp_2=    64563202.78273802     
 b_n=   1.8318863746667631E-005  -0.2661940222460537      
    1.017815888658189     
 b_para_n=   0.9873903036802352     
 dxdt=   0.2187057909268882        -2001.995420481417      
    7692.669263170766     
 dudt=    574231.4039227014     
 ---------------------
 rk4
 istep=     21000001
 grad_b=   0.3659840678244276        2.4695408800666938E-002 
  -0.1369353193456170     
 bsub=   8.1489258392102061E-003   4.3093804220161819E-002 
    1.083037319256651     
 bsup=    0.000000000000000        0.5421252384566120      
    1.047618675095068     
 b_abs=    1.075940939131622     
 g=  -1.2255716334387332E-002
 j=    0.000000000000000        -545.2373017405994      
    162.1238632409753     
 v_perp_2=    70353260.52405278     
 b_n=   1.7004416005678895E-004   0.5400548429321201      
    1.047699788337647     
 b_para_n=    1.075940951331787     
 dxdt=    1.903404626385111         3535.983096096923      
    6878.729026821149     
 dudt=    3952287.180554372     
 ---------------------
 rk4
 istep=     22000001
 grad_b=   0.4486373706621732        0.1410299992306097      
  -0.1673810693933486     
 bsub=  -3.4116836564829542E-002  -1.7051238017368291E-002 
    1.306603262196594     
 bsup=    0.000000000000000       -6.8899401304059360E-002 
   0.9612252184883437     
 b_abs=    1.121056486284159     
 g=  -1.5995320424725630E-002
 j=    0.000000000000000        -241.4861395683388      
    236.5874713993453     
 v_perp_2=    73303193.12501477     
 b_n=   6.4688574880762380E-004  -7.0969272148554807E-002 
   0.9612151167255817     
 b_para_n=    1.121056508735202     
 dxdt=    7.040368436936996        -443.6328639097312      
    5874.792707190103     
 dudt=    4975509.457280979     
 ---------------------
 rk4
 istep=     23000001
 grad_b=  -0.5943382120981524        0.1419398838671050      
  -9.2978368281903506E-002
 bsub=  -1.5889180990293253E-002  -5.8594861850780444E-002 
    1.188461993126870     
 bsup=    0.000000000000000       -0.5554103607941641      
   0.8966920815032283     
 b_abs=    1.047907283590844     
 g=  -2.0732641844205459E-002
 j=    0.000000000000000        -31.57528917538863      
   -108.0332629446420     
 v_perp_2=    68520077.18394326     
 b_n=   5.3950956676809283E-004  -0.5530710238237349      
   0.8968146214536100     
 b_para_n=    1.047907272694757     
 dxdt=    6.155360626352836        -3785.390352475974      
    6155.878558718382     
 dudt=    5060750.441455480     
 ---------------------
 rk4
 istep=     24000001
 grad_b=  -0.7634939212246969        0.1647339390207953      
  -0.1241286563685887     
 bsub=   3.7506553210156081E-003  -0.1619309903057832      
    1.371514945503534     
 bsup=    0.000000000000000       -0.9068001969271334      
   0.8803736782935958     
 b_abs=    1.163662478495566     
 g=  -1.9248835063586926E-002
 j=    0.000000000000000        -43.17318761174442      
   -71.96244802311497     
 v_perp_2=    76088963.14719297     
 b_n=   5.4900500274344293E-004  -0.9040084886914025      
   0.8807017812189601     
 b_para_n=    1.163662472578969     
 dxdt=    5.836212885761800        -5148.825361206378      
    5031.075591279235     
 dudt=    7267225.021865952     
 ---------------------
 rk4
 istep=     25000001
 grad_b=  -0.6536768976502166       -8.5214829129640568E-002 
   8.2842633773540161E-002
 bsub=  -2.4136550779663569E-002  -0.2253720119963696      
    1.517978515156436     
 bsup=    0.000000000000000        -1.236142477894854      
   0.9006759700607025     
 b_abs=    1.282955682181531     
 g=  -1.7189816369890462E-002
 j=    0.000000000000000         393.6696957040549      
   -227.7176240022405     
 v_perp_2=    83889174.18822312     
 b_n=  -2.4677608576295640E-004   -1.233934593910240      
   0.9009998297772459     
 b_para_n=    1.282955661260540     
 dxdt=   -2.497848144018416        -5787.620259704210      
    4236.526994260046     
 dudt=   -4585733.605980935     
 ---------------------
 rk4
 istep=     26000001
 grad_b=   -1.237934000719366       -5.7008189657285407E-002 
   0.1292664219558957     
 bsub=  -1.1097250661634087E-002  -8.7003550348809661E-002 
    1.211221538556296     
 bsup=    0.000000000000000       -0.7519206434139718      
   0.8791371571755715     
 b_abs=    1.063203485298450     
 g=  -1.9839164364629791E-002
 j=    0.000000000000000        -949.7419010955668      
   -31.30873670144398     
 v_perp_2=    69520088.23568237     
 b_n=  -1.9205340540914901E-004  -0.7469436118133714      
   0.8794929072001785     
 b_para_n=    1.063203489001857     
 dxdt=   -2.168144935385278        -4980.994805090249      
    5893.433050789029     
 dudt=   -4812655.153701520     
 ---------------------
 rk4
 istep=     27000001
 grad_b=  -0.4787232567057473        2.7093449309240521E-003 
  -1.7570092077864821E-002
 bsub=   3.3100367685877374E-002  -3.9634542251879262E-002 
   0.9408693724511324     
 bsup=    0.000000000000000       -0.2736922556484226      
    1.026927492119194     
 b_abs=   0.9883530178529244     
 g=  -1.5928455387511038E-002
 j=    0.000000000000000         580.6689809448487      
   -91.74595826547699     
 v_perp_2=    64625751.39506181     
 b_n=   9.2907149603623140E-006  -0.2714364874302553      
    1.027022178980976     
 b_para_n=   0.9883530068786601     
 dxdt=   0.1108350890743212        -2038.386631200085      
    7750.381397121860     
 dudt=    621379.1552763415     
 ---------------------
 rk4
 istep=     28000001
 grad_b=   0.4529956245603178        6.7445854497705932E-003 
  -0.1343756976988024     
 bsub=   1.0912819750251171E-002   4.6170695771437634E-002 
    1.087926926933456     
 bsup=    0.000000000000000        0.4557106245260814      
    1.068493851321941     
 b_abs=    1.087559465340075     
 g=  -1.1820670921770351E-002
 j=    0.000000000000000        -437.1405517242069      
   -70.95932927449283     
 v_perp_2=    71112528.46931452     
 b_n=   7.1028428335265773E-005   0.4531179682535320      
    1.068603161395114     
 b_para_n=    1.087559457752836     
 dxdt=   0.7890860872635637         2908.458267487080      
    6888.140464064913     
 dudt=    4223823.688213801     
 ---------------------
 rk4
 istep=     29000001
 grad_b=   0.7525096897894719        8.1997837804195756E-002 
  -0.1672307184772538     
 bsub=  -5.9020654873997616E-002   8.3100579476113115E-003 
    1.441705961136098     
 bsup=    0.000000000000000       -0.2302076244521789      
    1.005687049224508     
 b_abs=    1.203438851583732     
 g=  -1.3266621945760554E-002
 j=    0.000000000000000        -372.8137206117326      
    337.6734626879642     
 v_perp_2=    78689493.49709027     
 b_n=   4.1983930283669304E-004  -0.2339811828589365      
    1.005726011223234     
 b_para_n=    1.203438879891109     
 dxdt=    4.378201157349682        -1272.558867722038      
    5387.806349212353     
 dudt=    5081786.126277505     
 ---------------------
 Elapsed time (seconds):     162.5681840000000     

real	2m42.580s
user	2m42.167s
sys	0m0.025s
>>> [PID 3734095] DONE  u=7500, v_perp=8000, out=gc_grid/dat394.dat
