>>> [PID 3712003] START u=7500, v_perp=6000, out=gc_grid/dat352.dat, dt=2e-09, steps=30000000
 outer boundary:   8.3000000000000462E-002
 rk4
 istep=            1
 grad_b=  -0.5028818791298388        4.9314561760800402E-003 
  -7.9822696764642737E-003
 bsub=   8.6925178882826838E-003   4.2252264714103482E-002 
    1.020727362155544     
 bsup=    0.000000000000000        0.5003051687788321      
   0.9181486532314629     
 b_abs=   0.9787596225137463     
 g=  -1.6418770569587578E-002
 j=    0.000000000000000         576.0999595660396      
    59.08851470495417     
 v_perp_2=    35999997.25922292     
 b_n=   2.6792631333887391E-005   0.5028654746159751      
   0.9180424514272324     
 b_para_n=   0.9787596312267322     
 dxdt=   0.2710032627745207         3859.615400508047      
    7034.478573874518     
 dudt=    91349.57389004245     
 ---------------------
 rk4
 istep=      1000001
 grad_b=   0.1623458727559070       -6.7402084306959681E-002 
   0.1559740928727204     
 bsub=   2.2999508629722243E-003   2.9461368791448339E-002 
    1.105938794606609     
 bsup=    0.000000000000000        0.8781980094900412      
   0.9850874157342242     
 b_abs=    1.056084123725771     
 g=  -1.2318092654027077E-002
 j=    0.000000000000000         1151.565443797298      
   -139.4938978277849     
 v_perp_2=    38844048.92566163     
 b_n=  -4.4038718175732358E-004   0.8772009780081872      
   0.9851148818411309     
 b_para_n=    1.056084113359270     
 dxdt=   -4.155654444929384         6067.584795616614      
    6816.910664069257     
 dudt=   -1644846.176481253     
 ---------------------
 rk4
 istep=      2000001
 grad_b=   0.3542647910866645       -1.2241168813752756E-002 
   0.1294265255104936     
 bsub=  -1.3424060424133362E-002   4.3592952867404534E-002 
    1.070050688191132     
 bsup=    0.000000000000000        0.4459490305941533      
    1.060855448093032     
 b_abs=    1.074296861060304     
 g=  -1.2346635207871874E-002
 j=    0.000000000000000        -947.2517958326258      
    28.80886029092866     
 v_perp_2=    39513895.24668434     
 b_n=  -9.9917212065740510E-005   0.4439185936891654      
    1.060936912005393     
 b_para_n=    1.074296860194507     
 dxdt=  -0.9284492443820699         2995.630613781505      
    7171.859449551281     
 dudt=   -2256994.741074576     
 ---------------------
 rk4
 istep=      3000001
 grad_b=   0.1968095260844281        8.9490897700698971E-003 
   0.1035402059956691     
 bsub=  -2.9836142121774038E-002   2.7793367249156216E-002 
    1.011654545593151     
 bsup=    0.000000000000000        0.2285621136252528      
    1.088112125143621     
 b_abs=    1.052540931267840     
 g=  -1.2696739119744659E-002
 j=    0.000000000000000         151.5758264649293      
   -209.3856984487710     
 v_perp_2=    38713646.99764661     
 b_n=   3.3607309765862516E-005   0.2274618159805571      
    1.088143326224727     
 b_para_n=    1.052540913241497     
 dxdt=   0.3180951684330874         1578.460279373810      
    7564.426601142011     
 dudt=   -2004250.955976180     
 ---------------------
 rk4
 istep=      4000001
 grad_b=   1.2745298716536069E-002   2.4016450964165208E-002 
   8.4938474950374626E-002
 bsub=  -3.8108844068205347E-002   3.9405018955195048E-003 
   0.9626452189391650     
 bsup=    0.000000000000000        9.7525902918259799E-002 
    1.100093694708067     
 b_abs=    1.029017695436516     
 g=  -1.2864951462623082E-002
 j=    0.000000000000000         232.7390814991678      
    21.88816376132994     
 v_perp_2=    37848396.16536906     
 b_n=   1.2905958062554563E-004   9.7438093160072806E-002 
    1.100099165464837     
 b_para_n=    1.029017697449986     
 dxdt=    1.246861529638555         698.1931492553338      
    7885.252303872549     
 dudt=   -1711817.325838748     
 ---------------------
 rk4
 istep=      5000001
 grad_b=  -0.2016774972227898        2.6436683553198968E-002 
   5.9077068163987723E-002
 bsub=  -3.9219299379403501E-002  -2.4235615269417816E-002 
   0.9199211746526766     
 bsup=    0.000000000000000       -4.5473450268957327E-002 
    1.105286116246062     
 b_abs=    1.008818044497554     
 g=  -1.2854195284543585E-002
 j=    0.000000000000000        -314.0547161339457      
    38.07351748121181     
 v_perp_2=    37105391.63065493     
 b_n=   1.5292510562584405E-004  -4.4385483943977011E-002 
    1.105321303255113     
 b_para_n=    1.008818048587410     
 dxdt=    1.504408978986628        -324.0285038131987      
    8136.392225230548     
 dudt=   -1168434.521777701     
 ---------------------
 rk4
 istep=      6000001
 grad_b=  -0.4232510862526599        2.3824830326192998E-002 
   3.6561737987192783E-002
 bsub=  -3.0566512516899919E-002  -5.9618158119070092E-002 
   0.8770468177415628     
 bsup=    0.000000000000000       -0.2276968834104043      
    1.107388125357028     
 b_abs=   0.9926562621199572     
 g=  -1.2397527203853710E-002
 j=    0.000000000000000         350.5922253822940      
   -171.9208876425239     
 v_perp_2=    36510905.58955821     
 b_n=   1.4753316644067094E-004  -0.2253306297735017      
    1.107554096294482     
 b_para_n=   0.9926562450190511     
 dxdt=    1.473026263425615        -1688.904419041113      
    8330.428464238361     
 dudt=   -649600.1226361189     
 ---------------------
 rk4
 istep=      7000001
 grad_b=  -0.7739369872981863       -2.6291539926445076E-002 
  -2.6851553302552421E-002
 bsub=   1.1607135404969169E-002  -9.6705779248102003E-002 
   0.8398921156954207     
 bsup=    0.000000000000000       -0.4660151289919525      
    1.102883807250073     
 b_abs=   0.9853170332812524     
 g=  -1.0780063971698339E-002
 j=    0.000000000000000        -330.6477361407196      
   -23.49543222136776     
 v_perp_2=    36240926.88055759     
 b_n=  -1.8461865470246208E-004  -0.4611547496566066      
    1.103445987652000     
 b_para_n=   0.9853170345218558     
 dxdt=   -1.855930510875415        -3490.731706153951      
    8382.544365136728     
 dudt=    324051.7602320002     
 ---------------------
 rk4
 istep=      8000001
 grad_b=  -8.6730655343873017E-002  -0.1039176346448559      
  -0.1398400949655552     
 bsub=   5.2901949967827447E-002   7.5779006518580452E-003 
    1.013681527797491     
 bsup=    0.000000000000000       -0.4837901194154570      
    1.136280745504449     
 b_abs=    1.071399525550693     
 g=  -8.7917575297401726E-003
 j=    0.000000000000000        -331.5279572161822      
    26.66344599147510     
 v_perp_2=    39407091.53890093     
 b_n=  -7.8579799116044189E-004  -0.4831833959336055      
    1.136317221203641     
 b_para_n=    1.071399527591705     
 dxdt=   -7.319517613764948        -3276.804345866349      
    7709.863557005399     
 dudt=    1864511.244576610     
 ---------------------
 rk4
 istep=      9000001
 grad_b=   0.4897408697511533       -7.0493232234489264E-002 
  -0.1524457064256630     
 bsub=   2.8426938154248918E-002   6.2409312480293778E-002 
    1.154595922293926     
 bsup=    0.000000000000000       -0.2378714890959317      
    1.136252105055620     
 b_abs=    1.138799883437197     
 g=  -8.8816755424575670E-003
 j=    0.000000000000000         185.4272200786270      
   -37.37592558845827     
 v_perp_2=    41886100.82183897     
 b_n=  -4.6329467548218706E-004  -0.2415441144108117      
    1.136462025667639     
 b_para_n=    1.138799881165205     
 dxdt=   -4.087730915959887        -1514.767551548377      
    7082.727709736932     
 dudt=    2526486.890479132     
 ---------------------
 rk4
 istep=     10000001
 grad_b=   0.7131237028869963       -4.1281330343326726E-002 
  -0.1550547375037451     
 bsub=   7.4485638989159886E-003   7.6112608254583089E-002 
    1.242776634957243     
 bsup=    0.000000000000000       -0.1247130186131870      
    1.125359976749515     
 b_abs=    1.178949699286614     
 g=  -8.6950163568375715E-003
 j=    0.000000000000000        -260.1255986793494      
    46.12643380827848     
 v_perp_2=    43362803.74903850     
 b_n=  -2.3908398673163687E-004  -0.1300840564110199      
    1.125690355871882     
 b_para_n=    1.178949701768294     
 dxdt=   -2.046771515197565        -785.6100590685033      
    6676.944378284185     
 dudt=    2641603.043583534     
 ---------------------
 rk4
 istep=     11000001
 grad_b=   0.8061627221669289       -2.2753943048483462E-002 
  -0.1603077017783701     
 bsub=  -1.2332487172477327E-002   8.2597036679566055E-002 
    1.335484858653075     
 bsup=    0.000000000000000       -0.1296762227204905      
    1.108972182294146     
 b_abs=    1.212125750088207     
 g=  -8.6130029051364413E-003
 j=    0.000000000000000        -470.6794876703622      
    413.1614567610820     
 v_perp_2=    44583001.85486638     
 b_n=  -9.7866379418915233E-005  -0.1358099056139570      
    1.109350663186273     
 b_para_n=    1.212125781772759     
 dxdt=  -0.8181211918462322        -789.8957316238524      
    6319.741880839994     
 dudt=    2652473.287590660     
 ---------------------
 rk4
 istep=     12000001
 grad_b=   0.8278221780218109       -4.2069151915128163E-003 
  -0.1613394900318921     
 bsub=  -3.6125521941766187E-002   8.1788389626605298E-002 
    1.441348225098863     
 bsup=    0.000000000000000       -0.2425331508294625      
    1.080901143555588     
 b_abs=    1.240374468035206     
 g=  -9.1875386956105348E-003
 j=    0.000000000000000         1478.708595442406      
   -296.3902092705841     
 v_perp_2=    45621965.75875904     
 b_n=   3.6043801429624874E-005  -0.2485336410650995      
    1.081242525576195     
 b_para_n=    1.240374450165603     
 dxdt=   0.2955003555344267        -1384.380763906514      
    5953.343477050394     
 dudt=    2570498.187430480     
 ---------------------
 rk4
 istep=     13000001
 grad_b=   0.7737652348968831        4.1033976318945231E-002 
  -0.1612387708613394     
 bsub=  -6.6008822195719422E-002   4.6229071807332961E-002 
    1.527826762833179     
 bsup=    0.000000000000000       -0.4193252871321419      
    1.032709097065062     
 b_abs=    1.248284938583726     
 g=  -1.1655301167159526E-002
 j=    0.000000000000000        -414.6226241029498      
    211.2003409507450     
 v_perp_2=    45912870.86826861     
 b_n=   2.7505365733040895E-004  -0.4239190490903982      
    1.032859993150637     
 b_para_n=    1.248284956014484     
 dxdt=    2.243015421814231        -2324.122752104806      
    5632.791945132197     
 dudt=    2706652.711246151     
 ---------------------
 rk4
 istep=     14000001
 grad_b=   0.3462998757965416        0.1688512185076272      
  -0.1413127515783684     
 bsub=  -4.9475952968991238E-002  -6.8495945574416822E-002 
    1.393190925057664     
 bsup=    0.000000000000000       -0.5057824800499680      
   0.9473111335837696     
 b_abs=    1.163888636615258     
 g=  -1.7753591071714592E-002
 j=    0.000000000000000         757.8018449803799      
   -162.6981896300034     
 v_perp_2=    42808665.87455752     
 b_n=   6.8992137315513995E-004  -0.5072367258746850      
   0.9472641209674144     
 b_para_n=    1.163888617605692     
 dxdt=    5.972507174816646        -3068.195947231899      
    5722.626859644158     
 dudt=    3464633.756916695     
 ---------------------
 rk4
 istep=     15000001
 grad_b=  -0.6992688588883791        8.9028924254536720E-002 
  -7.0818665115041923E-002
 bsub=  -1.6786131203116894E-002  -3.7672629855618804E-002 
    1.123173206150903     
 bsup=    0.000000000000000       -0.4952761671587432      
   0.9014622869609931     
 b_abs=    1.015620905785763     
 g=  -2.0292248873611189E-002
 j=    0.000000000000000        -515.8715954134175      
    425.6668537712807     
 v_perp_2=    37355230.47312551     
 b_n=   3.6041403222183884E-004  -0.4923633793462933      
   0.9015654144656141     
 b_para_n=    1.015620952767534     
 dxdt=    3.523867421945450        -3584.631391077786      
    6577.304824788863     
 dudt=    1954421.057289921     
 ---------------------
 rk4
 istep=     16000001
 grad_b=  -0.9315909648302031        4.8742310832159921E-002 
  -6.7216435556688950E-002
 bsub=  -1.2332228504206308E-002  -5.5877277530562111E-002 
    1.094544812612549     
 bsup=    0.000000000000000       -0.5777518022886924      
   0.9020480549545001     
 b_abs=    1.009902359036198     
 g=  -1.9662090803324428E-002
 j=    0.000000000000000         881.6057766408751      
   -84.42822492854731     
 v_perp_2=    37144861.30861285     
 b_n=   1.9206131398817429E-004  -0.5737997281264805      
   0.9022519625479504     
 b_para_n=    1.009902345480303     
 dxdt=    1.887556222807100        -4207.922227654240      
    6632.504978233623     
 dudt=    1616930.258333044     
 ---------------------
 rk4
 istep=     17000001
 grad_b=   -1.094386181953138        4.9203642131618791E-002 
  -9.4272371133349048E-002
 bsub=  -2.7467807384620822E-003  -7.0743802196172947E-002 
    1.134116876466377     
 bsup=    0.000000000000000       -0.6574477608066152      
   0.8900694655409520     
 b_abs=    1.027520324427139     
 g=  -1.9674844841044668E-002
 j=    0.000000000000000         794.1859167437124      
   -169.1164792206213     
 v_perp_2=    37792822.79701439     
 b_n=   1.8260366094356560E-004  -0.6528339700648930      
   0.8903576856224060     
 b_para_n=    1.027520301640912     
 dxdt=    1.766497605258991        -4677.066763793334      
    6395.145744990040     
 dudt=    2080756.437838961     
 ---------------------
 rk4
 istep=     18000001
 grad_b=   -1.199195896748189        5.8040033024504681E-002 
  -0.1211651875114529     
 bsub=   7.3011680015171651E-003  -8.3744373568154576E-002 
    1.191039971351206     
 bsup=    0.000000000000000       -0.7274148361045538      
   0.8792257362463657     
 b_abs=    1.052669410560280     
 g=  -1.9905613789998278E-002
 j=    0.000000000000000        -770.6034872089256      
   -7.125417559814565     
 v_perp_2=    38717781.21929690     
 b_n=   2.0467146733647604E-004  -0.7224616381727383      
   0.8795727550268995     
 b_para_n=    1.052669415425278     
 dxdt=    1.937012675895269        -5009.014517467433      
    6114.336611828148     
 dudt=    2598701.657119265     
 ---------------------
 rk4
 istep=     19000001
 grad_b=   -1.249618470411423        6.5218397269425493E-002 
  -0.1403905612114739     
 bsub=   1.7161182427615575E-002  -9.8073141844009698E-002 
    1.251857139656952     
 bsup=    0.000000000000000       -0.7872345676728401      
   0.8717312775994210     
 b_abs=    1.081139528808931     
 g=  -2.0216850315391881E-002
 j=    0.000000000000000        -559.8439341070301      
   -41.23981376536466     
 v_perp_2=    39764886.90253860     
 b_n=   2.1769627921216790E-004  -0.7822250484137528      
   0.8721207498808373     
 b_para_n=    1.081139529076135     
 dxdt=    2.011385695600743        -5228.933666220478      
    5845.025466277505     
 dudt=    2955082.219664419     
 ---------------------
 rk4
 istep=     20000001
 grad_b=   -1.291163179196792        5.8807759065857015E-002 
  -0.1604575639768633     
 bsub=   2.7665303799301925E-002  -0.1101010656755249      
    1.307400534134114     
 bsup=    0.000000000000000       -0.8499898418553594      
   0.8671444293416359     
 b_abs=    1.108009754417240     
 g=  -2.0558232361043469E-002
 j=    0.000000000000000         1213.513086823641      
   -409.5699685591994     
 v_perp_2=    40753145.55733359     
 b_n=   1.7614610484952331E-004  -0.8449817877228530      
   0.8675624053016194     
 b_para_n=    1.108009703002432     
 dxdt=    1.592237161978579        -5459.771528498821      
    5619.922184545134     
 dudt=    3139033.250392943     
 ---------------------
 rk4
 istep=     21000001
 grad_b=   -1.270603228172775       -2.5921894169696803E-002 
  -0.2223206041884886     
 bsub=   4.3299988954057914E-002  -9.5570417661175133E-002 
    1.362237622089295     
 bsup=    0.000000000000000       -0.9621887703630867      
   0.8748872357420880     
 b_abs=    1.132895148342914     
 g=  -2.0125403977596792E-002
 j=    0.000000000000000         1400.739090417526      
   -591.1555100155281     
 v_perp_2=    41668401.44405663     
 b_n=  -1.6291864071251103E-004  -0.9572306226371919      
   0.8752402058166147     
 b_para_n=    1.132895079925867     
 dxdt=   -1.444040425205475        -5996.469687845002      
    5495.484518607946     
 dudt=    2752524.198572385     
 ---------------------
 rk4
 istep=     22000001
 grad_b=  -9.8869263031685084E-002  -0.1609939926808316      
  -0.3044691247827377     
 bsub=   6.0006965777719967E-002   1.8701170864661248E-002 
    1.587998276463134     
 bsup=    0.000000000000000        -1.386201971644196      
   0.9898704263478021     
 b_abs=    1.243404797386295     
 g=  -1.2476217685108794E-002
 j=    0.000000000000000         98.46109332090833      
   -283.7043588012542     
 v_perp_2=    45732957.73211869     
 b_n=  -9.2463930395693015E-004   -1.385688775710514      
   0.9898993023738163     
 b_para_n=    1.243404771365256     
 dxdt=   -7.565022237853215        -7599.414688540720      
    5429.886690786126     
 dudt=    1156813.696359009     
 ---------------------
 rk4
 istep=     23000001
 grad_b=   0.4240338337291584       -7.3888239781787268E-002 
  -0.2174321909694861     
 bsub=   3.7876767857135035E-002   0.1350395297872418      
    1.877056342362581     
 bsup=    0.000000000000000        -1.531979135365344      
    1.072564271721655     
 b_abs=    1.343399518933089     
 g=  -8.2042398485070462E-003
 j=    0.000000000000000         379.0829468403206      
    291.9756837388421     
 v_perp_2=    49410760.25468165     
 b_n=  -5.0560306638707344E-004   -1.535698032417837      
    1.072842040209184     
 b_para_n=    1.343399547503858     
 dxdt=   -3.883957993794473        -7492.514726389603      
    5227.767923971175     
 dudt=    1642919.126852637     
 ---------------------
 rk4
 istep=     24000001
 grad_b=   0.4136171001594597       -7.0740861491005655E-002 
  -0.2131139389821077     
 bsub=   1.6873771219275833E-002   0.1734086357303132      
    2.028521081323473     
 bsup=    0.000000000000000        -1.459429566342918      
    1.073048924011389     
 b_abs=    1.386474793637827     
 g=  -7.4394750225852090E-003
 j=    0.000000000000000        -600.7097273092226      
    457.4515703122715     
 v_perp_2=    50995034.00214017     
 b_n=  -5.0060522202118594E-004   -1.463388768653709      
    1.073391566316537     
 b_para_n=    1.386474829823170     
 dxdt=   -3.752432018030589        -6790.651270479704      
    4973.589897084172     
 dudt=    1663840.304319880     
 ---------------------
 rk4
 istep=     25000001
 grad_b=   0.4353280011291610       -4.0251510328975899E-002 
  -0.1395718990082121     
 bsub=  -5.0924335520484702E-004   0.1876036661973849      
    2.117356745639863     
 bsup=    0.000000000000000        -1.439348186379930      
    1.073160421918638     
 b_abs=    1.414832011783687     
 g=  -7.2695036209239677E-003
 j=    0.000000000000000         1201.292651100842      
    130.9469073041499     
 v_perp_2=    52037968.30644047     
 b_n=  -2.6916924665644195E-004   -1.443549931917862      
    1.073532657448767     
 b_para_n=    1.414832032716201     
 dxdt=   -1.987028345706715        -6482.195283140350      
    4812.666947220567     
 dudt=    1193840.408162537     
 ---------------------
 rk4
 istep=     26000001
 grad_b=   0.4403295938607915        2.3849403864500997E-003 
  -1.1470128154042525E-002
 bsub=  -1.9134146422286967E-002   0.1845220186729170      
    2.140298102902273     
 bsup=    0.000000000000000        -1.450799491489825      
    1.074730727454726     
 b_abs=    1.425921221473304     
 g=  -7.5346352428466417E-003
 j=    0.000000000000000         1208.781557598850      
    41.80097636927891     
 v_perp_2=    52445777.60106407     
 b_n=   3.1110250570843173E-005   -1.454858791620880      
    1.075080979459137     
 b_para_n=    1.425921234221490     
 dxdt=   0.2283314391861806        -6448.926977371746      
    4757.769698600952     
 dudt=    203610.0825178278     
 ---------------------
 rk4
 istep=     27000001
 grad_b=   0.3677394451083333        6.8353530379806682E-002 
   0.1264727961476828     
 bsub=  -4.3713825469298986E-002   0.1581746133685532      
    2.070072713519886     
 bsup=    0.000000000000000        -1.442097980927382      
    1.071445715205862     
 b_abs=    1.410803712869309     
 g=  -8.8022915228398793E-003
 j=    0.000000000000000        -910.2553209327700      
    356.9827978648006     
 v_perp_2=    51889696.50784369     
 b_n=   4.6088476108144776E-004   -1.445006830420028      
    1.071677730439139     
 b_para_n=    1.410803737836406     
 dxdt=    3.409539833176785        -6515.415715307755      
    4826.532641576340     
 dudt=   -481471.5247259980     
 ---------------------
 rk4
 istep=     28000001
 grad_b=  -0.1198327408717267        0.1359656367572435      
   0.2180500130517607     
 bsub=  -7.4795665342220707E-002   6.1164475351259344E-002 
    1.836353287751399     
 bsup=    0.000000000000000        -1.269586293506315      
    1.023808991566972     
 b_abs=    1.342631762668821     
 g=  -1.3259030862161219E-002
 j=    0.000000000000000         1084.734824029019      
   -198.9055788729694     
 v_perp_2=    49382266.31488156     
 b_n=   6.7729941429269718E-004   -1.269002341724545      
    1.023817117886238     
 b_para_n=    1.342631748396208     
 dxdt=    5.205240782678096        -6186.651642904793      
    4992.668427093105     
 dudt=   -693364.5883658682     
 ---------------------
 rk4
 istep=     29000001
 grad_b=  -0.9880742538028828       -1.0541181037215235E-002 
   0.1814373778700795     
 bsub=  -7.2986345818558590E-002  -0.1480227391201001      
    1.559958676289873     
 bsup=    0.000000000000000        -1.192823990272976      
   0.9136457845819200     
 b_abs=    1.265713400189152     
 g=  -1.9684098954258690E-002
 j=    0.000000000000000         219.7648819988078      
   -115.9399395621212     
 v_perp_2=    46553152.03970524     
 b_n=   2.3352384531054841E-005   -1.189397018369227      
   0.9139720491158964     
 b_para_n=    1.265713388351756     
 dxdt=   0.1882497040908479        -6343.029714965947      
    4882.245637573054     
 dudt=   -2591220.754457762     
 ---------------------
 Elapsed time (seconds):     168.0979650000000     

real	2m48.110s
user	2m47.487s
sys	0m0.023s
>>> [PID 3712003] DONE  u=7500, v_perp=6000, out=gc_grid/dat352.dat
