>>> [PID 3698512] START u=7500, v_perp=4000, out=gc_grid/dat310.dat, dt=2e-09, steps=30000000
 outer boundary:   8.3000000000000462E-002
 rk4
 istep=            1
 grad_b=  -0.5028818816881391        4.9314553285562807E-003 
  -7.9822688029700661E-003
 bsub=   8.6925177741089092E-003   4.2252264760292806E-002 
    1.020727362205621     
 bsup=    0.000000000000000        0.5003051723343573      
   0.9181486530124994     
 b_abs=   0.9787596225137496     
 g=  -1.6418770566186694E-002
 j=    0.000000000000000         576.0999526065333      
    59.08850338546547     
 v_perp_2=    15999998.78187690     
 b_n=   2.6792626480313647E-005   0.5028654781505715      
   0.9180424512090676     
 b_para_n=   0.9787596312267342     
 dxdt=   0.2345044633277485         3856.127630818607      
    7034.623160457976     
 dudt=    40599.80730029310     
 ---------------------
 rk4
 istep=      1000001
 grad_b=   0.4545731604045700       -8.5983012298996644E-002 
   0.1794781976093600     
 bsub=   1.6201586250516948E-002   1.8993220025550248E-002 
    1.200002590056256     
 bsup=    0.000000000000000        0.5959011365374229      
   0.9881125004887911     
 b_abs=    1.094226819283956     
 g=  -1.2722014688699683E-002
 j=    0.000000000000000        -399.5172333518409      
    131.1954908885997     
 v_perp_2=    17887547.03664592     
 b_n=  -5.3974239168510672E-004   0.5931535864121401      
   0.9881632860298378     
 b_para_n=    1.094226831414732     
 dxdt=   -4.235220037533159         3993.725717859581      
    6658.471543704165     
 dudt=   -941988.3853512898     
 ---------------------
 rk4
 istep=      2000001
 grad_b=   0.8200710576238998       -2.3290192428215561E-002 
   0.1696614283095223     
 bsub=   3.3419752391221823E-002   5.8046499598683042E-002 
    1.341058420145937     
 bsup=    0.000000000000000        0.1571533362366357      
    1.063282863985354     
 b_abs=    1.197952756181376     
 g=  -1.0044351558917359E-002
 j=    0.000000000000000        -15.20523708291452      
   -319.9535799041244     
 v_perp_2=    19583153.78985372     
 b_n=  -2.1637786731435577E-004   0.1513907401583500      
    1.063537659435207     
 b_para_n=    1.197952727597399     
 dxdt=   -1.554516701880060         910.6342316648478      
    6443.193787271088     
 dudt=   -1205875.089052006     
 ---------------------
 rk4
 istep=      3000001
 grad_b=   0.7781015097761340        1.8396534052407640E-002 
   0.1609611098417480     
 bsub=   3.0609957811158578E-002   9.7851245280293569E-002 
    1.483888367438486     
 bsup=    0.000000000000000       -0.3936751402304631      
    1.092261544598993     
 b_abs=    1.257983988410623     
 g=  -8.7177696505310702E-003
 j=    0.000000000000000         942.6325493587162      
   -90.45006760742544     
 v_perp_2=    20564472.10623219     
 b_n=   6.2956125315477299E-005  -0.3999427314072762      
    1.092673544164902     
 b_para_n=    1.257983985903456     
 dxdt=   0.4313642161640571        -2292.762345955734      
    6244.998951006472     
 dudt=   -1095255.262155548     
 ---------------------
 rk4
 istep=      4000001
 grad_b=   0.6894956404667738        5.0589076203074818E-002 
   0.1663035592360509     
 bsub=   1.5272933711703580E-002   0.1343307817690178      
    1.626168216670502     
 bsup=    0.000000000000000       -0.6759071862844591      
    1.097055890210259     
 b_abs=    1.301484104447045     
 g=  -8.2981924409315372E-003
 j=    0.000000000000000        -68.01937710973914      
   -145.3776384016643     
 v_perp_2=    21275551.57880871     
 b_n=   3.1844286690725366E-004  -0.6818518031906148      
    1.097543947819017     
 b_para_n=    1.301484090840842     
 dxdt=    2.111461599025269        -3747.285997337401      
    6021.429757967030     
 dudt=   -931042.5773337781     
 ---------------------
 rk4
 istep=      5000001
 grad_b=   0.4893142428528335        6.8752324162889844E-002 
   0.1815292011973865     
 bsub=  -1.1735778546892109E-002   0.1479449040376358      
    1.766477344668768     
 bsup=    0.000000000000000        -1.054446708396034      
    1.083591925849783     
 b_abs=    1.325989893501586     
 g=  -7.6314033438896990E-003
 j=    0.000000000000000        -197.7554258615960      
    514.9328730611135     
 v_perp_2=    21676126.97889749     
 b_n=   5.2448631414185013E-004   -1.059251128366011      
    1.083997822240101     
 b_para_n=    1.325989940312750     
 dxdt=    3.415730041100583        -5686.482954877270      
    5814.148664947525     
 dudt=   -765632.0095844601     
 ---------------------
 rk4
 istep=      6000001
 grad_b=   0.4231955034358426        7.9306317749362254E-002 
   0.2219303461000924     
 bsub=  -4.3807155012974441E-002   0.1194304582022167      
    1.829975269708502     
 bsup=    0.000000000000000        -1.555798136851553      
    1.069642742725902     
 b_abs=    1.331006415359544     
 g=  -8.5758804314080214E-003
 j=    0.000000000000000         1038.178652738557      
    31.45389524002655     
 v_perp_2=    21758108.77054196     
 b_n=   5.8041474079682765E-004   -1.559634894356437      
    1.069907043984623     
 b_para_n=    1.331006424932654     
 dxdt=    3.766259216390174        -8330.743217654122      
    5712.152964394864     
 dudt=   -700069.6571593016     
 ---------------------
 rk4
 istep=      7000001
 grad_b=  -0.7535873533461372        0.1148096723067851      
   0.2723824594762859     
 bsub=  -6.8971553880359332E-002  -4.7474359607087409E-002 
    1.588444138418402     
 bsup=    0.000000000000000        -1.169516332662914      
   0.9388846776568367     
 b_abs=    1.243759309701691     
 g=  -1.7715005619808162E-002
 j=    0.000000000000000        -790.9540920680815      
    320.8360408742170     
 v_perp_2=    20331852.05044764     
 b_n=   5.3721004745188453E-004   -1.166275403938245      
   0.9390048927127780     
 b_para_n=    1.243759343207764     
 dxdt=    3.721588078637589        -6752.863619325316      
    5440.038575633766     
 dudt=   -798217.2049271959     
 ---------------------
 rk4
 istep=      8000001
 grad_b=  -0.6774320860235381       -5.4217039126471619E-002 
   7.0963345722788063E-002
 bsub=  -4.4587098512003848E-002  -0.2271117967317065      
    1.523234866681444     
 bsup=    0.000000000000000        -1.256499078039579      
   0.9020717408694258     
 b_abs=    1.288186013368579     
 g=  -1.8218151623237960E-002
 j=    0.000000000000000         348.3125431563815      
   -18.30770967115478     
 v_perp_2=    21058077.54463948     
 b_n=  -1.6457075623670388E-004   -1.253952019495129      
   0.9024466807490252     
 b_para_n=    1.288186007303946     
 dxdt=   -1.102061839044330        -6961.800711468783      
    5012.804927547365     
 dudt=   -838412.5654924829     
 ---------------------
 rk4
 istep=      9000001
 grad_b=  -0.5873857593439558        0.1386375530063166      
  -0.1087669520513722     
 bsub=   4.6419493170936771E-003  -0.2211399106524548      
    1.481362172737645     
 bsup=    0.000000000000000        -1.154433392998101      
   0.8926978588494152     
 b_abs=    1.255930878371580     
 g=  -1.7393940222108800E-002
 j=    0.000000000000000        -171.7617420766111      
   -211.1931361347615     
 v_perp_2=    20530777.72807393     
 b_n=   4.9720785790391311E-004   -1.152048750940281      
   0.8930522696990969     
 b_para_n=    1.255930861896468     
 dxdt=    3.412167232212499        -6594.056331137095      
    5114.125106786643     
 dudt=    1673482.165254773     
 ---------------------
 rk4
 istep=     10000001
 grad_b=   -1.005630389969210        0.1330091926557645      
  -0.1424797215834073     
 bsub=   2.0181092779755043E-002  -0.1541511221703131      
    1.379787953069957     
 bsup=    0.000000000000000       -0.9105233832877853      
   0.8743796694734081     
 b_abs=    1.160474938075983     
 g=  -1.9597318409911302E-002
 j=    0.000000000000000         290.0597387461102      
    199.3174782230183     
 v_perp_2=    18970330.77740391     
 b_n=   4.6746136806515953E-004  -0.9065169176248670      
   0.8748204519421545     
 b_para_n=    1.160474954486217     
 dxdt=    3.463743768328492        -5697.430834363021      
    5503.042520130520     
 dudt=    1730457.198151510     
 ---------------------
 rk4
 istep=     11000001
 grad_b=   -1.213020624396565        7.5358167188929126E-002 
  -0.1365034056338208     
 bsub=   1.5155122394173676E-002  -9.9835555337347268E-002 
    1.251949921588959     
 bsup=    0.000000000000000       -0.7780131156455627      
   0.8712204853877754     
 b_abs=    1.081054909977214     
 g=  -2.0284224461201750E-002
 j=    0.000000000000000        -849.3899292193342      
    132.8572827415479     
 v_perp_2=    17672027.14884412     
 b_n=   2.6315699275235424E-004  -0.7730687835343361      
   0.8716115988968748     
 b_para_n=    1.081054930847002     
 dxdt=    2.089506100778275        -5277.510971615534      
    5956.833862095094     
 dudt=    1342433.550522066     
 ---------------------
 rk4
 istep=     12000001
 grad_b=   -1.177224469109440        1.4198760666276795E-002 
  -0.1049715851428060     
 bsub=   4.0897967250744637E-003  -7.7613922704035040E-002 
    1.124125752984940     
 bsup=    0.000000000000000       -0.6820170143687654      
   0.8880024082851948     
 b_abs=    1.025043292305619     
 g=  -1.9197216921260640E-002
 j=    0.000000000000000         185.0543413497596      
   -609.0651481891966     
 v_perp_2=    16756384.43864837     
 b_n=   3.0190137561326368E-005  -0.6769057304389139      
   0.8883551415430392     
 b_para_n=    1.025043227152032     
 dxdt=   0.2525286704797323        -4913.739613850945      
    6456.423188265639     
 dudt=    820496.9029769422     
 ---------------------
 rk4
 istep=     13000001
 grad_b=  -0.9995864485212538       -2.6761049542356530E-002 
  -7.0858233863090037E-002
 bsub=   2.9131606409291601E-003  -8.6783390565913471E-002 
    1.019045938186534     
 bsup=    0.000000000000000       -0.5369267696272086      
   0.9344121683500626     
 b_abs=   0.9993813223224727     
 g=  -1.6852297536971497E-002
 j=    0.000000000000000         596.2893090386918      
    367.3504269055143     
 v_perp_2=    16336870.01586752     
 b_n=  -1.5532412881765425E-004  -0.5321934783468329      
   0.9348157372829139     
 b_para_n=   0.9993813540739312     
 dxdt=   -1.331937769489214        -3976.770760126735      
    6994.860571809339     
 dudt=    423993.3798169058     
 ---------------------
 rk4
 istep=     14000001
 grad_b=  -0.6971451935724825       -0.1083074316496270      
  -0.1236392083863194     
 bsub=   4.1982573521619389E-002  -7.4128245015884275E-002 
   0.9778224630389940     
 bsup=    0.000000000000000       -0.5696640187353317      
    1.029620673998037     
 b_abs=    1.023868660839689     
 g=  -1.1606011982025915E-002
 j=    0.000000000000000        -231.1813244028494      
   -202.4691919296115     
 v_perp_2=    16737148.30404649     
 b_n=  -7.3720120925624367E-004  -0.5653300765995225      
    1.029980861906727     
 b_para_n=    1.023868643942537     
 dxdt=   -6.173332676360248        -4109.153992530433      
    7495.568489129766     
 dudt=    523702.5471033024     
 ---------------------
 rk4
 istep=     15000001
 grad_b=   0.1606587916414736       -9.2865216950756765E-002 
  -0.1453105479512792     
 bsub=   4.6108506135917875E-002   3.4021482210385576E-002 
    1.064368845575111     
 bsup=    0.000000000000000       -0.3898275521876918      
    1.141356098067249     
 b_abs=    1.095494303095155     
 g=  -8.7957339342013188E-003
 j=    0.000000000000000        -631.5688944377932      
    182.7911167653304     
 v_perp_2=    17907993.90707545     
 b_n=  -6.8601505159390807E-004  -0.3911258630352856      
    1.141427329858120     
 b_para_n=    1.095494317070943     
 dxdt=   -5.376901323976742        -2633.368881296160      
    7680.870377662728     
 dudt=    967316.8727102210     
 ---------------------
 rk4
 istep=     16000001
 grad_b=   0.2198003510547589       -5.0706556497603479E-002 
  -0.1143646278670223     
 bsub=   3.6147539876591264E-002   2.8651344654190569E-002 
    1.018167732139672     
 bsup=    0.000000000000000        4.9617728008248041E-002 
    1.125586511254226     
 b_abs=    1.071506316028106     
 g=  -1.0866604092303365E-002
 j=    0.000000000000000        -198.8763152346421      
    280.1696660683777     
 v_perp_2=    17515844.44309795     
 b_n=  -2.9994973778252164E-004   4.8203742939171006E-002 
    1.125636974839697     
 b_para_n=    1.071506339710391     
 dxdt=   -2.402393651368708         331.2623238733086      
    7772.056162304347     
 dudt=    1001127.145043526     
 ---------------------
 rk4
 istep=     17000001
 grad_b=   3.1286352284323748E-002  -2.8877497513495082E-002 
  -8.9120025731116020E-002
 bsub=   3.8015271864145495E-002   5.3976367090275597E-003 
   0.9645776546785377     
 bsup=    0.000000000000000        0.1007152482617482      
    1.104952898182461     
 b_abs=    1.032468523139207     
 g=  -1.2613990667342166E-002
 j=    0.000000000000000         340.3182171477786      
   -2.388332637344035     
 v_perp_2=    16877677.12307896     
 b_n=  -1.5847756435359602E-004   0.1005209519031470      
    1.104960231199752     
 b_para_n=    1.032468523096367     
 dxdt=   -1.316258919242609         724.2661207272274      
    7963.732026589575     
 dudt=    802582.7125902579     
 ---------------------
 rk4
 istep=     18000001
 grad_b=  -0.2078589500634391       -7.4457793076577600E-003 
  -5.3909647537755678E-002
 bsub=   3.7720606030935799E-002  -1.6613542634629733E-002 
   0.9377219600141620     
 bsup=    0.000000000000000       -6.2028816792299046E-002 
    1.072797787181400     
 b_abs=    1.003709857751542     
 g=  -1.4229601483113320E-002
 j=    0.000000000000000        -553.2594262013785      
    46.52572977027646     
 v_perp_2=    16407543.14975300     
 b_n=  -4.2960472881719224E-005  -6.0977011639525687E-002 
    1.072818155558675     
 b_para_n=    1.003709862902273     
 dxdt=  -0.3668362203290079        -452.8331554797530      
    7987.325672034419     
 dudt=    467196.7264519809     
 ---------------------
 rk4
 istep=     19000001
 grad_b=  -0.4192577503100274        6.7261475687868423E-003 
  -2.3335744593876009E-002
 bsub=   3.3841164529135451E-002  -2.7419638347041926E-002 
   0.9513203290085523     
 bsup=    0.000000000000000       -0.2285149819473263      
    1.016451104408231     
 b_abs=   0.9866111825778670     
 g=  -1.6361071521990470E-002
 j=    0.000000000000000         804.0063418192713      
   -124.3505756993226     
 v_perp_2=    16128014.83539764     
 b_n=   2.8339741552337579E-005  -0.2265560288089852      
    1.016506543912479     
 b_para_n=   0.9866111683784391     
 dxdt=   0.2461068084594882        -1718.130792823034      
    7718.520606101155     
 dudt=    209235.3677560073     
 ---------------------
 rk4
 istep=     20000001
 grad_b=  -0.6383696762638780       -1.3066819289873986E-002 
   2.0203339343381671E-002
 bsub=   2.6484880080598010E-002  -2.0883208748903294E-002 
    1.017670802972951     
 bsup=    0.000000000000000       -0.3363155023851498      
   0.9438635956053257     
 b_abs=   0.9833944362344367     
 g=  -1.8702707999878034E-002
 j=    0.000000000000000        -240.3673361310953      
   -35.68257756692981     
 v_perp_2=    16075413.68447061     
 b_n=  -5.5818855744821318E-005  -0.3334968612610227      
   0.9439228853982926     
 b_para_n=   0.9833944330460239     
 dxdt=  -0.4862967897247796        -2538.682707816961      
    7194.201788425443     
 dudt=   -195017.8267649831     
 ---------------------
 rk4
 istep=     21000001
 grad_b=  -0.3083630489211481       -0.1740131993875861      
   0.1082068627826211     
 bsub=   2.1627841516526750E-002  -5.5950009905606786E-002 
    1.230511139375389     
 bsup=    0.000000000000000       -0.4818811591242094      
   0.9075600667997146     
 b_abs=    1.069377358552695     
 g=  -2.0549961499345307E-002
 j=    0.000000000000000        -530.9058501073632      
   -184.7389376439542     
 v_perp_2=    17480945.52128296     
 b_n=  -6.8549236675799865E-004  -0.4806234140859122      
   0.9076292889185812     
 b_para_n=    1.069377341739861     
 dxdt=   -5.501014155900684        -3324.758851258115      
    6281.312970482061     
 dudt=   -1391494.487151966     
 ---------------------
 rk4
 istep=     22000001
 grad_b=   0.6585486787697953       -6.7280162296715212E-002 
   0.1442763853010418     
 bsub=   9.2508946230042605E-002   1.1639398659155545E-002 
    1.667952975349440     
 bsup=    0.000000000000000       -0.8701040403963390      
    1.013481701196175     
 b_abs=    1.296257343931846     
 g=  -1.3297728970325908E-002
 j=    0.000000000000000         261.5566051004744      
    463.9114421587021     
 v_perp_2=    21189692.39625416     
 b_n=  -3.8106562425017443E-004  -0.8737343046130054      
    1.013528202727928     
 b_para_n=    1.296257387361838     
 dxdt=   -2.536507032129199        -4820.633475716474      
    5587.151380668423     
 dudt=   -1291104.069436442     
 ---------------------
 rk4
 istep=     23000001
 grad_b=   0.6375661507239121        9.7860408723113475E-003 
   0.1527458249775300     
 bsub=   6.2483367924529756E-002   0.1505563214655014      
    1.889235017850894     
 bsup=    0.000000000000000       -0.9034255284540350      
    1.069432036889873     
 b_abs=    1.372580386842984     
 g=  -9.9478209058981044E-003
 j=    0.000000000000000         315.7216886880113      
    43.10061106404692     
 v_perp_2=    22437307.70214380     
 b_n=  -1.7762987254694883E-005  -0.9081333205828813      
    1.069807800872283     
 b_para_n=    1.372580393194236     
 dxdt=  -0.1119079815084149        -4675.075035802413      
    5501.388697406317     
 dudt=   -920072.7250152112     
 ---------------------
 rk4
 istep=     24000001
 grad_b=   0.5325141237245544        4.9939795925628236E-002 
   0.1577937535150807     
 bsub=   1.9517402996299428E-002   0.1831499989673003      
    2.037793226902632     
 bsup=    0.000000000000000        -1.178603929326574      
    1.074206065097276     
 b_abs=    1.404764052116042     
 g=  -7.9463266611672946E-003
 j=    0.000000000000000         342.7029042769562      
   -162.9233690090747     
 v_perp_2=    22963382.60806822     
 b_n=   3.4128636692551243E-004   -1.183672001053874      
    1.074658288908244     
 b_para_n=    1.404764039523873     
 dxdt=    2.102946078740698        -5921.414595968194      
    5371.234221249057     
 dudt=   -643762.5562936695     
 ---------------------
 rk4
 istep=     25000001
 grad_b=   0.4116021379288814        4.0967323334446228E-002 
   0.1336843579614039     
 bsub=  -7.3888942183347617E-003   0.1894904822783002      
    2.139696395005012     
 bsup=    0.000000000000000        -1.525337134114352      
    1.076732582602507     
 b_abs=    1.419839141046575     
 g=  -7.1532332309244290E-003
 j=    0.000000000000000         606.7477461185663      
   -145.1720024202041     
 v_perp_2=    23209786.22667227     
 b_n=   3.1663522664557308E-004   -1.529816377973335      
    1.077130349771362     
 b_para_n=    1.419839132111742     
 dxdt=    1.931255038057882        -7550.525027360895      
    5313.042009950626     
 dudt=   -468890.4931241201     
 ---------------------
 rk4
 istep=     26000001
 grad_b=   0.3936241769393194        4.8529632128044606E-002 
   9.3792932174671842E-002
 bsub=  -3.5533662156700258E-002   0.1693818938931663      
    2.102091183020117     
 bsup=    0.000000000000000        -1.455886758203160      
    1.074619134155761     
 b_abs=    1.418970873086345     
 g=  -8.2512651431802583E-003
 j=    0.000000000000000        -493.9981538037897      
    258.4712367215561     
 v_perp_2=    23195567.15683912     
 b_n=   3.7984533308525102E-004   -1.459550719962015      
    1.074920803231484     
 b_para_n=    1.418970894106270     
 dxdt=    2.318146276200384        -7208.460337537264      
    5306.044936261625     
 dudt=   -173597.2387402581     
 ---------------------
 rk4
 istep=     27000001
 grad_b=  -8.4059000874979084E-002   9.8297795908828506E-002 
   8.2495382301011680E-002
 bsub=  -9.2542017312426450E-002   7.5101962817280418E-002 
    1.899011984369017     
 bsup=    0.000000000000000        -1.099657742140597      
    1.037326700356338     
 b_abs=    1.373933879839450     
 g=  -1.3073688541432361E-002
 j=    0.000000000000000        -1652.126482046911      
    48.15557613538409     
 v_perp_2=    22459334.39483354     
 b_n=   5.3982516720259169E-004   -1.099203212054966      
    1.037335030059061     
 b_para_n=    1.373933878235966     
 dxdt=    3.397722568756086        -5644.761635661806      
    5327.555267635122     
 dudt=    133964.4586839157     
 ---------------------
 rk4
 istep=     28000001
 grad_b=   1.1918466993093735E-002   0.1704224066035186      
  -8.3472756585762239E-002
 bsub=  -5.8351649224042790E-002  -0.1898783127183832      
    1.485756497165898     
 bsup=    0.000000000000000        -1.098043175243518      
   0.9217178941572894     
 b_abs=    1.256106992391193     
 g=  -1.8828821635881288E-002
 j=    0.000000000000000         444.1358956394411      
   -66.95656653168007     
 v_perp_2=    20533229.55788671     
 b_n=   6.0108639187652041E-004   -1.098075650911345      
   0.9217373415718443     
 b_para_n=    1.256106981377200     
 dxdt=    4.124487891439588        -6286.716595059628      
    5277.133371691831     
 dudt=    1718277.418896383     
 ---------------------
 rk4
 istep=     29000001
 grad_b=  -0.9033259814060679        0.1355510556041449      
  -0.1141462696420027     
 bsub=  -5.3117254755347815E-004  -0.1034893094577655      
    1.244876609415801     
 bsup=    0.000000000000000       -0.7302473870126278      
   0.8785865762766313     
 b_abs=    1.081229484586010     
 g=  -2.0353960190178058E-002
 j=    0.000000000000000        -328.6690125306711      
    15.30467017745061     
 v_perp_2=    17674534.33890222     
 b_n=   5.0970672798443268E-004  -0.7265947949119863      
   0.8788904455437883     
 b_para_n=    1.081229488994470     
 dxdt=    4.046507797404480        -4960.431513792540      
    6005.371790596387     
 dudt=    1506371.801795944     
 ---------------------
 Elapsed time (seconds):     154.7464990000000     

real	2m34.761s
user	2m34.350s
sys	0m0.025s
>>> [PID 3698512] DONE  u=7500, v_perp=4000, out=gc_grid/dat310.dat
