>>> [PID 3697613] START u=6500, v_perp=4000, out=gc_grid/dat308.dat, dt=2e-09, steps=30000000
 outer boundary:   8.3000000000000462E-002
 rk4
 istep=            1
 grad_b=  -0.5028819884012505        4.9315569572841861E-003 
  -7.9824843172291021E-003
 bsub=   8.6924898642108221E-003   4.2252280471586350E-002 
    1.020727300940876     
 bsup=    0.000000000000000        0.5003071651147428      
   0.9181486343801033     
 b_abs=   0.9787596324482540     
 g=  -1.6418760472355326E-002
 j=    0.000000000000000         576.0999500013354      
    59.09000144831189     
 v_perp_2=    15999998.94427845     
 b_n=   2.3220777209971018E-005   0.5025260984754765      
   0.9180565927055114     
 b_para_n=   0.9787596399996441     
 dxdt=   0.1834101695265416         3340.095443523902      
    6096.751842703413     
 dudt=    40600.95104819058     
 ---------------------
 rk4
 istep=      1000001
 grad_b=  -0.6267120066265364        2.3701568746467887E-002 
  -2.7818239083795687E-002
 bsub=  -2.4722434321439599E-002  -1.1590580342095050E-002 
    1.036805723844519     
 bsup=    0.000000000000000       -0.3083433385704980      
   0.9319328622981008     
 b_abs=   0.9846470968668826     
 g=  -1.9036119059860693E-002
 j=    0.000000000000000         237.3783733820300      
   -63.17901522115631     
 v_perp_2=    16096228.46549606     
 b_n=   8.9251081665995015E-005  -0.3059494519947623      
   0.9319617463226154     
 b_para_n=   0.9846470908578808     
 dxdt=   0.7008655759768267        -2014.364405834494      
    6145.231858341801     
 dudt=    275868.4526081278     
 ---------------------
 rk4
 istep=      2000001
 grad_b=  -0.6737893065372774        0.1630489896637571      
  -0.1238608152932827     
 bsub=   6.0498594952799242E-003  -0.2005138708729737      
    1.439258683988922     
 bsup=    0.000000000000000        -1.048811642036653      
   0.8846231769375941     
 b_abs=    1.217812282814833     
 g=  -1.8219686649569831E-002
 j=    0.000000000000000         209.0733023720671      
   -86.25799026912887     
 v_perp_2=    19907813.90234923     
 b_n=   5.0304730360738235E-004   -1.046488567619615      
   0.8849446995259364     
 b_para_n=    1.217812273699463     
 dxdt=    3.221827266218261        -5317.925190119465      
    4500.027660576672     
 dudt=    1883160.100739837     
 ---------------------
 rk4
 istep=      3000001
 grad_b=   -1.216586401297469       -8.2923812593650295E-002 
   0.1469070211321165     
 bsub=  -2.1783777657509298E-002  -0.1137583538499844      
    1.298590002824054     
 bsup=    0.000000000000000       -0.8217174672550234      
   0.8675058072940215     
 b_abs=    1.104675191940584     
 g=  -2.0494263453217972E-002
 j=    0.000000000000000         155.1143717160247      
    75.77325832808256     
 v_perp_2=    18058326.79656948     
 b_n=  -2.4125222248870190E-004  -0.8175362901884822      
   0.8678680421233178     
 b_para_n=    1.104675197455805     
 dxdt=   -1.695576956176534        -4686.420033158867      
    4981.129769024937     
 dudt=   -1447130.603344921     
 ---------------------
 rk4
 istep=      4000001
 grad_b=  -0.4379700165721365       -3.0843652825191395E-003 
  -2.6507979415859723E-002
 bsub=   3.2659075568908576E-002  -4.4965925498730221E-002 
   0.9238286956111282     
 bsup=    0.000000000000000       -0.2698009481439697      
    1.044231203116530     
 b_abs=   0.9882798768205437     
 g=  -1.5268345055679814E-002
 j=    0.000000000000000         775.0810609942841      
   -145.9111642344004     
 v_perp_2=    16155577.29843583     
 b_n=  -1.8394442069542783E-005  -0.2679632328711240      
    1.044321285479479     
 b_para_n=   0.9882798620052466     
 dxdt=  -0.1439321002892925        -1756.853849552580      
    6856.044893646284     
 dudt=    222049.3194295264     
 ---------------------
 rk4
 istep=      5000001
 grad_b=   0.7254047306904489       -1.1305894650893846E-002 
  -0.1541739255990159     
 bsub=  -4.3119417765226965E-003   6.5787438169849277E-002 
    1.214086143057496     
 bsup=    0.000000000000000        0.2504863704678579      
    1.098192647680696     
 b_abs=    1.161882663695383     
 g=  -9.5158582551122528E-003
 j=    0.000000000000000        -674.5654208608105      
   -31.85694173587629     
 v_perp_2=    18993475.15202346     
 b_n=  -1.8285299689360400E-005   0.2459959562823269      
    1.098435899046472     
 b_para_n=    1.161882658627770     
 dxdt=  -0.1224581530639247         1320.686035085797      
    5923.680684716370     
 dudt=    1210999.893113724     
 ---------------------
 rk4
 istep=      6000001
 grad_b=   0.5964746225511977       -5.0625644558907161E-003 
  -0.1377342501085863     
 bsub=  -6.1161080181049605E-002   0.1569396716841504      
    1.921187053051424     
 bsup=    0.000000000000000       -0.9271508728740571      
    1.070548435149648     
 b_abs=    1.382374701143423     
 g=  -9.9137667517989157E-003
 j=    0.000000000000000         242.4226934583632      
   -48.63774345188668     
 v_perp_2=    22597873.52531388     
 b_n=   3.9203487514726468E-005  -0.9309015057580247      
    1.070856066660338     
 b_para_n=    1.382374698867909     
 dxdt=   0.2229983924866797        -4026.010191826525      
    4625.807785564432     
 dudt=    844082.9291488542     
 ---------------------
 rk4
 istep=      7000001
 grad_b=   0.4069068513971023        8.4557950913427299E-002 
   0.2289682429018894     
 bsub=  -4.4972889027398918E-002   0.1199444812644259      
    1.873595171175301     
 bsup=    0.000000000000000        -1.627664387852690      
    1.067258012485408     
 b_abs=    1.343417520832783     
 g=  -8.6945621179937288E-003
 j=    0.000000000000000        -26.05535733098085      
   -82.12004467534881     
 v_perp_2=    21961014.86972871     
 b_n=   5.2597568728406476E-004   -1.630767602231606      
    1.067469295497341     
 b_para_n=    1.343417513944204     
 dxdt=    3.072190351562885        -7316.754316372839      
    4786.938051933982     
 dudt=   -649399.4726378357     
 ---------------------
 rk4
 istep=      8000001
 grad_b=  -0.3244545389447012        0.1438894982289690      
   0.1813869494109461     
 bsub=  -5.5904803842042036E-002  -2.3918880271531676E-002 
    1.085429194114875     
 bsup=    0.000000000000000       -0.6114622040396250      
    1.056484900675083     
 b_abs=    1.077340479825215     
 g=  -1.0320057177664890E-002
 j=    0.000000000000000        -610.8091253880976      
    259.0404515923996     
 v_perp_2=    17611407.43082802     
 b_n=   8.9373345472438409E-004  -0.6095579116778779      
    1.056572917050223     
 b_para_n=    1.077340501182123     
 dxdt=    6.434307479242757        -3604.435191706554      
    6252.067441265731     
 dudt=   -786366.8016039362     
 ---------------------
 rk4
 istep=      9000001
 grad_b=  -0.2997962245013502       -9.0877548055398868E-002 
  -0.1054919807251992     
 bsub=   4.8841204447349990E-002  -2.1190738585521438E-002 
   0.9251251961805376     
 bsup=    0.000000000000000       -0.3174396191665046      
    1.150262791357823     
 b_abs=    1.035496088349836     
 g=  -9.1545123514770524E-003
 j=    0.000000000000000         789.2897741475472      
   -125.1863910970028     
 v_perp_2=    16927359.80037229     
 b_n=  -5.9130587213586730E-004  -0.3155747166171878      
    1.150336714257111     
 b_para_n=    1.035496077903929     
 dxdt=   -4.422621895307254        -1956.689017017306      
    7141.283438366628     
 dudt=    730100.7012812729     
 ---------------------
 rk4
 istep=     10000001
 grad_b=   0.5587505221803060       -6.9491547055365255E-002 
  -0.1615279631164949     
 bsub=   2.4290776901970079E-002   0.1217543377241742      
    1.598536105359284     
 bsup=    0.000000000000000       -0.9054708828099942      
    1.101375410057079     
 b_abs=    1.285139268698859     
 g=  -7.6420353004847900E-003
 j=    0.000000000000000         1013.741488829290      
    105.7933216045348     
 v_perp_2=    21008286.45619883     
 b_n=  -4.6241681041764103E-004  -0.9100086245618438      
    1.101728070510536     
 b_para_n=    1.285139282909339     
 dxdt=   -2.815168272988862        -4327.335143917777      
    5232.126687025187     
 dudt=    731280.9378909053     
 ---------------------
 rk4
 istep=     11000001
 grad_b=   0.4210915068120313       -2.1755265467780296E-002 
  -3.7598292896751373E-002
 bsub=   2.6219976044081529E-002   0.1799792966267073      
    2.129577814789041     
 bsup=    0.000000000000000        -1.451471342738001      
    1.076011276269089     
 b_abs=    1.425308869440055     
 g=  -7.7686099875218005E-003
 j=    0.000000000000000         399.1571785951933      
    92.55332350077826     
 v_perp_2=    23299630.76269751     
 b_n=  -1.5504080443002417E-004   -1.454989420951085      
    1.076310519184223     
 b_para_n=    1.425308879728952     
 dxdt=  -0.8574302099055136        -6039.856406402762      
    4464.725091012032     
 dudt=    50917.51895045458     
 ---------------------
 rk4
 istep=     12000001
 grad_b=   0.7466153927197371        2.7112953183868423E-002 
   0.1622304252465148     
 bsub=   2.7019095187308662E-002   0.1121647294528318      
    1.535904705250454     
 bsup=    0.000000000000000       -0.5116690739390777      
    1.096323274655615     
 b_abs=    1.275535446472339     
 g=  -8.5396609566411683E-003
 j=    0.000000000000000         328.4565448054336      
   -28.23947448414618     
 v_perp_2=    20851254.85458159     
 b_n=   1.0796302677517028E-004  -0.5169291919993169      
    1.096705513372712     
 b_para_n=    1.275535446149572     
 dxdt=   0.6619164417780845        -2485.405490201225      
    5258.576599776909     
 dudt=   -1050796.035263347     
 ---------------------
 rk4
 istep=     13000001
 grad_b=   9.4927281607730174E-002   3.0511887289160947E-002 
   9.6643701143733940E-002
 bsub=  -3.6696590658457789E-002   1.2916261979007986E-002 
   0.9784035600983247     
 bsup=    0.000000000000000        0.1259999288573160      
    1.107161810999540     
 b_abs=    1.041710625151833     
 g=  -1.2358786594413756E-002
 j=    0.000000000000000         462.8987451818579      
   -69.74716827173353     
 v_perp_2=    17028892.66469845     
 b_n=   1.4325938153150538E-004   0.1255170521953444      
    1.107173553646486     
 b_para_n=    1.041710620309054     
 dxdt=    1.065327192254208         772.9834494485567      
    6823.848726011200     
 dudt=   -869714.3417487713     
 ---------------------
 rk4
 istep=     14000001
 grad_b=   -1.024204673437054       -7.4275536216240022E-004 
  -6.7841676138661489E-002
 bsub=  -4.9609093725403565E-003  -7.4667573040099147E-002 
    1.051587177793773     
 bsup=    0.000000000000000       -0.5741933271455937      
   0.9145211020121350     
 b_abs=    1.002235075837620     
 g=  -1.8443492862133728E-002
 j=    0.000000000000000         1116.837383963865      
   -722.3305737108153     
 v_perp_2=    16383568.71608803     
 b_n=  -2.1362583373245347E-005  -0.5702566916628407      
   0.9148004525967676     
 b_para_n=    1.002235004450484     
 dxdt=  -0.1649022773541701        -3676.603521286101      
    5906.303084252855     
 dudt=    502497.9737750940     
 ---------------------
 rk4
 istep=     15000001
 grad_b=  -0.8373021415081385        0.1037698885941919      
  -0.1177367591089797     
 bsub=   4.0006465403572403E-002  -0.2137226315735414      
    1.501741314743864     
 bsup=    0.000000000000000        -1.190011134589102      
   0.8931256586969629     
 b_abs=    1.263215902841631     
 g=  -1.8521713534809560E-002
 j=    0.000000000000000        -8.055482470543467      
   -203.8514054654963     
 v_perp_2=    20649815.51041149     
 b_n=   2.8362162255599814E-004   -1.187292177135059      
   0.8935050426907291     
 b_para_n=    1.263215887463426     
 dxdt=    1.754809157147397        -5759.726034356582      
    4337.755327926743     
 dudt=    1479401.222179862     
 ---------------------
 rk4
 istep=     16000001
 grad_b=  -0.5623504528685461       -0.1802921419898974      
   0.1077609041989014     
 bsub=   1.4114201744591067E-002  -0.1064859689136361      
    1.266223666674282     
 bsup=    0.000000000000000       -0.7085080073842251      
   0.8905325694749205     
 b_abs=    1.096768683470085     
 g=  -2.0681625665112374E-002
 j=    0.000000000000000         393.8395325498038      
   -478.4208163764471     
 v_perp_2=    17928886.92531565     
 b_n=  -5.7894532245264399E-004  -0.7066025515464489      
   0.8906992275208206     
 b_para_n=    1.096768638519652     
 dxdt=   -4.097092301860263        -4088.518675931997      
    5157.038553886364     
 dudt=   -1667109.365668859     
 ---------------------
 rk4
 istep=     17000001
 grad_b=  -3.9191825697928423E-002  -7.9318114458772723E-002 
   0.1381620135019483     
 bsub=   1.4854119139763476E-003   2.7802547848350331E-002 
    1.095725555090719     
 bsup=    0.000000000000000        0.8222403486702125      
   0.9473384007126487     
 b_abs=    1.029856922229210     
 g=  -1.3735606906143505E-002
 j=    0.000000000000000        -233.0597345609425      
    293.9674845903637     
 v_perp_2=    16835066.46022358     
 b_n=  -4.1940165865133146E-004   0.8224397368483080      
   0.9473339337306954     
 b_para_n=    1.029856947406359     
 dxdt=   -3.153458235659311         5139.573343207871      
    5919.762141523036     
 dudt=   -521173.1331104543     
 ---------------------
 rk4
 istep=     18000001
 grad_b=  -0.6079885410578886        2.5475311486665188E-003 
  -8.5898275413378022E-003
 bsub=  -2.8410482313562958E-002  -2.8500813552184062E-002 
   0.9929293661713511     
 bsup=    0.000000000000000       -0.3324046136901522      
   0.9624047273408016     
 b_abs=   0.9821100344586124     
 g=  -1.8174858321611712E-002
 j=    0.000000000000000        -201.9688625932247      
   -46.59456107254823     
 v_perp_2=    16054534.44553264     
 b_n=   8.8566081361869070E-006  -0.3300634919488482      
   0.9624721762195668     
 b_para_n=   0.9821100308721310     
 dxdt=   6.9722787250487528E-002   -2180.137143204429      
    6366.001233299134     
 dudt=    75847.67808476278     
 ---------------------
 rk4
 istep=     19000001
 grad_b=  -0.8451250179880158        0.1523074183783510      
  -0.1355030837555697     
 bsub=   1.5404314469385149E-002  -0.1808298935802873      
    1.417908161147020     
 bsup=    0.000000000000000       -0.9869204384880367      
   0.8793869836346515     
 b_abs=    1.193759214065254     
 g=  -1.8816901750834437E-002
 j=    0.000000000000000         352.0733004572020      
   -14.22851457309331     
 v_perp_2=    19514345.04663448     
 b_n=   4.6487567072301756E-004  -0.9840158421082495      
   0.8797523606252162     
 b_para_n=    1.193759209251542     
 dxdt=    3.034187006595723        -5126.462434390318      
    4587.167400254093     
 dudt=    1845057.640516723     
 ---------------------
 rk4
 istep=     20000001
 grad_b=   -1.157177242853148       -0.1017534788057876      
   0.1448339809219638     
 bsub=  -2.1319960083490103E-002  -0.1247231415082986      
    1.322357349136809     
 bsup=    0.000000000000000       -0.8378403087319501      
   0.8690820288095235     
 b_abs=    1.119741804447966     
 g=  -2.0327973629274076E-002
 j=    0.000000000000000         88.83940075587836      
    279.8715517150172     
 v_perp_2=    18304371.44855958     
 b_n=  -3.0219757877252500E-004  -0.8338786838669656      
   0.8694508323695785     
 b_para_n=    1.119741828238902     
 dxdt=   -2.096526882792972        -4701.610175019119      
    4907.993269969862     
 dudt=   -1541094.835671734     
 ---------------------
 rk4
 istep=     21000001
 grad_b=  -0.4572706043198142        8.2687244033136445E-004 
  -2.1904744575330912E-002
 bsub=   3.2540716219516257E-002  -4.1566832310761734E-002 
   0.9349965454935047     
 bsup=    0.000000000000000       -0.2766797170361932      
    1.029321397709785     
 b_abs=   0.9867915840489428     
 g=  -1.5866317551638642E-002
 j=    0.000000000000000         680.7571868191974      
   -111.2013223535670     
 v_perp_2=    16131026.03837610     
 b_n=  -6.0374979753514223E-007  -0.2748039428244096      
    1.029404797164871     
 b_para_n=   0.9867915724597043     
 dxdt=  -4.7311006224884959E-003   -1804.963381006446      
    6770.276191669003     
 dudt=    188649.1800262578     
 ---------------------
 rk4
 istep=     22000001
 grad_b=   0.7216276673018854        4.7031959602369076E-003 
  -0.1556162726309048     
 bsub=  -9.3728861847361504E-003   5.8423184234494011E-002 
    1.203712126837198     
 bsup=    0.000000000000000        0.4293614482372376      
    1.080656543503215     
 b_abs=    1.151643599245994     
 g=  -9.9865913894363438E-003
 j=    0.000000000000000        -744.4791846756890      
   -125.8201623121582     
 v_perp_2=    18825836.48215401     
 b_n=   7.3164659073640898E-005   0.4250607841592336      
    1.080865837964364     
 b_para_n=    1.151643587113059     
 dxdt=   0.4941420954609313         2311.872070064480      
    5893.252102116394     
 dudt=    1179192.936030524     
 ---------------------
 rk4
 istep=     23000001
 grad_b=   0.4868943962024104        3.6811280259694330E-002 
  -9.8646893304226421E-002
 bsub=  -9.0917608356335028E-002   9.6186750104209490E-002 
    1.864074622385569     
 bsup=    0.000000000000000       -0.9965965749821895      
    1.049337004088436     
 b_abs=    1.364075448454057     
 g=  -1.1687683011061774E-002
 j=    0.000000000000000         2301.982451957743      
   -372.1414955027721     
 v_perp_2=    22298426.55516626     
 b_n=   2.2529050246491715E-004  -0.9991884437736936      
    1.049481718798236     
 b_para_n=    1.364075428446809     
 dxdt=    1.297399722318823        -4395.590317154627      
    4613.324640815548     
 dudt=    840069.7154303526     
 ---------------------
 rk4
 istep=     24000001
 grad_b=  -0.1156018048634246        0.1553544175800096      
   0.2929191896324256     
 bsub=  -6.3182238240527350E-002   2.8346980357180470E-002 
    1.679879636849681     
 bsup=    0.000000000000000        -1.382593066463742      
   0.9959009159576657     
 b_abs=    1.278392294434418     
 g=  -1.3169731437546284E-002
 j=    0.000000000000000         483.7936509130238      
   -315.8296130510212     
 v_perp_2=    20897753.74947990     
 b_n=   7.5060077416435754E-004   -1.382071125369887      
   0.9959203201454103     
 b_para_n=    1.278392269025050     
 dxdt=    4.592239782554423        -6606.611056672214      
    4761.252233894751     
 dudt=   -491832.6209078990     
 ---------------------
 rk4
 istep=     25000001
 grad_b=  -0.8873194394643322        7.4869175530714149E-002 
   9.5831188779716386E-002
 bsub=  -2.4095317179519210E-002  -9.2680930164283110E-002 
   0.9910102638209963     
 bsup=    0.000000000000000       -0.5238413555905652      
   0.9755875174246986     
 b_abs=    1.007135969075754     
 g=  -1.3821649693873842E-002
 j=    0.000000000000000        -477.2497185081157      
    16.32154705239614     
 v_perp_2=    16463541.81304288     
 b_n=   4.0074058439169944E-004  -0.5196108702314246      
   0.9759929081672237     
 b_para_n=    1.007135974136720     
 dxdt=    3.078829925864078        -3329.743516199541      
    6264.867186508179     
 dudt=   -440447.0596174634     
 ---------------------
 rk4
 istep=     26000001
 grad_b=   7.4179626459615178E-002  -6.9481376589557164E-002 
  -0.1119641652928978     
 bsub=   4.2469178359390292E-002   1.4626893405920858E-002 
   0.9863799302037481     
 bsup=    0.000000000000000       -7.5126601785403757E-002 
    1.139681670449917     
 b_abs=    1.060167094590005     
 g=  -1.0174910881560549E-002
 j=    0.000000000000000         413.4522266780046      
   -42.08307839847176     
 v_perp_2=    17330421.40765597     
 b_n=  -3.9146382691866173E-004  -7.5582559458368989E-002 
    1.139705283641631     
 b_para_n=    1.060167091936675     
 dxdt=   -2.862202255240185        -456.6330444646019      
    6876.789397279521     
 dudt=    943527.0215194087     
 ---------------------
 rk4
 istep=     27000001
 grad_b=   0.6012563313303435       -6.1379395016342896E-002 
  -0.1580551678814684     
 bsub=   6.4478617913605284E-003   0.1315149935021031      
    1.607938471426176     
 bsup=    0.000000000000000       -0.7680671066496116      
    1.103751906430479     
 b_abs=    1.294320730274152     
 g=  -7.7719296518879398E-003
 j=    0.000000000000000         199.2783524466539      
    25.02939748575772     
 v_perp_2=    21158085.48460039     
 b_n=  -3.8124447907459763E-004  -0.7728030760711465      
    1.104140797747714     
 b_para_n=    1.294320733450164     
 dxdt=   -2.305557681782446        -3642.713254712136      
    5195.959998006098     
 dudt=    803944.6585363629     
 ---------------------
 rk4
 istep=     28000001
 grad_b=   0.4274353600373757       -1.0645929448575836E-002 
   1.2969151922534623E-003
 bsub=   1.0553206019107643E-002   0.1906054775691160      
    2.164712658008250     
 bsup=    0.000000000000000        -1.527430985260026      
    1.077263668549112     
 b_abs=    1.428905936104575     
 g=  -7.1738737176630643E-003
 j=    0.000000000000000         1403.738613825238      
    40.97530246248233     
 v_perp_2=    23358110.49822483     
 b_n=  -9.8268697749101026E-005   -1.531334478628724      
    1.077607863713293     
 b_para_n=    1.428905949654234     
 dxdt=  -0.5422060375233433        -6335.765042074691      
    4455.185385045912     
 dudt=   -101005.0137510733     
 ---------------------
 rk4
 istep=     29000001
 grad_b=   0.7303824690448011        4.0906800802687909E-002 
   0.1600785339307283     
 bsub=   1.5333381072497088E-002   0.1206104600621731      
    1.542823143872144     
 bsup=    0.000000000000000       -0.5570831537696288      
    1.105157761624896     
 b_abs=    1.280067235039672     
 g=  -8.2590596670001036E-003
 j=    0.000000000000000         375.2082512260829      
   -265.6876798850116     
 v_perp_2=    20925047.74782768     
 b_n=   2.0688152874149857E-004  -0.5623934337014365      
    1.105570822729717     
 b_para_n=    1.280067217165637     
 dxdt=    1.264163642414616        -2691.256269032978      
    5277.143526222607     
 dudt=   -984100.3693276929     
 ---------------------
 Elapsed time (seconds):     157.2336590000000     

real	2m37.247s
user	2m36.869s
sys	0m0.026s
>>> [PID 3697613] DONE  u=6500, v_perp=4000, out=gc_grid/dat308.dat
