>>> [PID 3701014] START u=2000, v_perp=5000, out=gc_grid/dat320.dat, dt=2e-09, steps=30000000
 outer boundary:   8.3000000000000462E-002
 rk4
 istep=            1
 grad_b=  -0.5028824611003166        4.9320167619907665E-003 
  -7.9834566876014340E-003
 bsub=   8.6923646040747253E-003   4.2252351033833860E-002 
    1.020727025108417     
 bsup=    0.000000000000000        0.5003161222788515      
   0.9181485511751489     
 b_abs=   0.9787596771569829     
 g=  -1.6418715059892574E-002
 j=    0.000000000000000         576.0999565226789      
    59.09677602973144     
 v_perp_2=    24999999.49240932     
 b_n=   7.1455519283168072E-006   0.5009988733134254      
   0.9181202305046130     
 b_para_n=   0.9787596794806779     
 dxdt=   6.0230108286684549E-002    1028.102125852633      
    1875.908460378152     
 dudt=    63447.04311882059     
 ---------------------
 rk4
 istep=      1000001
 grad_b=  -0.4874315414448375       -0.1095245374024666      
   8.3563395034771601E-002
 bsub=   1.8466110780289719E-002  -1.4054858003512704E-002 
    1.138188239876489     
 bsup=    0.000000000000000       -0.2969182053423285      
   0.9096068080919751     
 b_abs=    1.019428226801718     
 g=  -2.0146402926941080E-002
 j=    0.000000000000000        -106.4659005407748      
   -30.15100301325595     
 v_perp_2=    26038776.04883308     
 b_n=   1.0617827569749008E-004  -0.2973965633724728      
   0.9095991791029050     
 b_para_n=    1.019428227516185     
 dxdt=  -0.9672459510763115         505.5631534947208      
   -1535.369874754575     
 dudt=   -1359646.059542944     
 ---------------------
 rk4
 istep=      2000001
 grad_b=   0.1837416795124785        0.1846775926109170      
  -0.1343674119095647     
 bsub=  -3.8890022047633234E-002  -6.9852472148898795E-002 
    1.341362060217784     
 bsup=    0.000000000000000       -0.4868424734057629      
   0.9333939098653022     
 b_abs=    1.134257839728946     
 g=  -1.8850608719064892E-002
 j=    0.000000000000000         690.0375352916169      
    248.8761079242001     
 v_perp_2=    28971814.21007922     
 b_n=  -1.7260281524506334E-005  -0.4868250040888026      
   0.9333943187530038     
 b_para_n=    1.134257839238936     
 dxdt=    1.315560587824747         70.72799302330772      
   -138.1867335713864     
 dudt=    2424486.752136915     
 ---------------------
 rk4
 istep=      3000001
 grad_b=  -0.4970358556772557       -6.8963952488295066E-002 
   5.7322938322775685E-002
 bsub=   1.7540128711300097E-002   9.1027046072398241E-003 
    1.088680611473188     
 bsup=    0.000000000000000       -0.1303156658778306      
   0.9127880552013179     
 b_abs=   0.9962159833730019     
 g=  -1.9634236453029842E-002
 j=    0.000000000000000         899.9789147408999      
    281.3764263310368     
 v_perp_2=    25445875.51594887     
 b_n=  -7.6519511351546329E-005  -0.1297669420008339      
   0.9127847072179696     
 b_para_n=   0.9962159912274496     
 dxdt=  -0.6631752455612698        -241.8537926035846      
    1727.330532634673     
 dudt=   -785990.1542224406     
 ---------------------
 rk4
 istep=      4000001
 grad_b=  -0.4763899289915795       -1.0510383390699207E-002 
   1.5792671223440968E-002
 bsub=   1.3922659233032451E-002   3.5699357581246982E-002 
    1.032622769212656     
 bsup=    0.000000000000000        0.2293039732294799      
   0.9237270190648236     
 b_abs=   0.9806863154406484     
 g=  -1.7641840437920893E-002
 j=    0.000000000000000        -761.8268534312565      
    211.1197708372048     
 v_perp_2=    25049207.34213907     
 b_n=   1.3992273902339677E-005   0.2287008332169060      
   0.9237476769640905     
 b_para_n=   0.9806863102563487     
 dxdt=  -0.1182638337591501        -459.6565626123890      
   -1872.389347956944     
 dudt=   -158592.0234773700     
 ---------------------
 rk4
 istep=      5000001
 grad_b=   0.1509708958315391        0.1797340745111026      
  -0.1392071894590752     
 bsub=  -3.2676118781504213E-002  -5.1411380499687249E-002 
    1.304125127176475     
 bsup=    0.000000000000000       -0.3680978041335996      
   0.9324042746518691     
 b_abs=    1.111467879998724     
 g=  -1.8801712305331175E-002
 j=    0.000000000000000         514.2966942803082      
    76.82819732953871     
 v_perp_2=    28389698.49528226     
 b_n=   7.9957656988798156E-005  -0.3681654759618417      
   0.9324036108239098     
 b_para_n=    1.111467880611870     
 dxdt=    1.363339002733730        -259.8790140956744      
    655.3481093750542     
 dudt=    2251635.332278726     
 ---------------------
 Particle has exited the domain at step       5269689  s =  
   8.3000000340595584E-002
 Elapsed time (seconds):     27.07629400000000     

real	0m27.088s
user	0m27.006s
sys	0m0.015s
>>> [PID 3701014] DONE  u=2000, v_perp=5000, out=gc_grid/dat320.dat
