>>> [PID 3704290] START u=7500, v_perp=5000, out=gc_grid/dat331.dat, dt=2e-09, steps=30000000
 outer boundary:   8.3000000000000462E-002
 rk4
 istep=            1
 grad_b=  -0.5028818805369044        4.9314557099418566E-003 
  -7.9822691960423631E-003
 bsub=   8.6925178254871165E-003   4.2252264739507620E-002 
    1.020727362183086     
 bsup=    0.000000000000000        0.5003051707343706      
   0.9181486531110324     
 b_abs=   0.9787596225137479     
 g=  -1.6418770567717088E-002
 j=    0.000000000000000         576.0999557383104      
    59.08850847923451     
 v_perp_2=    24999998.09668262     
 b_n=   2.6792628664421221E-005   0.5028654765600028      
   0.9180424513072413     
 b_para_n=   0.9787596312267332     
 dxdt=   0.2509289215646172         3857.697127183480      
    7034.558096495201     
 dudt=    63437.20123932722     
 ---------------------
 rk4
 istep=      1000001
 grad_b=   0.3362108477665345       -7.6804074423832233E-002 
   0.1707899010558002     
 bsub=   9.3936827595334539E-003   2.3939342350971476E-002 
    1.154226679255813     
 bsup=    0.000000000000000        0.7867058091505224      
   0.9871165812228908     
 b_abs=    1.076355384719262     
 g=  -1.2321866049451406E-002
 j=    0.000000000000000        -116.3940964401456      
    277.0434484794239     
 v_perp_2=    27492811.86885989     
 b_n=  -4.9829225154692674E-004   0.7846293057626619      
   0.9871637290769348     
 b_para_n=    1.076355411091760     
 dxdt=   -4.262230561401608         5341.129367940945      
    6724.454583095017     
 dudt=   -1283433.291228822     
 ---------------------
 rk4
 istep=      2000001
 grad_b=   0.7075065654855404       -2.1943787578785720E-002 
   0.1581631721942852     
 bsub=   1.2405193370646534E-002   5.1232196252198485E-002 
    1.197122724743570     
 bsup=    0.000000000000000        0.5437223919781696      
    1.065457541959261     
 b_abs=    1.141909410587932     
 g=  -1.0361517380037542E-002
 j=    0.000000000000000        -512.9625714313349      
   -18.74187749521491     
 v_perp_2=    29167194.35083723     
 b_n=  -1.9207350981068443E-004   0.5390004267835193      
    1.065661610684985     
 b_para_n=    1.141909407043338     
 dxdt=   -1.553801347119586         3398.114485720010      
    6735.318576307718     
 dudt=   -1751258.477730106     
 ---------------------
 rk4
 istep=      3000001
 grad_b=   0.7445129771370030        1.0051494310692508E-002 
   0.1551172762254271     
 bsub=   6.4075175061592861E-003   6.5803069359057650E-002 
    1.225476433635464     
 bsup=    0.000000000000000        0.2363973172723334      
    1.096948390442020     
 b_abs=    1.166142954038970     
 g=  -9.4572190882857565E-003
 j=    0.000000000000000        -1033.854111902511      
    50.27975241380278     
 v_perp_2=    29786146.67002702     
 b_n=   1.2316922561607931E-005   0.2310787919115846      
    1.097233908664949     
 b_para_n=    1.166142953594143     
 dxdt=   9.7697928216519667E-002    1412.073036730034      
    6750.427552520446     
 dudt=   -1889509.533902218     
 ---------------------
 rk4
 istep=      4000001
 grad_b=   0.7499838932018276        2.8565551084053446E-002 
   0.1558349782952239     
 bsub=   1.8377881873881535E-004   7.5947274134381570E-002 
    1.257201806375691     
 bsup=    0.000000000000000       -3.5213728797928168E-002 
    1.117148682361629     
 b_abs=    1.184058607844410     
 g=  -8.7922934322305774E-003
 j=    0.000000000000000        -706.4977881403681      
    253.8544389988140     
 v_perp_2=    30243722.93628377     
 b_n=   1.4593841258397227E-004  -4.0928615924341806E-002 
    1.117493912800057     
 b_para_n=    1.184058625623902     
 dxdt=    1.141223541649278        -257.0878331987795      
    6740.987869779354     
 dudt=   -1866884.150601598     
 ---------------------
 rk4
 istep=      5000001
 grad_b=   0.7023300540204565        5.5417950472954447E-002 
   0.1613851904532440     
 bsub=  -1.0192043780545224E-002   8.4486263583433571E-002 
    1.285012188649499     
 bsup=    0.000000000000000       -0.2817343435896905      
    1.131563830998949     
 b_abs=    1.196111023524220     
 g=  -8.2779517334894241E-003
 j=    0.000000000000000        -565.3998508983610      
    4.045585080000023     
 v_perp_2=    30551537.03659404     
 b_n=   3.6214611965676370E-004  -0.2874211784343783      
    1.131940595600535     
 b_para_n=    1.196111020738976     
 dxdt=    2.805363360352219        -1721.178977009147      
    6738.963327122829     
 dudt=   -1783148.641647200     
 ---------------------
 rk4
 istep=      6000001
 grad_b=   0.5255033042225152        8.3560889424180995E-002 
   0.1749396711706592     
 bsub=  -3.2968882333258905E-002   7.9744052555067002E-002 
    1.290251969564471     
 bsup=    0.000000000000000       -0.5244848356045897      
    1.129791354448653     
 b_abs=    1.190122838330022     
 g=  -7.9112792921961356E-003
 j=    0.000000000000000         351.7788792152039      
    397.3537033952113     
 v_perp_2=    30398551.62591437     
 b_n=   6.2491044992009771E-004  -0.5290372706280710      
    1.130088718700299     
 b_para_n=    1.190122874120030     
 dxdt=    4.863531689308519        -3178.057294030974      
    6771.837885626460     
 dudt=   -1650624.767515711     
 ---------------------
 rk4
 istep=      7000001
 grad_b=  -0.3332108141426460        0.1616035596058865      
   0.2034601042695530     
 bsub=  -5.5412433363932062E-002  -2.3592310250035376E-002 
    1.162849699839114     
 bsup=    0.000000000000000       -0.6317555227737772      
    1.022450560558404     
 b_abs=    1.097849562918605     
 g=  -1.1193564354198857E-002
 j=    0.000000000000000         1366.884509059341      
   -59.12492389478666     
 v_perp_2=    28041648.83742232     
 b_n=   1.0900858863442141E-003  -0.6296275049233809      
    1.022545672030354     
 b_para_n=    1.097849554882645     
 dxdt=    9.151360324721319        -4179.687640278977      
    6794.232904698145     
 dudt=   -1232317.236011945     
 ---------------------
 rk4
 istep=      8000001
 grad_b=   -1.083265101091505        4.9930035551055435E-002 
   0.1160704356702209     
 bsub=  -1.4855530417804753E-002  -8.6480003969071850E-002 
    1.075206877083472     
 bsup=    0.000000000000000       -0.6264604360492366      
   0.9130343251589786     
 b_abs=    1.017677620944312     
 g=  -1.6800215586234776E-002
 j=    0.000000000000000        -824.8536284229035      
    839.3808042487051     
 v_perp_2=    25993846.85037616     
 b_n=   2.8480453308835129E-004  -0.6212625327714157      
   0.9134564198662720     
 b_para_n=    1.017677712833491     
 dxdt=    2.569617340093495        -4528.972679249471      
    6672.907169931744     
 dudt=   -937396.5445294838     
 ---------------------
 rk4
 istep=      9000001
 grad_b=   -1.165508965075220       -3.6149367637487405E-003 
   0.1022192729563918     
 bsub=  -4.2224153531011475E-003  -7.8057061729088689E-002 
    1.110947445402331     
 bsup=    0.000000000000000       -0.6697934055757838      
   0.8921785088610089     
 b_abs=    1.021255651847473     
 g=  -1.8890666668802656E-002
 j=    0.000000000000000         208.8397396398018      
   -594.6725084406164     
 v_perp_2=    26085211.26684332     
 b_n=   1.5628874884247981E-005  -0.6646886234868230      
   0.8925371806961574     
 b_para_n=    1.021255588471337     
 dxdt=   0.1405379573929649        -4825.312967169226      
    6491.784841638711     
 dudt=   -1170736.944053216     
 ---------------------
 rk4
 istep=     10000001
 grad_b=   -1.199792698829731       -3.6223099448564604E-002 
   0.1133037546854749     
 bsub=  -5.2946122284543290E-003  -7.8743909053050828E-002 
    1.156440297193914     
 bsup=    0.000000000000000       -0.7063447028822805      
   0.8827993493556694     
 b_abs=    1.037445580419690     
 g=  -1.9621180914421370E-002
 j=    0.000000000000000        -219.9910242941904      
   -362.9785448481556     
 v_perp_2=    26498710.48303145     
 b_n=  -1.2084500636712323E-004  -0.7012610292916737      
   0.8831449190922402     
 b_para_n=    1.037445544047118     
 dxdt=   -1.070481355275434        -4992.855846408306      
    6299.483844882986     
 dudt=   -1546283.846381766     
 ---------------------
 rk4
 istep=     11000001
 grad_b=   -1.183919283886933       -6.7076248956765949E-002 
   0.1233244613430765     
 bsub=  -7.9878484088083193E-003  -8.7125244420238682E-002 
    1.204122547282088     
 bsup=    0.000000000000000       -0.7338417181571701      
   0.8769628219398526     
 b_abs=    1.058283350764051     
 g=  -2.0049070123601628E-002
 j=    0.000000000000000        -965.7252459933238      
    109.7281144998871     
 v_perp_2=    27030924.44013924     
 b_n=  -2.4022444225152648E-004  -0.7289545302596683      
   0.8773148611458914     
 b_para_n=    1.058283369456446     
 dxdt=   -2.088089743906164        -5063.468300742675      
    6104.822010217444     
 dudt=   -1899152.888976977     
 ---------------------
 rk4
 istep=     12000001
 grad_b=   -1.099598241869854       -0.1020742102244618      
   0.1273633179532615     
 bsub=  -9.4300843733741251E-003  -0.1037170942582942      
    1.255061642428871     
 bsup=    0.000000000000000       -0.7610203352856837      
   0.8739415573381266     
 b_abs=    1.084301669251144     
 g=  -2.0221835674893170E-002
 j=    0.000000000000000        -1176.452197992097      
    407.1686151971822     
 v_perp_2=    27695459.39707065     
 b_n=  -3.6999216638373142E-004  -0.7565803196732225      
   0.8743057407475521     
 b_para_n=    1.084301721051801     
 dxdt=   -3.142813051639937        -5098.512771697475      
    5901.441423760134     
 dudt=   -2225937.655416262     
 ---------------------
 rk4
 istep=     13000001
 grad_b=  -0.8580270865585959       -0.1535182084062632      
   0.1224828586596005     
 bsub=  -4.3299107872787276E-003  -0.1360975468136023      
    1.316747424070252     
 bsup=    0.000000000000000       -0.8193745452451533      
   0.8764456704160255     
 b_abs=    1.124839178420433     
 g=  -1.9922714764241276E-002
 j=    0.000000000000000        -497.7994550898506      
    16.66206591456100     
 v_perp_2=    28730844.38559522     
 b_n=  -5.5784235718007601E-004  -0.8159781355307639      
   0.8767948909351351     
 b_para_n=    1.124839185173850     
 dxdt=   -4.577073890900460        -5251.123239906357      
    5649.548635114230     
 dudt=   -2646977.987314489     
 ---------------------
 rk4
 istep=     14000001
 grad_b=  -0.1141774336439675       -0.1824825141710515      
   9.0949986799689436E-002
 bsub=   4.3673261276861206E-002  -0.1982450813383336      
    1.453178464995532     
 bsup=    0.000000000000000        -1.075340144323350      
   0.9090147091365566     
 b_abs=    1.238683429277383     
 g=  -1.9048809006049539E-002
 j=    0.000000000000000         459.4987870384111      
    143.3141759895191     
 v_perp_2=    31638637.88588060     
 b_n=  -6.2310013716072345E-004   -1.074911786248888      
   0.9090918789115727     
 b_para_n=    1.238683436348436     
 dxdt=   -4.672917493134129        -6111.500979565661      
    5169.514726038437     
 dudt=   -2875565.884865268     
 ---------------------
 rk4
 istep=     15000001
 grad_b=  -0.1774844835582720       -8.3047839507415691E-002 
  -5.3422705191087876E-002
 bsub=   0.1037628984155844        2.3001218122909516E-002 
    1.835941878463275     
 bsup=    0.000000000000000        -1.120487226494029      
    1.018114102448602     
 b_abs=    1.357552439824213     
 g=  -1.4091831935417487E-002
 j=    0.000000000000000        -1403.212953348760      
    908.6026279968080     
 v_perp_2=    34674773.88008077     
 b_n=  -4.1578255255330098E-004   -1.119606755340508      
    1.018126629536864     
 b_para_n=    1.357552519461832     
 dxdt=   -2.868261049240268        -5626.770344887508      
    5118.286854487041     
 dudt=   -363724.8151248902     
 ---------------------
 rk4
 istep=     16000001
 grad_b=   0.3899802807520245       -4.5232969803763540E-002 
  -2.0618921860557637E-003
 bsub=   5.6880039175614100E-002   0.1634044064975555      
    2.033034037145721     
 bsup=    0.000000000000000        -1.133798317432062      
    1.071088914397299     
 b_abs=    1.411473090890214     
 g=  -9.7728506242124088E-003
 j=    0.000000000000000        -261.7194169041883      
    279.6398832351877     
 v_perp_2=    36051985.47729024     
 b_n=  -3.3097508242805755E-004   -1.136662783288865      
    1.071328421031755     
 b_para_n=    1.411473114214110     
 dxdt=   -2.205184788400960        -5419.447071099261      
    5103.268427955527     
 dudt=   -444046.3041928759     
 ---------------------
 rk4
 istep=     17000001
 grad_b=   0.4624062263719982        1.3347241995067351E-002 
   5.3902880832857977E-002
 bsub=   1.9309419157129852E-002   0.1852167859422261      
    2.123918572376233     
 bsup=    0.000000000000000        -1.382318485695506      
    1.074629427859925     
 b_abs=    1.423947188115566     
 g=  -7.6259981639173174E-003
 j=    0.000000000000000         820.7002536279510      
   -203.6614184434706     
 v_perp_2=    36370561.43256035     
 b_n=   8.3237757963643269E-005   -1.386765123318680      
    1.075016432952633     
 b_para_n=    1.423947175929687     
 dxdt=   0.5502869602921860        -6532.759170505431      
    5058.343073043189     
 dudt=   -354045.9117056715     
 ---------------------
 rk4
 istep=     18000001
 grad_b=   0.4187541471871295        2.5415987868422675E-002 
   9.3894582904752166E-002
 bsub=  -2.9104689873149696E-003   0.1916726267854891      
    2.156159232066097     
 bsup=    0.000000000000000        -1.525991543579538      
    1.076968877516161     
 b_abs=    1.425250927450907     
 g=  -7.1350199753052543E-003
 j=    0.000000000000000         1053.780055202952      
   -269.3988386901902     
 v_perp_2=    36403822.32702589     
 b_n=   1.7789963876712654E-004   -1.530357166081030      
    1.077357190534770     
 b_para_n=    1.425250911030085     
 dxdt=    1.175148896901173        -7198.910040990329      
    5062.845037204122     
 dudt=   -558572.7932271849     
 ---------------------
 rk4
 istep=     19000001
 grad_b=   0.4069569787727282        4.8652333387897720E-002 
   0.1175298372823122     
 bsub=  -2.4565401697286167E-002   0.1763189152718928      
    2.127415983160173     
 bsup=    0.000000000000000        -1.575738639260152      
    1.076015445901861     
 b_abs=    1.418157580744958     
 g=  -7.5513985684239979E-003
 j=    0.000000000000000        -393.0221180725577      
    435.7152336685564     
 v_perp_2=    36222604.44004005     
 b_n=   3.8263898968029267E-004   -1.579753845888219      
    1.076352667166029     
 b_para_n=    1.418157618363847     
 dxdt=    2.538761385380343        -7482.506376578424      
    5093.581082510273     
 dudt=   -448471.4025431791     
 ---------------------
 rk4
 istep=     20000001
 grad_b=   0.2268134905961218        0.1006107236862895      
   0.1582323834520600     
 bsub=  -6.1267629746303016E-002   0.1288416591185386      
    1.986554476533447     
 bsup=    0.000000000000000        -1.332600355910879      
    1.059723728218033     
 b_abs=    1.390172335970984     
 g=  -1.0537530445533447E-002
 j=    0.000000000000000        -271.5060473171093      
    56.90768701192188     
 v_perp_2=    35507766.72612522     
 b_n=   6.2359022000907122E-004   -1.334199538787914      
    1.059846680931316     
 b_para_n=    1.390172339562733     
 dxdt=    4.211328376293292        -6494.007954157702      
    5156.471682371796     
 dudt=   -308750.7448495143     
 ---------------------
 rk4
 istep=     21000001
 grad_b=  -0.6937786779383117        5.4847848779905443E-002 
   0.1501633693416488     
 bsub=  -9.3120217928149479E-002  -7.7125110511117506E-002 
    1.692431634765171     
 bsup=    0.000000000000000        -1.200728787868710      
   0.9649139181797736     
 b_abs=    1.313732445214099     
 g=  -1.7287335403697125E-002
 j=    0.000000000000000         1207.104507068401      
   -221.5747430689957     
 v_perp_2=    33555307.99518968     
 b_n=   2.5282595070272632E-004   -1.197919272271829      
   0.9650558412293112     
 b_para_n=    1.313732420589770     
 dxdt=    1.796607089216390        -6292.123227809499      
    5073.445731411673     
 dudt=   -768332.8447106369     
 ---------------------
 rk4
 istep=     22000001
 grad_b=  -0.3251701785274561        0.1249322405547635      
  -7.0535128206661177E-002
 bsub=  -2.9524211896778597E-002  -0.2315613571781739      
    1.490063213370852     
 bsup=    0.000000000000000        -1.208953715643054      
   0.9018896239721459     
 b_abs=    1.274347251468321     
 g=  -1.7871981194647467E-002
 j=    0.000000000000000        -610.5409727364674      
   -3.902890523745782     
 v_perp_2=    32549299.85322624     
 b_n=   4.2718314950346980E-004   -1.207729724819689      
   0.9020883074768667     
 b_para_n=    1.274347259126698     
 dxdt=    3.121099042467370        -6611.537306849188      
    4940.385413464726     
 dudt=    2151157.545257220     
 ---------------------
 rk4
 istep=     23000001
 grad_b=  -0.7294457302006380        0.1599462039311001      
  -0.1282022067520015     
 bsub=   8.9070978421639142E-003  -0.1928269317934483      
    1.432998180834960     
 bsup=    0.000000000000000        -1.027383678132591      
   0.8836194404995177     
 b_abs=    1.209928146912067     
 g=  -1.8368351071946010E-002
 j=    0.000000000000000         273.8814991064571      
   -78.17273382023785     
 v_perp_2=    30903876.69923794     
 b_n=   5.6447501484454827E-004   -1.024501258439692      
   0.8840037868376992     
 b_para_n=    1.209928136409037     
 dxdt=    4.326288770321895        -6002.895244136344      
    5184.841876826756     
 dudt=    2930198.785919697     
 ---------------------
 rk4
 istep=     24000001
 grad_b=  -0.9738493600537486        0.1376029061046761      
  -0.1414257561595987     
 bsub=   1.9321486760213166E-002  -0.1597479175372751      
    1.390022400764520     
 bsup=    0.000000000000000       -0.9279275159679101      
   0.8760558217074699     
 b_abs=    1.168683550155163     
 g=  -1.9390888183295762E-002
 j=    0.000000000000000         309.8126130311687      
    142.7846366975142     
 v_perp_2=    29850377.28328412     
 b_n=   4.7768867010514952E-004  -0.9241017035305764      
   0.8764888707929248     
 b_para_n=    1.168683560435940     
 dxdt=    3.781327748757109        -5662.137298190684      
    5377.640147277954     
 dudt=    2749206.303018714     
 ---------------------
 rk4
 istep=     25000001
 grad_b=   -1.127473621098059        0.1103696301217373      
  -0.1461183514326014     
 bsub=   2.2416858252166608E-002  -0.1334973204695582      
    1.345413776708076     
 bsup=    0.000000000000000       -0.8638318592911988      
   0.8714335952684303     
 b_abs=    1.134796005366449     
 g=  -2.0098746385952812E-002
 j=    0.000000000000000         241.2977822882890      
    285.5707417938585     
 v_perp_2=    28984792.86218400     
 b_n=   3.7691389943978495E-004  -0.8594087910642506      
   0.8718662116290621     
 b_para_n=    1.134796031345152     
 dxdt=    3.067036757247358        -5467.239545844373      
    5555.179844420575     
 dudt=    2505957.602367410     
 ---------------------
 rk4
 istep=     26000001
 grad_b=   -1.237710699657717        7.7178462462133696E-002 
  -0.1485410407825282     
 bsub=   2.2536862929813842E-002  -0.1114041343902474      
    1.296820700044123     
 bsup=    0.000000000000000       -0.8242909448722232      
   0.8685595012263517     
 b_abs=    1.103869474392649     
 g=  -2.0436906335317816E-002
 j=    0.000000000000000         293.8615156849708      
   -11.24157037553089     
 v_perp_2=    28194840.05382080     
 b_n=   2.5562099408279614E-004  -0.8193897244174055      
   0.8689760979250521     
 b_para_n=    1.103869470674388     
 dxdt=    2.134901762126466        -5398.160613916225      
    5734.680702914617     
 dudt=    2228633.618316743     
 ---------------------
 rk4
 istep=     27000001
 grad_b=   -1.310403729067986        2.2592834076343112E-002 
  -0.1589834383056847     
 bsub=   2.2838737567421313E-002  -9.3001583507014263E-002 
    1.244593657206216     
 bsup=    0.000000000000000       -0.8185548424451918      
   0.8683564787842175     
 b_abs=    1.075777357827004     
 g=  -2.0082961924743046E-002
 j=    0.000000000000000         488.5232016843912      
   -683.2513536780428     
 v_perp_2=    27477285.39890021     
 b_n=   4.4008725192488392E-005  -0.8131836203048984      
   0.8687569683602983     
 b_para_n=    1.075777283206989     
 dxdt=   0.3766278693125979        -5533.675767357971      
    5922.540907817645     
 dudt=    1858432.596404029     
 ---------------------
 rk4
 istep=     28000001
 grad_b=  -0.9163947876804852       -0.1192567209785800      
  -0.2352367552437384     
 bsub=   3.9772257627575372E-002  -6.8186507656671363E-002 
    1.239390247815548     
 bsup=    0.000000000000000       -0.9199340880257730      
   0.9060418417849138     
 b_abs=    1.089122743368314     
 g=  -1.5866326343928715E-002
 j=    0.000000000000000         199.5769129987813      
    563.1321847356638     
 v_perp_2=    27818123.64942057     
 b_n=  -6.6573493837721314E-004  -0.9153572384583570      
   0.9063150548028723     
 b_para_n=    1.089122798807870     
 dxdt=   -5.631233873461167        -6135.477171148444      
    6083.263525226542     
 dudt=    1212759.060158180     
 ---------------------
 rk4
 istep=     29000001
 grad_b=   0.3854497435947490       -0.1228122828198265      
  -0.2184642508588867     
 bsub=   5.0337962374958932E-002   7.2362727151536216E-002 
    1.449685893942592     
 bsup=    0.000000000000000       -0.8560421788725125      
    1.079422949519135     
 b_abs=    1.225016620229869     
 g=  -8.9289322689485168E-003
 j=    0.000000000000000        -683.6178513929578      
    373.0285351974881     
 v_perp_2=    31289067.80142276     
 b_n=  -8.9528410686062505E-004  -0.8591866029272324      
    1.079611020015195     
 b_para_n=    1.225016650651987     
 dxdt=   -6.783342870670855        -4963.158920378722      
    6229.658927622050     
 dudt=    1362378.331278370     
 ---------------------
 Elapsed time (seconds):     164.6505940000000     

real	2m44.664s
user	2m43.975s
sys	0m0.022s
>>> [PID 3704290] DONE  u=7500, v_perp=5000, out=gc_grid/dat331.dat
