>>> [PID 3716282] START u=500, v_perp=7000, out=gc_grid/dat359.dat, dt=2e-09, steps=30000000
 outer boundary:   8.3000000000000462E-002
 rk4
 istep=            1
 grad_b=  -0.5028826136678477        4.9321716815939332E-003 
  -7.9837825148363906E-003
 bsub=   8.6923230734938968E-003   4.2252374463254444E-002 
    1.020726933068597     
 bsup=    0.000000000000000        0.5003191010858848      
   0.9181485238672602     
 b_abs=   0.9787596920611552     
 g=  -1.6418699928976141E-002
 j=    0.000000000000000         576.0999714999598      
    59.09905636651148     
 v_perp_2=    48999999.75127522     
 b_n=   1.7864474274961429E-006   0.5004897891062711      
   0.9181414436838172     
 b_para_n=   0.9787596926420952     
 dxdt=   9.0348126537589044E-002    264.2206664609451      
    468.6788855228288     
 dudt=    124361.4882766579     
 ---------------------
 rk4
 istep=      1000001
 grad_b=  -0.4704540777453405       -1.7507437063791514E-002 
   2.2249375742918187E-002
 bsub=   1.3971038651911002E-002   3.4436179576045778E-002 
    1.037808292935103     
 bsup=    0.000000000000000        0.1983192977635360      
   0.9214424363061666     
 b_abs=   0.9812740857386866     
 g=  -1.7932096923562089E-002
 j=    0.000000000000000        -871.3698122211761      
    275.7858758984230     
 v_perp_2=    49125878.74594244     
 b_n=   4.0419004302847863E-006   0.1982150176688514      
   0.9214458409130276     
 b_para_n=   0.9812740845063244     
 dxdt=  -0.2886300821951577        -63.75602539366128      
   -331.0702220838666     
 dudt=   -434410.6529292471     
 ---------------------
 rk4
 istep=      2000001
 grad_b=  -0.4821714677822306        2.2193187629086789E-002 
  -4.2974662989280717E-002
 bsub=   5.7526269344748675E-003   4.1671707672248218E-002 
    1.017652741554139     
 bsup=    0.000000000000000        0.7871436702213025      
   0.9183496918631593     
 b_abs=   0.9836001673137484     
 g=  -1.4966281278248948E-002
 j=    0.000000000000000        -53.93250690485627      
    151.8945172285534     
 v_perp_2=    49242330.20513400     
 b_n=   1.5423957746479160E-006   0.7871747028503504      
   0.9183484125690381     
 b_para_n=   0.9836001674950251     
 dxdt=   0.4409904937171542         78.95799651370685      
    81.40180427247098     
 dudt=    559790.8733608455     
 ---------------------
 rk4
 istep=      3000001
 grad_b=  -0.4700423066372741       -2.5288593277139101E-002 
   2.6663373901967768E-002
 bsub=   1.5808643152079738E-002   2.9410554471306149E-002 
    1.044988436405319     
 bsup=    0.000000000000000        0.1034007866422344      
   0.9211597714010282     
 b_abs=   0.9827045540418823     
 g=  -1.8383017869479341E-002
 j=    0.000000000000000        -741.7270127119024      
    415.4250260304808     
 v_perp_2=    49197492.79095092     
 b_n=  -3.6743389494580943E-006   0.1034671684729261      
   0.9211579599204527     
 b_para_n=   0.9827045553280064     
 dxdt=  -0.4022404900300048         31.37798793469986      
    214.5952144166076     
 dudt=   -559022.9910211592     
 ---------------------
 rk4
 istep=      4000001
 grad_b=  -0.4896109799621636        1.5719053116771409E-002 
  -2.2506606209267824E-002
 bsub=   9.2187506469650661E-003   4.1772005749094114E-002 
    1.019292312120062     
 bsup=    0.000000000000000        0.5147842768214672      
   0.9218579768163793     
 b_abs=   0.9802457891127219     
 g=  -1.6123803797108587E-002
 j=    0.000000000000000         745.5405779081545      
    164.4182408965493     
 v_perp_2=    49074398.75169405     
 b_n=  -4.7996711012511877E-006   0.5146431190039098      
   0.9218638039723294     
 b_para_n=   0.9802457879733381     
 dxdt=   0.2887584185401798        -211.5744728180549      
   -394.4382860874990     
 dudt=    323184.5261926726     
 ---------------------
 rk4
 istep=      5000001
 grad_b=  -0.4796584178538268        8.0681038061619290E-003 
  -5.5515426170986149E-003
 bsub=   1.1943443030830905E-002   3.9967124807016335E-002 
    1.022910063507087     
 bsup=    0.000000000000000        0.3533305055945763      
   0.9231896527096883     
 b_abs=   0.9787816970318034     
 g=  -1.6943487148155512E-002
 j=    0.000000000000000         363.2396732184926      
    100.9405297698984     
 v_perp_2=    49001101.37867595     
 b_n=   2.7249834135734058E-006   0.3534882488201120      
   0.9231834583237639     
 b_para_n=   0.9787816978380784     
 dxdt=   0.1381122876443556         188.0919165199950      
    470.2474489475539     
 dudt=    58166.74190936534     
 ---------------------
 rk4
 istep=      6000001
 grad_b=  -0.4702195892961259       -1.5688867217878655E-002 
   1.8339311834933120E-002
 bsub=   1.6392543775987395E-002   3.0624942960125110E-002 
    1.037333347980218     
 bsup=    0.000000000000000        0.1194890821691336      
   0.9242498863505966     
 b_abs=   0.9810533315330516     
 g=  -1.8130408800202041E-002
 j=    0.000000000000000        -1030.466352386460      
    358.5341608438290     
 v_perp_2=    49114827.03291038     
 b_n=   3.7110195819883645E-006   0.1193815063509304      
   0.9242530020254019     
 b_para_n=   0.9810533298237986     
 dxdt=  -0.2540518108950041        -37.41478014152812      
   -346.5845667430960     
 dudt=   -384651.9387111932     
 ---------------------
 rk4
 istep=      7000001
 grad_b=  -0.4676646167400288        2.6647765079004692E-002 
  -4.2789726753123425E-002
 bsub=   8.2251904983770031E-003   4.1370156688077198E-002 
    1.019735659510254     
 bsup=    0.000000000000000        0.6157352173097230      
   0.9233659132335871     
 b_abs=   0.9833658113427511     
 g=  -1.5513414266587632E-002
 j=    0.000000000000000         369.6019980218007      
    305.2343581328232     
 v_perp_2=    49230597.54151013     
 b_n=   2.8115392997055120E-006   0.6157815081584086      
   0.9233640131558544     
 b_para_n=   0.9833658119611272     
 dxdt=   0.5056476276257736         95.54338866579523      
    130.4519610248170     
 dudt=    588079.3196796102     
 ---------------------
 rk4
 istep=      8000001
 grad_b=  -0.4907266313362091       -2.8599487699796214E-002 
   2.6307160982831507E-002
 bsub=   1.8162464895558124E-002   2.2752482611676155E-002 
    1.048112036014541     
 bsup=    0.000000000000000        1.9194532463201464E-003 
   0.9218949978835400     
 b_abs=   0.9831776149764744     
 g=  -1.8723165671795806E-002
 j=    0.000000000000000        -20.36545141082161      
    383.4237178824999     
 v_perp_2=    49221175.79470270     
 b_n=  -3.0004362082604865E-006   1.9699754217482341E-003 
   0.9218939540081614     
 b_para_n=   0.9831776159033183     
 dxdt=  -0.4428983698948387         7.789106902376265      
    159.0403161272712     
 dudt=   -616068.9512999540     
 ---------------------
 rk4
 istep=      9000001
 grad_b=  -0.4642108741153664        2.2697239218634119E-002 
  -2.6996914764915211E-002
 bsub=   1.1395009499721869E-002   4.0490284227683547E-002 
    1.019698681303090     
 bsup=    0.000000000000000        0.4258122858189879      
   0.9272013551042911     
 b_abs=   0.9810765767678320     
 g=  -1.6319263074762533E-002
 j=    0.000000000000000         979.2039380720061      
    203.4750005682617     
 v_perp_2=    49115990.75770146     
 b_n=  -5.9094151285611402E-006   0.4256969457110154      
   0.9272059998875146     
 b_para_n=   0.9810765755321810     
 dxdt=   0.4062847879656825        -150.9553638695636      
   -346.2894749829427     
 dudt=    392076.5706091126     
 ---------------------
 rk4
 istep=     10000001
 grad_b=  -0.4645191977549425        3.0208629403549181E-003 
   9.9494928199916899E-004
 bsub=   1.5901299038639176E-002   3.4895811961234265E-002 
    1.025549898293739     
 bsup=    0.000000000000000        0.1962452869311532      
   0.9279540836504442     
 b_abs=   0.9789090752071627     
 g=  -1.7543971692254350E-002
 j=    0.000000000000000        -899.7723737875287      
    266.6682408437571     
 v_perp_2=    49007478.34182224     
 b_n=   9.3875505575401394E-007   0.1963912746218900      
   0.9279491032146885     
 b_para_n=   0.9789090768427047     
 dxdt=   4.8188593933843435E-002    106.2203449160894      
    466.5749391294881     
 dudt=   -38768.12014119141     
 ---------------------
 rk4
 istep=     11000001
 grad_b=  -0.4707693677132795       -9.3293607514506605E-003 
   1.0742835820438362E-002
 bsub=   1.8098263226508596E-002   2.8794245690171767E-002 
    1.031927916831951     
 bsup=    0.000000000000000        8.6489239159390663E-002 
   0.9280112629624475     
 b_abs=   0.9799684281131582     
 g=  -1.8070562796924657E-002
 j=    0.000000000000000        -1082.725544692760      
    310.3574190531070     
 v_perp_2=    49060513.10498435     
 b_n=   2.6075113370520285E-006   8.6361712798870782E-002 
   0.9280147740078386     
 b_para_n=   0.9799684263904762     
 dxdt=  -0.1511014023557506        -31.02810090269509      
   -412.4251724352348     
 dudt=   -234043.1116775141     
 ---------------------
 Particle has exited the domain at step      11923718  s =  
   8.3000000759444609E-002
 Elapsed time (seconds):     65.49856400000000     

real	1m5.512s
user	1m5.245s
sys	0m0.022s
>>> [PID 3716282] DONE  u=500, v_perp=7000, out=gc_grid/dat359.dat
