>>> [PID 3702679] START u=5000, v_perp=5000, out=gc_grid/dat326.dat, dt=2e-09, steps=30000000
 outer boundary:   8.3000000000000462E-002
 rk4
 istep=            1
 grad_b=  -0.5028821463562529        4.9317100990413920E-003 
  -7.9828083094372199E-003
 bsub=   8.6924480936248980E-003   4.2252303999894700E-002 
    1.020727209003259     
 bsup=    0.000000000000000        0.5003101513599351      
   0.9181486066122087     
 b_abs=   0.9787596473505313     
 g=  -1.6418745334388342E-002
 j=    0.000000000000000         576.0999515151419      
    59.09225790978063     
 v_perp_2=    24999998.73107704     
 b_n=   1.7862716962653830E-005   0.5020170250937636      
   0.9180778051948886     
 b_para_n=   0.9787596531594513     
 dxdt=   0.1368777083533898         2568.916963992095      
    4689.825652491913     
 dudt=    63441.67094334074     
 ---------------------
 rk4
 istep=      1000001
 grad_b=   -1.190510043890157        6.5522704316188160E-002 
   0.2329654342599227     
 bsub=  -3.9822556245503800E-002  -8.1963173308153739E-002 
    1.320518848340505     
 bsup=    0.000000000000000       -0.9608579956932297      
   0.8790224869855352     
 b_abs=    1.113275103433378     
 g=  -1.8984332564391068E-002
 j=    0.000000000000000         1091.391089758282      
   -60.12270131660510     
 v_perp_2=    28435854.02874406     
 b_n=   2.1807326860606829E-004  -0.9576311553369128      
   0.8792293428374800     
 b_para_n=    1.113275095116489     
 dxdt=    1.509381844345782        -3985.620858526751      
    3668.032501496969     
 dudt=   -1626971.973437354     
 ---------------------
 rk4
 istep=      2000001
 grad_b=   0.4113965131638680       -8.4837507488028888E-002 
  -0.2293047333400997     
 bsub=   4.5554375617386948E-002   0.1167688229828147      
    1.850797735365143     
 bsup=    0.000000000000000        -1.609187261789842      
    1.066928292584634     
 b_abs=    1.336910509488102     
 g=  -8.7338725935153516E-003
 j=    0.000000000000000         375.1285892090845      
   -97.49051292553716     
 v_perp_2=    34148050.90573111     
 b_n=  -3.4751644275933286E-004   -1.611246754674800      
    1.067066778871105     
 b_para_n=    1.336910505486858     
 dxdt=   -2.149663261098169        -4805.057150373731      
    3178.273772634899     
 dudt=    1032967.804357835     
 ---------------------
 rk4
 istep=      3000001
 grad_b=  -0.3613072519638014       -1.0146057094104433E-002 
   3.0638682646300486E-002
 bsub=  -3.4417217698617546E-002  -1.7936170090638599E-002 
   0.9557226208760103     
 bsup=    0.000000000000000       -0.1717318428318377      
    1.018199149632693     
 b_abs=   0.9882492368301998     
 g=  -1.6225446999306177E-002
 j=    0.000000000000000         633.6130159933222      
   -70.24779197755940     
 v_perp_2=    25242354.51434870     
 b_n=  -3.0047836638301805E-005  -0.1706009594421780      
    1.018219285556446     
 b_para_n=   0.9882492315723440     
 dxdt=  -0.2284113202175272        -856.0509465425945      
    5126.652520592235     
 dudt=   -425669.9191494682     
 ---------------------
 rk4
 istep=      4000001
 grad_b=  -0.4797316160524911       -6.9709681941507069E-003 
  -2.4025987618869052E-002
 bsub=   2.9989551294587045E-002  -5.5436297155991035E-002 
   0.9106465361904248     
 bsup=    0.000000000000000       -0.3035948891724882      
    1.052491638880059     
 b_abs=   0.9873217305146303     
 g=  -1.4755436804212190E-002
 j=    0.000000000000000         510.7982459664267      
   -92.34988631059235     
 v_perp_2=    25218655.76720057     
 b_n=  -2.7806773337983336E-005  -0.3020157151175663      
    1.052588679850385     
 b_para_n=   0.9873217229676178     
 dxdt=  -0.2115401367275118        -1518.715104930777      
    5307.412052253406     
 dudt=    299719.9804099561     
 ---------------------
 rk4
 istep=      5000001
 grad_b=   0.5548906679050211        5.1051778053314900E-002 
   0.1647455561789424     
 bsub=   2.2989464020491200E-002   0.1820981698054621      
    2.011436358957587     
 bsup=    0.000000000000000        -1.113774232431233      
    1.075103798811561     
 b_abs=    1.399878201976313     
 g=  -8.1410310639722077E-003
 j=    0.000000000000000         418.8529402063847      
   -75.92139269396921     
 v_perp_2=    35756356.92770480     
 b_n=   1.7988999356439504E-004   -1.116527080230727      
    1.075350960627097     
 b_para_n=    1.399878200041007     
 dxdt=    1.093720286679350        -3019.475314363580      
    2899.985268173831     
 dudt=   -1097129.905766330     
 ---------------------
 rk4
 istep=      6000001
 grad_b=   -1.092435349336974        0.1177059512377545      
  -0.1452790701812488     
 bsub=   2.2073041506234993E-002  -0.1397609693815498      
    1.354553621925688     
 bsup=    0.000000000000000       -0.8742382256290548      
   0.8710182819309570     
 b_abs=    1.141056873750879     
 g=  -2.0049193288732389E-002
 j=    0.000000000000000         251.0270015712889      
    280.9242703616454     
 v_perp_2=    29145406.39438709     
 b_n=   2.5463681176302332E-004  -0.8715358998852646      
   0.8712929681638878     
 b_para_n=    1.141056889679172     
 dxdt=    1.731216282586458        -3480.461729666908      
    3487.814957573602     
 dudt=    2568044.209220015     
 ---------------------
 rk4
 istep=      7000001
 grad_b=   0.7843359714908094       -1.2064583856665211E-002 
  -0.1598268655611207     
 bsub=  -1.3015172771322879E-002   7.2188149325630710E-002 
    1.281473888629604     
 bsup=    0.000000000000000        0.1156792016332143      
    1.098873214756000     
 b_abs=    1.189863363463648     
 g=  -9.0629571920695963E-003
 j=    0.000000000000000        -1450.028353600142      
    314.3059732315164     
 v_perp_2=    30392034.79413369     
 b_n=  -1.4162814157324441E-005   0.1120578623104112      
    1.099077080038782     
 b_para_n=    1.189863375720823     
 dxdt=  -9.3554643560841103E-002    406.5801739833715      
    4090.814054681030     
 dudt=    1900075.596038686     
 ---------------------
 rk4
 istep=      8000001
 grad_b=   0.6794527672919086        5.4841853693168102E-002 
   0.1591183987785525     
 bsub=  -1.1548699400527870E-002   8.1095409058897561E-002 
    1.259089370270441     
 bsup=    0.000000000000000       -0.2360514507613072      
    1.132147875622976     
 b_abs=    1.186212297544538     
 g=  -8.3893462874873002E-003
 j=    0.000000000000000        -326.4662514082314      
   -37.26404490122138     
 v_perp_2=    30298760.85446860     
 b_n=   2.2085994593121336E-004  -0.2394238578451480      
    1.132367108485448     
 b_para_n=    1.186212294500943     
 dxdt=    1.461901370998961        -905.5873707144395      
    4237.758927164339     
 dudt=   -1800138.806323808     
 ---------------------
 rk4
 istep=      9000001
 grad_b=  -0.8179616987122728       -0.1594294707470704      
   0.1295117027401532     
 bsub=  -9.7148415192555015E-003  -0.1690939685185602      
    1.385849390420041     
 bsup=    0.000000000000000       -0.9287233320462475      
   0.8772798535728961     
 b_abs=    1.171555191277331     
 g=  -1.9185625156785152E-002
 j=    0.000000000000000         114.9457281158673      
    10.39986830218368     
 v_perp_2=    29924372.15082988     
 b_n=  -3.5430891432039333E-004  -0.9267077639755420      
   0.8775232985667605     
 b_para_n=    1.171555191061723     
 dxdt=   -2.364947168812641        -3538.425544954855      
    3356.759733409691     
 dudt=   -2852632.129359193     
 ---------------------
 rk4
 istep=     10000001
 grad_b=   0.2184219989075532        6.5285618636233445E-002 
  -3.5935598599267829E-002
 bsub=  -0.1027727274652070        4.8193361598876258E-002 
    1.841719797270111     
 bsup=    0.000000000000000        -1.074907204008746      
    1.030786979021461     
 b_abs=    1.359012025209356     
 g=  -1.3043752349946099E-002
 j=    0.000000000000000         341.7747441869381      
    198.6072186507028     
 v_perp_2=    34712462.76543499     
 b_n=   2.0709418279565625E-004   -1.075583944354136      
    1.030816251923869     
 b_para_n=    1.359012035847750     
 dxdt=    1.272261041533687        -3096.705419887446      
    2965.792182135366     
 dudt=    1007572.810894481     
 ---------------------
 rk4
 istep=     11000001
 grad_b=  -0.7412204808814012       -1.2481550234423586E-002 
  -1.1760703815176764E-002
 bsub=   5.0830993175081151E-003  -9.7282406623052667E-002 
   0.8293834080950416     
 bsup=    0.000000000000000       -0.4222925913788362      
    1.115829496919067     
 b_abs=   0.9824966288867245     
 g=  -1.0616775123055172E-002
 j=    0.000000000000000        -539.8489876026279      
    89.33292075454835     
 v_perp_2=    25095334.42985663     
 b_n=  -5.8564246638475523E-005  -0.4191611986482107      
    1.116197162295749     
 b_para_n=   0.9824966374916925     
 dxdt=  -0.4473423518042320        -2121.058327319385      
    5670.511888468697     
 dudt=    102066.9814464985     
 ---------------------
 rk4
 istep=     12000001
 grad_b=   0.1191749194456848       -0.1843348079933494      
   0.1340206790241086     
 bsub=   3.3758644451473675E-002  -6.0252095112647841E-002 
    1.310738332593666     
 bsup=    0.000000000000000       -0.4316947448383093      
   0.9297447230939859     
 b_abs=    1.115879572006995     
 g=  -1.9095316353684035E-002
 j=    0.000000000000000         491.3900598434770      
    173.7735160100927     
 v_perp_2=    28502246.38277619     
 b_n=  -4.7642233449266458E-004  -0.4320041517765587      
   0.9297427789839895     
 b_para_n=    1.115879581707484     
 dxdt=   -3.291852591193086        -1795.863385085955      
    3863.148641421289     
 dudt=   -2336845.098365997     
 ---------------------
 rk4
 istep=     13000001
 grad_b=  -0.7461154816136305       -7.1042822729241492E-002 
   9.0145177400649978E-002
 bsub=  -4.5624018847734815E-002  -0.2219730936055569      
    1.519119409793568     
 bsup=    0.000000000000000        -1.239658484462361      
   0.8997186777418307     
 b_abs=    1.281389694659211     
 g=  -1.8444588571813428E-002
 j=    0.000000000000000         162.8137475223501      
   -57.97852522856297     
 v_perp_2=    32729760.64667969     
 b_n=  -1.2620190842269749E-004   -1.238037289479876      
   0.8999517723418982     
 b_para_n=    1.281389690526143     
 dxdt=  -0.7971284595240757        -4010.166978179282      
    2919.401092249812     
 dudt=   -1686102.533546707     
 ---------------------
 rk4
 istep=     14000001
 grad_b=   0.5958055864927218       -6.9235978140202659E-002 
  -0.1610178025725345     
 bsub=   2.1496626292564353E-002   0.1174811474632574      
    1.546528912149403     
 bsup=    0.000000000000000       -0.7913197220391561      
    1.109756081609024     
 b_abs=    1.274422202418703     
 g=  -7.6203458979831155E-003
 j=    0.000000000000000         134.7483599946390      
    119.3188328729849     
 v_perp_2=    32551781.85609765     
 b_n=  -3.1126960089551523E-004  -0.7945853057616973      
    1.110008481935622     
 b_para_n=    1.274422209193044     
 dxdt=   -1.971916201606927        -2614.354634912016      
    3638.987913181387     
 dudt=    1241649.805990918     
 ---------------------
 rk4
 istep=     15000001
 grad_b=   0.3114995862886987       -1.5780845114638856E-003 
   0.1199132446583741     
 bsub=  -1.9971205574489538E-002   4.0859793649510229E-002 
    1.050875075712766     
 bsup=    0.000000000000000        0.3448795472114610      
    1.074770370831494     
 b_abs=    1.069282333346199     
 g=  -1.2433546153698950E-002
 j=    0.000000000000000        -939.3665530123701      
   -113.0853017026690     
 v_perp_2=    27312006.65048386     
 b_n=  -2.2987200681854058E-005   0.3437236757087219      
    1.074814867444816     
 b_para_n=    1.069282324735673     
 dxdt=  -0.1640318434948593         1528.041705698911      
    4787.955923080542     
 dudt=   -1532792.360199169     
 ---------------------
 rk4
 istep=     16000001
 grad_b=   -1.083140348165936       -1.4461534915171839E-002 
   8.0899006956570541E-002
 bsub=   3.3900330607689452E-003  -7.2130641844574073E-002 
    1.086918190948684     
 bsup=    0.000000000000000       -0.6210422890847902      
   0.9003244320082944     
 b_abs=    1.011470473465858     
 g=  -1.9043181346220725E-002
 j=    0.000000000000000         1012.060309546169      
   -794.3004824883460     
 v_perp_2=    25835347.05743219     
 b_n=  -2.6087875651376071E-005  -0.6179339201445804      
   0.9005307375639086     
 b_para_n=    1.011470414320071     
 dxdt=  -0.1945638290740856        -2995.089175710301      
    4377.123840825585     
 dudt=   -1033044.134705192     
 ---------------------
 rk4
 istep=     17000001
 grad_b=   0.4136023035216987       -8.5481787059571157E-003 
  -2.4901350247797382E-002
 bsub=   1.9186576910785466E-003   0.1940424111924037      
    2.174127134887802     
 bsup=    0.000000000000000        -1.552793105323517      
    1.078899158252334     
 b_abs=    1.430821811435080     
 g=  -7.0588488907201759E-003
 j=    0.000000000000000         627.5598746527604      
   -555.5334360757299     
 v_perp_2=    36546552.75067373     
 b_n=  -3.6517647842509276E-005   -1.555180890942376      
    1.079112285229395     
 b_para_n=    1.430821785855546     
 dxdt=  -0.2207627012971953        -3995.001221135642      
    2767.033269284764     
 dudt=    121323.3689796856     
 ---------------------
 rk4
 istep=     18000001
 grad_b=   -1.010210257656921        1.0116994550616891E-002 
  -6.5372867332447210E-002
 bsub=  -7.8458493572119373E-003  -6.9233795287709995E-002 
    1.059531137877608     
 bsup=    0.000000000000000       -0.5755761874482330      
   0.9123039477277206     
 b_abs=    1.003188303193368     
 g=  -1.8805883019232830E-002
 j=    0.000000000000000         1187.191880655319      
   -859.7373339879948     
 v_perp_2=    25623774.31807556     
 b_n=   1.6902083547514022E-005  -0.5726536103694326      
   0.9124949845480433     
 b_para_n=    1.003188239142806     
 dxdt=   0.1269050244728895        -2810.776559991104      
    4491.372589465765     
 dudt=    833382.8695657538     
 ---------------------
 rk4
 istep=     19000001
 grad_b=   0.2295309890891375       -3.0879291874338008E-003 
  -0.1090144380160298     
 bsub=   2.5997767119762431E-002   3.3410205869032095E-002 
    1.025418465687314     
 bsup=    0.000000000000000        0.2718683482834551      
    1.080977120026970     
 b_abs=    1.057378635159437     
 g=  -1.2717721125823180E-002
 j=    0.000000000000000        -232.2337439546135      
   -208.2288969816829     
 v_perp_2=    27007913.90661102     
 b_n=   1.6784834143173416E-006   0.2710279925830792      
    1.081004445093890     
 b_para_n=    1.057378622683361     
 dxdt=   1.2082123858793786E-002    1226.821031263308      
    4902.217690965069     
 dudt=    1433454.487270485     
 ---------------------
 rk4
 istep=     20000001
 grad_b=   0.5814952369549120        6.4754664465553446E-002 
   0.1568788912529392     
 bsub=  -1.5524405954888004E-002   0.1266645155043778      
    1.598202191720928     
 bsup=    0.000000000000000       -0.8277634347486436      
    1.104229225858621     
 b_abs=    1.289024924199720     
 g=  -7.6408541699584161E-003
 j=    0.000000000000000         470.5949006271223      
    136.3547654267685     
 v_perp_2=    32924682.69125712     
 b_n=   2.8472574171496158E-004  -0.8309361278450942      
    1.104483448716073     
 b_para_n=    1.289024933273291     
 dxdt=    1.792724843590600        -2673.538799923181      
    3541.429880858369     
 dudt=   -1185234.112463273     
 ---------------------
 rk4
 istep=     21000001
 grad_b=  -0.7406127352360830        8.4676901649134856E-002 
  -9.3240372686338280E-002
 bsub=   3.9216218005320741E-002  -0.2239174521289194      
    1.512788910625805     
 bsup=    0.000000000000000        -1.227593579673976      
   0.8973841690664149     
 b_abs=    1.277730418119653     
 g=  -1.8163237096097636E-002
 j=    0.000000000000000         207.5030875728669      
   -140.1028072838747     
 v_perp_2=    32636182.29791509     
 b_n=   1.5762447063959019E-004   -1.225951858209232      
   0.8976230771985471     
 b_para_n=    1.277730409448857     
 dxdt=   0.9971458797209947        -3993.097334619435      
    2928.100680083292     
 dudt=    1875311.180295911     
 ---------------------
 rk4
 istep=     22000001
 grad_b=   0.4298986137037859        0.1560038863983143      
  -0.1483389754687394     
 bsub=  -5.2222893719508036E-002  -5.5988562830834435E-002 
    1.406117955095177     
 bsup=    0.000000000000000       -0.4491128339120751      
   0.9566574701813968     
 b_abs=    1.170561716688100     
 g=  -1.6945221516474915E-002
 j=    0.000000000000000         559.5088589208151      
   -319.8053451781940     
 v_perp_2=    29898835.60519226     
 b_n=   4.2634966192405134E-004  -0.4503182783898858      
   0.9566252893029809     
 b_para_n=    1.170561695997052     
 dxdt=    2.847452575250661        -1728.222423464658      
    3663.931086800883     
 dudt=    2312686.010008029     
 ---------------------
 rk4
 istep=     23000001
 grad_b=  -0.7505546036752118        4.7347181218306014E-002 
   4.8201032533524216E-002
 bsub=  -2.4335140734643435E-002  -9.2111838663461620E-002 
   0.8398808879691151     
 bsup=    0.000000000000000       -0.4795652240848450      
    1.115397041981729     
 b_abs=   0.9903395575666389     
 g=  -1.0213397772392782E-002
 j=    0.000000000000000         20.83108812190770      
   -93.87122526389663     
 v_perp_2=    25295537.68312557     
 b_n=   2.2946985738288390E-004  -0.4762990680696640      
    1.115761891918316     
 b_para_n=   0.9903395521861837     
 dxdt=    1.741286851865929        -2382.077814995188      
    5600.770838703821     
 dudt=   -400505.2522989014     
 ---------------------
 rk4
 istep=     24000001
 grad_b=   0.1026323087482925       -7.0894502615503577E-002 
   2.0431253785197140E-002
 bsub=   0.1073747327855258       -7.6863360211543164E-003 
    1.781909125731985     
 bsup=    0.000000000000000        -1.125888127853288      
    1.009918139933698     
 b_abs=    1.344621346465490     
 g=  -1.4250544396414965E-002
 j=    0.000000000000000        -1575.816570559420      
    318.4698568814968     
 v_perp_2=    34344688.45208500     
 b_n=  -2.0269998135035707E-004   -1.126178473602128      
    1.009929114445515     
 b_para_n=    1.344621363140380     
 dxdt=   -1.250727259456669        -3314.826838604810      
    2971.850193177783     
 dudt=   -954098.1279861785     
 ---------------------
 rk4
 istep=     25000001
 grad_b=  -0.7970885821809414        0.1631989251817536      
  -0.1256452788754462     
 bsub=   6.5301216385770158E-003  -0.1626632909860082      
    1.368637860673664     
 bsup=    0.000000000000000       -0.9005772181746388      
   0.8770896444098293     
 b_abs=    1.160459320587896     
 g=  -1.9385435983658286E-002
 j=    0.000000000000000        -81.67665024487962      
   -21.76299203292927     
 v_perp_2=    29640760.44453650     
 b_n=   3.6692024057458777E-004  -0.8986061155139916      
   0.8773221596555243     
 b_para_n=    1.160459319861108     
 dxdt=    2.465201533119232        -3488.399435596164      
    3411.879885665674     
 dudt=    2830281.862414368     
 ---------------------
 rk4
 istep=     26000001
 grad_b=   0.6152235878738076       -6.1716827848225929E-002 
  -0.1573531342768646     
 bsub=   1.7947130126126115E-002   7.5551047672685528E-002 
    1.221562661002364     
 bsup=    0.000000000000000       -0.2391502006507463      
    1.134464416537941     
 b_abs=    1.169925919004377     
 g=  -8.5210461847750434E-003
 j=    0.000000000000000         84.50220333627101      
   -118.1264080954915     
 v_perp_2=    29882548.74697613     
 b_n=  -2.5548533651932495E-004  -0.2421851416933982      
    1.134655869060588     
 b_para_n=    1.169925913063012     
 dxdt=   -1.706936888502099        -937.1281424156826      
    4350.575455039828     
 dudt=    1787548.515160569     
 ---------------------
 rk4
 istep=     27000001
 grad_b=   0.8128914922659263        7.8582301360376264E-003 
   0.1627614828703765     
 bsub=   2.0530323696465055E-002   7.3314009729455093E-002 
    1.322297942270493     
 bsup=    0.000000000000000        6.3917427701318141E-002 
    1.092232027512134     
 b_abs=    1.203388599271583     
 g=  -9.0757783030671630E-003
 j=    0.000000000000000        -785.7777409225230      
    137.4941406272111     
 v_perp_2=    30737244.61261808     
 b_n=  -5.3861825775272755E-006   6.0173960649792163E-002 
    1.092439669909592     
 b_para_n=    1.203388604220091     
 dxdt=  -3.5317140411208911E-002    208.5705143499586      
    3984.892639358065     
 dudt=   -1891971.302619752     
 ---------------------
 rk4
 istep=     28000001
 grad_b=   -1.065100384495916       -0.1237005169638427      
   0.1477524913600849     
 bsub=  -2.4426485303534480E-002  -0.1517746076328138      
    1.381914297603990     
 bsup=    0.000000000000000       -0.9152441943371490      
   0.8727509709877518     
 b_abs=    1.159750160508291     
 g=  -1.9824920699974519E-002
 j=    0.000000000000000         467.9292335686943      
    186.5861384076434     
 v_perp_2=    29622611.36235896     
 b_n=  -2.6303328562878329E-004  -0.9126437965685559      
   0.8730319283039332     
 b_para_n=    1.159750168751373     
 dxdt=   -1.767969859097047        -3544.955375551673      
    3398.924505956385     
 dudt=   -2666731.381892306     
 ---------------------
 rk4
 istep=     29000001
 grad_b=   0.5598997589512772       -6.4036891855779848E-002 
  -0.1864050458115307     
 bsub=  -1.8653981033203992E-002   0.1795646811230650      
    1.979307007668961     
 bsup=    0.000000000000000        -1.088577133343696      
    1.074935366516471     
 b_abs=    1.389745403381550     
 g=  -8.0602470563472979E-003
 j=    0.000000000000000         203.9846852320894      
   -6.416190644683034     
 v_perp_2=    35497188.83376957     
 b_n=  -2.3871395106294440E-004   -1.091404363547152      
    1.075189606300649     
 b_para_n=    1.389745404001824     
 dxdt=   -1.454672498922306        -3000.206614771796      
    2947.145421015309     
 dudt=    1200744.417551019     
 ---------------------
 Elapsed time (seconds):     170.8171060000000     

real	2m50.830s
user	2m50.208s
sys	0m0.028s
>>> [PID 3702679] DONE  u=5000, v_perp=5000, out=gc_grid/dat326.dat
