>>> [PID 3705803] START u=9000, v_perp=5000, out=gc_grid/dat334.dat, dt=2e-09, steps=30000000
 outer boundary:   8.3000000000000462E-002
 rk4
 istep=            1
 grad_b=  -0.5028817195038914        4.9313035841305197E-003 
  -7.9819462523974261E-003
 bsub=   8.6925597332180166E-003   4.2252241154720073E-002 
    1.020727454062228     
 bsup=    0.000000000000000        0.5003021802384139      
   0.9181486811417967     
 b_abs=   0.9787596076125161     
 g=  -1.6418785709713595E-002
 j=    0.000000000000000         576.0999619358516      
    59.08626565809781     
 v_perp_2=    24999997.71606739     
 b_n=   3.2150116019229097E-005   0.5033745437881182      
   0.9180212392093993     
 b_para_n=   0.9787596180678149     
 dxdt=   0.3412523160670031         4633.045692799945      
    8441.310924817568     
 dudt=    63434.52251898767     
 ---------------------
 rk4
 istep=      1000001
 grad_b=   0.1808152958256736       -0.1153316237978293      
  -0.2047460418204767     
 bsub=   6.3167241022125384E-002   0.1064481121200778      
    1.927891618049032     
 bsup=    0.000000000000000        -1.394171841414840      
    1.049481775456497     
 b_abs=    1.368919163050706     
 g=  -1.1043370187309113E-002
 j=    0.000000000000000         408.2990855526480      
   -257.2417169693886     
 v_perp_2=    34965606.58302659     
 b_n=  -8.5447745032566681E-004   -1.395712133841854      
    1.049594800265035     
 b_para_n=    1.368919136297476     
 dxdt=   -6.555656156352228        -8595.484154006210      
    6462.338846952596     
 dudt=    504584.1683978978     
 ---------------------
 rk4
 istep=      2000001
 grad_b=   0.1522391997240228       -4.1680419767381266E-002 
  -0.1033389126207059     
 bsub=   3.7627217629253099E-002   1.8085390329459529E-002 
   0.9914094323262066     
 bsup=    0.000000000000000        9.8524453839055615E-002 
    1.119365592274528     
 b_abs=    1.054706645964221     
 g=  -1.1561471532737701E-002
 j=    0.000000000000000         221.9890852975191      
    22.25818310677986     
 v_perp_2=    26939795.71772480     
 b_n=  -2.8535385547473051E-004   9.7404717737709881E-002 
    1.119396851636890     
 b_para_n=    1.054706648704901     
 dxdt=   -2.815504705904556         819.5506859846373      
    9436.988581065003     
 dudt=    1450401.099931333     
 ---------------------
 rk4
 istep=      3000001
 grad_b=  -0.8046708258922258       -0.1363766768145646      
   0.1314608350735357     
 bsub=  -2.1359471756874304E-002  -0.2018615608289315      
    1.473367203189679     
 bsup=    0.000000000000000        -1.109429139052495      
   0.8892863316971490     
 b_abs=    1.238546860807237     
 g=  -1.7983187672494860E-002
 j=    0.000000000000000         115.4965354565176      
   -245.5953834205488     
 v_perp_2=    31635473.84449520     
 b_n=  -5.7032757028177452E-004   -1.105561121864614      
   0.8898079849782846     
 b_para_n=    1.238546832342131     
 dxdt=   -4.815594677431126        -7691.834232877033      
    6196.135810673808     
 dudt=   -2765588.723948077     
 ---------------------
 rk4
 istep=      4000001
 grad_b=  -0.4422098565322341        8.9721625050045647E-003 
   2.8396876190326825E-002
 bsub=  -3.1851160541497690E-002  -5.1595078721114011E-002 
   0.9082574325220026     
 bsup=    0.000000000000000       -0.2706456562124631      
    1.064447431863119     
 b_abs=   0.9902321358616101     
 g=  -1.4353184573278695E-002
 j=    0.000000000000000         627.8617391497324      
   -173.3083249775318     
 v_perp_2=    25292873.16868061     
 b_n=   6.4201025058336432E-005  -0.2679695676653026      
    1.064601678042546     
 b_para_n=   0.9902321130008004     
 dxdt=   0.6737206868677430        -2427.304696865445      
    9658.639227052287     
 dudt=   -358524.2149664832     
 ---------------------
 rk4
 istep=      5000001
 grad_b=   0.4511402130248108        7.9204849033012920E-002 
   0.2036419081456050     
 bsub=  -4.3024954340027788E-002   0.1155565999945700      
    1.747694910803295     
 bsup=    0.000000000000000        -1.386245229281841      
    1.073556615436007     
 b_abs=    1.310346701005759     
 g=  -8.5246792238936955E-003
 j=    0.000000000000000         1626.806888036290      
   -120.9522883043050     
 v_perp_2=    33469304.92455693     
 b_n=   6.9936394435963611E-004   -1.391097790678726      
    1.073894679931745     
 b_para_n=    1.310346699479950     
 dxdt=    5.594211890173158        -9048.607848067018      
    6980.201106724680     
 dudt=   -1060638.949010031     
 ---------------------
 rk4
 istep=      6000001
 grad_b=  -0.5071124586397502        8.5972612185657840E-002 
  -6.9201222585487165E-002
 bsub=  -1.8030398330526783E-002  -1.1943248237614341E-003 
    1.108646556264123     
 bsup=    0.000000000000000       -0.2163003718426834      
   0.9106289373994433     
 b_abs=    1.004784694509085     
 g=  -1.9939464545276845E-002
 j=    0.000000000000000         594.3783914740393      
    131.5274854410787     
 v_perp_2=    25664501.31964848     
 b_n=   4.4357507458377929E-004  -0.2136757765081500      
   0.9106389942307707     
 b_para_n=    1.004784711444827     
 dxdt=    4.588873227155653        -1902.317974654909      
    8123.211048370785     
 dudt=    1037323.815761984     
 ---------------------
 rk4
 istep=      7000001
 grad_b=   0.7255112083422954       -3.7294965335170946E-002 
   0.1601969470671220     
 bsub=   8.6156969461083088E-002   5.6529028976372256E-002 
    1.695391281137828     
 bsup=    0.000000000000000       -0.8416867236820531      
    1.034067967871896     
 b_abs=    1.305852329042567     
 g=  -1.1874225352263000E-002
 j=    0.000000000000000        -482.8853927470599      
   -424.1322775537790     
 v_perp_2=    33354408.35035163     
 b_n=  -3.1831553735682376E-004  -0.8470425231125247      
    1.034262683513197     
 b_para_n=    1.305852279999759     
 dxdt=   -2.554590552625136        -5536.632946142932      
    6750.877223430350     
 dudt=   -1927081.799942862     
 ---------------------
 rk4
 istep=      8000001
 grad_b=   0.7063606964743572       -5.2290094976999560E-002 
  -0.1594217285383692     
 bsub=  -3.9611903032430174E-003   0.1207111061575936      
    1.534468950624049     
 bsup=    0.000000000000000       -0.6027768761699625      
    1.109714197739437     
 b_abs=    1.276924175743254     
 g=  -8.0809231747737149E-003
 j=    0.000000000000000         420.9302061993120      
   -221.4655043241071     
 v_perp_2=    32615473.17692831     
 b_n=  -4.1485030142781779E-004  -0.6101446588781461      
    1.110292706942316     
 b_para_n=    1.276924155781086     
 dxdt=   -3.401568041106773        -4104.250065411009      
    7449.462158299943     
 dudt=    1454147.696301300     
 ---------------------
 rk4
 istep=      9000001
 grad_b=  -0.8650442013069419       -5.5161679040558759E-003 
   3.9532548245745557E-002
 bsub=   1.6924659400043604E-002  -6.0502814677471192E-002 
    1.016480290050406     
 bsup=    0.000000000000000       -0.4867412162336834      
   0.9413665370598443     
 b_abs=   0.9932359300440768     
 g=  -1.8285981620401036E-002
 j=    0.000000000000000         589.6470392354872      
   -527.4585132818886     
 v_perp_2=    25369407.22170929     
 b_n=  -1.6743157507811077E-005  -0.4821587691165783      
   0.9416395048304459     
 b_para_n=   0.9932358616189464     
 dxdt=  -0.1751813390457545        -4352.490068623643      
    8513.379919262388     
 dudt=   -513030.6933246338     
 ---------------------
 rk4
 istep=     10000001
 grad_b=   -1.280707122186861        5.4268920263493309E-002 
  -0.1465121473546151     
 bsub=   1.9898301557947765E-002  -9.7748951714539067E-002 
    1.255644192482829     
 bsup=    0.000000000000000       -0.8010745220804004      
   0.8703741905892453     
 b_abs=    1.082424505795330     
 g=  -2.0239722157308841E-002
 j=    0.000000000000000        -69.98376310770452      
   -280.5577543016885     
 v_perp_2=    27647424.06205941     
 b_n=   2.1017226815166055E-004  -0.7948062025152899      
   0.8708588043531535     
 b_para_n=    1.082424471486164     
 dxdt=    2.021950653736835        -6490.610851323642      
    7122.286236867592     
 dudt=    2017488.417137302     
 ---------------------
 rk4
 istep=     11000001
 grad_b=   0.1315434790882363        0.1076200651002390      
   0.1653957610333892     
 bsub=  -5.0817218812288054E-002   3.2012262733768712E-002 
    1.098399037957030     
 bsup=    0.000000000000000       -0.5307618204320230      
    1.130089329880665     
 b_abs=    1.106136660731307     
 g=  -8.5215498801323418E-003
 j=    0.000000000000000        -508.8790917555900      
    47.79869617367552     
 v_perp_2=    28253041.60466281     
 b_n=   9.9897338650029488E-004  -0.5321145293808782      
    1.130174974637244     
 b_para_n=    1.106136664161977     
 dxdt=    9.410083239142665        -4243.640455815548      
    9009.165852425103     
 dudt=   -1498520.264292599     
 ---------------------
 rk4
 istep=     12000001
 grad_b=  -0.2047479877619805        0.1545736867603381      
  -7.8318363999669197E-002
 bsub=  -4.0334257254484064E-002  -0.2182837791551223      
    1.477258022154649     
 bsup=    0.000000000000000        -1.163948658068876      
   0.9062522832353141     
 b_abs=    1.262162322627390     
 g=  -1.8506699949639896E-002
 j=    0.000000000000000         36.08500899553898      
    58.05688612676859     
 v_perp_2=    32238220.61855167     
 b_n=   6.4379645168652680E-004   -1.163017244836498      
   0.9064074940489348     
 b_para_n=    1.262162328147699     
 dxdt=    5.338082064086271        -7912.443468034848      
    6167.941088461776     
 dudt=    2538625.773088844     
 ---------------------
 rk4
 istep=     13000001
 grad_b=   0.4539159154965672       -2.0464308895652490E-002 
   0.1428008920467635     
 bsub=  -5.2197587871465334E-003   4.5699581422573445E-002 
    1.099795075329687     
 bsup=    0.000000000000000        0.5598060765590718      
    1.054265695133146     
 b_abs=    1.088499277783555     
 g=  -1.1835523181015703E-002
 j=    0.000000000000000         170.8758093266784      
   0.5652230897629664     
 v_perp_2=    27802462.90579596     
 b_n=  -1.9152851746435595E-004   0.5565078388536372      
    1.054401837996176     
 b_para_n=    1.088499278610743     
 dxdt=   -1.832577926880137         4516.290484099242      
    8566.127111913960     
 dudt=   -1631941.530365546     
 ---------------------
 rk4
 istep=     14000001
 grad_b=   0.4214248075039668       -3.6477125584001527E-002 
  -9.0267125884870139E-002
 bsub=   1.1402234667198197E-002   0.1885535491779500      
    2.156458978219192     
 bsup=    0.000000000000000        -1.558059765923085      
    1.077259180400068     
 b_abs=    1.425189278213864     
 g=  -7.2196253519799143E-003
 j=    0.000000000000000        -95.03623403682836      
   -267.6054077586143     
 v_perp_2=    36402147.66357028     
 b_n=  -3.6686470840420325E-004   -1.563474636124722      
    1.077734557068517     
 b_para_n=    1.425189246086455     
 dxdt=   -2.709097989031857        -9160.293680020575      
    6309.388752817929     
 dudt=    362088.3676997822     
 ---------------------
 rk4
 istep=     15000001
 grad_b=   0.2455024973181329       -1.0952381240692970E-002 
  -0.1081386336088269     
 bsub=   2.8368924161575271E-002   3.1832578119810002E-002 
    1.023277911582816     
 bsup=    0.000000000000000        0.2411398945331933      
    1.091196315655660     
 b_abs=    1.060607065035369     
 g=  -1.2395541792302428E-002
 j=    0.000000000000000        -318.7942552518025      
   -145.2383700284383     
 v_perp_2=    27089955.44915110     
 b_n=  -5.1752267387025893E-005   0.2394450968727425      
    1.091250455838829     
 b_para_n=    1.060607048552821     
 dxdt=  -0.5078545613824321         2003.040024212326      
    9139.864830210654     
 dudt=    1452669.943751444     
 ---------------------
 rk4
 istep=     16000001
 grad_b=  -0.5629203339277092       -0.1398762492889685      
   0.1074322146159538     
 bsub=  -1.3009005243866402E-003  -0.2202452581168701      
    1.481360509562848     
 bsup=    0.000000000000000        -1.155199160314126      
   0.8936999841402251     
 b_abs=    1.256181840599214     
 g=  -1.7384687457372136E-002
 j=    0.000000000000000        -215.3774280073919      
   -174.9021738697416     
 v_perp_2=    32085258.80686470     
 b_n=  -6.0177520828316852E-004   -1.152465642763184      
   0.8941058558920735     
 b_para_n=    1.256181825439183     
 dxdt=   -5.012481598030099        -7883.469258810037      
    6119.906005715204     
 dudt=   -2618847.896176237     
 ---------------------
 rk4
 istep=     17000001
 grad_b=  -0.7569421237902590       -1.4213706938140835E-002 
  -1.5331458812250287E-002
 bsub=   3.2586602397821260E-003  -9.5961527480700665E-002 
   0.8495564885149890     
 bsup=    0.000000000000000       -0.4578389781543135      
    1.088282365016811     
 b_abs=   0.9838544929406445     
 g=  -1.1423565055330681E-002
 j=    0.000000000000000        -555.9265130395936      
    130.0936281175368     
 v_perp_2=    25129463.69994127     
 b_n=  -1.1525446233356562E-004  -0.4523682634806445      
    1.088900774045248     
 b_para_n=   0.9838545129548187     
 dxdt=   -1.217145654128355        -4127.048890257949      
    9953.845699475791     
 dudt=    132107.3543693037     
 ---------------------
 rk4
 istep=     18000001
 grad_b=   -1.302119675727138        1.2998887219892957E-002 
   0.2072149552778859     
 bsub=  -3.8874832258381106E-002  -9.6536458157235480E-002 
    1.333961512221567     
 bsup=    0.000000000000000       -0.9287539156226259      
   0.8713600503659569     
 b_abs=    1.118905849813857     
 g=  -2.0169895049620971E-002
 j=    0.000000000000000         1899.225345140705      
   -728.5011242062122     
 v_perp_2=    28578890.10081035     
 b_n=   1.3613006388532087E-004  -0.9224512489548724      
   0.8718200409467538     
 b_para_n=    1.118905743084876     
 dxdt=    1.268089802092437        -7244.887009821799      
    6856.545128863549     
 dudt=   -1923053.107527030     
 ---------------------
 rk4
 istep=     19000001
 grad_b=  -0.6688179325140230        2.3806432575361122E-003 
  -1.3417905928515161E-002
 bsub=  -2.6864844403073827E-002  -4.1267568460454720E-002 
   0.9877006581407245     
 bsup=    0.000000000000000       -0.3781849211584186      
   0.9665217071452147     
 b_abs=   0.9848065428009709     
 g=  -1.7967959820305589E-002
 j=    0.000000000000000        -603.8083137915976      
   -6.673370707544436     
 v_perp_2=    25153704.48665459     
 b_n=   9.7034961456488520E-006  -0.3746172303282584      
   0.9666710366075112     
 b_para_n=   0.9848065450346041     
 dxdt=   0.1023768494014664        -3415.253718392626      
    8826.088527485428     
 dudt=    179852.3082909226     
 ---------------------
 rk4
 istep=     20000001
 grad_b=   0.7254060200237917        4.3075602208805228E-002 
   0.1776211388101054     
 bsub=   3.1373079084975747E-002   0.1371835620297593      
    1.685477206902029     
 bsup=    0.000000000000000       -0.7172727691485927      
    1.085284129683271     
 b_abs=    1.315657422845754     
 g=  -8.7559044539841646E-003
 j=    0.000000000000000        -841.8579878502105      
    176.5887162001501     
 v_perp_2=    33604169.55046935     
 b_n=   2.8329573402010130E-004  -0.7244208755916330      
    1.085860660962543     
 b_para_n=    1.315657434616388     
 dxdt=    2.257329759955967        -4695.678215694878      
    7023.305562029774     
 dudt=   -1571266.194038367     
 ---------------------
 rk4
 istep=     21000001
 grad_b=   0.7638452015838949       -1.8953723533860715E-002 
  -0.1674249613889872     
 bsub=  -4.2214268494890489E-002   0.1095916105305076      
    1.593244745932166     
 bsup=    0.000000000000000       -0.5937153346714354      
    1.080343665084160     
 b_abs=    1.287110224828782     
 g=  -9.0613907900929241E-003
 j=    0.000000000000000        -830.7471794883829      
    203.1943828601352     
 v_perp_2=    32874977.62156925     
 b_n=  -7.0616292758475424E-005  -0.6009258411500293      
    1.080837782719699     
 b_para_n=    1.287110240619276     
 dxdt=  -0.5746224161967827        -4003.205973447064      
    7181.619708503865     
 dudt=    1683024.576482446     
 ---------------------
 rk4
 istep=     22000001
 grad_b=  -0.7847828637243848       -2.4271923047501701E-002 
   3.8904987172202241E-002
 bsub=   2.1233976627575583E-002  -4.1230325081423824E-002 
    1.039217699859445     
 bsup=    0.000000000000000       -0.4635267933382334      
   0.9283263311397124     
 b_abs=   0.9918622429435408     
 g=  -1.9081729627953990E-002
 j=    0.000000000000000        -971.3565981150603      
   -109.6851561458585     
 v_perp_2=    25333803.85781317     
 b_n=  -1.1822164272418634E-004  -0.4594407290322902      
   0.9284908503483367     
 b_para_n=   0.9918622340696603     
 dxdt=   -1.238612552980307        -4154.482894400167      
    8407.834365649536     
 dudt=   -609881.0378075622     
 ---------------------
 rk4
 istep=     23000001
 grad_b=  -0.8386771776646565       -0.1329108895521538      
  -0.2668766097387409     
 bsub=   4.5581169422838616E-002  -5.8620871797739442E-002 
    1.313253299706937     
 bsup=    0.000000000000000        -1.030091434471435      
   0.9103251865994315     
 b_abs=    1.120706039393340     
 g=  -1.5858087192226152E-002
 j=    0.000000000000000         212.4513575735645      
    469.4078064153569     
 v_perp_2=    28624637.40335048     
 b_n=  -8.7872237399574385E-004   -1.025058915337683      
   0.9105803743654196     
 b_para_n=    1.120706095004145     
 dxdt=   -8.172777821055840        -8038.293729072332      
    7147.438195835592     
 dudt=    1208294.719174868     
 ---------------------
 rk4
 istep=     24000001
 grad_b=  -0.7187599165697991        4.7751882912156970E-003 
   7.9066056658984654E-003
 bsub=   1.1150671821332302E-002  -8.6133678095318217E-002 
   0.8982904199481617     
 bsup=    0.000000000000000       -0.4324022257284567      
    1.036856998165214     
 b_abs=   0.9841967218651476     
 g=  -1.3988729612647688E-002
 j=    0.000000000000000        -418.7169335614315      
    320.7779240908885     
 v_perp_2=    25137938.53797005     
 b_n=   3.4508771467205015E-005  -0.4279190912881230      
    1.037286483994646     
 b_para_n=   0.9841967614337883     
 dxdt=   0.3643059762970798        -3903.411375197530      
    9478.009482845582     
 dudt=   -79583.69995057027     
 ---------------------
 rk4
 istep=     25000001
 grad_b=  -0.8511097780950022        0.1496737965542188      
  -0.1363715545454447     
 bsub=   1.5379273851668769E-002  -0.1788758267188793      
    1.421289509022997     
 bsup=    0.000000000000000       -0.9911520638097158      
   0.8812891560284930     
 b_abs=    1.195645314593484     
 g=  -1.8718638509295706E-002
 j=    0.000000000000000         263.4133731049642      
   -19.58161687455879     
 v_perp_2=    30538617.52966993     
 b_n=   6.3960766802968576E-004  -0.9870509957065502      
   0.8817983683195832     
 b_para_n=    1.195645308606166     
 dxdt=    5.587317836080794        -7165.299241331932      
    6407.373630566160     
 dudt=    2868220.518948519     
 ---------------------
 rk4
 istep=     26000001
 grad_b=   0.4075765283460753        2.1218748794305090E-002 
   0.1257022526413389     
 bsub=  -2.3077332953408719E-002   4.4746915611001518E-002 
    1.069225242824470     
 bsup=    0.000000000000000        0.2278238933587151      
    1.101981566542757     
 b_abs=    1.089910718799246     
 g=  -1.1281188671395508E-002
 j=    0.000000000000000        -672.7857403574520      
    83.58074407289926     
 v_perp_2=    27837948.11834843     
 b_n=   1.1776299521712011E-004   0.2247960899404116      
    1.102110827276523     
 b_para_n=    1.089910724597476     
 dxdt=    1.125356051203819         1819.084603602693      
    8940.079663657682     
 dudt=   -1679729.790283670     
 ---------------------
 rk4
 istep=     27000001
 grad_b=   0.4166015010329890        2.7816935463098970E-002 
   5.6424788326899969E-002
 bsub=  -2.7083326687443392E-002   0.1774543713493436      
    2.128975692988774     
 bsup=    0.000000000000000        -1.479882552353033      
    1.074831772039318     
 b_abs=    1.423569736428115     
 g=  -7.7867163832140134E-003
 j=    0.000000000000000         494.3441456150897      
    205.7610608655350     
 v_perp_2=    36360041.50685678     
 b_n=   2.7224266615715007E-004   -1.484797847764566      
    1.075244954029468     
 b_para_n=    1.423569764891415     
 dxdt=    2.012525990551333        -8711.500925710629      
    6303.786158055110     
 dudt=   -174765.6291993012     
 ---------------------
 rk4
 istep=     28000001
 grad_b=   0.1265805404492445        4.7018772844257456E-002 
  -0.1281335674154801     
 bsub=   9.0628406340147669E-003   3.8455191286391438E-002 
    1.062743756307945     
 bsup=    0.000000000000000        0.5697142645032782      
    1.014010065983374     
 b_abs=    1.048462176353870     
 g=  -1.3135586598416781E-002
 j=    0.000000000000000        -1122.536909886313      
    369.1416835118151     
 v_perp_2=    26779206.83042319     
 b_n=   3.5400071739126964E-004   0.5688391767496501      
    1.014038748701131     
 b_para_n=    1.048462213517192     
 dxdt=    3.513108918988104         4827.734625525172      
    8608.419724953617     
 dudt=    1256308.128199504     
 ---------------------
 rk4
 istep=     29000001
 grad_b=  -0.5779642136423155       -3.6207324506853343E-002 
  -9.2033036012214603E-002
 bsub=   9.2043198422353367E-002  -0.1366051170550256      
    1.640436827526721     
 bsup=    0.000000000000000        -1.244036279477955      
   0.9502137463132470     
 b_abs=    1.314916850965120     
 g=  -1.7903127816065519E-002
 j=    0.000000000000000         963.7653596333141      
   -476.1139691033497     
 v_perp_2=    33584780.35494749     
 b_n=  -2.0697855825767424E-004   -1.241333803750921      
   0.9504503572720844     
 b_para_n=    1.314916791911299     
 dxdt=   -1.650114563361087        -8029.452582223948      
    6151.360329807592     
 dudt=    411871.9278506527     
 ---------------------
 Elapsed time (seconds):     164.0325640000000     

real	2m44.045s
user	2m43.499s
sys	0m0.027s
>>> [PID 3705803] DONE  u=9000, v_perp=5000, out=gc_grid/dat334.dat
