>>> [PID 3692244] START u=3000, v_perp=4000, out=gc_grid/dat301.dat, dt=2e-09, steps=30000000
 outer boundary:   8.3000000000000462E-002
 rk4
 istep=            1
 grad_b=  -0.5028823578507757        4.9319139904069192E-003 
  -7.9832399936722725E-003
 bsub=   8.6923923596764902E-003   4.2252335386157060E-002 
    1.020727086438807     
 bsup=    0.000000000000000        0.5003141342794291      
   0.9181485695118170     
 b_abs=   0.9787596672212199     
 g=  -1.6418725149194048E-002
 j=    0.000000000000000         576.0999505003883      
    59.09526261653000     
 v_perp_2=    15999999.51271985     
 b_n=   1.0718093899621666E-005   0.5013382600400809      
   0.9181060885586568     
 b_para_n=   0.9787596707066984     
 dxdt=   6.2053911032166863E-002    1539.444059641580      
    2813.974802783952     
 dudt=    40604.95937729738     
 ---------------------
 rk4
 istep=      1000001
 grad_b=  -0.3143158532303397       -0.1749580382129126      
  -0.2567498123598204     
 bsub=   5.5556620123128772E-002  -1.4903913281620433E-002 
    1.298027612100352     
 bsup=    0.000000000000000       -0.8692080229928700      
   0.9904724138078218     
 b_abs=    1.139468350941392     
 g=  -1.1933948804598712E-002
 j=    0.000000000000000         279.6055078969384      
   -761.4082422465551     
 v_perp_2=    18627137.18836738     
 b_n=  -3.9359502651569036E-004  -0.8685369420284721      
   0.9904969430510866     
 b_para_n=    1.139468325572713     
 dxdt=   -2.146368653771264        -1922.041006707977      
    2194.491478937329     
 dudt=    733304.7554679029     
 ---------------------
 rk4
 istep=      2000001
 grad_b=  -0.9628281019316620       -6.1160385629283991E-002 
   0.1465953808604594     
 bsub=  -6.0534590695876231E-002  -0.1879405862293870      
    1.524075246988558     
 bsup=    0.000000000000000        -1.198938757921491      
   0.8997750242975839     
 b_abs=    1.263502276501491     
 g=  -1.9657852014440178E-002
 j=    0.000000000000000        -212.9191508422904      
    8.856489018603256     
 v_perp_2=    20654744.74906963     
 b_n=  -4.5627721580582356E-005   -1.197925232122432      
   0.8998981952095303     
 b_para_n=    1.263502277420099     
 dxdt=  -0.2541867095374909        -1972.364360083813      
    1485.136092738964     
 dudt=   -1327636.788961154     
 ---------------------
 rk4
 istep=      3000001
 grad_b=   0.6794765960542132       -0.1033822318097277      
   0.1632474726785087     
 bsub=   5.9379076457433781E-002  -8.8736216774610646E-003 
    1.446772545048952     
 bsup=    0.000000000000000       -0.2926926589788998      
   0.9929554963465548     
 b_abs=    1.199704234471095     
 g=  -1.4152850147107193E-002
 j=    0.000000000000000        -819.4528010979884      
    241.4834243911565     
 v_perp_2=    19611821.07095454     
 b_n=  -1.7658126951753910E-004  -0.2938530490867095      
   0.9929556328169022     
 b_para_n=    1.199704242032678     
 dxdt=  -0.9634383755554202        -572.6468371915619      
    1921.218489980095     
 dudt=   -1310528.828551942     
 ---------------------
 rk4
 istep=      4000001
 grad_b=   0.5553268638495000       -8.2889034564202158E-002 
  -0.1728521825722088     
 bsub=   3.2679130680974978E-002   0.1064159623559709      
    1.516062760457159     
 bsup=    0.000000000000000       -0.8259044594572358      
    1.106480329277408     
 b_abs=    1.260463793925226     
 g=  -7.7628457542665147E-003
 j=    0.000000000000000         229.2695336716639      
   -17.11988349877576     
 v_perp_2=    20605069.68309399     
 b_n=  -1.9075327942175187E-004  -0.8274116189795351      
    1.106590232015368     
 b_para_n=    1.260463793898219     
 dxdt=   -1.060982398091602        -1382.030859780453      
    1840.914223887795     
 dudt=    796303.6832924311     
 ---------------------
 rk4
 istep=      5000001
 grad_b=  -0.8086687890348490       -0.1131159855752333      
   0.1177029925119809     
 bsub=  -3.4510195497197103E-002  -0.2159781294505505      
    1.495516554947106     
 bsup=    0.000000000000000        -1.177547337484437      
   0.8914750207784156     
 b_abs=    1.260036104035049     
 g=  -1.8288476232320709E-002
 j=    0.000000000000000         17.18472566470328      
   -263.8376917596216     
 v_perp_2=    20598075.12582325     
 b_n=  -1.0865973972782763E-004   -1.176636218301555      
   0.8916040887107545     
 b_para_n=    1.260036097115851     
 dxdt=  -0.6042406471884954        -1955.658470401257      
    1485.105990226906     
 dudt=   -1544692.875731706     
 ---------------------
 rk4
 istep=      6000001
 grad_b=   0.8189456559111844       -1.9662114553772144E-002 
   0.1647852574702758     
 bsub=   4.1000433732084875E-002   6.5194271790157965E-002 
    1.408983767974988     
 bsup=    0.000000000000000       -5.5425498357974112E-002 
    1.063293009459954     
 b_abs=    1.222773422411684     
 g=  -9.9879837145394629E-003
 j=    0.000000000000000         1189.811408598222      
   -479.5008135950062     
 v_perp_2=    19988930.85706152     
 b_n=  -6.0290706205404600E-005  -5.7224351010271714E-002 
    1.063377987330818     
 b_para_n=    1.222773410640783     
 dxdt=  -0.3305144915100089        -111.3293739186017      
    1947.045501814138     
 dudt=   -1178505.157638534     
 ---------------------
 rk4
 istep=      7000001
 grad_b=   0.4559704139263480       -6.9952585370393283E-002 
  -0.1962178213811770     
 bsub=   1.4054375595980073E-002   0.1543813373608787      
    1.827016496702440     
 bsup=    0.000000000000000        -1.162274792643628      
    1.079312618569904     
 b_abs=    1.338796622758163     
 g=  -7.5234485412630052E-003
 j=    0.000000000000000        -1173.606964475895      
    435.5448911082318     
 v_perp_2=    21885585.47950632     
 b_n=  -1.3350490484365888E-004   -1.163419147160971      
    1.079410348371002     
 b_para_n=    1.338796630713029     
 dxdt=  -0.7943164158949623        -1538.891923023509      
    1423.306064939904     
 dudt=    796582.0436237789     
 ---------------------
 rk4
 istep=      8000001
 grad_b=   -1.190290142570545       -9.3814111847362283E-002 
   0.1489277911646098     
 bsub=  -2.3600917682447087E-002  -0.1235147877451634      
    1.322717167498545     
 bsup=    0.000000000000000       -0.8428650055887605      
   0.8669379776492385     
 b_abs=    1.118494058851186     
 g=  -2.0509928972186106E-002
 j=    0.000000000000000         427.7158847565152      
    152.6205021543891     
 v_perp_2=    18284251.75286725     
 b_n=  -1.1167745941386770E-004  -0.8412051713957452      
   0.8670909830855323     
 b_para_n=    1.118494062910028     
 dxdt=  -0.6109833689931937        -1943.781097531877      
    2009.474491466628     
 dudt=   -1521340.293832798     
 ---------------------
 rk4
 istep=      9000001
 grad_b=   0.5661863477919263        1.3928286979983034E-002 
   0.1428667343012996     
 bsub=  -1.0316925214268247E-002   5.5889545539497779E-002 
    1.122637379711425     
 bsup=    0.000000000000000        0.3250902413687609      
    1.093972775949075     
 b_abs=    1.116121169241991     
 g=  -1.0709076881481486E-002
 j=    0.000000000000000         663.2218882409213      
   -334.9419781790486     
 v_perp_2=    18245458.19324488     
 b_n=   1.5594635591952720E-005   0.3237918140041369      
    1.094037551119870     
 b_para_n=    1.116121159945507     
 dxdt=   8.5357488751510516E-002    749.8836629587568      
    2547.730972917042     
 dudt=   -1177721.440988526     
 ---------------------
 rk4
 istep=     10000001
 grad_b=   0.4204963241497160       -5.2174561138055103E-002 
  -0.1695941629278372     
 bsub=   3.6302920506920801E-003   0.1867335577010733      
    2.095497716503310     
 bsup=    0.000000000000000        -1.428970512082683      
    1.073931284591776     
 b_abs=    1.408084835677185     
 g=  -7.1913026759747025E-003
 j=    0.000000000000000         602.0984451132658      
    208.1535227005768     
 v_perp_2=    23018245.96059873     
 b_n=  -8.0217451571058671E-005   -1.429881274391640      
    1.074012586665366     
 b_para_n=    1.408084840798046     
 dxdt=  -0.5459531821877505        -1434.827150795459      
    1074.227592635604     
 dudt=    624456.7109199333     
 ---------------------
 rk4
 istep=     11000001
 grad_b=  -0.8930745292003249       -5.7847919313723638E-003 
   4.4320375660562489E-002
 bsub=   1.4165215099287210E-002  -6.5134189539926321E-002 
    1.022686335291427     
 bsup=    0.000000000000000       -0.5110846798070812      
   0.9315351163688538     
 b_abs=   0.9930581395271563     
 g=  -1.8483630138508816E-002
 j=    0.000000000000000         862.2313937516101      
   -679.5708534146239     
 v_perp_2=    16233719.72055950     
 b_n=  -5.1475839470734021E-006  -0.5095315580523559      
   0.9316340761359301     
 b_para_n=   0.9930581098794943     
 dxdt=  -2.9557947219810289E-002   -1514.874567985615      
    2777.928747869555     
 dudt=   -364148.3123500323     
 ---------------------
 rk4
 istep=     12000001
 grad_b=  -0.2367072284778475        1.4372252186849288E-002 
   5.2043933375727894E-002
 bsub=  -3.7583987704208517E-002  -2.4476878872342518E-002 
   0.9256008773229292     
 bsup=    0.000000000000000       -9.2311244357846545E-002 
    1.082152306146655     
 b_abs=    1.002200817478642     
 g=  -1.3883881251121369E-002
 j=    0.000000000000000        -357.3544610949721      
   -68.46431640953523     
 v_perp_2=    16383173.62690657     
 b_n=   3.2100599881912049E-005  -9.1833079308453719E-002 
    1.082166252063883     
 b_para_n=    1.002200815379936     
 dxdt=   0.1834050851802551        -267.6473439734814      
    3169.700489752132     
 dudt=   -448501.3650254002     
 ---------------------
 rk4
 istep=     13000001
 grad_b=   0.4207412862313626        2.1202191939727055E-002 
   3.3515904500897420E-002
 bsub=  -9.6897339071955572E-003   0.1917450424432379      
    2.169672896387022     
 bsup=    0.000000000000000        -1.555513839713590      
    1.078708423319776     
 b_abs=    1.429659826972133     
 g=  -7.0980643177939885E-003
 j=    0.000000000000000         685.2556375331362      
   -173.8234398473761     
 v_perp_2=    23370928.08242972     
 b_n=   3.6423824399750580E-005   -1.556354307172064      
    1.078782861048019     
 b_para_n=    1.429659824954711     
 dxdt=   0.2657717004810939        -1394.841787068968      
    963.5768599336684     
 dudt=   -18143.90396904154     
 ---------------------
 rk4
 istep=     14000001
 grad_b=  -0.1746495744592240       -5.8190897774824876E-003 
  -5.8622186504504431E-002
 bsub=   3.7117944896079572E-002  -1.1182159358365095E-002 
   0.9444371660133988     
 bsup=    0.000000000000000       -3.3929667126711638E-002 
    1.069905767560590     
 b_abs=    1.005497861167521     
 g=  -1.4300476012007617E-002
 j=    0.000000000000000        -736.9812849418636      
    126.9456150892545     
 v_perp_2=    16437068.29507657     
 b_n=  -1.3024494388743631E-005  -3.3585053327789341E-002 
    1.069910364871367     
 b_para_n=    1.005497866042995     
 dxdt=  -7.4284542013345972E-002   -96.77819972592864      
    3113.717954109744     
 dudt=    508241.9011310187     
 ---------------------
 rk4
 istep=     15000001
 grad_b=  -0.9376837295330563       -9.8075400901487340E-004 
  -5.1072241345653836E-002
 bsub=  -9.8442737794960846E-003  -7.2485730138881488E-002 
    1.023584877300985     
 bsup=    0.000000000000000       -0.5270170770269950      
   0.9291012072599545     
 b_abs=   0.9947016481709806     
 g=  -1.8217826325195301E-002
 j=    0.000000000000000         1208.072190654031      
   -643.7725674810169     
 v_perp_2=    16260577.21579814     
 b_n=  -8.0741659421325031E-006  -0.5253693863719920      
   0.9292177832382281     
 b_para_n=   0.9947016188481647     
 dxdt=  -4.6320280724959861E-002   -1556.841409095848      
    2761.956014854906     
 dudt=    385666.3581417546     
 ---------------------
 rk4
 istep=     16000001
 grad_b=   0.4035899287667173        7.1759530548651279E-002 
   0.2081892994222519     
 bsub=  -2.4371632416435120E-002   0.1696127509307092      
    2.055730217806262     
 bsup=    0.000000000000000        -1.586630581613742      
    1.076208576725519     
 b_abs=    1.393366538921458     
 g=  -7.4890988558392888E-003
 j=    0.000000000000000        -1684.021029665018      
    422.5556382141420     
 v_perp_2=    22777626.20917066     
 b_n=   1.2035478176564242E-004   -1.587525967925717      
    1.076283883483753     
 b_para_n=    1.393366544806834     
 dxdt=   0.7886518991285852        -1703.403099831822      
    1151.928953828901     
 dudt=   -646437.0678603903     
 ---------------------
 rk4
 istep=     17000001
 grad_b=   0.4642192700830789        1.1988252302664294E-002 
  -0.1418703646137379     
 bsub=   7.0491481502339866E-003   4.8069387031439537E-002 
    1.098251208829761     
 bsup=    0.000000000000000        0.5127859753637380      
    1.062187971145912     
 b_abs=    1.091203940631723     
 g=  -1.1783294672481705E-002
 j=    0.000000000000000        -2.922389759626554      
   -96.64100681775625     
 v_perp_2=    17838115.97756959     
 b_n=   3.9879671676773183E-005   0.5117666626792940      
    1.062232326382057     
 b_para_n=    1.091203937491608     
 dxdt=   0.2196057211675655         1251.990786988093      
    2605.252471190392     
 dudt=    1082710.272056703     
 ---------------------
 rk4
 istep=     18000001
 grad_b=   -1.296529273339275        3.9177426297800896E-002 
  -0.1572408317078516     
 bsub=   2.3203295641259742E-002  -9.8882647405656249E-002 
    1.262000263661896     
 bsup=    0.000000000000000       -0.8191863137401354      
   0.8649706264255490     
 b_abs=    1.083100038122781     
 g=  -2.0466209400990049E-002
 j=    0.000000000000000         612.7215920394760      
   -582.0159698282303     
 v_perp_2=    17705636.40975383     
 b_n=   3.9887094513124194E-005  -0.8172650260885927      
   0.8651204127911705     
 b_para_n=    1.083100014058098     
 dxdt=   0.2201745190772363        -2032.109905269338      
    2157.709443448959     
 dudt=    1268581.683227963     
 ---------------------
 rk4
 istep=     19000001
 grad_b=   0.4251866312417267        8.1851830851333879E-002 
   0.2206053823116995     
 bsub=  -4.4536304172484727E-002   0.1152836958961435      
    1.801891980653807     
 bsup=    0.000000000000000        -1.528683969547754      
    1.069871332613947     
 b_abs=    1.323610025964550     
 g=  -8.6282012798879794E-003
 j=    0.000000000000000         1463.097969324761      
    5.961344786999447     
 v_perp_2=    21637295.50189949     
 b_n=   1.5490283823588357E-004   -1.529668730844735      
    1.069938167358107     
 b_para_n=    1.323610028433342     
 dxdt=   0.9050499350278594        -2123.637024309431      
    1482.621365075606     
 dudt=   -684794.1153253675     
 ---------------------
 rk4
 istep=     20000001
 grad_b=   0.1993708047194208        7.1179956223068441E-002 
  -0.1620204922910002     
 bsub=  -4.2240529722641015E-003   2.7280995609858055E-002 
    1.119086286436970     
 bsup=    0.000000000000000        0.8842898871135831      
   0.9822445997744640     
 b_abs=    1.060026258415185     
 g=  -1.2306497358789211E-002
 j=    0.000000000000000         789.7116690285134      
    42.42153005571199     
 v_perp_2=    17328442.18647669     
 b_n=   1.7617553345501330E-004   0.8838238332273565      
   0.9822566283014407     
 b_para_n=    1.060026260651711     
 dxdt=   0.9802280945996515         2307.980472924914      
    2566.587829267074     
 dudt=    741774.2077119132     
 ---------------------
 rk4
 istep=     21000001
 grad_b=   -1.155039370788392       -7.6047365619763274E-002 
  -0.2395127988350249     
 bsub=   4.0346056049831207E-002  -7.9425925293368796E-002 
    1.321990075546839     
 bsup=    0.000000000000000       -0.9713889086767158      
   0.8811383910579396     
 b_abs=    1.114387694883534     
 g=  -1.8723754473314338E-002
 j=    0.000000000000000         876.1775587967682      
    86.78044921417943     
 v_perp_2=    18217095.40417740     
 b_n=  -1.4009258157924199E-004  -0.9696109851147429      
   0.8812494862896676     
 b_para_n=    1.114387696127828     
 dxdt=  -0.7670694870894095        -2260.468121938298      
    2059.889558771371     
 dudt=    1006105.132311555     
 ---------------------
 rk4
 istep=     22000001
 grad_b=  -0.7671884925441048        0.1312177830550496      
   0.2933551623538980     
 bsub=  -6.1171265099464953E-002  -4.5287261956599337E-002 
    1.526580074326286     
 bsup=    0.000000000000000        -1.160652361964090      
   0.9284290057218429     
 b_abs=    1.212382012442357     
 g=  -1.7347084072026588E-002
 j=    0.000000000000000        -1515.102929972604      
    702.2614912578333     
 v_perp_2=    19819024.79081333     
 b_n=   1.9947908712324492E-004   -1.159575407143394      
   0.9284689662046364     
 b_para_n=    1.212382035664074     
 dxdt=    1.090825518722055        -2173.166841513387      
    1743.289003398858     
 dudt=   -809423.6125940969     
 ---------------------
 rk4
 istep=     23000001
 grad_b=  -0.1166993813818474       -0.1027522822647118      
   0.1184028840090993     
 bsub=   9.7273880541124472E-003   1.9879981684634139E-002 
    1.127657180053193     
 bsup=    0.000000000000000        0.2689625428707885      
   0.9276896249134017     
 b_abs=    1.025520368343477     
 g=  -1.7304605856577990E-002
 j=    0.000000000000000        -155.4648165209452      
   -234.3179350998119     
 v_perp_2=    16764362.03283679     
 b_n=  -1.9502821441127902E-004   0.2691815274367185      
   0.9276874379647584     
 b_para_n=    1.025520358753903     
 dxdt=   -1.101231080653760         753.8918434568836      
    2596.001714267144     
 dudt=   -655185.7558563377     
 ---------------------
 rk4
 istep=     24000001
 grad_b=   0.3103044633516541       -0.1380222327405818      
  -0.2349865529834865     
 bsub=   5.3262495556311823E-002   6.0552717330716592E-002 
    1.437475267341664     
 bsup=    0.000000000000000       -0.8822333613655277      
    1.067192008099594     
 b_abs=    1.216134337170946     
 g=  -9.3709787346578470E-003
 j=    0.000000000000000        -1352.837539186776      
    570.2140929570512     
 v_perp_2=    19880360.20055458     
 b_n=  -3.1455565697785385E-004  -0.8830165979515069      
    1.067236669158617     
 b_para_n=    1.216134352008848     
 dxdt=   -1.721536091068911        -1645.713658724471      
    1985.793843245008     
 dudt=    867057.3059147341     
 ---------------------
 rk4
 istep=     25000001
 grad_b=  -0.9109357119279550       -9.7211916291262149E-002 
   0.1299340688483520     
 bsub=  -4.6695642221528950E-002  -0.2054798728244793      
    1.501876384012665     
 bsup=    0.000000000000000        -1.181956038617273      
   0.8923240313803680     
 b_abs=    1.258194381220555     
 g=  -1.9085511824929055E-002
 j=    0.000000000000000        -196.9043805739655      
   -125.5291238786650     
 v_perp_2=    20567920.45229543     
 b_n=  -8.6965420826773607E-005   -1.180963172679234      
   0.8924571647098211     
 b_para_n=    1.258194378631867     
 dxdt=  -0.4831543073629418        -1972.169991192107      
    1493.804340730557     
 dudt=   -1499623.705312162     
 ---------------------
 rk4
 istep=     26000001
 grad_b=   0.7782092866100263       -5.2868921902145004E-002 
   0.1691649930416114     
 bsub=   5.4222439865301522E-002   3.5019959962774565E-002 
    1.438168440546476     
 bsup=    0.000000000000000       -0.1332502038339300      
    1.027640072405107     
 b_abs=    1.213890208347702     
 g=  -1.1879955349574730E-002
 j=    0.000000000000000         558.7370066501936      
    150.4923512218999     
 v_perp_2=    19843669.14022405     
 b_n=  -1.1122118908140107E-004  -0.1347565382269205      
    1.027680949576708     
 b_para_n=    1.213890213128830     
 dxdt=  -0.6083956220114450        -257.5035098670982      
    1922.571586619726     
 dudt=   -1217970.374331962     
 ---------------------
 rk4
 istep=     27000001
 grad_b=   0.5065229906424069       -6.6617224754788207E-002 
  -0.1713857898152031     
 bsub=   2.3871496343346038E-002   0.1327870609885086      
    1.691552145596933     
 bsup=    0.000000000000000        -1.062162378514115      
    1.090373022271703     
 b_abs=    1.305819492875331     
 g=  -7.6373563163228660E-003
 j=    0.000000000000000         741.6010971504969      
    85.18167567726078     
 v_perp_2=    21346451.99242742     
 b_n=  -1.3808381169339037E-004   -1.063484261912441      
    1.090478741712190     
 b_para_n=    1.305819496449904     
 dxdt=  -0.7925938599594363        -1562.354106016764      
    1596.667349345580     
 dudt=    726811.9879448848     
 ---------------------
 rk4
 istep=     28000001
 grad_b=   -1.100046824112396       -0.1164540879420214      
   0.1561604926241282     
 bsub=  -3.2641142601294082E-002  -0.1623538722198233      
    1.413280105897211     
 bsup=    0.000000000000000       -0.9744398551395699      
   0.8731417536497404     
 b_abs=    1.180037339632957     
 g=  -1.9962490009770965E-002
 j=    0.000000000000000         701.2909156091157      
    40.90158840194296     
 v_perp_2=    19290267.34758092     
 b_n=  -1.2520675237147032E-004  -0.9730463226990416      
   0.8732989461293210     
 b_para_n=    1.180037338368474     
 dxdt=  -0.6818202896009367        -1965.593646881884      
    1768.915570246513     
 dudt=   -1730442.041381127     
 ---------------------
 rk4
 istep=     29000001
 grad_b=   0.7457465138840060       -2.1848020005618661E-003 
   0.1583837619467448     
 bsub=   1.2357655320356153E-002   6.1637023501207415E-002 
    1.229844586481212     
 bsup=    0.000000000000000        0.3653698113975690      
    1.084033595016412     
 b_abs=    1.164371586536340     
 g=  -9.7153759756486106E-003
 j=    0.000000000000000        -1501.386874488049      
   -5.789738255343934     
 v_perp_2=    19034173.24784082     
 b_n=  -2.4150872910886268E-005   0.3635943439166976      
    1.084122817859549     
 b_para_n=    1.164371584175939     
 dxdt=  -0.1314796185215314         756.7711843373467      
    2274.464802356305     
 dudt=   -1199637.579302922     
 ---------------------
 Elapsed time (seconds):     151.9527640000000     

real	2m31.964s
user	2m31.608s
sys	0m0.018s
>>> [PID 3692244] DONE  u=3000, v_perp=4000, out=gc_grid/dat301.dat
