>>> [PID 3736181] START u=9500, v_perp=8000, out=gc_grid/dat398.dat, dt=2e-09, steps=30000000
 outer boundary:   8.3000000000000462E-002
 rk4
 istep=            1
 grad_b=  -0.5028816605807429        4.9312546128071830E-003 
  -7.9818403952234135E-003
 bsub=   8.6925739365371797E-003   4.2252233198295172E-002 
    1.020727484586158     
 bsup=    0.000000000000000        0.5003011761197429      
   0.9181486909342785     
 b_abs=   0.9787596026455700     
 g=  -1.6418790764010420E-002
 j=    0.000000000000000         576.0999781832438      
    59.08554126319373     
 v_perp_2=    63999993.82834934     
 b_n=   3.3935880595380692E-005   0.5035442253551510      
   0.9180141689750383     
 b_para_n=   0.9787596136816225     
 dxdt=   0.4461782048456333         4898.643083292124      
    8909.932152464691     
 dudt=    162390.1190073537     
 ---------------------
 rk4
 istep=      1000001
 grad_b=   0.3089643620508367       -0.1084397730290848      
  -0.2339724506522407     
 bsub=   5.4956329218409830E-002   0.1072037861655854      
    1.901780597535925     
 bsup=    0.000000000000000        -1.579120098074705      
    1.053028749072457     
 b_abs=    1.353662685080391     
 g=  -9.8855938429370585E-003
 j=    0.000000000000000         381.9562951450343      
   -31.24340044483502     
 v_perp_2=    88514348.44736888     
 b_n=  -8.4820688234831106E-004   -1.581931602039207      
    1.053211744288905     
 b_para_n=    1.353662684005969     
 dxdt=   -8.500712429580256        -9486.305018021401      
    6308.941829965134     
 dudt=    1814829.934494868     
 ---------------------
 rk4
 istep=      2000001
 grad_b=  -0.1464312874347352       -2.8221786119804054E-002 
  -6.6118748349915935E-002
 bsub=   4.0483968657592462E-002  -1.6936191099504352E-002 
   0.9296909021476524     
 bsup=    0.000000000000000        3.4362023019807175E-004 
    1.109070173024283     
 b_abs=    1.015102685447759     
 g=  -1.2656206102321857E-002
 j=    0.000000000000000        -318.5090520398685      
    120.6840920528483     
 v_perp_2=    66376222.59330119     
 b_n=  -2.0571994671290093E-004   1.3471586132574737E-003 
    1.109097428054643     
 b_para_n=    1.015102699511417     
 dxdt=   -2.617244986604054         15.94072695436766      
    10242.20329708219     
 dudt=    2362132.400802367     
 ---------------------
 rk4
 istep=      3000001
 grad_b=  -0.5532809647932873        6.3501091637251941E-002 
  -5.7125551287170583E-002
 bsub=   9.3066013941863271E-003  -0.2304839039428151      
    1.525303122862871     
 bsup=    0.000000000000000        -1.259008210444704      
   0.9038723980166430     
 b_abs=    1.291897684017538     
 g=  -1.6651785222454488E-002
 j=    0.000000000000000         570.5482957842464      
   -159.2353972061059     
 v_perp_2=    84475340.50990376     
 b_n=   2.6315500461978909E-004   -1.256356266175847      
   0.9042714987311148     
 b_para_n=    1.291897659384572     
 dxdt=    2.731496858542429        -8112.940415160389      
    5848.380397730670     
 dudt=    3329988.821419893     
 ---------------------
 rk4
 istep=      4000001
 grad_b=   7.0608818768915671E-002   4.0587343204738953E-002 
   9.4920374990978426E-002
 bsub=  -4.0081081189724532E-002   7.3917209681257333E-003 
   0.9697044136121892     
 bsup=    0.000000000000000        8.4755610054649377E-002 
    1.119790105700514     
 b_abs=    1.042443898580464     
 g=  -1.1782990968661746E-002
 j=    0.000000000000000         414.1296133961391      
   -41.66105061383351     
 v_perp_2=    68163797.93541896     
 b_n=   2.9303554979964974E-004   8.4207778414940773E-002 
    1.119806389251659     
 b_para_n=    1.042443894389479     
 dxdt=    3.640741243504388         747.5601932490033      
    9966.886808799949     
 dudt=   -3441490.201920835     
 ---------------------
 rk4
 istep=      5000001
 grad_b=   7.3723438575561268E-002   0.1236556568836071      
   0.2129394087909777     
 bsub=  -6.8805475838640509E-002   8.8981472913236243E-002 
    1.889108315618589     
 bsup=    0.000000000000000        -1.349802023956079      
    1.039584339090312     
 b_abs=    1.357704147692229     
 g=  -1.1873281965667868E-002
 j=    0.000000000000000         858.6761911924672      
   -398.1569533930561     
 v_perp_2=    88778042.76428297     
 b_n=   8.3018802833924267E-004   -1.350397271111603      
    1.039642585886366     
 b_para_n=    1.357704108696850     
 dxdt=    8.302082628859822        -8050.333391591043      
    6196.166731137785     
 dudt=   -1311370.250024494     
 ---------------------
 rk4
 istep=      6000001
 grad_b=  -0.4363024543047987       -3.5372709464888852E-002 
   6.6388433356835821E-002
 bsub=  -6.1990743651048359E-003   3.9475168546070430E-002 
    1.024396139650612     
 bsup=    0.000000000000000        0.8057813960794616      
   0.9256810793734278     
 b_abs=   0.9900688467109744     
 g=  -1.4563532356683699E-002
 j=    0.000000000000000        -131.5754339702119      
    152.9172774361988     
 v_perp_2=    64738876.24967277     
 b_n=  -2.6940120844608836E-004   0.8088773222587262      
   0.9255601659742834     
 b_para_n=   0.9900688659283675     
 dxdt=   -3.505338843072904         7740.276108152279      
    8844.173130866766     
 dudt=   -1088137.625120351     
 ---------------------
 rk4
 istep=      7000001
 grad_b=   0.3263250507216882       -8.1974492024756013E-002 
  -0.1375777358724845     
 bsub=   5.2924330100137765E-002   0.1466517350296239      
    2.037292439521440     
 bsup=    0.000000000000000        -1.390010803344788      
    1.066512020009406     
 b_abs=    1.403116484757887     
 g=  -9.5087174143737609E-003
 j=    0.000000000000000        -982.1868095922259      
    361.2246694340123     
 v_perp_2=    91747200.92497680     
 b_n=  -6.4871143417451909E-004   -1.392980292809856      
    1.066742648285349     
 b_para_n=    1.403116516004495     
 dxdt=   -6.337863040488427        -7861.038328180660      
    6011.523576266416     
 dudt=    763875.4902682665     
 ---------------------
 rk4
 istep=      8000001
 grad_b=   0.2978826144120464       -3.1330651390190166E-002 
  -0.1135547730628896     
 bsub=   3.1770359072528800E-002   3.3436981957092535E-002 
    1.033405910518859     
 bsup=    0.000000000000000        0.1478960142032814      
    1.112253792891636     
 b_abs=    1.074631086843933     
 g=  -1.1383143034451169E-002
 j=    0.000000000000000        -576.3058736049984      
    200.8396697447895     
 v_perp_2=    70268039.50029096     
 b_n=  -2.0843756684002214E-004   0.1456245963794771      
    1.112333715601611     
 b_para_n=    1.074631106485779     
 dxdt=   -2.521122092764139         1233.744400188514      
    9485.970039462274     
 dudt=    3983520.292962427     
 ---------------------
 rk4
 istep=      9000001
 grad_b=  -0.6875440374916375       -0.1266766713031841      
   0.1159195063661735     
 bsub=  -1.4331947526733967E-002  -0.2120337890391752      
    1.493898669958704     
 bsup=    0.000000000000000        -1.164053912313426      
   0.8957571988670366     
 b_abs=    1.258885910034721     
 g=  -1.7348459030184615E-002
 j=    0.000000000000000        -11.74526274662941      
   -304.2860823457934     
 v_perp_2=    82315964.59740305     
 b_n=  -5.3140628386639925E-004   -1.160744518345560      
   0.8962217867460195     
 b_para_n=    1.258885878228056     
 dxdt=   -5.628655116460245        -7807.436383331199      
    6039.836017252052     
 dudt=   -6526234.137807513     
 ---------------------
 rk4
 istep=     10000001
 grad_b=  -0.3593838019719888        2.1953014703097441E-002 
   4.0497031593827476E-002
 bsub=  -3.4968738302270548E-002  -4.7091441299809744E-002 
   0.8937924581646636     
 bsup=    0.000000000000000       -0.1741994317057627      
    1.103373376998458     
 b_abs=   0.9975445796488068     
 g=  -1.2800154518430007E-002
 j=    0.000000000000000         323.7922446334130      
   -243.4658297117759     
 v_perp_2=    65227280.04690739     
 b_n=   1.6683256703134197E-004  -0.1717211518112389      
    1.103510445443427     
 b_para_n=   0.9975445506233488     
 dxdt=    2.156062902342850        -1615.621678195347      
    10437.92913562943     
 dudt=   -1339132.607746483     
 ---------------------
 rk4
 istep=     11000001
 grad_b=  -0.1967641049234525        0.1548126082355057      
   0.2918398410158861     
 bsub=  -6.5106702973739466E-002   2.0933888845279667E-002 
    1.671994999436869     
 bsup=    0.000000000000000        -1.349867731524897      
   0.9895233745456626     
 b_abs=    1.275484973919322     
 g=  -1.3700068497831905E-002
 j=    0.000000000000000         343.5771552953684      
   -170.6187335139553     
 v_perp_2=    83401079.84872973     
 b_n=   9.9852209854607251E-004   -1.348642988786526      
   0.9895469079463236     
 b_para_n=    1.275484955004862     
 dxdt=    10.46788652099471        -8895.207535574491      
    6530.309221977906     
 dudt=   -2045620.597992900     
 ---------------------
 rk4
 istep=     12000001
 grad_b=  -0.2928239240379156       -3.1591258044259926E-002 
   5.5395138546074973E-002
 bsub=  -2.3110879260341399E-002   2.7776284651973650E-002 
    1.005933286567102     
 bsup=    0.000000000000000        0.1867447282472172      
   0.9793662171949614     
 b_abs=   0.9949859932826374     
 g=  -1.5751690186789430E-002
 j=    0.000000000000000         430.3810155472303      
   -128.5090200940077     
 v_perp_2=    65059779.52918816     
 b_n=  -2.1108853335444162E-004   0.1886029201893530      
   0.9793100437393117     
 b_para_n=   0.9949859785699386     
 dxdt=   -2.734332301517636         1796.585242539429      
    9295.072540678668     
 dudt=   -1588796.710545579     
 ---------------------
 rk4
 istep=     13000001
 grad_b=   0.4712827187514693       -2.2752109425374631E-002 
   3.9972622733157090E-002
 bsub=   5.1405575556332489E-002   0.1692278414789002      
    2.039400439198541     
 bsup=    0.000000000000000        -1.130433454884022      
    1.071735303658653     
 b_abs=    1.412400379278216     
 g=  -9.3356443065399485E-003
 j=    0.000000000000000         65.86056578072191      
    262.6138937434548     
 v_perp_2=    92353374.32520296     
 b_n=  -2.3496162700290460E-004   -1.134672070285142      
    1.072092962750275     
 b_para_n=    1.412400407624057     
 dxdt=   -2.285198780681695        -6338.035057282086      
    5973.325300298141     
 dudt=   -1586998.531879141     
 ---------------------
 rk4
 istep=     14000001
 grad_b=   0.6960761569045307       -2.3778449566166326E-002 
  -0.1493761345875991     
 bsub=   6.7412553418336185E-003   6.4392627623789417E-002 
    1.187776710771280     
 bsup=    0.000000000000000        0.1033963766861800      
    1.111000466838321     
 b_abs=    1.151947770289080     
 g=  -9.4888369150020382E-003
 j=    0.000000000000000         416.9026948576468      
   -133.9747098136755     
 v_perp_2=    75322910.69853672     
 b_n=  -1.3747437249138453E-004   9.7286279899963440E-002 
    1.111332480861749     
 b_para_n=    1.151947758645956     
 dxdt=   -1.566145532183031         727.8091202224932      
    8572.079226931653     
 dudt=    4779854.986417644     
 ---------------------
 rk4
 istep=     15000001
 grad_b=   -1.014634029360723       -0.1295828170404152      
   0.1397421166325528     
 bsub=  -1.7119967088415983E-002  -0.1434466251826523      
    1.362412398690512     
 bsup=    0.000000000000000       -0.8831028250211046      
   0.8770374362750548     
 b_abs=    1.149493489515195     
 g=  -1.9541717875273104E-002
 j=    0.000000000000000         38.71659637868606      
    261.8530669843378     
 v_perp_2=    75162307.74335422     
 b_n=  -5.6388249499439522E-004  -0.8781307097794827      
   0.8775538843211330     
 b_para_n=    1.149493520589388     
 dxdt=   -6.435496965353420        -6775.432492534636      
    6791.147191721910     
 dudt=   -6740514.825275975     
 ---------------------
 rk4
 istep=     16000001
 grad_b=  -0.7237313892208344       -5.7851944295152780E-003 
  -9.9226497433261007E-003
 bsub=  -1.3171090342220318E-002  -8.1851566999767714E-002 
   0.9122541706237987     
 bsup=    0.000000000000000       -0.4259267168931668      
    1.026993241601235     
 b_abs=   0.9858737800427291     
 g=  -1.4551809266294097E-002
 j=    0.000000000000000        -386.8389215920611      
    263.0082591782041     
 v_perp_2=    64463533.86376627     
 b_n=  -4.2681713890429207E-005  -0.4212984662395429      
    1.027407930547592     
 b_para_n=   0.9858738148515142     
 dxdt=  -0.5574935256792155        -4033.275315061204      
    9876.201423793684     
 dudt=    256224.1992249899     
 ---------------------
 rk4
 istep=     17000001
 grad_b=  -0.7341374911043430        0.1446200874292559      
   0.2956298489573559     
 bsub=  -5.3336944198085046E-002  -4.4397321402073704E-002 
    1.423730522007440     
 bsup=    0.000000000000000        -1.144686321953313      
   0.9225728107193121     
 b_abs=    1.167984469771771     
 g=  -1.5992362263398559E-002
 j=    0.000000000000000        -554.5058904380355      
    643.5927858613888     
 v_perp_2=    76371145.62061635     
 b_n=   9.2685871411389933E-004   -1.140330024734495      
   0.9227434449769224     
 b_para_n=    1.167984549791156     
 dxdt=    10.43675759361664        -8599.812427799843      
    6972.572022408926     
 dudt=   -3000549.465069752     
 ---------------------
 rk4
 istep=     18000001
 grad_b=  -0.4613849010669702       -8.8619591925174698E-003 
   1.2542447046870714E-002
 bsub=  -3.2192545483629882E-002  -1.2061809336533159E-002 
   0.9793101889605675     
 bsup=    0.000000000000000       -0.1953621325388787      
   0.9859521438217438     
 b_abs=   0.9838761453491340     
 g=  -1.7178757756405642E-002
 j=    0.000000000000000         712.5732279937981      
   -247.9245680559624     
 v_perp_2=    64332721.76328079     
 b_n=  -5.0869568781607110E-005  -0.1926690149337130      
   0.9859836092334303     
 b_para_n=   0.9838761129752388     
 dxdt=  -0.6656615900581002        -1847.634355832976      
    9502.892532118200     
 dudt=   -468451.2639678704     
 ---------------------
 rk4
 istep=     19000001
 grad_b=   0.6823872069643803        3.4318069865431407E-002 
   0.1730917605746846     
 bsub=   4.7171336561085013E-002   0.1621619733012536      
    1.898396951015100     
 bsup=    0.000000000000000       -0.9166182785581192      
    1.072707613241739     
 b_abs=    1.373861139821436     
 g=  -9.2594695170824040E-003
 j=    0.000000000000000        -331.1685013208165      
    184.0493564674671     
 v_perp_2=    89832533.92371859     
 b_n=   1.7814394670328547E-004  -0.9228027158137144      
    1.073231476267423     
 b_para_n=    1.373861156351235     
 dxdt=    1.766364586006478        -5416.173118238165      
    6271.914909446445     
 dudt=   -3669939.338002952     
 ---------------------
 rk4
 istep=     20000001
 grad_b=   0.8286092777082646       -2.0911980728915314E-002 
  -0.1613224032966089     
 bsub=  -2.0217317599830281E-002   8.7024781625757525E-002 
    1.394810203008713     
 bsup=    0.000000000000000       -0.2532923684169884      
    1.101633135989131     
 b_abs=    1.230346004042454     
 g=  -8.6480331923322398E-003
 j=    0.000000000000000         595.3446570876962      
    172.3008938934537     
 v_perp_2=    80448408.03817248     
 b_n=  -1.0386597253719866E-004  -0.2612044729357184      
    1.102125300508262     
 b_para_n=    1.230346025838156     
 dxdt=   -1.120512146175232        -1853.948626002408      
    7697.368051138056     
 dudt=    4581678.267654744     
 ---------------------
 rk4
 istep=     21000001
 grad_b=   -1.097857403172545       -8.1638423161027818E-002 
   0.1130241497716543     
 bsub=  -1.8850772811488583E-003  -8.2343760670458149E-002 
    1.193302470446631     
 bsup=    0.000000000000000       -0.7050431469719576      
   0.8829336966316702     
 b_abs=    1.054315785897623     
 g=  -1.9956399223030944E-002
 j=    0.000000000000000        -412.7560026230069      
    284.2441281923236     
 v_perp_2=    68938242.99432127     
 b_n=  -3.8380866564356367E-004  -0.6993375711599611      
   0.8833268392343582     
 b_para_n=    1.054315826662327     
 dxdt=   -4.720921446911582        -6106.419223353848      
    7739.862170096907     
 dudt=   -4879309.525712525     
 ---------------------
 rk4
 istep=     22000001
 grad_b=   -1.008255001232277       -5.1416037220930591E-002 
  -9.4271157722958077E-002
 bsub=   1.4504294769136464E-002  -8.9068946792572712E-002 
    1.028270090424675     
 bsup=    0.000000000000000       -0.5460817086188299      
   0.9429170604818817     
 b_abs=    1.008763365687357     
 g=  -1.5664266572579980E-002
 j=    0.000000000000000        -307.2426752719208      
    839.6006350563778     
 v_perp_2=    65959594.45841356     
 b_n=  -3.7782047646374206E-004  -0.5396966280219870      
   0.9434755727823646     
 b_para_n=    1.008763473810052     
 dxdt=   -4.833855050598908        -5004.878947477625      
    8790.105198354118     
 dudt=    1970892.141613530     
 ---------------------
 rk4
 istep=     23000001
 grad_b=   -1.092266906034858        8.5685176200836058E-002 
   0.2060551231668680     
 bsub=  -3.3163259576858665E-002  -7.6602653383026964E-002 
    1.215795177965559     
 bsup=    0.000000000000000       -0.8744022087399299      
   0.8925582546676063     
 b_abs=    1.073508791137672     
 g=  -1.7052050916743548E-002
 j=    0.000000000000000        -163.5255824361042      
    562.4138681088633     
 v_perp_2=    70192991.57918218     
 b_n=   5.8550685502204098E-004  -0.8679539426229231      
   0.8929805706942271     
 b_para_n=    1.073508863963013     
 dxdt=    7.088363521003057        -7389.733068923518      
    7627.971737214063     
 dudt=   -3319326.296838613     
 ---------------------
 rk4
 istep=     24000001
 grad_b=  -0.8068214069892247        1.7151887945104426E-002 
  -3.7276169020279949E-002
 bsub=  -2.1281920619916322E-002  -4.5594349909968329E-002 
    1.029888362218203     
 bsup=    0.000000000000000       -0.4628366536885223      
   0.9359559611959097     
 b_abs=   0.9924696672611759     
 g=  -1.8753433084542252E-002
 j=    0.000000000000000        -597.1217549391640      
   -225.8485372974832     
 v_perp_2=    64894006.29955069     
 b_n=   8.5469365188600393E-005  -0.4583840125360871      
   0.9361548259690056     
 b_para_n=   0.9924696413505539     
 dxdt=    1.109658826096254        -4350.502923410249      
    8917.144358343807     
 dudt=    1410788.565557372     
 ---------------------
 rk4
 istep=     25000001
 grad_b=   0.7516174608510708        3.6905210903270411E-002 
   0.1765338792722838     
 bsub=   3.6321010205949023E-002   0.1303678114604279      
    1.671642574093840     
 bsup=    0.000000000000000       -0.7071037965368119      
    1.082598981618121     
 b_abs=    1.310603592128395     
 g=  -8.9175308100568462E-003
 j=    0.000000000000000        -920.2220130151372      
    303.5199208012208     
 v_perp_2=    85695500.16077769     
 b_n=   2.1872122515411563E-004  -0.7141726678039719      
    1.083145534625471     
 b_para_n=    1.310603616678413     
 dxdt=    2.245408078693050        -4539.711580287664      
    6844.951505228718     
 dudt=   -4116423.994988186     
 ---------------------
 rk4
 istep=     26000001
 grad_b=   0.7675744246854109       -2.5358222394776364E-002 
  -0.1724807609669520     
 bsub=  -4.2577494974512950E-002   0.1183135979946624      
    1.636721553731472     
 bsup=    0.000000000000000       -0.6651725643839734      
    1.079631464268361     
 b_abs=    1.299465149876952     
 g=  -9.0855087905446358E-003
 j=    0.000000000000000        -1077.595248605165      
    392.0097380868513     
 v_perp_2=    84967078.13762788     
 b_n=  -1.1974643616856614E-004  -0.6722615762953807      
    1.080140818650083     
 b_para_n=    1.299465183192867     
 dxdt=   -1.237361578707646        -4333.969555174295      
    6920.769440527511     
 dudt=    4260615.681861954     
 ---------------------
 rk4
 istep=     27000001
 grad_b=  -0.8467538799816904       -3.1761697313323352E-002 
   4.9334339835056709E-002
 bsub=   1.8290857166955443E-002  -4.6267335724928006E-002 
    1.058363446893212     
 bsup=    0.000000000000000       -0.5059736806891610      
   0.9198681823877011     
 b_abs=   0.9985799165611783     
 g=  -1.9212724711056763E-002
 j=    0.000000000000000        -405.3335104496866      
   -188.7556307422234     
 v_perp_2=    65293235.01541481     
 b_n=  -1.6137312427467898E-004  -0.5013535350426404      
   0.9200729239689340     
 b_para_n=   0.9985798940523577     
 dxdt=   -2.083552361516187        -4719.320544502596      
    8690.892802824410     
 dudt=   -2011897.023439182     
 ---------------------
 rk4
 istep=     28000001
 grad_b=  -0.8457835923329953       -0.1271305754056777      
  -0.2235455215269183     
 bsub=   4.1849298081127209E-002  -6.5054139867271155E-002 
    1.207271378876179     
 bsup=    0.000000000000000       -0.8450434423410680      
   0.9233221262322552     
 b_abs=    1.081913184019401     
 g=  -1.4859583851551309E-002
 j=    0.000000000000000         413.4885381229994      
    204.3615052067073     
 v_perp_2=    70741943.84200121     
 b_n=  -9.2350572095420511E-004  -0.8394826134027981      
   0.9236538059403452     
 b_para_n=    1.081913206580182     
 dxdt=   -11.10422942522678        -7070.713689457969      
    7802.738205613629     
 dudt=    2990766.390508397     
 ---------------------
 rk4
 istep=     29000001
 grad_b=   -1.070629621443802        3.5762060628816483E-002 
   9.4188414846192475E-002
 bsub=  -9.0229274227934930E-003  -8.4856690303696081E-002 
    1.053523280300549     
 bsup=    0.000000000000000       -0.5849350588627924      
   0.9230799341285014     
 b_abs=    1.010871734924603     
 g=  -1.6907545351951776E-002
 j=    0.000000000000000        -183.6616323189667      
    546.8541443050906     
 v_perp_2=    66096748.82866412     
 b_n=   2.5963389097578257E-004  -0.5785274286352761      
   0.9235983329258085     
 b_para_n=    1.010871806397460     
 dxdt=    3.315541221866050        -5351.061866606523      
    8580.203479468879     
 dudt=   -2135332.631420340     
 ---------------------
 Elapsed time (seconds):     159.9528680000000     

real	2m39.967s
user	2m39.198s
sys	0m0.038s
>>> [PID 3736181] DONE  u=9500, v_perp=8000, out=gc_grid/dat398.dat
