>>> [PID 3732001] START u=5500, v_perp=8000, out=gc_grid/dat390.dat, dt=2e-09, steps=30000000
 outer boundary:   8.3000000000000462E-002
 rk4
 istep=            1
 grad_b=  -0.5028820884605070        4.9316607892840106E-003 
  -7.9827021026773887E-003
 bsub=   8.6924622511996529E-003   4.2252296062507945E-002 
    1.020727239546377     
 bsup=    0.000000000000000        0.5003091486549652      
   0.9181486163170364     
 b_abs=   0.9787596423830294     
 g=  -1.6418750387352840E-002
 j=    0.000000000000000         576.0999653203057      
    59.09152895746188     
 v_perp_2=    63999996.42673782     
 b_n=   1.9648783252676729E-005   0.5021867091096303      
   0.9180707348033497     
 b_para_n=   0.9787596487727854     
 dxdt=   0.2272146193086655         2833.127424644247      
    5158.504635738171     
 dudt=    162408.4136794615     
 ---------------------
 rk4
 istep=      1000001
 grad_b=   -1.061081731321523        9.4358618947987749E-002 
   0.2194146938657316     
 bsub=  -3.5957717739153544E-002  -7.4169968774153286E-002 
    1.236483066195628     
 bsup=    0.000000000000000       -0.9077654229242277      
   0.8939668646160239     
 b_abs=    1.083036957340565     
 g=  -1.6926579653977210E-002
 j=    0.000000000000000         2.241453779781921      
    546.9464823563130     
 v_perp_2=    70818550.54189675     
 b_n=   3.3909249033620538E-004  -0.9044391507270959      
   0.8941762829504989     
 b_para_n=    1.083036994021934     
 dxdt=    3.805862361201068        -4019.899766278285      
    3997.910694402031     
 dudt=   -3335559.320673168     
 ---------------------
 rk4
 istep=      2000001
 grad_b=  -5.5568152038699137E-002  -9.7170319334235325E-002 
  -8.5862068328000210E-002
 bsub=   9.2299654150431426E-002   8.1260931361317110E-002 
    1.909182089046562     
 bsup=    0.000000000000000        -1.107135735650890      
    1.039444312071517     
 b_abs=    1.376568630364663     
 g=  -1.2879182645820596E-002
 j=    0.000000000000000        -1533.641123533133      
   -49.06789373374126     
 v_perp_2=    90012213.00162986     
 b_n=  -1.5754842646591247E-004   -1.107049142007674      
    1.039448240818494     
 b_para_n=    1.376568627246900     
 dxdt=   -2.737782908291843        -1654.160112178256      
    1554.504558454199     
 dudt=   -435394.5994737929     
 ---------------------
 rk4
 istep=      3000001
 grad_b=  -0.5883960499812619       -4.2754423691269694E-002 
   4.6150243979879157E-002
 bsub=  -2.8423255862046873E-002  -0.2313075727561325      
    1.528200412439970     
 bsup=    0.000000000000000        -1.270318321607769      
   0.9043232752859434     
 b_abs=    1.294616709736853     
 g=  -1.7152060842892773E-002
 j=    0.000000000000000         664.5067396223849      
   -61.20109923012274     
 v_perp_2=    84653449.71823588     
 b_n=  -6.1623189829027012E-005   -1.269306089100495      
   0.9044753350115106     
 b_para_n=    1.294616703729435     
 dxdt=  -0.7978244658687904        -3026.582454774825      
    2165.883096492362     
 dudt=   -2425568.216679920     
 ---------------------
 rk4
 istep=      4000001
 grad_b=   0.4259229013262219       -3.8772580142833697E-002 
  -5.2642792260069710E-002
 bsub=   3.9527780088403699E-002   0.1688392662213917      
    2.095510083721692     
 bsup=    0.000000000000000        -1.376265929019172      
    1.072047287595343     
 b_abs=    1.419823051787309     
 g=  -8.5040555775413307E-003
 j=    0.000000000000000        -456.3464695902766      
    160.9310999895535     
 v_perp_2=    92840513.99518703     
 b_n=  -5.2424198378272602E-005   -1.376914067369639      
    1.072100499592107     
 b_para_n=    1.419823053801720     
 dxdt=   -1.487528309549319        -1169.187149244606      
    897.9268718320579     
 dudt=    70789.46297133416     
 ---------------------
 rk4
 istep=      5000001
 grad_b=  -0.9427823836429384       -0.1253870777203271      
   0.1431487828812260     
 bsub=  -2.9843817734440635E-002  -0.1866066192361417      
    1.471480744913332     
 bsup=    0.000000000000000        -1.090523895026513      
   0.8896765981311286     
 b_abs=    1.229900778357302     
 g=  -1.8384298228412206E-002
 j=    0.000000000000000         202.7622717598495      
   -155.9011242055948     
 v_perp_2=    80421704.43613777     
 b_n=  -2.2073894228863584E-004   -1.088589158072393      
   0.8899174687018850     
 b_para_n=    1.229900769720447     
 dxdt=   -2.608150384440101        -3274.371598609137      
    2692.809778201304     
 dudt=   -7020380.460150717     
 ---------------------
 rk4
 istep=      6000001
 grad_b=   0.4657731285235782        2.5758214518551967E-002 
   9.2813965963725611E-002
 bsub=   1.1050723486981079E-002   0.1846137945523854      
    2.124216599427041     
 bsup=    0.000000000000000        -1.413336590782978      
    1.071175252828395     
 b_abs=    1.419295933882477     
 g=  -7.5229033978472431E-003
 j=    0.000000000000000         1415.530428877052      
   -22.13226365335932     
 v_perp_2=    92805990.22221661     
 b_n=   3.1176097284253103E-005   -1.414156497646045      
    1.071246349148896     
 b_para_n=    1.419295935563189     
 dxdt=   0.8746180731839637        -1219.626201616099      
    908.9221931191831     
 dudt=   -1451590.036205115     
 ---------------------
 rk4
 istep=      7000001
 grad_b=  -0.9061534144556480       -4.8091365338568158E-003 
   4.5028213855930831E-002
 bsub=   1.5949946524739585E-002  -6.0043242829180360E-002 
    1.024660998323702     
 bsup=    0.000000000000000       -0.4925580924823787      
   0.9435096036913218     
 b_abs=   0.9982597368913151     
 g=  -1.8099093956259669E-002
 j=    0.000000000000000         878.8584735334732      
   -553.9253668509238     
 v_perp_2=    65274949.37733102     
 b_n=  -6.9441300127651996E-006  -0.4896567991710817      
   0.9436796792984167     
 b_para_n=   0.9982596928386971     
 dxdt=  -7.9621637314468863E-002   -2622.721534926613      
    5089.572968156622     
 dudt=   -1469007.290648403     
 ---------------------
 rk4
 istep=      8000001
 grad_b=   0.4737145947921005        7.2521615704821352E-002 
   0.2127001080459730     
 bsub=  -6.8269917705853968E-003   0.1652601671263502      
    1.939823376418472     
 bsup=    0.000000000000000        -1.252492977203553      
    1.069252855549785     
 b_abs=    1.365973544623442     
 g=  -7.7009679662371523E-003
 j=    0.000000000000000        -1853.018316438352      
    342.4515458495386     
 v_perp_2=    89319251.45072107     
 b_n=   1.7060500633723442E-004   -1.253980964435713      
    1.069380226625309     
 b_para_n=    1.365973550225408     
 dxdt=    2.789268435943916        -2060.381611851542      
    1740.261548828053     
 dudt=   -3269435.246704162     
 ---------------------
 rk4
 istep=      9000001
 grad_b=   5.8891930296104594E-002   2.1742756206394181E-003 
  -8.6068647498093523E-002
 bsub=   3.3240444309177442E-002   1.6626255586845863E-002 
   0.9873044176749047     
 bsup=    0.000000000000000        0.1759226208323134      
    1.071959569468846     
 b_abs=    1.030145473418333     
 g=  -1.3613348761088639E-002
 j=    0.000000000000000         687.1071451128063      
   -144.9821908251892     
 v_perp_2=    67359877.07741761     
 b_n=   1.3434798459828817E-005   0.1756935807278651      
    1.071962965365769     
 b_para_n=    1.030145464956797     
 dxdt=   0.1523331554743608         882.9658232296116      
    5396.092034520515     
 dudt=    2916041.438161132     
 ---------------------
 rk4
 istep=     10000001
 grad_b=   0.5884924521299103        6.7901352630275427E-002 
   0.1610809720867669     
 bsub=  -2.2210062324709963E-002   0.1194364251765778      
    1.591721336736286     
 bsup=    0.000000000000000       -0.8857240338012922      
    1.099074934552834     
 b_abs=    1.282536598466900     
 g=  -7.8119522489056084E-003
 j=    0.000000000000000         867.5263120719586      
    109.2178893344666     
 v_perp_2=    83863366.03428203     
 b_n=   2.3310341004711724E-004  -0.8881911701853922      
    1.099263316997879     
 b_para_n=    1.282536605613549     
 dxdt=    2.950496129721576        -2256.925129367766      
    2764.201717664522     
 dudt=   -2979959.615937662     
 ---------------------
 rk4
 istep=     11000001
 grad_b=  -0.3744434745672081        1.5816167130545261E-002 
  -2.7869426833125641E-002
 bsub=   3.2315828745256070E-002   3.2590021037762554E-004 
   0.9792541949966849     
 bsup=    0.000000000000000       -8.7444134733769996E-002 
   0.9949484135945008     
 b_abs=   0.9871496827603436     
 g=  -1.6566123671306280E-002
 j=    0.000000000000000         32.15419587160386      
   -99.67055794063131     
 v_perp_2=    64548397.60949524     
 b_n=   5.4733186525034045E-005  -8.6152279321511094E-002 
   0.9949461702061808     
 b_para_n=   0.9871496755849472     
 dxdt=   0.6305216589465950        -467.8849958274825      
    5492.947610051649     
 dudt=    964176.9818251444     
 ---------------------
 rk4
 istep=     12000001
 grad_b=   0.1240292171864497        0.1490196909615790      
   0.2878330464469432     
 bsub=  -5.9722196781295950E-002   4.5457881741570075E-002 
    1.635855674196874     
 bsup=    0.000000000000000        -1.454547611988652      
    1.017532534832275     
 b_abs=    1.264560693643854     
 g=  -1.1100233716192258E-002
 j=    0.000000000000000         259.0707922244081      
   -274.4531998032206     
 v_perp_2=    82687897.14025584     
 b_n=   4.6230961335663880E-004   -1.454988656730320      
    1.017561659437635     
 b_para_n=    1.264560681422633     
 dxdt=    5.688268338182659        -3916.596610257511      
    2736.427435974730     
 dudt=   -1968111.963868020     
 ---------------------
 rk4
 istep=     13000001
 grad_b=  -0.8412836108238042       -2.3396462535195523E-002 
  -0.1649667319054962     
 bsub=   8.4699725736987030E-002  -0.1231805339413693      
    1.621077559270338     
 bsup=    0.000000000000000        -1.216091961359048      
   0.9378989356289607     
 b_abs=    1.292610284164214     
 g=  -1.8668987169561502E-002
 j=    0.000000000000000         1381.054459976453      
   -355.4559773118179     
 v_perp_2=    84521989.83814567     
 b_n=  -6.0930500310693171E-005   -1.214679945264020      
   0.9380093992013409     
 b_para_n=    1.292610265848653     
 dxdt=  -0.7857181916960280        -2916.134703588571      
    2264.507413219141     
 dudt=    3193776.016783952     
 ---------------------
 rk4
 istep=     14000001
 grad_b=  -0.7468741116747558        0.1423982310447013      
  -0.1013413711265968     
 bsub=  -1.0038084424397468E-002  -8.2303062184804293E-002 
    1.210920619995678     
 bsup=    0.000000000000000       -0.6577619306741456      
   0.8883534534720613     
 b_abs=    1.062928072463154     
 g=  -2.0564409892146689E-002
 j=    0.000000000000000         653.5342141270304      
   -189.9252848039801     
 v_perp_2=    69503364.04603101     
 b_n=   3.6755180887984817E-004  -0.6557338258078120      
   0.8884943308299609     
 b_para_n=    1.062928056037350     
 dxdt=    4.135820751368563        -3055.564424667253      
    4159.159482901709     
 dudt=    5650109.721641311     
 ---------------------
 rk4
 istep=     15000001
 grad_b=   0.5287004412491715       -8.1296724118870511E-002 
  -0.1807716715243303     
 bsub=   3.7861827169582030E-002   0.1059117999049657      
    1.570143902237435     
 bsup=    0.000000000000000       -0.9666506612263215      
    1.091828751360964     
 b_abs=    1.269546389414620     
 g=  -8.1548171959934558E-003
 j=    0.000000000000000         948.0637881710576      
   -249.0715344846732     
 v_perp_2=    83013826.94282135     
 b_n=  -2.8948815702441969E-004  -0.9688837345887162      
    1.091986354291504     
 b_para_n=    1.269546381467421     
 dxdt=   -3.587886778334002        -2579.967811500948      
    2884.757719515528     
 dudt=    3059069.966638871     
 ---------------------
 rk4
 istep=     16000001
 grad_b=   6.2024363410366073E-002  -1.4641400028722662E-002 
   9.0113194649231593E-002
 bsub=  -2.8782459524944192E-002   2.3592602532026094E-002 
    1.001152133484096     
 bsup=    0.000000000000000        0.2271576975084121      
    1.054817908628242     
 b_abs=    1.030281454527969     
 g=  -1.3874157419131474E-002
 j=    0.000000000000000         950.6166498561550      
   -253.2355373745579     
 v_perp_2=    67368603.88813481     
 b_n=  -6.1816796863173651E-005   0.2269195077367213      
    1.054821729214688     
 b_para_n=    1.030281439688446     
 dxdt=  -0.7008921919317381         1140.433877563024      
    5308.246492427091     
 dudt=   -2910804.850496976     
 ---------------------
 rk4
 istep=     17000001
 grad_b=   0.5082913332847676       -6.8467762326179626E-002 
  -0.1859173532374506     
 bsub=   1.2457108810403142E-002   0.1445056942712347      
    1.771752378593606     
 bsup=    0.000000000000000        -1.083374747278180      
    1.079008603245521     
 b_abs=    1.324905004047377     
 g=  -7.8228194345392986E-003
 j=    0.000000000000000        -334.6879099944506      
    481.8140295184446     
 v_perp_2=    86633596.74331708     
 b_n=  -1.9856507912233997E-004   -1.085273077958606      
    1.079164841326608     
 b_para_n=    1.324905020691638     
 dxdt=   -2.765949748577626        -2283.117577938913      
    2249.756024630949     
 dudt=    3119879.270986533     
 ---------------------
 rk4
 istep=     18000001
 grad_b=  -0.3972848771501205       -2.8309583069681850E-003 
   2.7369990380206544E-002
 bsub=  -3.5955150427575328E-002  -3.1666609601294637E-002 
   0.9384069604306426     
 bsup=    0.000000000000000       -0.2083009549997826      
    1.042415934023816     
 b_abs=   0.9924972413523647     
 g=  -1.5378769651752770E-002
 j=    0.000000000000000         913.7742549816162      
   -150.5967359729416     
 v_perp_2=    64897910.73219244     
 b_n=  -6.6966670622155918E-006  -0.2069097166101833      
    1.042462611858777     
 b_para_n=   0.9924972290419537     
 dxdt=  -7.6967191218165712E-002   -1121.065383610367      
    5690.785248339309     
 dudt=   -959273.3277539416     
 ---------------------
 rk4
 istep=     19000001
 grad_b=   0.4609273743423267       -5.0673155973413361E-002 
  -0.1635534785783624     
 bsub=  -1.0670189060440574E-003   0.1817751580595546      
    2.083861366344412     
 bsup=    0.000000000000000        -1.386472604777943      
    1.069563584860659     
 b_abs=    1.405654187274048     
 g=  -7.4996772190452522E-003
 j=    0.000000000000000         488.8871155230318      
    120.5959140220047     
 v_perp_2=    91913612.64896147     
 b_n=  -8.1868294941753891E-005   -1.387508912584428      
    1.069653942370181     
 b_para_n=    1.405654190733610     
 dxdt=   -1.840139823342053        -1530.959353919938      
    1165.086682138880     
 dudt=    2434620.888588416     
 ---------------------
 rk4
 istep=     20000001
 grad_b=   -1.219219818220989        8.6866062054640397E-002 
  -0.1457682390611082     
 bsub=   2.1599981833438489E-002  -0.1131849148180915      
    1.310724991658385     
 bsup=    0.000000000000000       -0.8340264574564298      
   0.8764005088869798     
 b_abs=    1.115007793304899     
 g=  -1.9944301852078308E-002
 j=    0.000000000000000         48.72252030843035      
    178.3608500002208     
 v_perp_2=    72908652.68573827     
 b_n=   1.8976131981649673E-004  -0.8309178195409218      
   0.8766658311414768     
 b_para_n=    1.115007804455678     
 dxdt=    2.129190922408772        -3420.635409037207      
    3634.055382155837     
 dudt=    5870267.394954288     
 ---------------------
 rk4
 istep=     21000001
 grad_b=   0.4571636307746960        4.3885260848935993E-003 
  -7.8650120140518337E-003
 bsub=  -2.4730224426493190E-002   0.1795758899602469      
    2.126260679287516     
 bsup=    0.000000000000000        -1.416793382596196      
    1.072530269937134     
 b_abs=    1.423819591487850     
 g=  -7.8199098203303608E-003
 j=    0.000000000000000         902.8440716898331      
   -67.07105646944122     
 v_perp_2=    93101364.22859165     
 b_n=   7.5984041227569098E-006   -1.417480722471361      
    1.072588408515521     
 b_para_n=    1.423819591623504     
 dxdt=   0.2375135713346566        -1087.940846883524      
    809.1374304012575     
 dudt=    336469.4097489182     
 ---------------------
 rk4
 istep=     22000001
 grad_b=  -0.5675478049236530        4.1548391871015722E-002 
  -4.2153404470027474E-002
 bsub=   2.0619849057238161E-002  -0.2308894439648441      
    1.530418497973783     
 bsup=    0.000000000000000        -1.272680567618443      
   0.9052015465065816     
 b_abs=    1.295916725031125     
 g=  -1.6820831366211937E-002
 j=    0.000000000000000         804.2151127198298      
   -100.5071351578243     
 v_perp_2=    84737966.14085697     
 b_n=   6.1510126434011426E-005   -1.271689461110349      
   0.9053502359528159     
 b_para_n=    1.295916716834556     
 dxdt=   0.7984384310623351        -3015.993816460269      
    2156.223700107681     
 dudt=    2296694.065218139     
 ---------------------
 rk4
 istep=     23000001
 grad_b=   0.2824608818000862        7.9581416083946824E-002 
   0.1015068798646006     
 bsub=  -6.1674689121516080E-002   0.1438483733497700      
    2.022180524658752     
 bsup=    0.000000000000000        -1.265261994083969      
    1.064279570521665     
 b_abs=    1.403446641848167     
 g=  -1.0161216599236220E-002
 j=    0.000000000000000        -680.8848370310683      
    286.4981194909678     
 v_perp_2=    91769151.82943486     
 b_n=   1.2047075985548146E-004   -1.265737417449617      
    1.064317067657170     
 b_para_n=    1.403446646909055     
 dxdt=    2.635849713237789        -1430.389771611940      
    1195.248157272026     
 dudt=   -170998.4226541716     
 ---------------------
 rk4
 istep=     24000001
 grad_b=   -1.113376314545938        8.7818536850128637E-002 
  -0.1643807714771147     
 bsub=   5.0579595163605003E-002  -0.1737160283244320      
    1.481611171857969     
 bsup=    0.000000000000000        -1.111307437475458      
   0.8872434264140714     
 b_abs=    1.227888082774513     
 g=  -1.9824784120605361E-002
 j=    0.000000000000000        -152.8836492885195      
   -18.43251967129331     
 v_perp_2=    80289627.52496237     
 b_n=   1.3280983827684544E-004   -1.109161093161523      
   0.8874905471962795     
 b_para_n=    1.227888082750030     
 dxdt=    1.566254189532108        -3356.300932214338      
    2702.720047170003     
 dudt=    6481907.504647954     
 ---------------------
 rk4
 istep=     25000001
 grad_b=   0.3838101491644140        0.1448548167464314      
  -0.1134103060477249     
 bsub=  -8.1111154740245051E-002  -0.1105525768498474      
    1.546809676553634     
 bsup=    0.000000000000000       -0.9480738893259418      
   0.9591225167905832     
 b_abs=    1.260199022389265     
 g=  -1.7090292016945580E-002
 j=    0.000000000000000         141.4214174325718      
   -537.2004050041296     
 v_perp_2=    82402367.35083930     
 b_n=   2.8063783065216996E-004  -0.9488493379877418      
   0.9590817907796947     
 b_para_n=    1.260198998267313     
 dxdt=    3.432158631568499        -2599.001142298661      
    2619.197203621066     
 dudt=    6384937.411944850     
 ---------------------
 rk4
 istep=     26000001
 grad_b=  -0.6075162563520521       -7.6681047510209516E-002 
  -8.4321103826413904E-002
 bsub=   4.2340053473929259E-002  -6.4932796014577077E-002 
   0.8756273350777585     
 bsup=    0.000000000000000       -0.4796455447184653      
    1.129369474248904     
 b_abs=    1.010318276075499     
 g=  -9.5748065654668504E-003
 j=    0.000000000000000         385.1007748705952      
   -222.1243435590293     
 v_perp_2=    66063042.93104514     
 b_n=  -4.1269167243866142E-004  -0.4766427155974409      
    1.129612089235594     
 b_para_n=    1.010318261066351     
 dxdt=   -4.710056101798515        -2486.226551901845      
    5937.512368945911     
 dudt=    1891457.698501964     
 ---------------------
 rk4
 istep=     27000001
 grad_b=   0.6322223138007136       -0.1159555061977219      
   0.1558263395475347     
 bsub=   6.4472788756978178E-002  -2.5510535090729518E-002 
    1.464952624328053     
 bsup=    0.000000000000000       -0.4261678790474444      
   0.9840466797079699     
 b_abs=    1.205170902600208     
 g=  -1.4887185926181976E-002
 j=    0.000000000000000        -639.4886374786099      
   -45.89748481051959     
 v_perp_2=    78804101.28021079     
 b_n=  -3.1544531988978689E-004  -0.4279099132304203      
   0.9840302254094188     
 b_para_n=    1.205170900788711     
 dxdt=   -3.652825387981541        -1409.928705932002      
    3208.838572772179     
 dudt=   -5500431.053137224     
 ---------------------
 rk4
 istep=     28000001
 grad_b=  -0.9016423570775044        1.6472240121586993E-002 
   4.3109569283305220E-002
 bsub=   5.5185861868067305E-003  -8.1946487015771341E-002 
   0.9802121993054904     
 bsup=    0.000000000000000       -0.4785845701133411      
   0.9664193685677559     
 b_abs=   0.9935062061344038     
 g=  -1.6362251820820628E-002
 j=    0.000000000000000         912.1144929371760      
    110.0377813895975     
 v_perp_2=    64963691.18527713     
 b_n=   6.8983754246004642E-005  -0.4754855460604144      
   0.9666780633820955     
 b_para_n=   0.9935062085212951     
 dxdt=   0.7925167725472833        -2571.273708518825      
    5267.111081629664     
 dudt=   -1111579.513020087     
 ---------------------
 rk4
 istep=     29000001
 grad_b=   0.6034155322706227       -1.7958104461442102E-003 
   0.1286154987599284     
 bsub=   6.9153988605408639E-002   0.1475916489353472      
    1.921547681316639     
 bsup=    0.000000000000000       -0.9470732662211931      
    1.066137825420381     
 b_abs=    1.381553024338018     
 g=  -1.0217696068503245E-002
 j=    0.000000000000000         500.7895607972382      
   -160.1304628439342     
 v_perp_2=    90337374.28876099     
 b_n=  -2.3803225541227674E-005  -0.9482941168340150      
    1.066232451769972     
 b_para_n=    1.381553021152913     
 dxdt=  -0.4275138200096501        -1377.897324148949      
    1528.140305646923     
 dudt=   -3285204.735856937     
 ---------------------
 Elapsed time (seconds):     163.1956000000000     

real	2m43.210s
user	2m42.723s
sys	0m0.033s
>>> [PID 3732001] DONE  u=5500, v_perp=8000, out=gc_grid/dat390.dat
