>>> [PID 3732574] START u=7000, v_perp=8000, out=gc_grid/dat393.dat, dt=2e-09, steps=30000000
 outer boundary:   8.3000000000000462E-002
 rk4
 istep=            1
 grad_b=  -0.5028819289689683        4.9315081558250831E-003 
  -7.9823786346375492E-003
 bsub=   8.6925040903176876E-003   4.2252272506275314E-002 
    1.020727331454267     
 bsup=    0.000000000000000        0.5003061602796423      
   0.9181486442163342     
 b_abs=   0.9787596274809585     
 g=  -1.6418765527349909E-002
 j=    0.000000000000000         576.0999678541358      
    59.08927929888583     
 v_perp_2=    63999995.45230789     
 b_n=   2.5006731935425105E-005   0.5026957799843109      
   0.9180495224710011     
 b_para_n=   0.9787596356131540     
 dxdt=   0.2956431841741870         3606.395505513837      
    6565.344103234468     
 dudt=    162401.5482141132     
 ---------------------
 rk4
 istep=      1000001
 grad_b=  -0.6798425026129311        4.1827476406344606E-002 
  -4.4032683931647776E-002
 bsub=  -2.2185425370323017E-002  -1.9531193937850230E-002 
    1.062301999622351     
 bsup=    0.000000000000000       -0.3814860082417364      
   0.9204365610628615     
 b_abs=   0.9925333055984782     
 g=  -1.9461875548869408E-002
 j=    0.000000000000000        -844.4918558251300      
    146.7929526464654     
 v_perp_2=    64900585.46357616     
 b_n=   1.6489705621132865E-004  -0.3787493378212490      
   0.9204903354056466     
 b_para_n=   0.9925333215574470     
 dxdt=    1.929576570527664        -2633.627689558167      
    6432.223764518714     
 dudt=    1860667.402248765     
 ---------------------
 rk4
 istep=      2000001
 grad_b=  -0.6199000201420056       -5.8429103540205307E-002 
   6.0392519482788953E-002
 bsub=  -2.9856530680393924E-002  -0.2307575885732326      
    1.523514667324468     
 bsup=    0.000000000000000        -1.259026204622326      
   0.9023329018187005     
 b_abs=    1.290530762323258     
 g=  -1.7322538377617231E-002
 j=    0.000000000000000         534.4598759079320      
   -98.44944729897213     
 v_perp_2=    84386237.38073552     
 b_n=  -1.4563607288583600E-004   -1.257197763824259      
   0.9026069809050362     
 b_para_n=    1.290530750782663     
 dxdt=   -1.493785951125939        -5199.844543612763      
    3742.934566131708     
 dudt=   -3244225.459558341     
 ---------------------
 rk4
 istep=      3000001
 grad_b=  -0.5963902679962332        2.3425731335610135E-004 
  -5.8002820643396902E-003
 bsub=   2.6278031930340923E-002  -6.0210329949719650E-002 
   0.9275793134337762     
 bsup=    0.000000000000000       -0.3564209480928432      
    1.027700557270789     
 b_abs=   0.9870632172899289     
 g=  -1.5510067492285798E-002
 j=    0.000000000000000        -242.3263102986726      
    82.45309365558592     
 v_perp_2=    64542820.43115807     
 b_n=  -6.3586317647808843E-007  -0.3537557461176469      
    1.027873585971194     
 b_para_n=   0.9870632258441774     
 dxdt=  -7.4707984137922668E-003   -2482.292902861983      
    7249.740862005178     
 dudt=    200209.4802209151     
 ---------------------
 rk4
 istep=      4000001
 grad_b=   0.7876136918742137       -3.4902196123103663E-002 
  -0.1608016482699300     
 bsub=  -1.5934880358939599E-002   0.1072150620036647      
    1.483864181967870     
 bsup=    0.000000000000000       -0.4824877548225514      
    1.106387999745325     
 b_abs=    1.261080007221511     
 g=  -8.3785466572092789E-003
 j=    0.000000000000000         530.5396043100750      
   -196.1516627942011     
 v_perp_2=    82460372.40975684     
 b_n=  -1.4990611464175483E-004  -0.4875474677799729      
    1.106751965139154     
 b_para_n=    1.261079996523482     
 dxdt=   -1.543785442925300        -2166.450283189018      
    4852.128723492871     
 dudt=    4175830.119479670     
 ---------------------
 rk4
 istep=      5000001
 grad_b=   0.4273501268433747        3.5939212643942342E-002 
   8.9865585982002921E-002
 bsub=  -1.1246213309472577E-002   0.1876368707623257      
    2.154119552357583     
 bsup=    0.000000000000000        -1.550747355302413      
    1.076265664594712     
 b_abs=    1.424559478653905     
 g=  -7.2831631918390000E-003
 j=    0.000000000000000        0.5236771363340011      
   -281.8157490160680     
 v_perp_2=    93150002.01021652     
 b_n=   1.9096216682626811E-004   -1.553653556020650      
    1.076519797682862     
 b_para_n=    1.424559461135680     
 dxdt=    1.998563817881406        -4880.404009624625      
    3368.698734570884     
 dudt=   -940661.9563112074     
 ---------------------
 rk4
 istep=      6000001
 grad_b=   0.7088408227671785        6.0337785119086655E-002 
   0.1645312805102229     
 bsub=  -1.1899009364793225E-002   8.8056706242115035E-002 
    1.316601612200908     
 bsup=    0.000000000000000       -0.3693756716554965      
    1.130403567057717     
 b_abs=    1.206499536367367     
 g=  -8.1688900762780254E-003
 j=    0.000000000000000        -740.5204096650369      
    64.80107998517144     
 v_perp_2=    78891293.63568608     
 b_n=   3.3374069402119605E-004  -0.3741810670322664      
    1.130727977835028     
 b_para_n=    1.206499537428046     
 dxdt=    3.483834019200994        -1838.187715092502      
    5475.296897685759     
 dudt=   -4435998.357797543     
 ---------------------
 rk4
 istep=      7000001
 grad_b=  -0.8544993804250416       -1.6054572889484937E-002 
  -3.4086197861020379E-002
 bsub=  -6.1864945499245805E-003  -8.4827732007148132E-002 
   0.9577358914449587     
 bsup=    0.000000000000000       -0.4639740176366274      
   0.9812123021290861     
 b_abs=   0.9898737929122573     
 g=  -1.5804131118169560E-002
 j=    0.000000000000000         498.2930078365705      
    176.4383123404650     
 v_perp_2=    64726393.67368750     
 b_n=  -8.5743266273742959E-005  -0.4601316791894582      
   0.9815520806641007     
 b_para_n=   0.9898738047241655     
 dxdt=   -1.005306951738941        -3211.582386762028      
    6891.109645573228     
 dudt=    858644.4094921367     
 ---------------------
 rk4
 istep=      8000001
 grad_b=   -1.000259203644319        2.9007045104684853E-002 
  -0.1696392289466163     
 bsub=   6.9795843650306902E-002  -0.1623998576729065      
    1.546903357983796     
 bsup=    0.000000000000000        -1.197011283433743      
   0.9084974463046088     
 b_abs=    1.264809965571839     
 g=  -1.9737685569501267E-002
 j=    0.000000000000000         19.21396208623383      
   -36.79793019796526     
 v_perp_2=    82704011.55079897     
 b_n=   3.1588785728632016E-005   -1.194211128475453      
   0.9087899898325025     
 b_para_n=    1.264809962855950     
 dxdt=   0.3251018594199929        -5180.315694380620      
    3956.595013528215     
 dudt=    4881320.038933784     
 ---------------------
 rk4
 istep=      9000001
 grad_b=   0.4551683652282639       -0.1414175462890685      
   0.1263686144426659     
 bsub=   7.8301023066421963E-002  -8.8798678084021504E-002 
    1.532043750362193     
 bsup=    0.000000000000000       -0.8389711680282685      
   0.9639601607879662     
 b_abs=    1.245456198446324     
 g=  -1.6694666648843955E-002
 j=    0.000000000000000        -152.2415227909137      
   -692.4694908855373     
 v_perp_2=    81438438.18307018     
 b_n=  -4.6624974197169856E-004  -0.8405313678935924      
   0.9638935191118245     
 b_para_n=    1.245456148577320     
 dxdt=   -4.816519581582837        -3800.524355862244      
    4347.515569719888     
 dudt=   -6312244.632959546     
 ---------------------
 rk4
 istep=     10000001
 grad_b=   0.1348779066650072       -3.0031503784505455E-002 
   0.1126585017415155     
 bsub=  -1.7127727299647708E-002   3.6526903024446306E-002 
    1.039936508159213     
 bsup=    0.000000000000000        0.4098896408777107      
    1.034345555676709     
 b_abs=    1.044452415529222     
 g=  -1.3461870642439887E-002
 j=    0.000000000000000        -364.8058961828356      
    45.31972606016140     
 v_perp_2=    68295066.93157117     
 b_n=  -1.6835683149651196E-004   0.4092123230571474      
    1.034366575803601     
 b_para_n=    1.044452418253052     
 dxdt=   -1.900988116010324         2616.304999880597      
    6621.711928958884     
 dudt=   -3262309.120544015     
 ---------------------
 rk4
 istep=     11000001
 grad_b=   -1.030723197885204        0.1252542380811397      
  -0.1354025767167347     
 bsub=   1.4178574146812103E-002  -0.1310982342264533      
    1.329906002268981     
 bsup=    0.000000000000000       -0.8389488709947044      
   0.8757119485109609     
 b_abs=    1.128869294874266     
 g=  -1.9798868904669621E-002
 j=    0.000000000000000        -417.1741749869028      
    350.3780472663253     
 v_perp_2=    73814896.69699527     
 b_n=   3.8628340671788503E-004  -0.8353959968786180      
   0.8760580906669597     
 b_para_n=    1.128869328497093     
 dxdt=    4.159532214283892        -4613.877296447247      
    4859.720691460573     
 dudt=    6477498.665955970     
 ---------------------
 rk4
 istep=     12000001
 grad_b=   -1.237400174374976       -5.1651229931889808E-002 
   0.1264614190451296     
 bsub=  -9.8833894186661289E-003  -8.4314235521321126E-002 
    1.198872666056879     
 bsup=    0.000000000000000       -0.7430273231170097      
   0.8806452079066291     
 b_abs=    1.057593613403981     
 g=  -1.9750786692237184E-002
 j=    0.000000000000000        -851.3119631377457      
   -96.49429234634977     
 v_perp_2=    69154258.23627014     
 b_n=  -1.6073966031219828E-004  -0.7383795093416828      
   0.8809707509019443     
 b_para_n=    1.057593609986842     
 dxdt=   -1.800043143933688        -4600.057915458603      
    5517.380373703983     
 dudt=   -4629195.432509719     
 ---------------------
 rk4
 istep=     13000001
 grad_b=   0.5655902839092006       -1.4738678328828332E-002 
  -0.1392062028081723     
 bsub=   1.2946253693897833E-002   5.3095769144581959E-002 
    1.117261795201117     
 bsup=    0.000000000000000        0.2847427606727746      
    1.096748269536671     
 b_abs=    1.113465559952497     
 g=  -1.0694525599673745E-002
 j=    0.000000000000000         584.7271865247401      
   -240.2397527109282     
 v_perp_2=    72807572.73607336     
 b_n=  -4.5397679201755154E-005   0.2815728927997986      
    1.096899421698404     
 b_para_n=    1.113465543995912     
 dxdt=  -0.4925977058315029         1586.847083944973      
    6246.206671558353     
 dudt=    4606128.550754520     
 ---------------------
 rk4
 istep=     14000001
 grad_b=   0.5579880832974076       -4.6613201215663265E-003 
  -0.1044879898009337     
 bsub=  -4.9078225343708856E-002   0.1714655579156178      
    2.003772838172501     
 bsup=    0.000000000000000        -1.046146863468600      
    1.072424556147283     
 b_abs=    1.403478316723829     
 g=  -9.2544615176159452E-003
 j=    0.000000000000000         283.7237075537132      
    158.4490054884974     
 v_perp_2=    91770931.47859269     
 b_n=   2.2676563770704455E-005   -1.049089756291542      
    1.072676946776544     
 b_para_n=    1.403478327983172     
 dxdt=   0.2353546563817690        -3464.955852665312      
    3523.299090918768     
 dudt=    2496743.283699126     
 ---------------------
 rk4
 istep=     15000001
 grad_b=   0.5025823094937459        7.0286129768250563E-002 
   0.1827564494660430     
 bsub=  -3.2472852481033862E-002   0.1255360802714273      
    1.701775874719004     
 bsup=    0.000000000000000        -1.162881066642906      
    1.083126590877596     
 b_abs=    1.303553838184055     
 g=  -8.0069760760911393E-003
 j=    0.000000000000000         394.6013367310131      
   -345.7736715541835     
 v_perp_2=    85236974.28991403     
 b_n=   3.9164200936286041E-004   -1.166370166187277      
    1.083391430087230     
 b_para_n=    1.303553816216388     
 dxdt=    4.013149284883397        -4736.206064333607      
    4380.793484469598     
 dudt=   -2914728.316326506     
 ---------------------
 rk4
 istep=     16000001
 grad_b=  -0.4853428381604726        6.0783533095873248E-002 
   6.2018355673811955E-002
 bsub=  -3.7508242632601219E-002  -5.4864242651369369E-002 
   0.8624060475191546     
 bsup=    0.000000000000000       -0.1841930795478314      
    1.161262785008535     
 b_abs=    1.005097848109256     
 g=  -9.5489682254749422E-003
 j=    0.000000000000000        -689.2083562632417      
    237.2943692684219     
 v_perp_2=    65721443.71580613     
 b_n=   4.1626130690072686E-004  -0.1810893292834705      
    1.161478367846458     
 b_para_n=    1.005097869804094     
 dxdt=    4.826928507546993        -1224.085825220725      
    7946.774588960754     
 dudt=   -1978485.609893775     
 ---------------------
 rk4
 istep=     17000001
 grad_b=  -8.1550808810029879E-002  -0.1724756796918745      
  -0.2606281673187982     
 bsub=   5.8077617579225596E-002   1.1631084657097474E-002 
    1.360571683641082     
 bsup=    0.000000000000000       -0.9153549389947909      
    1.016458955089004     
 b_abs=    1.171068859898902     
 g=  -1.1084274277001416E-002
 j=    0.000000000000000        -1048.256415341946      
   -38.43467647313999     
 v_perp_2=    76573920.08011973     
 b_n=  -9.6212848346680785E-004  -0.9149570106289112      
    1.016496619714197     
 b_para_n=    1.171068856168036     
 dxdt=   -10.17047039113777        -4713.308477422816      
    5238.978793377330     
 dudt=    2988395.586990662     
 ---------------------
 rk4
 istep=     18000001
 grad_b=   9.1049657713965809E-002  -9.8688071971573865E-002 
  -0.1159129262937271     
 bsub=   7.6829029845353267E-002   0.1138018005956430      
    1.957084234142677     
 bsup=    0.000000000000000        -1.177974052746142      
    1.052418980988595     
 b_abs=    1.387566557242828     
 g=  -1.1712948176708590E-002
 j=    0.000000000000000        -299.0509924287055      
   -140.0612515954173     
 v_perp_2=    90730215.70163704     
 b_n=  -3.9394160458469473E-004   -1.178383654977837      
    1.052458256684622     
 b_para_n=    1.387566547313710     
 dxdt=   -4.069029452118625        -4010.497870486107      
    3579.662505002047     
 dudt=    135175.2941873161     
 ---------------------
 rk4
 istep=     19000001
 grad_b=   0.8533406376104808       -1.5486823377750043E-002 
   0.1657395480761963     
 bsub=   3.7164387575045796E-002   6.3747722540519691E-002 
    1.379993738156592     
 bsup=    0.000000000000000       -1.1129395452123714E-002 
    1.067202902290105     
 b_abs=    1.213396685538424     
 g=  -9.8540944919255566E-003
 j=    0.000000000000000         736.0897426693045      
   -429.8420598244246     
 v_perp_2=    79341531.99315885     
 b_n=  -1.3360373960872400E-004  -1.6029880962877233E-002 
    1.067432849533565     
 b_para_n=    1.213396657241220     
 dxdt=   -1.391699490705544        -104.2595404395854      
    5104.993676819923     
 dudt=   -4770462.905256025     
 ---------------------
 rk4
 istep=     20000001
 grad_b=  -0.7850086916655217        2.5389669108464505E-003 
  -2.6741701884750883E-002
 bsub=  -2.1831187613744221E-002  -5.4390974672428129E-002 
   0.9963508817776673     
 bsup=    0.000000000000000       -0.4360709241996300      
   0.9598564778024394     
 b_abs=   0.9900190556504391     
 g=  -1.7892860303897817E-002
 j=    0.000000000000000        -100.2277084153955      
   -216.3334276221566     
 v_perp_2=    64735275.94284455     
 b_n=   4.4558602757498156E-006  -0.4328271244775895      
   0.9600336355958796     
 b_para_n=   0.9900190360735052     
 dxdt=   5.2237520340957640E-002   -3022.021653117592      
    6737.698382063909     
 dudt=    884218.2622341266     
 ---------------------
 rk4
 istep=     21000001
 grad_b=  -0.6485083532031198       -0.1126159519580496      
   0.1028302128452107     
 bsub=  -1.4362896486979363E-002  -0.2190125860201446      
    1.505414334548900     
 bsup=    0.000000000000000        -1.198061678790605      
   0.8983093949226129     
 b_abs=    1.270688588877620     
 g=  -1.7125994350586312E-002
 j=    0.000000000000000         72.82720677890850      
   -306.6801768715666     
 v_perp_2=    83087615.51467700     
 b_n=  -3.0418816443467654E-004   -1.196044692829798      
   0.8985999124578097     
 b_para_n=    1.270688567608678     
 dxdt=   -3.127642841893790        -5135.886766660166      
    3869.436634463436     
 dudt=   -5848112.757684510     
 ---------------------
 rk4
 istep=     22000001
 grad_b=  -0.2851154758007065        3.7628191922980531E-003 
  -4.2073947616342228E-002
 bsub=   3.7139983185233760E-002  -1.8520339888097145E-002 
   0.9436846131809957     
 bsup=    0.000000000000000       -0.1147804070679661      
    1.050535695744228     
 b_abs=   0.9970769409804695     
 g=  -1.5052979486313910E-002
 j=    0.000000000000000         133.3285188671966      
   -16.47250482111727     
 v_perp_2=    65196689.59418108     
 b_n=   1.3396469638139137E-005  -0.1134874987956798      
    1.050560540817979     
 b_para_n=   0.9970769393334777     
 dxdt=   0.1562420054372410        -780.8385059696706      
    7284.980664358971     
 dudt=    1463476.044909348     
 ---------------------
 rk4
 istep=     23000001
 grad_b=   0.7680366601285418        2.6639147124518658E-002 
  -0.1659808276468582     
 bsub=  -7.3809663769755285E-002   6.6186103349123032E-002 
    1.624253402394007     
 bsup=    0.000000000000000       -0.6718547056769575      
    1.041618108063821     
 b_abs=    1.283316664248116     
 g=  -1.1155345650469651E-002
 j=    0.000000000000000        -1245.275791140389      
   -128.8125294764588     
 v_perp_2=    83913220.39954223     
 b_n=   1.6662037227944216E-004  -0.6756483015468203      
    1.041780253581683     
 b_para_n=    1.283316651692451     
 dxdt=    1.710292718793096        -2862.449509400888      
    4379.127684805484     
 dudt=    4860493.809766979     
 ---------------------
 rk4
 istep=     24000001
 grad_b=  -0.1328411810831908        0.1375403302776934      
   0.2270220825315602     
 bsub=  -7.4505646781249546E-002   5.6195531214808359E-002 
    1.821879179487654     
 bsup=    0.000000000000000        -1.281746814810857      
    1.020194443827424     
 b_abs=    1.336777247006015     
 g=  -1.3359095576073994E-002
 j=    0.000000000000000         1185.369679209386      
   -226.5049591215312     
 v_perp_2=    87408817.59970048     
 b_n=   5.2723296993635615E-004   -1.281247717608626      
    1.020200600978282     
 b_para_n=    1.336777234127227     
 dxdt=    5.402613037199806        -4845.407001164977      
    3860.790134639130     
 dudt=   -1352845.721255460     
 ---------------------
 rk4
 istep=     25000001
 grad_b=  -0.7536426800475386        0.1339222097917707      
   0.1807492810378876     
 bsub=  -4.3009457116322050E-002  -6.6477906973737039E-002 
    1.113237862906814     
 bsup=    0.000000000000000       -0.6294358288605933      
   0.9642004701158488     
 b_abs=    1.056119006851680     
 g=  -1.3339293670335810E-002
 j=    0.000000000000000         489.6778761133282      
   -634.5479339371216     
 v_perp_2=    69057169.29389150     
 b_n=   7.5090639376806164E-004  -0.6255614955400680      
   0.9644607852564945     
 b_para_n=    1.056118949116185     
 dxdt=    8.416668723962559        -3907.352164178056      
    6054.912466934477     
 dudt=   -2785566.891302673     
 ---------------------
 rk4
 istep=     26000001
 grad_b=   0.1441237953821496       -8.9273186331292748E-002 
  -0.1387692323073413     
 bsub=   4.6809160899040934E-002   2.9998637310582697E-002 
    1.051173255105150     
 bsup=    0.000000000000000       -0.3621569857982665      
    1.141994107575973     
 b_abs=    1.090122435833492     
 g=  -8.9239393077429445E-003
 j=    0.000000000000000        -560.3967253004428      
    167.1946065460466     
 v_perp_2=    71280522.34628327     
 b_n=  -5.7141018841502464E-004  -0.3631637324027562      
    1.142048295254117     
 b_para_n=    1.090122447190309     
 dxdt=   -6.277959870959112        -2156.869453780721      
    6767.000640157421     
 dudt=    3783146.546502578     
 ---------------------
 rk4
 istep=     27000001
 grad_b=   0.4188311893017103       -7.6613719366341690E-002 
  -0.2224469596775423     
 bsub=   2.8281246911251934E-002   0.1560804980933914      
    1.961041723577387     
 bsup=    0.000000000000000        -1.502076830069504      
    1.072383486999370     
 b_abs=    1.366101548402410     
 g=  -7.8135563209481874E-003
 j=    0.000000000000000        -766.4957504226575      
    541.8569819994091     
 v_perp_2=    89326075.92424913     
 b_n=  -4.0326036924700538E-004   -1.504965925367621      
    1.072619269994828     
 b_para_n=    1.366101580722526     
 dxdt=   -4.145942505545706        -5379.585638063780      
    3821.886417755829     
 dudt=    2954878.488206617     
 ---------------------
 rk4
 istep=     28000001
 grad_b=   0.7267137737193834        4.0647405548031312E-002 
   0.1868310848543930     
 bsub=   4.3932565793149116E-002   0.1500073415505450      
    1.804434853613677     
 bsup=    0.000000000000000       -0.8307603304997107      
    1.075204687773343     
 b_abs=    1.347248376412600     
 g=  -9.1745783901406655E-003
 j=    0.000000000000000        -908.6157429128962      
    344.6952390792292     
 v_perp_2=    88093237.09778094     
 b_n=   1.4208862168043406E-004  -0.8348459315258081      
    1.075540888042173     
 b_para_n=    1.347248393968406     
 dxdt=    1.457163544116632        -3119.318460896854      
    3986.372631993729     
 dudt=   -4055347.943818955     
 ---------------------
 rk4
 istep=     29000001
 grad_b=  -3.2101402868900952E-003   1.9628874038652634E-002 
   8.0749214943487913E-002
 bsub=  -3.8505159357148926E-002   2.7077416535606323E-003 
   0.9614024057627677     
 bsup=    0.000000000000000        9.3852568176869600E-002 
    1.096307452611318     
 b_abs=    1.026492859059433     
 g=  -1.3047393345701444E-002
 j=    0.000000000000000         104.7368232924298      
    47.99457572256993     
 v_perp_2=    67119779.39603239     
 b_n=   9.6141942683384545E-005   9.3852458584902931E-002 
    1.096311307693143     
 b_para_n=    1.026492862982861     
 dxdt=    1.098458960491480         619.3014072611918      
    7234.221866338135     
 dudt=   -2878218.232271385     
 ---------------------
 Elapsed time (seconds):     158.7928960000000     

real	2m38.804s
user	2m38.284s
sys	0m0.030s
>>> [PID 3732574] DONE  u=7000, v_perp=8000, out=gc_grid/dat393.dat
