>>> [PID 3753066] START u=6500, v_perp=10000, out=gc_grid/dat434.dat, dt=2e-09, steps=30000000
 outer boundary:   8.3000000000000462E-002
 rk4
 istep=            1
 grad_b=  -0.5028819776562781        4.9315605168831697E-003 
  -7.9824879859095865E-003
 bsub=   8.6924903437395409E-003   4.2252280277592022E-002 
    1.020727300730567     
 bsup=    0.000000000000000        0.5003071501815129      
   0.9181486352997456     
 b_abs=   0.9787596324482398     
 g=  -1.6418760486639320E-002
 j=    0.000000000000000         576.0999792313980      
    59.09004899053771     
 v_perp_2=    99999993.40173896     
 b_n=   2.3220795080113294E-005   0.5025260836378350      
   0.9180565936214412     
 b_para_n=   0.9787596399996348     
 dxdt=   0.3367084757144294         3354.744101801206      
    6096.144577406535     
 dudt=    253756.0311356320     
 ---------------------
 rk4
 istep=      1000001
 grad_b=   -1.123896648958171       -3.6097689480143580E-002 
   0.1890786880503516     
 bsub=  -6.4574495584619793E-002  -0.1515971040540154      
    1.516359817032242     
 bsup=    0.000000000000000        -1.146768943157305      
   0.8983593565745140     
 b_abs=    1.239379257396413     
 g=  -2.0094193321016710E-002
 j=    0.000000000000000        -375.1550601560323      
   -15.98389910190997     
 v_perp_2=    126627476.7768930     
 b_n=  -3.4929233660154353E-005   -1.144502232998490      
   0.8985844829083611     
 b_para_n=    1.239379258500385     
 dxdt=  -0.5628406034445161        -3620.662638235010      
    2868.606755459074     
 dudt=   -8707605.474089513     
 ---------------------
 rk4
 istep=      2000001
 grad_b=   4.9711576841651103E-002  -0.1125416729366095      
  -0.1785726747317002     
 bsub=   7.5559050252397286E-002   9.6355557744773640E-002 
    1.921119508496591     
 bsup=    0.000000000000000        -1.284569157230688      
    1.043104761603756     
 b_abs=    1.371028437503735     
 g=  -1.1905358604910094E-002
 j=    0.000000000000000         352.5410523236768      
   -237.8958962676030     
 v_perp_2=    140078027.7667815     
 b_n=  -1.3710086793281405E-004   -1.284644244197224      
    1.043113916827790     
 b_para_n=    1.371028433143203     
 dxdt=   -4.899704758298094        -1383.507107035666      
    1121.593170000154     
 dudt=    1553848.413273109     
 ---------------------
 rk4
 istep=      3000001
 grad_b=  -0.9775710766408432        0.1307238098427094      
  -0.1303112087500099     
 bsub=   8.5693506614506858E-003  -0.1261484042833191      
    1.322331682314092     
 bsup=    0.000000000000000       -0.8297195050193145      
   0.8820205915861394     
 b_abs=    1.127263035329371     
 g=  -1.9524130892667482E-002
 j=    0.000000000000000        -643.9590145301316      
    235.4589793032051     
 v_perp_2=    115172461.0821289     
 b_n=   3.4322248223490729E-004  -0.8268855940744523      
   0.8822887360910514     
 b_para_n=    1.127263056464201     
 dxdt=    4.953863095758324        -3789.201149608522      
    4075.403892833846     
 dudt=    10124055.85173454     
 ---------------------
 rk4
 istep=      4000001
 grad_b=   0.8529390937931615       -7.6446330302683239E-003 
   0.1645415179825105     
 bsub=   5.8626689264077152E-002   7.8512750346422550E-002 
    1.550679499149941     
 bsup=    0.000000000000000       -0.5321419156330885      
    1.059313215253912     
 b_abs=    1.265436306777086     
 g=  -1.0043723772884287E-002
 j=    0.000000000000000        -525.6502392011349      
   -91.65218883236383     
 v_perp_2=    129289588.6464343     
 b_n=   5.8010788896562661E-005  -0.5290672760362027      
    1.059155353792061     
 b_para_n=    1.265436312197330     
 dxdt=  -0.9882122437674081         1461.521714466894      
   -3010.965490127018     
 dudt=   -7200667.937557059     
 ---------------------
 rk4
 istep=      5000001
 grad_b=   0.5173976082912487       -9.4688341219212144E-002 
  -0.1831601956399712     
 bsub=   4.4784860031397686E-002   7.1379808144204512E-002 
    1.344867080042815     
 bsup=    0.000000000000000       -0.6614268503391632      
    1.106602063341567     
 b_abs=    1.200389286215849     
 g=  -8.3694048166245150E-003
 j=    0.000000000000000        -971.9166941243076      
   -181.4115492452792     
 v_perp_2=    122643664.5643125     
 b_n=   4.3892000786761691E-004  -0.6587225375356239      
    1.106443924958993     
 b_para_n=    1.200389298874560     
 dxdt=   -6.682892471728211         2398.646062240406      
   -4079.541124779114     
 dudt=    5960358.242911842     
 ---------------------
 rk4
 istep=      6000001
 grad_b=  -0.6820855245447937        0.1221735732330497      
  -0.1059262265400727     
 bsub=  -2.0133101289366601E-002  -5.8553789838759251E-002 
    1.210555346524199     
 bsup=    0.000000000000000       -0.5810859261984713      
   0.9157678186087944     
 b_abs=    1.068834673936111     
 g=  -1.9283504657683803E-002
 j=    0.000000000000000         448.9135780327832      
   -126.7534507141051     
 v_perp_2=    109202716.3689657     
 b_n=  -3.8682389598185133E-004  -0.5833459192230048      
   0.9156520813038975     
 b_para_n=    1.068834685825732     
 dxdt=    5.517973431114894         3157.581217989316      
   -4923.762745125341     
 dudt=    8029409.595808349     
 ---------------------
 rk4
 istep=      7000001
 grad_b=  -0.2390969363461836       -0.1012549479939481      
   5.9526051372909006E-002
 bsub=   6.1292019503638613E-002  -0.1956060936381200      
    1.546437523509201     
 bsup=    0.000000000000000        -1.244782812451684      
   0.9233323449840762     
 b_abs=    1.292803845764668     
 g=  -1.7687889980776153E-002
 j=    0.000000000000000        -442.0302535838380      
   -282.9588473479109     
 v_perp_2=    132085569.5818465     
 b_n=   1.6352617365526762E-004   -1.245204074786627      
   0.9232725863811125     
 b_para_n=    1.292803854569704     
 dxdt=   -3.023496460899682         3077.535291713728      
   -2275.915423368543     
 dudt=   -7152297.508917230     
 ---------------------
 rk4
 istep=      8000001
 grad_b=   0.2867462517937947        0.1036534803004514      
   0.2360761894068799     
 bsub=  -6.3418031087658075E-002   9.8315303469752952E-002 
    1.874948993151172     
 bsup=    0.000000000000000        -1.571403736693636      
    1.045583515753419     
 b_abs=    1.343641233760102     
 g=  -1.0088831905525014E-002
 j=    0.000000000000000         281.7330489980845      
    79.61088033013196     
 v_perp_2=    137279570.1358621     
 b_n=  -2.1914164592447787E-004   -1.570696120520279      
    1.045538996733958     
 b_para_n=    1.343641230887179     
 dxdt=    5.384963846594930         2589.974235594707      
   -1733.797819925683     
 dudt=   -3191983.308272451     
 ---------------------
 rk4
 istep=      9000001
 grad_b=  -0.3327585163087230        8.4214736675207319E-003 
  -3.4206719716186204E-002
 bsub=   3.7296435995682921E-002  -1.7355149979505786E-002 
   0.9510729776824955     
 bsup=    0.000000000000000       -0.1283972885500316      
    1.038452257346667     
 b_abs=   0.9951835981352721     
 g=  -1.5419349050107774E-002
 j=    0.000000000000000         512.8040319306533      
   -65.52382851232976     
 v_perp_2=    101677667.3736446     
 b_n=  -3.2359022342049739E-005  -0.1297727275107068      
    1.038428433643017     
 b_para_n=   0.9951836041567487     
 dxdt=   0.4666339441464571         841.6370228335491      
   -6646.237548232652     
 dudt=    1878925.949585365     
 ---------------------
 rk4
 istep=     10000001
 grad_b=   0.2642395134815303        1.0412754847853992E-002 
  -0.1117034168929805     
 bsub=   2.1443159890003949E-002   3.5690031501720114E-002 
    1.040506437018918     
 bsup=    0.000000000000000        0.3581461957707575      
    1.065569523840480     
 b_abs=    1.059066046500112     
 g=  -1.2747552228039329E-002
 j=    0.000000000000000        -619.6127122450232      
   -83.63448041649622     
 v_perp_2=    108204491.2365457     
 b_n=   6.3275836055982440E-005   0.3569621197706618      
    1.065608826789295     
 b_para_n=    1.059066039036330     
 dxdt=   0.9026024514805281         1956.292378034833      
    5871.244137815755     
 dudt=    5561516.930185517     
 ---------------------
 rk4
 istep=     11000001
 grad_b=   0.4471073623877126        7.4549463680513572E-002 
   0.2076833670274087     
 bsub=  -4.1469591059598118E-002   0.1242038109905994      
    1.804576470727900     
 bsup=    0.000000000000000        -1.429367729255594      
    1.069797643688442     
 b_abs=    1.323902001499404     
 g=  -8.4985985311020109E-003
 j=    0.000000000000000         1186.571965634976      
    63.57314129058619     
 v_perp_2=    135262634.8754656     
 b_n=   2.0186641636239205E-004   -1.430881581876583      
    1.069906480562624     
 b_para_n=    1.323902006695979     
 dxdt=    4.304264524495630        -2886.219568058132      
    2138.326856863402     
 dudt=   -4461399.937951133     
 ---------------------
 rk4
 istep=     12000001
 grad_b=   0.5264160402202802        7.7031663652692567E-002 
  -0.1804270438680276     
 bsub=  -1.9043946393067872E-002   2.1400586490451110E-002 
    1.215177036988848     
 bsup=    0.000000000000000        0.5859518592596701      
   0.9995824922390050     
 b_abs=    1.107819140340359     
 g=  -1.2272343268455960E-002
 j=    0.000000000000000        -670.0849405958419      
    118.8687950375875     
 v_perp_2=    113185507.8441364     
 b_n=   3.6498598927653305E-004   0.5835692656274115      
   0.9996301791164474     
 b_para_n=    1.107819147853969     
 dxdt=    5.234683218220606         2817.335873209681      
    4865.104728717479     
 dudt=    6235166.565674728     
 ---------------------
 rk4
 istep=     13000001
 grad_b=  -0.2580783952850719        0.1670181343283969      
   0.3124857262248956     
 bsub=  -5.8076076271746858E-002  -4.9409921885118675E-004 
    1.539923619273214     
 bsup=    0.000000000000000        -1.319085807998599      
   0.9702004132491495     
 b_abs=    1.222552664927002     
 g=  -1.3418159032239755E-002
 j=    0.000000000000000        -225.9987261248490      
   -121.7559957966313     
 v_perp_2=    124907729.2928539     
 b_n=   5.5904241002825705E-004   -1.318261920363967      
   0.9702217556587988     
 b_para_n=    1.222552658063356     
 dxdt=    8.762053530854594        -4480.314791866180      
    3305.147354833804     
 dudt=   -3462439.198296373     
 ---------------------
 Particle has exited the domain at step      13106668  s =  
   8.3000003343633860E-002
 Elapsed time (seconds):     72.10765600000001     

real	1m12.125s
user	1m11.718s
sys	0m0.040s
>>> [PID 3753066] DONE  u=6500, v_perp=10000, out=gc_grid/dat434.dat
