>>> [PID 3607487] START u=2500, v_perp=-8000, out=gc_grid/dat48.dat, dt=2e-09, steps=30000000
 outer boundary:   8.3000000000000462E-002
 rk4
 istep=            1
 grad_b=  -0.5028824039751993        4.9319671984085142E-003 
  -7.9833502186484190E-003
 bsub=   8.6923787273419650E-003   4.2252343110725267E-002 
    1.020727055665919     
 bsup=    0.000000000000000        0.5003151206341752      
   0.9181485608142401     
 b_abs=   0.9787596721890635     
 g=  -1.6418720111857642E-002
 j=    0.000000000000000         576.0999684960943      
    59.09604365906623     
 v_perp_2=    63999998.37572109     
 b_n=   8.9318463882878522E-006   0.5011685591601575      
   0.9181131599954649     
 b_para_n=   0.9787596750936567     
 dxdt=   0.1396228729726683         1291.272369475589      
    2344.630761582706     
 dudt=    162422.1624780208     
 ---------------------
 rk4
 istep=      1000001
 grad_b=  -0.3052226819931574        5.3798409834000582E-002 
  -8.3070054216156014E-002
 bsub=  -1.2653798449720945E-003   3.6660777957577509E-002 
    1.053622673026200     
 bsup=    0.000000000000000        0.7038820159345870      
   0.9235511362632143     
 b_abs=   0.9993612404195757     
 g=  -1.5403321365278860E-002
 j=    0.000000000000000        -244.7435463250932      
   -114.2102703189048     
 v_perp_2=    65347109.88346571     
 b_n=  -8.9938517423250030E-005   0.7033976199104955      
   0.9235678863727129     
 b_para_n=   0.9993612441884310     
 dxdt=    1.527259259926512        -1551.339171477000      
   -2046.561862219003     
 dudt=    1271046.518694991     
 ---------------------
 Particle has exited the domain at step       1741336  s =  
   8.3000000564228266E-002
 Elapsed time (seconds):     9.134195000000000     

real	0m9.144s
user	0m9.114s
sys	0m0.014s
>>> [PID 3607487] DONE  u=2500, v_perp=-8000, out=gc_grid/dat48.dat
