>>> [PID 3753346] START u=7500, v_perp=10000, out=gc_grid/dat436.dat, dt=2e-09, steps=30000000
 outer boundary:   8.3000000000000462E-002
 rk4
 istep=            1
 grad_b=  -0.5028818709432734        4.9314588881562080E-003 
  -7.9822724716459709E-003
 bsub=   8.6925182536386758E-003   4.2252264566297840E-002 
    1.020727361995301     
 bsup=    0.000000000000000        0.5003051574011518      
   0.9181486539321457     
 b_abs=   0.9787596225137347     
 g=  -1.6418770580470414E-002
 j=    0.000000000000000         576.0999818364912      
    59.08855092731280     
 v_perp_2=    99999992.38672914     
 b_n=   2.6792646865325251E-005   0.5028654633052672      
   0.9180424521253593     
 b_para_n=   0.9787596312267249     
 dxdt=   0.3877995032283998         3870.776263263001      
    7034.015896819174     
 dudt=    253748.8827113101     
 ---------------------
 rk4
 istep=      1000001
 grad_b=  -0.6370925530375982        2.8569699388957995E-002 
  -3.2706154603396237E-002
 bsub=  -2.4269317212374759E-002  -1.0865387826217272E-002 
    1.044718069051553     
 bsup=    0.000000000000000       -0.3080567345956034      
   0.9299413300785201     
 b_abs=   0.9872497249866100     
 g=  -1.9043598650665204E-002
 j=    0.000000000000000         166.2679052627639      
   -27.63671258969350     
 v_perp_2=    100867340.5054198     
 b_n=   1.2370385927208620E-004  -0.3052616041968935      
   0.9299732710822667     
 b_para_n=   0.9872497219070951     
 dxdt=    1.781648978414047        -2281.894871592052      
    7010.418328977143     
 dudt=    2029218.927376029     
 ---------------------
 rk4
 istep=      2000001
 grad_b=  -0.8320892694439339       -9.9224546259428392E-002 
   0.1144728038571323     
 bsub=  -3.8359529799726011E-002  -0.2091788500220161      
    1.512379904367037     
 bsup=    0.000000000000000        -1.204398113210873      
   0.8982504464048090     
 b_abs=    1.269084663878500     
 g=  -1.8039630065521860E-002
 j=    0.000000000000000         79.92886342550356      
   -221.2144063022052     
 v_perp_2=    129662350.0678129     
 b_n=  -2.3415921990193946E-004   -1.202069801436568      
   0.8985665260996082     
 b_para_n=    1.269084649093611     
 dxdt=   -3.271266243247310        -4860.971321275881      
    3654.028934012690     
 dudt=   -8949572.928850971     
 ---------------------
 rk4
 istep=      3000001
 grad_b=   0.1357985101721199       -3.6511152846285762E-002 
  -9.7277702568440080E-002
 bsub=   3.9547119321421083E-002   1.3133011756207683E-002 
   0.9831207286984764     
 bsup=    0.000000000000000        0.1047358660797034      
    1.117846241192275     
 b_abs=    1.049283965871307     
 g=  -1.1753912411050001E-002
 j=    0.000000000000000         371.5229752046221      
   -54.73597696218842     
 v_perp_2=    107205249.3563309     
 b_n=  -1.9598265107163851E-004   0.1039582856614523      
    1.117864507746983     
 b_para_n=    1.049283961779482     
 dxdt=   -2.737641033403006         688.1724807574983      
    7461.053536482617     
 dudt=    5480321.927900736     
 ---------------------
 rk4
 istep=      4000001
 grad_b=   0.4730771101420431       -5.7170819245919061E-002 
  -0.1777101914177843     
 bsub=  -1.4120016532205479E-003   0.1786807729255362      
    2.059993320267912     
 bsup=    0.000000000000000        -1.350452171265467      
    1.068278013105072     
 b_abs=    1.399373449855836     
 g=  -7.5964485220232931E-003
 j=    0.000000000000000        -38.19546795960841      
    92.23873682543795     
 v_perp_2=    142973759.3985299     
 b_n=  -2.2041747324836342E-004   -1.352948732674915      
    1.068494413109184     
 b_para_n=    1.399373454336783     
 dxdt=   -3.664223201009599        -3557.780286990969      
    2785.156006413623     
 dudt=    4111894.916455074     
 ---------------------
 rk4
 istep=      5000001
 grad_b=   0.6761983581543948        5.9634992206759468E-002 
   0.1709713745945500     
 bsub=   8.7007825054956391E-003   0.1356690414935876      
    1.667349585671828     
 bsup=    0.000000000000000       -0.7947141412291665      
    1.089301356386491     
 b_abs=    1.307401127618954     
 g=  -8.3117936865814250E-003
 j=    0.000000000000000        -262.9070324003226      
   -36.40120895436334     
 v_perp_2=    133576847.9075513     
 b_n=   2.6730364892769455E-004  -0.7986620642318325      
    1.089621193671685     
 b_para_n=    1.307401124089969     
 dxdt=    3.841283640582037        -2951.130029756842      
    3971.897138422916     
 dudt=   -5425232.224528247     
 ---------------------
 rk4
 istep=      6000001
 grad_b=  -0.8542180248277369       -8.4142979430750567E-003 
  -3.1756592161633235E-002
 bsub=  -1.4007788359278002E-002  -7.0998014718389055E-002 
   0.9777457334512587     
 bsup=    0.000000000000000       -0.4515703016534027      
   0.9753655563716376     
 b_abs=   0.9931205677719490     
 g=  -1.6721066648777812E-002
 j=    0.000000000000000         685.7967220199935      
   -123.5819681940696     
 v_perp_2=    101466808.3175364     
 b_n=  -4.9213452486646111E-005  -0.4476466946695939      
   0.9756497430633856     
 b_para_n=   0.9931205510474957     
 dxdt=  -0.7064461386993031        -3309.158540962835      
    7273.321244691047     
 dudt=    1397828.919130304     
 ---------------------
 rk4
 istep=      7000001
 grad_b=  -0.5703183323345646       -0.1670563790345737      
   0.1174236008551708     
 bsub=   4.4282331501095725E-003  -0.1971162136021301      
    1.440177899200885     
 bsup=    0.000000000000000        -1.054790099297759      
   0.8901405160104902     
 b_abs=    1.220521106347668     
 g=  -1.8169260247781437E-002
 j=    0.000000000000000         158.0502922171922      
   -8.265326437015311     
 v_perp_2=    124700171.2022517     
 b_n=  -4.7208057775079306E-004   -1.053005758763340      
   0.8903861872764909     
 b_para_n=    1.220521104213315     
 dxdt=   -6.466018193491088        -4829.777997284589      
    4099.853797490394     
 dudt=   -11750027.66593314     
 ---------------------
 rk4
 istep=      8000001
 grad_b=  -0.4598822876469951        7.2528133558221464E-003 
  -4.3678185185835605E-003
 bsub=   1.6736677537615617E-002   3.4268625864067190E-002 
    1.022613847326801     
 bsup=    0.000000000000000        0.1968442213886665      
   0.9326046012514735     
 b_abs=   0.9798975213429746     
 g=  -1.7308212884262514E-002
 j=    0.000000000000000        -823.6939815893149      
    196.9739486523850     
 v_perp_2=    100115687.0790057     
 b_n=   3.5685557613337863E-005   0.1990617626068688      
   0.9325297226073840     
 b_para_n=   0.9798975391098327     
 dxdt=   0.5161667954297871         1537.144057565623      
    7129.599181733529     
 dudt=    137931.4969540142     
 ---------------------
 rk4
 istep=      9000001
 grad_b=  -0.4889412799368275        4.8025470231410905E-003 
  -2.8174238592414136E-003
 bsub=  -2.4215401702551397E-002   1.5143849308272152E-002 
    1.020038956822749     
 bsup=    0.000000000000000       -6.0769480956255228E-002 
   0.9430475464189276     
 b_abs=   0.9806052542781288     
 g=  -1.7977710173153014E-002
 j=    0.000000000000000         74.10539495807467      
   -142.1741634234186     
 v_perp_2=    100187910.2927670     
 b_n=   2.2390449229292587E-005  -5.8509303438171512E-002 
   0.9430145084270385     
 b_para_n=   0.9806052395476748     
 dxdt=   0.3237268305897105        -431.3303509921690      
    7200.210879103200     
 dudt=    153618.7199276010     
 ---------------------
 rk4
 istep=     10000001
 grad_b=  -0.4593655288289125        4.4791348966027621E-002 
  -2.8498269414827200E-002
 bsub=  -2.2023067725536093E-002  -0.2345567378086154      
    1.525079130973472     
 bsup=    0.000000000000000        -1.272083619327164      
   0.9057087422030126     
 b_abs=    1.296073538594566     
 g=  -1.6948608197823081E-002
 j=    0.000000000000000         171.1879763128935      
   -42.11867558087947     
 v_perp_2=    132419056.2456464     
 b_n=   1.1054444371507532E-004   -1.270825805640810      
   0.9059037865308081     
 b_para_n=    1.296073534606461     
 dxdt=    1.573166070739345        -4773.436171146909      
    3414.151305305831     
 dudt=    3263146.210909054     
 ---------------------
 rk4
 istep=     11000001
 grad_b=  -0.3476788963990660       -1.5032988148604647E-002 
  -3.7978601942787363E-002
 bsub=   3.6631060910926841E-002  -4.0713936964436793E-002 
   0.9074584450622151     
 bsup=    0.000000000000000       -0.1680981545757136      
    1.091031524050192     
 b_abs=   0.9987819394561863     
 g=  -1.3415628054046409E-002
 j=    0.000000000000000         368.2545287962106      
   -283.6894376861972     
 v_perp_2=    102044884.9648002     
 b_n=  -8.7411140403573351E-005  -0.1662903203525399      
    1.091116133556525     
 b_para_n=   0.9987819130236317     
 dxdt=   -1.250851036652664        -1213.247464452669      
    8043.631242108055     
 dudt=    1990070.056631272     
 ---------------------
 rk4
 istep=     12000001
 grad_b=   0.5413560309241894       -7.5432586930576667E-002 
  -0.2083264326308333     
 bsub=  -4.8339932514524821E-003   0.1639434155132963      
    1.907535291414123     
 bsup=    0.000000000000000        -1.123201101790668      
    1.070290119829999     
 b_abs=    1.362207244484554     
 g=  -7.9605136434729683E-003
 j=    0.000000000000000        -820.0056989803170      
    386.6438935122985     
 v_perp_2=    139175710.1619645     
 b_n=  -3.2113798718023273E-004   -1.126220197032575      
    1.070548795231524     
 b_para_n=    1.362207262140144     
 dxdt=   -4.944322763112316        -3453.588429914721      
    3250.588911942450     
 dudt=    5184332.784961634     
 ---------------------
 rk4
 istep=     13000001
 grad_b=   0.5554933361722869        7.5937919932588679E-002 
   0.2052158654537616     
 bsub=   5.0932616760075147E-003   0.1604770154451207      
    1.874530898001333     
 bsup=    0.000000000000000        -1.079963385851100      
    1.071846402137997     
 b_abs=    1.354305675638098     
 g=  -8.0209925322936079E-003
 j=    0.000000000000000        -726.3676507193219      
    432.0101091935602     
 v_perp_2=    138368293.9141245     
 b_n=   3.2901706478845967E-004   -1.083091472896037      
    1.072113316255151     
 b_para_n=    1.354305696650121     
 dxdt=    5.002013760997097        -3419.627354143719      
    3350.784947072141     
 dudt=   -5203477.902698658     
 ---------------------
 rk4
 istep=     14000001
 grad_b=  -0.4178834610841826        1.0801341137245037E-002 
   3.0105432845703634E-002
 bsub=  -3.3779713643521836E-002  -4.8128766549969143E-002 
   0.9062875306049203     
 bsup=    0.000000000000000       -0.2327781979535852      
    1.078952626903186     
 b_abs=   0.9945699579162550     
 g=  -1.3803667433120302E-002
 j=    0.000000000000000         581.3854927278670      
   -246.0892291097041     
 v_perp_2=    101614320.5762513     
 b_n=   6.3644474609059751E-005  -0.2306390816020975      
    1.079068570680062     
 b_para_n=   0.9945699332579615     
 dxdt=   0.9128600588760858        -1699.315002106495      
    8020.386408722084     
 dudt=   -1539260.419228839     
 ---------------------
 rk4
 istep=     15000001
 grad_b=  -0.4402756399779424       -7.0228459492158821E-002 
   4.8262176204405829E-002
 bsub=   1.9730436777954979E-002  -0.2333076572003407      
    1.518960640195891     
 bsup=    0.000000000000000        -1.258135861161028      
   0.9046426198226662     
 b_abs=    1.291419961493380     
 g=  -1.6991562642694028E-002
 j=    0.000000000000000        -132.2854716791226      
   -81.94068046262235     
 v_perp_2=    131943131.6338882     
 b_n=  -1.7366256814539858E-004   -1.256916929477618      
   0.9048320966453978     
 b_para_n=    1.291419957855751     
 dxdt=   -2.462396533073980        -4785.848785473687      
    3456.302733058912     
 dudt=   -5222172.437021553     
 ---------------------
 rk4
 istep=     16000001
 grad_b=  -0.4854812351303445       -5.9224796641093314E-003 
   4.0165483487161202E-003
 bsub=   2.3244970895949540E-002   1.7635499754608333E-002 
    1.022719309863658     
 bsup=    0.000000000000000       -3.9062047440994285E-002 
   0.9402123987644204     
 b_abs=   0.9805345322311021     
 g=  -1.8008348778650155E-002
 j=    0.000000000000000        -137.1200064045779      
   -61.05850812620258     
 v_perp_2=    100180206.8661755     
 b_n=  -2.7724940821600657E-005  -3.6815223120347823E-002 
   0.9401742789050569     
 b_para_n=   0.9805345255898801     
 dxdt=  -0.4008701648309803        -265.8157502321957      
    7179.500396586843     
 dudt=   -208798.3381003486     
 ---------------------
 rk4
 istep=     17000001
 grad_b=  -0.4521548561663850       -1.0241020997685188E-002 
   9.0530604070432619E-003
 bsub=  -1.7939364308210914E-002   3.2941320937365064E-002 
    1.020109235287515     
 bsup=    0.000000000000000        0.1772145869719267      
   0.9367801892589567     
 b_abs=   0.9804386819872141     
 g=  -1.7210794311627964E-002
 j=    0.000000000000000        -871.3740692990934      
    176.5734326977871     
 v_perp_2=    100170329.0799616     
 b_n=  -5.0882805270047223E-005   0.1793979245478003      
   0.9367088051150071     
 b_para_n=   0.9804386974950540     
 dxdt=  -0.7357470745575269         1385.144085261556      
    7154.138103600133     
 dudt=   -347316.1468586677     
 ---------------------
 rk4
 istep=     18000001
 grad_b=  -0.5437867914041676        0.1614754022649458      
  -0.1148039826579993     
 bsub=  -5.3815158410336905E-003  -0.2043530450515411      
    1.455110963080870     
 bsup=    0.000000000000000        -1.090289299393197      
   0.8922429569401100     
 b_abs=    1.233231992595465     
 g=  -1.7911439786635411E-002
 j=    0.000000000000000         61.91557341846777      
   -24.72543613796487     
 v_perp_2=    125997861.8436578     
 b_n=   4.4675883724682900E-004   -1.088616595510329      
   0.8924795186381999     
 b_para_n=    1.233231990283363     
 dxdt=    6.141928310873753        -4839.676447018533      
    3982.641103570037     
 dudt=    11535884.39643181     
 ---------------------
 rk4
 istep=     19000001
 grad_b=  -0.7739862007605978        6.9533002898991073E-003 
   1.9948191691771748E-002
 bsub=   1.7747901499967966E-002  -6.8840506632902698E-002 
   0.9574979959188181     
 bsup=    0.000000000000000       -0.4230188316661342      
   0.9938257806375518     
 b_abs=   0.9905552151694493     
 g=  -1.6265222277233853E-002
 j=    0.000000000000000         22.93493392964959      
  -0.6409747192710427     
 v_perp_2=    101203798.2513140     
 b_n=   3.9058282141298183E-005  -0.4194128666872302      
   0.9940843117662452     
 b_para_n=   0.9905552149514932     
 dxdt=   0.5614775707444649        -3116.597098893349      
    7447.525953538715     
 dudt=   -870714.2942880322     
 ---------------------
 rk4
 istep=     20000001
 grad_b=   0.6572852266439220       -6.3814854716580854E-002 
  -0.1765901863399758     
 bsub=  -8.8711691765829531E-003   0.1408524253484314      
    1.705667303524995     
 bsup=    0.000000000000000       -0.8439493718475284      
    1.085285511209094     
 b_abs=    1.316372850306799     
 g=  -8.2960545981331148E-003
 j=    0.000000000000000        -511.4355402902379      
    44.74453697302590     
 v_perp_2=    134492088.1333002     
 b_n=  -2.8504876547946393E-004  -0.8477496836528735      
    1.085597855015784     
 b_para_n=    1.316372850458343     
 dxdt=   -4.131818108330650        -3045.601424980002      
    3850.212323875695     
 dudt=    5347371.655132929     
 ---------------------
 rk4
 istep=     21000001
 grad_b=   0.4820031363239013        6.2355725528051228E-002 
   0.1889254243847153     
 bsub=   1.3219740572630078E-003   0.1765016360267806      
    2.037912802421481     
 bsup=    0.000000000000000        -1.319503020922373      
    1.067940106892336     
 b_abs=    1.393647683627150     
 g=  -7.6428924900644553E-003
 j=    0.000000000000000        -513.5431636345535      
    85.83119715685173     
 v_perp_2=    142387035.0075307     
 b_n=   2.4594546547668884E-004   -1.322079868913556      
    1.068163127088344     
 b_para_n=    1.393647685751024     
 dxdt=    4.031484650696515        -3567.452624982921      
    2856.788297709643     
 dudt=   -4379640.343239921     
 ---------------------
 rk4
 istep=     22000001
 grad_b=   4.6642747115519190E-002   3.5330840462800238E-002 
   8.8962158789853030E-002
 bsub=  -4.1048012426569205E-002   3.3497272997009796E-003 
   0.9630215749390271     
 bsup=    0.000000000000000        8.6695273617172663E-002 
    1.116973288776443     
 b_abs=    1.037184769354081     
 g=  -1.2019751906264619E-002
 j=    0.000000000000000         345.5679779547079      
   -33.80537495986344     
 v_perp_2=    105967641.7178192     
 b_n=   1.9349332061224914E-004   8.6416652898844287E-002 
    1.116982502482438     
 b_para_n=    1.037184766633258     
 dxdt=    2.716813562308610         588.8043285499759      
    7636.631518218337     
 dudt=   -5045026.091336800     
 ---------------------
 rk4
 istep=     23000001
 grad_b=  -0.7562066016388963        8.5841798659579763E-002 
  -9.6001203497898452E-002
 bsub=   3.6977683077447629E-002  -0.2167921241743741      
    1.520588414305764     
 bsup=    0.000000000000000        -1.232269798799298      
   0.9009895993424497     
 b_abs=    1.279586625771978     
 g=  -1.7765169931245807E-002
 j=    0.000000000000000         267.1752960000176      
   -190.7626578489584     
 v_perp_2=    130733397.5210441     
 b_n=   1.9933150400881170E-004   -1.230187172738712      
   0.9012816626293609     
 b_para_n=    1.279586611658020     
 dxdt=    2.802717316666751        -4835.321746370540      
    3560.923624011671     
 dudt=    7676151.519161646     
 ---------------------
 rk4
 istep=     24000001
 grad_b=  -0.6184511192066657       -2.7114441148414901E-002 
   3.0390323112096593E-002
 bsub=   2.4325620485263495E-002  -7.1928973858493284E-003 
    1.043045281701793     
 bsup=    0.000000000000000       -0.2807540953542544      
   0.9305868187240014     
 b_abs=   0.9861650978614818     
 g=  -1.8989566987149403E-002
 j=    0.000000000000000         556.7132711431782      
   -73.33165424699243     
 v_perp_2=    100754910.8113806     
 b_n=  -1.1842500254914733E-004  -0.2780287336228293      
   0.9306083671800277     
 b_para_n=   0.9861650897557850     
 dxdt=   -1.706670725407894        -2081.543803778812      
    7029.974298052382     
 dudt=   -1859304.075634711     
 ---------------------
 rk4
 istep=     25000001
 grad_b=  -0.4928366253657398       -1.1913933849940300E-002 
   1.5240104572902979E-002
 bsub=  -9.7562184589295962E-003   4.1628554772564760E-002 
    1.020256372775236     
 bsup=    0.000000000000000        0.4695750027072402      
   0.9213059187146320     
 b_abs=   0.9793722059431993     
 g=  -1.6399241073534358E-002
 j=    0.000000000000000         768.3753553258713      
    111.1524915304578     
 v_perp_2=    100060807.4094631     
 b_n=  -6.3762237397901878E-005   0.4720811163580102      
   0.9212030687434937     
 b_para_n=   0.9793722208805247     
 dxdt=  -0.9225586605916235         3630.305365939297      
    7050.027488356763     
 dudt=   -440560.5100814855     
 ---------------------
 rk4
 istep=     26000001
 grad_b=  -0.7719051117080963        0.1628001915047401      
  -0.1205521379117189     
 bsub=   9.6526567118271171E-005  -0.1427722404043358      
    1.334434241425785     
 bsup=    0.000000000000000       -0.8466617357515638      
   0.8818417621660679     
 b_abs=    1.139087510569481     
 g=  -1.9628091099333507E-002
 j=    0.000000000000000        -275.6843145878583      
   -153.5526106608768     
 v_perp_2=    116378568.2049855     
 b_n=   5.1884820920119145E-004  -0.8439900337793124      
   0.8821275632326192     
 b_para_n=    1.139087499978378     
 dxdt=    7.073722069732379        -4656.934024527956      
    4892.271310049780     
 dudt=    10949064.07516772     
 ---------------------
 rk4
 istep=     27000001
 grad_b=   -1.182867866914390        8.0306936731291967E-005 
   0.1006925784866559     
 bsub=  -4.3755802830539904E-003  -7.5089812645817086E-002 
    1.108422443511764     
 bsup=    0.000000000000000       -0.6592386129808692      
   0.9030727315771984     
 b_abs=    1.024728149081306     
 g=  -1.8454842229118220E-002
 j=    0.000000000000000         113.5256414736412      
   -534.9290529332438     
 v_perp_2=    104694616.5174015     
 b_n=   2.9652904829035242E-005  -0.6541581623740574      
   0.9034169725584474     
 b_para_n=    1.024728095014972     
 dxdt=   0.4187435361882195        -4547.501557995111      
    6332.637539640114     
 dudt=   -4530475.378823099     
 ---------------------
 rk4
 istep=     28000001
 grad_b=   0.7867217165646649       -4.6300411967000618E-002 
  -0.1610527552890502     
 bsub=  -6.9071792394931504E-003   0.1086257643257660      
    1.485089121592725     
 bsup=    0.000000000000000       -0.5413229062562390      
    1.109505851374978     
 b_abs=    1.260568904934244     
 g=  -8.3104693621606825E-003
 j=    0.000000000000000         495.2162179429790      
   -273.9191312785780     
 v_perp_2=    128789948.3059899     
 b_n=  -2.1282162577021177E-004  -0.5461684876124527      
    1.109859275073365     
 b_para_n=    1.260568889630425     
 dxdt=   -2.959386775562155        -2317.680785910974      
    4617.173677662596     
 dudt=    6225619.162947617     
 ---------------------
 rk4
 istep=     29000001
 grad_b=   0.4521643814021883        2.7408204193974876E-002 
   0.1087557158193504     
 bsub=  -1.5621686390264455E-005   0.1862820208613329      
    2.135724115046485     
 bsup=    0.000000000000000        -1.478126832802546      
    1.072151012302599     
 b_abs=    1.419556183941991     
 g=  -7.4115967705193813E-003
 j=    0.000000000000000         1409.042929375000      
   -23.93551550016931     
 v_perp_2=    145033257.4466797     
 b_n=   8.9795006197277138E-005   -1.480392242340790      
    1.072348609465168     
 b_para_n=    1.419556188560020     
 dxdt=    1.581483639171089        -3527.224945687442      
    2532.992150206732     
 dudt=   -2738157.798079826     
 ---------------------
 Elapsed time (seconds):     163.8810040000000     

real	2m43.893s
user	2m43.264s
sys	0m0.026s
>>> [PID 3753346] DONE  u=7500, v_perp=10000, out=gc_grid/dat436.dat
