>>> [PID 3606710] START u=10000, v_perp=-9000, out=gc_grid/dat42.dat, dt=2e-09, steps=30000000
 outer boundary:   8.3000000000000462E-002
 rk4
 istep=            1
 grad_b=  -0.5028816043432625        4.9312047515116739E-003 
  -7.9817336209057899E-003
 bsub=   8.6925880199829192E-003   4.2252225290298977E-002 
    1.020727515162776     
 bsup=    0.000000000000000        0.5003001757354283      
   0.9181487004968562     
 b_abs=   0.9787595976786977     
 g=  -1.6418795814732903E-002
 j=    0.000000000000000         576.0999870805011      
    59.08480498665833     
 v_perp_2=    80999991.77795713     
 b_n=   3.5721601257451527E-005   0.5037139105067564      
   0.9180070985202199     
 b_para_n=   0.9787596092954917     
 dxdt=   0.5127801572912903         5160.577302171310      
    9378.705205337732     
 dudt=    205522.1181390586     
 ---------------------
 rk4
 istep=      1000001
 grad_b=   0.4719325610847163       -7.7734665559962918E-002 
  -0.1967178627339854     
 bsub=   4.2457138976965667E-002   0.1142436745102054      
    1.713670284676063     
 bsup=    0.000000000000000        -1.297127095343384      
    1.075146817930068     
 b_abs=    1.302252325745789     
 g=  -8.5102584727476047E-003
 j=    0.000000000000000         1171.956285910816      
   -338.2319668087785     
 v_perp_2=    107771362.1071710     
 b_n=  -6.8690995759763040E-004   -1.302195420732954      
    1.075501699407312     
 b_para_n=    1.302252296177389     
 dxdt=   -7.835358693218578        -8581.507765189133      
    7069.063675915261     
 dudt=    3516486.529026368     
 ---------------------
 rk4
 istep=      2000001
 grad_b=   -1.084918120011711       -3.4511126735206898E-003 
   7.7704665368160369E-002
 bsub=   3.4021755542872649E-003  -7.1232560392554795E-002 
    1.073813339847447     
 bsup=    0.000000000000000       -0.5971294954548630      
   0.9143475841562877     
 b_abs=    1.011990526587408     
 g=  -1.8428032201801083E-002
 j=    0.000000000000000         916.9437093874504      
   -727.3462406854006     
 v_perp_2=    83749840.45834395     
 b_n=   9.9996115393156997E-006  -0.5907594573638698      
   0.9147700148170145     
 b_para_n=    1.011990419448128     
 dxdt=   0.1394012952621470        -5730.049522997268      
    8915.938143376719     
 dudt=   -2989347.013631202     
 ---------------------
 rk4
 istep=      3000001
 grad_b=  -0.7603415631035407       -2.5767652332770105E-003 
  -2.0584087093236184E-002
 bsub=  -2.1935404318649765E-002  -5.8762052541845404E-002 
   0.9765186153261654     
 bsup=    0.000000000000000       -0.4175967613616268      
   0.9782992431889759     
 b_abs=   0.9899805343895689     
 g=  -1.7179060107486866E-002
 j=    0.000000000000000        -123.0477933234421      
   -109.7510367857689     
 v_perp_2=    81928178.54323186     
 b_n=  -2.3043101585526228E-005  -0.4130019199672986      
   0.9785752068391043     
 b_para_n=   0.9899805210456891     
 dxdt=  -0.3274753994113629        -4133.310771484841      
    9839.958630429930     
 dudt=    796716.4381170763     
 ---------------------
 rk4
 istep=      4000001
 grad_b=   0.4252708938720863        7.6501676360472698E-002 
   0.2213960388453647     
 bsub=  -2.5760208574699468E-002   0.1575659787924992      
    1.952562671869190     
 bsup=    0.000000000000000        -1.454516523072206      
    1.071446786132031     
 b_abs=    1.364239577670516     
 g=  -7.7952711670790696E-003
 j=    0.000000000000000        -869.0736053976914      
    518.8138876052454     
 v_perp_2=    112900681.9163685     
 b_n=   6.8127461834924393E-004   -1.459491655232010      
    1.071857288198776     
 b_para_n=    1.364239628737503     
 dxdt=    7.537068977386532        -8853.352904557367      
    6485.680125892245     
 dudt=   -3819903.017660522     
 ---------------------
 rk4
 istep=      5000001
 grad_b=  -0.1152923457873440        6.0857289129285140E-002 
  -0.1282500473076862     
 bsub=   3.2637811511513123E-003   3.2030009456965436E-002 
    1.066876480615424     
 bsup=    0.000000000000000        0.8646505289023597      
   0.9618875958199213     
 b_abs=    1.026467408400480     
 g=  -1.3103156335850477E-002
 j=    0.000000000000000         113.3688025872070      
   -209.6257509492819     
 v_perp_2=    84947456.07318187     
 b_n=   5.1268937007935245E-004   0.8655609149140804      
   0.9618586697021380     
 b_para_n=    1.026467381496293     
 dxdt=    7.059712999848586         8268.159714294683      
    9183.638422000146     
 dudt=    2851720.793659403     
 ---------------------
 rk4
 istep=      6000001
 grad_b=   0.1297754364397405       -0.1401714569374083      
  -0.2775903632903228     
 bsub=   6.1181869560964317E-002   5.6605376545468225E-002 
    1.729257830115170     
 bsup=    0.000000000000000        -1.499492187733273      
    1.020828069232519     
 b_abs=    1.296367047941063     
 g=  -1.1440182922150991E-002
 j=    0.000000000000000         925.3430418667358      
   -446.9383699378749     
 v_perp_2=    107283389.0153005     
 b_n=  -1.0590156443915982E-003   -1.500619888926995      
    1.020902415448167     
 b_para_n=    1.296366999550315     
 dxdt=   -12.11767044619935        -9944.039792931670      
    6761.794540367488     
 dudt=    2336011.907102935     
 ---------------------
 rk4
 istep=      7000001
 grad_b=  -0.8282987724681347        8.0492895326713769E-003 
   2.9119926234183292E-002
 bsub=   1.4277523137519189E-002  -7.2262806032975524E-002 
   0.9725130175453190     
 bsup=    0.000000000000000       -0.4496369676765691      
   0.9761030151378906     
 b_abs=   0.9911400798011124     
 g=  -1.6704497541582299E-002
 j=    0.000000000000000         561.2778793027730      
   -82.63376174166240     
 v_perp_2=    82023609.05765782     
 b_n=   6.2995527308683347E-005  -0.4445251946726831      
   0.9764819053713929     
 b_para_n=   0.9911400637018100     
 dxdt=   0.8943350026556237        -4440.714760945493      
    9803.130787244467     
 dudt=   -1035557.311280185     
 ---------------------
 rk4
 istep=      8000001
 grad_b=   -1.019816729487702        1.5234817370837692E-002 
  -6.6460919858093506E-002
 bsub=  -9.6082477136680434E-003  -6.3732547400986092E-002 
    1.067793337681451     
 bsup=    0.000000000000000       -0.5696365236390518      
   0.9183340771949257     
 b_abs=    1.008386431670127     
 g=  -1.8691983760128275E-002
 j=    0.000000000000000         1143.731182181611      
   -768.0519150762644     
 v_perp_2=    83450691.11907637     
 b_n=   6.5408442700820943E-005  -0.5637130853106043      
   0.9186881057077774     
 b_para_n=    1.008386317639247     
 dxdt=   0.9146754701405488        -5496.508886103183      
    8999.634010035006     
 dudt=    2860565.305210973     
 ---------------------
 rk4
 istep=      9000001
 grad_b=   0.4988930806909703        7.1638844940501434E-002 
   0.1961990408499830     
 bsub=  -7.9926525709215282E-003   0.1522778587062706      
    1.819397993367525     
 bsup=    0.000000000000000        -1.105877585904275      
    1.075924331124002     
 b_abs=    1.337298486017831     
 g=  -7.7964251074416381E-003
 j=    0.000000000000000        -876.8415057910609      
    548.2690395587929     
 v_perp_2=    110670169.4046813     
 b_n=   6.3214872843978963E-004   -1.111599012386217      
    1.076406012620409     
 b_para_n=    1.337298539281504     
 dxdt=    7.083288309216365        -6999.140816391953      
    6752.590238553666     
 dudt=   -4080321.278255915     
 ---------------------
 rk4
 istep=     10000001
 grad_b=   0.5496958194411268        6.5974937984363102E-002 
  -0.1738852617381383     
 bsub=  -1.6798324956982323E-002   2.7089076081809257E-002 
    1.196317307397989     
 bsup=    0.000000000000000        0.6679152385352454      
    1.011289020999959     
 b_abs=    1.108046480494402     
 g=  -1.1721859677316059E-002
 j=    0.000000000000000        -881.0678290916854      
    242.0110407592257     
 v_perp_2=    91697923.80963558     
 b_n=   5.7453301656108964E-004   0.6634178570296115      
    1.011398950770432     
 b_para_n=    1.108046507374978     
 dxdt=    7.415593393387932         5638.268862796161      
    8626.199860133944     
 dudt=    4921216.346146959     
 ---------------------
 rk4
 istep=     11000001
 grad_b=  -0.7365878069734220       -9.2391249896404654E-002 
  -0.2360326727069194     
 bsub=   7.8488283042738388E-002  -5.2767838755290758E-002 
    1.643799244235407     
 bsup=    0.000000000000000        -1.179271835491746      
   0.9513355497292248     
 b_abs=    1.275192934770479     
 g=  -1.7700198989609027E-002
 j=    0.000000000000000         849.2022318585250      
   -33.70088730868692     
 v_perp_2=    105530169.9032586     
 b_n=  -5.1887610856679145E-004   -1.175507060860285      
   0.9514811731937204     
 b_para_n=    1.275192927732568     
 dxdt=   -6.006308041465942        -7990.289263490510      
    6482.722929699479     
 dudt=    3750789.468561447     
 ---------------------
 rk4
 istep=     12000001
 grad_b=  -0.6056551148834898       -3.8253413142959394E-003 
  -8.7801050235200850E-003
 bsub=   2.2096089750041719E-002  -7.0841711021354045E-002 
   0.9003284547333484     
 bsup=    0.000000000000000       -0.3684786171398301      
    1.053991146068702     
 b_abs=   0.9870460316951580     
 g=  -1.4122556913846982E-002
 j=    0.000000000000000        -229.6503000903317      
    205.9430978896024     
 v_perp_2=    81684097.01754034     
 b_n=  -3.0809992327009222E-005  -0.3643482725517130      
    1.054316925207185     
 b_para_n=   0.9870460588167393     
 dxdt=  -0.4389979935356168        -3661.502447918782      
    10646.29105056513     
 dudt=    328854.1823746884     
 ---------------------
 rk4
 istep=     13000001
 grad_b=   -1.176856990883472        6.2641923361126256E-002 
  -0.1168606390858656     
 bsub=   4.6675830599427898E-003  -8.0518080849368484E-002 
    1.187453334880147     
 bsup=    0.000000000000000       -0.7162795541552861      
   0.8850782753828551     
 b_abs=    1.052905872138909     
 g=  -1.9703512994376872E-002
 j=    0.000000000000000        -570.5229925012791      
    114.2965834368169     
 v_perp_2=    87134228.14922372     
 b_n=   3.0149030383126593E-004  -0.7097977880114684      
   0.8855166202836966     
 b_para_n=    1.052905893009675     
 dxdt=    4.061824813286581        -6503.603072273031      
    8150.055320675143     
 dudt=    5828030.220414834     
 ---------------------
 rk4
 istep=     14000001
 grad_b=   0.6744011009938288        5.8596179451328702E-002 
   0.1704228144518770     
 bsub=   9.8848550027075578E-003   0.1367650759085658      
    1.662996843302477     
 bsup=    0.000000000000000       -0.7719279629608639      
    1.091146625766784     
 b_abs=    1.307601888978651     
 g=  -8.2878781740220366E-003
 j=    0.000000000000000        -223.4336891010120      
   -53.74117782653594     
 v_perp_2=    108211656.1440814     
 b_n=   4.6694968734553734E-004  -0.7789812400759464      
    1.091723906455561     
 b_para_n=    1.307601881111608     
 dxdt=    5.311351569109169        -5116.766369478118      
    7125.886050510539     
 dudt=   -4453088.265708121     
 ---------------------
 rk4
 istep=     15000001
 grad_b=   0.8106855988512088        4.1783128852706436E-002 
  -0.1737716223042123     
 bsub=  -4.0824226272390490E-002   4.3714792635549414E-002 
    1.355001971560352     
 bsup=    0.000000000000000        0.1159454930624961      
    1.042458528166593     
 b_abs=    1.190575145457071     
 g=  -1.0966181656712074E-002
 j=    0.000000000000000         674.9355565337420      
   -109.6094509862343     
 v_perp_2=    98526859.10575488     
 b_n=   3.9246774022401622E-004   0.1092750021968952      
    1.042685545830428     
 b_para_n=    1.190575135432736     
 dxdt=    4.781868282067142         803.1350894005848      
    7954.434176779258     
 dudt=    6127410.658384621     
 ---------------------
 rk4
 istep=     16000001
 grad_b=  -0.4489730407928261       -3.6702543194291150E-002 
  -3.0034017721759523E-002
 bsub=   6.8699926527226785E-002  -0.2083592500520965      
    1.554460606310190     
 bsup=    0.000000000000000        -1.274209655108905      
   0.9217829728530159     
 b_abs=    1.303032948302800     
 g=  -1.8529065795552364E-002
 j=    0.000000000000000         96.83560639089788      
   -226.6417425274288     
 v_perp_2=    107833177.7140151     
 b_n=  -1.8007984062321642E-004   -1.272230384636912      
   0.9220562114518457     
 b_para_n=    1.303032923633424     
 dxdt=   -2.053248148186660        -8341.982982381871      
    6054.160618813449     
 dudt=   -605944.5695029419     
 ---------------------
 rk4
 istep=     17000001
 grad_b=  -0.4494741887559994       -2.7269840974206868E-002 
  -3.6731179543215503E-002
 bsub=   2.9202367156337127E-002  -6.3546767605463378E-002 
   0.8646755011156230     
 bsup=    0.000000000000000       -0.2061528492069833      
    1.126382389883561     
 b_abs=   0.9939857760125872     
 g=  -1.1486702570897820E-002
 j=    0.000000000000000         601.0399867345083      
    21.42626953362320     
 v_perp_2=    82257698.30272129     
 b_n=  -2.3736787374489983E-004  -0.2026025935376539      
    1.126651318968143     
 b_para_n=   0.9939857734121640     
 dxdt=   -3.361386007309974        -2010.643263829974      
    11264.29876778527     
 dudt=    1488270.915321247     
 ---------------------
 rk4
 istep=     18000001
 grad_b=   -1.055838734846488        0.1201079016517459      
  -0.1363391938378163     
 bsub=   1.4658084368025950E-002  -0.1274100400850992      
    1.326594549599974     
 bsup=    0.000000000000000       -0.8362930409084408      
   0.8769609141898094     
 b_abs=    1.126807754962103     
 g=  -1.9759409114595512E-002
 j=    0.000000000000000        -455.5670262074437      
    359.2314440612499     
 v_perp_2=    93249260.82105400     
 b_n=   5.5452983486360566E-004  -0.8308296792425425      
   0.8774795483198781     
 b_para_n=    1.126807806813395     
 dxdt=    7.059433297173706        -6882.836958601045      
    7297.076567111565     
 dudt=    8079019.627378044     
 ---------------------
 rk4
 istep=     19000001
 grad_b=   0.7943783983156867        3.3409161180415502E-002 
   0.1615315786223503     
 bsub=   1.9842980423350118E-002   0.1085495063532275      
    1.507250586520444     
 bsup=    0.000000000000000       -0.5161078617634075      
    1.101307081309892     
 b_abs=    1.266640787547270     
 g=  -8.4927642253886867E-003
 j=    0.000000000000000         509.8531585488840      
   -165.1895031307268     
 v_perp_2=    104820993.9667977     
 b_n=   2.1994825487199723E-004  -0.5241099672327332      
    1.101880471452218     
 b_para_n=    1.266640773698639     
 dxdt=    2.558318515584852        -3649.427716573894      
    7595.460893066132     
 dudt=   -5248072.259188466     
 ---------------------
 rk4
 istep=     20000001
 grad_b=   0.8233283675519633        9.2080648724988529E-003 
  -0.1621517325428044     
 bsub=  -5.3479526431037906E-002   7.8372583674638160E-002 
    1.525661746706640     
 bsup=    0.000000000000000       -0.4435758814248825      
    1.062004499141636     
 b_abs=    1.259390821348637     
 g=  -9.9294041060947955E-003
 j=    0.000000000000000         134.8805092892915      
   -177.2811402456880     
 v_perp_2=    104220863.2118300     
 b_n=   1.5574188050615070E-004  -0.4508368705788799      
    1.062382936702156     
 b_para_n=    1.259390802472491     
 dxdt=    1.819036426102618        -3171.042266177789      
    7393.450533417465     
 dudt=    5792059.343281997     
 ---------------------
 rk4
 istep=     21000001
 grad_b=  -0.4857620021460939       -0.1850234384940858      
   0.1108038282612817     
 bsub=   1.2624919794475749E-002  -0.1845512228312259      
    1.402750594157569     
 bsup=    0.000000000000000       -0.9844514195139855      
   0.8894300628701225     
 b_abs=    1.195677501888644     
 g=  -1.8975944732988435E-002
 j=    0.000000000000000         301.9521638124654      
   -45.97886286403936     
 v_perp_2=    98948085.14657058     
 b_n=  -8.3517151823461863E-004  -0.9820663040582625      
   0.8897513658699012     
 b_para_n=    1.195677491874626     
 dxdt=   -10.14210615176409        -7429.073985234857      
    6742.074125544707     
 dudt=   -9713782.256327713     
 ---------------------
 rk4
 istep=     22000001
 grad_b=  -0.4938711631527581       -5.6220778754950004E-002 
  -5.6520674126077419E-002
 bsub=   3.5911961794671966E-002  -5.7558229520207421E-002 
   0.8586435781075754     
 bsup=    0.000000000000000       -0.1749571001167632      
    1.161792084432760     
 b_abs=    1.003218105074531     
 g=  -9.6123955773815082E-003
 j=    0.000000000000000        -706.0895319127976      
    223.1489179190974     
 v_perp_2=    83021010.28664760     
 b_n=  -5.5153623883623555E-004  -0.1704398454147593      
    1.162117996211987     
 b_para_n=    1.003218135102883     
 dxdt=   -7.747361906013622        -1662.792257467146      
    11467.61025600290     
 dudt=    2302650.246865433     
 ---------------------
 rk4
 istep=     23000001
 grad_b=  -0.7290799542846359        0.1536870535480499      
  -0.1291680926402415     
 bsub=   8.5358250151269625E-003  -0.1920380327383838      
    1.446182630468784     
 bsup=    0.000000000000000        -1.050008880109738      
   0.8878192878318181     
 b_abs=    1.218686254715396     
 g=  -1.8099343678887374E-002
 j=    0.000000000000000         224.3801316515442      
   -98.84397071368799     
 v_perp_2=    100851839.2512088     
 b_n=   6.8796013969166377E-004   -1.046339074715325      
   0.8883025268917457     
 b_para_n=    1.218686239973067     
 dxdt=    8.233455111895626        -7669.515510403133      
    6527.763199737192     
 dudt=    9372604.623478383     
 ---------------------
 rk4
 istep=     24000001
 grad_b=   0.8407411650115946        1.8029201293619988E-002 
   0.1610662591527025     
 bsub=   1.8323808465868226E-002   8.0154885595840678E-002 
    1.355549138064542     
 bsup=    0.000000000000000       -0.1519697455201529      
    1.100659007803876     
 b_abs=    1.216061852496461     
 g=  -8.7834513198835305E-003
 j=    0.000000000000000         20.52498647417210      
    296.2745693875632     
 v_perp_2=    100634471.9536310     
 b_n=   8.3244345589247125E-005  -0.1601771555207486      
    1.101143223181394     
 b_para_n=    1.216061884634169     
 dxdt=   0.9978887428484751        -1218.691279462902      
    8119.748588777163     
 dudt=   -5938781.368861633     
 ---------------------
 rk4
 istep=     25000001
 grad_b=   0.7756818848412199       -2.3852364820523830E-002 
  -0.1776424913027697     
 bsub=  -5.0200343710172152E-002   0.1219395253621528      
    1.688643065593620     
 bsup=    0.000000000000000       -0.7328345449169641      
    1.073569407713021     
 b_abs=    1.312766219552872     
 g=  -9.3625105085949085E-003
 j=    0.000000000000000        -1477.671754892586      
    569.4022758107399     
 v_perp_2=    108637017.8996045     
 b_n=  -1.0267987451318608E-004  -0.7400100057537138      
    1.074084545755637     
 b_para_n=    1.312766270254810     
 dxdt=   -1.164804866803168        -4830.120184474375      
    6962.506197404935     
 dudt=    5460107.154905251     
 ---------------------
 rk4
 istep=     26000001
 grad_b=  -0.9484505274964781       -0.1253649946274205      
   0.1160059166798080     
 bsub=  -2.5654273797168529E-004  -9.9563688918335849E-002 
    1.242001767660646     
 bsup=    0.000000000000000       -0.7315695470923379      
   0.8810395070568323     
 b_abs=    1.080224763349672     
 g=  -2.0147417468457416E-002
 j=    0.000000000000000        -460.4326364368576      
    107.9268656544683     
 v_perp_2=    89393062.63380013     
 b_n=  -6.1395756199068678E-004  -0.7265526610259511      
   0.8814415701970497     
 b_para_n=    1.080224782747083     
 dxdt=   -8.094061299101954        -6415.809856998420      
    7811.603947088317     
 dudt=   -7427874.451235231     
 ---------------------
 rk4
 istep=     27000001
 grad_b=  -0.6725214588152661       -6.7245734452664851E-002 
  -7.2896790650189072E-002
 bsub=   3.6603812684921709E-002  -7.6563215456827260E-002 
   0.8640687795266788     
 bsup=    0.000000000000000       -0.4941008931420059      
    1.120538811618314     
 b_abs=    1.003381599366140     
 g=  -9.8992659066821469E-003
 j=    0.000000000000000         478.4834829751309      
   -167.9601262785528     
 v_perp_2=    83033822.75547498     
 b_n=  -6.6167428349004438E-004  -0.4880911015118610      
    1.121099328573773     
 b_para_n=    1.003381575874227     
 dxdt=   -9.293123985467052        -4789.616826886161      
    11061.34820972112     
 dudt=    1998270.383835361     
 ---------------------
 rk4
 istep=     28000001
 grad_b=  -0.4561525740335802        4.4723171039419175E-002 
  -2.7967490350367642E-002
 bsub=  -2.1718185863895720E-002  -0.2364830068477624      
    1.522595611872883     
 bsup=    0.000000000000000        -1.270099927494413      
   0.9048358634345218     
 b_abs=    1.295458483711621     
 g=  -1.6981289382294408E-002
 j=    0.000000000000000         157.1829542496207      
   -26.89114991197523     
 v_perp_2=    107204180.2508083     
 b_n=   1.9388261288949085E-004   -1.267907770267521      
   0.9051791009279354     
 b_para_n=    1.295458478454935     
 dxdt=    2.219534714714889        -8397.196239108627      
    6004.080454484208     
 dudt=    2622558.864377127     
 ---------------------
 rk4
 istep=     29000001
 grad_b=   0.7553909401624016        4.2392212225341348E-003 
   0.1535671741490561     
 bsub=   7.0374656492331877E-003   6.0470302514748442E-002 
    1.212898563556858     
 bsup=    0.000000000000000        0.2907078844452101      
    1.089821313649784     
 b_abs=    1.157441409044928     
 g=  -9.7305775464086534E-003
 j=    0.000000000000000        -900.4970226050165      
   -40.84966315081249     
 v_perp_2=    95782557.01606400     
 b_n=  -3.0704145501709113E-005   0.2839281334620210      
    1.090159494252979     
 b_para_n=    1.157441399623752     
 dxdt=  -0.3825074540804618         2234.119142733220      
    8696.229364188819     
 dudt=   -6026946.422294881     
 ---------------------
 Elapsed time (seconds):     152.5979030000000     

real	2m32.610s
user	2m32.142s
sys	0m0.023s
>>> [PID 3606710] DONE  u=10000, v_perp=-9000, out=gc_grid/dat42.dat
