>>> [PID 3753623] START u=8000, v_perp=10000, out=gc_grid/dat437.dat, dt=2e-09, steps=30000000
 outer boundary:   8.3000000000000462E-002
 rk4
 istep=            1
 grad_b=  -0.5028818173940963        4.9314081372489743E-003 
  -7.9821647800632917E-003
 bsub=   8.6925322171649694E-003   4.2252256707081305E-002 
    1.020727392624074     
 bsup=    0.000000000000000        0.5003041607458952      
   0.9181486632647791     
 b_abs=   0.9787596175465870     
 g=  -1.6418775627635863E-002
 j=    0.000000000000000         576.0999835969934      
    59.08780275034724     
 v_perp_2=    99999991.87923492     
 b_n=   2.8578515322085408E-005   0.5030351526824623      
   0.9180353814066643     
 b_para_n=   0.9787596268403591     
 dxdt=   0.4160815744181712         4129.052402214023      
    7502.940726780934     
 dudt=    253745.3100501866     
 ---------------------
 rk4
 istep=      1000001
 grad_b=  -8.5192454598340572E-002  -5.8675217328038279E-002 
   0.1160109593668710     
 bsub=  -7.4783655288096183E-003   3.5501430612837240E-002 
    1.054604200773618     
 bsup=    0.000000000000000        0.6627370958954125      
   0.9786581875102576     
 b_abs=    1.027180167754762     
 g=  -1.3520202688128593E-002
 j=    0.000000000000000        -1357.734459495867      
    179.0901006455292     
 v_perp_2=    104947024.2875354     
 b_n=  -3.7193715477411169E-004   0.6632384005273043      
   0.9786386876080896     
 b_para_n=    1.027180181223539     
 dxdt=   -5.255086189074412         4965.186777345472      
    7321.312524526852     
 dudt=   -3712525.295156144     
 ---------------------
 rk4
 istep=      2000001
 grad_b=  -0.5935504559118621       -1.8135935074710466E-003 
  -4.1898361836205378E-003
 bsub=  -3.0484566233287977E-002  -3.0679739858907686E-002 
   0.9813161506359805     
 bsup=    0.000000000000000       -0.3117256876764692      
   0.9801623082059451     
 b_abs=   0.9853913469559371     
 g=  -1.7512298507136276E-002
 j=    0.000000000000000        -169.6810792473599      
   -45.84694043477393     
 v_perp_2=    100677366.8281858     
 b_n=  -9.3422377504184479E-006  -0.3088735247405622      
   0.9802511833346179     
 b_para_n=   0.9853913426696331     
 dxdt=  -0.1354176845068741        -2476.005624960372      
    7916.613057170530     
 dudt=    183593.1228048379     
 ---------------------
 rk4
 istep=      3000001
 grad_b=   -1.004653674641241        0.1299956726242780      
  -0.1432132681715053     
 bsub=   1.9260292266262490E-002  -0.1517300272148307      
    1.390666146519239     
 bsup=    0.000000000000000       -0.9264754924236311      
   0.8809593292373844     
 b_abs=    1.168539849277125     
 g=  -1.9172032002004263E-002
 j=    0.000000000000000         319.2938909529387      
    154.1920181895544     
 v_perp_2=    119389540.5693375     
 b_n=   4.2451740512401454E-004  -0.9227537752784061      
   0.8813595204609125     
 b_para_n=    1.168539859950495     
 dxdt=    5.673359515769891        -5245.783905893075      
    5040.709911443714     
 dudt=    10780735.73438352     
 ---------------------
 rk4
 istep=      4000001
 grad_b=  -0.9438629577002752       -0.1318751746007904      
   0.1447294848666238     
 bsub=  -2.3741109192243065E-002  -0.1760025817269846      
    1.447536845991502     
 bsup=    0.000000000000000        -1.034112629176278      
   0.8870968374730379     
 b_abs=    1.210778379191956     
 g=  -1.8495339519159198E-002
 j=    0.000000000000000         371.9853412814112      
   -68.10530793155515     
 v_perp_2=    123704943.6695860     
 b_n=  -4.0515611781065386E-004   -1.030774685494104      
   0.8874960373582894     
 b_para_n=    1.210778369853111     
 dxdt=   -5.384670368799824        -5377.257699093576      
    4656.154776228115     
 dudt=   -11170787.84407193     
 ---------------------
 rk4
 istep=      5000001
 grad_b=  -0.7325157511397125       -1.9231496985179231E-003 
   2.0368108964576373E-002
 bsub=   2.5467690832558940E-002  -4.6666338525478274E-002 
   0.9912506439669829     
 bsup=    0.000000000000000       -0.3989099849202563      
   0.9690519929206943     
 b_abs=   0.9894643594508549     
 g=  -1.7718756316454729E-002
 j=    0.000000000000000        -573.4138041076573      
   -55.79537613008959     
 v_perp_2=    101093262.5776508     
 b_n=  -4.5717955215519472E-006  -0.3954345072702619      
   0.9692157267273179     
 b_para_n=   0.9894643564104497     
 dxdt=  -6.6092989206939026E-002   -3147.349837625274      
    7770.121843701608     
 dudt=   -1058643.771207499     
 ---------------------
 rk4
 istep=      6000001
 grad_b=   0.3409250605431511        3.0991829503359103E-002 
  -0.1366002719515370     
 bsub=   7.3527990388444174E-003   4.1395946639799550E-002 
    1.082201486544130     
 bsup=    0.000000000000000        0.5700163619474298      
    1.040949762822265     
 b_abs=    1.072330231458758     
 g=  -1.2321031986470707E-002
 j=    0.000000000000000        -517.5861501968205      
    221.8481540281113     
 v_perp_2=    109559540.9666245     
 b_n=   2.1353734358211675E-004   0.5680007313624942      
    1.041025431372906     
 b_para_n=    1.072330249903658     
 dxdt=    2.947730819053737         3894.284933446629      
    7163.502643733166     
 dudt=    5932413.352980946     
 ---------------------
 rk4
 istep=      7000001
 grad_b=   0.3257352473102564        0.1448856399913922      
  -0.1618913599258712     
 bsub=  -2.7553340875762701E-002  -1.3827600499896949E-002 
    1.267211300659666     
 bsup=    0.000000000000000       -3.3084979357839606E-002 
   0.9510655429684179     
 b_abs=    1.097905280158698     
 g=  -1.6680543834806855E-002
 j=    0.000000000000000        -285.9897008088351      
    166.3238628751289     
 v_perp_2=    112172428.1012797     
 b_n=   6.7933431863296536E-004  -3.4614442280289801E-002 
   0.9510636392901918     
 b_para_n=    1.097905297017766     
 dxdt=    9.275035921788803        -237.8251608995205      
    6236.259540919804     
 dudt=    7387134.956191463     
 ---------------------
 rk4
 istep=      8000001
 grad_b=  -0.6306397424003345        6.5485397199159870E-002 
  -5.7808010600034203E-002
 bsub=  -2.0082743669403900E-002  -1.4403513561777791E-002 
    1.090914773729027     
 bsup=    0.000000000000000       -0.3525049662163711      
   0.9119317776946252     
 b_abs=   0.9999302682385599     
 g=  -1.9881001168377030E-002
 j=    0.000000000000000        -316.7634677128239      
    169.4692742637761     
 v_perp_2=    102162269.6487458     
 b_n=   2.9220608936837689E-004  -0.3496529963876996      
   0.9119748298859097     
 b_para_n=   0.9999302878253429     
 dxdt=    4.196232154288913        -2731.229506925864      
    7172.273265205516     
 dudt=    3872540.061534633     
 ---------------------
 rk4
 istep=      9000001
 grad_b=  -0.9493003246962900        0.1325841063826761      
  -0.1223233418849362     
 bsub=   3.8379036135667991E-003  -0.1140813039609321      
    1.279503548500663     
 bsup=    0.000000000000000       -0.7751717842175656      
   0.8797052812421591     
 b_abs=    1.101705628106462     
 g=  -1.9962473784007739E-002
 j=    0.000000000000000        -812.5386124635602      
    155.6485236668705     
 v_perp_2=    112560501.9221686     
 b_n=   4.8211618720558241E-004  -0.7714119518228404      
   0.8800390835552920     
 b_para_n=    1.101705650777984     
 dxdt=    6.572546574189443        -4995.132007584381      
    5731.455591553620     
 dudt=    9755253.538585046     
 ---------------------
 rk4
 istep=     10000001
 grad_b=  -0.6100199280419554       -6.3509417388125489E-002 
   6.3258805216404479E-002
 bsub=  -2.1143542621529555E-002  -0.2258112823733966      
    1.529219860922412     
 bsup=    0.000000000000000        -1.261387570333010      
   0.9048266786127475     
 b_abs=    1.291783609573092     
 g=  -1.6872914435068290E-002
 j=    0.000000000000000         640.9380670049688      
   -176.1081644270718     
 v_perp_2=    131980533.6226010     
 b_n=  -1.7416036402522714E-004   -1.259429028629043      
   0.9051134618377489     
 b_para_n=    1.291783591115493     
 dxdt=   -2.335185846602240        -5499.166497748307      
    3967.380178860502     
 dudt=   -5431540.955696600     
 ---------------------
 rk4
 istep=     11000001
 grad_b=   -1.159982529719477       -2.4372836375982546E-002 
   9.5298371704858956E-002
 bsub=   5.7378912441193031E-004  -7.0240342374225384E-002 
    1.120232607380861     
 bsup=    0.000000000000000       -0.6551026126794290      
   0.9011564571163180     
 b_abs=    1.027230718189189     
 g=  -1.8961739091745242E-002
 j=    0.000000000000000         543.6525831327885      
   -532.5826914955474     
 v_perp_2=    104951290.8281853     
 b_n=  -8.2804508496550641E-005  -0.6498814185627435      
   0.9014838208654604     
 b_para_n=    1.027230657415675     
 dxdt=   -1.169903991482924        -4826.802301988370      
    6745.828902045286     
 dudt=   -5064805.981354965     
 ---------------------
 rk4
 istep=     12000001
 grad_b=   7.0151251757425537E-002  -6.5914948642770907E-003 
  -8.7065946178614156E-002
 bsub=   3.5306450678895859E-002   1.4239771263166730E-002 
   0.9831714101591805     
 bsup=    0.000000000000000        0.1643340872966521      
    1.084287613938266     
 b_abs=    1.033615201570751     
 g=  -1.3245997353551099E-002
 j=    0.000000000000000         630.6452029147530      
   -122.2347910947410     
 v_perp_2=    105603488.2460055     
 b_n=  -2.9606191463790044E-005   0.1639271532522016      
    1.084294559959494     
 b_para_n=    1.033615191114476     
 dxdt=  -0.4168007234573553         1209.231396997381      
    8016.492084558150     
 dudt=    4719311.876867485     
 ---------------------
 rk4
 istep=     13000001
 grad_b=   0.8481948634323405        2.5573530476267713E-002 
  -0.1635611163686269     
 bsub=  -5.0095810737220317E-002   5.9416991703470201E-002 
    1.443572849329580     
 bsup=    0.000000000000000       -0.1970844334135866      
    1.053009678583056     
 b_abs=    1.228319821536885     
 g=  -1.0462109166903440E-002
 j=    0.000000000000000         983.7668943232952      
   -295.9819620249060     
 v_perp_2=    125496169.5334083     
 b_n=   1.9178889182664785E-004  -0.2020861477218442      
    1.053222186142825     
 b_para_n=    1.228319801595805     
 dxdt=    2.547790229115790        -1062.063273330625      
    5322.348477610961     
 dudt=    7372543.068436014     
 ---------------------
 rk4
 istep=     14000001
 grad_b=   0.4661927733330912        7.0157001420763032E-002 
  -9.5995603344821101E-002
 bsub=  -0.1059401755989808        1.9063321287878660E-004 
    1.743085307701767     
 bsup=    0.000000000000000        -1.056920232818121      
    1.012368699708266     
 b_abs=    1.328402414561768     
 g=  -1.3729071951493588E-002
 j=    0.000000000000000        -369.7765379754838      
    143.6990850900488     
 v_perp_2=    135721383.1588850     
 b_n=   2.8085337806913981E-004   -1.058762889038106      
    1.012385978326663     
 b_para_n=    1.328402424482106     
 dxdt=    3.822277560468447        -4256.063910779605      
    4052.876058609307     
 dudt=    6588722.091291843     
 ---------------------
 rk4
 istep=     15000001
 grad_b=  -4.2273990811657836E-002   0.1317893257323612      
  -5.3282183057670879E-002
 bsub=  -6.9215053100883273E-002  -0.1942201159005409      
    1.529780426793933     
 bsup=    0.000000000000000        -1.188696727382411      
   0.9290084796014170     
 b_abs=    1.285295145594954     
 g=  -1.8434554588681339E-002
 j=    0.000000000000000         326.6671917760980      
   -297.1622382733109     
 v_perp_2=    131317050.3787186     
 b_n=   3.7561540636331771E-004   -1.188562460514039      
   0.9290425010036154     
 b_para_n=    1.285295122026936     
 dxdt=    5.027094466516457        -5285.440826031099      
    4132.618450324690     
 dudt=    8193781.853490124     
 ---------------------
 rk4
 istep=     16000001
 grad_b=  -0.5227563270790063        6.9172605485408670E-004 
   1.5965485706181108E-002
 bsub=  -3.8219032302834813E-002  -0.2325480146691192      
    1.530153842000870     
 bsup=    0.000000000000000        -1.281169327641394      
   0.9069527342385914     
 b_abs=    1.298366408434827     
 g=  -1.7543175613939321E-002
 j=    0.000000000000000         271.1872194960317      
   -1.065315653288408     
 v_perp_2=    132652401.5785234     
 b_n=   9.4497963527810652E-006   -1.279586247151907      
   0.9071935595133435     
 b_para_n=    1.298366405610084     
 dxdt=   0.1269699931994152        -5503.463794390686      
    3914.251155803040     
 dudt=   -534846.2413948849     
 ---------------------
 rk4
 istep=     17000001
 grad_b=   -1.306719928047637       -5.8061738876734569E-002 
   0.1545063709064925     
 bsub=  -2.5577804399382752E-002  -0.1037519816517966      
    1.293862493846550     
 bsup=    0.000000000000000       -0.8382437389769651      
   0.8740107846457170     
 b_abs=    1.103728537484356     
 g=  -2.0103058702046383E-002
 j=    0.000000000000000         799.8646067068239      
   -310.4731684184587     
 v_perp_2=    112766413.4355506     
 b_n=  -1.8068716261961554E-004  -0.8330861447390836      
   0.8744207568965217     
 b_para_n=    1.103728500044897     
 dxdt=   -2.461315107042752        -5365.818906981795      
    5673.611870479747     
 dudt=   -8502710.556208000     
 ---------------------
 rk4
 istep=     18000001
 grad_b=  -0.4295017324605780       -4.1393838362188545E-003 
  -2.6550714847207960E-002
 bsub=   3.4522976807999303E-002  -4.3117585137599709E-002 
   0.9209004013349447     
 bsup=    0.000000000000000       -0.2395467655277921      
    1.060442682912509     
 b_abs=   0.9934259551588360     
 g=  -1.4613835561310922E-002
 j=    0.000000000000000         795.5373629776454      
   -186.1166841916886     
 v_perp_2=    101496861.3489784     
 b_n=  -2.8425640506504981E-005  -0.2372836952066652      
    1.060549684651793     
 b_para_n=   0.9934259334961024     
 dxdt=  -0.4098907959876453        -1873.731191007345      
    8440.769114520510     
 dudt=    1396833.033836280     
 ---------------------
 rk4
 istep=     19000001
 grad_b=   0.7854491058859293       -1.3320889586255092E-002 
  -0.1540557353994129     
 bsub=  -5.6858739845050965E-003   6.5662192602812947E-002 
    1.237718577127317     
 bsup=    0.000000000000000        0.1254758634334432      
    1.100348980358037     
 b_abs=    1.170526882491248     
 g=  -9.3271869312125978E-003
 j=    0.000000000000000        -1125.519059080169      
    180.2136130944829     
 v_perp_2=    119590899.0882569     
 b_n=  -3.4760514823674711E-005   0.1201771025486586      
    1.100629934189830     
 b_para_n=    1.170526892028030     
 dxdt=  -0.4643611875913485         643.5713387551538      
    6268.233308354814     
 dudt=    7470946.693438449     
 ---------------------
 rk4
 istep=     20000001
 grad_b=   0.7388566002557445       -1.7329806379739035E-002 
  -0.1729182064316485     
 bsub=  -6.4266807086527850E-002   0.1368168267115397      
    1.828884986601405     
 bsup=    0.000000000000000       -0.8719809241258036      
    1.066398764789659     
 b_abs=    1.352916382891652     
 g=  -9.9260562413859485E-003
 j=    0.000000000000000        -151.7170035292546      
    329.8495938754622     
 v_perp_2=    138225226.1116939     
 b_n=  -2.3492036684773944E-005  -0.8758986694556042      
    1.066691037111729     
 b_para_n=    1.352916404131793     
 dxdt=  -0.3245346404678237        -3326.274147520623      
    4005.751997794837     
 dudt=    6392095.614627725     
 ---------------------
 rk4
 istep=     21000001
 grad_b=   0.1101675116834507        9.5344007032381120E-002 
   0.1139291698833405     
 bsub=  -7.7228194154983623E-002   0.1156154752256951      
    1.962783095778359     
 bsup=    0.000000000000000        -1.186644222430864      
    1.052804624698208     
 b_abs=    1.388843965611014     
 g=  -1.1585066406793415E-002
 j=    0.000000000000000        -311.4576029112876      
   -107.9441376148019     
 v_perp_2=    141895751.5672275     
 b_n=   3.8291052348142301E-004   -1.187139545017399      
    1.052848861584708     
 b_para_n=    1.388843957668113     
 dxdt=    5.456727328475262        -4024.087382553604      
    3564.585416057768     
 dudt=   -250327.1440694816     
 ---------------------
 rk4
 istep=     22000001
 grad_b=  -0.5533074830442283        0.1379842009458850      
   0.2764161089032050     
 bsub=  -7.0798132503637645E-002  -1.7909920745284105E-002 
    1.639023020702975     
 bsup=    0.000000000000000        -1.219262287716001      
   0.9616448704455254     
 b_abs=    1.264282668880470     
 g=  -1.6253474518389998E-002
 j=    0.000000000000000        -260.1452906647924      
    374.1654235979576     
 v_perp_2=    129169431.5773307     
 b_n=   5.4923804575488216E-004   -1.217153581196946      
   0.9616916603407584     
 b_para_n=    1.264282698874436     
 dxdt=    7.317944180354109        -5663.488868582430      
    4489.635625808103     
 dudt=   -3942579.993424618     
 ---------------------
 rk4
 istep=     23000001
 grad_b=   -1.295354308423539        2.2043373146371052E-002 
   0.2160160454601167     
 bsub=  -4.2780067717710389E-002  -9.4209459295406944E-002 
    1.352911652169802     
 bsup=    0.000000000000000       -0.9547151770511433      
   0.8763643724430693     
 b_abs=    1.129319880958063     
 g=  -1.9936967122190501E-002
 j=    0.000000000000000         1630.976623292164      
   -626.9363192182919     
 v_perp_2=    115380436.0505033     
 b_n=   1.4394057375256985E-004  -0.9497138845008299      
   0.8767171268407540     
 b_para_n=    1.129319808950605     
 dxdt=    1.943271796349216        -5827.190488866991      
    5415.709953188142     
 dudt=   -7611279.983033026     
 ---------------------
 rk4
 istep=     24000001
 grad_b=  -0.8613368623782959        1.1956562149008112E-002 
   3.4752667443003683E-002
 bsub=   1.0232200450173409E-002  -7.6835270464722841E-002 
   0.9734900244268720     
 bsup=    0.000000000000000       -0.4605772755832631      
   0.9753717330589891     
 b_abs=   0.9927502422299753     
 g=  -1.6414706747014646E-002
 j=    0.000000000000000         756.1757815696456      
   -8.567427652634279     
 v_perp_2=    101427293.5193731     
 b_n=   7.3199828974359346E-005  -0.4562861378799293      
   0.9757096458908215     
 b_para_n=   0.9927502352193507     
 dxdt=    1.055978572836025        -3608.003001871018      
    7776.692993505350     
 dudt=   -1460857.048473796     
 ---------------------
 rk4
 istep=     25000001
 grad_b=   0.3335026749708568       -3.5677273403032117E-002 
  -0.1171793927745283     
 bsub=   3.2210778466745804E-002   3.5474364994302954E-002 
    1.043984135346754     
 bsup=    0.000000000000000        0.1109948135572159      
    1.116671996327881     
 b_abs=    1.081625612457746     
 g=  -1.1024518557654333E-002
 j=    0.000000000000000        -587.6264127895429      
    300.9474774114892     
 v_perp_2=    110507410.5498920     
 b_n=  -1.9630065595140352E-004   0.1089068808502511      
    1.116749025429591     
 b_para_n=    1.081625636566155     
 dxdt=   -2.698440261207796         721.8363907817353      
    7551.902095313304     
 dudt=    6366977.818496664     
 ---------------------
 rk4
 istep=     26000001
 grad_b=   0.7688472085633314       -4.1055310325372046E-002 
  -0.1682512781859972     
 bsub=  -2.5196951203936366E-002   0.1235208169776150      
    1.609252602749356     
 bsup=    0.000000000000000       -0.6594899896005575      
    1.090498803654273     
 b_abs=    1.293829434334344     
 g=  -8.6671914770871487E-003
 j=    0.000000000000000        -195.1919031887093      
   -33.32882181514422     
 v_perp_2=    132187716.9999437     
 b_n=  -1.8417204914624062E-004  -0.6645045860263992      
    1.090880820757513     
 b_para_n=    1.293829430890680     
 dxdt=   -2.470924752615799        -2942.216475764872      
    4758.976536027969     
 dudt=    6175192.657934309     
 ---------------------
 rk4
 istep=     27000001
 grad_b=   0.5197649069161583       -6.2916718117078697E-003 
  -6.7568509158718204E-002
 bsub=  -3.3689069131012550E-002   0.1767102102653919      
    2.079184356995260     
 bsup=    0.000000000000000        -1.250320330201134      
    1.071785830454401     
 b_abs=    1.417507977383168     
 g=  -8.3675527118900958E-003
 j=    0.000000000000000         365.0524791508396      
   -119.5273863695743     
 v_perp_2=    144823546.3998884     
 b_n=  -3.1103342133436176E-006   -1.253258744978919      
    1.072035512804109     
 b_para_n=    1.417507972111075     
 dxdt=  -4.5892017240947894E-002   -3905.957294284556      
    3314.740972609890     
 dudt=    2326325.303763280     
 ---------------------
 rk4
 istep=     28000001
 grad_b=   0.4053326534140893        7.4055193805503794E-002 
   0.2200202268189438     
 bsub=  -3.9640769346468839E-002   0.1409658136820367      
    1.967338400344023     
 bsup=    0.000000000000000        -1.619838431379247      
    1.069112481814198     
 b_abs=    1.368776100606541     
 g=  -8.3023592910488730E-003
 j=    0.000000000000000        -1581.364242369363      
    293.6710408881755     
 v_perp_2=    139844585.6667551     
 b_n=   3.7906262905603561E-004   -1.622503230043713      
    1.069311069203024     
 b_para_n=    1.368776112843444     
 dxdt=    5.301000392891943        -5853.561447690119      
    3841.601237022609     
 dudt=   -4301924.636056496     
 ---------------------
 rk4
 istep=     29000001
 grad_b=   0.3107881877815565        0.1362295589752960      
   0.2380211247580413     
 bsub=  -5.5150474431383191E-002   5.9880141413584637E-002 
    1.462876976441946     
 bsup=    0.000000000000000       -0.9515890596660291      
    1.061159160882862     
 b_abs=    1.222426721813174     
 g=  -9.5883040475323936E-003
 j=    0.000000000000000        -1763.369315785795      
    526.1069418014738     
 v_perp_2=    124892307.9293352     
 b_n=   8.4487487635608830E-004  -0.9537250449310710      
    1.061278475775168     
 b_para_n=    1.222426758346166     
 dxdt=    11.22366137782714        -4896.454096546231      
    5430.196374844993     
 dudt=   -5137667.369711000     
 ---------------------
 Elapsed time (seconds):     165.6304140000000     

real	2m45.645s
user	2m44.980s
sys	0m0.030s
>>> [PID 3753623] DONE  u=8000, v_perp=10000, out=gc_grid/dat437.dat
