>>> [PID 3737036] START u=2500, v_perp=9000, out=gc_grid/dat405.dat, dt=2e-09, steps=30000000
 outer boundary:   8.3000000000000462E-002
 rk4
 istep=            1
 grad_b=  -0.5028824018005333        4.9319679188026821E-003 
  -7.9833509611230563E-003
 bsub=   8.6923788243885788E-003   4.2252343071465095E-002 
    1.020727055623365     
 bsup=    0.000000000000000        0.5003151176119542      
   0.9181485610003551     
 b_abs=   0.9787596721890626     
 g=  -1.6418720114748691E-002
 j=    0.000000000000000         576.0999744117983      
    59.09605328100872     
 v_perp_2=    80999997.94427194     
 b_n=   8.9318479690146872E-006   0.5011685561635051      
   0.9181131601805390     
 b_para_n=   0.9787596750936562     
 dxdt=   0.1706502026459639         1294.236999714595      
    2344.507861315387     
 dudt=    205565.5636618461     
 ---------------------
 rk4
 istep=      1000001
 grad_b=  -0.2124427773438335        8.1539396841354861E-002 
  -0.1022819305025836     
 bsub=  -6.6058160219769103E-003   2.8222003209610602E-002 
    1.094988596707913     
 bsup=    0.000000000000000        0.4014716981410563      
   0.9264880156513107     
 b_abs=    1.013010182661054     
 g=  -1.6803986546753396E-002
 j=    0.000000000000000         183.0169519011597      
   -282.9033530928971     
 v_perp_2=    83834492.98528764     
 b_n=  -1.0334270507701737E-004   0.4012101193647093      
   0.9264941407561283     
 b_para_n=    1.013010189872986     
 dxdt=    2.502363690335224        -726.1005340047792      
   -1690.408430655145     
 dudt=    2533654.314828962     
 ---------------------
 Particle has exited the domain at step       1548007  s =  
   8.3000001881937915E-002
 Elapsed time (seconds):     8.016399000000000     

real	0m8.028s
user	0m7.976s
sys	0m0.017s
>>> [PID 3737036] DONE  u=2500, v_perp=9000, out=gc_grid/dat405.dat
