>>> [PID 3737668] START u=6000, v_perp=9000, out=gc_grid/dat412.dat, dt=2e-09, steps=30000000
 outer boundary:   8.3000000000000462E-002
 rk4
 istep=            1
 grad_b=  -0.5028820332505257        4.9316105895554629E-003 
  -7.9825949787696443E-003
 bsub=   8.6924762889019312E-003   4.2252288173549327E-002 
    1.020727270142174     
 bsup=    0.000000000000000        0.5003081496843739      
   0.9181486257919651     
 b_abs=   0.9787596374156000     
 g=  -1.6418755436742753E-002
 j=    0.000000000000000         576.0999717752316      
    59.09078812317101     
 v_perp_2=    80999995.06649645     
 b_n=   2.1434807904283992E-005   0.5023563967031389      
   0.9180636641916818     
 b_para_n=   0.9787596443861806     
 dxdt=   0.2792246301179144         3093.674690367916      
    5627.335445707356     
 dudt=    205545.2656329460     
 ---------------------
 rk4
 istep=      1000001
 grad_b=   -1.231757829838064        3.4658316277936363E-002 
   0.2367618692118933     
 bsub=  -5.1040935672794011E-002  -9.5393474530109074E-002 
    1.412267143210592     
 bsup=    0.000000000000000        -1.013943137454369      
   0.8836729704374890     
 b_abs=    1.159384844681187     
 g=  -2.0016669864785494E-002
 j=    0.000000000000000         162.7754620240213      
   -439.5988822070221     
 v_perp_2=    95948103.46960047     
 b_n=   1.2761372655750950E-004   -1.010861292124800      
   0.8838857264673311     
 b_para_n=    1.159384816125100     
 dxdt=    1.655907953898771        -3972.663240076739      
    3499.873195302200     
 dudt=   -6212920.510770162     
 ---------------------
 rk4
 istep=      2000001
 grad_b=   2.1126018474582009E-002  -0.1124368913416531      
  -0.1627943354391859     
 bsub=   7.7389395902202299E-002   9.6408801608465849E-002 
    1.923518303207287     
 bsup=    0.000000000000000        -1.238350669774472      
    1.043757955018408     
 b_abs=    1.374051859745853     
 g=  -1.2117279915290245E-002
 j=    0.000000000000000         208.4526768076015      
   -168.8260901564263     
 v_perp_2=    113713419.4083004     
 b_n=  -1.6628150954474177E-004   -1.238394798108408      
    1.043766854076599     
 b_para_n=    1.374051855900255     
 dxdt=   -4.014725903351396        -1634.917333308401      
    1377.325518763316     
 dudt=    923960.1996729990     
 ---------------------
 rk4
 istep=      3000001
 grad_b=  -0.7676506733545150        0.1557421794595824      
  -0.1305474322063766     
 bsub=   7.3984206179077581E-003  -0.1765958354179694      
    1.419269216549594     
 bsup=    0.000000000000000       -0.9898177429717092      
   0.8857085095503938     
 b_abs=    1.196475991959109     
 g=  -1.8504788519089217E-002
 j=    0.000000000000000         289.2764873236110      
   -38.88083484206430     
 v_perp_2=    99017609.69153643     
 b_n=   3.3156019960368092E-004  -0.9879947941296799      
   0.8859336022930271     
 b_para_n=    1.196475987820808     
 dxdt=    4.410444114036680        -3483.875272745209      
    3142.133174653168     
 dudt=    9330185.849171808     
 ---------------------
 rk4
 istep=      4000001
 grad_b=   0.4845882126485001       -2.1551192774701404E-002 
   3.4259272722225051E-002
 bsub=   5.0891297264762686E-002   0.1671088354685368      
    2.048928060601873     
 bsup=    0.000000000000000        -1.170408537054143      
    1.069876899128276     
 b_abs=    1.413281511965614     
 g=  -9.2147126346037427E-003
 j=    0.000000000000000         50.02345581569497      
    256.6591061098056     
 v_perp_2=    116959903.6654469     
 b_n=   5.6774371621775084E-006   -1.170295727595946      
    1.069867556982600     
 b_para_n=    1.413281511261515     
 dxdt=   -1.174021370783910         142.5016792976418      
   -149.6536958101504     
 dudt=   -1811666.423738969     
 ---------------------
 rk4
 istep=      5000001
 grad_b=  -0.6749063625099537       -6.6732779970268649E-002 
   7.3106738094650958E-002
 bsub=  -3.3514847057299776E-002  -0.2227970775990927      
    1.528167295697185     
 bsup=    0.000000000000000        -1.256976068380117      
   0.9039684629066884     
 b_abs=    1.289047862073095     
 g=  -1.7397571601072616E-002
 j=    0.000000000000000         569.1132572904899      
   -151.6178005920049     
 v_perp_2=    106678578.8400249     
 b_n=   9.9626316686680390E-005   -1.258172334185522      
   0.9037962475874127     
 b_para_n=    1.289047871185227     
 dxdt=   -1.531464631213820         3151.153106436132      
   -2250.315230919130     
 dudt=   -4814011.235363952     
 ---------------------
 rk4
 istep=      6000001
 grad_b=   7.7962015403445939E-002  -6.6412967172403081E-002 
   7.0008514234231045E-003
 bsub=   0.1234038964872009        1.6794882667029016E-002 
    1.830733742283843     
 bsup=    0.000000000000000        -1.128062243378862      
    1.016669497331650     
 b_abs=    1.357291605212814     
 g=  -1.3800183300604747E-002
 j=    0.000000000000000        -1195.077880164996      
    526.5760107230707     
 v_perp_2=    112326239.7779341     
 b_n=   1.0826705000592087E-004   -1.127936015285251      
    1.016661030601987     
 b_para_n=    1.357291590650117     
 dxdt=   -2.244692949575939         1794.156013318826      
   -1619.171404083206     
 dudt=   -2500960.800233582     
 ---------------------
 rk4
 istep=      7000001
 grad_b=  -0.6876874012017957        9.3408327537330596E-002 
   0.1111115091822567     
 bsub=  -4.4390460097144764E-002  -6.3674097223135676E-002 
   0.9788824310762011     
 bsup=    0.000000000000000       -0.5543580548104823      
    1.051363020124567     
 b_abs=    1.031442334079928     
 g=  -1.1380120680206296E-002
 j=    0.000000000000000        -20.37362293512118      
   -273.9470313111069     
 v_perp_2=    85359687.76524141     
 b_n=  -4.7881022094954840E-004  -0.5576059921001688      
    1.051130055530476     
 b_para_n=    1.031442352629241     
 dxdt=    6.133450388886471         3064.797717081395      
   -5730.625216301354     
 dudt=   -2609112.833127416     
 ---------------------
 rk4
 istep=      8000001
 grad_b=   0.6877132829731212        0.1119724545582044      
  -0.1580616955921782     
 bsub=  -6.7182375247482412E-002  -2.4688724700159453E-002 
    1.427076032384255     
 bsup=    0.000000000000000       -0.4253813532518839      
   0.9827467390885156     
 b_abs=    1.188645339501857     
 g=  -1.5016976928884773E-002
 j=    0.000000000000000        -62.58216813222882      
   -62.90232262036531     
 v_perp_2=    98369391.77742328     
 b_n=  -3.3177488163563484E-004  -0.4233152438450106      
   0.9827668672335061     
 b_para_n=    1.188645343045001     
 dxdt=    4.385357628344898         1517.374545678402      
   -3568.906809730067     
 dudt=    7065571.986591158     
 ---------------------
 rk4
 istep=      9000001
 grad_b=   -1.039134569085842       -2.2147984245665640E-002 
  -7.3677939581585070E-002
 bsub=   1.8711630091267657E-003  -7.9692719221720262E-002 
    1.035142024149292     
 bsup=    0.000000000000000       -0.5446562364182055      
   0.9375091884988742     
 b_abs=    1.006854864949615     
 g=  -1.6998975684808560E-002
 j=    0.000000000000000         678.5456683014360      
    113.6955381567980     
 v_perp_2=    83324839.64519069     
 b_n=   1.0145083936988062E-004  -0.5484451675905001      
   0.9372173011324891     
 b_para_n=    1.006854860162290     
 dxdt=   -1.308113559698923         3187.992626999385      
   -5399.591407063469     
 dudt=    2342970.903101991     
 ---------------------
 rk4
 istep=     10000001
 grad_b=   0.5872774849786072       -1.8708220249343231E-003 
  -0.1090876154198295     
 bsub=  -5.8086928664194071E-002   0.1621586936552954      
    1.981537443684982     
 bsup=    0.000000000000000        -1.020243062806232      
    1.068750672005937     
 b_abs=    1.397255051633635     
 g=  -9.6303655076001408E-003
 j=    0.000000000000000         216.0985643720215      
    112.8835415704111     
 v_perp_2=    115633343.3919987     
 b_n=  -9.0952310580785983E-006   -1.019490218820390      
    1.068688795124698     
 b_para_n=    1.397255049596952     
 dxdt=   0.3295396473680777         826.3291758712262      
   -891.9493623376580     
 dudt=    3396132.877364262     
 ---------------------
 rk4
 istep=     11000001
 grad_b=  -0.4807952143629327        7.5048229710144958E-003 
  -1.2355129075420815E-002
 bsub=   3.3824968353645138E-002  -2.4482187076763657E-002 
   0.9650732266834383     
 bsup=    0.000000000000000       -0.2360558970867475      
    1.003900653914238     
 b_abs=   0.9871797029209743     
 g=  -1.6690007537150331E-002
 j=    0.000000000000000         634.7279789820089      
   -145.8421504021425     
 v_perp_2=    81696517.84071854     
 b_n=   2.6523428191410182E-005  -0.2342841668112099      
    1.003944657115588     
 b_para_n=   0.9871796903939497     
 dxdt=   0.3443535384962308        -1397.779880108342      
    6042.885469286250     
 dudt=    594156.1315344973     
 ---------------------
 rk4
 istep=     12000001
 grad_b=   0.3986343263601922        8.7879835971293244E-002 
   0.2314947881231657     
 bsub=  -4.9328714520316855E-002   0.1137833348476252      
    1.863464706813238     
 bsup=    0.000000000000000        -1.614086146348679      
    1.061751044999995     
 b_abs=    1.339964454993338     
 g=  -8.9950773324669383E-003
 j=    0.000000000000000        -12.93025413560633      
   -116.7762889440220     
 v_perp_2=    110892045.1760691     
 b_n=   2.1999109445125078E-004   -1.615293610520516      
    1.061830593523491     
 b_para_n=    1.339964451029007     
 dxdt=    4.089026492432247        -2999.460599714411      
    1959.770087689443     
 dudt=   -3209844.624615334     
 ---------------------
 rk4
 istep=     13000001
 grad_b=  -0.3019146010276762       -0.1665112748130868      
   9.3845901611972760E-002
 bsub=   2.7819636040504442E-002  -0.2136777698748048      
    1.460656893248359     
 bsup=    0.000000000000000        -1.126788181001153      
   0.8996842037211766     
 b_abs=    1.247044006219676     
 g=  -1.8353581690214064E-002
 j=    0.000000000000000         59.75884757249372      
    135.1706080337625     
 v_perp_2=    103202151.1337792     
 b_n=  -3.0383655751356465E-004   -1.126184211161378      
   0.8997783495694838     
 b_para_n=    1.247044012018525     
 dxdt=   -4.289658449218082        -3347.814884093720      
    2681.200842000618     
 dudt=   -9027151.294122459     
 ---------------------
 rk4
 istep=     14000001
 grad_b=   6.7675169084194686E-002   0.1826423358941272      
  -9.5680341329766203E-002
 bsub=  -5.7339699207291504E-002  -0.1730373276328900      
    1.469203433161071     
 bsup=    0.000000000000000        -1.020926794825167      
   0.9236803790925753     
 b_abs=    1.238334761747323     
 g=  -1.8963298388270156E-002
 j=    0.000000000000000         81.94097614309858      
   -51.06557954839448     
 v_perp_2=    102481368.3606111     
 b_n=   3.4513957082374922E-004   -1.021055566191775      
   0.9236786804425785     
 b_para_n=    1.238334758833387     
 dxdt=    4.810072211824503        -3143.166771383955      
    2842.123099621901     
 dudt=    9183818.437930742     
 ---------------------
 rk4
 istep=     15000001
 grad_b=  -7.8426472524345786E-002  -0.1162778853088505      
  -0.1575973867725131     
 bsub=   5.6017839756754333E-002   6.8252433083566197E-003 
    1.054488006533829     
 bsup=    0.000000000000000       -0.5744790458105355      
    1.118141204064038     
 b_abs=    1.083457967270417     
 g=  -8.8711912549818226E-003
 j=    0.000000000000000        -689.5702444788965      
    96.30665906569462     
 v_perp_2=    89664129.22909357     
 b_n=  -6.3836470139532256E-004  -0.5740910877295179      
    1.118172610819764     
 b_para_n=    1.083457972941135     
 dxdt=   -8.132702434873590        -2767.282765529437      
    5396.140365667310     
 dudt=    4178780.156745306     
 ---------------------
 rk4
 istep=     16000001
 grad_b=   0.7518585527161959       -5.1442591254385335E-002 
   0.1592229451995392     
 bsub=   8.1715747692218788E-002   3.1731658799824092E-002 
    1.601202038289558     
 bsup=    0.000000000000000       -0.6700032042606283      
    1.021606730006688     
 b_abs=    1.270522439962888     
 g=  -1.2467038853511810E-002
 j=    0.000000000000000        -674.8042067486560      
    383.1938966705418     
 v_perp_2=    105145038.6219677     
 b_n=  -1.5647363547450615E-004  -0.6721347097058114      
    1.021656969550652     
 b_para_n=    1.270522456567527     
 dxdt=   -2.304515359633042        -1847.094278613925      
    2769.284017887193     
 dudt=   -6420166.829999477     
 ---------------------
 rk4
 istep=     17000001
 grad_b=   0.3108868660793663       -5.9398074300162487E-002 
  -0.1258671622468872     
 bsub=   3.7787306690645187E-002   3.6177891194421496E-002 
    1.053841381873835     
 bsup=    0.000000000000000       -8.1101139050589466E-002 
    1.132748625090163     
 b_abs=    1.091036599343392     
 g=  -9.9998970065846363E-003
 j=    0.000000000000000        -484.2988409749020      
    328.6274429733999     
 v_perp_2=    90291260.58829588     
 b_n=  -2.6363032102918560E-004  -8.2610852871323054E-002 
    1.132809925223501     
 b_para_n=    1.091036618110033     
 dxdt=   -3.359563442062988        -403.4006699194529      
    5366.413367962557     
 dudt=    5224639.450769665     
 ---------------------
 rk4
 istep=     18000001
 grad_b=   0.8063208164522810        1.7180589767580350E-002 
   0.1761112361016769     
 bsub=   5.6444273744081293E-002   0.1126922954065803      
    1.678185598463458     
 bsup=    0.000000000000000       -0.7376639578752822      
    1.068680933601052     
 b_abs=    1.307741638384821     
 g=  -9.5983215838775105E-003
 j=    0.000000000000000        -1759.333564620314      
    495.3399983242405     
 v_perp_2=    108225131.1204201     
 b_n=   1.6964308549464088E-005  -0.7401998583583860      
    1.068850663193947     
 b_para_n=    1.307741652799091     
 dxdt=   0.2753959433789176        -1712.091561393675      
    2423.485547646011     
 dudt=   -5554094.541450274     
 ---------------------
 rk4
 istep=     19000001
 grad_b=   0.4718914895281964        2.0049920814985620E-003 
   0.1291721124224913     
 bsub=  -1.4947990849406984E-002   4.5325895668675419E-002 
    1.084399147835804     
 bsup=    0.000000000000000        0.3768680260735984      
    1.080856078345254     
 b_abs=    1.090076658243365     
 g=  -1.1588089495259463E-002
 j=    0.000000000000000        -534.1731677397021      
   -101.2825690421000     
 v_perp_2=    90211760.35201059     
 b_n=   1.4473206044043867E-005   0.3788878648347796      
    1.080771860012092     
 b_para_n=    1.090076665918873     
 dxdt=  -0.1844290453308374        -1815.125362893084      
   -5130.882648586115     
 dudt=   -5328443.259693572     
 ---------------------
 rk4
 istep=     20000001
 grad_b=   0.5559143032012914       -7.2476284436155392E-002 
  -0.1760572901986138     
 bsub=   3.4409345446857462E-002   0.1121498428134421      
    1.618006969432995     
 bsup=    0.000000000000000        -1.027195430511487      
    1.085359515033384     
 b_abs=    1.281379937496333     
 g=  -8.2415943416213767E-003
 j=    0.000000000000000         1211.763257779399      
   -241.4981858594741     
 v_perp_2=    106043442.1511815     
 b_n=   2.4955743147468212E-004   -1.024878237907689      
    1.085193600272400     
 b_para_n=    1.281379944250418     
 dxdt=   -3.764331834417313         2618.504923294026      
   -2801.205123614269     
 dudt=    3766503.587685319     
 ---------------------
 rk4
 istep=     21000001
 grad_b=  -0.7110871565841302        1.9089859265814482E-002 
  -3.3834295832671252E-002
 bsub=  -2.8698976998879598E-002  -1.5620630451265292E-002 
    1.036894353555829     
 bsup=    0.000000000000000       -0.2982311096575120      
   0.9530351262316313     
 b_abs=   0.9963472296765932     
 g=  -1.7844517735261797E-002
 j=    0.000000000000000        -377.1614096995986      
    32.95394056210853     
 v_perp_2=    82454914.33745047     
 b_n=  -6.6872424133174429E-005  -0.3007937476219208      
   0.9529946666636530     
 b_para_n=   0.9963472265584036     
 dxdt=   0.8652766201876578         1792.440346395105      
   -5621.482811091111     
 dudt=    1575595.184173527     
 ---------------------
 rk4
 istep=     22000001
 grad_b=   -1.002707131928207       -3.6810796198004321E-002 
  -0.1933504617446189     
 bsub=   0.1018715512559090       -8.4817947342755384E-002 
    1.650734065304493     
 bsup=    0.000000000000000        -1.226059483404627      
   0.9477635848970307     
 b_abs=    1.291712549285478     
 g=  -1.7763586566758263E-002
 j=    0.000000000000000         1754.792300496913      
   -417.8022310830410     
 v_perp_2=    106898479.6204629     
 b_n=   8.6565431376312040E-005   -1.227894301138060      
   0.9476639825997270     
 b_para_n=    1.291712570283598     
 dxdt=   -1.340003081816604         3045.149563893406      
   -2330.452421352150     
 dudt=    4424465.029809871     
 ---------------------
 rk4
 istep=     23000001
 grad_b=   0.1033684624289224        0.1221783974923027      
   0.2634088666097982     
 bsub=  -7.2427489688294183E-002   5.4619426787123157E-002 
    1.713989127413766     
 bsup=    0.000000000000000        -1.492098977908941      
    1.018525662265243     
 b_abs=    1.290242963409534     
 g=  -1.1387679556731648E-002
 j=    0.000000000000000         1075.646649917514      
   -356.8715126886375     
 v_perp_2=    106776822.3858446     
 b_n=  -3.4411362996048954E-004   -1.491752737402645      
    1.018500098082591     
 b_para_n=    1.290242977370667     
 dxdt=    5.306079849050862         3692.253467263378      
   -2523.629340017283     
 dudt=   -2757617.627490698     
 ---------------------
 rk4
 istep=     24000001
 grad_b=  -0.2135903026273072        1.6049778280150896E-002 
  -5.1212387669336334E-002
 bsub=   3.6186246920677179E-002   4.5426831538779855E-003 
   0.9724357413608341     
 bsup=    0.000000000000000        4.0351357254643561E-002 
    1.037189705492972     
 b_abs=    1.004284608476106     
 g=  -1.4924526856719023E-002
 j=    0.000000000000000        -820.9056755827944      
    114.9907143221941     
 v_perp_2=    83111688.14971513     
 b_n=  -6.4085963383581250E-005   3.9518587904834104E-002 
    1.037195972026127     
 b_para_n=    1.004284600274270     
 dxdt=   0.8270020872642799        -223.1509152229617      
   -6012.183229243468     
 dudt=    2161841.060866168     
 ---------------------
 rk4
 istep=     25000001
 grad_b=   0.3747441371814927        6.4231570299280116E-002 
   0.1285102857780742     
 bsub=  -4.6751455676056326E-002   0.1536850823003369      
    2.067819871042080     
 bsup=    0.000000000000000        -1.459611382266873      
    1.067400824993838     
 b_abs=    1.408335427903298     
 g=  -8.8273335661862504E-003
 j=    0.000000000000000        -920.6386088625507      
    433.2135603183454     
 v_perp_2=    116549748.0246908     
 b_n=  -4.5334289926650067E-005   -1.459298275643143      
    1.067376526946033     
 b_para_n=    1.408335424548417     
 dxdt=    2.817194752260969         675.9819222037770      
   -507.0584718259355     
 dudt=   -1275696.911471884     
 ---------------------
 rk4
 istep=     26000001
 grad_b=  -0.5564385987624287        5.7268105860092476E-002 
  -5.1897428750808890E-002
 bsub=   1.6388185522414327E-002  -0.2364644758290417      
    1.519827851864975     
 bsup=    0.000000000000000        -1.256354523290316      
   0.9012803336412336     
 b_abs=    1.291155645047179     
 g=  -1.6863543160872477E-002
 j=    0.000000000000000         641.2718907720047      
   -91.74722926250092     
 v_perp_2=    106852255.0904201     
 b_n=  -8.8629426559283509E-005   -1.257356041486447      
   0.9011254729717023     
 b_para_n=    1.291155652359298     
 dxdt=    1.369913257010464         3115.170661316429      
   -2221.254460481265     
 dudt=    3804799.759253122     
 ---------------------
 rk4
 istep=     27000001
 grad_b=   0.5104968276200055       -3.7853268581626562E-002 
  -0.1216819922056467     
 bsub=  -1.7742126971371411E-002   0.1820670884609862      
    2.085758508508083     
 bsup=    0.000000000000000        -1.299871853271107      
    1.071385001914777     
 b_abs=    1.413748013677302     
 g=  -7.7921707595261522E-003
 j=    0.000000000000000         477.4645731258065      
   -309.7978590757985     
 v_perp_2=    116997600.2933242     
 b_n=   1.8690022268871406E-006   -1.299836887272423      
    1.071381965732625     
 b_para_n=    1.413748013857493     
 dxdt=   -1.578786859254754         15.50423341762391      
   -34.55896962260412     
 dudt=    2375558.067672960     
 ---------------------
 rk4
 istep=     28000001
 grad_b=  -0.5102050291150979       -1.0359309635003266E-002 
   6.5865817660666010E-003
 bsub=   8.3060030765483434E-003  -0.2329967904777294      
    1.533449159461672     
 bsup=    0.000000000000000        -1.282188969321871      
   0.9066837311276325     
 b_abs=    1.299727321078933     
 g=  -1.6503985921344340E-002
 j=    0.000000000000000         828.4285969125838      
   -55.55469816246145     
 v_perp_2=    107561549.4140903     
 b_n=  -1.6543607412943992E-005   -1.281286961487388      
   0.9068208688312783     
 b_para_n=    1.299727314427316     
 dxdt=  -0.2619248838779344        -3016.469612504626      
    2145.327961621680     
 dudt=   -612993.1988767417     
 ---------------------
 rk4
 istep=     29000001
 grad_b=   0.3817585278474672        5.8637662458600588E-002 
   0.1438916583083359     
 bsub=  -3.4652083728143768E-002   0.1631195390861703      
    2.090888509532510     
 bsup=    0.000000000000000        -1.562880173343812      
    1.072475919269458     
 b_abs=    1.409691880689934     
 g=  -8.0738080093708496E-003
 j=    0.000000000000000        -624.5791837951288      
    522.1179620556948     
 v_perp_2=    116661850.4122859     
 b_n=   3.7587503603251336E-005   -1.563184719360944      
    1.072500303763769     
 b_para_n=    1.409691884497644     
 dxdt=    2.690135005032332        -666.4934881139994      
    444.1477076457349     
 dudt=   -1839740.473258133     
 ---------------------
 Elapsed time (seconds):     165.3875780000000     

real	2m45.402s
user	2m44.688s
sys	0m0.058s
>>> [PID 3737668] DONE  u=6000, v_perp=9000, out=gc_grid/dat412.dat
