>>> [PID 3736887] START u=2000, v_perp=9000, out=gc_grid/dat404.dat, dt=2e-09, steps=30000000
 outer boundary:   8.3000000000000462E-002
 rk4
 istep=            1
 grad_b=  -0.5028824539366764        4.9320191350537140E-003 
  -7.9834591334019267E-003
 bsub=   8.6923649237572974E-003   4.2252350904506353E-002 
    1.020727024968239     
 bsup=    0.000000000000000        0.5003161123232969      
   0.9181485517882313     
 b_abs=   0.9787596771569795     
 g=  -1.6418715069416091E-002
 j=    0.000000000000000         576.0999760097327      
    59.09680772567259     
 v_perp_2=    80999998.35540590     
 b_n=   7.1455562971248704E-006   0.5009988634446592      
   0.9181202311141472     
 b_para_n=   0.9787596794806758     
 dxdt=   0.1624388541293359         1037.867975303276      
    1875.503611883636     
 dudt=    205568.4667304800     
 ---------------------
 rk4
 istep=      1000001
 grad_b=  -0.3384144974720960        4.6714415185662661E-002 
  -7.6838135576295777E-002
 bsub=   6.3392399856814809E-004   3.8125447150491446E-002 
    1.041253888175880     
 bsup=    0.000000000000000        0.8269438300925740      
   0.9220015252098169     
 b_abs=   0.9956018687279865     
 g=  -1.4838284427219843E-002
 j=    0.000000000000000        -459.9488815392904      
    19.50872100756911     
 v_perp_2=    82393820.40762518     
 b_n=  -5.9217422977808512E-005   0.8265392742074803      
   0.9220163739938880     
 b_para_n=   0.9956018686685115     
 dxdt=    1.613861770427729        -1329.862242622153      
   -1495.428486272329     
 dudt=    1338896.558842312     
 ---------------------
 Particle has exited the domain at step       1657787  s =  
   8.3000000141185887E-002
 Elapsed time (seconds):     8.762820000000000     

real	0m8.775s
user	0m8.733s
sys	0m0.018s
>>> [PID 3736887] DONE  u=2000, v_perp=9000, out=gc_grid/dat404.dat
