>>> [PID 3752908] START u=6000, v_perp=10000, out=gc_grid/dat433.dat, dt=2e-09, steps=30000000
 outer boundary:   8.3000000000000462E-002
 rk4
 istep=            1
 grad_b=  -0.5028820308201016        4.9316113947027590E-003 
  -7.9825958085905924E-003
 bsub=   8.6924763973666268E-003   4.2252288129669732E-002 
    1.020727270094606     
 bsup=    0.000000000000000        0.5003081463066169      
   0.9181486259999789     
 b_abs=   0.9787596374155973     
 g=  -1.6418755439973690E-002
 j=    0.000000000000000         576.0999783868115      
    59.09079887680942     
 v_perp_2=    99999993.90925457     
 b_n=   2.1434811661920365E-005   0.5023563933478725      
   0.9180636643988156     
 b_para_n=   0.9787596443861790     
 dxdt=   0.3138996361556047         3096.988080220403      
    5627.198087895978     
 dudt=    253759.6068988273     
 ---------------------
 rk4
 istep=      1000001
 grad_b=  -0.8222768217518970        5.3320621484008464E-002 
   6.0498253236022440E-002
 bsub=  -2.1637523521708658E-002  -9.1736347316330069E-002 
   0.9055804087486494     
 bsup=    0.000000000000000       -0.5229103193526141      
    1.045530666404892     
 b_abs=   0.9978225965633161     
 g=  -1.2005438315018102E-002
 j=    0.000000000000000         887.4495422412082      
   -343.2647850548605     
 v_perp_2=    101947630.6058492     
 b_n=   2.7495281614485164E-004  -0.5191139004196244      
    1.045921784346633     
 b_para_n=   0.9978225663392346     
 dxdt=    4.014983516140124        -3002.634558488110      
    6120.157624364459     
 dudt=   -1810865.180586252     
 ---------------------
 rk4
 istep=      2000001
 grad_b=   0.6446578074820074       -8.0670804490009781E-002 
   0.1380436205947575     
 bsub=   9.6437464772823417E-002  -1.2259594241117475E-002 
    1.647789684856006     
 bsup=    0.000000000000000       -0.8974758083822818      
    1.003022222077323     
 b_abs=    1.289893898165821     
 g=  -1.3958663246600592E-002
 j=    0.000000000000000         270.1166484468843      
    583.2840730107143     
 v_perp_2=    131788527.1566667     
 b_n=  -1.2131517542189486E-004  -0.8984454539235559      
    1.003022120062091     
 b_para_n=    1.289893913696781     
 dxdt=   -3.212901993685638        -1453.540594950032      
    1595.779000686128     
 dudt=   -8350942.372751896     
 ---------------------
 rk4
 istep=      3000001
 grad_b=  -0.9569574386602816       -3.9961691735719840E-002 
   0.1404219651409432     
 bsub=  -7.0356156951612292E-002  -0.1774404452877146      
    1.553291433581157     
 bsup=    0.000000000000000        -1.231034434311226      
   0.9114369717550054     
 b_abs=    1.278251807917010     
 g=  -1.9220872325551815E-002
 j=    0.000000000000000         133.9423866711571      
    28.20788600714248     
 v_perp_2=    130599012.5526989     
 b_n=   2.8764150959094113E-005   -1.232177517134585      
   0.9113076941031095     
 b_para_n=    1.278251807542134     
 dxdt=  -0.6845752735808250         2265.360924899001      
   -1654.015980417380     
 dudt=   -7080956.988106394     
 ---------------------
 rk4
 istep=      4000001
 grad_b=  -0.1144891556248470       -0.1679765695087923      
   9.5878396102762026E-002
 bsub=   4.8471547941800204E-002  -0.1870310065530529      
    1.472066351455561     
 bsup=    0.000000000000000        -1.097740083089638      
   0.9147644727388216     
 b_abs=    1.245804237583542     
 g=  -1.8590819086731547E-002
 j=    0.000000000000000         575.0745157365955      
    12.39331931557426     
 v_perp_2=    127283816.1004949     
 b_n=   2.4549468117873068E-004   -1.097925482661416      
   0.9147328354466626     
 b_para_n=    1.245804239817034     
 dxdt=   -4.829660375163722         2605.081676459645      
   -2167.194897051801     
 dudt=   -11157677.22865940     
 ---------------------
 rk4
 istep=      5000001
 grad_b=   0.3283647437264292        0.1309387236039390      
  -0.1623917687489692     
 bsub=  -2.4787290708606188E-002  -3.9071048140427098E-003 
    1.241888557268820     
 bsup=    0.000000000000000        7.3541223872389871E-002 
   0.9563952035020153     
 b_abs=    1.089604811551832     
 g=  -1.6099254503794513E-002
 j=    0.000000000000000        -347.0094416902189      
    204.4095917945757     
 v_perp_2=    111324877.4192450     
 b_n=   4.4038767675501415E-004   7.2443428201115920E-002 
   0.9564005518966796     
 b_para_n=    1.089604825589506     
 dxdt=    6.536653910436588         318.9732132752201      
    4360.195130505617     
 dudt=    6830123.888835600     
 ---------------------
 rk4
 istep=      6000001
 grad_b=  -0.6901595376543167        2.9825228460529041E-002 
   2.7895350768103191E-002
 bsub=  -1.9649005383835273E-002  -8.4194789304667034E-002 
   0.8301056649014442     
 bsup=    0.000000000000000       -0.3281111536088966      
    1.155207496390834     
 b_abs=   0.9925880053613969     
 g=  -9.7156975219183268E-003
 j=    0.000000000000000        -775.8648570938353      
   -179.5052463875492     
 v_perp_2=    101412642.2698822     
 b_n=   1.7422893363045139E-004  -0.3244323795474277      
    1.155584738141008     
 b_para_n=   0.9925879987943188     
 dxdt=    2.545712430957583        -1890.312264217240      
    6850.137309020733     
 dudt=   -1154851.260080941     
 ---------------------
 rk4
 istep=      7000001
 grad_b=   0.4446901039791349       -0.1499417453507490      
   0.1528532532934052     
 bsub=   4.9737483937017934E-002  -4.5060825250826643E-002 
    1.378396818176936     
 bsup=    0.000000000000000       -0.3800796720932990      
   0.9588431064323332     
 b_abs=    1.157005720079002     
 g=  -1.6775984836911936E-002
 j=    0.000000000000000         596.4449300693523      
   -114.2551251671833     
 v_perp_2=    118211144.9516695     
 b_n=  -3.9254409988922698E-004  -0.3812690296345805      
   0.9588183834270523     
 b_para_n=    1.157005712442610     
 dxdt=   -6.185479794505530        -1404.262624946935      
    3494.923278245017     
 dudt=   -8987366.327488065     
 ---------------------
 rk4
 istep=      8000001
 grad_b=  -0.1305606862138609        0.1192782616602752      
  -5.5709171472677163E-002
 bsub=  -6.6049667482225710E-002  -0.1972812646558510      
    1.533193624220397     
 bsup=    0.000000000000000        -1.216400332007032      
   0.9250348364322566     
 b_abs=    1.287707271018335     
 g=  -1.8192272350087326E-002
 j=    0.000000000000000        -4.441108117592876      
   -261.4056931898336     
 v_perp_2=    131564858.8118166     
 b_n=  -1.2553653788116982E-004   -1.216549216228747      
   0.9250102765101456     
 b_para_n=    1.287707277695427     
 dxdt=    3.250460318535660         1993.213726210520      
   -1512.209741899765     
 dudt=    7800273.002659258     
 ---------------------
 rk4
 istep=      9000001
 grad_b=  -0.7264445567045918        2.3718601613321642E-002 
  -8.1905777537980590E-002
 bsub=   6.5371916699895546E-002  -0.2034457909988491      
    1.554078346545649     
 bsup=    0.000000000000000        -1.271671428331744      
   0.9142484957068737     
 b_abs=    1.295784830796733     
 g=  -1.8641609340645710E-002
 j=    0.000000000000000         368.9961725423725      
    36.84518465125356     
 v_perp_2=    132390114.8085313     
 b_n=  -1.2825805576589498E-005   -1.272384952995023      
   0.9141556272880910     
 b_para_n=    1.295784831061682     
 dxdt=   0.3636563220849012         1884.843761425545      
   -1337.901567699154     
 dudt=    4141264.817118128     
 ---------------------
 rk4
 istep=     10000001
 grad_b=   0.6757397499737849        9.0750941157240375E-002 
  -0.1469958459195064     
 bsub=  -8.4103811960237557E-002  -1.7010037637345800E-002 
    1.570907481823978     
 bsup=    0.000000000000000       -0.7042798834149935      
   0.9966767716377875     
 b_abs=    1.256114820483081     
 g=  -1.4220205215001957E-002
 j=    0.000000000000000        -597.4146055743367      
    386.8126659965164     
 v_perp_2=    128336996.2134602     
 b_n=   1.8077917208268802E-004  -0.7056340727256925      
   0.9966717982738814     
 b_para_n=    1.256114834732637     
 dxdt=    3.734519760996862        -1580.059248292035      
    2196.363191331560     
 dudt=    8557628.553621547     
 ---------------------
 rk4
 istep=     11000001
 grad_b=  -0.7014135461490778       -5.4000851914851739E-003 
  -3.1902662622082037E-003
 bsub=   1.4423898953091338E-003  -9.2426873557762787E-002 
   0.8264079583312582     
 bsup=    0.000000000000000       -0.3560934292750202      
    1.136264217174752     
 b_abs=   0.9852543895910382     
 g=  -1.0276021185560150E-002
 j=    0.000000000000000        -231.3225902584772      
    53.39772941813007     
 v_perp_2=    100663199.7706124     
 b_n=  -2.9659969716268339E-005  -0.3524797361623479      
    1.136668436822316     
 b_para_n=   0.9852543948648221     
 dxdt=  -0.4338397823487598        -2095.611424225193      
    6861.498166152973     
 dudt=    88250.35025820739     
 ---------------------
 Particle has exited the domain at step      11927896  s =  
   8.3000002450383539E-002
 Elapsed time (seconds):     65.42331000000000     

real	1m5.442s
user	1m5.126s
sys	0m0.037s
>>> [PID 3752908] DONE  u=6000, v_perp=10000, out=gc_grid/dat433.dat
