>>> [PID 3752729] START u=5000, v_perp=10000, out=gc_grid/dat431.dat, dt=2e-09, steps=30000000
 outer boundary:   8.3000000000000462E-002
 rk4
 istep=            1
 grad_b=  -0.5028821367623828        4.9317132772534536E-003 
  -7.9828115850510278E-003
 bsub=   8.6924485217740877E-003   4.2252303826686446E-002 
    1.020727208815496     
 bsup=    0.000000000000000        0.5003101380266658      
   0.9181486074333123     
 b_abs=   0.9787596473505233     
 g=  -1.6418745347142286E-002
 j=    0.000000000000000         576.0999776135654      
    59.09230035869965     
 v_perp_2=    99999994.92430723     
 b_n=   1.7862729550006885E-005   0.5020170118561367      
   0.9180778060121985     
 b_para_n=   0.9787596531594469     
 dxdt=   0.2737555980353467         2581.996157681785      
    4689.283449117275     
 dudt=    253766.7615272817     
 ---------------------
 rk4
 istep=      1000001
 grad_b=   0.3369069128812042        0.1672201576929910      
  -0.1221218041270155     
 bsub=  -6.6298403698355560E-002  -0.1098018921542821      
    1.477078289587260     
 bsup=    0.000000000000000       -0.8112102497562137      
   0.9471991274552745     
 b_abs=    1.219856649555074     
 g=  -1.7873242445242077E-002
 j=    0.000000000000000        -430.6538796428616      
   -614.5806327890928     
 v_perp_2=    124632868.1296816     
 b_n=  -5.5672042852437451E-005  -0.8110935724436429      
   0.9472053058963024     
 b_para_n=    1.219856654161341     
 dxdt=    4.721401362876670         393.0407683624231      
   -471.0062031385731     
 dudt=    10524937.21368996     
 ---------------------
 Particle has exited the domain at step       1336928  s =  
   8.3000001566027631E-002
 Elapsed time (seconds):     7.426987000000000     

real	0m7.441s
user	0m7.378s
sys	0m0.015s
>>> [PID 3752729] DONE  u=5000, v_perp=10000, out=gc_grid/dat431.dat
