>>> [PID 3737563] START u=5500, v_perp=9000, out=gc_grid/dat411.dat, dt=2e-09, steps=30000000
 outer boundary:   8.3000000000000462E-002
 rk4
 istep=            1
 grad_b=  -0.5028820862859062        4.9316615096789904E-003 
  -7.9827028451494586E-003
 bsub=   8.6924623482469224E-003   4.2252296023247392E-002 
    1.020727239503817     
 bsup=    0.000000000000000        0.5003091456327596      
   0.9181486165031545     
 b_abs=   0.9787596423830279     
 g=  -1.6418750390243712E-002
 j=    0.000000000000000         576.0999712359389      
    59.09153857917894     
 v_perp_2=    80999995.47758985     
 b_n=   1.9648786360291785E-005   0.5021867061083256      
   0.9180707349886440     
 b_para_n=   0.9787596487727848     
 dxdt=   0.2582399471670674         2836.092039256200      
    5158.381736474849     
 dudt=    205548.1628386909     
 ---------------------
 rk4
 istep=      1000001
 grad_b=  -0.7759079348000517        2.8814320276992045E-002 
   3.0158221491009649E-002
 bsub=  -1.2271917283807193E-002  -9.4078383864354395E-002 
   0.8486242494405345     
 bsup=    0.000000000000000       -0.4709734586885388      
    1.098521699839979     
 b_abs=   0.9880995696257602     
 g=  -1.0920943539937078E-002
 j=    0.000000000000000        -233.1428435549792      
   -52.35884512953143     
 v_perp_2=    81772926.22444028     
 b_n=   1.4537069218646852E-004  -0.4674679068723540      
    1.098912425183395     
 b_para_n=   0.9880995679809502     
 dxdt=    1.906696508908651        -2541.863605269216      
    6041.137106722098     
 dudt=   -819063.5234301230     
 ---------------------
 rk4
 istep=      2000001
 grad_b=   0.6697754991220921       -0.1039980045765911      
   0.1533541219309906     
 bsub=   7.1489007690763093E-002  -2.0195481507582824E-002 
    1.498665601188888     
 bsup=    0.000000000000000       -0.5072491007387786      
   0.9903272663009489     
 b_abs=    1.222535580214226     
 g=  -1.4515453027344249E-002
 j=    0.000000000000000        -879.3051065858685      
    102.4263911880616     
 v_perp_2=    101174291.0037055     
 b_n=  -2.3382642901111845E-004  -0.5087687863359278      
   0.9903179453975907     
 b_para_n=    1.222535584995893     
 dxdt=   -3.655247657817581        -1340.791620818457      
    2571.167777949070     
 dudt=   -6925842.862872970     
 ---------------------
 rk4
 istep=      3000001
 grad_b=  -0.4882942769707835        0.1841933698707034      
  -0.1128756005869772     
 bsub=  -1.5790582138302804E-002  -0.1594595177661183      
    1.371522955516462     
 bsup=    0.000000000000000       -0.9103514145400801      
   0.8932697737246590     
 b_abs=    1.170783026193299     
 g=  -1.9386270153321464E-002
 j=    0.000000000000000         186.0306286875340      
   -228.5620629463698     
 v_perp_2=    96891340.49155664     
 b_n=  -3.5001209228883523E-004  -0.9113531400252275      
   0.8931492894436338     
 b_para_n=    1.170783038663828     
 dxdt=    4.954944175819985         2960.566532933342      
   -2889.394600877289     
 dudt=    9489873.509991318     
 ---------------------
 rk4
 istep=      4000001
 grad_b=   -1.046082250210574       -3.9166376409143527E-002 
  -0.2275137593134361     
 bsub=   7.7526991231376310E-002  -9.5676169628794647E-002 
    1.568701267230476     
 bsup=    0.000000000000000        -1.163829415289997      
   0.9221970494991787     
 b_abs=    1.248260105872216     
 g=  -1.9063033682718840E-002
 j=    0.000000000000000         119.5203484020346      
   -142.7861500153089     
 v_perp_2=    103303142.9611200     
 b_n=   8.2614627537422599E-005   -1.165441194699238      
   0.9220946675113114     
 b_para_n=    1.248260111471657     
 dxdt=   -1.399228818135829         2655.640736062345      
   -2080.916129282535     
 dudt=    5444078.329294026     
 ---------------------
 rk4
 istep=      5000001
 grad_b=   7.3788558031854412E-002   6.9645379673088828E-002 
  -1.9376561323324784E-002
 bsub=  -0.1143688829384649       -3.0447100099470249E-002 
    1.761462243422790     
 bsup=    0.000000000000000        -1.152357435522414      
    1.000883167830870     
 b_abs=    1.340823274843253     
 g=  -1.4717848649676802E-002
 j=    0.000000000000000        -1360.419567613211      
    220.2969674009928     
 v_perp_2=    110963424.5611261     
 b_n=  -2.5840479395652732E-005   -1.152330387408908      
    1.000881956300903     
 b_para_n=    1.340823273162085     
 dxdt=    2.007690798334897         457.9809373962449      
   -399.5113412096127     
 dudt=    3075277.072513843     
 ---------------------
 rk4
 istep=      6000001
 grad_b=  -0.2289049320817749       -9.1192938548677827E-002 
   2.5788046172721409E-002
 bsub=   6.7409269570516281E-002  -0.2050423744186522      
    1.543465799488628     
 bsup=    0.000000000000000        -1.248180005585979      
   0.9244598647351496     
 b_abs=    1.297169943879310     
 g=  -1.8282335514488594E-002
 j=    0.000000000000000        -179.8739167980974      
   -300.9358051965046     
 v_perp_2=    107350743.5932883     
 b_n=  -9.0968433732456079E-005   -1.247941587563535      
   0.9244955048871665     
 b_para_n=    1.297169937282355     
 dxdt=   -2.044720523928270        -1894.718128560608      
    1408.086298592006     
 dudt=   -4391424.190754278     
 ---------------------
 rk4
 istep=      7000001
 grad_b=  -0.8819195772684141       -1.4799272872097691E-002 
   0.1342765541410891     
 bsub=  -7.8226223688302315E-002  -0.1681265887035806      
    1.578313514668474     
 bsup=    0.000000000000000        -1.245384728639774      
   0.9215157802921424     
 b_abs=    1.289851177429030     
 g=  -1.9026762815490136E-002
 j=    0.000000000000000         568.2325874749642      
   -66.56914751313855     
 v_perp_2=    106745040.4244156     
 b_n=  -5.4883920920217689E-007   -1.244415701800885      
   0.9216189739238737     
 b_para_n=    1.289851174064629     
 dxdt=  -1.1602980013428214E-002   -2028.832223602574      
    1518.563645576294     
 dudt=   -4560815.417652296     
 ---------------------
 rk4
 istep=      8000001
 grad_b=   9.9870553564395448E-002  -6.9167621107186078E-002 
   2.1513662681267781E-002
 bsub=   0.1142748777380704       -1.5669695487289831E-002 
    1.777999995485347     
 bsup=    0.000000000000000        -1.140147247433378      
    1.006365557536731     
 b_abs=    1.344194896778104     
 g=  -1.4394359917876021E-002
 j=    0.000000000000000        -1305.244203426412      
    297.0250580220410     
 v_perp_2=    111242364.2739193     
 b_n=   4.3106942410453932E-006   -1.140141091444866      
    1.006365334471263     
 b_para_n=    1.344194896429338     
 dxdt=   -2.041548220590178         71.20307777090490      
   -65.31570436636662     
 dudt=   -3094091.404367024     
 ---------------------
 rk4
 istep=      9000001
 grad_b=  -0.9932184590656583       -6.3133073960512341E-003 
   0.1678364791498352     
 bsub=  -8.2134716973642080E-002  -0.1431294301424531      
    1.586024849296918     
 bsup=    0.000000000000000        -1.222607560824910      
   0.9236214615724400     
 b_abs=    1.280643890251030     
 g=  -1.9075639871269964E-002
 j=    0.000000000000000         654.1193675314601      
   -184.7104070553655     
 v_perp_2=    105983002.5845948     
 b_n=  -1.0751221789075442E-005   -1.223805915027221      
   0.9235127661158392     
 b_para_n=    1.280643897362664     
 dxdt=   0.2131117291951997         2214.742855857085      
   -1653.032797453472     
 dudt=   -5258156.198346251     
 ---------------------
 rk4
 istep=     10000001
 grad_b=  -0.2291779046335938       -0.1592839955506016      
   9.1324119299018097E-002
 bsub=   3.8227225295411761E-002  -0.2049737443613804      
    1.475843731662128     
 bsup=    0.000000000000000        -1.140178625437254      
   0.9073725974965869     
 b_abs=    1.254209859680943     
 g=  -1.8327968061376970E-002
 j=    0.000000000000000         195.8023383082001      
    41.06593909969259     
 v_perp_2=    103795365.5677734     
 b_n=   2.1435336211741949E-004   -1.140517184761839      
   0.9073200238460384     
 b_para_n=    1.254209859213798     
 dxdt=   -3.715223471373240         2487.948392169982      
   -1974.368608315660     
 dudt=   -8725618.089575635     
 ---------------------
 rk4
 istep=     11000001
 grad_b=   0.6378975620587519        8.7661749871936478E-002 
  -0.1380181647217219     
 bsub=  -9.4615428709556262E-002  -2.1955268135423422E-002 
    1.627521047543230     
 bsup=    0.000000000000000       -0.8746918617077298      
   0.9981014958584274     
 b_abs=    1.282059197306031     
 g=  -1.4263239975270802E-002
 j=    0.000000000000000         197.5791215465892      
    536.4182332701664     
 v_perp_2=    106100079.3657757     
 b_n=   1.4140854526849042E-004  -0.8757299652099146      
   0.9980957249984960     
 b_para_n=    1.282059213073328     
 dxdt=    2.828721721883424        -1569.038233687832      
    1766.600936535837     
 dudt=    6920886.785932592     
 ---------------------
 rk4
 istep=     12000001
 grad_b=  -0.8761952514713996       -9.5869506392209439E-002 
  -0.1272696188951724     
 bsub=   3.2936466093768678E-002  -8.1124339608087070E-002 
    1.038294800553164     
 bsup=    0.000000000000000       -0.5512980086564431      
   0.9727356916998062     
 b_abs=    1.026372729626503     
 g=  -1.3641335741747123E-002
 j=    0.000000000000000        -562.0876068697868      
   -38.41548087150196     
 v_perp_2=    84940061.65880357     
 b_n=  -4.1025176617027082E-004  -0.5479165790300524      
   0.9730129047455671     
 b_para_n=    1.026372729992160     
 dxdt=   -5.359787872934054        -2710.947107478623      
    4864.890799270378     
 dudt=    2860269.163602524     
 ---------------------
 rk4
 istep=     13000001
 grad_b=  -0.4940197822963617        4.0641358517677986E-002 
  -3.7086921455249278E-002
 bsub=  -1.7851680902112255E-002   1.9879026887924936E-002 
    1.059657405337890     
 bsup=    0.000000000000000       -1.9783300367887113E-002 
   0.9206820947968140     
 b_abs=   0.9876172699828066     
 g=  -1.8861573772087394E-002
 j=    0.000000000000000         445.7675043065401      
    398.6718848055129     
 v_perp_2=    81732734.14981163     
 b_n=   1.3532708570661666E-004  -1.8163928555450036E-002 
   0.9206540248498210     
 b_para_n=   0.9876173015665506     
 dxdt=    1.775128326199180        -87.58830369937785      
    5064.393916068489     
 dudt=    1464290.105054740     
 ---------------------
 rk4
 istep=     14000001
 grad_b=  -0.2212101467770759       -0.1429179235165924      
  -0.2664634985350702     
 bsub=   7.3006828146242972E-002   2.9265590928039150E-002 
    1.732900797555302     
 bsup=    0.000000000000000        -1.322696908689809      
   0.9983993096418367     
 b_abs=    1.300826573199302     
 g=  -1.3903020983970461E-002
 j=    0.000000000000000         874.5829450448629      
   -240.6325466952736     
 v_perp_2=    107653136.7983420     
 b_n=  -2.0229080620637983E-004   -1.322390010589749      
   0.9984026448322076     
 b_para_n=    1.300826567432340     
 dxdt=   -4.708515443036640        -1921.282669749482      
    1455.693775992016     
 dudt=    2449333.955821524     
 ---------------------
 rk4
 istep=     15000001
 grad_b=  -0.4235402672840659        0.1407570572456921      
  -9.7686406976813481E-002
 bsub=  -1.7875584404179485E-002  -0.2144691328144724      
    1.487516213632741     
 bsup=    0.000000000000000        -1.170010563805638      
   0.9010035148046099     
 b_abs=    1.261401297321911     
 g=  -1.7526428768903004E-002
 j=    0.000000000000000        -364.7611729986258      
   -55.91854033087267     
 v_perp_2=    104390376.8519936     
 b_n=   1.8513617314561723E-004   -1.169389840484670      
   0.9010952349978393     
 b_para_n=    1.261401297214801     
 dxdt=    3.309355997056326        -2418.234954806680      
    1872.422225796623     
 dudt=    8289622.444585139     
 ---------------------
 rk4
 istep=     16000001
 grad_b=   0.8138085373263727       -4.0381704125095980E-002 
   0.1629799765632535     
 bsub=   7.8395316255530728E-002   4.3136532470633267E-002 
    1.575374033373123     
 bsup=    0.000000000000000       -0.6103900793543987      
    1.029178271983449     
 b_abs=    1.262823770499803     
 g=  -1.1858677376753585E-002
 j=    0.000000000000000        -847.6092921598359      
    230.2511185428848     
 v_perp_2=    104508067.1369661     
 b_n=   1.0147489992062712E-004  -0.6085669041918834      
    1.029123294926463     
 b_para_n=    1.262823763518198     
 dxdt=   -1.825770707499714         1222.235345450450      
   -2115.129875772750     
 dudt=   -6303817.676383561     
 ---------------------
 rk4
 istep=     17000001
 grad_b=  -0.7910378944199594        2.0570551442063892E-002 
   2.6415460713302009E-002
 bsub=  -2.3882427476889191E-003  -8.8857352270686585E-002 
   0.8907070203693490     
 bsup=    0.000000000000000       -0.4642701614761420      
    1.056138883480959     
 b_abs=   0.9911326337700211     
 g=  -1.2596778866940578E-002
 j=    0.000000000000000         51.05399818732775      
    171.4496530549364     
 v_perp_2=    82023571.40035276     
 b_n=  -9.4469604905200738E-005  -0.4674901550569077      
    1.055817390174055     
 b_para_n=   0.9911326230497639     
 dxdt=    1.238357293803564         2574.577685630786      
   -5756.510680215218     
 dudt=   -766013.3959326645     
 ---------------------
 rk4
 istep=     18000001
 grad_b=   0.3074332238654051       -0.1431148969378894      
   0.1112250657229667     
 bsub=   8.6578322722248899E-002  -0.1254401312160521      
    1.530797493359725     
 bsup=    0.000000000000000        -1.042160814273230      
   0.9498143675499492     
 b_abs=    1.258767975155557     
 g=  -1.7442480418807381E-002
 j=    0.000000000000000         31.70552538600066      
   -151.8059211818409     
 v_perp_2=    104172369.1687433     
 b_n=   2.0656910152817035E-004   -1.041696587843392      
   0.9498407294856858     
 b_para_n=    1.258767980372729     
 dxdt=   -3.649490361188023         2194.385085653010      
   -2007.879915528578     
 dudt=   -8375623.895911326     
 ---------------------
 rk4
 istep=     19000001
 grad_b=  -0.5847872920139077        0.1163663524717713      
   0.2542924190668947     
 bsub=  -8.8206636881298081E-002  -8.9520111390620511E-003 
    1.682535139409792     
 bsup=    0.000000000000000        -1.260315189419899      
   0.9730958462943172     
 b_abs=    1.284116839125781     
 g=  -1.5568682098986370E-002
 j=    0.000000000000000         595.2907614920476      
    103.8355457825856     
 v_perp_2=    106270144.6153568     
 b_n=  -1.8011744072452015E-004   -1.261189564125714      
   0.9730817492125698     
 b_para_n=    1.284116836112343     
 dxdt=    3.652840186365015         2207.928423461038      
   -1690.775814198911     
 dudt=   -3247887.867071012     
 ---------------------
 rk4
 istep=     20000001
 grad_b=  -0.5353639548111925       -0.1649021899509284      
   0.1172314007134331     
 bsub=   9.9285469482256333E-003  -0.1887679839641530      
    1.442298914085514     
 bsup=    0.000000000000000        -1.052091610235184      
   0.8948596054642167     
 b_abs=    1.220331972079850     
 g=  -1.8144109738816340E-002
 j=    0.000000000000000         149.4114826537630      
   -9.463210471793907     
 v_perp_2=    100991452.9341175     
 b_n=   2.6749483011492630E-004   -1.053050588135301      
   0.8947322541128713     
 b_para_n=    1.220331973263215     
 dxdt=   -4.157877973947183         2776.237232619430      
   -2346.678801062623     
 dudt=   -9439849.068466011     
 ---------------------
 rk4
 istep=     21000001
 grad_b=   0.8223993914942752        5.1768804567766905E-002 
  -0.1627126236734661     
 bsub=  -6.9185309306377618E-002   3.0860028777664170E-002 
    1.500135397157493     
 bsup=    0.000000000000000       -0.4029679836664739      
    1.023163208779626     
 b_abs=    1.233861470186330     
 g=  -1.2205440802022030E-002
 j=    0.000000000000000        -427.3305769963827      
    296.4872219713868     
 v_perp_2=    102111090.7341561     
 b_n=   1.4072324598925909E-004  -0.4050486019533203      
    1.023212509544634     
 b_para_n=    1.233861481452740     
 dxdt=    2.270957532546284        -1020.881282574378      
    2507.630136635749     
 dudt=    6282714.187197120     
 ---------------------
 rk4
 istep=     22000001
 grad_b=  -0.6111733274035476        9.9951711988686201E-003 
   1.3118676050340561E-002
 bsub=  -1.5618953278679997E-002  -7.8751893726767080E-002 
   0.8560203018774875     
 bsup=    0.000000000000000       -0.3268001705858165      
    1.114274330091389     
 b_abs=   0.9893882482281569     
 g=  -1.1453173284446070E-002
 j=    0.000000000000000        -348.4533160998499      
    177.4722192912884     
 v_perp_2=    81879105.96780708     
 b_n=   4.8492837897805280E-005  -0.3241555103305307      
    1.114518532625178     
 b_para_n=   0.9893882612826443     
 dxdt=   0.6358754989637181        -1755.407842014677      
    6106.772436892330     
 dudt=   -474742.6123945565     
 ---------------------
 rk4
 istep=     23000001
 grad_b=   1.9048429167969755E-003   7.6058710839549390E-002 
  -1.5516347654711091E-002
 bsub=  -0.1062627872692108       -8.9410214752828426E-002 
    1.689390440475882     
 bsup=    0.000000000000000        -1.187051045528661      
   0.9790555209425581     
 b_abs=    1.326793666697988     
 g=  -1.6067084569369006E-002
 j=    0.000000000000000        -794.5903256868648      
   -110.9637279868998     
 v_perp_2=    109801859.2876950     
 b_n=   5.6574720533975140E-005   -1.187051753460349      
   0.9790590412081632     
 b_para_n=    1.326793665651776     
 dxdt=    1.996643196885851        -1076.666830513215      
    888.1168142990017     
 dudt=    3289504.583093716     
 ---------------------
 rk4
 istep=     24000001
 grad_b=  -0.7950256212008699       -0.1185760799187169      
  -0.2820710870249384     
 bsub=   6.6659672727900160E-002  -4.6575544313374587E-002 
    1.550514798763517     
 bsup=    0.000000000000000        -1.169203801329681      
   0.9325486449751919     
 b_abs=    1.224910820652566     
 g=  -1.7456239974052795E-002
 j=    0.000000000000000        -1503.283651926141      
    541.8151521134963     
 v_perp_2=    101370275.9534523     
 b_n=  -2.4731863757936469E-004   -1.167679831783187      
   0.9326050756475801     
 b_para_n=    1.224910845717294     
 dxdt=   -3.890459331355999        -2976.281291738725      
    2393.869393697504     
 dudt=    4202533.299096406     
 ---------------------
 rk4
 istep=     25000001
 grad_b=  -0.6383722244297916        0.1732980900178574      
  -0.1127468703820161     
 bsub=  -1.0636575684972668E-002  -0.1205910482942509      
    1.291979554284805     
 bsup=    0.000000000000000       -0.7702603093813031      
   0.8892649326743068     
 b_abs=    1.114367618425826     
 g=  -2.0169698267976082E-002
 j=    0.000000000000000         248.2188139220835      
   -465.0263911181910     
 v_perp_2=    92221997.43213566     
 b_n=   3.8315867307798721E-004  -0.7687554324554515      
   0.8894085245164167     
 b_para_n=    1.114367589298903     
 dxdt=    5.134464884465462        -2994.961491375493      
    3482.886510670472     
 dudt=    8679473.119955054     
 ---------------------
 rk4
 istep=     26000001
 grad_b=   0.6865228530259416       -0.1087487279193752      
   0.1612219830829940     
 bsub=   6.2201997049157853E-002  -1.6631242759835064E-002 
    1.434661873912976     
 bsup=    0.000000000000000       -0.3469101391701769      
   0.9875009985176615     
 b_abs=    1.192660989400471     
 g=  -1.4568081094048047E-002
 j=    0.000000000000000        -459.8383130121714      
    70.99312853605828     
 v_perp_2=    98701317.37050679     
 b_n=   2.7422318896020727E-004  -0.3451666326492680      
   0.9875093176727336     
 b_para_n=    1.192660985815540     
 dxdt=   -4.017671862610399         1004.839780206412      
   -2933.172807657066     
 dudt=   -6832468.547697166     
 ---------------------
 rk4
 istep=     27000001
 grad_b=  -0.7559514001234555        3.8786335161486343E-002 
   4.0118684764974329E-002
 bsub=  -2.0042894736556710E-002  -9.0657625686290655E-002 
   0.8424170367264291     
 bsup=    0.000000000000000       -0.4571205167359966      
    1.117622270163618     
 b_abs=   0.9911938360386703     
 g=  -1.0336031117233541E-002
 j=    0.000000000000000        -82.94367301150987      
   -43.27672339891611     
 v_perp_2=    82028425.05194914     
 b_n=  -2.0221782808070051E-004  -0.4606625188000377      
    1.117236285029132     
 b_para_n=   0.9911938381318330     
 dxdt=    2.650742675511906         2539.439339588039      
   -6090.144594508238     
 dudt=   -1131636.333748561     
 ---------------------
 rk4
 istep=     28000001
 grad_b=  -0.2212930141214449        5.1575707734951882E-002 
  -0.1026466726167029     
 bsub=   4.3107158169344460E-003   3.2633712380784746E-002 
    1.050466380716137     
 bsup=    0.000000000000000        0.8432829402226445      
   0.9582638254891841     
 b_abs=    1.017074499197991     
 g=  -1.3323719798422817E-002
 j=    0.000000000000000        -79.39178753482850      
   -66.78282624743773     
 v_perp_2=    84170214.46199837     
 b_n=  -2.2723198605819868E-004   0.8423664920982858      
   0.9582932329319749     
 b_para_n=    1.017074504008824     
 dxdt=    2.969474830695710        -4302.649794819111      
   -4903.305724007793     
 dudt=    2232312.969397363     
 ---------------------
 rk4
 istep=     29000001
 grad_b=  -0.1655688360216969        6.2605859711966361E-002 
  -0.1175625800873539     
 bsub=   1.9381036478170650E-003   3.1124605994964638E-002 
    1.065718260886626     
 bsup=    0.000000000000000        0.8930742091527000      
   0.9512465120431424     
 b_abs=    1.020701530937881     
 g=  -1.3353065831115882E-002
 j=    0.000000000000000         111.0911040410882      
    47.78631397629773     
 v_perp_2=    84470357.01210895     
 b_n=   2.7388308504607776E-004   0.8937599891524878      
   0.9512259889629823     
 b_para_n=    1.020701534489167     
 dxdt=    3.578545707587693         4536.801354449928      
    4822.503491050920     
 dudt=    2266934.066574889     
 ---------------------
 Elapsed time (seconds):     165.9345690000000     

real	2m45.946s
user	2m45.430s
sys	0m0.023s
>>> [PID 3737563] DONE  u=5500, v_perp=9000, out=gc_grid/dat411.dat
