>>> [PID 3736565] START u=500, v_perp=9000, out=gc_grid/dat401.dat, dt=2e-09, steps=30000000
 outer boundary:   8.3000000000000462E-002
 rk4
 istep=            1
 grad_b=  -0.5028826095742754        4.9321730376294254E-003 
  -7.9837839124393128E-003
 bsub=   8.6923232561690357E-003   4.2252374389353455E-002 
    1.020726932988501     
 bsup=    0.000000000000000        0.5003190953969832      
   0.9181485242175906     
 b_abs=   0.9787596920611538     
 g=  -1.6418699934418305E-002
 j=    0.000000000000000         576.0999826355004      
    59.09907447868978     
 v_perp_2=    80999999.58884263     
 b_n=   1.7864484868853954E-006   0.5004897834713559      
   0.9181414440319158     
 b_para_n=   0.9787596926420941     
 dxdt=   0.1487550361130385         269.8011664838667      
    468.4475425850256     
 dudt=    205577.1809616837     
 ---------------------
 rk4
 istep=      1000001
 grad_b=  -0.4924122229165631        1.7525686228864190E-003 
   7.2632016244487951E-004
 bsub=   1.0964894644220461E-002   4.0442031101083770E-002 
    1.024135389125041     
 bsup=    0.000000000000000        0.3787832376305728      
   0.9212625188415950     
 b_abs=   0.9789570135911961     
 g=  -1.6934382194607855E-002
 j=    0.000000000000000         293.7753107488829      
    49.62402992960668     
 v_perp_2=    81016329.48111461     
 b_n=  -5.5013331629174904E-007   0.3786260927977905      
   0.9212687298185837     
 b_para_n=   0.9789570131754133     
 dxdt=   4.7363408882149814E-002   -173.5085432758426      
   -455.4408386075340     
 dudt=   -56342.66434958572     
 ---------------------
 rk4
 istep=      2000001
 grad_b=  -0.4821149011556475        2.2986404718540188E-003 
   1.6369293163339405E-003
 bsub=   1.1955499358315184E-002   3.9612307116801936E-002 
    1.025065654084331     
 bsup=    0.000000000000000        0.3344317855175344      
   0.9219460512733317     
 b_abs=   0.9786897522741205     
 g=  -1.7130640173105671E-002
 j=    0.000000000000000         80.55625140182491      
    83.88397373908876     
 v_perp_2=    80994211.51935664     
 b_n=   7.3888518404172492E-007   0.3345911509629124      
   0.9219398847796609     
 b_para_n=   0.9786897528931515     
 dxdt=   6.0834491516611217E-002    185.9445398506360      
    475.9242869547240     
 dudt=   -96309.32937883391     
 ---------------------
 rk4
 istep=      3000001
 grad_b=  -0.4836971117456866        9.5269673457678283E-003 
  -8.1133895724947447E-003
 bsub=   1.1673646311966716E-002   4.0199048613253990E-002 
    1.022085802010825     
 bsup=    0.000000000000000        0.3730206075009318      
   0.9238049960690475     
 b_abs=   0.9791699105913313     
 g=  -1.6805060522301730E-002
 j=    0.000000000000000         525.6165645483262      
    91.56483609260206     
 v_perp_2=    81033948.36178277     
 b_n=  -3.0371712885169768E-006   0.3728714290168007      
   0.9238108973075608     
 b_para_n=   0.9791699098602015     
 dxdt=   0.2718185651562707        -163.7227139889731      
   -439.0599329458720     
 dudt=    166561.7279432109     
 ---------------------
 rk4
 istep=      4000001
 grad_b=  -0.4690862235067437       -2.8883963541337931E-003 
   7.8817822854034825E-003
 bsub=   1.4905243366430905E-002   3.5481916908572976E-002 
    1.028951035645382     
 bsup=    0.000000000000000        0.2088890625947452      
   0.9247883778632739     
 b_abs=   0.9791315508789509     
 g=  -1.7654855938091265E-002
 j=    0.000000000000000        -892.4129061608460      
    242.4696797842064     
 v_perp_2=    81030773.79272811     
 b_n=  -9.4103130887097479E-007   0.2090287740531820      
   0.9247835750742944     
 b_para_n=   0.9791315522775008     
 dxdt=  -8.3614266614252988E-002    112.3041402885776      
    441.8024587330827     
 dudt=   -282540.0325243961     
 ---------------------
 rk4
 istep=      5000001
 grad_b=  -0.4700109847020182        1.5303443397569026E-002 
  -1.4449185371047016E-002
 bsub=   1.2689757963002240E-002   3.9522193985988358E-002 
    1.020977944409415     
 bsup=    0.000000000000000        0.3490784988513080      
   0.9268545997388659     
 b_abs=   0.9796572625141939     
 g=  -1.6765469484829314E-002
 j=    0.000000000000000         565.8594865812454      
    144.4527967111698     
 v_perp_2=    81074280.52755518     
 b_n=  -4.4140555826133779E-006   0.3489477580063179      
   0.9268597146612108     
 b_para_n=   0.9796572615389212     
 dxdt=   0.4376080437065095        -136.4071621112949      
   -397.1023165702121     
 dudt=    340025.0852310387     
 ---------------------
 Particle has exited the domain at step       5669006  s =  
   8.3000000348262631E-002
 Elapsed time (seconds):     30.65830200000000     

real	0m30.670s
user	0m30.579s
sys	0m0.018s
>>> [PID 3736565] DONE  u=500, v_perp=9000, out=gc_grid/dat401.dat
