>>> [PID 3600272] START u=2000, v_perp=-10000, out=gc_grid/dat5.dat, dt=2e-09, steps=30000000
 outer boundary:   8.3000000000000462E-002
 rk4
 istep=            1
 grad_b=  -0.5028824515061541        4.9320199402000317E-003 
  -7.9834599632271352E-003
 bsub=   8.6923650322210388E-003   4.2252350860627418E-002 
    1.020727024920680     
 bsup=    0.000000000000000        0.5003161089455181      
   0.9181485519962418     
 b_abs=   0.9787596771569784     
 g=  -1.6418715072647281E-002
 j=    0.000000000000000         576.0999826214199      
    59.09681847965052     
 v_perp_2=    99999997.96963678     
 b_n=   7.1455577793992626E-006   0.5009988600963264      
   0.9181202313209538     
 b_para_n=   0.9787596794806751     
 dxdt=   0.1971168432637530         1041.181388443136      
    1875.366252576105     
 dudt=    253788.2502290915     
 ---------------------
 rk4
 istep=      1000001
 grad_b=  -0.2819136714695201        5.7774779177307445E-002 
  -8.7591381356623879E-002
 bsub=  -1.6642770568433621E-003   3.5887026892904544E-002 
    1.059043222212550     
 bsup=    0.000000000000000        0.6757306431141666      
   0.9236031196476254     
 b_abs=    1.001142409113333     
 g=  -1.5534890887821631E-002
 j=    0.000000000000000        -232.4655829836772      
   -147.6955198853794     
 v_perp_2=    102286843.8377210     
 b_n=  -5.6572367342110180E-005   0.6754679611914128      
   0.9236119347296713     
 b_para_n=    1.001142411941862     
 dxdt=    2.281965183481320        -872.8423310128005      
   -1207.857889407273     
 dudt=    2135953.976947436     
 ---------------------
 Particle has exited the domain at step       1518213  s =  
   8.3000000336647534E-002
 Elapsed time (seconds):     7.824930000000000     

real	0m7.835s
user	0m7.811s
sys	0m0.014s
>>> [PID 3600272] DONE  u=2000, v_perp=-10000, out=gc_grid/dat5.dat
