>>> [PID 3608585] START u=6000, v_perp=-8000, out=gc_grid/dat55.dat, dt=2e-09, steps=30000000
 outer boundary:   8.3000000000000462E-002
 rk4
 istep=            1
 grad_b=  -0.5028820354251148        4.9316098691605526E-003 
  -7.9825942362980601E-003
 bsub=   8.6924761918545854E-003   4.2252288212810032E-002 
    1.020727270184736     
 bsup=    0.000000000000000        0.5003081527065769      
   0.9181486256058471     
 b_abs=   0.9787596374156020     
 g=  -1.6418755433851913E-002
 j=    0.000000000000000         576.0999658596098      
    59.09077850149190     
 v_perp_2=    63999996.10192327     
 b_n=   2.1434804542188562E-005   0.5023563997052188      
   0.9180636640063514     
 b_para_n=   0.9787596443861817     
 dxdt=   0.2481996340761199         3090.710078366032      
    5627.458344803083     
 dudt=    162406.1245292389     
 ---------------------
 rk4
 istep=      1000001
 grad_b=  -0.9969002657765982       -5.3773123037985718E-002 
   0.1540755110634780     
 bsub=  -6.3667688585034590E-002  -0.1794156009539077      
    1.530176592154917     
 bsup=    0.000000000000000        -1.197996958870723      
   0.9022034075800114     
 b_abs=    1.263046077716149     
 g=  -1.9659758802921434E-002
 j=    0.000000000000000        -193.4967457903650      
    17.76928722794514     
 v_perp_2=    82589129.93600084     
 b_n=  -7.6048634836545163E-005   -1.195887457689364      
   0.9024475874164609     
 b_para_n=    1.263046079844848     
 dxdt=  -0.8471103256380522        -3934.237492339557      
    2983.263705406500     
 dudt=   -5265791.773264368     
 ---------------------
 rk4
 istep=      2000001
 grad_b=   0.5641277700414993       -8.4077138546007291E-002 
  -0.1747143885227712     
 bsub=   3.4557989523326463E-002   0.1016209125683650      
    1.500136331817341     
 bsup=    0.000000000000000       -0.8154839171003886      
    1.104342092335869     
 b_abs=    1.254063634099781     
 g=  -7.9197183507336913E-003
 j=    0.000000000000000         69.40050418417329      
   -32.99128823774214     
 v_perp_2=    82001743.65521096     
 b_n=  -3.8617306585062982E-004  -0.8185210096598106      
    1.104556723225055     
 b_para_n=    1.254063632594747     
 dxdt=   -4.282456759632136        -2792.421510833665      
    3738.314786524203     
 dudt=    3242708.626939196     
 ---------------------
 rk4
 istep=      3000001
 grad_b=   0.8471725193803210       -2.2232312268048296E-002 
   0.1650289360481992     
 bsub=   4.3601214517177599E-002   6.1180473617100141E-002 
    1.410555377454669     
 bsup=    0.000000000000000       -8.9872835857357336E-002 
    1.059150499630181     
 b_abs=    1.220223920918217     
 g=  -1.0182984273119989E-002
 j=    0.000000000000000         1064.261456797502      
   -415.5952364641374     
 v_perp_2=    79788955.78089465     
 b_n=  -1.2859640443103784E-004  -9.3557259969772308E-002 
    1.059314262453914     
 b_para_n=    1.220223900233509     
 dxdt=   -1.408993497467214        -371.4879256272629      
    3904.021401872033     
 dudt=   -4736825.884101300     
 ---------------------
 rk4
 istep=      4000001
 grad_b=   -1.201120639167492       -9.4926025415234261E-002 
   0.1534998011017357     
 bsub=  -2.7168319514681356E-002  -0.1285025864636464      
    1.352294189163108     
 bsup=    0.000000000000000       -0.8801219289917802      
   0.8738787678809619     
 b_abs=    1.137947542678897     
 g=  -2.0069054812508497E-002
 j=    0.000000000000000         771.0539873238688      
    80.75695936398046     
 v_perp_2=    74408981.18358043     
 b_n=  -2.2124309072338430E-004  -0.8768226726912649      
   0.8741878372832460     
 b_para_n=    1.137947543198881     
 dxdt=   -2.413414048736901        -3876.601017948372      
    3888.207820613693     
 dudt=   -6254347.709273892     
 ---------------------
 rk4
 istep=      5000001
 grad_b=   0.4543209775053020       -5.5549088144606698E-002 
  -0.1747245945319450     
 bsub=   3.6866326418095552E-004   0.1814906576659445      
    2.072107872712419     
 bsup=    0.000000000000000        -1.375326946514846      
    1.070043724541246     
 b_abs=    1.402341626588300     
 g=  -7.4610985984195476E-003
 j=    0.000000000000000         134.1048697649229      
    136.2805881557191     
 v_perp_2=    91697340.67229979     
 b_n=  -1.7132599538038492E-004   -1.377261134358751      
    1.070213169614764     
 b_para_n=    1.402341632496553     
 dxdt=   -2.295990417290451        -2851.846331387751      
    2200.921784502546     
 dudt=    2577722.189229157     
 ---------------------
 rk4
 istep=      6000001
 grad_b=  -0.1891569906241842        1.6077084785600340E-002 
   5.5772041091267002E-002
 bsub=  -3.9650718179796603E-002  -1.8545753247732777E-002 
   0.9316300184242832     
 bsup=    0.000000000000000       -3.6440508078844358E-002 
    1.091338128617054     
 b_abs=    1.008715096567830     
 g=  -1.3478540636171786E-002
 j=    0.000000000000000        -504.9802822586190      
    28.40421067642561     
 v_perp_2=    65958564.47779560     
 b_n=   7.1264335267713522E-005  -3.5666081193016647E-002 
    1.091356580938237     
 b_para_n=    1.008715099268610     
 dxdt=   0.8115377203738752        -201.9561921470925      
    6312.613441501704     
 dudt=   -1953796.134997215     
 ---------------------
 rk4
 istep=      7000001
 grad_b=  -0.3013114812494269        3.7949311876719627E-003 
  -4.0030066547109597E-002
 bsub=   3.7198531363816609E-002  -2.0081444856647250E-002 
   0.9428875418976078     
 bsup=    0.000000000000000       -0.1259015784096111      
    1.049762990478232     
 b_abs=   0.9964923949819304     
 g=  -1.5087624321078611E-002
 j=    0.000000000000000         301.7617160307910      
   -49.15666429747161     
 v_perp_2=    65159316.55848560     
 b_n=   1.1434819313315015E-005  -0.1247367203460775      
    1.049787343958707     
 b_para_n=   0.9964923908864236     
 dxdt=   0.1310699224097864        -732.4105817142147      
    6218.420711813038     
 dudt=    1394396.783767373     
 ---------------------
 rk4
 istep=      8000001
 grad_b=   0.3909748353035586        7.0596178585594777E-002 
   0.1942934188287745     
 bsub=  -3.5769441215512121E-002   0.1541523495180289      
    2.042796182897287     
 bsup=    0.000000000000000        -1.623862441174382      
    1.071733285398634     
 b_abs=    1.392100599428452     
 g=  -8.0752480129680174E-003
 j=    0.000000000000000        -1770.121986947598      
    463.6769485085640     
 v_perp_2=    91027562.56121896     
 b_n=   2.2880180928051724E-004   -1.625475701806988      
    1.071859040041627     
 b_para_n=    1.392100613130709     
 dxdt=    2.989648805305359        -3515.167137523563      
    2307.706810504615     
 dudt=   -2198069.370187298     
 ---------------------
 rk4
 istep=      9000001
 grad_b=   -1.249935816147781       -1.8353793320012888E-002 
  -0.1444605419098324     
 bsub=   1.7360776819746317E-002  -8.2336927848056102E-002 
    1.165411096189912     
 bsup=    0.000000000000000       -0.7650933201102633      
   0.8833328539347195     
 b_abs=    1.045088225823315     
 g=  -1.8627823611138024E-002
 j=    0.000000000000000        -486.7101390781723      
   -281.4312290784953     
 v_perp_2=    68336859.09586683     
 b_n=  -9.6303679302672614E-005  -0.7608858568274003      
   0.8836315306243865     
 b_para_n=    1.045088206323415     
 dxdt=   -1.078071128511739        -4072.342011781840      
    4759.415792126565     
 dudt=    3552726.305120972     
 ---------------------
 rk4
 istep=     10000001
 grad_b=  -0.3840703237118991        3.8706055187203679E-002 
  -5.2565954972054754E-002
 bsub=   1.3160355233432376E-002   3.8245739150505845E-002 
    1.020278796786500     
 bsup=    0.000000000000000        0.4162458139530321      
   0.9432510420803049     
 b_abs=   0.9892823287298517     
 g=  -1.5693570392985759E-002
 j=    0.000000000000000         1054.369312089935      
    213.1649125824283     
 v_perp_2=    64687768.42478597     
 b_n=   1.6798070238812599E-004   0.4178291817505218      
   0.9431895418326913     
 b_para_n=   0.9892823493092557     
 dxdt=    1.933230755497780         2518.522422320467      
    5665.201384533967     
 dudt=    1106188.319260372     
 ---------------------
 rk4
 istep=     11000001
 grad_b=  -0.9696325274509368       -1.5095907355025355E-002 
   0.1713019495780215     
 bsub=  -7.3526294883172111E-002  -0.1546018004042428      
    1.562261067825724     
 bsup=    0.000000000000000        -1.204313615781907      
   0.9145312389209782     
 b_abs=    1.270856279813133     
 g=  -1.9586962821998694E-002
 j=    0.000000000000000         261.6356458728166      
   -95.69162456308023     
 v_perp_2=    83099452.28114724     
 b_n=   3.9424036405092525E-006   -1.202271295369143      
   0.9147335279058124     
 b_para_n=    1.270856273457031     
 dxdt=   4.4106290726388546E-002   -3872.923446959575      
    2960.633226690045     
 dudt=   -4497991.793440547     
 ---------------------
 rk4
 istep=     12000001
 grad_b=   0.4629911886855311       -0.1061278178704331      
  -0.1905936835721204     
 bsub=   4.3863629626441511E-002   7.3933947175986031E-002 
    1.346199502921085     
 bsup=    0.000000000000000       -0.6595415890874583      
    1.109001131742970     
 b_abs=    1.201756500814412     
 g=  -8.1622388069140083E-003
 j=    0.000000000000000        -811.6925304480501      
   -326.4796908479382     
 v_perp_2=    78581083.23379178     
 b_n=  -5.2892507699278039E-004  -0.6621359385796358      
    1.109160830050711     
 b_para_n=    1.201756479770639     
 dxdt=   -5.773451832697970        -2568.264079389107      
    4272.592802595026     
 dudt=    3846109.342654196     
 ---------------------
 rk4
 istep=     13000001
 grad_b=   0.7853655197164513       -2.8494081229445665E-002 
   0.1627088873029665     
 bsub=   6.6604198320934782E-002   6.1637976741574736E-002 
    1.560693480641206     
 bsup=    0.000000000000000       -0.5155601432354335      
    1.042587639339942     
 b_abs=    1.262976699278863     
 g=  -1.1030491712472111E-002
 j=    0.000000000000000        -638.1454524442088      
    25.31688538848338     
 v_perp_2=    82584131.42299369     
 b_n=  -1.3523108772086400E-004  -0.5185746760149312      
    1.042712466328508     
 b_para_n=    1.262976699284982     
 dxdt=   -1.506278018592608        -1737.133899615842      
    3446.394956462882     
 dudt=   -4771648.504411766     
 ---------------------
 rk4
 istep=     14000001
 grad_b=  -0.9376216485986187       -0.1244795334022907      
   0.1415805300278224     
 bsub=  -3.1896730295711398E-002  -0.1911861115299725      
    1.474791836146003     
 bsup=    0.000000000000000        -1.103265671754871      
   0.8888992340437929     
 b_abs=    1.233664888428919     
 g=  -1.8478388470633163E-002
 j=    0.000000000000000         149.2818359332873      
   -176.5709930291348     
 v_perp_2=    80667448.77741694     
 b_n=  -2.5599612119442156E-004   -1.101011320662687      
   0.8891859332451604     
 b_para_n=    1.233664877454709     
 dxdt=   -2.815918513849237        -3907.329108798828      
    3171.261257511853     
 dudt=   -6974837.576268286     
 ---------------------
 rk4
 istep=     15000001
 grad_b=   0.4902780442941839       -7.4112518426529952E-002 
  -0.2108859523099738     
 bsub=   1.0424244014616548E-003   0.1685095424135309      
    1.943906442868489     
 bsup=    0.000000000000000        -1.204474558333120      
    1.070330464425190     
 b_abs=    1.369646629988648     
 g=  -7.7068254945604330E-003
 j=    0.000000000000000        -1386.339930611260      
    316.3554826009753     
 v_perp_2=    89559049.54524338     
 b_n=  -2.5376380410196210E-004   -1.206703507627487      
    1.070523825368151     
 b_para_n=    1.369646638624148     
 dxdt=   -3.166295385699297        -2869.385836208604      
    2527.517101482660     
 dudt=    3257162.230148620     
 ---------------------
 rk4
 istep=     16000001
 grad_b=   0.2557746487224383        2.1190567069857107E-002 
   0.1070757538623060     
 bsub=  -3.1753190731817600E-002   2.9225478650710263E-002 
    1.019700490119476     
 bsup=    0.000000000000000        0.1927273758093969      
    1.103247745333371     
 b_abs=    1.063664258518122     
 g=  -1.1973747295095115E-002
 j=    0.000000000000000        -326.8727651290018      
   -22.47245946499262     
 v_perp_2=    69551301.27887283     
 b_n=   7.8743149318199964E-005   0.1916014618051507      
    1.103282464849480     
 b_para_n=    1.063664256436319     
 dxdt=   0.8750509203702959         987.3113628719166      
    5723.769397627001     
 dudt=   -3756560.901693645     
 ---------------------
 rk4
 istep=     17000001
 grad_b=  -0.6945608715825733        7.6786764670316171E-004 
   1.3477909132036801E-002
 bsub=   2.6101207263438009E-002  -4.9013328120123635E-002 
   0.9768547290692408     
 bsup=    0.000000000000000       -0.3858596847201606      
   0.9792161407355292     
 b_abs=   0.9875720898696138     
 g=  -1.7410236784291676E-002
 j=    0.000000000000000        -566.4418340203258      
   -22.55585330761721     
 v_perp_2=    64575736.71691879     
 b_n=   5.1729328639598954E-006  -0.3833704713463363      
   0.9793408983503228     
 b_para_n=   0.9875720903292654     
 dxdt=   5.9591466614622814E-002   -2296.795805013605      
    5902.906729459019     
 dudt=   -427112.0218282411     
 ---------------------
 rk4
 istep=     18000001
 grad_b=   0.3885494248007563        5.3074257164705770E-002 
   0.1280572714576503     
 bsub=  -3.3199248551031638E-002   0.1663181760143390      
    2.101769055362470     
 bsup=    0.000000000000000        -1.547286262002708      
    1.072824516737165     
 b_abs=    1.413310115635270     
 g=  -8.0115633892890309E-003
 j=    0.000000000000000        -421.3182274357314      
    482.8612180364398     
 v_perp_2=    92414004.76313314     
 b_n=   1.6250446729133922E-004   -1.548764348962315      
    1.072944059823007     
 b_para_n=    1.413310132761938     
 dxdt=    2.245676726120089        -3035.787960093028      
    2092.379667475243     
 dudt=   -1278376.242486834     
 ---------------------
 rk4
 istep=     19000001
 grad_b=   -1.058909973618805       -1.8753252326409179E-002 
  -7.8664895611951599E-002
 bsub=   1.7485776943776572E-003  -8.0347733468842497E-002 
    1.048598041591115     
 bsup=    0.000000000000000       -0.5729820844605402      
   0.9228002956864690     
 b_abs=    1.006740214747325     
 g=  -1.7550332525248062E-002
 j=    0.000000000000000         612.9007460130688      
   -83.24297086817094     
 v_perp_2=    65829036.19203018     
 b_n=  -8.9336802977749179E-005  -0.5691650643353831      
   0.9230929099139320     
 b_para_n=    1.006740204394959     
 dxdt=   -1.018387536802660        -3283.484193572217      
    5361.535748667944     
 dudt=    2008489.622780854     
 ---------------------
 rk4
 istep=     20000001
 grad_b=  -0.2639743226021236        3.8588264309545081E-002 
  -6.6047245344969224E-002
 bsub=   1.9185501752058211E-002   3.2702630363190842E-002 
    1.014664845116716     
 bsup=    0.000000000000000        0.2860390658080255      
   0.9743146600584522     
 b_abs=   0.9991150552523118     
 g=  -1.5403927711274589E-002
 j=    0.000000000000000         1083.237242721432      
   -161.4745698475105     
 v_perp_2=    65330420.11100750     
 b_n=   1.6550314509567631E-004   0.2871070557873998      
   0.9742770995853124     
 b_para_n=   0.9991150452942458     
 dxdt=    1.894332040380688         1697.938600297227      
    5741.501930142706     
 dudt=    1744569.363548438     
 ---------------------
 rk4
 istep=     21000001
 grad_b=  -0.8808366584956395        3.7925383469534786E-002 
   0.1989111450679284     
 bsub=  -8.1071859692260009E-002  -0.1036128119937609      
    1.614187820649099     
 bsup=    0.000000000000000        -1.190160558963460      
   0.9355024162659620     
 b_abs=    1.278280060315775     
 g=  -1.8799211920589663E-002
 j=    0.000000000000000         1033.661516690344      
   -344.8657269077827     
 v_perp_2=    83584502.86866549     
 b_n=   1.1291093699342846E-004   -1.188220847852350      
   0.9356325778004554     
 b_para_n=    1.278280038678402     
 dxdt=    1.269005685817312        -3750.502919503438      
    2966.607935080953     
 dudt=   -3604887.906625576     
 ---------------------
 rk4
 istep=     22000001
 grad_b=   0.1607800757454563       -0.1304158133567304      
  -0.1949603808647271     
 bsub=   5.4161851889444633E-002   3.4470623429952538E-002 
    1.195185534728193     
 bsup=    0.000000000000000       -0.6186245498181473      
    1.099690981580188     
 b_abs=    1.137573933012865     
 g=  -8.7672025192187045E-003
 j=    0.000000000000000         549.1989580145853      
   -421.0375274815733     
 v_perp_2=    74383940.07962179     
 b_n=  -6.9607741251353908E-004  -0.6195706066126839      
    1.099749787247741     
 b_para_n=    1.137573908112498     
 dxdt=   -7.593416020309340        -2762.670830563035      
    4893.326103387089     
 dudt=    3843080.129673068     
 ---------------------
 rk4
 istep=     23000001
 grad_b=   0.7435309414168896       -3.8557366843043638E-002 
   0.1621100453667259     
 bsub=   8.4991900427735856E-002   5.2310654309269983E-002 
    1.669874838775983     
 bsup=    0.000000000000000       -0.7991601935792145      
    1.032105199950099     
 b_abs=    1.296645353404481     
 g=  -1.1908500432419818E-002
 j=    0.000000000000000        -598.3512641307542      
   -204.0728459800003     
 v_perp_2=    84785288.04937094     
 b_n=  -1.4850944509258988E-004  -0.8016626675721732      
    1.032191142581239     
 b_para_n=    1.296645342056262     
 dxdt=   -1.691525903020421        -2432.558629850949      
    3105.786101015823     
 dudt=   -4995671.134785146     
 ---------------------
 rk4
 istep=     24000001
 grad_b=  -0.5518383902162367       -3.4781066536410152E-002 
   3.5392590654615329E-002
 bsub=  -1.9931801117516506E-002  -0.2336416077893146      
    1.528543786167526     
 bsup=    0.000000000000000        -1.273036092908387      
   0.9045581432630299     
 b_abs=    1.296268940328320     
 g=  -1.6824945874801683E-002
 j=    0.000000000000000         765.7486977670835      
   -66.45684250348700     
 v_perp_2=    84760645.40073147     
 b_n=  -6.4853844078095095E-005   -1.271818581471621      
   0.9047433898835608     
 b_para_n=    1.296268931761467     
 dxdt=  -0.7384617956486823        -3819.932041059499      
    2726.219482631963     
 dudt=   -1924217.094788474     
 ---------------------
 rk4
 istep=     25000001
 grad_b=   0.5628160402612015       -7.1706280632191866E-002 
  -0.1834271616795111     
 bsub=   1.0972087752840129E-004   0.1488933474856401      
    1.764198642445524     
 bsup=    0.000000000000000       -0.9648434895777778      
    1.081470227210652     
 b_abs=    1.328133711911678     
 g=  -7.9723075605432295E-003
 j=    0.000000000000000        -453.9814730611128      
    372.4390107934182     
 v_perp_2=    86844190.95194381     
 b_n=  -2.6765092473371747E-004  -0.9675227377776326      
    1.081696376779975     
 b_para_n=    1.328133727846123     
 dxdt=   -3.143512541844047        -2666.426047845806      
    2956.119021851413     
 dudt=    3180107.237322671     
 ---------------------
 rk4
 istep=     26000001
 grad_b=   0.6748844347835843        1.7876625086622897E-002 
   0.1471149650853111     
 bsub=  -6.8901483531058905E-003   6.0196927378333077E-002 
    1.166680892192293     
 bsup=    0.000000000000000        0.1981066792707078      
    1.103880714914032     
 b_abs=    1.140235478479914     
 g=  -9.8744627078569350E-003
 j=    0.000000000000000         725.6427659031203      
   -256.4881983623839     
 v_perp_2=    74557830.04658641     
 b_n=   4.9325146023082446E-005   0.1948662279702471      
    1.104048190192344     
 b_para_n=    1.140235465445713     
 dxdt=   0.5379104605468935         841.0194944045031      
    4885.028324654893     
 dudt=   -4757969.899531254     
 ---------------------
 rk4
 istep=     27000001
 grad_b=   -1.081615087273861       -2.8530130608196664E-002 
   8.1921783501641005E-002
 bsub=   5.6535219504070689E-003  -6.6295557352632858E-002 
    1.101745065894812     
 bsup=    0.000000000000000       -0.6207295197991151      
   0.9038068167501607     
 b_abs=    1.018204317754035     
 g=  -1.9109982322718461E-002
 j=    0.000000000000000         1071.211692582803      
   -576.0016211074214     
 v_perp_2=    66578426.64589198     
 b_n=  -7.9375132771420599E-005  -0.6170902700531780      
   0.9040261616580281     
 b_para_n=    1.018204266026367     
 dxdt=  -0.8995637522324592        -3483.122018063927      
    5134.102036632228     
 dudt=   -2946075.423840091     
 ---------------------
 rk4
 istep=     28000001
 grad_b=   0.4382936366064768        2.2859782801855216E-002 
   3.2567137876040861E-002
 bsub=  -3.1337103156772364E-002   0.1752477299010149      
    2.115987651406280     
 bsup=    0.000000000000000        -1.413677671362975      
    1.073300035811935     
 b_abs=    1.423034385745213     
 g=  -8.0647698163460613E-003
 j=    0.000000000000000         189.7857281798689      
    22.49392291034173     
 v_perp_2=    93049437.70700194     
 b_n=   7.2051354826273105E-005   -1.415245643288765      
    1.073430964444913     
 b_para_n=    1.423034387129097     
 dxdt=    1.026998621649944        -2641.406604607470      
    1990.320991188795     
 dudt=   -60606.44660713634     
 ---------------------
 rk4
 istep=     29000001
 grad_b=  -0.7505295418049537       -6.8841195740902313E-003 
  -1.5106043624090494E-002
 bsub=  -1.5989717831848618E-002  -7.5161886569726666E-002 
   0.9394793330023243     
 bsup=    0.000000000000000       -0.4244610867884360      
    1.003395100070310     
 b_abs=   0.9874564470952704     
 g=  -1.5731598746630701E-002
 j=    0.000000000000000        -210.8516327813593      
    120.7857146111400     
 v_perp_2=    64567810.91863804     
 b_n=  -3.0864921379806850E-005  -0.4215976481246649      
    1.003623671547871     
 b_para_n=   0.9874564574740780     
 dxdt=  -0.3555823223012270        -2525.708738528428      
    6051.207447223089     
 dudt=    405102.0767835617     
 ---------------------
 Elapsed time (seconds):     155.0267930000000     

real	2m35.038s
user	2m34.459s
sys	0m0.056s
>>> [PID 3608585] DONE  u=6000, v_perp=-8000, out=gc_grid/dat55.dat
