>>> [PID 3611790] START u=2500, v_perp=-7000, out=gc_grid/dat69.dat, dt=2e-09, steps=30000000
 outer boundary:   8.3000000000000462E-002
 rk4
 istep=            1
 grad_b=  -0.5028824058940222        4.9319665627665862E-003 
  -7.9833495635235757E-003
 bsub=   8.6923786417126073E-003   4.2252343145366640E-002 
    1.020727055703467     
 bsup=    0.000000000000000        0.5003151233008388      
   0.9181485606500213     
 b_abs=   0.9787596721890643     
 g=  -1.6418720109306728E-002
 j=    0.000000000000000         576.0999632763596      
    59.09603516911461     
 v_perp_2=    48999998.75641154     
 b_n=   8.9318449935289253E-006   0.5011685618042607      
   0.9181131598321646     
 b_para_n=   0.9787596750936572     
 dxdt=   0.1122458247200380         1288.656519242261      
    2344.739202996092     
 dudt=    124354.4605273572     
 ---------------------
 rk4
 istep=      1000001
 grad_b=  -0.4637717687213129        2.6989909860853895E-002 
  -5.0228919043741632E-002
 bsub=   4.5760498272817696E-003   4.0622625568871612E-002 
    1.018741953938878     
 bsup=    0.000000000000000        0.8765671086109275      
   0.9209796813631170     
 b_abs=   0.9869541397267740     
 g=  -1.4517374898492572E-002
 j=    0.000000000000000        -20.41762537151033      
    59.50130439673890     
 v_perp_2=    49410239.18704862     
 b_n=  -5.2803935957062304E-005   0.8757228631408258      
   0.9210135811906895     
 b_para_n=   0.9869541377768529     
 dxdt=   0.6762545239517260        -2135.464614697754      
   -2255.455253843931     
 dudt=    573227.8500682060     
 ---------------------
 rk4
 istep=      2000001
 grad_b=  -0.4894454080000014        1.7690281593887042E-002 
  -3.1928038033749717E-002
 bsub=   7.0650413304727318E-003   4.2406735932181819E-002 
    1.017944387122368     
 bsup=    0.000000000000000        0.6587249905786465      
   0.9176800918533280     
 b_abs=   0.9808096405275206     
 g=  -1.5579466012063984E-002
 j=    0.000000000000000         275.7971417142018      
    227.6305589975729     
 v_perp_2=    49102623.34145455     
 b_n=   3.3509079598063391E-005   0.6595868879720919      
   0.9176439612852491     
 b_para_n=   0.9808096487750102     
 dxdt=   0.4230120207369561         1676.072355196799      
    2319.348884491370     
 dudt=    450369.1623007744     
 ---------------------
 rk4
 istep=      3000001
 grad_b=  -0.4860120588896327        2.0440682054470898E-002 
  -3.6782301728370298E-002
 bsub=   7.3986125060928384E-003   4.1611758817355161E-002 
    1.018172166719048     
 bsup=    0.000000000000000        0.6605932640956022      
   0.9224013245731124     
 b_abs=   0.9831443246164657     
 g=  -1.5376393125326723E-002
 j=    0.000000000000000         228.6919835039666      
    229.3113227925770     
 v_perp_2=    49219503.28129338     
 b_n=  -3.8620667769509704E-005   0.6597383605663701      
   0.9224365364957552     
 b_para_n=   0.9831443165004096     
 dxdt=   0.4901378123049867        -1639.186397750562      
   -2304.429515956934     
 dudt=    520039.2523461967     
 ---------------------
 Particle has exited the domain at step       3704090  s =  
   8.3000004234008454E-002
 Elapsed time (seconds):     18.94679000000000     

real	0m18.957s
user	0m18.914s
sys	0m0.011s
>>> [PID 3611790] DONE  u=2500, v_perp=-7000, out=gc_grid/dat69.dat
