>>> [PID 3612650] START u=6000, v_perp=-7000, out=gc_grid/dat76.dat, dt=2e-09, steps=30000000
 outer boundary:   8.3000000000000462E-002
 rk4
 istep=            1
 grad_b=  -0.5028820373438692        4.9316092335179723E-003 
  -7.9825935811761728E-003
 bsub=   8.6924761062245372E-003   4.2252288247451739E-002 
    1.020727270222290     
 bsup=    0.000000000000000        0.5003081553732273      
   0.9181486254416260     
 b_abs=   0.9787596374156046     
 g=  -1.6418755431301179E-002
 j=    0.000000000000000         576.0999606399454      
    59.09077001177581     
 v_perp_2=    48999997.01553512     
 b_n=   2.1434801575633772E-005   0.5023564023541134      
   0.9180636638428252     
 b_para_n=   0.9787596443861835     
 dxdt=   0.2208246449101020         3088.094244224288      
    5627.566785182713     
 dudt=    124342.1814728124     
 ---------------------
 rk4
 istep=      1000001
 grad_b=  -0.4187617782574461        4.1889803114451660E-002 
  -1.1613269848093320E-003
 bsub=  -4.9904100238334102E-002  -0.2303167367461060      
    1.526521118766586     
 bsup=    0.000000000000000        -1.273521723084320      
   0.9104506616880134     
 b_abs=    1.297280961698741     
 g=  -1.8168092242355025E-002
 j=    0.000000000000000        -292.0157057312440      
   -96.25057673783904     
 v_perp_2=    64946212.72019803     
 b_n=   9.7568124417524865E-005   -1.272542186742619      
   0.9106016383399496     
 b_para_n=    1.297280958911692     
 dxdt=   0.8821806074268166        -4387.273150965124      
    3144.192821860675     
 dudt=    1049769.450138876     
 ---------------------
 rk4
 istep=      2000001
 grad_b=   9.5071386086455184E-002  -6.8885251910273365E-002 
  -0.1131356582166916     
 bsub=   4.3018244481319856E-002   1.6397085294197478E-002 
   0.9927803095581876     
 bsup=    0.000000000000000       -9.1046104192568977E-002 
    1.140023633235401     
 b_abs=    1.063550995912441     
 g=  -1.0082608255397708E-002
 j=    0.000000000000000         333.7939477561986      
   -18.57414878147944     
 v_perp_2=    53244882.64221182     
 b_n=  -3.4391389547253315E-004  -9.1559122524816489E-002 
    1.140047007665732     
 b_para_n=    1.063550995063204     
 dxdt=   -3.349891302590450        -487.4000555837479      
    6040.581764910597     
 dudt=    2887992.902940025     
 ---------------------
 rk4
 istep=      3000001
 grad_b=   0.4600141347044822       -2.4975739535758337E-002 
   3.5453987500539921E-002
 bsub=   5.0464364323932920E-002   0.1705329470003888      
    2.041488891805395     
 bsup=    0.000000000000000        -1.131793056161126      
    1.072643685111929     
 b_abs=    1.413239526898125     
 g=  -9.3183337304723474E-003
 j=    0.000000000000000        -19.64401644021967      
    278.1446227964842     
 v_perp_2=    70751404.04175076     
 b_n=  -1.2101653260137007E-004   -1.133781909689340      
    1.072812822400918     
 b_para_n=    1.413239540923313     
 dxdt=   -1.125737641324297        -3041.494968482592      
    2866.580629738137     
 dudt=   -1174265.741354933     
 ---------------------
 rk4
 istep=      4000001
 grad_b=  -0.6471002469949815       -1.6419987993830654E-003 
  -6.5235895401371466E-003
 bsub=  -2.7321273941531936E-002  -4.8016595703218902E-002 
   0.9673827655918324     
 bsup=    0.000000000000000       -0.3685326044309585      
   0.9861818430921866     
 b_abs=   0.9856184236803422     
 g=  -1.7247270271154660E-002
 j=    0.000000000000000        -509.4987615777430      
  -0.1696238111078685     
 v_perp_2=    49343261.15303608     
 b_n=  -7.0903407408538157E-006  -0.3661979896501107      
   0.9862975247813118     
 b_para_n=   0.9856184256440244     
 dxdt=  -7.2679023335346649E-002   -2208.807795163313      
    5975.925616188044     
 dudt=    148020.9912070915     
 ---------------------
 rk4
 istep=      5000001
 grad_b=  -0.8888117631656951       -3.8614128298760002E-003 
   4.2635146989457723E-002
 bsub=   1.5376561608166741E-002  -6.2979639579752944E-002 
    1.018622528163120     
 bsup=    0.000000000000000       -0.4951605831882980      
   0.9406198645275444     
 b_abs=   0.9947533530734749     
 g=  -1.8198913122109372E-002
 j=    0.000000000000000         842.1463829595820      
   -570.9714286335392     
 v_perp_2=    49800567.22816880     
 b_n=  -4.3019342774930790E-006  -0.4920378520619799      
   0.9408129535899862     
 b_para_n=   0.9947533030501678     
 dxdt=  -4.3807944949120665E-002   -2921.438939848995      
    5612.014626065135     
 dudt=   -1057262.091730108     
 ---------------------
 rk4
 istep=      6000001
 grad_b=   0.5673791142332003       -4.3984289242787356E-002 
  -0.1539972753825369     
 bsub=  -2.6749077237213276E-002   0.1799020553761534      
    2.018342767028056     
 bsup=    0.000000000000000        -1.122280840702329      
    1.073648472367545     
 b_abs=    1.401903335043809     
 g=  -8.2811632420881093E-003
 j=    0.000000000000000         573.0606534279648      
   -80.32876166641846     
 v_perp_2=    70183769.47273950     
 b_n=  -1.5110277599197409E-004   -1.125104016111633      
    1.073898108393827     
 b_para_n=    1.401903333523761     
 dxdt=   -1.397516098792369        -3107.541322788644      
    2950.209921530412     
 dudt=    2070807.278315501     
 ---------------------
 rk4
 istep=      7000001
 grad_b=   0.4314853679305056        5.1414041513975425E-002 
   0.1376760177089094     
 bsub=  -2.8320941750119386E-002   5.0081538820588106E-002 
    1.094444671862843     
 bsup=    0.000000000000000       -1.2394909485703209E-002 
    1.126191813697286     
 b_abs=    1.109683459365313     
 g=  -9.9712408571365919E-003
 j=    0.000000000000000        -106.3391951109691      
    296.3166847264122     
 v_perp_2=    55554270.13214049     
 b_n=   2.2827874205904819E-004  -1.4596276700318132E-002 
    1.126298473664112     
 b_para_n=    1.109683477844294     
 dxdt=    2.169324392707019        -81.53103079412759      
    5508.131826905566     
 dudt=   -3483137.413309935     
 ---------------------
 rk4
 istep=      8000001
 grad_b=  -0.4516394476328396       -9.9541532583167169E-002 
   7.0801659742577322E-002
 bsub=   1.1366765116553192E-002  -0.2345015743942382      
    1.504272322720709     
 bsup=    0.000000000000000        -1.227987925895496      
   0.9000336280243473     
 b_abs=    1.281351526812129     
 g=  -1.7050791073816553E-002
 j=    0.000000000000000        -329.5004633526124      
   -97.47543496922792     
 v_perp_2=    64148484.74329190     
 b_n=  -2.2718237387274749E-004   -1.226827250389487      
   0.9002162806654284     
 b_para_n=    1.281351524276094     
 dxdt=   -2.054964599195144        -4365.675450358322      
    3209.097483204724     
 dudt=   -3632772.112111930     
 ---------------------
 rk4
 istep=      9000001
 grad_b=   0.4739760819973031        0.1172102402958277      
  -0.1777359015641506     
 bsub=  -2.4139540791150254E-002   4.4957930925682427E-003 
    1.249554934281698     
 bsup=    0.000000000000000        0.2440729484824487      
   0.9715060750992449     
 b_abs=    1.102387343198619     
 g=  -1.4514689841973301E-002
 j=    0.000000000000000         3.369273623632580      
    104.7239036714729     
 v_perp_2=    55188949.08212901     
 b_n=   4.7686205932939680E-004   0.2421689657130162      
   0.9715221445529270     
 b_para_n=    1.102387350928592     
 dxdt=    4.548035775383908         1190.695512945458      
    4811.868745214146     
 dudt=    3271212.014466201     
 ---------------------
 rk4
 istep=     10000001
 grad_b=  -0.8388422382002145        0.1275671194837416      
   0.2921975549932490     
 bsub=  -5.7402622691704250E-002  -5.1652401384286964E-002 
    1.478953242303484     
 bsup=    0.000000000000000        -1.135378104357255      
   0.9182113926572606     
 b_abs=    1.190149522297707     
 g=  -1.7425952451560277E-002
 j=    0.000000000000000        -1250.907601659934      
    796.6317917132876     
 v_perp_2=    59582568.26375787     
 b_n=   4.3538998003780493E-004   -1.132763089470229      
   0.9183196675714732     
 b_para_n=    1.190149580450162     
 dxdt=    4.006069588800722        -4785.492562848670      
    3890.614124871234     
 dudt=   -2596688.249456912     
 ---------------------
 rk4
 istep=     11000001
 grad_b=   0.2683120864488372       -0.1213045673391027      
  -0.1923070477377603     
 bsub=   5.0508460490713357E-002   4.7373394281366339E-002 
    1.218246897732197     
 bsup=    0.000000000000000       -0.6085669432626530      
    1.109732630822890     
 b_abs=    1.150919720334280     
 g=  -8.4320658872130243E-003
 j=    0.000000000000000         882.3436501317418      
   -474.5721083010939     
 v_perp_2=    57618573.01817003     
 b_n=  -6.7963974635172879E-004  -0.6102165458920965      
    1.109824929662632     
 b_para_n=    1.150919692480149     
 dxdt=   -6.341186137558841        -2782.278104052595      
    5046.328351769145     
 dudt=    3035913.002425214     
 ---------------------
 rk4
 istep=     12000001
 grad_b=   0.6548393467497560       -2.1452985110483033E-002 
   0.1413066481567276     
 bsub=   8.7147370422263143E-002   9.4727636418551198E-002 
    1.814936256093433     
 bsup=    0.000000000000000       -0.9505230814781881      
    1.049687714084402     
 b_abs=    1.347231629923871     
 g=  -1.1303650678897168E-002
 j=    0.000000000000000         1334.918437747780      
   -468.6108337390500     
 v_perp_2=    67446506.09283866     
 b_n=  -1.1177757093085683E-004  -0.9530357676402631      
    1.049824210526300     
 b_para_n=    1.347231607951893     
 dxdt=   -1.015432035277064        -2978.811326591981      
    3265.612050194392     
 dudt=   -3134798.549422146     
 ---------------------
 rk4
 istep=     13000001
 grad_b=   -1.108691675867809        6.8382519222712462E-002 
  -0.1070482553087924     
 bsub=   4.7630783559260512E-004  -7.7242258285367932E-002 
    1.169969185238460     
 bsup=    0.000000000000000       -0.6884014719819314      
   0.8842523248517804     
 b_abs=    1.042888418102797     
 g=  -1.9904381967224317E-002
 j=    0.000000000000000         80.86363381240710      
    157.9704397063224     
 v_perp_2=    52210132.21616448     
 b_n=   1.9851065039372520E-004  -0.6848121641238437      
   0.8844892238967280     
 b_para_n=    1.042888430462834     
 dxdt=    1.957737032117938        -3744.444925631538      
    4857.548229924458     
 dudt=    3401876.731196902     
 ---------------------
 rk4
 istep=     14000001
 grad_b=  -0.3402882793375721       -9.8671858504510608E-003 
  -3.8592891548063238E-002
 bsub=   3.6164787260289905E-002  -3.7264367143200056E-002 
   0.9168018631165613     
 bsup=    0.000000000000000       -0.1814815710409173      
    1.073950983775987     
 b_abs=   0.9959786101350664     
 g=  -1.4170469455980593E-002
 j=    0.000000000000000         496.1467085262975      
   -248.5308154898629     
 v_perp_2=    49861666.65720080     
 b_n=  -4.6253656563731686E-005  -0.1801113512417040      
    1.074008481316982     
 b_para_n=   0.9959785907826370     
 dxdt=  -0.4706056984196572        -1066.181658008419      
    6392.412447417835     
 dudt=    996661.4503983437     
 ---------------------
 rk4
 istep=     15000001
 grad_b=   0.4300060520229360       -2.2591691342019934E-003 
  -3.2867299551095991E-002
 bsub=  -3.6104128878627281E-003   0.1915797300685127      
    2.165924868853791     
 bsup=    0.000000000000000        -1.528450311117892      
    1.076580020484427     
 b_abs=    1.428638331024938     
 g=  -7.1871139981710208E-003
 j=    0.000000000000000         1153.581597574323      
   -298.2404319394366     
 v_perp_2=    71521863.40672104     
 b_n=   3.6747697191837523E-006   -1.530888503062920      
    1.076795682196553     
 b_para_n=    1.428638320975813     
 dxdt=   3.4498703171937692E-002   -3950.641063489510      
    2768.577397310084     
 dudt=    559474.3819306217     
 ---------------------
 rk4
 istep=     16000001
 grad_b=  -0.1302677754622866        2.5744985490694018E-002 
   6.7363564505262097E-002
 bsub=  -3.9890148456385194E-002  -1.3919277240586177E-002 
   0.9346850140360843     
 bsup=    0.000000000000000        8.2274786261395949E-003 
    1.103492835174144     
 b_abs=    1.015220635452007     
 g=  -1.2907422984710447E-002
 j=    0.000000000000000        -373.5781999343304      
    119.0087011087635     
 v_perp_2=    50824919.21758418     
 b_n=   1.1493438291258119E-004   8.7748457373320789E-003 
    1.103505901092883     
 b_para_n=    1.015220644134129     
 dxdt=    1.153958142136700         52.87206287447514      
    6354.374628583655     
 dudt=   -1838043.501397797     
 ---------------------
 rk4
 istep=     17000001
 grad_b=   -1.043937791066264       -0.1182819422338492      
   0.1290429804492291     
 bsub=  -1.0025410720602096E-002  -0.1156208301348857      
    1.286270746654632     
 bsup=    0.000000000000000       -0.7877621152645453      
   0.8748524431554774     
 b_abs=    1.102796147408833     
 g=  -2.0074324179108542E-002
 j=    0.000000000000000        -1016.777330804212      
    393.5143408436368     
 v_perp_2=    55209182.05206270     
 b_n=  -3.2094579493138189E-004  -0.7846246028714491      
   0.8751319991962204     
 b_para_n=    1.102796184209128     
 dxdt=   -3.060356285692282        -3868.972772048486      
    4332.594499515486     
 dudt=   -4677439.313186024     
 ---------------------
 rk4
 istep=     18000001
 grad_b=   0.7189486726359842        4.7558843399280355E-002 
  -0.1579432864398184     
 bsub=  -8.6926826832364856E-002   4.0232707526276723E-002 
    1.664939014626459     
 bsup=    0.000000000000000       -0.8055030963633381      
    1.026034787945971     
 b_abs=    1.294426448164628     
 g=  -1.2341571208101223E-002
 j=    0.000000000000000        -258.3081611978034      
    23.89793335352402     
 v_perp_2=    64802717.57479631     
 b_n=   1.9447867930235540E-004  -0.8081934272981265      
    1.026109953494234     
 b_para_n=    1.294426449201174     
 dxdt=    1.758421404830422        -2820.963474173903      
    3562.985245169717     
 dudt=    3874617.610092504     
 ---------------------
 rk4
 istep=     19000001
 grad_b=   0.1383274909932834        0.1522614299132126      
   0.2228842086376100     
 bsub=  -5.6159573959143602E-002   3.4566620596021870E-002 
    1.312908303944793     
 bsup=    0.000000000000000       -0.7174171654031345      
    1.061490187848153     
 b_abs=    1.169891875760630     
 g=  -9.7225710469401976E-003
 j=    0.000000000000000         296.4176799312840      
    630.1250520411966     
 v_perp_2=    58568121.16536666     
 b_n=   7.7686109300311096E-004  -0.7182017999804744      
    1.061544112970605     
 b_para_n=    1.169891917121126     
 dxdt=    7.196359533853830        -3160.022127279361      
    4665.312591108510     
 dudt=   -2724918.366198540     
 ---------------------
 rk4
 istep=     20000001
 grad_b=  -0.2614022068606638       -0.1677118625492759      
  -0.2978066646018919     
 bsub=   5.7444264348444608E-002  -5.6575695390559295E-003 
    1.427518568687978     
 bsup=    0.000000000000000        -1.177025411794652      
   0.9763897830042048     
 b_abs=    1.182869397823277     
 g=  -1.2435173029112092E-002
 j=    0.000000000000000         231.4471497887836      
   -377.6108118446406     
 v_perp_2=    59217782.14364148     
 b_n=  -7.3607543402963058E-004   -1.175938369639693      
   0.9764236899780276     
 b_para_n=    1.182869372043883     
 dxdt=   -6.788371745167519        -5042.508299048323      
    4191.591856766871     
 dudt=    1975950.355978638     
 ---------------------
 rk4
 istep=     21000001
 grad_b=   0.7087792527839467       -9.7379479166238958E-002 
   0.1654110546274758     
 bsub=   5.8638101598263853E-002  -3.6139823532054180E-003 
    1.438449788867695     
 bsup=    0.000000000000000       -0.2586998753618950      
   0.9963365029107673     
 b_abs=    1.197607839008822     
 g=  -1.3891463832281497E-002
 j=    0.000000000000000        -663.2170487578828      
    269.2339568768093     
 v_perp_2=    59955595.87997889     
 b_n=  -3.6650446504799585E-004  -0.2613534709665865      
   0.9963447913371200     
 b_para_n=    1.197607856883427     
 dxdt=   -3.364704551267783        -1105.389205899652      
    4163.462779271029     
 dudt=   -3971155.820510024     
 ---------------------
 rk4
 istep=     22000001
 grad_b=  -0.7234247219325002        0.1600352230205683      
  -0.1278546357478620     
 bsub=   7.7315092292889465E-003  -0.1908627414651421      
    1.432033169089167     
 bsup=    0.000000000000000        -1.024449464632589      
   0.8844742770737746     
 b_abs=    1.209023964189678     
 g=  -1.8355373549613849E-002
 j=    0.000000000000000         277.6936531316121      
   -69.27308731283956     
 v_perp_2=    60527090.88291120     
 b_n=   3.9498353675393715E-004   -1.022453093655894      
   0.8847382170715828     
 b_para_n=    1.209023957417916     
 dxdt=    3.614751133184666        -4173.509510199776      
    3621.453136341604     
 dudt=    5735627.691598610     
 ---------------------
 rk4
 istep=     23000001
 grad_b=   0.2164557382496883       -4.0368798441249923E-002 
  -0.1086859808845700     
 bsub=   3.5689506197843994E-002   2.5727941892674328E-002 
    1.010685260467176     
 bsup=    0.000000000000000        0.1048687953321324      
    1.118742264615000     
 b_abs=    1.065031664907985     
 g=  -1.1360426111699951E-002
 j=    0.000000000000000        -128.8755823361298      
    146.9491906947317     
 v_perp_2=    53318411.36087973     
 b_n=  -1.7366336175988871E-004   0.1038513712345041      
    1.118774306515101     
 b_para_n=    1.065031674380435     
 dxdt=   -1.690109294402211         544.3247934614653      
    5912.809652786972     
 dudt=    2957261.558880107     
 ---------------------
 rk4
 istep=     24000001
 grad_b=   0.4835205653846755        3.6456443262477177E-002 
   0.1142674425552571     
 bsub=   1.4122001547163211E-002   0.1849350081643571      
    2.101837660415707     
 bsup=    0.000000000000000        -1.341276912078056      
    1.072570870774128     
 b_abs=    1.416609790693933     
 g=  -7.5942898238570491E-003
 j=    0.000000000000000         693.3622097369790      
   -257.4673241850523     
 v_perp_2=    70919334.10273783     
 b_n=   1.4294280193836997E-004   -1.343890519426987      
    1.072799867755000     
 b_para_n=    1.416609780543343     
 dxdt=    1.332168908420736        -3577.231954495837      
    2843.239706790610     
 dudt=   -1301595.564640867     
 ---------------------
 rk4
 istep=     25000001
 grad_b=  -0.6605746794030311       -2.5605893013356390E-003 
  -5.3315543130191198E-003
 bsub=  -2.5315061090592793E-002  -5.7117796647199695E-002 
   0.9529295499787938     
 bsup=    0.000000000000000       -0.3807319102994584      
   0.9980490148459569     
 b_abs=   0.9862610415101859     
 g=  -1.6656672374084594E-002
 j=    0.000000000000000        -486.3326267804237      
    32.74412755752479     
 v_perp_2=    49374877.50871707     
 b_n=  -1.0577419696861131E-005  -0.3783054594355778      
   0.9981941782019542     
 b_para_n=   0.9862610462680665     
 dxdt=  -0.1083720913788170        -2279.261957829185      
    6041.504443546361     
 dudt=    110308.1118241466     
 ---------------------
 rk4
 istep=     26000001
 grad_b=  -0.8770844689728866       -1.3599892477083498E-002 
   4.4293809835557710E-002
 bsub=   1.7143250806503151E-002  -5.6103001289227905E-002 
    1.033508273203709     
 bsup=    0.000000000000000       -0.5019832634348597      
   0.9315326755022819     
 b_abs=   0.9955053394737675     
 g=  -1.8679878068501202E-002
 j=    0.000000000000000         385.0746630877776      
   -557.3278426290144     
 v_perp_2=    49837653.64225692     
 b_n=  -3.8773005026104935E-005  -0.4989430963479921      
   0.9316983059097758     
 b_para_n=   0.9955052924655770     
 dxdt=  -0.3946256090414034        -2959.150035567799      
    5550.414043352127     
 dudt=   -1209142.086328955     
 ---------------------
 rk4
 istep=     27000001
 grad_b=   0.4896795341018039        2.0616127117145978E-002 
  -8.5436901999549703E-002
 bsub=  -7.0267906756972615E-002   0.1500781078851899      
    1.957607723939371     
 bsup=    0.000000000000000       -0.9855793618863786      
    1.066585455438686     
 b_abs=    1.392873197051242     
 g=  -1.0406448091856178E-002
 j=    0.000000000000000         362.9242467898304      
   -303.6381070229183     
 v_perp_2=    69730907.89894855     
 b_n=   1.0767868486538227E-004  -0.9875081455571327      
    1.066737178709194     
 b_para_n=    1.392873182754632     
 dxdt=   0.9918563564139303        -2782.712469216922      
    2993.598109211847     
 dudt=    2002771.200594608     
 ---------------------
 rk4
 istep=     28000001
 grad_b=   0.2142887800373022        9.0320428157109708E-002 
   0.1480552220176833     
 bsub=  -4.4930178603277381E-002   3.8669386437653157E-002 
    1.080471201974280     
 bsup=    0.000000000000000       -0.3873140621059273      
    1.140517407027425     
 b_abs=    1.102588109972839     
 g=  -8.7765320068694912E-003
 j=    0.000000000000000        -619.3538805646360      
    175.1694359961523     
 v_perp_2=    55198434.26162404     
 b_n=   4.9170995843096632E-004  -0.3885890162200715      
    1.140583493999290     
 b_para_n=    1.102588119732007     
 dxdt=    4.689145609614116        -1929.808968535183      
    5647.504869084724     
 dudt=   -3039318.423786005     
 ---------------------
 rk4
 istep=     29000001
 grad_b=   -1.012270058976465        2.2573615973565123E-002 
  -0.1783526855842604     
 bsub=   7.0211761555309282E-002  -0.1555578470904879      
    1.547451317331324     
 bsup=    0.000000000000000        -1.188391432824232      
   0.9087323274077126     
 b_abs=    1.261408847103411     
 g=  -1.9811062944291479E-002
 j=    0.000000000000000        -64.05226248957442      
   -55.65808625343861     
 v_perp_2=    63149382.05535084     
 b_n=   1.1150165050989564E-005   -1.185980773814300      
   0.9089741510684767     
 b_para_n=    1.261408844161848     
 dxdt=   0.1010277986594396        -4382.038096249266      
    3369.724931423153     
 dudt=    3748542.444636537     
 ---------------------
 Elapsed time (seconds):     163.8533430000000     

real	2m43.865s
user	2m42.727s
sys	0m0.080s
>>> [PID 3612650] DONE  u=6000, v_perp=-7000, out=gc_grid/dat76.dat
