>>> [PID 3612374] START u=5000, v_perp=-7000, out=gc_grid/dat74.dat, dt=2e-09, steps=30000000
 outer boundary:   8.3000000000000462E-002
 rk4
 istep=            1
 grad_b=  -0.5028821432862158        4.9317111160692290E-003 
  -7.9828093576336662E-003
 bsub=   8.6924482306326364E-003   4.2252303944468043E-002 
    1.020727208943174     
 bsup=    0.000000000000000        0.5003101470932887      
   0.9181486068749619     
 b_abs=   0.9787596473505288     
 g=  -1.6418745338469605E-002
 j=    0.000000000000000         576.0999598666308      
    59.09227149343701     
 v_perp_2=    48999997.51291086     
 b_n=   1.7862720990606488E-005   0.5020170208577227      
   0.9180778054564278     
 b_para_n=   0.9787596531594500     
 dxdt=   0.1806786143309154         2573.102306030003      
    4689.652147409359     
 dudt=    124345.6872407630     
 ---------------------
 rk4
 istep=      1000001
 grad_b=  -0.9326167039166910        8.8413117379344847E-002 
   0.1284317343601957     
 bsub=  -2.8101565644967491E-002  -8.6103199237044820E-002 
    1.047842217201690     
 bsup=    0.000000000000000       -0.5666864116817204      
   0.9516250185942160     
 b_abs=    1.022216510284251     
 g=  -1.4440933704428977E-002
 j=    0.000000000000000        -656.5361722711395      
    425.5354285245916     
 v_perp_2=    51175580.14684084     
 b_n=   3.4347866937859848E-004  -0.5634616176931424      
   0.9518992471304721     
 b_para_n=    1.022216540483116     
 dxdt=    3.404957931052789        -2616.530628534945      
    4450.288629651847     
 dudt=   -1765958.003117676     
 ---------------------
 rk4
 istep=      2000001
 grad_b=   0.3813650846590541       -6.2276095429670802E-002 
   7.4957236970429442E-002
 bsub=   0.1050199912761429        2.7969301599574590E-002 
    1.795034685652158     
 bsup=    0.000000000000000        -1.068874681212248      
    1.023563582939938     
 b_abs=    1.344506316920494     
 g=  -1.3220091298667594E-002
 j=    0.000000000000000        -213.8997251038856      
   -144.1516056982830     
 v_perp_2=    67310458.20880775     
 b_n=  -1.2894310755825949E-004   -1.069640856733892      
    1.023583061283948     
 b_para_n=    1.344506311940854     
 dxdt=   -1.495974554787304        -2065.073709624255      
    1969.246194613001     
 dudt=   -2667712.641100058     
 ---------------------
 rk4
 istep=      3000001
 grad_b=   -1.317744094636533       -3.2302158447072953E-002 
   0.1564574037756056     
 bsub=  -2.3216056809569268E-002  -9.4424564026181726E-002 
    1.254195503300593     
 bsup=    0.000000000000000       -0.8202488677511334      
   0.8705556508920487     
 b_abs=    1.081556351404419     
 g=  -2.0079207995684033E-002
 j=    0.000000000000000         544.2010197591461      
   -609.8707625202399     
 v_perp_2=    54146299.89212580     
 b_n=  -5.1083121542642099E-005  -0.8169760867116287      
   0.8708010677856146     
 b_para_n=    1.081556310528313     
 dxdt=  -0.4974261999666342        -3347.357143139257      
    3588.867630473427     
 dudt=   -3765558.044019412     
 ---------------------
 rk4
 istep=      4000001
 grad_b=   0.5289742764895411       -8.8841813338511738E-003 
   9.0780150614069979E-002
 bsub=   5.8397858991376145E-002   0.1643851488254324      
    1.988200348709676     
 bsup=    0.000000000000000        -1.016627030734701      
    1.070661472342542     
 b_abs=    1.400556333448971     
 g=  -9.7429379227876554E-003
 j=    0.000000000000000         134.1780031551714      
    91.04644170260453     
 v_perp_2=    70116469.13943624     
 b_n=  -3.5152452494919760E-005   -1.017755832675989      
    1.070755836504403     
 b_para_n=    1.400556336131077     
 dxdt=  -0.4959720695181272        -1446.382319390815      
    1507.816936860028     
 dudt=   -1898552.061123339     
 ---------------------
 rk4
 istep=      5000001
 grad_b=   -1.225928838989131       -2.8568050051764451E-002 
   0.1159998368504951     
 bsub=  -6.7592578426191440E-003  -7.8111577753757849E-002 
    1.156767409178546     
 bsup=    0.000000000000000       -0.7128515240239455      
   0.8863791847314986     
 b_abs=    1.039599444383832     
 g=  -1.9359019394828245E-002
 j=    0.000000000000000        -269.3738964249848      
   -418.8658443522814     
 v_perp_2=    52045769.28581727     
 b_n=  -5.6194233564226307E-005  -0.7095309808672499      
   0.8866030547758768     
 b_para_n=    1.039599417967478     
 dxdt=  -0.5534781661490915        -3180.157335313362      
    3997.166931962775     
 dudt=   -2966056.299942462     
 ---------------------
 rk4
 istep=      6000001
 grad_b=   0.6180349125018029        6.0001091052011173E-002 
   0.1860510301178614     
 bsub=   2.5877901854217091E-002   0.1733930987728098      
    1.948854945977911     
 bsup=    0.000000000000000        -1.032179418700408      
    1.073484220708394     
 b_abs=    1.382924041404146     
 g=  -8.4149271613674723E-003
 j=    0.000000000000000         107.2301783458509      
    24.79647623709362     
 v_perp_2=    69233698.84655251     
 b_n=   1.2016761504860677E-004   -1.033881940213399      
    1.073634102147503     
 b_para_n=    1.382924042408395     
 dxdt=    1.567504192443813        -1651.682899487343      
    1696.636552703515     
 dudt=   -2494086.175101060     
 ---------------------
 rk4
 istep=      7000001
 grad_b=  -0.7853422957698570        5.1202797858877075E-004 
   2.5386627359874771E-002
 bsub=   2.0871980333878423E-002  -5.8620263456325442E-002 
   0.9876781074108619     
 bsup=    0.000000000000000       -0.4349209713912406      
   0.9664071152844810     
 b_abs=   0.9900436320754598     
 g=  -1.7579506407074445E-002
 j=    0.000000000000000         61.49810718774410      
   -198.7730628233107     
 v_perp_2=    49564814.27895883     
 b_n=   5.9839782171925355E-006  -0.4325914825543551      
   0.9665452344022124     
 b_para_n=   0.9900436188204248     
 dxdt=   6.0179443676119021E-002   -2148.092950621957      
    4826.570130262577     
 dudt=   -614666.8401189114     
 ---------------------
 rk4
 istep=      8000001
 grad_b=   0.5963004948514206        7.1331766485471543E-002 
   0.1846447171418035     
 bsub=   5.9725474409351061E-003   0.1507212876423910      
    1.762531500688001     
 bsup=    0.000000000000000       -0.9157551396568478      
    1.082419825800946     
 b_abs=    1.330250151579631     
 g=  -8.0958291329013138E-003
 j=    0.000000000000000        -551.9935495084821      
    206.5325257981797     
 v_perp_2=    66596633.53922992     
 b_n=   1.9450993647840425E-004  -0.9178412260125876      
    1.082597560753766     
 b_para_n=    1.330250157256212     
 dxdt=    2.187288514577733        -1896.556895111187      
    2215.995676336995     
 dudt=   -2531681.414512891     
 ---------------------
 rk4
 istep=      9000001
 grad_b=  -0.3106082623636752        4.0204285206382889E-003 
  -3.8780749413087734E-002
 bsub=   3.6836485984233211E-002  -2.1269574166256473E-002 
   0.9425584156726845     
 bsup=    0.000000000000000       -0.1383794137392506      
    1.047178532766394     
 b_abs=   0.9952965077038516     
 g=  -1.5196254647986823E-002
 j=    0.000000000000000         396.1130946329461      
   -58.07137528981521     
 v_perp_2=    49827761.33646630     
 b_n=   1.0129432321206334E-005  -0.1373839590012443      
    1.047200595763953     
 b_para_n=   0.9952965035828051     
 dxdt=   0.1016091880095856        -673.5759055479126      
    5173.033265702891     
 dudt=    1035339.512030370     
 ---------------------
 rk4
 istep=     10000001
 grad_b=   0.6330150397348060        6.3555742725556391E-002 
   0.1602857644849449     
 bsub=  -1.4022022780252240E-002   0.1188699319666923      
    1.546872024373283     
 bsup=    0.000000000000000       -0.7427435060676204      
    1.108809646965605     
 b_abs=    1.275884352624961     
 g=  -7.7913469620783625E-003
 j=    0.000000000000000         109.9543758460806      
    82.35836260047904     
 v_perp_2=    63874868.58519232     
 b_n=   2.0802359546002436E-004  -0.7453193828214110      
    1.109009479793830     
 b_para_n=    1.275884356234583     
 dxdt=    2.155244489077570        -1879.058222394341      
    2767.394328484068     
 dudt=   -2560689.151020803     
 ---------------------
 rk4
 istep=     11000001
 grad_b=  -0.2874887125207862        1.7621505776009988E-002 
  -4.2619752139111844E-002
 bsub=   3.3706516377526641E-002   2.2049880840123437E-004 
   0.9706147477805125     
 bsup=    0.000000000000000       -4.6564191023451773E-002 
    1.016722358403485     
 b_abs=   0.9934419180772034     
 g=  -1.5869525611884972E-002
 j=    0.000000000000000        -417.0335212345956      
    103.9878970522869     
 v_perp_2=    49734885.62415028     
 b_n=   5.6307616283961514E-005  -4.5650810340840918E-002 
    1.016720202285864     
 b_para_n=   0.9934419246939777     
 dxdt=   0.5653311973531988        -221.7171500863167      
    5041.377209499342     
 dudt=    1112516.432939239     
 ---------------------
 rk4
 istep=     12000001
 grad_b=   0.4387245852446426        0.1099504227961238      
   0.2089151498395742     
 bsub=  -4.7960107160313438E-002   8.2087389442918768E-002 
    1.484499525576940     
 bsup=    0.000000000000000       -0.8926986510980435      
    1.083838801169107     
 b_abs=    1.238421799266603     
 g=  -8.7164974264962378E-003
 j=    0.000000000000000        -347.6398334214446      
    135.9386700491206     
 v_perp_2=    61999338.03150135     
 b_n=   3.9599250408863201E-004  -0.8944914245729013      
    1.083950732702991     
 b_para_n=    1.238421804411541     
 dxdt=    3.969057501922375        -2515.085980875827      
    3032.908998346279     
 dudt=   -2592811.629195020     
 ---------------------
 rk4
 istep=     13000001
 grad_b=  -0.3891927755586095       -0.1993270602144640      
   0.1093789951727442     
 bsub=   2.0618745534047855E-002  -0.1361110511065528      
    1.325527163597636     
 bsup=    0.000000000000000       -0.7965133028413596      
   0.8951039873310688     
 b_abs=    1.137977589798334     
 g=  -2.0360347912305676E-002
 j=    0.000000000000000         195.0855747977167      
   -185.4842785034735     
 v_perp_2=    56970766.74875744     
 b_n=  -4.0823334233914307E-004  -0.7956649159523599      
   0.8951974438117145     
 b_para_n=    1.137977578386070     
 dxdt=   -3.956650272646562        -2880.174315138234      
    3246.822271174399     
 dudt=   -5645895.390173118     
 ---------------------
 rk4
 istep=     14000001
 grad_b=   -1.043013188246037       -9.1525231515178114E-003 
   0.1964856231330732     
 bsub=  -7.0138795814286517E-002  -0.1408384440666603      
    1.544578713802399     
 bsup=    0.000000000000000        -1.167773001539131      
   0.9082013662359204     
 b_abs=    1.251964157214288     
 g=  -1.9926399335739281E-002
 j=    0.000000000000000        -162.6603269060165      
   -96.57762231160416     
 v_perp_2=    62677279.04002263     
 b_n=   1.5256240431855311E-005   -1.165972777523645      
   0.9083662049327295     
 b_para_n=    1.251964153650813     
 dxdt=   0.1544950857718286        -3120.412791894210      
    2442.657375691708     
 dudt=   -3781564.653911477     
 ---------------------
 rk4
 istep=     15000001
 grad_b=  -2.1510396946773563E-002  -0.1325050536695285      
  -0.2233306132966246     
 bsub=   7.1187099843810553E-002   7.2689137379287228E-002 
    1.852206340899380     
 bsup=    0.000000000000000        -1.320139423914937      
    1.030130594490286     
 b_abs=    1.346147602504677     
 g=  -1.2589558904472671E-002
 j=    0.000000000000000         1126.762770384980      
   -390.1147438488587     
 v_perp_2=    67392377.10191542     
 b_n=  -2.7016214564283959E-004   -1.320111172210362      
    1.030139860404186     
 b_para_n=    1.346147590557160     
 dxdt=   -3.146700209842697        -2520.537137038531      
    1967.188968620063     
 dudt=    1025225.357118031     
 ---------------------
 rk4
 istep=     16000001
 grad_b=  -0.6787648646347220        0.1667793496617079      
  -0.1236744729645367     
 bsub=   2.9540799688289520E-003  -0.1882810831236646      
    1.421298179779733     
 bsup=    0.000000000000000        -1.007200266599458      
   0.8846061153709164     
 b_abs=    1.202762538990407     
 g=  -1.8494160241453696E-002
 j=    0.000000000000000         209.4434390984771      
   -44.84359340842369     
 v_perp_2=    60214053.20667987     
 b_n=   3.1034297906341770E-004   -1.005800153866859      
   0.8847909420178373     
 b_para_n=    1.202762535509281     
 dxdt=    3.050276155162108        -3095.478681928571      
    2732.606878171789     
 dudt=    5772835.305701087     
 ---------------------
 rk4
 istep=     17000001
 grad_b=   0.3960054406464143       -6.8480638396669666E-002 
  -0.1889135676442534     
 bsub=   3.3335368928502966E-002   0.1586352929353062      
    2.057274555031699     
 bsup=    0.000000000000000        -1.620582670779713      
    1.072866104404604     
 b_abs=    1.396070259550481     
 g=  -7.9409675024226974E-003
 j=    0.000000000000000        -1852.209090160058      
    472.8960846642227     
 v_perp_2=    69891623.60401741     
 b_n=  -1.5196175410767053E-004   -1.621707521190945      
    1.072955309628150     
 b_para_n=    1.396070268834360     
 dxdt=   -2.097295359243786        -2368.400070438411      
    1558.893531569319     
 dudt=    1644190.078485038     
 ---------------------
 rk4
 istep=     18000001
 grad_b=  -0.8161447998134055        0.1471876939271598      
  -0.1353892791455589     
 bsub=   1.5390415044847429E-002  -0.1876210318780692      
    1.444251545858507     
 bsup=    0.000000000000000        -1.039202030381805      
   0.8857182013917939     
 b_abs=    1.214019505750597     
 g=  -1.8297140213861647E-002
 j=    0.000000000000000         314.5074385624388      
   -100.0195482006364     
 v_perp_2=    60777577.42216123     
 b_n=   2.6403610903839690E-004   -1.037542205470786      
   0.8859310081057845     
 b_para_n=    1.214019499151372     
 dxdt=    2.608439103884640        -3096.249292666585      
    2655.030122108253     
 dudt=    5626335.154780607     
 ---------------------
 rk4
 istep=     19000001
 grad_b=   0.4246365734882963       -3.7486657882299601E-002 
  -9.7090649895320721E-002
 bsub=   1.1151263802071225E-002   0.1875823203879580      
    2.152286855218661     
 bsup=    0.000000000000000        -1.550375910295062      
    1.076281773631956     
 b_abs=    1.423923376675954     
 g=  -7.2793735811633748E-003
 j=    0.000000000000000        -42.36242449196153      
   -284.8364495625789     
 v_perp_2=    71285996.67100337     
 b_n=  -7.2946212398202964E-005   -1.551444390166977      
    1.076375270430663     
 b_para_n=    1.423923370042692     
 dxdt=   -1.192767020962372        -1811.194895098541      
    1246.744470678700     
 dudt=    815300.2736272675     
 ---------------------
 rk4
 istep=     20000001
 grad_b=  -0.5302050920536618        5.2129242542479887E-002 
  -4.6008840164432109E-002
 bsub=   6.4418210141702617E-003  -0.2328309020824412      
    1.526512956258072     
 bsup=    0.000000000000000        -1.265455805386329      
   0.9042280281865033     
 b_abs=    1.294259340369128     
 g=  -1.6587021297077880E-002
 j=    0.000000000000000         693.9765653664803      
   -118.9052847149566     
 v_perp_2=    64794596.38335830     
 b_n=   7.8667812241748142E-005   -1.264531528286252      
   0.9043686643552006     
 b_para_n=    1.294259332199680     
 dxdt=   0.8334432192926446        -2956.726688653398      
    2121.207943089786     
 dudt=    2080446.010550532     
 ---------------------
 rk4
 istep=     21000001
 grad_b=   0.4310222681382773        2.3882868353148127E-002 
   4.7167157655278250E-002
 bsub=  -9.3722285474579156E-003   0.1892875772531632      
    2.163170234078172     
 bsup=    0.000000000000000        -1.545106335588260      
    1.076450307085834     
 b_abs=    1.427661326304313     
 g=  -7.2544324499195980E-003
 j=    0.000000000000000         467.2985465493588      
   -306.1975214304753     
 v_perp_2=    71473088.57363506     
 b_n=   4.8063651418858651E-005   -1.546155469757521      
    1.076542315622570     
 b_para_n=    1.427661320420080     
 dxdt=   0.8103651200323099        -1738.083841706977      
    1200.122458767792     
 dudt=   -243212.8550728218     
 ---------------------
 rk4
 istep=     22000001
 grad_b=  -0.6225789768311327       -0.1230620047109714      
   0.1064451652636779     
 bsub=  -9.0970624009122959E-003  -0.2184404065019112      
    1.497404708341529     
 bsup=    0.000000000000000        -1.181218985450751      
   0.8968346209802759     
 b_abs=    1.265209297730597     
 g=  -1.7167789663403325E-002
 j=    0.000000000000000        -99.72514382935000      
   -272.2853935466250     
 v_perp_2=    63340225.25901478     
 b_n=  -2.0013161786953731E-004   -1.180061508543200      
   0.8970022483572425     
 b_para_n=    1.265209287382215     
 dxdt=   -2.050813251518796        -3036.329125326020      
    2316.040995772723     
 dudt=   -4764632.457683351     
 ---------------------
 rk4
 istep=     23000001
 grad_b=   0.3930180293298245        6.1313449199887349E-002 
   0.1587114820926926     
 bsub=  -3.1831061611982597E-002   0.1645127196375148      
    2.089070945405382     
 bsup=    0.000000000000000        -1.595302769220299      
    1.073408314646382     
 b_abs=    1.406892426461369     
 g=  -7.8887047067230810E-003
 j=    0.000000000000000        -1090.482899130241      
    524.0388968998659     
 v_perp_2=    70433292.89163241     
 b_n=   1.2903559315098517E-004   -1.596348067860376      
    1.073492604945862     
 b_para_n=    1.406892437943125     
 dxdt=    1.883476510350435        -2156.747005735840      
    1442.143305160331     
 dudt=   -1290790.736429356     
 ---------------------
 rk4
 istep=     24000001
 grad_b=  -0.5985255163515748       -0.1566654863293238      
   0.1176979342404679     
 bsub=  -1.0563805100446068E-003  -0.2079825061882595      
    1.459602005765839     
 bsup=    0.000000000000000        -1.098101997058792      
   0.8903193598174584     
 b_abs=    1.235922110207923     
 g=  -1.7802739956445521E-002
 j=    0.000000000000000         12.17712190736370      
   -97.57725768120956     
 v_perp_2=    61873983.71129476     
 b_n=  -2.7354023866218741E-004   -1.096931846040001      
   0.8904858960435922     
 b_para_n=    1.235922105863609     
 dxdt=   -2.737001389450129        -3082.222872999611      
    2510.164543727544     
 dudt=   -5606582.059837145     
 ---------------------
 rk4
 istep=     25000001
 grad_b=   6.8998842858212131E-002   0.1227178108056917      
   0.2055441329511300     
 bsub=  -6.9191813410338865E-002   9.1597734919340645E-002 
    1.897558694927742     
 bsup=    0.000000000000000        -1.332221116154733      
    1.041168474491388     
 b_abs=    1.361333653178368     
 g=  -1.1882800114916117E-002
 j=    0.000000000000000         784.7537865194009      
   -356.3898931264168     
 v_perp_2=    68152443.74980241     
 b_n=   2.4588060003313578E-004   -1.332387844309090      
    1.041185480938736     
 b_para_n=    1.361333642810704     
 dxdt=    2.981975474526515        -2368.480981124632      
    1849.660771884081     
 dudt=   -928913.6720775295     
 ---------------------
 rk4
 istep=     26000001
 grad_b=   -1.033334680277479        3.8353760760940880E-002 
  -0.1725887439871456     
 bsub=   6.6538638972781491E-002  -0.1646435863317784      
    1.533630476378533     
 bsup=    0.000000000000000        -1.182847745998645      
   0.9034100101862643     
 b_abs=    1.257050293747480     
 g=  -1.9888180927660554E-002
 j=    0.000000000000000        -215.7605542809803      
   -10.24424775514537     
 v_perp_2=    62931686.08038185     
 b_n=   3.3672850704231985E-005   -1.181105385164789      
   0.9035956016207364     
 b_para_n=    1.257050294295865     
 dxdt=   0.3424716280869111        -3112.802364221652      
    2392.851247657150     
 dudt=    4008168.495682159     
 ---------------------
 rk4
 istep=     27000001
 grad_b=  -0.1665911169570617        0.2041208456220511      
  -0.1061518849628221     
 bsub=  -3.3794637889818464E-002  -0.1583985806549219      
    1.384246472872293     
 bsup=    0.000000000000000       -0.8850553569726562      
   0.9050354184812127     
 b_abs=    1.180315606449605     
 g=  -1.9897906184307930E-002
 j=    0.000000000000000        -196.4389617598503      
    195.3585668539895     
 v_perp_2=    59090104.52570799     
 b_n=   3.8724493757538161E-004  -0.8847140944327275      
   0.9050839324375294     
 b_para_n=    1.180315617436938     
 dxdt=    3.777207494881295        -2892.077991863543      
    2961.243493084412     
 dudt=    5868735.367908484     
 ---------------------
 rk4
 istep=     28000001
 grad_b=   0.3465721800205376       -0.1296168025270751      
  -0.2206452463089172     
 bsub=   5.2142396396486060E-002   6.4560675085699210E-002 
    1.419097611079504     
 bsup=    0.000000000000000       -0.8199916124676401      
    1.076142716814889     
 b_abs=    1.213276710385003     
 g=  -9.1004345525590499E-003
 j=    0.000000000000000        -654.3397865221920      
    508.1630748014153     
 v_perp_2=    60740217.76994730     
 b_n=  -4.8255738146442460E-004  -0.8214229394530732      
    1.076225583504337     
 b_para_n=    1.213276732462668     
 dxdt=   -4.765464336226040        -2475.169498022147      
    3230.637299936078     
 dudt=    2706025.579980957     
 ---------------------
 rk4
 istep=     29000001
 grad_b=  -0.2024365459890222       -2.3387111293399335E-002 
   5.9097663538453055E-002
 bsub=  -3.0902748205715907E-002   1.3334293381247149E-002 
   0.9839967333376964     
 bsup=    0.000000000000000        7.2044820198298498E-002 
    1.017908960949197     
 b_abs=    1.001010464401460     
 g=  -1.5390310055355605E-002
 j=    0.000000000000000        -528.7722661675200      
    48.29775668826551     
 v_perp_2=    50113522.54265551     
 b_n=  -7.8911562045083831E-005   7.2699166794187364E-002 
    1.017897618192305     
 b_para_n=    1.001010466996724     
 dxdt=  -0.7894389403965661         358.3012545941558      
    4969.771897755454     
 dudt=   -1462139.709020472     
 ---------------------
 Elapsed time (seconds):     156.1792650000000     

real	2m36.190s
user	2m35.749s
sys	0m0.033s
>>> [PID 3612374] DONE  u=5000, v_perp=-7000, out=gc_grid/dat74.dat
