>>> [PID 3613819] START u=7000, v_perp=-7000, out=gc_grid/dat78.dat, dt=2e-09, steps=30000000
 outer boundary:   8.3000000000000462E-002
 rk4
 istep=            1
 grad_b=  -0.5028819308877041        4.9315075201823502E-003 
  -7.9823779795164251E-003
 bsub=   8.6925040046874555E-003   4.2252272540917214E-002 
    1.020727331491822     
 bsup=    0.000000000000000        0.5003061629462884      
   0.9181486440521123     
 b_abs=   0.9787596274809610     
 g=  -1.6418765524799213E-002
 j=    0.000000000000000         576.0999626344902      
    59.08927080923638     
 v_perp_2=    48999996.51817336     
 b_n=   2.5006728519786473E-005   0.5026957826345740      
   0.9180495223074101     
 b_para_n=   0.9787596356131556     
 dxdt=   0.2682687791909992         3603.779675982311      
    6565.452543318144     
 dudt=    124338.6777315395     
 ---------------------
 rk4
 istep=      1000001
 grad_b=  -0.4990348119456928        7.9217357370395258E-004 
   1.4343876642169961E-004
 bsub=  -2.7318529013187400E-002   4.4530462114341154E-003 
    1.009031852839683     
 bsup=    0.000000000000000       -0.1422261423842835      
   0.9532046232284401     
 b_abs=   0.9805891690455295     
 g=  -1.7941347513397397E-002
 j=    0.000000000000000         690.7081260614491      
   -341.7718187781106     
 v_perp_2=    49091545.96364310     
 b_n=   3.3871715183018255E-006  -0.1400906174205804      
   0.9531952587035560     
 b_para_n=   0.9805891363661057     
 dxdt=   3.6280639747824889E-002   -991.4680126650683      
    6798.054305431391     
 dudt=   -614.1504426213617     
 ---------------------
 rk4
 istep=      2000001
 grad_b=  -0.8428670908272082        0.1552341822447924      
  -0.1301238579678269     
 bsub=   9.4496447527643978E-003  -0.1613597363524271      
    1.377198359888524     
 bsup=    0.000000000000000       -0.9113762179392833      
   0.8782511039487020     
 b_abs=    1.164607891321792     
 g=  -1.9246470297955905E-002
 j=    0.000000000000000        -5.879948329471233      
    44.63968535611286     
 v_perp_2=    58304090.33654933     
 b_n=   4.8679560762609369E-004  -0.9084483331119939      
   0.8785908132685204     
 b_para_n=    1.164607895134105     
 dxdt=    4.567573266694984        -4903.026447926127      
    4754.480903651141     
 dudt=    5497181.888452890     
 ---------------------
 rk4
 istep=      3000001
 grad_b=   -1.164678454933306       -0.1042326773090560      
   0.1539335650101674     
 bsub=  -2.7980102095713104E-002  -0.1383978748790696      
    1.369289947332178     
 bsup=    0.000000000000000       -0.9003451603452831      
   0.8726358733379982     
 b_abs=    1.148744504716987     
 g=  -2.0082766408308413E-002
 j=    0.000000000000000         745.1991843358938      
    107.0312157572788     
 v_perp_2=    57509876.24772271     
 b_n=  -3.0499533498412894E-004  -0.8963500074787680      
   0.8730334443777096     
 b_para_n=    1.148744507469641     
 dxdt=   -2.889239925267115        -4949.392391866332      
    4837.515979872425     
 dudt=   -4971981.246523554     
 ---------------------
 rk4
 istep=      4000001
 grad_b=  -0.4472380136324403       -1.6477178805362367E-003 
  -2.4234428429281779E-002
 bsub=   3.3184536414829158E-002  -4.3593316463381257E-002 
   0.9269533821611230     
 bsup=    0.000000000000000       -0.2653554472003695      
    1.044058376989917     
 b_abs=   0.9895531310609355     
 g=  -1.5269238108003689E-002
 j=    0.000000000000000         733.5322179713627      
   -128.6176330468267     
 v_perp_2=    49540199.09727018     
 b_n=  -1.2585003522570179E-005  -0.2633400550666811      
    1.044153593505674     
 b_para_n=   0.9895531169300410     
 dxdt=  -0.1337863832533126        -1845.297648165595      
    7345.753223084271     
 dudt=    628980.0451884080     
 ---------------------
 rk4
 istep=      5000001
 grad_b=   0.7994845874737274       -9.1361416387023275E-003 
  -0.1596338837288732     
 bsub=  -1.4097701933172575E-002   6.9196432142571596E-002 
    1.278015540785508     
 bsup=    0.000000000000000        0.1321725340993811      
    1.095063357333214     
 b_abs=    1.186603084700874     
 g=  -9.1930930428335347E-003
 j=    0.000000000000000        -1564.141520106243      
    252.6028379754117     
 v_perp_2=    59405102.16627315     
 b_n=  -3.1633991086579246E-006   0.1270535177650822      
    1.095340496248023     
 b_para_n=    1.186603097148445     
 dxdt=  -2.9308145430990074E-002    644.5653404828333      
    5735.789009016550     
 dudt=    3713107.364317167     
 ---------------------
 rk4
 istep=      6000001
 grad_b=   0.5256538839380085        1.1945271393707803E-002 
  -9.8236482489384047E-002
 bsub=  -6.5248918299308803E-002   0.1564360487908805      
    1.961249781058884     
 bsup=    0.000000000000000       -0.9808019577930640      
    1.068692248640948     
 b_abs=    1.393730307032203     
 g=  -1.0117262779682784E-002
 j=    0.000000000000000         245.5449946505108      
   -140.7804853979539     
 v_perp_2=    69774486.55325016     
 b_n=   1.0971775833436272E-004  -0.9836994289867157      
    1.068927005071786     
 b_para_n=    1.393730298485724     
 dxdt=   0.9351786053240126        -3763.421515849640      
    4075.755387212042     
 dudt=    2095956.237320112     
 ---------------------
 rk4
 istep=      7000001
 grad_b=   0.3736018506655933        0.1017614508431396      
   0.2395887702621151     
 bsub=  -5.1006538786730872E-002   0.1040862835045929      
    1.839146360147831     
 bsup=    0.000000000000000        -1.621542149895033      
    1.057840227368733     
 b_abs=    1.333378404744490     
 g=  -9.3029607383732765E-003
 j=    0.000000000000000         295.9428869868467      
   -228.0324389065854     
 v_perp_2=    66753021.28696532     
 b_n=   5.7354420450060649E-004   -1.624014734342622      
    1.057996057932681     
 b_para_n=    1.333378388683012     
 dxdt=    4.972785740944915        -6819.401834786845      
    4436.116873871491     
 dudt=   -1660212.674356073     
 ---------------------
 rk4
 istep=      8000001
 grad_b=  -0.4778474704964384        0.1499671210972212      
   0.1820997966545282     
 bsub=  -5.2679366519455081E-002  -4.2002255756304910E-002 
    1.101034059149668     
 bsup=    0.000000000000000       -0.5989051217608307      
    1.018740387969438     
 b_abs=    1.071096700820793     
 g=  -1.1478219650187461E-002
 j=    0.000000000000000         404.1873210310173      
   -85.70215706358485     
 v_perp_2=    53622355.39180316     
 b_n=   9.1434211168935184E-004  -0.5961714249949407      
    1.018888411810501     
 b_para_n=    1.071096692321681     
 dxdt=    9.122409150241760        -3697.599002791312      
    6337.503142567891     
 dudt=   -2236420.061015157     
 ---------------------
 rk4
 istep=      9000001
 grad_b=  -0.2612026907800398       -7.5634287303986927E-002 
  -9.1835686100981417E-002
 bsub=   4.5276560748632677E-002  -2.3889222040459124E-002 
   0.9130021178197165     
 bsup=    0.000000000000000       -0.1603155436656555      
    1.152973836251010     
 b_abs=    1.027782897640806     
 g=  -9.6617040210597895E-003
 j=    0.000000000000000         188.7303628862497      
   -113.4995391033550     
 v_perp_2=    51453895.55755462     
 b_n=  -4.9825901238339035E-004  -0.1586768550674494      
    1.153041412232015     
 b_para_n=    1.027782888459442     
 dxdt=   -5.135570476932405        -1047.292073541376      
    7654.190423075750     
 dudt=    2283484.257477627     
 ---------------------
 rk4
 istep=     10000001
 grad_b=   0.6127730550791742       -6.6951996960611604E-002 
  -0.1606425710959368     
 bsub=   1.8988945705310019E-002   0.1175335543579037      
    1.546346690631507     
 bsup=    0.000000000000000       -0.7759831457853139      
    1.108909670184028     
 b_abs=    1.274557646112986     
 g=  -7.7035192791402706E-003
 j=    0.000000000000000         88.37518172406993      
    108.1905142205368     
 v_perp_2=    63808131.68964337     
 b_n=  -4.1378734494962414E-004  -0.7806299201432546      
    1.109267946896582     
 b_para_n=    1.274557654521216     
 dxdt=   -3.669705714014725        -3601.244909459386      
    5090.603331641893     
 dudt=    2478183.147233658     
 ---------------------
 rk4
 istep=     11000001
 grad_b=   0.4250709291118887       -3.8956560289324836E-002 
  -8.5909622789631851E-002
 bsub=   1.9776629448512852E-002   0.1818258929335665      
    2.144549283472724     
 bsup=    0.000000000000000        -1.557322011915349      
    1.075790089007028     
 b_abs=    1.422778628457812     
 g=  -7.4298499514056995E-003
 j=    0.000000000000000         150.1606073747075      
    248.6222560222565     
 v_perp_2=    71228450.19333012     
 b_n=  -2.4445538368899196E-004   -1.560608890276062      
    1.076071034237386     
 b_para_n=    1.422778647291395     
 dxdt=   -2.071624912345832        -5691.262391243404      
    3914.634019598670     
 dudt=    558638.7903951837     
 ---------------------
 rk4
 istep=     12000001
 grad_b=   0.7204541422639448        4.6562989480332578E-002 
   0.1740798376261349     
 bsub=   2.5494427556034278E-002   0.1358169805629926      
    1.664110232698280     
 bsup=    0.000000000000000       -0.7053365889886902      
    1.088758916694853     
 b_abs=    1.310100952457069     
 g=  -8.6053371507790882E-003
 j=    0.000000000000000        -497.6087873125792      
    41.57049938446010     
 v_perp_2=    65587417.66333929     
 b_n=   2.1712241486466716E-004  -0.7101533621085347      
    1.089148713144539     
 b_para_n=    1.310100952526586     
 dxdt=    1.898157973539845        -3107.236698357155      
    4734.743591459526     
 dudt=   -2993762.835963265     
 ---------------------
 rk4
 istep=     13000001
 grad_b=   0.2344410034248735        3.3863523742954746E-002 
   0.1086874404373036     
 bsub=  -3.4018059435906134E-002   2.7713120722061620E-002 
    1.015153088995603     
 bsup=    0.000000000000000        0.1376757851529808      
    1.113483624522513     
 b_abs=    1.065382022038265     
 g=  -1.1578276327907507E-002
 j=    0.000000000000000        -250.4203472557560      
    108.5148267902867     
 v_perp_2=    53336042.19833801     
 b_n=   1.6686299434775584E-004   0.1363899433022673      
    1.113524327307455     
 b_para_n=    1.065382030028045     
 dxdt=    1.671706747432836         850.7540677918660      
    6985.257511084156     
 dudt=   -2952969.552486496     
 ---------------------
 rk4
 istep=     14000001
 grad_b=   -1.043903066864799       -6.7683402956902356E-003 
  -7.2361296921283111E-002
 bsub=  -2.6584226532368974E-003  -7.6153051167942173E-002 
    1.052729830234639     
 bsup=    0.000000000000000       -0.5756981108289069      
   0.9181504528062757     
 b_abs=    1.005120650999423     
 g=  -1.8120267658342664E-002
 j=    0.000000000000000         952.4434865127816      
   -544.1539878105217     
 v_perp_2=    50319141.50452013     
 b_n=  -4.9861928248068555E-005  -0.5713607137586287      
   0.9184640329576758     
 b_para_n=    1.005120593008972     
 dxdt=  -0.5233009100480220        -3909.499172518866      
    6310.943058094888     
 dudt=    1557540.156766216     
 ---------------------
 rk4
 istep=     15000001
 grad_b=  -0.8801055534567175        8.7374883599021902E-002 
  -0.1205205534583505     
 bsub=   4.8726091547975879E-002  -0.2072288387297541      
    1.513241310993696     
 bsup=    0.000000000000000        -1.206934986840230      
   0.8968427458025992     
 b_abs=    1.267769918312993     
 g=  -1.8852082816953934E-002
 j=    0.000000000000000        -74.30260136648477      
   -93.15691107789333     
 v_perp_2=    63468050.51399367     
 b_n=   2.1759030463308529E-004   -1.204244754753696      
   0.8972041446689115     
 b_para_n=    1.267769912277314     
 dxdt=    1.935438904400375        -5570.476747283725      
    4160.275720876684     
 dudt=    4216303.845544882     
 ---------------------
 rk4
 istep=     16000001
 grad_b=  -8.7135459771803703E-002  -0.2030283528694365      
   0.1060766395778674     
 bsub=   3.9024483681690550E-002  -0.1566845841344709      
    1.397269951305930     
 bsup=    0.000000000000000       -0.8874336360712178      
   0.9101441288099016     
 b_abs=    1.187765860968720     
 g=  -1.9773295538899564E-002
 j=    0.000000000000000        -362.1778105919163      
    258.5015070335420     
 v_perp_2=    59462779.45697798     
 b_n=  -6.2174542370122834E-004  -0.8871405771967223      
   0.9101943766654466     
 b_para_n=    1.187765885145750     
 dxdt=   -5.756548357811935        -4635.441285235257      
    4757.315835516389     
 dudt=   -5831654.571314283     
 ---------------------
 rk4
 istep=     17000001
 grad_b=   0.5525725662214388       -0.1038076873342908      
   0.1818116141053466     
 bsub=   2.6644015658997263E-002   8.4431397320846174E-003 
    1.263006800247122     
 bsup=    0.000000000000000        0.2855651440635377      
   0.9839991891211588     
 b_abs=    1.116049939597706     
 g=  -1.3696901113552248E-002
 j=    0.000000000000000         154.1893882245153      
   -89.77084104410694     
 v_perp_2=    55872443.35265371     
 b_n=  -5.2793499949989732E-004   0.2828067383020706      
   0.9840287593060891     
 b_para_n=    1.116049931919712     
 dxdt=   -5.106307661209828         1634.071729865325      
    5722.897372465299     
 dudt=   -3347643.261784015     
 ---------------------
 rk4
 istep=     18000001
 grad_b=  -0.3279356787282516       -1.1853392691477227E-002 
   3.5410254776830227E-002
 bsub=  -3.5100725639480655E-002  -1.2653333697971038E-002 
   0.9580014799039323     
 bsup=    0.000000000000000       -0.1278034349587574      
    1.023405412989301     
 b_abs=   0.9912161827884173     
 g=  -1.5941585080602300E-002
 j=    0.000000000000000         340.5565412607478      
   -5.267991701635339     
 v_perp_2=    49622890.84535339     
 b_n=  -5.0672662524118105E-005  -0.1263496816069850      
    1.023422756716144     
 b_para_n=   0.9912161819177024     
 dxdt=  -0.5379333575364216        -881.3641886829137      
    7181.421498724915     
 dudt=   -953405.0996459796     
 ---------------------
 rk4
 istep=     19000001
 grad_b=   -1.051598940090790        0.1232644596742324      
  -0.1389913220151300     
 bsub=   1.7075353237740672E-002  -0.1351797989996102      
    1.341393821077886     
 bsup=    0.000000000000000       -0.8543041948343774      
   0.8743168666838865     
 b_abs=    1.134940728602617     
 g=  -1.9834563836960965E-002
 j=    0.000000000000000        -169.4471482402723      
    338.7287063782862     
 v_perp_2=    56818073.85872443     
 b_n=   3.8511317646445153E-004  -0.8506037461821545      
   0.8746849058319451     
 b_para_n=    1.134940759862073     
 dxdt=    3.679722805860320        -4795.149012509098      
    4947.180995265592     
 dudt=    5002733.897264838     
 ---------------------
 rk4
 istep=     20000001
 grad_b=   -1.048729605480839       -0.1253673891394410      
   0.1475322105754089     
 bsub=  -2.4071315330053248E-002  -0.1542546822401022      
    1.392936532611011     
 bsup=    0.000000000000000       -0.9320551803952759      
   0.8765248571143837     
 b_abs=    1.168198333810348     
 g=  -1.9517347248324976E-002
 j=    0.000000000000000         504.2350930103495      
    152.7966960849773     
 v_perp_2=    58482994.08515050     
 b_n=  -3.7498175670780371E-004  -0.9284570527116419      
   0.8769168428795621     
 b_para_n=    1.168198341988917     
 dxdt=   -3.510973337368323        -4981.843259948046      
    4720.385483118706     
 dudt=   -5274626.461607182     
 ---------------------
 rk4
 istep=     21000001
 grad_b=  -0.4595074467491188        3.4607598238875544E-003 
  -1.9620784713038797E-002
 bsub=   3.3396543214676618E-002  -3.6662554319279637E-002 
   0.9430534676721614     
 bsup=    0.000000000000000       -0.2628784601270572      
    1.024299984411298     
 b_abs=   0.9876748913650671     
 g=  -1.6057310486154091E-002
 j=    0.000000000000000         679.4900977121006      
   -109.7739386567155     
 v_perp_2=    49445489.58746306     
 b_n=   1.1840891640498494E-005  -0.2608647561304545      
    1.024377838083132     
 b_para_n=   0.9876748793043019     
 dxdt=   0.1260738009449494        -1833.183277357583      
    7227.327984638533     
 dudt=    532401.9352977204     
 ---------------------
 rk4
 istep=     22000001
 grad_b=   0.7747020216634528        2.8963248597401896E-002 
  -0.1681035703234867     
 bsub=  -2.3714533690523044E-002   5.0696897014880241E-002 
    1.263163416041904     
 bsup=    0.000000000000000        0.4030880184765379      
    1.060357358090496     
 b_abs=    1.166026714004885     
 g=  -1.0236447921181146E-002
 j=    0.000000000000000        -1458.715034359479      
    88.63268984310966     
 v_perp_2=    58374181.74692100     
 b_n=   2.1343685642015499E-004   0.3984764315063473      
    1.060546452707629     
 b_para_n=    1.166026716318132     
 dxdt=    2.000976533776914         2132.874975330418      
    5726.210990734390     
 dudt=    3575893.792889894     
 ---------------------
 rk4
 istep=     23000001
 grad_b=   0.2951895578703911        6.5820022574706941E-002 
  -5.6846210422391519E-002
 bsub=  -0.1062989024296337        2.0038919275203640E-002 
    1.797288884955706     
 bsup=    0.000000000000000        -1.087384162697057      
    1.020561321608906     
 b_abs=    1.346321735432216     
 g=  -1.3482394489699552E-002
 j=    0.000000000000000        -572.0562683993028      
    27.86932343721186     
 v_perp_2=    67400142.08820200     
 b_n=   2.8283248461599870E-004   -1.088626233069856      
    1.020591899117880     
 b_para_n=    1.346321736981911     
 dxdt=    2.441919816044489        -4478.524954983498      
    4193.506235091204     
 dudt=    2409316.498182754     
 ---------------------
 rk4
 istep=     24000001
 grad_b=  -0.8844795193576893        7.5170555453065641E-002 
   0.2473047542170681     
 bsub=  -7.2345432101904361E-002  -7.5537639109420254E-002 
    1.582302647258303     
 bsup=    0.000000000000000        -1.154899886446192      
   0.9290015187145764     
 b_abs=    1.247917601130992     
 g=  -1.8754762294716093E-002
 j=    0.000000000000000        -111.1997049970536      
   -29.52492140812718     
 v_perp_2=    62473743.23263579     
 b_n=   2.9381908237010977E-004   -1.151950197242650      
   0.9291557664632301     
 b_para_n=    1.247917599202990     
 dxdt=    2.637277439548671        -5489.636988040377      
    4438.546049113314     
 dudt=   -2866980.824940857     
 ---------------------
 rk4
 istep=     25000001
 grad_b=   -1.105347254942445        4.5437050954656374E-002 
   0.1174488847142766     
 bsub=  -1.4252334142796160E-002  -8.4950605840816179E-002 
    1.084864675216087     
 bsup=    0.000000000000000       -0.6426219185530461      
   0.9091519059349438     
 b_abs=    1.020143808302036     
 g=  -1.7074580117667458E-002
 j=    0.000000000000000        -816.2878041033815      
    681.8393186591097     
 v_perp_2=    51070805.32980136     
 b_n=   2.3904685718213991E-004  -0.6377923726154368      
   0.9095332910623840     
 b_para_n=    1.020143878315098     
 dxdt=    2.478710387098616        -4265.267841738045      
    6109.107757769418     
 dudt=   -1903572.396903563     
 ---------------------
 rk4
 istep=     26000001
 grad_b=   6.6537115568063299E-003  -4.9042584867082809E-002 
  -9.2967641125326267E-002
 bsub=   4.1321680159557866E-002   1.3686742178931066E-004 
   0.9552742570855147     
 bsup=    0.000000000000000        4.4427918943264810E-002 
    1.127239620378468     
 b_abs=    1.037604809795873     
 g=  -1.1444236220921673E-002
 j=    0.000000000000000         310.9478299841459      
   -26.58583947300494     
 v_perp_2=    51944899.33309152     
 b_n=  -2.6987830649183173E-004   4.4369185016485131E-002 
    1.127251300462702     
 b_para_n=    1.037604807694848     
 dxdt=   -2.760552358956021         289.9772083003805      
    7372.761340346194     
 dudt=    2580682.378698192     
 ---------------------
 rk4
 istep=     27000001
 grad_b=   0.7007409843359159       -5.2412793792098289E-002 
  -0.1598173421962488     
 bsub=  -5.0619318693947285E-003   0.1232262906596617      
    1.554386173129320     
 bsup=    0.000000000000000       -0.6297265991529105      
    1.106676619893327     
 b_abs=    1.281890891332925     
 g=  -8.1177110769463413E-003
 j=    0.000000000000000         498.0675287615066      
   -215.0876112492182     
 v_perp_2=    64174376.12937019     
 b_n=  -2.8177571700468615E-004  -0.6346910907399860      
    1.107069259305494     
 b_para_n=    1.281890878632541     
 dxdt=   -2.491148709245625        -2900.980446460410      
    5024.498668372924     
 dudt=    2809125.896050879     
 ---------------------
 rk4
 istep=     28000001
 grad_b=   0.4269841867201274       -6.2393967234687158E-003 
  -3.7509560236319947E-002
 bsub=  -1.2587651596889828E-003   0.1920233783659564      
    2.167182587820363     
 bsup=    0.000000000000000        -1.534093024158607      
    1.076948385366264     
 b_abs=    1.428913309948328     
 g=  -7.1713147927814280E-003
 j=    0.000000000000000         956.6578561412051      
   -406.3540389320468     
 v_perp_2=    71534588.94681762     
 b_n=  -2.3226686267858873E-005   -1.537494007791442      
    1.077249701068563     
 b_para_n=    1.428913286863272     
 dxdt=  -0.1966349799287292        -5551.921067999004      
    3879.841466017805     
 dudt=    539963.0433486473     
 ---------------------
 rk4
 istep=     29000001
 grad_b=   0.6269874249013634        6.1565097602607290E-002 
   0.1661935526219392     
 bsub=   2.9073982967147277E-003   0.1379817804191011      
    1.658245651345938     
 bsup=    0.000000000000000       -0.7900414258380397      
    1.094618920441511     
 b_abs=    1.306607446172672     
 g=  -8.0465232644358550E-003
 j=    0.000000000000000        -104.6838536044883      
   -18.39453930677153     
 v_perp_2=    65411624.81478445     
 b_n=   3.4413282746943757E-004  -0.7945593156774784      
    1.094994246841703     
 b_para_n=    1.306607444196843     
 dxdt=    3.012478454563901        -3491.273008249812      
    4785.721649505095     
 dudt=   -2553277.831794225     
 ---------------------
 Elapsed time (seconds):     158.2632360000000     

real	2m38.275s
user	2m37.931s
sys	0m0.018s
>>> [PID 3613819] DONE  u=7000, v_perp=-7000, out=gc_grid/dat78.dat
