>>> [PID 3612156] START u=4000, v_perp=-7000, out=gc_grid/dat72.dat, dt=2e-09, steps=30000000
 outer boundary:   8.3000000000000462E-002
 rk4
 istep=            1
 grad_b=  -0.5028822487147275        4.9318131678366267E-003 
  -7.9830253088902098E-003
 bsub=   8.6924203779115937E-003   4.2252319631966039E-002 
    1.020727147654477     
 bsup=    0.000000000000000        0.5003121381064730      
   0.9181485883521193     
 b_abs=   0.9787596572857314     
 g=  -1.6418735246304526E-002
 j=    0.000000000000000         576.0999603145706      
    59.09377525428035     
 v_perp_2=    48999998.01030061     
 b_n=   1.4290486405744995E-005   0.5016776381465030      
   0.9180919471481658     
 b_para_n=   0.9787596619329529     
 dxdt=   0.1478311567154675         2058.803865112638      
    3751.708629759692     
 dudt=    124349.1950353960     
 ---------------------
 rk4
 istep=      1000001
 grad_b=  -0.4975424500709703       -6.0779039039793314E-002 
   5.3998311646311303E-002
 bsub=   1.7886532372142262E-002   1.2976365163069308E-002 
    1.080892164406884     
 bsup=    0.000000000000000       -7.8018235878813402E-002 
   0.9190069828150622     
 b_abs=   0.9961243156679233     
 g=  -1.9137688302820532E-002
 j=    0.000000000000000         798.7607995160874      
    299.9158865284201     
 v_perp_2=    49869319.77774454     
 b_n=   1.4228295965043540E-004  -7.9172795299311011E-002 
   0.9190184731951903     
 b_para_n=   0.9961242984270705     
 dxdt=   -1.471224942258489         316.5954968720367      
   -3588.797005467490     
 dudt=   -1366185.029299052     
 ---------------------
 rk4
 istep=      2000001
 grad_b=   0.1538809356086322        0.1826158217314897      
  -0.1365805040155308     
 bsub=  -3.4650736845381593E-002  -5.8819256758541300E-002 
    1.316076857209697     
 bsup=    0.000000000000000       -0.4183337074655773      
   0.9319892344614583     
 b_abs=    1.118789399706051     
 g=  -1.8901965949078201E-002
 j=    0.000000000000000         653.6383412961537      
    164.5474367991740     
 v_perp_2=    56010336.36009560     
 b_n=   3.0797757530346158E-004  -0.4185959016354050      
   0.9319856297014680     
 b_para_n=    1.118789405314865     
 dxdt=    3.396568733033948        -1123.996694033640      
    2497.625678170810     
 dudt=    4557250.647251798     
 ---------------------
 rk4
 istep=      3000001
 grad_b=   2.9355925922360526E-002  -0.1640317594139117      
   8.0618565015699459E-002
 bsub=   6.2230649811162692E-002  -0.1873670954322017      
    1.497357671855845     
 bsup=    0.000000000000000        -1.111848131182777      
   0.9251011325953538     
 b_abs=    1.262285959099686     
 g=  -1.8690880920775709E-002
 j=    0.000000000000000         494.7635413574334      
   -130.4368518501878     
 v_perp_2=    63194243.07464871     
 b_n=   1.0880994132680467E-004   -1.111829757080283      
   0.9250989122972845     
 b_para_n=    1.262285962292933     
 dxdt=   -2.142719147190972         1183.271853515917      
   -984.7858691616754     
 dudt=   -5095602.989589012     
 ---------------------
 rk4
 istep=      4000001
 grad_b=   0.2981402050548526        0.1186650680222868      
  -8.3728507027091198E-002
 bsub=  -9.2707365171746117E-002  -0.1111140712441882      
    1.610988902523620     
 bsup=    0.000000000000000        -1.087144735389782      
   0.9679097816490654     
 b_abs=    1.296212214709103     
 g=  -1.6626900653354114E-002
 j=    0.000000000000000         438.3122457121228      
   -10.70280694301324     
 v_perp_2=    64892691.06070776     
 b_n=   2.2309983053665638E-005   -1.087202701874458      
   0.9679070672843368     
 b_para_n=    1.296212214540078     
 dxdt=    1.710428658953325        -279.1888270060645      
    244.4033170388821     
 dudt=    4056314.578890720     
 ---------------------
 Particle has exited the domain at step       4371540  s =  
   8.3000000729770471E-002
 Elapsed time (seconds):     22.38109900000000     

real	0m22.391s
user	0m22.335s
sys	0m0.015s
>>> [PID 3612156] DONE  u=4000, v_perp=-7000, out=gc_grid/dat72.dat
