>>> [PID 3615261] START u=10000, v_perp=-7000, out=gc_grid/dat84.dat, dt=2e-09, steps=30000000
 outer boundary:   8.3000000000000462E-002
 rk4
 istep=            1
 grad_b=  -0.5028816084364450        4.9312033954724971E-003 
  -7.9817322233191185E-003
 bsub=   8.6925878373039049E-003   4.2252225364202457E-002 
    1.020727515242906     
 bsup=    0.000000000000000        0.5003001814242449      
   0.9181487001465110     
 b_abs=   0.9787595976787049     
 g=  -1.6418795809291755E-002
 j=    0.000000000000000         576.0999759453690      
    59.08478687583951     
 v_perp_2=    48999995.02617197     
 b_n=   3.5721591096619851E-005   0.5037139161694076      
   0.9180070981708121     
 b_para_n=   0.9787596092954961     
 dxdt=   0.4543851336286658         5154.996895439966      
    9378.936542284229     
 dudt=    124328.1786678385     
 ---------------------
 rk4
 istep=      1000001
 grad_b=   0.5725060379971733       -8.5202199480285179E-002 
  -0.1757764984220845     
 bsub=   3.4050109147699847E-002   9.9071609570680397E-002 
    1.471795563156488     
 bsup=    0.000000000000000       -0.7646322321801335      
    1.108777036435642     
 b_abs=    1.246952654777761     
 g=  -7.8648926965088316E-003
 j=    0.000000000000000        -526.5731422257614      
   -4.019229081803040     
 v_perp_2=    62426533.07663505     
 b_n=  -8.5953304152562972E-004  -0.7713868523817192      
    1.109251594593722     
 b_para_n=    1.246952650208408     
 dxdt=   -8.726031276555105        -5774.090695026080      
    8278.268095132378     
 dudt=    2604609.612660015     
 ---------------------
 rk4
 istep=      2000001
 grad_b=  -0.9707722152516413       -0.1274420637047792      
   0.1460560619448369     
 bsub=  -3.0387331019970161E-002  -0.1836547385227247      
    1.458521505759579     
 bsup=    0.000000000000000        -1.064095320521638      
   0.8854619806081185     
 b_abs=    1.219401143799244     
 g=  -1.8726945047968135E-002
 j=    0.000000000000000         268.4896603436894      
   -105.8296882665022     
 v_perp_2=    61047098.98947701     
 b_n=  -5.6040695427631265E-004   -1.059122183345191      
   0.8860765004081772     
 b_para_n=    1.219401126912224     
 dxdt=   -5.805819104352803        -8132.354065136399      
    6816.386823811919     
 dudt=   -5438560.708603302     
 ---------------------
 rk4
 istep=      3000001
 grad_b=   0.6559563540707181        2.6759546204636702E-002 
   0.1477717673248227     
 bsub=  -1.0511308514570182E-002   6.2477566615728168E-002 
    1.168755919043930     
 bsup=    0.000000000000000        0.1047533678659244      
    1.112619837455029     
 b_abs=    1.143485963065890     
 g=  -9.6399374691389234E-003
 j=    0.000000000000000         746.6882793998204      
   -190.8270117334267     
 v_perp_2=    57246427.37023962     
 b_n=   1.7524348549156866E-004   9.8646142483446414E-002 
    1.112947867618547     
 b_para_n=    1.143485946079433     
 dxdt=    1.925936887261455         810.3840866551349      
    9323.852929888042     
 dudt=   -3660462.512160300     
 ---------------------
 rk4
 istep=      4000001
 grad_b=   0.8083578037648272        2.2387089842490715E-002 
  -0.1612999194172347     
 bsub=  -5.6840355363974859E-002   6.6791308224900273E-002 
    1.510539650284194     
 bsup=    0.000000000000000       -0.3786571258385505      
    1.052040558429949     
 b_abs=    1.250651374506581     
 g=  -1.0477943103093846E-002
 j=    0.000000000000000         291.3547209490309      
   -147.4287355300934     
 v_perp_2=    62611350.09408258     
 b_n=   2.6455371133736846E-004  -0.3858472604762865      
    1.052368425341098     
 b_para_n=    1.250651358629712     
 dxdt=    2.678582472988745        -2886.891066834738      
    7821.839947514258     
 dudt=    3566060.456034862     
 ---------------------
 rk4
 istep=      5000001
 grad_b=  -0.6139310766953194        6.7208253691425322E-003 
  -5.9097944417213506E-002
 bsub=   6.1980405393350452E-002  -0.2144010638711904      
    1.545558815174987     
 bsup=    0.000000000000000        -1.275020009500017      
   0.9134338029729904     
 b_abs=    1.297928026813008     
 g=  -1.8634260913161164E-002
 j=    0.000000000000000         214.0570924564225      
   -23.75782485709857     
 v_perp_2=    64978029.54070660     
 b_n=  -6.9747614457808207E-006   -1.272132603556834      
   0.9138346208056074     
 b_para_n=    1.297928020903507     
 dxdt=  -6.8304493579897180E-002   -8976.290192689048      
    6454.863757901233     
 dudt=    1206345.170393615     
 ---------------------
 rk4
 istep=      6000001
 grad_b=  -0.8568432606844794        2.4558183801947110E-002 
   3.8366243981480988E-002
 bsub=  -9.9039593017885433E-004  -9.1749552080985897E-002 
   0.9404083840611006     
 bsup=    0.000000000000000       -0.4721448849276649      
   0.9958083533149229     
 b_abs=   0.9902334944751947     
 g=  -1.4674730381338045E-002
 j=    0.000000000000000         148.1387791162379      
    181.1285508871401     
 v_perp_2=    49573878.16926315     
 b_n=   1.9294105314203563E-004  -0.4663037105914860      
   0.9963784641046436     
 b_para_n=   0.9902335154293354     
 dxdt=    2.427191209275997        -4680.832909969859      
    10034.57315860702     
 dudt=   -672665.1398703011     
 ---------------------
 rk4
 istep=      7000001
 grad_b=  -0.5521938998578584       -3.9653614237753487E-003 
   4.6784271802752242E-003
 bsub=  -3.1203007694931277E-002  -3.6743129108726971E-002 
   0.9625935585535349     
 bsup=    0.000000000000000       -0.3068815820299677      
   0.9975639685396207     
 b_abs=   0.9854837842493425     
 g=  -1.6971780283847375E-002
 j=    0.000000000000000         2.103331021270094      
   -55.11053779790957     
 v_perp_2=    49335991.02001288     
 b_n=  -2.3096831517537734E-005  -0.3035144935404283      
   0.9976917375239804     
 b_para_n=   0.9854837770699727     
 dxdt=  -0.2918882922811782        -3066.231924656094      
    10107.17625271270     
 dudt=   -149452.1287440943     
 ---------------------
 rk4
 istep=      8000001
 grad_b=   0.4364932020173160       -1.2943741351070539E-002 
  -6.8325291045018971E-002
 bsub=  -3.1574519871278130E-003   0.1899038750819107      
    2.154901949057664     
 bsup=    0.000000000000000        -1.503196290273569      
    1.074864244301334     
 b_abs=    1.425464898551861     
 g=  -7.2596052942784928E-003
 j=    0.000000000000000         1536.074075347757      
   -114.4392481934494     
 v_perp_2=    71362513.52440050     
 b_n=  -9.3216979978179060E-005   -1.509072567017774      
    1.075381964869601     
 b_para_n=    1.425464901122942     
 dxdt=  -0.8410166241303098        -9344.710975898532      
    6648.719889791685     
 dudt=    947955.0668957345     
 ---------------------
 rk4
 istep=      9000001
 grad_b=  -0.8356219668187052       -1.4222193826373481E-002 
   3.9110221347866819E-002
 bsub=   1.9818446240877169E-002  -5.0709273142157375E-002 
    1.028157948496830     
 bsup=    0.000000000000000       -0.4768505718734801      
   0.9365941863843078     
 b_abs=   0.9935770889941734     
 g=  -1.8644350667336454E-002
 j=    0.000000000000000        -156.1750750891304      
   -369.9428022169567     
 v_perp_2=    49740988.28952920     
 b_n=  -7.1574416930257303E-005  -0.4719810034371363      
   0.9368356878715237     
 b_para_n=   0.9935770395807934     
 dxdt=  -0.8975243683740473        -4720.454171832575      
    9394.526786665754     
 dudt=   -1093687.845551739     
 ---------------------
 rk4
 istep=     10000001
 grad_b=  -0.6861868379370843        2.1199491560645878E-004 
   4.2279532554415078E-004
 bsub=  -8.9000164124853464E-003  -8.8431230985268214E-002 
   0.8638059432930567     
 bsup=    0.000000000000000       -0.4173605968785568      
    1.079825071279459     
 b_abs=   0.9842886627590931     
 g=  -1.2267201426703660E-002
 j=    0.000000000000000        -666.9765751677822      
    339.7819929857573     
 v_perp_2=    49275880.91387606     
 b_n=   1.9383664495026320E-006  -0.4121503961010076      
    1.080358534538799     
 b_para_n=   0.9842887105235508     
 dxdt=   2.4524557550035509E-002   -4168.451740056474      
    10962.21918537298     
 dudt=   -9360.216650089202     
 ---------------------
 rk4
 istep=     11000001
 grad_b=  -0.2609807595788516        0.1572086648953422      
  -8.5058025916151719E-002
 bsub=  -3.3243825485590781E-002  -0.2188585621357724      
    1.471694895154389     
 bsup=    0.000000000000000        -1.155775858938445      
   0.9025467923660215     
 b_abs=    1.257555788307121     
 g=  -1.8342839805715667E-002
 j=    0.000000000000000        -79.13473230998747      
    92.59242461351215     
 v_perp_2=    62956199.17943835     
 b_n=   7.1170432916166078E-004   -1.154481530744444      
   0.9027553610553528     
 b_para_n=    1.257555800150246     
 dxdt=    7.170207239201859        -8512.190854583909      
    6659.464512442400     
 dudt=    5144700.650478742     
 ---------------------
 rk4
 istep=     12000001
 grad_b=   0.7786657258815504       -9.7340665905764831E-004 
   0.1724266279068396     
 bsub=   6.8786740618473674E-002   9.9471753669999149E-002 
    1.699700835448869     
 bsup=    0.000000000000000       -0.7797404459719761      
    1.057855129867382     
 b_abs=    1.311519410393080     
 g=  -1.0274751269396355E-002
 j=    0.000000000000000        -1885.610714936616      
    14.97666045086196     
 v_perp_2=    65657612.19995870     
 b_n=  -1.0162648048836255E-004  -0.7868286013243331      
    1.058274054744170     
 b_para_n=    1.311519399082175     
 dxdt=  -0.9860465347355489        -5496.379430351866      
    7367.567324850118     
 dudt=   -3495737.001496783     
 ---------------------
 rk4
 istep=     13000001
 grad_b=   0.3593311493325121       -2.4257661378984288E-002 
  -0.1192241746997076     
 bsub=   2.7204246621113190E-002   3.9549811499423625E-002 
    1.052262249753157     
 bsup=    0.000000000000000        0.1946265492465574      
    1.105784283972882     
 b_abs=    1.082213005410714     
 g=  -1.1387771848166100E-002
 j=    0.000000000000000        -753.2207933671455      
    152.8979848302570     
 v_perp_2=    54177924.77304497     
 b_n=  -1.5895040408321067E-004   0.1917136297005093      
    1.105897891633609     
 b_para_n=    1.082213019740345     
 dxdt=   -1.838812302511248         1717.535717608974      
    9951.069213329216     
 dudt=    3158516.165069194     
 ---------------------
 rk4
 istep=     14000001
 grad_b=   -1.219542846122735        8.9740017602149114E-002 
  -0.1531251980606895     
 bsub=   2.6535252448664257E-002  -0.1239744027315172      
    1.339325431368593     
 bsup=    0.000000000000000       -0.8662195209879389      
   0.8721971036785744     
 b_abs=    1.129463246806399     
 g=  -2.0206284519011426E-002
 j=    0.000000000000000         758.6071285611531      
    53.56360596615209     
 v_perp_2=    56543255.32859665     
 b_n=   3.9495504896489887E-004  -0.8598612020030901      
   0.8727778333889222     
 b_para_n=    1.129463244595815     
 dxdt=    4.390519778161203        -7303.691999070502      
    7431.718599860757     
 dudt=    4682596.613430856     
 ---------------------
 rk4
 istep=     15000001
 grad_b=   0.4973757447173997        7.9633560434980294E-002 
   0.1900943439782144     
 bsub=  -4.0908730977629135E-002   0.1091830536659914      
    1.635628348349464     
 bsup=    0.000000000000000        -1.125758891705233      
    1.082761377428102     
 b_abs=    1.284347148709806     
 g=  -8.3638562349585104E-003
 j=    0.000000000000000         610.3208192184309      
   -507.2043461994316     
 v_perp_2=    64296944.61909483     
 b_n=   7.6413856282556939E-004   -1.131490429469392      
    1.083163042549762     
 b_para_n=    1.284347092747788     
 dxdt=    7.553955321201578        -8123.668296534473      
    7762.866045879397     
 dudt=   -2264233.316305894     
 ---------------------
 rk4
 istep=     16000001
 grad_b=  -0.4268890632620527       -3.6271499743359345E-002 
   6.6438626081189930E-002
 bsub=  -4.2730582821509325E-003   3.9452767849382897E-002 
    1.024632832426071     
 bsup=    0.000000000000000        0.9211062122463033      
   0.9208804164520962     
 b_abs=   0.9900290622932693     
 g=  -1.4317868604259591E-002
 j=    0.000000000000000         14.91935524899918      
    38.36539192584616     
 v_perp_2=    49562719.68924098     
 b_n=  -2.9575273650271291E-004   0.9243555762773948      
   0.9207540737406595     
 b_para_n=   0.9900290676296594     
 dxdt=   -3.721284969372061         9318.500666378230      
    9273.751827968463     
 dudt=   -702163.2974843900     
 ---------------------
 rk4
 istep=     17000001
 grad_b=   0.5487769519076896       -6.7228415088602500E-002 
  -0.1648213042409240     
 bsub=   2.3344410456774711E-002   0.1256303001451961      
    1.641771043099645     
 bsup=    0.000000000000000       -0.9763177242608135      
    1.093571490619152     
 b_abs=    1.293934943261867     
 g=  -7.7592880165820791E-003
 j=    0.000000000000000         1157.396913515625      
    127.9263131591888     
 v_perp_2=    64776710.81287684     
 b_n=  -6.6267251733314833E-004  -0.9830045183774860      
    1.094092614923049     
 b_para_n=    1.293934968874332     
 dxdt=   -6.507474615061623        -6990.267013934138      
    7761.350106504777     
 dudt=    2217062.397642110     
 ---------------------
 rk4
 istep=     18000001
 grad_b=   -1.136912664116541       -0.1095036632432652      
   0.1512466765463501     
 bsub=  -2.6196780464895503E-002  -0.1398342414602159      
    1.372142885577140     
 bsup=    0.000000000000000       -0.9018848559129491      
   0.8750968045514758     
 b_abs=    1.151908973538720     
 g=  -1.9847001487411649E-002
 j=    0.000000000000000         623.9609694393218      
    164.7829627423205     
 v_perp_2=    57666528.73270640     
 b_n=  -4.9014427821136820E-004  -0.8959773090395101      
   0.8756894923008600     
 b_para_n=    1.151908986686287     
 dxdt=   -5.350257757780243        -7418.035699008052      
    7266.741910875584     
 dudt=   -5022090.210860787     
 ---------------------
 rk4
 istep=     19000001
 grad_b=   0.3944871696988156        3.4710921555931418E-002 
   0.1260234420152950     
 bsub=  -2.7709587635856278E-002   4.3206612456698018E-002 
    1.067148857458083     
 bsup=    0.000000000000000        0.1239348748429577      
    1.114705478927920     
 b_abs=    1.092958835197997     
 g=  -1.0814719413335731E-002
 j=    0.000000000000000        -488.6157827959476      
    291.6989432603836     
 v_perp_2=    54715270.68313599     
 b_n=   2.4844805653778679E-004   0.1205971754845241      
    1.114847098314655     
 b_para_n=    1.092958866206371     
 dxdt=    2.847709809107660         1062.801962467527      
    9904.856163146473     
 dudt=   -3315745.803186667     
 ---------------------
 rk4
 istep=     20000001
 grad_b=   0.7476829104537718        4.0398478808250177E-002 
  -0.1625608905952928     
 bsub=  -8.1549327567566970E-002   4.8361710179226830E-002 
    1.636861930928707     
 bsup=    0.000000000000000       -0.7268838888397215      
    1.030362297225192     
 b_abs=    1.284874124301894     
 g=  -1.1942568948081114E-002
 j=    0.000000000000000        -684.2817186436163      
    42.85261485572110     
 v_perp_2=    64322746.31143388     
 b_n=   3.6126412271623363E-004  -0.7327949464189550      
    1.030554942177233     
 b_para_n=    1.284874127016869     
 dxdt=    3.569994723680708        -5264.216951447112      
    7381.162751319522     
 dudt=    3835088.717609188     
 ---------------------
 rk4
 istep=     21000001
 grad_b=  -0.3806455728352665       -5.2826401178867652E-002 
  -3.6569109373908705E-002
 bsub=   8.2724505396724629E-002  -0.1797377549541380      
    1.589142095622678     
 bsup=    0.000000000000000        -1.260469791041074      
   0.9372409945777972     
 b_abs=    1.309897663686464     
 g=  -1.8271441475898938E-002
 j=    0.000000000000000         272.8295999484805      
   -436.7964855406915     
 v_perp_2=    65575328.69236808     
 b_n=  -2.7589758678772636E-004   -1.258635331393565      
   0.9374627979183332     
 b_para_n=    1.309897611678883     
 dxdt=   -2.679880860687619        -8771.239643008315      
    6537.389090631685     
 dudt=   -617446.9463548732     
 ---------------------
 rk4
 istep=     22000001
 grad_b=  -0.6272827571597570       -3.4566620018771088E-003 
  -6.7076598005954835E-003
 bsub=   1.9421528008832855E-002  -7.5781087763255608E-002 
   0.8949246191772294     
 bsup=    0.000000000000000       -0.3854890982985590      
    1.053670032975627     
 b_abs=   0.9856027610209722     
 g=  -1.3939185418177858E-002
 j=    0.000000000000000        -342.6756550346562      
    268.7650046983019     
 v_perp_2=    49340592.76647309     
 b_n=  -2.7779844202749779E-005  -0.3811603853986392      
    1.054037225449146     
 b_para_n=   0.9856027970246621     
 dxdt=  -0.3510295175143880        -3849.836765707598      
    10677.03382788670     
 dudt=    145651.7507836118     
 ---------------------
 rk4
 istep=     23000001
 grad_b=  -0.7952127765940390        4.9620554388564893E-003 
  -2.9575594531321397E-002
 bsub=  -2.1499603588673685E-002  -5.3142239975746380E-002 
    1.004030925004734     
 bsup=    0.000000000000000       -0.4449159751288883      
   0.9536481900166722     
 b_abs=   0.9905423985459164     
 g=  -1.8107359130299573E-002
 j=    0.000000000000000        -107.7942779267030      
   -258.1226939860510     
 v_perp_2=    49587772.26455842     
 b_n=   2.0022265961468766E-005  -0.4402247106101498      
   0.9538968887696583     
 b_para_n=   0.9905423646890945     
 dxdt=   0.2518043890121064        -4419.421880592321      
    9602.327705821701     
 dudt=    768510.1048563072     
 ---------------------
 rk4
 istep=     24000001
 grad_b=   0.4274233760433174        3.0545302090470104E-002 
   7.8667321368265736E-002
 bsub=  -8.8850843530129866E-003   0.1890458153986869      
    2.158302261631456     
 bsup=    0.000000000000000        -1.546237693611436      
    1.076446040796643     
 b_abs=    1.425927543344261     
 g=  -7.2538821170002052E-003
 j=    0.000000000000000         210.4572069127820      
   -371.0593223276142     
 v_perp_2=    71383562.99953139     
 b_n=   3.1903615485005598E-004   -1.552006766691904      
    1.076952638963948     
 b_para_n=    1.425927499991773     
 dxdt=    2.877577130886537        -9605.384174658057      
    6655.335446855002     
 dudt=   -657407.4471520151     
 ---------------------
 rk4
 istep=     25000001
 grad_b=  -0.6026491687498234        5.6056501040716716E-004 
   5.5590767899513505E-003
 bsub=   2.9549726054221466E-002  -3.2015274722785918E-002 
   0.9833430366364232     
 bsup=    0.000000000000000       -0.3263422065824003      
   0.9747205180476778     
 b_abs=   0.9841121779592803     
 g=  -1.7731541756722119E-002
 j=    0.000000000000000        -261.3231215098361      
   -34.76753490255612     
 v_perp_2=    49265693.45410538     
 b_n=   4.4364080190716903E-006  -0.3227358491242583      
   0.9748377955194693     
 b_para_n=   0.9841121744587761     
 dxdt=   5.6139724266097396E-002   -3266.063450706695      
    9892.884649769463     
 dudt=   -133165.7842458010     
 ---------------------
 rk4
 istep=     26000001
 grad_b=  -0.8278559636048155       -6.1277910957171305E-002 
  -7.1010820483240644E-002
 bsub=   2.3625054083534547E-002  -9.3309345329899013E-002 
   0.9244480277219852     
 bsup=    0.000000000000000       -0.5263591420707312      
    1.026468058186644     
 b_abs=   0.9992736308607217     
 g=  -1.2384418552146682E-002
 j=    0.000000000000000         561.9635202480288      
   -372.1158506474621     
 v_perp_2=    50024589.79692993     
 b_n=  -5.3252791431385486E-004  -0.5199321940370730      
    1.027130316538237     
 b_para_n=   0.9992735789357113     
 dxdt=   -6.641604503521380        -5160.207892968552      
    10227.64303615298     
 dudt=    1017882.432211079     
 ---------------------
 rk4
 istep=     27000001
 grad_b=  -0.3927544112957120        8.2807467910424579E-002 
  -4.9896371778554424E-002
 bsub=  -2.6847670429993739E-002  -0.2357683204562345      
    1.509859337232578     
 bsup=    0.000000000000000        -1.248878263362850      
   0.9036694446991805     
 b_abs=    1.288014059512291     
 g=  -1.7394104349555572E-002
 j=    0.000000000000000        -418.3553605231255      
   -61.46221757185966     
 v_perp_2=    64479111.10155454     
 b_n=   3.7750760132830596E-004   -1.246897356345185      
   0.9039854813365175     
 b_para_n=    1.288014059937434     
 dxdt=    3.722365427606748        -8894.650113490192      
    6453.284191175158     
 dudt=    2885980.239827422     
 ---------------------
 rk4
 istep=     28000001
 grad_b=   0.8014603726551074        5.3521293435976874E-003 
   0.1634122961021635     
 bsub=   4.7550022252868855E-002   9.2061506854133099E-002 
    1.545653241348672     
 bsup=    0.000000000000000       -0.5017630098332657      
    1.072600270042170     
 b_abs=    1.269792755926298     
 g=  -9.4086052331026730E-003
 j=    0.000000000000000        -228.7107084272885      
   -110.8482107453263     
 v_perp_2=    63566807.91939262     
 b_n=  -4.3161867471492447E-005  -0.5096096084337678      
    1.073068941545405     
 b_para_n=    1.269792741427478     
 dxdt=  -0.4310651789550333        -3730.771899482694      
    7812.295531251668     
 dudt=   -3402130.215952106     
 ---------------------
 rk4
 istep=     29000001
 grad_b=   0.6321517105220269       -1.7618246146169306E-002 
  -0.1449219432369586     
 bsub=   9.4020534481653664E-003   5.7958529004759035E-002 
    1.147201996945819     
 bsup=    0.000000000000000        0.2325231783933576      
    1.102060174205703     
 b_abs=    1.130379587452283     
 g=  -1.0151219567865620E-002
 j=    0.000000000000000         916.7184432796851      
   -295.3769936704862     
 v_perp_2=    56587579.93611082     
 b_n=  -9.1585442594833923E-005   0.2268898731892492      
    1.102345500792187     
 b_para_n=    1.130379559192311     
 dxdt=   -1.017341699913957         1914.881684291712      
    9375.469591746425     
 dudt=    3627290.077294358     
 ---------------------
 Elapsed time (seconds):     153.7125270000000     

real	2m33.723s
user	2m33.447s
sys	0m0.022s
>>> [PID 3615261] DONE  u=10000, v_perp=-7000, out=gc_grid/dat84.dat
