>>> [PID 3614960] START u=9000, v_perp=-7000, out=gc_grid/dat82.dat, dt=2e-09, steps=30000000
 outer boundary:   8.3000000000000462E-002
 rk4
 istep=            1
 grad_b=  -0.5028817164339764        4.9313046011596057E-003 
  -7.9819473005885572E-003
 bsub=   8.6925598702269832E-003   4.2252241099292612E-002 
    1.020727454002132     
 bsup=    0.000000000000000        0.5003021759717938      
   0.9181486814045540     
 b_abs=   0.9787596076125108     
 g=  -1.6418785713794546E-002
 j=    0.000000000000000         576.0999702872189      
    59.08627924132257     
 v_perp_2=    48999995.52349181     
 b_n=   3.2150122921319162E-005   0.5033745395433183      
   0.9180212394713513     
 b_para_n=   0.9787596180678115     
 dxdt=   0.3850494891448522         4637.231005314524      
    8441.137421629965     
 dudt=    124331.6763290485     
 ---------------------
 rk4
 istep=      1000001
 grad_b=  -3.7356938161888426E-002  -0.1070314998275811      
  -0.1205970857396022     
 bsub=   8.4503488923699910E-002   9.1089220928056658E-002 
    1.919691492182103     
 bsup=    0.000000000000000        -1.146408623962160      
    1.042704922849919     
 b_abs=    1.377452313864398     
 g=  -1.2597521547777955E-002
 j=    0.000000000000000        -804.9592079819504      
   -133.1823830538768     
 v_perp_2=    68959789.70194761     
 b_n=  -6.6503790627979161E-004   -1.146198304626070      
    1.042724204941636     
 b_para_n=    1.377452296055102     
 dxdt=   -5.902780285411906        -6500.491208063791      
    5914.328421002077     
 dudt=    55341.21222447329     
 ---------------------
 rk4
 istep=      2000001
 grad_b=   0.7220983315427748       -5.4873226995216511E-002 
  -0.1620681927236088     
 bsub=   9.5318130626933714E-003   8.5379753174659373E-002 
    1.299293489843040     
 bsup=    0.000000000000000       -0.3102778263980877      
    1.129968673867303     
 b_abs=    1.200778310967174     
 g=  -8.2728672798285177E-003
 j=    0.000000000000000        -679.8464365075289      
    27.20048719229780     
 v_perp_2=    60114829.86834816     
 b_n=  -4.2127521154063926E-004  -0.3171679850423931      
    1.130424531983765     
 b_para_n=    1.200778309236681     
 dxdt=   -4.194318324213193        -2228.732548163758      
    7871.301922932731     
 dudt=    3462678.785689348     
 ---------------------
 rk4
 istep=      3000001
 grad_b=  -0.8996894979922785       -3.9068554358949294E-003 
   4.4250162350476435E-002
 bsub=   1.4957607929620805E-002  -6.3092661063816446E-002 
    1.021247418184900     
 bsup=    0.000000000000000       -0.4987099883738297      
   0.9399664147651717     
 b_abs=   0.9957935522626901     
 g=  -1.8191276558282159E-002
 j=    0.000000000000000         910.8509242658856      
   -593.4552224267970     
 v_perp_2=    49852560.71789896     
 b_n=  -6.2201129492451951E-006  -0.4939359533366798      
   0.9402613689398798     
 b_para_n=   0.9957934735083008     
 dxdt=  -7.3312528035346936E-002   -4427.298286794303      
    8454.083271570134     
 dudt=   -1094529.480369477     
 ---------------------
 rk4
 istep=      4000001
 grad_b=   -1.066925945175845        0.1206475800418452      
  -0.1531429863147888     
 bsub=   3.1136818463865214E-002  -0.1656906660112150      
    1.427065184857716     
 bsup=    0.000000000000000       -0.9958658129579820      
   0.8793612296929203     
 b_abs=    1.191665580409451     
 g=  -1.9389991462649435E-002
 j=    0.000000000000000         581.0874047743606      
    27.12493470800339     
 v_perp_2=    59658428.52840848     
 b_n=   4.6777282815692670E-004  -0.9910292515937142      
   0.8799125729655035     
 b_para_n=    1.191665575939399     
 dxdt=    4.688306903842017        -6960.467119041460      
    6194.504099671785     
 dudt=    5352570.518856736     
 ---------------------
 rk4
 istep=      5000001
 grad_b=  -0.2584343767162363        4.2940565910336244E-002 
   6.3342954033647592E-002
 bsub=  -3.9425240770761094E-002  -3.4642119354585006E-002 
   0.8987101848443697     
 bsup=    0.000000000000000       -5.7627256046792530E-002 
    1.134756099910318     
 b_abs=    1.010618260365098     
 g=  -1.1274258704566033E-002
 j=    0.000000000000000        -202.8441810517866      
    202.9368252415316     
 v_perp_2=    50594569.05657724     
 b_n=   3.3019051083117408E-004  -5.5767188419594209E-002 
    1.134842308436655     
 b_para_n=    1.010618282089919     
 dxdt=    3.838929640264428        -486.4935660171369      
    10006.54099984944     
 dudt=   -1719036.880490389     
 ---------------------
 rk4
 istep=      6000001
 grad_b=  -0.6578715285397374        0.1506712506493920      
   0.3025242915526416     
 bsub=  -5.5579666198615083E-002  -3.6864908002173472E-002 
    1.458825054782660     
 bsup=    0.000000000000000        -1.180098332828840      
   0.9308300045624222     
 b_abs=    1.183791850416523     
 g=  -1.5737764237870887E-002
 j=    0.000000000000000        -723.7484499319769      
    627.9223186702900     
 v_perp_2=    59264082.90858969     
 b_n=   9.2140601503541231E-004   -1.176336643334021      
   0.9309602284197630     
 b_para_n=    1.183791924796078     
 dxdt=    9.288607394172198        -8346.301502702860      
    6614.563430127670     
 dudt=   -2194690.781773540     
 ---------------------
 rk4
 istep=      7000001
 grad_b=  -0.8319185999164209        4.8073569184887824E-002 
  -5.6473194741310753E-002
 bsub=  -1.7054280363151909E-002  -4.4242755296708999E-002 
    1.080164909760914     
 bsup=    0.000000000000000       -0.5211976506228659      
   0.9101715529815262     
 b_abs=    1.003280625721789     
 g=  -1.9599321672529917E-002
 j=    0.000000000000000        -374.8518659963370      
    119.9364417081936     
 v_perp_2=    50227081.92333435     
 b_n=   2.3410936995859997E-004  -0.5169370589862278      
   0.9103497757520569     
 b_para_n=    1.003280642768682     
 dxdt=    2.740237395243879        -4590.020643420636      
    8104.763742109604     
 dudt=    1907550.195203181     
 ---------------------
 rk4
 istep=      8000001
 grad_b=   0.8354707793606939       -2.9250544733765010E-003 
   0.1642895029142316     
 bsub=   2.4366436515379744E-002   6.5734896035749488E-002 
    1.314976848065816     
 bsup=    0.000000000000000        0.1291006295510571      
    1.081358249872964     
 b_abs=    1.195860217652982     
 g=  -9.4514822328815393E-003
 j=    0.000000000000000        -985.6544129435497      
   -82.97231003171581     
 v_perp_2=    59868080.25306876     
 b_n=  -9.4931544073070223E-005   0.1220054550124170      
    1.081714680250589     
 b_para_n=    1.195860204265488     
 dxdt=  -0.9485459267022734         833.1838493547012      
    7576.196845031488     
 dudt=   -3710726.059776878     
 ---------------------
 rk4
 istep=      9000001
 grad_b=   0.4348539381113703       -1.1124901451070854E-002 
  -6.1057246567664494E-002
 bsub=  -2.4503895357424373E-003   0.1906980834984023      
    2.159098636495272     
 bsup=    0.000000000000000        -1.513920541200013      
    1.075606997862863     
 b_abs=    1.426605939717456     
 g=  -7.2247059286829011E-003
 j=    0.000000000000000         1373.744802042098      
   -199.6291367128641     
 v_perp_2=    71419751.84600458     
 b_n=  -6.7395857539746584E-005   -1.519032439905366      
    1.076058414116141     
 b_para_n=    1.426605931359788     
 dxdt=  -0.5819957890270286        -8166.362369579058      
    5774.554393888485     
 dudt=    856800.0604768114     
 ---------------------
 rk4
 istep=     10000001
 grad_b=   0.7021936117482448        3.8127323483174401E-003 
  -0.1514849916902305     
 bsub=  -5.0833910083478047E-003   5.5598287884686917E-002 
    1.178816945710236     
 bsup=    0.000000000000000        0.4395515250652774      
    1.079872206407771     
 b_abs=    1.139260497914425     
 g=  -1.0240532489339789E-002
 j=    0.000000000000000         214.4626821639626      
   -232.7417859342950     
 v_perp_2=    57034379.08591335     
 b_n=   8.6844543807391923E-005   0.4339914030097206      
    1.080134799225446     
 b_para_n=    1.139260475208296     
 dxdt=   0.9056348211027879         3237.704278077562      
    8099.446391839088     
 dudt=    3557388.808267320     
 ---------------------
 rk4
 istep=     11000001
 grad_b=  -0.9312651697110096       -0.1081656182084842      
   0.1015971739794547     
 bsub=   5.1030067749922945E-003  -7.8414687091875213E-002 
    1.187458759645419     
 bsup=    0.000000000000000       -0.6684567240341287      
   0.8850422483116167     
 b_abs=    1.050405264290466     
 g=  -2.0264224249933717E-002
 j=    0.000000000000000         631.9020320643738      
    233.9495864816930     
 v_perp_2=    52585976.92295499     
 b_n=  -4.9597662963682106E-004  -0.6639019737852524      
   0.8853451770826347     
 b_para_n=    1.050405288219369     
 dxdt=   -5.565476195207915        -5548.093250878849      
    7416.790429150741     
 dudt=   -3865754.978650651     
 ---------------------
 rk4
 istep=     12000001
 grad_b=  -0.4323165676279841       -0.1631673205433896      
  -0.2890290592203728     
 bsub=   5.4898772717442708E-002  -2.4411216457223574E-002 
    1.369327275958154     
 bsup=    0.000000000000000        -1.099641541685777      
   0.9577174988624664     
 b_abs=    1.156458663805261     
 g=  -1.3179472029200882E-002
 j=    0.000000000000000         654.2576235047092      
   -425.1536227799060     
 v_perp_2=    57895188.56983804     
 b_n=  -1.1616170880395559E-003   -1.096737924711806      
   0.9578157912421307     
 b_para_n=    1.156458613878299     
 dxdt=   -11.95356878581569        -8044.388739574049      
    7033.183034947871     
 dudt=    2107823.666271228     
 ---------------------
 rk4
 istep=     13000001
 grad_b=  -0.4534345786728979       -2.0749683609092958E-002 
  -3.2406825743959228E-002
 bsub=   2.8953783975456678E-002  -6.2594748222042029E-002 
   0.8769076826276386     
 bsup=    0.000000000000000       -0.2550521017318100      
    1.102288929442732     
 b_abs=   0.9913595606541420     
 g=  -1.2535331875557748E-002
 j=    0.000000000000000         254.1492293323541      
   -150.7690336158744     
 v_perp_2=    49629855.19811080     
 b_n=  -1.5396208228985906E-004  -0.2520322031374209      
    1.102509556963671     
 b_para_n=   0.9913595428917346     
 dxdt=   -1.822172031497096        -2270.714537206262      
    9970.693855844993     
 dudt=    768324.6187711461     
 ---------------------
 rk4
 istep=     14000001
 grad_b=  -0.7129082273070726       -0.1073076143653896      
   0.1045877236060057     
 bsub=  -2.4284263152023269E-002  -0.2185344928874016      
    1.507017611476895     
 bsup=    0.000000000000000        -1.201815096401606      
   0.8974055758999522     
 b_abs=    1.270875416169661     
 g=  -1.7423160170306588E-002
 j=    0.000000000000000         150.6920001014316      
   -303.9457399560570     
 v_perp_2=    63622996.38821374     
 b_n=  -4.2057614291011504E-004   -1.198568725744054      
   0.8978695314632144     
 b_para_n=    1.270875383610321     
 dxdt=   -3.988349067022539        -7673.697650282553      
    5757.403026411524     
 dudt=   -4388684.163508926     
 ---------------------
 rk4
 istep=     15000001
 grad_b=  -0.6436002846879421       -2.5723661416733774E-003 
  -3.4896543955541259E-003
 bsub=  -2.6389890820620255E-002  -5.4806107943819404E-002 
   0.9523952066994997     
 bsup=    0.000000000000000       -0.3705541988294321      
    1.000840401671207     
 b_abs=   0.9865703215274637     
 g=  -1.6609610782779085E-002
 j=    0.000000000000000        -484.0222192274315      
    28.22642607079075     
 v_perp_2=    49389937.88575396     
 b_n=  -1.5345137827941686E-005  -0.3669924186856969      
    1.001044947787229     
 b_para_n=   0.9865703280043773     
 dxdt=  -0.1824304130577885        -3329.894445246677      
    9110.607584312824     
 dudt=    64428.96204908856     
 ---------------------
 rk4
 istep=     16000001
 grad_b=   0.7179933726016929        5.9263022515769322E-002 
   0.1644276071636515     
 bsub=  -5.6865896437434671E-003   0.1073747084369587      
    1.445811315014977     
 bsup=    0.000000000000000       -0.5253728097089353      
    1.121026719084198     
 b_abs=    1.250417119729016     
 g=  -7.9767418027190239E-003
 j=    0.000000000000000         69.97965287316657      
    15.60373053252242     
 v_perp_2=    62598610.80114160     
 b_n=   4.6847001374313691E-004  -0.5325279504266559      
    1.121559947544202     
 b_para_n=    1.250417121804998     
 dxdt=    4.504145892107711        -3518.221904691766      
    7365.426086398184     
 dudt=   -3066633.339236610     
 ---------------------
 rk4
 istep=     17000001
 grad_b=  -1.2179149489075974E-002   8.0956347729727360E-002 
   2.8941542081289864E-002
 bsub=  -0.1015457919033308        5.6908386774279125E-002 
    1.874123175852245     
 bsup=    0.000000000000000        -1.087876360161808      
    1.031955904861830     
 b_abs=    1.368361881091316     
 g=  -1.3243728309383630E-002
 j=    0.000000000000000        -778.9601428039571      
    508.9995170064618     
 v_perp_2=    68503093.50568920     
 b_n=   4.9650044790916308E-004   -1.087810627984591      
    1.031980847378814     
 b_para_n=    1.368361931173203     
 dxdt=    4.430205471406717        -6233.964425963616      
    5914.296949642019     
 dudt=    1064711.733061970     
 ---------------------
 rk4
 istep=     18000001
 grad_b=  -0.4458843384666685       -3.0675394540459137E-002 
   5.6753245240767962E-002
 bsub=  -4.3686757065261404E-003   4.0474425836116296E-002 
    1.020593629799184     
 bsup=    0.000000000000000        0.9063871944215984      
   0.9185224331629179     
 b_abs=   0.9871003572240364     
 g=  -1.4467129653428050E-002
 j=    0.000000000000000         16.74602593379973      
    38.07201065352595     
 v_perp_2=    49416262.32829921     
 b_n=  -2.2387637585214752E-004   0.9094172723980556      
   0.9184013134738146     
 b_para_n=   0.9871003620122811     
 dxdt=   -2.660222984711602         8278.831460362631      
    8351.746931146690     
 dudt=   -616845.0384408555     
 ---------------------
 rk4
 istep=     19000001
 grad_b=   0.2925465468408344       -5.5094169900593369E-002 
   1.7327583565608151E-002
 bsub=   8.3343667352049428E-002   0.1258337563086201      
    1.952854712527053     
 bsup=    0.000000000000000        -1.034447321116119      
    1.057903952822228     
 b_abs=    1.391529936294398     
 g=  -1.1389279807891024E-002
 j=    0.000000000000000         3.728347682022644      
   -594.7814854855841     
 v_perp_2=    69662731.74691813     
 b_n=  -4.0447966631622048E-004   -1.036547099769314      
    1.058056472437996     
 b_para_n=    1.391529875064164     
 dxdt=   -3.561271446260262        -5792.911614427037      
    5906.705036782500     
 dudt=   -1354916.064033950     
 ---------------------
 rk4
 istep=     20000001
 grad_b=   0.7571604603413884       -4.8855532443523766E-002 
  -0.1609359424014726     
 bsub=  -4.0623392684763712E-003   0.1099120324902068      
    1.471077236965043     
 bsup=    0.000000000000000       -0.5115206658271239      
    1.115204091585173     
 b_abs=    1.258707004112286     
 g=  -8.1391213710319717E-003
 j=    0.000000000000000         338.2458309709080      
   -264.6621096877283     
 v_perp_2=    63013272.07417260     
 b_n=  -3.5976153102556797E-004  -0.5189121337123453      
    1.115755333668899     
 b_para_n=    1.258706980196053     
 dxdt=   -3.439560020846547        -3396.749248262398      
    7256.707604708022     
 dudt=    3072147.233479490     
 ---------------------
 rk4
 istep=     21000001
 grad_b=  -0.6140170668461435        2.5885502699242897E-003 
   2.5677829080104908E-004
 bsub=   2.8265277474923571E-002  -4.9756382714864850E-002 
   0.9539041394582308     
 bsup=    0.000000000000000       -0.3520687284872907      
    1.001830151456190     
 b_abs=   0.9863416377576002     
 g=  -1.6683170887470341E-002
 j=    0.000000000000000        -394.3941642231284      
    13.49217300802937     
 v_perp_2=    49378069.14612471     
 b_n=   1.4364561279456274E-005  -0.3486789275609515      
    1.002006544550286     
 b_para_n=   0.9863416417001714     
 dxdt=   0.1708094898094749        -3164.681643136582      
    9122.065756209446     
 dudt=    16599.42739350902     
 ---------------------
 rk4
 istep=     22000001
 grad_b=  -0.7455895732307534        0.1052753068306932      
  -0.1065386174415756     
 bsub=   2.9139480308090555E-002  -0.2174731716492312      
    1.507281734760340     
 bsup=    0.000000000000000        -1.202270966404081      
   0.8968911593105022     
 b_abs=    1.270222201190897     
 g=  -1.7648556952642960E-002
 j=    0.000000000000000         205.4441276178785      
   -290.0988800604227     
 v_perp_2=    63589545.94921869     
 b_n=   4.0571233304376576E-004   -1.198915590576079      
   0.8973674082508857     
 b_para_n=    1.270222169190345     
 dxdt=    3.849064743720404        -7681.478960576384      
    5758.629920373794     
 dudt=    4377143.898962653     
 ---------------------
 rk4
 istep=     23000001
 grad_b=  -0.5738430673881805        1.6531128709811244E-002 
   2.0822352859866528E-002
 bsub=  -1.8351997605445564E-002  -8.0155049132879547E-002 
   0.8528228808500514     
 bsup=    0.000000000000000       -0.3242496861063249      
    1.110815829871989     
 b_abs=   0.9863493152701527     
 g=  -1.1632568232638156E-002
 j=    0.000000000000000        -260.6266670253730      
    152.1496532303998     
 v_perp_2=    49378296.10661753     
 b_n=   1.3086944685754149E-004  -0.3201909136893992      
    1.111200142786503     
 b_para_n=   0.9863493335482918     
 dxdt=    1.556161325608530        -2903.454809451224      
    10116.57514662166     
 dudt=   -450943.1199799663     
 ---------------------
 rk4
 istep=     24000001
 grad_b=   -1.024394912832348        0.1043435830770388      
   0.2406015531490263     
 bsub=  -3.9939737980470305E-002  -7.0584247709568879E-002 
    1.278707728621766     
 bsup=    0.000000000000000       -0.9661532897156448      
   0.8945900720215687     
 b_abs=    1.101014956001531     
 g=  -1.7004392524927952E-002
 j=    0.000000000000000         156.7135869822787      
    496.0722321330519     
 v_perp_2=    55118584.89311549     
 b_n=   6.6055006116681433E-004  -0.9604427382944901      
   0.8949259748720729     
 b_para_n=    1.101015014491718     
 dxdt=    7.102281026639666        -7532.061673073253      
    7034.623747020779     
 dudt=   -2601433.255988034     
 ---------------------
 rk4
 istep=     25000001
 grad_b=   -1.031359698760072        8.5777974369683485E-002 
  -0.1033884809921961     
 bsub=  -2.3807539085297482E-003  -7.6821497678915981E-002 
    1.175350201390123     
 bsup=    0.000000000000000       -0.6763116456713331      
   0.8846066835266303     
 b_abs=    1.044805421609489     
 g=  -2.0064182139729953E-002
 j=    0.000000000000000         398.1938010821072      
    295.3346198908926     
 v_perp_2=    52304556.50950520     
 b_n=   3.9102874091587929E-004  -0.6712069333452285      
   0.8849411520920164     
 b_para_n=    1.044805455210359     
 dxdt=    4.409331087175168        -5648.141828858785      
    7466.756299008420     
 dudt=    3580931.727543669     
 ---------------------
 rk4
 istep=     26000001
 grad_b=   0.6784313546204623        7.9459142721852727E-003 
   0.1481677823644990     
 bsub=  -1.7120057038992192E-003   5.8142452444421011E-002 
    1.165100937932882     
 bsup=    0.000000000000000        0.3369259295842065      
    1.091564816376453     
 b_abs=    1.136472080679687     
 g=  -1.0161593150992366E-002
 j=    0.000000000000000         672.0764790093729      
   -334.1959031044170     
 v_perp_2=    56893449.32830361     
 b_n=   4.3820272737161391E-006   0.3315370475684945      
    1.091833716401839     
 b_para_n=    1.136472050193592     
 dxdt=   4.5796452767273226E-002    2478.539831175198      
    8215.188086919894     
 dudt=   -3621154.890646807     
 ---------------------
 rk4
 istep=     27000001
 grad_b=   0.4229660069910370        3.2934220741727721E-002 
   0.1035590936529273     
 bsub=  -6.7482155414992917E-003   0.1893648897426645      
    2.151180524173884     
 bsup=    0.000000000000000        -1.533178618293635      
    1.076175633706360     
 b_abs=    1.423610792330253     
 g=  -7.2310792844945560E-003
 j=    0.000000000000000         465.5726392874643      
   -315.3929723668533     
 v_perp_2=    71267928.58749591     
 b_n=   2.8030580108389416E-004   -1.538160131621323      
    1.076615008040236     
 b_para_n=    1.423610762985044     
 dxdt=    2.424481079155328        -8296.606184529746      
    5797.147525606576     
 dudt=   -1071720.885141275     
 ---------------------
 rk4
 istep=     28000001
 grad_b=   0.8306051027353665        2.4477700107381428E-002 
  -0.1696716988870733     
 bsub=  -3.3250853453028459E-002   5.5980218480901060E-002 
    1.334125553160551     
 bsup=    0.000000000000000        0.1637199255956304      
    1.061819268776703     
 b_abs=    1.194047566795421     
 g=  -1.0117972664201618E-002
 j=    0.000000000000000        -153.8251145402036      
   -269.6251495115714     
 v_perp_2=    59775591.40045374     
 b_n=   2.5618194185034247E-004   0.1570198578894995      
    1.062106764611311     
 b_para_n=    1.194047538335202     
 dxdt=    2.563127102184329         1081.975582223146      
    7454.879650381205     
 dudt=    3692683.254081330     
 ---------------------
 rk4
 istep=     29000001
 grad_b=  -0.7470796215536222       -7.6762482800776272E-002 
   6.6478751924124835E-002
 bsub=   1.6713893994850661E-002  -3.9389903823396695E-002 
    1.111240528687198     
 bsup=    0.000000000000000       -0.5087871218036328      
   0.9029988625134715     
 b_abs=    1.011893451242714     
 g=  -2.0090090609434220E-002
 j=    0.000000000000000        -486.3745922451077      
    467.4804928548041     
 v_perp_2=    50656645.52990659     
 b_n=  -3.7455569601567250E-004  -0.5050213883822304      
   0.9031380353493516     
 b_para_n=    1.011893512844289     
 dxdt=   -4.349660067858241        -4435.016418891845      
    7950.527698807815     
 dudt=   -2451028.624456598     
 ---------------------
 Elapsed time (seconds):     154.2601760000000     

real	2m34.271s
user	2m33.909s
sys	0m0.017s
>>> [PID 3614960] DONE  u=9000, v_perp=-7000, out=gc_grid/dat82.dat
