>>> [PID 3616400] START u=2000, v_perp=-6000, out=gc_grid/dat89.dat, dt=2e-09, steps=30000000
 outer boundary:   8.3000000000000462E-002
 rk4
 istep=            1
 grad_b=  -0.5028824596931734        4.9320172281279995E-003 
  -7.9834571680263422E-003
 bsub=   8.6923646668695224E-003   4.2252351008430222E-002 
    1.020727025080882     
 bsup=    0.000000000000000        0.5003161203232959      
   0.9181485512955755     
 b_abs=   0.9787596771569820     
 g=  -1.6418715061763275E-002
 j=    0.000000000000000         576.0999603504871      
    59.09678225571947     
 v_perp_2=    35999999.26906940     
 b_n=   7.1455527864752476E-006   0.5009988713749175      
   0.9181202306243426     
 b_para_n=   0.9787596794806772     
 dxdt=   8.0306818649183945E-002    1030.020417732145      
    1875.828936565649     
 dudt=    91363.74619650048     
 ---------------------
 rk4
 istep=      1000001
 grad_b=  -0.4742559826251170       -1.7283752619511789E-002 
   2.2023169994202896E-002
 bsub=   1.4139996024802523E-002   3.4219216068412606E-002 
    1.037190003222920     
 bsup=    0.000000000000000        0.2033258580958622      
   0.9233545547348226     
 b_abs=   0.9820540050419798     
 g=  -1.7813686579129545E-002
 j=    0.000000000000000        -827.3087616437728      
    260.6300323165089     
 v_perp_2=    36121167.73063097     
 b_n=   2.2402823256497997E-005   0.2027355859126741      
   0.9233737175641044     
 b_para_n=   0.9820539985448021     
 dxdt=  -0.2541218302504755        -401.0670989635940      
   -1851.972866912868     
 dudt=   -315000.9527415020     
 ---------------------
 rk4
 istep=      2000001
 grad_b=  -6.9339645196168975E-002   0.1289886995917978      
  -0.1261974432905002     
 bsub=  -1.5177335945828534E-002   4.4894791607509414E-003 
    1.168457637755019     
 bsup=    0.000000000000000        4.7319143331967017E-002 
   0.9264130920177588     
 b_abs=    1.040505974967519     
 g=  -1.8278517270120500E-002
 j=    0.000000000000000        -333.3812061018696      
   -280.0392114194147     
 v_perp_2=    38271103.30322149     
 b_n=   1.0515863602297737E-004   4.7376786922319981E-002 
   0.9264142317915587     
 b_para_n=    1.040505969719258     
 dxdt=    1.603699004523007         60.67580379982675      
    1170.714782377781     
 dudt=    1958485.835747117     
 ---------------------
 rk4
 istep=      3000001
 grad_b=  -0.3681840518058648       -0.1841323804355489      
   0.1070719045832184     
 bsub=   2.1042590844451953E-002  -7.9334413279730565E-002 
    1.253142803707726     
 bsup=    0.000000000000000       -0.5926005460069141      
   0.9021144945590971     
 b_abs=    1.084976058570488     
 g=  -2.0730409970813171E-002
 j=    0.000000000000000        -190.6604467848092      
   -189.1649730705580     
 v_perp_2=    39906767.44925811     
 b_n=   2.9091971008955099E-005  -0.5926612347437288      
   0.9021101646018942     
 b_para_n=    1.084976059327244     
 dxdt=   -1.760395830161062         170.4453774130717      
   -253.6160748355037     
 dudt=   -3486804.616171434     
 ---------------------
 rk4
 istep=      4000001
 grad_b=   4.6613722831913673E-002   0.1518596278405936      
  -0.1386676419044223     
 bsub=  -2.1107592951112746E-002  -1.3625973449424528E-002 
    1.218936849223848     
 bsup=    0.000000000000000       -0.1020907693423259      
   0.9303858601139138     
 b_abs=    1.065593258590587     
 g=  -1.8449404854782879E-002
 j=    0.000000000000000        -253.0366476100910      
   -309.0053184712233     
 v_perp_2=    39193843.09808724     
 b_n=  -8.2150198184035932E-005  -0.1020666026307033      
   0.9303847111094330     
 b_para_n=    1.065593262470184     
 dxdt=    1.751874396343530         85.50575779373605      
   -783.9128985486994     
 dudt=    2494172.033286763     
 ---------------------
 Particle has exited the domain at step       4415059  s =  
   8.3000000700603510E-002
 Elapsed time (seconds):     23.40229500000000     

real	0m23.412s
user	0m23.349s
sys	0m0.014s
>>> [PID 3616400] DONE  u=2000, v_perp=-6000, out=gc_grid/dat89.dat
