>>> [PID 3616183] START u=1000, v_perp=-6000, out=gc_grid/dat87.dat, dt=2e-09, steps=30000000
 outer boundary:   8.3000000000000462E-002
 rk4
 istep=            1
 grad_b=  -0.5028825635801051        4.9321197875419817E-003 
  -7.9836736436819933E-003
 bsub=   8.6923368827603563E-003   4.2252366667374044E-002 
    1.020726963763445     
 bsup=    0.000000000000000        0.5003181092158221      
   0.9181485329041970     
 b_abs=   0.9787596870930271     
 g=  -1.6418704971597933E-002
 j=    0.000000000000000         576.0999644622677      
    59.09829285435481     
 v_perp_2=    35999999.63452952     
 b_n=   3.5728544375366008E-006   0.5006594850245986      
   0.9181343725502328     
 b_para_n=   0.9787596882548960     
 dxdt=   6.9357395925413845E-002    517.8024869083713      
    937.7987781140607     
 dudt=    91366.32781869435     
 ---------------------
 rk4
 istep=      1000001
 grad_b=  -0.4753918838681664       -4.3214384649246498E-002 
   3.9965321922140695E-002
 bsub=   1.6486439328294834E-002   2.2809301758116785E-002 
    1.061422868014593     
 bsup=    0.000000000000000        2.2262959331373344E-002 
   0.9190483530304688     
 b_abs=   0.9879738069835360     
 g=  -1.8829943903762431E-002
 j=    0.000000000000000         158.9327168773316      
    457.2266035888678     
 v_perp_2=    36338906.38635335     
 b_n=   2.1649664638171518E-005   2.2029130461257290E-002 
   0.9190530366091483     
 b_para_n=   0.9879738016292835     
 dxdt=  -0.5075013716372451        -12.84056530615530      
   -756.4626927287383     
 dudt=   -665802.5850915872     
 ---------------------
 rk4
 istep=      2000001
 grad_b=  -0.2630102468293068        6.7128477608113440E-002 
  -9.2286671006302598E-002
 bsub=  -3.6570632260313762E-003   3.3820086794488877E-002 
    1.072240063326413     
 bsup=    0.000000000000000        0.5485337882453909      
   0.9227340820985963     
 b_abs=    1.004091079372728     
 g=  -1.6226257066004845E-002
 j=    0.000000000000000         98.56798215151582      
   -286.0275112009013     
 v_perp_2=    36931719.70014388     
 b_n=  -1.2549130436934841E-005   0.5484866072828336      
   0.9227355284250186     
 b_para_n=    1.004091080406349     
 dxdt=   0.8864724566746349        -139.4177674321801      
   -240.2347217077626     
 dudt=    885267.2817983784     
 ---------------------
 rk4
 istep=      3000001
 grad_b=  -0.4820506643467362        5.7827314529999285E-003 
  -4.8280746878556768E-003
 bsub=   1.0406206289578977E-002   4.1230245120573765E-002 
    1.022647902650434     
 bsup=    0.000000000000000        0.4102558736197377      
   0.9198816194997277     
 b_abs=   0.9783605279351609     
 g=  -1.6806278943261053E-002
 j=    0.000000000000000         576.1557720986646      
    55.93845325060795     
 v_perp_2=    35985317.97302672     
 b_n=   4.0043257277697613E-006   0.4105787803011243      
   0.9198685611483682     
 b_para_n=   0.9783605290552331     
 dxdt=   7.7230146502941716E-002    428.6246972696289      
    946.8528557996910     
 dudt=    38889.11928492232     
 ---------------------
 rk4
 istep=      4000001
 grad_b=  -0.4804949217070396       -3.6557230162482329E-002 
   3.4126999033921052E-002
 bsub=   1.6888033447977319E-002   2.3722377994396117E-002 
    1.055341417012802     
 bsup=    0.000000000000000        2.5116369387641946E-002 
   0.9198613249721902     
 b_abs=   0.9856655376713024     
 g=  -1.8763626477826360E-002
 j=    0.000000000000000        -16.30703955427259      
    450.7317722718451     
 v_perp_2=    36254005.27342825     
 b_n=   1.9524216348766388E-005   2.4864738958494743E-002 
   0.9198666635964639     
 b_para_n=   0.9856655321164459     
 dxdt=  -0.4328297109691935        -16.43037457729227      
   -806.1660231854613     
 dudt=   -568584.7742517514     
 ---------------------
 rk4
 istep=      5000001
 grad_b=  -0.2423148168663859        6.6659116247840738E-002 
  -9.6921756043530288E-002
 bsub=  -2.5408914404541107E-003   3.4051041994929317E-002 
    1.071103119695303     
 bsup=    0.000000000000000        0.6169326000469152      
   0.9233688923087018     
 b_abs=    1.005016418678192     
 g=  -1.5817892783069748E-002
 j=    0.000000000000000        -102.2211667262735      
   -208.0888868136901     
 v_perp_2=    36965754.73744447     
 b_n=  -9.0514247733110502E-006   0.6169011210088930      
   0.9233698720867378     
 b_para_n=    1.005016419223410     
 dxdt=   0.9011913909065570        -110.4622767055670      
   -170.1184085613257     
 dudt=    885120.7333916540     
 ---------------------
 Particle has exited the domain at step       5390293  s =  
   8.3000000097561769E-002
 Elapsed time (seconds):     27.71862100000000     

real	0m27.729s
user	0m27.673s
sys	0m0.014s
>>> [PID 3616183] DONE  u=1000, v_perp=-6000, out=gc_grid/dat87.dat
