>>> [PID 3615106] START u=9500, v_perp=-7000, out=gc_grid/dat83.dat, dt=2e-09, steps=30000000
 outer boundary:   8.3000000000000462E-002
 rk4
 istep=            1
 grad_b=  -0.5028816624994312        4.9312539771638603E-003 
  -7.9818397401041907E-003
 bsub=   8.6925738509065140E-003   4.2252233232937378E-002 
    1.020727484623718     
 bsup=    0.000000000000000        0.5003011787863771      
   0.9181486907700547     
 b_abs=   0.9787596026455734     
 g=  -1.6418790761459856E-002
 j=    0.000000000000000         576.0999729636447      
    59.08553277371249     
 v_perp_2=    48999995.27483013     
 b_n=   3.3935876057032195E-005   0.5035442280088338      
   0.9180141688112857     
 b_para_n=   0.9787596136816246     
 dxdt=   0.4188052522935640         4896.027265310659      
    8910.040591807325     
 dudt=    124329.9272451048     
 ---------------------
 rk4
 istep=      1000001
 grad_b=   0.4001953338187664       -8.9695432096769168E-002 
  -0.2326240599601802     
 bsub=   4.8235498449727812E-002   0.1124744100331602      
    1.850972863210159     
 bsup=    0.000000000000000        -1.615972392013711      
    1.063105497851131     
 b_abs=    1.336746573567563     
 g=  -8.9539269258406013E-003
 j=    0.000000000000000         205.7448374088472      
   -165.9032309151954     
 v_perp_2=    66921919.71999490     
 b_n=  -7.7773264792897236E-004   -1.620153946323276      
    1.063379844621603     
 b_para_n=    1.336746555801539     
 dxdt=   -7.237167060488459        -10319.98175493908      
    6766.197258042896     
 dudt=    1916747.459989596     
 ---------------------
 rk4
 istep=      2000001
 grad_b=  -0.5633073390038223       -1.6423849647679498E-003 
  -1.1281512806812707E-002
 bsub=   2.7625766913048355E-002  -5.8622876491419125E-002 
   0.9216060035688003     
 bsup=    0.000000000000000       -0.3397890337704582      
    1.036721572126210     
 b_abs=   0.9873198220273915     
 g=  -1.5231099510963863E-002
 j=    0.000000000000000        0.3377386144949810      
    49.57868418038993     
 v_perp_2=    49428392.59732246     
 b_n=  -1.4524341185335352E-005  -0.3363243007703782      
    1.036942403613393     
 b_para_n=   0.9873198278649742     
 dxdt=  -0.1777826845912466        -3219.274744273861      
    9954.343741492999     
 dudt=    282375.6832923259     
 ---------------------
 rk4
 istep=      3000001
 grad_b=   -1.202036349074179        8.5558039868466454E-002 
  -0.1399201239951087     
 bsub=   1.7553296497612485E-002  -0.1071975662072194      
    1.282278211819670     
 bsup=    0.000000000000000       -0.8028399912296154      
   0.8740692586257148     
 b_abs=    1.098656681300067     
 g=  -2.0108410140701471E-002
 j=    0.000000000000000        -518.3146157812812      
    249.2245342882922     
 v_perp_2=    55002165.87202501     
 b_n=   3.7468854072753098E-004  -0.7967519543186673      
   0.8745731172395526     
 b_para_n=    1.098656718801844     
 dxdt=    4.152146385804368        -6639.813411883742      
    7307.942861340772     
 dudt=    4351470.722111322     
 ---------------------
 rk4
 istep=      4000001
 grad_b=   0.7288891254086177        5.9382948979884581E-002 
   0.1659137792728284     
 bsub=  -8.6485698156703629E-003   9.4186306021219843E-002 
    1.357025968456425     
 bsup=    0.000000000000000       -0.4084019998172842      
    1.128107418426988     
 b_abs=    1.221380062866851     
 g=  -8.0859242167580121E-003
 j=    0.000000000000000        -702.2573186340784      
    52.49236417250586     
 v_perp_2=    61145977.05420093     
 b_n=   4.9788657879256651E-004  -0.4159945002365827      
    1.128637560130793     
 b_para_n=    1.221380063263311     
 dxdt=    5.012799591549865        -3031.552856952756      
    8168.084430578361     
 dudt=   -3338876.382430141     
 ---------------------
 rk4
 istep=      5000001
 grad_b=   0.6295261511814598        9.4299611096177932E-002 
  -0.1404273051797436     
 bsub=  -8.8288856370212984E-002  -2.6061231492133567E-002 
    1.599962148675901     
 bsup=    0.000000000000000       -0.8009271274240626      
   0.9947083016626689     
 b_abs=    1.269814296108065     
 g=  -1.4473690235883137E-002
 j=    0.000000000000000        -4.630794539275598      
    468.5966596656149     
 v_perp_2=    63570648.12985984     
 b_n=   5.7409098880609806E-004  -0.8048065751997567      
   0.9946768322844678     
 b_para_n=    1.269814349293579     
 dxdt=    5.584931223204596        -5524.822754562541      
    6814.354070648591     
 dudt=    4242406.959173238     
 ---------------------
 rk4
 istep=      6000001
 grad_b=   0.3557260324202671       -0.1666956125194446      
   0.1273576172642480     
 bsub=   6.3455632353545482E-002  -9.8849306907853901E-002 
    1.463253217463974     
 bsup=    0.000000000000000       -0.7419859126029472      
   0.9485552721860837     
 b_abs=    1.208859802702330     
 g=  -1.7769274918957648E-002
 j=    0.000000000000000        -225.2245508873109      
   -625.3758642984885     
 v_perp_2=    60518982.78289676     
 b_n=  -8.2694618471408599E-004  -0.7438177727025330      
   0.9484673244139933     
 b_para_n=    1.208859731434878     
 dxdt=   -8.402658760487851        -5464.802241709986      
    6961.517621957660     
 dudt=   -5062584.849978838     
 ---------------------
 rk4
 istep=      7000001
 grad_b=   0.6487230645001185       -6.9917779209332453E-002 
  -0.1683395932458396     
 bsub=   1.9263158497673134E-002   8.9556623917958822E-002 
    1.327946194805937     
 bsup=    0.000000000000000       -0.4515323617413134      
    1.130980066412202     
 b_abs=    1.208592207845320     
 g=  -7.9985927891953745E-003
 j=    0.000000000000000        -652.3226193576468      
    388.1718975978227     
 v_perp_2=    60505499.88181913     
 b_n=  -6.1794772478302167E-004  -0.4584031864838274      
    1.131452431641659     
 b_para_n=    1.208592244347772     
 dxdt=   -6.280259556206031        -3385.100863902727      
    8308.760856743856     
 dudt=    3289329.829072699     
 ---------------------
 rk4
 istep=      8000001
 grad_b=   -1.222746890302646       -8.2242178263394194E-002 
   0.1438160398409791     
 bsub=  -2.0063947901373388E-002  -0.1091488220965394      
    1.291755805250992     
 bsup=    0.000000000000000       -0.8156279931796745      
   0.8731388841551870     
 b_abs=    1.103240487370751     
 g=  -2.0155973292685106E-002
 j=    0.000000000000000        -138.6926637868088      
    158.4549689781879     
 v_perp_2=    55231208.54645123     
 b_n=  -3.5389821765435049E-004  -0.8094654173813823      
   0.8736541218662762     
 b_para_n=    1.103240509134202     
 dxdt=   -3.906768473344238        -6708.543048227634      
    7260.085215911096     
 dudt=   -4371020.191777820     
 ---------------------
 rk4
 istep=      9000001
 grad_b=  -0.5201078860851014        1.5865005965664883E-003 
   1.5846336251426701E-002
 bsub=  -3.0247764879948048E-002  -5.2233849802762723E-002 
   0.9247957141654359     
 bsup=    0.000000000000000       -0.3117528266010821      
    1.039027576781417     
 b_abs=   0.9882714528770516     
 g=  -1.5301939148702984E-002
 j=    0.000000000000000         289.9465789002106      
   -23.47948686286111     
 v_perp_2=    49475450.86074516     
 b_n=   1.5220839437332808E-005  -0.3085658028931498      
    1.039208077475608     
 b_para_n=   0.9882714481762594     
 dxdt=   0.1861391609539768        -2949.920998892129      
    9963.769389053623     
 dudt=   -404498.6342560009     
 ---------------------
 rk4
 istep=     10000001
 grad_b=   0.4158199146876256        7.3730928311281155E-002 
   0.2222291869592527     
 bsub=  -3.6103489922774394E-002   0.1423371920066983      
    1.927509741584894     
 bsup=    0.000000000000000        -1.565038207270665      
    1.071713489197843     
 b_abs=    1.356723562245988     
 g=  -8.1167805535185371E-003
 j=    0.000000000000000        -585.6526063952190      
    412.8112745078951     
 v_perp_2=    67921014.88685831     
 b_n=   6.5338415124819508E-004   -1.569825554535246      
    1.072079279987402     
 b_para_n=    1.356723605213721     
 dxdt=    6.003839406322838        -9786.404112165435      
    6674.812669017001     
 dudt=   -2265157.427783234     
 ---------------------
 rk4
 istep=     11000001
 grad_b=  -0.2997450982225739        5.3982084120775702E-002 
  -8.4985543994224449E-002
 bsub=  -5.8940640513438676E-004   3.7078757423148631E-002 
    1.052248201469651     
 bsup=    0.000000000000000        0.7448095973852622      
   0.9213914712705216     
 b_abs=   0.9984566442305338     
 g=  -1.5265465883400560E-002
 j=    0.000000000000000        -206.5033342759545      
   -74.60211924104811     
 v_perp_2=    49985186.25905494     
 b_n=   3.8938941516809334E-004   0.7468584083386244      
   0.9213194839072203     
 b_para_n=   0.9984566334961348     
 dxdt=    4.716276033867436         7072.658027456578      
    8717.896341723183     
 dudt=    955128.9660732318     
 ---------------------
 rk4
 istep=     12000001
 grad_b=   4.5506122337146890E-002  -0.1178565959238752      
  -0.1809615893276455     
 bsub=   7.2569036817427976E-002   9.6568419909467698E-002 
    1.916609071799895     
 bsup=    0.000000000000000        -1.275441909603405      
    1.043961586487619     
 b_abs=    1.370154084788352     
 g=  -1.1983962782722155E-002
 j=    0.000000000000000         526.1650010933159      
   -244.5025814898044     
 v_perp_2=    68593162.24266942     
 b_n=  -8.1461514180140567E-004   -1.275834105586155      
    1.044012173687314     
 b_para_n=    1.370154060194976     
 dxdt=   -7.423395809950416        -7828.286440429255      
    6405.064056982857     
 dudt=    705137.2583419783     
 ---------------------
 rk4
 istep=     13000001
 grad_b=  -8.1006238954353216E-002  -3.3113622408364130E-002 
  -7.6477732021608208E-002
 bsub=   4.0645257853322694E-002  -9.7031072671359547E-003 
   0.9397029980985795     
 bsup=    0.000000000000000        3.7225788851139807E-002 
    1.113236969799883     
 b_abs=    1.022168239081361     
 g=  -1.2390073866947314E-002
 j=    0.000000000000000        -110.5948660942592      
    118.7882759597459     
 v_perp_2=    51172086.23766168     
 b_n=  -2.4162617470779139E-004   3.7779525239809986E-002 
    1.113253153131049     
 b_para_n=    1.022168252389409     
 dxdt=   -2.862931804183253         348.3476358750641      
    10221.31771291248     
 dudt=    2115069.107477392     
 ---------------------
 rk4
 istep=     14000001
 grad_b=  -0.7554394123844261        0.1287159603707485      
  -0.1234332447580406     
 bsub=   2.0007331473072466E-002  -0.2077657719593342      
    1.488469399662811     
 bsup=    0.000000000000000        -1.147078308371994      
   0.8935283949092261     
 b_abs=    1.252262524511954     
 g=  -1.7626629175747040E-002
 j=    0.000000000000000         24.16594831274983      
   -300.0303781370997     
 v_perp_2=    62691024.32419408     
 b_n=   5.4953767491102172E-004   -1.143362790282155      
   0.8940396054312422     
 b_para_n=    1.252262491385562     
 dxdt=    5.411827101724253        -7978.266232274058      
    6248.289018403132     
 dudt=    5155868.797888483     
 ---------------------
 rk4
 istep=     15000001
 grad_b=   0.4778894594278449        4.9322872145924256E-002 
   0.1406920049878765     
 bsub=  -2.6070313494254815E-002   5.3218362832047332E-002 
    1.109917213863819     
 bsup=    0.000000000000000       -1.4880008921477672E-002 
    1.125379626249902     
 b_abs=    1.117110046777490     
 g=  -9.8448834961631666E-003
 j=    0.000000000000000         151.7085453249193      
    176.6506655857108     
 v_perp_2=    55924893.27587188     
 b_n=   3.6732217840352845E-004  -1.9031375099259045E-002 
    1.125587323763269     
 b_para_n=    1.117110066408072     
 dxdt=    4.008755692804322        -166.8950571339331      
    9198.098518737102     
 dudt=   -3531286.235453654     
 ---------------------
 rk4
 istep=     16000001
 grad_b=   6.9564656932540492E-002   7.2802281767581620E-002 
  -1.1768240598027668E-003
 bsub=  -0.1049390177324272        4.2708490886154117E-002 
    1.850168559404534     
 bsup=    0.000000000000000        -1.092363415165370      
    1.027674260954422     
 b_abs=    1.361916903339058     
 g=  -1.3354975156933633E-002
 j=    0.000000000000000        -329.8870427224828      
    557.3552885859675     
 v_perp_2=    68180340.06101380     
 b_n=   4.7974730239382134E-004   -1.092821243569349      
    1.027712084610726     
 b_para_n=    1.361916964112813     
 dxdt=    4.394098335202519        -6765.935880018346      
    6361.662281123927     
 dudt=    1483867.618401479     
 ---------------------
 rk4
 istep=     17000001
 grad_b=   3.8582524799567017E-002  -0.1512601624272405      
   0.1377684818492486     
 bsub=   2.1148233124968361E-002  -1.3653466582486243E-002 
    1.217751400585285     
 bsup=    0.000000000000000       -0.1060601314591911      
   0.9303027446170604     
 b_abs=    1.065057935744473     
 g=  -1.8479767961150004E-002
 j=    0.000000000000000        -277.7199680534690      
   -295.2899431262278     
 v_perp_2=    53318889.02003570     
 b_n=  -8.4343971977420408E-004  -0.1062640435469570      
   0.9303150726192693     
 b_para_n=    1.065057897520273     
 dxdt=   -9.618499754974188        -925.4367981291107      
    8097.180935666938     
 dudt=   -3389192.192448376     
 ---------------------
 rk4
 istep=     18000001
 grad_b=   0.5579825623872620       -6.7666016834235107E-002 
  -0.1624478912588499     
 bsub=   2.3036277147072584E-002   0.1236038407115645      
    1.621274297001197     
 bsup=    0.000000000000000       -0.9384066780090663      
    1.096538342967914     
 b_abs=    1.289667282477527     
 g=  -7.7428413330218725E-003
 j=    0.000000000000000         1113.666396934375      
    130.9622005587505     
 v_perp_2=    64563173.39197130     
 b_n=  -6.2921152078658092E-004  -0.9447838181513520      
    1.097033487150590     
 b_para_n=    1.289667306383973     
 dxdt=   -6.038828304474070        -6349.535721578516      
    7352.734963989938     
 dudt=    2224878.318397824     
 ---------------------
 rk4
 istep=     19000001
 grad_b=   -1.033640264490132       -7.0868701841694873E-003 
   6.8614086867890833E-002
 bsub=   6.8974287004498983E-003  -6.8892609798737764E-002 
    1.062569822608877     
 bsup=    0.000000000000000       -0.5759255923272736      
   0.9170409616067303     
 b_abs=    1.006964385645390     
 g=  -1.8549360241823017E-002
 j=    0.000000000000000         1143.638967268688      
   -803.1923782913796     
 v_perp_2=    50410454.40026154     
 b_n=  -1.4696387339304519E-005  -0.5701650015162025      
   0.9174144418039866     
 b_para_n=    1.006964271723491     
 dxdt=  -0.1765910255465714        -5321.609475517262      
    8588.253340681722     
 dudt=   -1665555.048908594     
 ---------------------
 rk4
 istep=     20000001
 grad_b=   -1.007448804820757        5.4482848305093682E-003 
  -6.3404797451167602E-002
 bsub=  -8.3772903532624132E-003  -6.8213451629277291E-002 
    1.052700896904879     
 bsup=    0.000000000000000       -0.5590557823261398      
   0.9219069647949251     
 b_abs=    1.004286077036789     
 g=  -1.8445496310486777E-002
 j=    0.000000000000000         1183.673548620360      
   -788.2756099933312     
 v_perp_2=    50276270.82911354     
 b_n=   7.4808387849443161E-006  -0.5534274620901916      
   0.9222716242996023     
 b_para_n=    1.004285965084934     
 dxdt=   9.0114134774164495E-002   -5183.040012373553      
    8663.250581192427     
 dudt=    1532810.016607882     
 ---------------------
 rk4
 istep=     21000001
 grad_b=   0.5472379297414569        6.7060544378184900E-002 
   0.1640049552855908     
 bsub=  -2.2760586820520901E-002   0.1258869783250974      
    1.639935153751406     
 bsup=    0.000000000000000       -0.9677735590646181      
    1.094181586031340     
 b_abs=    1.293866556726057     
 g=  -7.7452876050129755E-003
 j=    0.000000000000000         1130.900739785108      
    145.3032275754583     
 v_perp_2=    64773057.90849101     
 b_n=   6.2198882813270105E-004  -0.9740482090128418      
    1.094671902327509     
 b_para_n=    1.293866582522992     
 dxdt=    5.952662919320000        -6515.035073045093      
    7302.809513037349     
 dudt=   -2216086.721386879     
 ---------------------
 rk4
 istep=     22000001
 grad_b=   6.9149756198054607E-002   0.1481795826558898      
  -0.1409469911073112     
 bsub=  -2.0803258147120859E-002  -1.0836720504303017E-002 
    1.216872781812766     
 bsup=    0.000000000000000       -6.7875553103752262E-002 
   0.9326600309661668     
 b_abs=    1.065661059702757     
 g=  -1.8193222262432602E-002
 j=    0.000000000000000        -329.8848507325363      
   -245.7660567470715     
 v_perp_2=    53348636.26614501     
 b_n=   8.3904976243335226E-004  -6.8256727840172685E-002 
   0.9326709528138060     
 b_para_n=    1.065661027998863     
 dxdt=    9.563424414603466        -594.6737820887349      
    8111.683184968932     
 dudt=    3323944.038269367     
 ---------------------
 rk4
 istep=     23000001
 grad_b=   1.7844766367591247E-002  -7.5521045230546882E-002 
  -1.1053458369864044E-002
 bsub=   0.1049284467918908        4.0132654949436207E-002 
    1.850417175517711     
 bsup=    0.000000000000000        -1.097734932482380      
    1.026324519664073     
 b_abs=    1.362015672980951     
 g=  -1.3478545876794385E-002
 j=    0.000000000000000        -599.6711408065044      
    651.3226058977464     
 v_perp_2=    68184494.12102419     
 b_n=  -4.9133242817311917E-004   -1.097855538079660      
    1.026355048498378     
 b_para_n=    1.362015743544000     
 dxdt=   -4.499922983991607        -6795.405435290359      
    6352.594110037356     
 dudt=   -1315064.961356877     
 ---------------------
 rk4
 istep=     24000001
 grad_b=   0.4477371738995801       -4.9450547907110544E-002 
  -0.1379160142940587     
 bsub=   2.7608184883475162E-002   5.0548462885472767E-002 
    1.097963258055993     
 bsup=    0.000000000000000       -4.7434974342731584E-003 
    1.125216859674721     
 b_abs=    1.111179269093706     
 g=  -9.9788547278034986E-003
 j=    0.000000000000000        -34.17038120676910      
    257.9527030955808     
 v_perp_2=    55627175.59617149     
 b_n=  -3.6743980308004192E-004  -8.5900534271799670E-003 
    1.125403215904914     
 b_para_n=    1.111179296501345     
 dxdt=   -4.029647085982049        -81.22153241532455      
    9262.118692986596     
 dudt=    3490468.468686550     
 ---------------------
 rk4
 istep=     25000001
 grad_b=  -0.7197075481344180       -0.1231732091504397      
   0.1164559539407695     
 bsub=  -1.8898121334547671E-002  -0.2124570282821227      
    1.495708807166490     
 bsup=    0.000000000000000        -1.168302690463881      
   0.8953475609772197     
 b_abs=    1.259873624062726     
 g=  -1.7445241501820301E-002
 j=    0.000000000000000         11.17918540891884      
   -319.4977549444507     
 v_perp_2=    63070910.17792451     
 b_n=  -5.2591443441347442E-004   -1.164760288959420      
   0.8958440650825887     
 b_para_n=    1.259873589346044     
 dxdt=   -5.151624891866586        -8058.985143913285      
    6207.589270226980     
 dudt=   -4930568.509293670     
 ---------------------
 rk4
 istep=     26000001
 grad_b=  -4.6553692600684760E-002   3.4388919624264179E-002 
   8.0934966305778594E-002
 bsub=  -4.0590349150800356E-002  -5.7958597583268809E-003 
   0.9458772529235819     
 bsup=    0.000000000000000        5.3639778918563863E-002 
    1.114067568357041     
 b_abs=    1.025966722155075     
 g=  -1.2307016556843825E-002
 j=    0.000000000000000         31.76292299822282      
    87.58120423687228     
 v_perp_2=    51361136.19015224     
 b_n=   2.4981334262836957E-004   5.3948286097178388E-002 
    1.114080189449707     
 b_para_n=    1.025966731833088     
 dxdt=    2.949692332973779         493.7832555727650      
    10180.08805717117     
 dudt=   -2244812.700390291     
 ---------------------
 rk4
 istep=     27000001
 grad_b=   4.9142815080164437E-002   0.1153550308218296      
   0.1718223790513830     
 bsub=  -7.3249098016601302E-002   9.9472496404622052E-002 
    1.924512709793678     
 bsup=    0.000000000000000        -1.260266601022761      
    1.045497195979216     
 b_abs=    1.373434057468164     
 g=  -1.1945605817822433E-002
 j=    0.000000000000000         396.4816250989634      
   -211.9541033226074     
 v_perp_2=    68755661.74944909     
 b_n=   7.9875612958792640E-004   -1.260684293476814      
    1.045549171455410     
 b_para_n=    1.373434035907152     
 dxdt=    7.264228331319206        -7708.073128690403      
    6391.816628626731     
 dudt=   -624412.9741178227     
 ---------------------
 rk4
 istep=     28000001
 grad_b=  -0.3172317846707633       -5.3929505440772130E-002 
   8.0841608492750475E-002
 bsub=   1.5949568336857851E-003   3.7396306623149411E-002 
    1.053272173040007     
 bsup=    0.000000000000000        0.6808647235662139      
   0.9198792173551822     
 b_abs=   0.9971706207442141     
 g=  -1.5668484306654615E-002
 j=    0.000000000000000        -77.96859478966371      
   -182.7346841207314     
 v_perp_2=    49919411.47782066     
 b_n=  -3.7968008998603666E-004   0.6829860790663533      
   0.9198044507037489     
 b_para_n=   0.9971705963290942     
 dxdt=   -4.604235671984587         6479.167725401035      
    8717.988255759408     
 dudt=   -944967.6625248335     
 ---------------------
 rk4
 istep=     29000001
 grad_b=   0.4185633228790232       -7.3921627207420446E-002 
  -0.2208149534748340     
 bsub=   3.6274618243587353E-002   0.1407274252375464      
    1.911243138366552     
 bsup=    0.000000000000000        -1.546584414847773      
    1.071811527114437     
 b_abs=    1.352277372500508     
 g=  -8.1341541730422708E-003
 j=    0.000000000000000        -262.3134445354696      
    398.6186705817066     
 v_perp_2=    67696322.90162894     
 b_n=  -6.5566125119429983E-004   -1.551391417452969      
    1.072177948614079     
 b_para_n=    1.352277416585855     
 dxdt=   -6.041518209187691        -9718.688467398541      
    6707.910394106145     
 dudt=    2264611.397182570     
 ---------------------
 Elapsed time (seconds):     153.8678640000000     

real	2m33.880s
user	2m33.472s
sys	0m0.025s
>>> [PID 3615106] DONE  u=9500, v_perp=-7000, out=gc_grid/dat83.dat
