>>> [PID 3616035] START u=500, v_perp=-6000, out=gc_grid/dat86.dat, dt=2e-09, steps=30000000
 outer boundary:   8.3000000000000462E-002
 rk4
 istep=            1
 grad_b=  -0.5028826153308606        4.9321711307046406E-003 
  -7.9837819470602450E-003
 bsub=   8.6923229992821316E-003   4.2252374493276769E-002 
    1.020726933101136     
 bsup=    0.000000000000000        0.5003191033970013      
   0.9181485237249387     
 b_abs=   0.9787596920611565     
 g=  -1.6418699926765257E-002
 j=    0.000000000000000         576.0999669761505      
    59.09904900843999     
 v_perp_2=    35999999.81726345     
 b_n=   1.7864469971194114E-006   0.5004897913954555      
   0.9181414435424026     
 b_para_n=   0.9787596926420964     
 dxdt=   6.6620328469967516E-002    261.9535882992895      
    468.7728685925873     
 dudt=    91367.61918815870     
 ---------------------
 rk4
 istep=      1000001
 grad_b=  -0.4671068458113721       -3.0599615059294913E-002 
   3.1536245203068941E-002
 bsub=   1.5314533528934061E-002   2.9100597222203272E-002 
    1.049177075331428     
 bsup=    0.000000000000000        0.1057800045511138      
   0.9201517252808338     
 b_abs=   0.9841259111684164     
 g=  -1.8442045012391342E-002
 j=    0.000000000000000        -603.3427935435233      
    430.1990002923308     
 v_perp_2=    36197376.03273066     
 b_n=   4.4369342295671210E-006   0.1057140934720769      
   0.9201534873979201     
 b_para_n=   0.9841259098176397     
 dxdt=  -0.3567373310932418        -19.35773883954254      
   -214.6285839596590     
 dudt=   -481782.0661738876     
 ---------------------
 rk4
 istep=      2000001
 grad_b=  -0.4835198685360244        2.3082415163783329E-002 
  -4.4654071689048162E-002
 bsub=   5.3201604097338571E-003   4.1502631878706189E-002 
    1.017571311359328     
 bsup=    0.000000000000000        0.8226385579023485      
   0.9181850681064447     
 b_abs=   0.9841858573165532     
 g=  -1.4825096266840971E-002
 j=    0.000000000000000        -9.011151784554670      
    115.7933868353797     
 v_perp_2=    36199580.92337690     
 b_n=  -4.1454376726356072E-006   0.8225581106184318      
   0.9181883705542246     
 b_para_n=   0.9841858569586073     
 dxdt=   0.3404689135964669        -181.0777050251255      
   -209.7551131561726     
 dudt=    411323.0912675330     
 ---------------------
 rk4
 istep=      3000001
 grad_b=  -0.4917509976402818        6.5695959666124959E-003 
  -6.7290819739936336E-003
 bsub=   1.0136700554145776E-002   4.1380928594547339E-002 
    1.021943550612593     
 bsup=    0.000000000000000        0.4294823635489418      
   0.9203000333890039     
 b_abs=   0.9786962943722451     
 g=  -1.6682640829569481E-002
 j=    0.000000000000000         580.8186879235066      
    68.13214550799356     
 v_perp_2=    35997667.96338637     
 b_n=   2.2995163799908333E-006   0.4296476150573157      
   0.9202933197712252     
 b_para_n=   0.9786962950179887     
 dxdt=   8.5367582685920290E-002    226.5712182385731      
    472.1048465702513     
 dudt=    63348.93009337137     
 ---------------------
 rk4
 istep=      4000001
 grad_b=  -0.4731400488231564       -2.9802752863190923E-002 
   2.9705073736664922E-002
 bsub=   1.6259931622444428E-002   2.7261404566464094E-002 
    1.048963601065798     
 bsup=    0.000000000000000        7.2993237561296165E-002 
   0.9208603061104290     
 b_abs=   0.9839019611651001     
 g=  -1.8527316832347311E-002
 j=    0.000000000000000        -498.7699907299472      
    442.8418690459993     
 v_perp_2=    36189138.86472393     
 b_n=   4.6150208197768318E-006   7.2921752902343012E-002 
   0.9208620909634949     
 b_para_n=   0.9839019596543950     
 dxdt=  -0.3451901327463666        -12.95512876041373      
   -231.0272409002318     
 dudt=   -470630.4763300312     
 ---------------------
 rk4
 istep=      5000001
 grad_b=  -0.4759472133360344        2.4803470434446716E-002 
  -4.7000634448387375E-002
 bsub=   6.1829792012961463E-003   4.1326059275578642E-002 
    1.018792158083441     
 bsup=    0.000000000000000        0.7667829483504005      
   0.9200994756161174     
 b_abs=   0.9844605208192463     
 g=  -1.4972926780958783E-002
 j=    0.000000000000000        -66.60143471881076      
    186.6293578957617     
 v_perp_2=    36209683.38054885     
 b_n=  -3.9390776557031094E-006   0.7667127999001928      
   0.9201023445151219     
 b_para_n=   0.9844605203088770     
 dxdt=   0.3615887757436016        -149.9532852513460      
   -187.9263448705985     
 dudt=    452570.9356294055     
 ---------------------
 rk4
 istep=      6000001
 grad_b=  -0.4779144012310467        2.6963908054354058E-003 
   1.7600629299311110E-003
 bsub=   1.2660418427291098E-002   3.8912084795769915E-002 
    1.025373960783783     
 bsup=    0.000000000000000        0.3077496950365924      
   0.9229989157871368     
 b_abs=   0.9787434701876737     
 g=  -1.7217793465322848E-002
 j=    0.000000000000000        -81.93936574057432      
    113.2834688731876     
 v_perp_2=    35999403.14011535     
 b_n=   8.5613175923915134E-007   0.3079052986196815      
   0.9229930009312545     
 b_para_n=   0.9787434709637733     
 dxdt=   3.1889953578120016E-002    163.2003705680771      
    471.8645674814519     
 dudt=   -46117.31097706798     
 ---------------------
 rk4
 istep=      7000001
 grad_b=  -0.4750819787762520       -2.4414771488894565E-002 
   2.4838824368914852E-002
 bsub=   1.6812567866821997E-002   2.7520738142557288E-002 
    1.044412178329951     
 bsup=    0.000000000000000        7.2349339578446581E-002 
   0.9224688257453336     
 b_abs=   0.9826515341371871     
 g=  -1.8432617967018845E-002
 j=    0.000000000000000        -642.8613226830938      
    414.6863589332008     
 v_perp_2=    36143146.59327853     
 b_n=   5.0305839328973377E-006   7.2253928773202525E-002 
   0.9224712571437048     
 b_para_n=   0.9826515322884299     
 dxdt=  -0.2846957453176477        -18.66766240482207      
   -307.0019899391281     
 dudt=   -395765.9668746680     
 ---------------------
 rk4
 istep=      8000001
 grad_b=  -0.4648655852968963        2.7963906421752928E-002 
  -5.0845647224138368E-002
 bsub=   6.8141252625520590E-003   4.1008077187461384E-002 
    1.020156298098883     
 bsup=    0.000000000000000        0.7297520482752744      
   0.9221371127857557     
 b_abs=   0.9852382584369332     
 g=  -1.5038364190686711E-002
 j=    0.000000000000000        -1.632943719812943      
    245.6669085293927     
 v_perp_2=    36238289.52957805     
 b_n=  -2.3741120023014395E-006   0.7297152966005672      
   0.9221386056268316     
 b_para_n=   0.9852382580697285     
 dxdt=   0.4037300289389134        -73.90345362722263      
   -101.5380561582064     
 dudt=    494278.9995827365     
 ---------------------
 rk4
 istep=      9000001
 grad_b=  -0.4688819741961583       -6.5315652754293213E-003 
   1.1035447291000894E-002
 bsub=   1.5477880989787432E-002   3.4041348051272804E-002 
    1.031127047630447     
 bsup=    0.000000000000000        0.1780674023707647      
   0.9247629249100258     
 b_abs=   0.9795106461067736     
 g=  -1.7816398598377366E-002
 j=    0.000000000000000        -1062.715172214955      
    284.1616031874931     
 v_perp_2=    36027620.81651525     
 b_n=  -2.0521425627913378E-006   0.1782069792337505      
   0.9247583493378387     
 b_para_n=   0.9795106477662900     
 dxdt=  -8.1018723418576730E-002    91.23869412458997      
    445.0327751541776     
 dudt=   -169768.5436985715     
 ---------------------
 rk4
 istep=     10000001
 grad_b=  -0.4706850651533747       -1.4688841489813240E-002 
   1.6804095162213373E-002
 bsub=   1.6958595933736401E-002   2.9763428547605227E-002 
    1.036498864653459     
 bsup=    0.000000000000000        0.1037768399112841      
   0.9250878223066329     
 b_abs=   0.9808463763473724     
 g=  -1.8151566889478242E-002
 j=    0.000000000000000        -1011.334568505723      
    352.8734683378071     
 v_perp_2=    36076750.63347569     
 b_n=   3.9211185428261114E-006   0.1036551235759751      
   0.9250912514722283     
 b_para_n=   0.9808463744382684     
 dxdt=  -0.1749129039039060        -38.60901927826477      
   -392.7236809458958     
 dudt=   -262888.3874811213     
 ---------------------
 rk4
 istep=     11000001
 grad_b=  -0.4556351124400255        3.0767278291158117E-002 
  -5.2000639247373887E-002
 bsub=   7.6872847332561268E-003   4.0844277091064710E-002 
    1.021080952494628     
 bsup=    0.000000000000000        0.6700793336031617      
   0.9243975979774676     
 b_abs=   0.9855293127549691     
 g=  -1.5204280636099878E-002
 j=    0.000000000000000         87.07214815560303      
    311.2128577271106     
 v_perp_2=    36248994.86116908     
 b_n=   7.5329498629244466E-007   0.6700897738327883      
   0.9243971748195098     
 b_para_n=   0.9855293128928587     
 dxdt=   0.4369910709733711         27.61249613809098      
    29.49179870701351     
 dudt=    512286.2693431704     
 ---------------------
 rk4
 istep=     12000001
 grad_b=  -0.4804527588472547       -1.9122102019408199E-002 
   1.9039274528892536E-002
 bsub=   1.7845001967547319E-002   2.6574612041109617E-002 
    1.039846123992599     
 bsup=    0.000000000000000        5.1284833319661827E-002 
   0.9241163856079834     
 b_abs=   0.9811249062944598     
 g=  -1.8421738917499347E-002
 j=    0.000000000000000        -691.1763533491533      
    376.8029623342154     
 v_perp_2=    36086995.30611649     
 b_n=  -4.8566251166799102E-006   5.1403907781304388E-002 
   0.9241134277945374     
 b_para_n=   0.9811249083536168     
 dxdt=  -0.2232218690569552         26.57710786175315      
    380.1430303681169     
 dudt=   -311416.7207329129     
 ---------------------
 rk4
 istep=     13000001
 grad_b=  -0.4650428307064935       -1.2701218465115127E-003 
   5.0472930189466858E-003
 bsub=   1.6498974104464100E-002   3.3351170473912096E-002 
    1.027513155860139     
 bsup=    0.000000000000000        0.1674443056601496      
   0.9282957637934210     
 b_abs=   0.9794300767972749     
 g=  -1.7676828263776607E-002
 j=    0.000000000000000        -1105.703528547705      
    261.5295672980670     
 v_perp_2=    36024657.36424816     
 b_n=   4.3150672044014399E-007   0.1673043465890187      
   0.9283002982386777     
 b_para_n=   0.9794300752889826     
 dxdt=  -1.6926292039444277E-002   -75.66531548176339      
   -450.0972270431032     
 dudt=   -83983.38025576188     
 ---------------------
 rk4
 istep=     14000001
 grad_b=  -0.4465605150740016        3.1965932316157623E-002 
  -4.6600798249738437E-002
 bsub=   9.3702998200815638E-003   4.0818989642362316E-002 
    1.020800030070236     
 bsup=    0.000000000000000        0.5562077849573257      
   0.9271369517178595     
 b_abs=   0.9844628741913777     
 g=  -1.5629835933179851E-002
 j=    0.000000000000000         612.5747304859385      
    346.7629823408095     
 v_perp_2=    36209769.91493750     
 b_n=   4.7835836874929512E-006   0.5562708712291328      
   0.9271343861552278     
 b_para_n=   0.9844628752224752     
 dxdt=   0.4395803679045847         119.1187993086879      
    188.6589650056668     
 dudt=    474972.7212869020     
 ---------------------
 Particle has exited the domain at step      14241686  s =  
   8.3000000339604571E-002
 Elapsed time (seconds):     73.26030299999999     

real	1m13.271s
user	1m13.106s
sys	0m0.014s
>>> [PID 3616035] DONE  u=500, v_perp=-6000, out=gc_grid/dat86.dat
