>>> [PID 3617078] START u=5000, v_perp=-6000, out=gc_grid/dat95.dat, dt=2e-09, steps=30000000
 outer boundary:   8.3000000000000462E-002
 rk4
 istep=            1
 grad_b=  -0.5028821449491530        4.9317105651792842E-003 
  -7.9828087898608097E-003
 bsub=   8.6924481564201045E-003   4.2252303974490792E-002 
    1.020727208975720     
 bsup=    0.000000000000000        0.5003101494043904      
   0.9181486067326370     
 b_abs=   0.9787596473505304     
 g=  -1.6418745336258908E-002
 j=    0.000000000000000         576.0999553429104      
    59.09226413562486     
 v_perp_2=    35999998.17275090     
 b_n=   1.7862718808799256E-005   0.5020170231522465      
   0.9180778053147605     
 b_para_n=   0.9787596531594510     
 dxdt=   0.1569531214059527         2570.835245766160      
    4689.746129328761     
 dudt=    91356.01026382009     
 ---------------------
 rk4
 istep=      1000001
 grad_b=   -1.046527153507291        9.4896942664178183E-002 
   0.2103290050185924     
 bsub=  -3.3605302421829714E-002  -7.6189004319955400E-002 
    1.210998342090236     
 bsup=    0.000000000000000       -0.8713217533153215      
   0.8945471234021944     
 b_abs=    1.072412199265576     
 g=  -1.6758938346022476E-002
 j=    0.000000000000000        -234.0725416667052      
    672.9632692011987     
 v_perp_2=    39444643.22885806     
 b_n=   3.2998354233840373E-004  -0.8681458494275839      
   0.8947561290967253     
 b_para_n=    1.072412243462953     
 dxdt=    2.735697006972671        -3745.867728172327      
    3874.479067823385     
 dudt=   -1808573.128513272     
 ---------------------
 rk4
 istep=      2000001
 grad_b=   4.7284973063760685E-002  -0.1138103906084618      
  -0.1593434069319690     
 bsub=   7.3641925551411552E-002   0.1024704571663985      
    1.931168925434203     
 bsup=    0.000000000000000        -1.232834040298793      
    1.047321408194038     
 b_abs=    1.376908540778561     
 g=  -1.1966397732272380E-002
 j=    0.000000000000000         255.6441663499583      
   -183.0486665819108     
 v_perp_2=    50644371.86514845     
 b_n=  -3.0191739459778063E-004   -1.232986950032444      
    1.047341029705038     
 b_para_n=    1.376908533475030     
 dxdt=   -2.431045492162447        -2882.526434293934      
    2447.885782712131     
 dudt=    354940.1514674034     
 ---------------------
 rk4
 istep=      3000001
 grad_b=  -0.9761612869889613        0.1325947361239689      
  -0.1266795965835569     
 bsub=   8.3219642193855473E-003  -0.1235623662791142      
    1.297661668321300     
 bsup=    0.000000000000000       -0.7963898771204273      
   0.8743091220758819     
 b_abs=    1.110241505205377     
 g=  -2.0072816140010614E-002
 j=    0.000000000000000        -810.6749440864211      
    293.1811779692810     
 v_perp_2=    40836017.91811045     
 b_n=   2.9696592995386917E-004  -0.7939868701929018      
   0.8745360498218490     
 b_para_n=    1.110241528222994     
 dxdt=    2.417323101970829        -3201.481380764725      
    3538.037969377525     
 dudt=    3583806.421971156     
 ---------------------
 rk4
 istep=      4000001
 grad_b=   0.6978096638153843       -5.8466699356506099E-002 
  -0.1624516745680848     
 bsub=   4.3994871443578769E-003   0.1131840394426281      
    1.477979860627177     
 bsup=    0.000000000000000       -0.5593609209608843      
    1.118817104716958     
 b_abs=    1.260885515399246     
 g=  -7.9185832617860406E-003
 j=    0.000000000000000         264.8365810303665      
   -23.15358996919338     
 v_perp_2=    46376874.24645199     
 b_n=  -2.1616756872522660E-004  -0.5626405345505138      
    1.119068901633126     
 b_para_n=    1.260885515265007     
 dxdt=   -1.695194733387932        -1722.151370336058      
    3395.128436214561     
 dudt=    2173960.549972452     
 ---------------------
 rk4
 istep=      5000001
 grad_b=   0.2377614841309156        9.5957126896105346E-003 
   0.1079567508485966     
 bsub=  -2.8076054701384811E-002   3.1801126995505052E-002 
    1.022458188164870     
 bsup=    0.000000000000000        0.2451391048209000      
    1.089291397451848     
 b_abs=    1.059323438417126     
 g=  -1.2480698849714700E-002
 j=    0.000000000000000        -279.0250021247497      
   -165.0544189206925     
 v_perp_2=    38963161.86699648     
 b_n=   2.2364756930310244E-005   0.2442760238081115      
    1.089318845532172     
 b_para_n=    1.059323428648101     
 dxdt=   0.1867246128817324         1079.116362593822      
    4827.371898228218     
 dudt=   -2082389.409410794     
 ---------------------
 rk4
 istep=      6000001
 grad_b=  -0.3306389025123461       -6.9015276770623048E-003 
  -3.9254891922621507E-002
 bsub=   3.6211753866211380E-002  -3.3982505661838761E-002 
   0.9226100784229818     
 bsup=    0.000000000000000       -0.1772407884654654      
    1.066452021919483     
 b_abs=   0.9952770036317248     
 g=  -1.4495910566773330E-002
 j=    0.000000000000000         497.4846240285698      
   -207.0442409263211     
 v_perp_2=    36607448.66699062     
 b_n=  -2.7711573882091241E-005  -0.1761482212510614      
    1.066493337414190     
 b_para_n=   0.9952769900029257     
 dxdt=  -0.2407014375797046        -870.0354063305291      
    5292.433691587820     
 dudt=    750944.4822047646     
 ---------------------
 rk4
 istep=      7000001
 grad_b=   0.6009614115359165        7.1760350471535103E-002 
   0.1874095336776782     
 bsub=   9.3974862554584357E-003   0.1550071000412403      
    1.774318576554570     
 bsup=    0.000000000000000       -0.8947485972120022      
    1.083310955481395     
 b_abs=    1.335355557341952     
 g=  -8.1143502939831531E-003
 j=    0.000000000000000        -599.7812616893552      
    134.1795536321187     
 v_perp_2=    49115910.96091463     
 b_n=   2.4495080571031175E-004  -0.8974019523895224      
    1.083541461941581     
 b_para_n=    1.335355561029889     
 dxdt=    1.939106140862009        -2330.872100216191      
    2798.481474164689     
 dudt=   -1911769.642031861     
 ---------------------
 rk4
 istep=      8000001
 grad_b=  -0.7339459770221451       -0.1461180416663290      
   0.1275313697426450     
 bsub=  -1.3947539192084406E-002  -0.2042489633271214      
    1.464795039877108     
 bsup=    0.000000000000000        -1.096176433257160      
   0.8883044664715548     
 b_abs=    1.234787887108169     
 g=  -1.7890061455675829E-002
 j=    0.000000000000000         68.60996957838096      
   -201.7817247521647     
 v_perp_2=    45416902.15848127     
 b_n=  -2.8460961864270836E-004   -1.094551448309901      
   0.8885283332016918     
 b_para_n=    1.234787876570982     
 dxdt=   -2.235799668057664        -3491.645406971774      
    2841.615112699645     
 dudt=   -4072795.064539182     
 ---------------------
 rk4
 istep=      9000001
 grad_b=   0.4227475058209043        3.6816195290869408E-002 
  -8.8693813121416415E-003
 bsub=  -5.1457590288427307E-002   0.1688019095752534      
    2.046272206984645     
 bsup=    0.000000000000000        -1.155219329640620      
    1.072685726003262     
 b_abs=    1.414344499186621     
 g=  -9.4077061734507018E-003
 j=    0.000000000000000        -189.0371818033898      
    316.5166458713407     
 v_perp_2=    52021180.85297667     
 b_n=   1.2798538384186259E-004   -1.156659549285118      
    1.072807760009964     
 b_para_n=    1.414344511312789     
 dxdt=    1.056652581181606        -2459.368778828347      
    2273.627881540568     
 dudt=    676733.2792665791     
 ---------------------
 rk4
 istep=     10000001
 grad_b=   -1.104217669259481       -1.8496133257440654E-002 
  -9.2915450772964550E-002
 bsub=   4.6633487579472131E-003  -8.1520337058197251E-002 
    1.073470488772269     
 bsup=    0.000000000000000       -0.6203226041273056      
   0.9063802191506358     
 b_abs=    1.011535433785428     
 g=  -1.7994347181347663E-002
 j=    0.000000000000000         143.2077951181188      
   -159.0162041899133     
 v_perp_2=    37205392.15543723     
 b_n=  -7.6024944706809324E-005  -0.6170384417885246      
   0.9066299409572656     
 b_para_n=    1.011535422355455     
 dxdt=  -0.6532420213145502        -2963.189907738546      
    4373.022903910382     
 dudt=    1322531.855243168     
 ---------------------
 rk4
 istep=     11000001
 grad_b=   0.3531373800056616        9.4027927348218715E-002 
  -0.1748257500128639     
 bsub=  -1.2832652682098173E-002   1.8157087693564472E-002 
    1.180129365363128     
 bsup=    0.000000000000000        0.6011178843553719      
   0.9752630476220100     
 b_abs=    1.078001730745000     
 g=  -1.3270493221392787E-002
 j=    0.000000000000000         16.38005586631277      
    192.9792364040964     
 v_perp_2=    39650086.46224030     
 b_n=   3.5777027357135013E-004   0.5998186208373029      
   0.9752869389290056     
 b_para_n=    1.078001742664895     
 dxdt=    2.957468115854392         2565.807832494214      
    4180.429270004039     
 dudt=    1944470.305497714     
 ---------------------
 rk4
 istep=     12000001
 grad_b=  -0.5201776092880679        0.1356886924779564      
   0.1623584709566508     
 bsub=  -5.1326808119944708E-002  -4.9198059500947910E-002 
    1.044162844703474     
 bsup=    0.000000000000000       -0.5911179435491110      
    1.035514957588533     
 b_abs=    1.053338916271904     
 g=  -1.1119002078798925E-002
 j=    0.000000000000000        -686.2113511026469      
    135.9965230384359     
 v_perp_2=    38742947.37602121     
 b_n=   5.9876924795501760E-004  -0.5889783809116852      
    1.035645210828190     
 b_para_n=    1.053338926096864     
 dxdt=    5.015894726149361        -2629.600279406056      
    4638.998455006919     
 dudt=   -1534959.702080179     
 ---------------------
 rk4
 istep=     13000001
 grad_b=  -0.1194686233463529       -6.7753107151544659E-002 
  -1.3666477896524400E-002
 bsub=   0.1059872702606834       -6.5133410956487128E-002 
    1.725799511513946     
 bsup=    0.000000000000000        -1.181767856758337      
   0.9875467793481516     
 b_abs=    1.334600058893516     
 g=  -1.5671623028346800E-002
 j=    0.000000000000000        -1486.997962226370      
   8.7991298912612592E-002
 v_perp_2=    49088016.03021564     
 b_n=  -1.5240015894630164E-004   -1.181503084991272      
   0.9875661334288880     
 b_para_n=    1.334600061364618     
 dxdt=   -1.206177086394775        -3054.043042848011      
    2554.022003227561     
 dudt=   -917351.3979142427     
 ---------------------
 rk4
 istep=     14000001
 grad_b=  -0.4656825165265203        0.1577059925927312      
  -0.1035821902371437     
 bsub=  -9.9582703628797280E-003  -0.2191510762811192      
    1.464326965321354     
 bsup=    0.000000000000000        -1.131028854590480      
   0.8929935461445492     
 b_abs=    1.247122164716523     
 g=  -1.7808029588768814E-002
 j=    0.000000000000000        -205.7119018487847      
    8.466876160874314     
 v_perp_2=    45870473.25440601     
 b_n=   3.0593189636424385E-004   -1.130025496375485      
   0.8931457907916533     
 b_para_n=    1.247122166606340     
 dxdt=    2.400637453230090        -3519.710590835519      
    2786.366483131454     
 dudt=    3994329.869267882     
 ---------------------
 rk4
 istep=     15000001
 grad_b=   0.5516715920092868       -6.6573841982772788E-002 
  -0.1608652334730038     
 bsub=   2.0755018990359763E-002   0.1270182097079730      
    1.631380154135112     
 bsup=    0.000000000000000       -0.9327435682823254      
    1.097322497184405     
 b_abs=    1.293545199527234     
 g=  -7.6679436174449597E-003
 j=    0.000000000000000         997.4546811092659      
    189.4142745658851     
 v_perp_2=    47577945.85729789     
 b_n=  -2.6339434545881755E-004  -0.9354419399147247      
    1.097535951608464     
 b_para_n=    1.293545212068509     
 dxdt=   -2.068174302855910        -2662.928253711884      
    3109.541138738908     
 dudt=    1626793.897006186     
 ---------------------
 rk4
 istep=     16000001
 grad_b=  -0.1072104996914072       -3.7889520862780662E-004 
   6.6790135836993655E-002
 bsub=  -3.6136513603272774E-002   5.0140729393756064E-004 
   0.9607552567455029     
 bsup=    0.000000000000000        3.9709851661999029E-002 
    1.064949341481136     
 b_abs=    1.011397173269723     
 g=  -1.4300357859083186E-002
 j=    0.000000000000000        -660.1364059578441      
    165.7715800237591     
 v_perp_2=    37200229.14910237     
 b_n=  -1.3869012529478761E-006   4.0060759625626684E-002 
    1.064949116671312     
 b_para_n=    1.011397183234521     
 dxdt=  -1.1917961186903176E-002    194.5571031958339      
    5136.809152094046     
 dudt=   -1293067.656190151     
 ---------------------
 rk4
 istep=     17000001
 grad_b=  -2.9790706792837351E-002  -2.8971064407565274E-002 
  -8.1557935320086067E-002
 bsub=   3.9221180449611787E-002  -2.1172042913656999E-003 
   0.9520779547890306     
 bsup=    0.000000000000000        6.8148120315587812E-002 
    1.105567993858324     
 b_abs=    1.025517265759057     
 g=  -1.2695058515977790E-002
 j=    0.000000000000000         43.89060437183537      
    83.74988222433404     
 v_perp_2=    37719570.07926249     
 b_n=  -1.0493455769601777E-004   6.8243261400661323E-002 
    1.105572533419902     
 b_para_n=    1.025517270562649     
 dxdt=  -0.8936695706919648         321.4419117384024      
    5201.650914203207     
 dudt=    1652378.630711249     
 ---------------------
 rk4
 istep=     18000001
 grad_b=   0.7235234820832337        4.1144742335859075E-002 
   0.1682241873989674     
 bsub=   2.4683409341516471E-002   0.1292478750222940      
    1.620947299939708     
 bsup=    0.000000000000000       -0.6487909385067951      
    1.092826967556439     
 b_abs=    1.299266962574049     
 g=  -8.5456356995692075E-003
 j=    0.000000000000000        -286.5696761094918      
   -30.60552728821541     
 v_perp_2=    47788340.06587753     
 b_n=   1.1848728815787254E-004  -0.6518714056653662      
    1.093070785463014     
 b_para_n=    1.299266960121323     
 dxdt=   0.9309720289537112        -1839.238922458626      
    3059.170987501928     
 dudt=   -2224318.996273904     
 ---------------------
 rk4
 istep=     19000001
 grad_b=   -1.074530875852295       -0.1197386829426922      
   0.1419515279456204     
 bsub=  -1.9459306581610818E-002  -0.1364485825764476      
    1.346338975260332     
 bsup=    0.000000000000000       -0.8618558232692740      
   0.8729044128917482     
 b_abs=    1.136971430639139     
 g=  -1.9927078823033111E-002
 j=    0.000000000000000         1.933413745250050      
    330.2086128374884     
 v_perp_2=    41818937.06540792     
 b_n=  -2.5228302610407957E-004  -0.8592875968135641      
   0.8731610675032442     
 b_para_n=    1.136971450428352     
 dxdt=   -2.031157505449014        -3299.195366866559      
    3364.497930433842     
 dudt=   -3673456.277274458     
 ---------------------
 rk4
 istep=     20000001
 grad_b=   0.4195543940151013        2.2902933769550299E-002 
   4.4360220200906936E-002
 bsub=  -2.3816920573458758E-002   0.1804438563588020      
    2.137330081483740     
 bsup=    0.000000000000000        -1.488693363681336      
    1.075325776765891     
 b_abs=    1.424909579253394     
 g=  -7.6360162075389832E-003
 j=    0.000000000000000         779.1540253396942      
    215.3088134463962     
 v_perp_2=    52409566.58831300     
 b_n=   8.0980480490737110E-005   -1.490468896098236      
    1.075476585885493     
 b_para_n=    1.424909590654693     
 dxdt=   0.6746911827848667        -3076.936119807746      
    2213.129930324284     
 dudt=   -175607.9423807681     
 ---------------------
 rk4
 istep=     21000001
 grad_b=   -1.285565825682550        4.6076527246948093E-002 
  -0.1457785295962234     
 bsub=   1.8858714327903585E-002  -9.4421476482429212E-002 
    1.240930051194912     
 bsup=    0.000000000000000       -0.7936263161959631      
   0.8700836029681187     
 b_abs=    1.074748143086033     
 g=  -2.0186692474667863E-002
 j=    0.000000000000000        -163.9560873033429      
   -384.9572259095723     
 v_perp_2=    39530268.61139096     
 b_n=   9.0251033021652145E-005  -0.7903155959784814      
   0.8703341206137925     
 b_para_n=    1.074748118710244     
 dxdt=   0.7473035404814004        -3394.134560844305      
    3753.251781411035     
 dudt=    2796132.448263692     
 ---------------------
 rk4
 istep=     22000001
 grad_b=   0.7817030238840296        5.6033299860121448E-002 
  -0.1654034092543731     
 bsub=  -6.0367582162975539E-002   3.0553319271780330E-002 
    1.468953087823568     
 bsup=    0.000000000000000       -0.2523736963509968      
    1.023069478708318     
 b_abs=    1.222854403287813     
 g=  -1.2210241729158033E-002
 j=    0.000000000000000        -5.392803999968635      
    313.1177571983515     
 v_perp_2=    44977748.82265549     
 b_n=   2.0036252384687743E-004  -0.2549843016830361      
    1.023132025188441     
 b_para_n=    1.222854419467815     
 dxdt=    1.576400011639152        -846.6366626593510      
    3349.314614827813     
 dudt=    2757556.669074670     
 ---------------------
 rk4
 istep=     23000001
 grad_b=  -0.2323436024156934        9.1158066870872370E-002 
   0.1100342395638861     
 bsub=  -4.9610625944910711E-002  -1.3067500526906681E-002 
   0.9414608910408108     
 bsup=    0.000000000000000       -0.3181829162224004      
    1.149207692444870     
 b_abs=    1.042914139302276     
 g=  -9.1476943440764076E-003
 j=    0.000000000000000         815.2082867030048      
   -151.3105924244131     
 v_perp_2=    38359357.29380479     
 b_n=   4.3656145866130780E-004  -0.3171158059671741      
    1.149245498973211     
 b_para_n=    1.042914130496958     
 dxdt=    3.679083633376422        -1442.693187576932      
    5243.493584368786     
 dudt=   -1718357.246561543     
 ---------------------
 rk4
 istep=     24000001
 grad_b=  -0.3255783387612680       -0.1904643232302336      
   0.1089614992794867     
 bsub=   2.2558529897467358E-002  -8.6424271818834331E-002 
    1.268965729144506     
 bsup=    0.000000000000000       -0.6143442231045622      
   0.9033018189797865     
 b_abs=    1.095014976169422     
 g=  -2.0669173627756006E-002
 j=    0.000000000000000        -119.8745106809601      
   -87.37133543040812     
 v_perp_2=    40275661.88634543     
 b_n=  -4.4635196351204938E-004  -0.6135455822513359      
   0.9033641417857431     
 b_para_n=    1.095014971152691     
 dxdt=   -3.658795398500539        -2547.519079100691      
    3755.884602835053     
 dudt=   -3618176.029502913     
 ---------------------
 rk4
 istep=     25000001
 grad_b=  -0.9293553538400150       -5.6004935946718723E-002 
   0.1378271756556403     
 bsub=  -6.2157039600946574E-002  -0.1904647149596809      
    1.531872977736120     
 bsup=    0.000000000000000        -1.215219051037710      
   0.9030870540814779     
 b_abs=    1.270675929065879     
 g=  -1.9477643528159439E-002
 j=    0.000000000000000        -46.60761757749026      
    18.21756145526469     
 v_perp_2=    46736617.98411874     
 b_n=  -7.4803081535609531E-005   -1.213441244567558      
   0.9033050625630088     
 b_para_n=    1.270675930196998     
 dxdt=  -0.5865795525476070        -3597.920010757185      
    2685.855143228576     
 dudt=   -2786452.516107753     
 ---------------------
 rk4
 istep=     26000001
 grad_b=   0.4450742685811416       -7.8420049815899784E-002 
  -0.2058447321800669     
 bsub=   4.2605916544303422E-002   0.1176538165435344      
    1.766033184120440     
 bsup=    0.000000000000000        -1.418392091019350      
    1.073243732964660     
 b_abs=    1.314950330710469     
 g=  -8.4938871545770372E-003
 j=    0.000000000000000         1660.173664204480      
   -56.14862860164793     
 v_perp_2=    48365053.55649599     
 b_n=  -2.8933790695475210E-004   -1.420404403793934      
    1.073384776295227     
 b_para_n=    1.314950333309391     
 dxdt=   -2.279100054786091        -3850.041403018410      
    2902.297945456594     
 dudt=    1534104.431423882     
 ---------------------
 rk4
 istep=     27000001
 grad_b=  -0.4460193507608671       -7.9663864752512817E-003 
   1.7784934270571887E-002
 bsub=  -3.3155269155275287E-002  -2.3973917382065588E-002 
   0.9613898246916501     
 bsup=    0.000000000000000       -0.2329654859241757      
    1.003346626349639     
 b_abs=   0.9850154870097600     
 g=  -1.6788069625751353E-002
 j=    0.000000000000000         728.8201033860241      
   -153.0140449610321     
 v_perp_2=    36229737.50482731     
 b_n=  -2.3118464389409995E-005  -0.2315966676556990      
    1.003379951546428     
 b_para_n=   0.9850154759113846     
 dxdt=  -0.2022354712892294        -1165.127332852206      
    5069.886320219768     
 dudt=   -367809.4344784505     
 ---------------------
 rk4
 istep=     28000001
 grad_b=   0.2643993162385014       -4.4108895875828696E-002 
  -0.1160539528452595     
 bsub=   3.3876940921141074E-002   3.2719205787140902E-002 
    1.029633568862407     
 bsup=    0.000000000000000        8.3810473926364204E-002 
    1.120985405314115     
 b_abs=    1.075842062099423     
 g=  -1.0997018122244186E-002
 j=    0.000000000000000        -414.8981550075937      
    318.5747553908927     
 v_perp_2=    39570408.73603229     
 b_n=  -1.5835107119264256E-004   8.2759695287217452E-002 
    1.121024023790256     
 b_para_n=    1.075842078632518     
 dxdt=   -1.310445334717051         351.9300347638676      
    4823.776122658801     
 dudt=    2287034.546216791     
 ---------------------
 rk4
 istep=     29000001
 grad_b=   0.7929637604548755        1.7980130489711373E-002 
   0.1609663053629097     
 bsub=   2.9329182430410012E-002   9.4713385251161630E-002 
    1.464867044996834     
 bsup=    0.000000000000000       -0.3587222583032318      
    1.093212899503555     
 b_abs=    1.252004875729274     
 g=  -8.7217071094843873E-003
 j=    0.000000000000000         1106.074286699500      
   -90.45587016672459     
 v_perp_2=    46049808.22892529     
 b_n=   3.2820779390049414E-005  -0.3621450732693619      
    1.093433549330129     
 b_para_n=    1.252004874829539     
 dxdt=   0.2574649692857902        -1134.687275908006      
    3377.883841516580     
 dudt=   -2490048.619094521     
 ---------------------
 Elapsed time (seconds):     153.8345470000000     

real	2m33.844s
user	2m33.534s
sys	0m0.013s
>>> [PID 3617078] DONE  u=5000, v_perp=-6000, out=gc_grid/dat95.dat
