>>> [PID 3600642] START u=4000, v_perp=-10000, out=gc_grid/dat9.dat, dt=2e-09, steps=30000000
 outer boundary:   8.3000000000000462E-002
 rk4
 istep=            1
 grad_b=  -0.5028822421908292        4.9318153290201089E-003 
  -7.9830275363102915E-003
 bsub=   8.6924206690523892E-003   4.2252319514184844E-002 
    1.020727147526804     
 bsup=    0.000000000000000        0.5003121290398341      
   0.9181485889104677     
 b_abs=   0.9787596572857273     
 g=  -1.6418735254977390E-002
 j=    0.000000000000000         576.0999780615734      
    59.09380411976908     
 v_perp_2=    99999995.93938845     
 b_n=   1.4290493438257800E-005   0.5016776291495684      
   0.9180919477037173     
 b_para_n=   0.9787596619329507     
 dxdt=   0.2409101391161388         2067.697732401002      
    3751.339930463164     
 dudt=    253773.9202918180     
 ---------------------
 rk4
 istep=      1000001
 grad_b=   0.2025621738443871        0.1815535134265471      
  -0.1363660830361419     
 bsub=  -3.9349573474714288E-002  -6.6652412700685823E-002 
    1.341255280111917     
 bsup=    0.000000000000000       -0.4707556093606720      
   0.9353432044507567     
 b_abs=    1.134194210685505     
 g=  -1.8698358146926532E-002
 j=    0.000000000000000         714.4830788588588      
    203.2195788316178     
 v_perp_2=    115880748.3374878     
 b_n=  -3.5208365499336138E-005  -0.4707156125175543      
   0.9353441584462827     
 b_para_n=    1.134194209891644     
 dxdt=    5.219157466196381         137.4016487737445      
   -284.9256714531145     
 dudt=    9594436.731746860     
 ---------------------
 Particle has exited the domain at step       1292413  s =  
   8.3000001954216571E-002
 Elapsed time (seconds):     6.901095000000000     

real	0m6.917s
user	0m6.873s
sys	0m0.023s
>>> [PID 3600642] DONE  u=4000, v_perp=-10000, out=gc_grid/dat9.dat
