>>> [PID 3617919] START u=6000, v_perp=-6000, out=gc_grid/dat97.dat, dt=2e-09, steps=30000000
 outer boundary:   8.3000000000000462E-002
 rk4
 istep=            1
 grad_b=  -0.5028820390067898        4.9316086826276667E-003 
  -7.9825930134038159E-003
 bsub=   8.6924760320118422E-003   4.2252288277474646E-002 
    1.020727270254837     
 bsup=    0.000000000000000        0.5003081576843241      
   0.9181486252993005     
 b_abs=   0.9787596374156059     
 g=  -1.6418755429090531E-002
 j=    0.000000000000000         576.0999561162396      
    59.09076265401897     
 v_perp_2=    35999997.80733197     
 b_n=   2.1434799004619447E-005   0.5023564046498220      
   0.9180636637011019     
 b_para_n=   0.9787596443861840     
 dxdt=   0.1970996598668167         3085.827187951101      
    5627.660766845852     
 dudt=    91353.43459756717     
 ---------------------
 rk4
 istep=      1000001
 grad_b=  -0.3062570105291655        0.1726504353799525      
  -9.4758013283854026E-002
 bsub=  -2.6276542751724405E-002  -0.2140299443846304      
    1.452266490034312     
 bsup=    0.000000000000000        -1.112104031332447      
   0.8976856699841176     
 b_abs=    1.241756432192189     
 g=  -1.8490379388236129E-002
 j=    0.000000000000000         156.0662813918063      
    163.1909756811024     
 v_perp_2=    45673322.19758056     
 b_n=   4.3386926756897341E-004   -1.111261982995007      
   0.8978176259329285     
 b_para_n=    1.241756441098468     
 dxdt=    3.347851456164976        -4588.730119064728      
    3710.266423977289     
 dudt=    4103431.444279637     
 ---------------------
 rk4
 istep=      2000001
 grad_b=  -0.5543738831927355       -1.0141611782310385E-002 
  -1.8365829540549231E-002
 bsub=   2.3294306971435006E-002  -7.1710660781194702E-002 
   0.8867137038042090     
 bsup=    0.000000000000000       -0.3507853184970660      
    1.068311043723097     
 b_abs=   0.9856774623686725     
 g=  -1.3605957054970204E-002
 j=    0.000000000000000        -76.58123530378046      
    125.6130538354097     
 v_perp_2=    36254403.69954412     
 b_n=  -4.8781630811642518E-005  -0.3484614269923052      
    1.068500274416911     
 b_para_n=   0.9856774718238066     
 dxdt=  -0.4459434337027980        -2106.492369253555      
    6481.717231243860     
 dudt=    299698.7178111101     
 ---------------------
 rk4
 istep=      3000001
 grad_b=   0.4256672229200079       -7.4011317563617507E-002 
  -0.2170852042348809     
 bsub=   1.9606583247699792E-002   0.1631047445573486      
    1.944744374904063     
 bsup=    0.000000000000000        -1.382764521763086      
    1.073349088493147     
 b_abs=    1.364197025389885     
 g=  -7.5439274177326269E-003
 j=    0.000000000000000        -1415.508018391173      
    423.1491201445945     
 v_perp_2=    50176777.56639063     
 b_n=  -3.7777726864130786E-004   -1.385661022892084      
    1.073595838995196     
 b_para_n=    1.364197044927122     
 dxdt=   -2.780864192531971        -4756.436596372785      
    3677.374680742666     
 dudt=    1761521.860816390     
 ---------------------
 rk4
 istep=      4000001
 grad_b=   0.8020387544963455        1.2161993203023747E-002 
   0.1605062888492039     
 bsub=   1.5016145068974474E-002   7.3040889306590751E-002 
    1.297456841660743     
 bsup=    0.000000000000000        6.9782023455555009E-002 
    1.098100316114336     
 b_abs=    1.195392028963699     
 g=  -9.0189340407331071E-003
 j=    0.000000000000000        -1258.058706385141      
    317.4843524556546     
 v_perp_2=    43967899.20670810     
 b_n=   1.7432560113653783E-005   6.5319950406520791E-002 
    1.098351323036376     
 b_para_n=    1.195392044552313     
 dxdt=   0.1377628537652888         273.8111643784683      
    4865.601785613405     
 dudt=   -2724612.210322702     
 ---------------------
 rk4
 istep=      5000001
 grad_b=   -1.102218291282143        0.1154653103225797      
  -0.1460981728511475     
 bsub=   2.2529480989695129E-002  -0.1385038917038267      
    1.356113400688075     
 bsup=    0.000000000000000       -0.8769461765236148      
   0.8723788227299810     
 b_abs=    1.142138307368313     
 g=  -1.9977903983513314E-002
 j=    0.000000000000000         282.0443702035223      
    270.9318452043560     
 v_perp_2=    42009140.75714508     
 b_n=   2.9974721647375109E-004  -0.8736673976578937      
   0.8727087296397247     
 b_para_n=    1.142138325490076     
 dxdt=    2.443844665779198        -4178.100497604230      
    4185.622250373100     
 dudt=    3682663.484643489     
 ---------------------
 rk4
 istep=      6000001
 grad_b=  -0.4063271249010793        2.6241596057204469E-003 
  -2.7261859607150482E-002
 bsub=   3.4426114186678056E-002  -3.3605757194285241E-002 
   0.9384081353401248     
 bsup=    0.000000000000000       -0.2315243852203588      
    1.034009987356809     
 b_abs=   0.9890804893971715     
 g=  -1.5728383454111462E-002
 j=    0.000000000000000         868.9431871973195      
   -136.0038489240069     
 v_perp_2=    36379482.87634489     
 b_n=   6.2750130291911853E-006  -0.2299808523965093      
    1.034065020046946     
 b_para_n=   0.9890804768189737     
 dxdt=   5.7200262625048827E-002   -1382.990565860300      
    6239.907225248518     
 dudt=    535432.2274756167     
 ---------------------
 rk4
 istep=      7000001
 grad_b=   0.5285697519833586        9.1213679154824728E-003 
  -0.1007229199672653     
 bsub=  -6.1769721020612463E-002   0.1607907367286525      
    1.966605594493088     
 bsup=    0.000000000000000       -0.9812768496561942      
    1.070327442996803     
 b_abs=    1.395371067991171     
 g=  -9.9578624571732572E-003
 j=    0.000000000000000         173.6233659221666      
   -63.40964835282610     
 v_perp_2=    51323271.27515328     
 b_n=   8.3747511907786271E-005  -0.9838119952199210      
    1.070537346211853     
 b_para_n=    1.395371065019678     
 dxdt=   0.6116206170228675        -3216.251673024779      
    3489.463787410474     
 dudt=    1538822.103700197     
 ---------------------
 rk4
 istep=      8000001
 grad_b=   0.4648912443538692        8.5998437410982287E-002 
   0.1711799845349360     
 bsub=  -3.5971264405703009E-002   6.9670545315950516E-002 
    1.226830236779751     
 bsup=    0.000000000000000       -0.4862338780688625      
    1.133221993398450     
 b_abs=    1.165305427589817     
 g=  -8.1042257939389264E-003
 j=    0.000000000000000         670.1772260791060      
    124.8406299104958     
 v_perp_2=    42861174.74083128     
 b_n=   4.8019879754613703E-004  -0.4891921278040708      
    1.133404079227356     
 b_para_n=    1.165305438033812     
 dxdt=    3.860405824011482        -2276.161005411063      
    5250.882822128944     
 dudt=   -2401495.729779426     
 ---------------------
 rk4
 istep=      9000001
 grad_b=   -1.130822027000196       -8.3358782058520653E-002 
  -0.2385002242766740     
 bsub=   3.9852046472923786E-002  -7.6552519032589014E-002 
    1.307150109571410     
 bsup=    0.000000000000000       -0.9697425932463288      
   0.8844895481426615     
 b_abs=    1.109195749177218     
 g=  -1.8231858865692993E-002
 j=    0.000000000000000         639.8100103208976      
    211.7176670035710     
 v_perp_2=    40797376.93553282     
 b_n=  -3.3143686883111974E-004  -0.9659163940897895      
   0.8847237436634904     
 b_para_n=    1.109195762772167     
 dxdt=   -2.760310936374180        -4851.776362725298      
    4456.256480962492     
 dudt=    2157305.764109624     
 ---------------------
 rk4
 istep=     10000001
 grad_b=   0.2064948224178030       -0.1813790174811044      
   0.1372802065345053     
 bsub=   3.8807087520402933E-002  -6.4908083739072336E-002 
    1.339225580687828     
 bsup=    0.000000000000000       -0.4569419926548740      
   0.9354903208168166     
 b_abs=    1.132686721229980     
 g=  -1.8666518487980319E-002
 j=    0.000000000000000         751.2807145748792      
    183.9194197022792     
 v_perp_2=    41661378.93752826     
 b_n=  -5.6301680536163204E-004  -0.4575945133057983      
   0.9354750192917199     
 b_para_n=    1.132686732379380     
 dxdt=   -4.617669759718687        -2227.378115601239      
    4548.994573417615     
 dudt=   -3430764.759783670     
 ---------------------
 rk4
 istep=     11000001
 grad_b=  -0.8829533293862514        7.0087672064550022E-002 
  -7.2963743364017133E-002
 bsub=  -1.2200980389692154E-002  -5.4788022826700561E-002 
    1.116661851215260     
 bsup=    0.000000000000000       -0.5829806943201661      
   0.8966197074750376     
 b_abs=    1.016652523248580     
 g=  -2.0005207369687607E-002
 j=    0.000000000000000         841.1554097793917      
    338.0706513952615     
 v_perp_2=    37393497.65223484     
 b_n=   2.2104525631558682E-004  -0.5800433966039751      
   0.8967662611649143     
 b_para_n=    1.016652548047101     
 dxdt=    1.970079152999562        -3347.164133757261      
    5189.480658779442     
 dudt=    1922538.611027357     
 ---------------------
 rk4
 istep=     12000001
 grad_b=   -1.109651218223919        1.4563292273239783E-003 
   8.7367713947556935E-002
 bsub=  -6.3842825126385339E-004  -7.6791611310649113E-002 
    1.082708404405739     
 bsup=    0.000000000000000       -0.6262325453289307      
   0.9025742381420121     
 b_abs=    1.012389037495789     
 g=  -1.8581263990312080E-002
 j=    0.000000000000000         601.2684907204126      
   -630.6754433203090     
 v_perp_2=    37236668.22128230     
 b_n=   2.6836509106234846E-005  -0.6223414670234241      
   0.9028501790043136     
 b_para_n=    1.012388982363556     
 dxdt=   0.2399992597752724        -3612.312669115681      
    5258.962461216906     
 dudt=   -1415883.183631140     
 ---------------------
 rk4
 istep=     13000001
 grad_b=   0.6687678293448087       -5.4939177327762108E-002 
  -0.1603246291423002     
 bsub=  -3.9376246212932328E-003   0.1285916562402766      
    1.583652536170074     
 bsup=    0.000000000000000       -0.6713950665891144      
    1.104466087109249     
 b_abs=    1.289817288100319     
 g=  -8.0533160060352361E-003
 j=    0.000000000000000         353.2176448213494      
   -157.2465663972915     
 v_perp_2=    47440722.64794136     
 b_n=  -2.5689976092033964E-004  -0.6754909493381753      
    1.104798025129392     
 b_para_n=    1.289817280126947     
 dxdt=   -1.940402862411192        -2610.568835718742      
    4246.083223006997     
 dudt=    1998820.116289636     
 ---------------------
 rk4
 istep=     14000001
 grad_b=   0.7138574126117482        4.5349842299667598E-002 
   0.1743827834453293     
 bsub=   2.6565447653850337E-002   0.1366934138310879      
    1.666947763253410     
 bsup=    0.000000000000000       -0.7002647177815371      
    1.088824687620744     
 b_abs=    1.311332031730819     
 g=  -8.6104017452756296E-003
 j=    0.000000000000000        -549.3587691381922      
    64.86601295273969     
 v_perp_2=    48232019.57697675     
 b_n=   1.7829055629030693E-004  -0.7043477810050812      
    1.089156667487928     
 b_para_n=    1.311332032962067     
 dxdt=    1.335394756284999        -2634.010872691532      
    4050.495144196418     
 dudt=   -2217450.084480036     
 ---------------------
 rk4
 istep=     15000001
 grad_b=   -1.017576523437965        8.6055101757924104E-003 
  -6.6532206775700681E-002
 bsub=  -7.4517809112779228E-003  -6.9273572345192935E-002 
    1.060182998636860     
 bsup=    0.000000000000000       -0.5753733254846343      
   0.9142377906033811     
 b_abs=    1.004502237564860     
 g=  -1.8697868143201877E-002
 j=    0.000000000000000         1189.987319967466      
   -840.0209628375636     
 v_perp_2=    36946508.57582925     
 b_n=   1.4820983758961657E-005  -0.5718298706304821      
   0.9144693570639985     
 b_para_n=    1.004502162508468     
 dxdt=   0.1333925179689928        -3359.394875788838      
    5390.659381422682     
 dudt=    1204259.936408313     
 ---------------------
 rk4
 istep=     16000001
 grad_b=   -1.018000174109293       -4.0519231742472940E-002 
   7.6046556926554945E-002
 bsub=   8.2718805646640730E-003  -6.3577385022368219E-002 
    1.100729629780276     
 bsup=    0.000000000000000       -0.6097155097366422      
   0.8988332014258292     
 b_abs=    1.013977260084160     
 g=  -1.9527827971458890E-002
 j=    0.000000000000000         1220.218939851205      
   -377.3881668725966     
 v_perp_2=    37294993.59831649     
 b_n=  -1.2206542961120608E-004  -0.6062738643823021      
   0.8990328715928961     
 b_para_n=    1.013977222949812     
 dxdt=   -1.090242376830980        -3511.640488884278      
    5223.904956604601     
 dudt=   -1687792.778220854     
 ---------------------
 rk4
 istep=     17000001
 grad_b=   0.7471820901523624        3.4750241022456482E-002 
  -0.1639747740605317     
 bsub=  -7.6353104137915087E-002   5.6681786685998090E-002 
    1.624974009926419     
 bsup=    0.000000000000000       -0.6760442787132134      
    1.035399640362703     
 b_abs=    1.282008444315953     
 g=  -1.1588521958347500E-002
 j=    0.000000000000000        -913.3409485089386      
   -28.52004561646440     
 v_perp_2=    47153390.61143255     
 b_n=   1.8005255274661217E-004  -0.6793342918341756      
    1.035522858566129     
 b_para_n=    1.282008440404035     
 dxdt=    1.364361655036151        -2653.489716749714      
    4026.719759441794     
 dudt=    2772495.746794568     
 ---------------------
 rk4
 istep=     18000001
 grad_b=   0.3697751497150314        0.1262491421465444      
   0.2334789747361287     
 bsub=  -5.2718439295052197E-002   7.2367187820132739E-002 
    1.520736609155979     
 bsup=    0.000000000000000        -1.047068934396763      
    1.066125553346075     
 b_abs=    1.243178713157043     
 g=  -9.3205676567808156E-003
 j=    0.000000000000000        -1254.282730450551      
    298.4452046722424     
 v_perp_2=    45725167.33373663     
 b_n=   6.5182622283356073E-004   -1.049208206346435      
    1.066249964132478     
 b_para_n=    1.243178728988489     
 dxdt=    5.026207789113712        -4333.790189905880      
    4396.828470682547     
 dudt=   -1726739.118307424     
 ---------------------
 rk4
 istep=     19000001
 grad_b=  -0.5365921902900610       -0.1400206234341669      
  -0.1671093120487752     
 bsub=   5.0744879573347820E-002  -5.0681452172693833E-002 
    1.060458621616930     
 bsup=    0.000000000000000       -0.5872391744487470      
    1.024010510887810     
 b_abs=    1.056067099616059     
 g=  -1.1423941113540059E-002
 j=    0.000000000000000        -392.9026429452203      
    11.01157688668319     
 v_perp_2=    38843021.44871851     
 b_n=  -7.4209794305269913E-004  -0.5845888584828054      
    1.024172687698413     
 b_para_n=    1.056067101760248     
 dxdt=   -6.416386117861613        -3179.008245737997      
    5584.823212066596     
 dudt=    1548043.189044442     
 ---------------------
 rk4
 istep=     20000001
 grad_b=   9.0198585258649266E-002  -7.0896734979604012E-002 
   1.1851730474011946E-002
 bsub=   0.1062586048849807        2.2288697058203293E-002 
    1.821122147053561     
 bsup=    0.000000000000000        -1.106501633598193      
    1.020628411868721     
 b_abs=    1.354206818963394     
 g=  -1.3691907082745130E-002
 j=    0.000000000000000        -835.2249861759511      
    466.8064216812459     
 v_perp_2=    49808816.59619720     
 b_n=  -2.5392512458438974E-004   -1.106821597466453      
    1.020647164774701     
 b_para_n=    1.354206847042701     
 dxdt=   -1.874608527843587        -3851.445075075073      
    3550.502349864607     
 dudt=   -1229599.332444770     
 ---------------------
 rk4
 istep=     21000001
 grad_b=  -0.3334211870231911       -1.2662616522766304E-002 
   3.4413627125959606E-002
 bsub=  -3.4573473427092619E-002  -1.1684238839191927E-002 
   0.9602262731038345     
 bsup=    0.000000000000000       -0.1308472417199557      
    1.018601816780274     
 b_abs=   0.9899809932501605     
 g=  -1.6102770348927535E-002
 j=    0.000000000000000         336.8423869076654      
   -10.19579476085480     
 v_perp_2=    36412276.63789991     
 b_n=  -4.6492649402979187E-005  -0.1295858464030391      
    1.018615490582773     
 b_para_n=   0.9899809921517942     
 dxdt=  -0.4234869116351447        -776.9852316255024      
    6138.135989561632     
 dudt=   -681955.4801728663     
 ---------------------
 rk4
 istep=     22000001
 grad_b=   -1.140769667047964       -0.1092103034552163      
   0.1547449475355062     
 bsub=  -2.9104245511093883E-002  -0.1457143826232075      
    1.382456696208898     
 bsup=    0.000000000000000       -0.9196386820511017      
   0.8721971062599344     
 b_abs=    1.157563641384062     
 g=  -2.0072187016641832E-002
 j=    0.000000000000000         782.3210689539906      
    91.25564173854930     
 v_perp_2=    42576077.14726363     
 b_n=  -2.7097459235958331E-004  -0.9163206846221181      
   0.8725411272960761     
 b_para_n=    1.157563642031288     
 dxdt=   -2.188484466616341        -4282.660740306676      
    4089.923460989668     
 dudt=   -3739860.701713179     
 ---------------------
 rk4
 istep=     23000001
 grad_b=   0.7322569499038986       -3.0368465226985462E-002 
  -0.1544324476985356     
 bsub=   2.7904609665410848E-003   7.3972472662119620E-002 
    1.239214868747825     
 bsup=    0.000000000000000       -2.3342601470979829E-002 
    1.118387251057681     
 b_abs=    1.176763621399837     
 g=  -8.8827098874105972E-003
 j=    0.000000000000000        -412.4375101574509      
    140.2687182642258     
 v_perp_2=    43282241.38203510     
 b_n=  -1.1945469517367225E-004  -2.7480374365706176E-002 
    1.118634523111630     
 b_para_n=    1.176763628690917     
 dxdt=  -0.9539267388858695        -139.3433330210216      
    5095.028142490193     
 dudt=    2688106.462597513     
 ---------------------
 rk4
 istep=     24000001
 grad_b=   0.4679097875330928        6.7816316882068906E-002 
   0.1960379030218189     
 bsub=   1.3321506974272005E-003   0.1794178847078827      
    2.023611416164343     
 bsup=    0.000000000000000        -1.282403519734343      
    1.071354041928461     
 b_abs=    1.391610222221531     
 g=  -7.4862878812206289E-003
 j=    0.000000000000000        -878.0471204770230      
    52.18091600146101     
 v_perp_2=    51184422.34630224     
 b_n=   3.3600786129382753E-004   -1.285519994640971      
    1.071630133217100     
 b_para_n=    1.391610220612753     
 dxdt=    2.455999828972640        -4227.153101775340      
    3514.463879896494     
 dudt=   -1626232.371351928     
 ---------------------
 rk4
 istep=     25000001
 grad_b=  -0.4121204463395832        1.0175929665041689E-002 
   3.2231163809084265E-002
 bsub=  -3.3040427206129784E-002  -4.8262839762259847E-002 
   0.9086700102230389     
 bsup=    0.000000000000000       -0.2479733156892718      
    1.068279334602520     
 b_abs=   0.9913379539443634     
 g=  -1.4267657004906471E-002
 j=    0.000000000000000         688.5118534784337      
   -233.0081277378472     
 v_perp_2=    36462097.89226368     
 b_n=   4.8045815311471383E-005  -0.2463123755196803      
    1.068369279002001     
 b_para_n=   0.9913379344100287     
 dxdt=   0.4371389010920972        -1476.065037561651      
    6424.869631643978     
 dudt=   -591936.0486552570     
 ---------------------
 rk4
 istep=     26000001
 grad_b=  -0.7983116955309796       -0.1590916892984393      
   0.1304125367989375     
 bsub=  -9.9593146618576125E-003  -0.1760124468513572      
    1.402956135067403     
 bsup=    0.000000000000000       -0.9608248982920351      
   0.8796874542019206     
 b_abs=    1.184473233506873     
 g=  -1.8898469638981074E-002
 j=    0.000000000000000         243.3047019224890      
   -13.38264332990825     
 v_perp_2=    43565724.18916208     
 b_n=  -4.2130907426278725E-004  -0.9584711735207302      
   0.8799797550448409     
 b_para_n=    1.184473230428956     
 dxdt=   -3.349701061855194        -4306.823826332268      
    3962.588876124238     
 dudt=   -4154508.847110098     
 ---------------------
 rk4
 istep=     27000001
 grad_b=   0.5390796168351600        8.1595635805211272E-002 
  -0.1819533846307267     
 bsub=  -2.0968462050339049E-002   1.9016397431754414E-002 
    1.227724769465494     
 bsup=    0.000000000000000        0.5182399346718856      
   0.9967816438690589     
 b_abs=    1.110752499286960     
 g=  -1.2529875381694804E-002
 j=    0.000000000000000        -431.3091160035299      
    6.920279513737682     
 v_perp_2=    40854202.30162637     
 b_n=   3.9140824510837722E-004   0.5157547257378490      
   0.9968268225365745     
 b_para_n=    1.110752499304458     
 dxdt=    3.256377170036589         2583.158115320408      
    5008.585069861917     
 dudt=    2302727.809527271     
 ---------------------
 rk4
 istep=     28000001
 grad_b=  -0.6917300090923629        0.1211584796910282      
   0.2707546498798610     
 bsub=  -7.0457386385897158E-002  -3.8908104442316058E-002 
    1.610303838042626     
 bsup=    0.000000000000000        -1.182845844444701      
   0.9469855754689098     
 b_abs=    1.253430370942884     
 g=  -1.7316016468654022E-002
 j=    0.000000000000000        -464.9330861116761      
    324.8153746615442     
 v_perp_2=    46101961.95005205     
 b_n=   4.0242195667026588E-004   -1.180703355159651      
   0.9470549677643479     
 b_para_n=    1.253430393986457     
 dxdt=    3.088103569189559        -4785.992380084135      
    3845.357415338407     
 dudt=   -1659238.463088594     
 ---------------------
 rk4
 istep=     29000001
 grad_b=  -0.4112271780010993       -7.2932540535757540E-002 
  -7.9348457700996841E-002
 bsub=   4.2377252453356690E-002  -4.1964194425375745E-002 
   0.8826713662275512     
 bsup=    0.000000000000000       -0.1989222501580300      
    1.157768158590142     
 b_abs=    1.014543930097235     
 g=  -9.4709496951540795E-003
 j=    0.000000000000000        -346.1453707149683      
    130.0856935858984     
 v_perp_2=    37315545.59771205     
 b_n=  -4.2790859901077578E-004  -0.1966494438382089      
    1.157896768118498     
 b_para_n=    1.014543939826809     
 dxdt=   -3.820181512828245        -1134.437928660241      
    6721.904841783466     
 dudt=    1402266.335328891     
 ---------------------
 Elapsed time (seconds):     155.4699310000000     

real	2m35.481s
user	2m35.089s
sys	0m0.019s
>>> [PID 3617919] DONE  u=6000, v_perp=-6000, out=gc_grid/dat97.dat
