>>> [PID 3616680] START u=3000, v_perp=-6000, out=gc_grid/dat91.dat, dt=2e-09, steps=30000000
 outer boundary:   8.3000000000000462E-002
 rk4
 istep=            1
 grad_b=  -0.5028823552923599        4.9319148379294922E-003 
  -7.9832408671713651E-003
 bsub=   8.6923924738491233E-003   4.2252335339968514E-002 
    1.020727086388741     
 bsup=    0.000000000000000        0.5003141307238785      
   0.9181485697307753     
 b_abs=   0.9787596672212181     
 g=  -1.6418725152595244E-002
 j=    0.000000000000000         576.0999574600154      
    59.09527393642118     
 v_perp_2=    35999998.90361959     
 b_n=   1.0718096058689653E-005   0.5013382565136958      
   0.9181060887764331     
 b_para_n=   0.9787596707066973     
 dxdt=   9.8556229334663251E-002    1542.931856950248      
    2813.830214426749     
 dudt=    91361.16606328877     
 ---------------------
 rk4
 istep=      1000001
 grad_b=  -0.4710294652905035       -3.0834831235939955E-002 
   3.2152129705010385E-002
 bsub=   1.5770415785144380E-002   2.8305446031602826E-002 
    1.049146232037744     
 bsup=    0.000000000000000        0.1051626177913687      
   0.9230443301990204     
 b_abs=   0.9855857709739595     
 g=  -1.8292707861814153E-002
 j=    0.000000000000000        -514.7068507684368      
    404.7605916719035     
 v_perp_2=    36251066.80828089     
 b_n=   5.7920678332549745E-005   0.1043011751563930      
   0.9230666854291328     
 b_para_n=   0.9855857545579403     
 dxdt=  -0.5339512062243464        -307.6639938676483      
   -2770.371526501822     
 dudt=   -493269.3400491590     
 ---------------------
 rk4
 istep=      2000001
 grad_b=   0.1161604725968201        0.1778132414566488      
  -0.1379440508091517     
 bsub=  -3.0309139603956453E-002  -4.6396024307848102E-002 
    1.287439568068748     
 bsup=    0.000000000000000       -0.3422890767283677      
   0.9304733436387094     
 b_abs=    1.101928804118042     
 g=  -1.8930451048276082E-002
 j=    0.000000000000000         455.0405837125809      
   -14.56817327977501     
 v_perp_2=    40530304.64671200     
 b_n=   2.1411333282457572E-004  -0.3424289395825444      
   0.9304733432541801     
 b_para_n=    1.101928803205486     
 dxdt=    2.273320610663012        -658.2023897339002      
    1785.210210755671     
 dudt=    3157931.926970037     
 ---------------------
 rk4
 istep=      3000001
 grad_b=  -5.5131436772137443E-002  -0.2002393736541203      
   0.1044017169708188     
 bsub=   4.2258786740844753E-002  -0.1623985140846630      
    1.412193859926552     
 bsup=    0.000000000000000       -0.9189517732514182      
   0.9122102235260837     
 b_abs=    1.198938687053412     
 g=  -1.9610308449730135E-002
 j=    0.000000000000000        -322.3955749223576      
    214.7267442884083     
 v_perp_2=    44098443.89556787     
 b_n=   9.3671086662546935E-005  -0.9189807597631382      
   0.9122040844998935     
 b_para_n=    1.198938683965527     
 dxdt=   -1.888468622490334         728.3510615964350      
   -722.3038962195295     
 dudt=   -4283388.240686952     
 ---------------------
 rk4
 istep=      4000001
 grad_b=   0.3335443418096665        0.1691221532513201      
  -0.1224842902236061     
 bsub=  -6.4801009130627002E-002  -0.1093494078879138      
    1.473793343827051     
 bsup=    0.000000000000000       -0.7955037573505170      
   0.9466398605411780     
 b_abs=    1.217398499438906     
 g=  -1.7916500812608226E-002
 j=    0.000000000000000        -380.6059927980356      
   -643.2884164995003     
 v_perp_2=    44777413.44644839     
 b_n=  -4.3840640353481958E-005  -0.7954138578582144      
   0.9466446062246279     
 b_para_n=    1.217398503232375     
 dxdt=    1.725917361294542         304.7505570054541      
   -367.0476504218966     
 dudt=    3783960.181584751     
 ---------------------
 Particle has exited the domain at step       4446079  s =  
   8.3000003487678872E-002
 Elapsed time (seconds):     22.75708500000000     

real	0m22.767s
user	0m22.711s
sys	0m0.014s
>>> [PID 3616680] DONE  u=3000, v_perp=-6000, out=gc_grid/dat91.dat
