>>> [PID 1251033] START u=-3.99E+04, v_perp=3.92E+04, out=GC2/dat2.dat, steps=8.00E+06
 outer boundary:   8.3000000000000462E-002
 rk4
 istep=            1
 grad_b=  -0.5608109131023727        4.6595287295713404E-002 
  -4.5832668782786960E-002
 bsub=  -3.4506511039116955E-003  -0.2117266154120707      
    1.554791526676822     
 bsup=    0.000000000000000        -1.291338299507830      
   0.9146271561114026     
 b_abs=    1.302160164815977     
 g=  -1.6292191220119753E-002
 j=    0.000000000000000         736.6708926007449      
   -249.6183518265889     
 v_perp_2=    1536641845.892068     
 b_n=  -9.4802294360393704E-004   -1.304515947997064      
   0.9128307023777583     
 b_para_n=    1.302160333126298     
 dxdt=    43.06794296760032         40167.02083513817      
   -27943.81633546726     
 dudt=    46259062.43951493     
 ---------------------
 rk4
 istep=      1000001
 grad_b=   -1.438469089886234       -1.0927504693868439E-002 
  -0.2014933498908366     
 bsub=   0.1189032473036451       -8.4109792981780285E-002 
    1.611599145640146     
 bsup=    0.000000000000000        -1.225755364061980      
   0.9403903573556385     
 b_abs=    1.272296966084486     
 g=  -1.7419396046452429E-002
 j=    0.000000000000000         648.2157414511673      
   -122.5006361876895     
 v_perp_2=    1501398377.220496     
 b_n=   5.1720931126904594E-004   -1.260092418095015      
   0.9385602028989298     
 b_para_n=    1.272297048623507     
 dxdt=   -23.96365312317683         40454.48636652555      
   -29731.04034492094     
 dudt=    81661552.85483146     
 ---------------------
 rk4
 istep=      2000001
 grad_b=   0.6328338167447074       -4.9710289355547936E-002 
  -0.1699662530258570     
 bsub=  -1.5461143931136675E-002   0.1579507286353444      
    2.028033395544211     
 bsup=    0.000000000000000        -1.301273069723345      
    1.055067766471277     
 b_abs=    1.390450929477506     
 g=  -8.5414608318242040E-003
 j=    0.000000000000000        -246.1986290337165      
    23.16681725503007     
 v_perp_2=    1640824750.233660     
 b_n=   1.8074728867441517E-003   -1.269975922097334      
    1.052644007258748     
 b_para_n=    1.390450927354104     
 dxdt=   -77.78941440723486         34751.51046630367      
   -29164.19971133822     
 dudt=    48646738.10185395     
 ---------------------
 rk4
 istep=      3000001
 grad_b=  -0.1725093744655877        0.1257892610683533      
  -0.1246898917611362     
 bsub=  -6.4470182365830811E-002  -0.1357874492681809      
    1.514714134396847     
 bsup=    0.000000000000000        -1.112673101838661      
   0.9322063313437843     
 b_abs=    1.250253748770089     
 g=  -1.7233775282124598E-002
 j=    0.000000000000000         686.8773572921759      
   -406.9679752918660     
 v_perp_2=    1475379753.085708     
 b_n=  -2.7412581544930385E-003   -1.116926385155713      
   0.9317085684608984     
 b_para_n=    1.250253991466009     
 dxdt=    128.9293070132620         36386.09711040872      
   -30293.55132770424     
 dudt=    120907557.7950540     
 ---------------------
 rk4
 istep=      4000001
 grad_b=   -1.406400066977973        5.4261050251492395E-002 
  -0.1603975086608664     
 bsub=   3.3171678063770735E-002  -0.1005290961243620      
    1.332643939198746     
 bsup=    0.000000000000000       -0.8872547569571965      
   0.8913488273851649     
 b_abs=    1.130123821253108     
 g=  -1.9134959507743632E-002
 j=    0.000000000000000         1283.644989178812      
   -339.4760876784219     
 v_perp_2=    1333616417.661165     
 b_n=  -1.0190172825884981E-003  -0.9211508438840533      
   0.8888174281100963     
 b_para_n=    1.130124074823604     
 dxdt=    52.39367972060651         35005.56522060480      
   -33286.10494067310     
 dudt=    99778916.86557223     
 ---------------------
 rk4
 istep=      5000001
 grad_b=   0.5170975170805887       -7.8484067659195550E-002 
  -0.1954936960530654     
 bsub=   6.2130328517136617E-002   7.8929404682141033E-002 
    1.572126661371899     
 bsup=    0.000000000000000        -1.076772415432422      
    1.056006528458423     
 b_abs=    1.255435068485533     
 g=  -9.7451717700893677E-003
 j=    0.000000000000000         241.7434815229149      
   -115.7550168631598     
 v_perp_2=    1481488232.086006     
 b_n=   2.9842562506053804E-003   -1.053964514763174      
    1.054743552859564     
 b_para_n=    1.255435123630938     
 dxdt=   -139.8590921455446         33740.59058331174      
   -34078.99627049183     
 dudt=    57306087.23057008     
 ---------------------
 rk4
 istep=      6000001
 grad_b=    1.129478928613383        2.0470072811989513E-002 
  -0.1703498919151860     
 bsub=  -0.1129253998927078        5.0992534526361877E-002 
    1.657539427373574     
 bsup=    0.000000000000000       -0.8849419496068343      
    1.031049067309893     
 b_abs=    1.289941821007468     
 g=  -1.1649273210829411E-002
 j=    0.000000000000000        -1004.482805746270      
    15.93233301491095     
 v_perp_2=    1522205261.902085     
 b_n=  -9.2186701356284913E-004  -0.8448597891036488      
    1.029753180778569     
 b_para_n=    1.289941828864747     
 dxdt=    42.21469009691561         25661.04817060255      
   -31976.93972280588     
 dudt=    88624228.19222178     
 ---------------------
 rk4
 istep=      7000001
 grad_b=   -1.166962570583359        2.3579562065985028E-002 
  -8.2811993759304120E-002
 bsub=  -1.0277118688049112E-002  -5.3667322358761441E-002 
    1.107374396007425     
 bsup=    0.000000000000000       -0.5741236304994936      
   0.9351189666603232     
 b_abs=    1.032561409838793     
 g=  -1.7852037625920011E-002
 j=    0.000000000000000         1039.817617444841      
   -459.4088003149981     
 v_perp_2=    1218479349.347007     
 b_n=  -5.2049171775498553E-004  -0.6051876999810536      
   0.9336089439865789     
 b_para_n=    1.032561714072036     
 dxdt=    29.05764611928256         26035.29039533309      
   -39496.71150186958     
 dudt=    51985879.97361064     
 ---------------------
 Elapsed time (seconds):     44.30283300000000     

real	0m44.316s
user	0m44.155s
sys	0m0.024s
>>> [PID 1251033] DONE  u=-3.99E+04, v_perp=3.92E+04, out=GC2/dat2.dat
