>>> [PID 1251033] START u=3.84E+03, v_perp=1.63E+05, out=GC2/dat5.dat, steps=8.00E+06
 outer boundary:   8.3000000000000462E-002
 rk4
 istep=            1
 grad_b=  -0.5608168503680517        4.6603414521382967E-002 
  -4.5841119028772664E-002
 bsub=  -3.4493167668634950E-003  -0.2117260022660359      
    1.554789560266058     
 bsup=    0.000000000000000        -1.291333001332909      
   0.9146266801637206     
 b_abs=    1.302158450031087     
 g=  -1.6292216830086914E-002
 j=    0.000000000000000         736.5477383276045      
   -249.6274861989992     
 v_perp_2=    26568996927.94299     
 b_n=   9.1263634584991946E-005   -1.290064630561336      
   0.9147995915225360     
 b_para_n=    1.302158433831442     
 dxdt=    242.7082727606003        -435.4191340571569      
    3157.338735088332     
 dudt=    799976964.1089323     
 ---------------------
 Particle has exited the domain at step         86150  s =  
   8.3000080782503483E-002
 Elapsed time (seconds):    0.5810510000000000     

real	0m0.591s
user	0m0.572s
sys	0m0.017s
>>> [PID 1251033] DONE  u=3.84E+03, v_perp=1.63E+05, out=GC2/dat5.dat
