>>> [PID 1251033] START u=-1.57E+05, v_perp=1.25E+05, out=GC2/dat7.dat, steps=8.00E+06
 outer boundary:   8.3000000000000462E-002
 rk4
 istep=            1
 grad_b=  -0.5608005753815328        4.6572447803693351E-002 
  -4.5808247789518038E-002
 bsub=  -3.4552979134623955E-003  -0.2117292825088901      
    1.554795859355288     
 bsup=    0.000000000000000        -1.291352458610994      
   0.9146281260370211     
 b_abs=    1.302164753999019     
 g=  -1.6292132329736607E-002
 j=    0.000000000000000         736.8543150849086      
   -249.5455925765261     
 v_perp_2=    15625073836.36556     
 b_n=  -3.7285004846490622E-003   -1.343203329808825      
   0.9075594369224181     
 b_para_n=    1.302165416180717     
 dxdt=    592.0203581494086         163929.0283861608      
   -109152.6853164027     
 dudt=    470136475.7507313     
 ---------------------
 rk4
 istep=      1000001
 grad_b=  -0.7601449165109746       -2.9514153559482840E-002 
  -3.4630251580705269E-002
 bsub=   1.2640939955006583E-002  -7.5503209405055435E-002 
   0.8789933013510614     
 bsup=    0.000000000000000       -0.4245537965755926      
    1.108190805132982     
 b_abs=    1.003077906394622     
 g=  -1.1036275680047886E-002
 j=    0.000000000000000        -334.2158062846223      
    2.692663498718780     
 v_perp_2=    12035899322.79522     
 b_n=   4.5210731938043506E-003  -0.5302639241162457      
    1.099045496191173     
 b_para_n=    1.003077845793224     
 dxdt=   -918.8112029146704         92607.28748619472      
   -183792.5627400057     
 dudt=    154590002.0551974     
 ---------------------
 rk4
 istep=      2000001
 grad_b=   -1.470138208332991       -8.0969622868912374E-003 
   0.1513512374103009     
 bsub=  -2.7800500778143930E-002  -7.4129137200501211E-002 
    1.234355780276506     
 bsup=    0.000000000000000       -0.8265932885402647      
   0.9066318992274643     
 b_abs=    1.086554089281019     
 g=  -1.7987355508095403E-002
 j=    0.000000000000000         321.0091489627210      
   -458.2620792763737     
 v_perp_2=    13037164899.79457     
 b_n=  -9.9596111527553780E-005  -0.9737896155229231      
   0.8977907460566145     
 b_para_n=    1.086555172539871     
 dxdt=    18.74807173929804         153258.8506071060      
   -136043.1797094194     
 dudt=   -794609372.2565745     
 ---------------------
 rk4
 istep=      3000001
 grad_b=   -1.458572393739707       -4.4114415676957987E-002 
  -0.1862003910197107     
 bsub=   5.9489270327482677E-002  -5.5196445308020210E-002 
    1.285643236266432     
 bsup=    0.000000000000000       -0.9308262523522006      
   0.9337418117133061     
 b_abs=    1.118799973073366     
 g=  -1.5874211326266187E-002
 j=    0.000000000000000         1440.865086896063      
   -5.997230776391092     
 v_perp_2=    13423693041.18876     
 b_n=   5.7796750099406748E-003   -1.091652502966048      
   0.9265697613664586     
 b_para_n=    1.118800123213328     
 dxdt=   -1058.096675713458         165772.4657100312      
   -135443.7974102322     
 dudt=    712085480.0488960     
 ---------------------
 rk4
 istep=      4000001
 grad_b=  -0.6163684393921687       -2.5465387044437998E-003 
  -5.4694719466530078E-003
 bsub=   2.0231371161641143E-002  -6.3378695625967013E-002 
   0.8854286387867338     
 bsup=    0.000000000000000       -0.2948978374102462      
    1.107660648846104     
 b_abs=   0.9992963396385460     
 g=  -1.1976957404686257E-002
 j=    0.000000000000000        -369.5289120545227      
    97.00634881891983     
 v_perp_2=    11989528984.68477     
 b_n=   3.8268979062952156E-004  -0.3751647981884254      
    1.101906148429787     
 b_para_n=   0.9992960976129008     
 dxdt=   -78.05662120579959         66002.76934215410      
   -185243.7227882304     
 dudt=    31861130.40708665     
 ---------------------
 rk4
 istep=      5000001
 grad_b=  -0.7048323734132784       -1.4511855905848773E-002 
  -2.5597438945899995E-003
 bsub=   7.1152142319772363E-002  -0.1618172254999993      
    1.633620212440871     
 bsup=    0.000000000000000        -1.335655127323181      
   0.9383827885667788     
 b_abs=    1.322478508592717     
 g=  -1.6326695031496578E-002
 j=    0.000000000000000         713.3090638997224      
   -445.0909934700331     
 v_perp_2=    15866591549.56593     
 b_n=   1.3806332455502067E-003   -1.401550856325439      
   0.9317961961066105     
 b_para_n=    1.322479498006589     
 dxdt=   -216.1116094157291         168099.8523789304      
   -109823.1096984935     
 dudt=   -77025573.01752833     
 ---------------------
 rk4
 istep=      6000001
 grad_b=   0.4430577568381364       -6.1628890094184215E-002 
  -0.1338241561646384     
 bsub=   5.7055462484960011E-002   2.8965289833536030E-002 
    1.111766913776943     
 bsup=    0.000000000000000       -0.4016418919857296      
    1.122695194722215     
 b_abs=    1.111645113426043     
 g=  -9.2974502992665756E-003
 j=    0.000000000000000        -228.4201293285225      
   -59.55494957276278     
 v_perp_2=    13336729304.72969     
 b_n=   9.6601330719180336E-003  -0.3268879652121351      
    1.120251974721432     
 b_para_n=    1.111645240584726     
 dxdt=   -1779.309482457824         45530.31906486759      
   -165307.1935397523     
 dudt=    677167180.3643810     
 ---------------------
 rk4
 istep=      7000001
 grad_b=   -1.883856245213207       -3.9402874796369669E-002 
   0.1319138089249210     
 bsub=   1.0106820700824779E-002  -4.2820458645812923E-002 
    1.252622511464618     
 bsup=    0.000000000000000       -0.6964568222094496      
   0.9611746200988767     
 b_abs=    1.110827962564042     
 g=  -1.5972753788297010E-002
 j=    0.000000000000000         71.43466776916500      
   -609.3164659161292     
 v_perp_2=    13326537403.76318     
 b_n=   3.8084306226681551E-003  -0.9021858234282792      
   0.9541123068366452     
 b_para_n=    1.110829302770765     
 dxdt=   -701.9701215372296         140841.4038312901      
   -140739.2912728084     
 dudt=   -832874336.3558222     
 ---------------------
 Elapsed time (seconds):     44.11180900000000     

real	0m44.127s
user	0m43.997s
sys	0m0.032s
>>> [PID 1251033] DONE  u=-1.57E+05, v_perp=1.25E+05, out=GC2/dat7.dat
