>>> [PID 1251033] START u=1.07E+04, v_perp=3.97E+04, out=GC2/dat8.dat, steps=8.00E+06
 outer boundary:   8.3000000000000462E-002
 rk4
 istep=            1
 grad_b=  -0.5608164632837083        4.6604945703238233E-002 
  -4.5842871270913715E-002
 bsub=  -3.4488521723842983E-003  -0.2117256621075764      
    1.554789472941583     
 bsup=    0.000000000000000        -1.291332175152953      
   0.9146266777413137     
 b_abs=    1.302158181070844     
 g=  -1.6292218557993697E-002
 j=    0.000000000000000         736.5632022822504      
   -249.6404010905881     
 v_perp_2=    1576089492.222887     
 b_n=   2.5428466084251268E-004   -1.287798274723958      
   0.9151084378997932     
 b_para_n=    1.302158135933879     
 dxdt=    16.47160771386729        -10382.15689519424      
    7546.829237403315     
 dudt=    47456809.45438801     
 ---------------------
 rk4
 istep=      1000001
 grad_b=   0.5872123426551892        5.4254144240613547E-002 
   0.1706275568322748     
 bsub=   2.1025204903546590E-002   0.1726384568862279      
    2.019881211034446     
 bsup=    0.000000000000000        -1.195309114758669      
    1.067260162706072     
 b_abs=    1.396102883658864     
 g=  -8.1829245740822967E-003
 j=    0.000000000000000         136.4999361758441      
   -115.2492947701493     
 v_perp_2=    1689796586.092823     
 b_n=  -4.6520466982018696E-005   -1.194622594454224      
    1.067201971185114     
 b_para_n=    1.396102884907914     
 dxdt=    31.83742615259306         287.9688686196419      
   -636.8002807120263     
 dudt=   -50827118.39366197     
 ---------------------
 rk4
 istep=      2000001
 grad_b=  -0.7653281296195503       -0.1221323963902272      
   0.1175515247304396     
 bsub=  -2.6721259315392140E-002  -0.2165737743538912      
    1.491023430507434     
 bsup=    0.000000000000000        -1.165554845792802      
   0.8913946661016001     
 b_abs=    1.257599175293448     
 g=  -1.7894286268891318E-002
 j=    0.000000000000000         7.005404431236173      
   -300.0890477516049     
 v_perp_2=    1522155812.499388     
 b_n=   7.5147178228061255E-004   -1.171014119706826      
   0.8906152052607322     
 b_para_n=    1.257599223725042     
 dxdt=   -42.79755112025553         12338.89419929294      
   -9154.381626087754     
 dudt=   -118927553.4232671     
 ---------------------
 rk4
 istep=      3000001
 grad_b=   0.2865082831771275       -7.8178243440155171E-002 
  -0.1549611224569307     
 bsub=   7.2814000359382319E-002   0.1241822644811895      
    2.005748622937800     
 bsup=    0.000000000000000        -1.413944429014023      
    1.051659201879111     
 b_abs=    1.390441127222425     
 g=  -1.0034377239591030E-002
 j=    0.000000000000000        -1277.485447420924      
    552.8783747444927     
 v_perp_2=    1682942826.088483     
 b_n=   2.0500626058869440E-004   -1.413071172144845      
    1.051597681123178     
 b_para_n=    1.390441109364730     
 dxdt=   -45.30137677324839         2617.296150425437      
   -2076.613023439523     
 dudt=    22818433.54406589     
 ---------------------
 rk4
 istep=      4000001
 grad_b=    1.140526271907954       -3.5050841350389078E-002 
   0.1662214580075181     
 bsub=   7.9679768745876928E-002   3.3114232719347492E-002 
    1.450471760517289     
 bsup=    0.000000000000000       -0.4627705401798123      
    1.031406835681989     
 b_abs=    1.216767415464800     
 g=  -1.1663674431574426E-002
 j=    0.000000000000000        -385.3035791255600      
   -83.70413026733465     
 v_perp_2=    1472733993.063376     
 b_n=   5.0381676680634642E-004  -0.4480966222913872      
    1.031044168752574     
 b_para_n=    1.216767433048885     
 dxdt=   -26.76923014136168         4833.824849110795      
   -12491.87989061932     
 dudt=   -93337667.43481176     
 ---------------------
 rk4
 istep=      5000001
 grad_b=  -0.5881744799488290       -2.2646931092626211E-002 
  -2.7233341548065570E-002
 bsub=   2.5581087783532443E-002  -6.0196147285862284E-002 
   0.8627635195767371     
 bsup=    0.000000000000000       -0.1759395908418824      
    1.164388487203171     
 b_abs=    1.007555154744248     
 g=  -9.8683019216639304E-003
 j=    0.000000000000000         159.7755900524201      
    97.38880882936945     
 v_perp_2=    1219510123.209316     
 b_n=   4.8000952184867998E-004  -0.1874254114856120      
    1.163572849578311     
 b_para_n=    1.007555133831210     
 dxdt=   -23.72431324626736         4357.666074109551      
   -25042.24176432327     
 dudt=    16653292.78997707     
 ---------------------
 rk4
 istep=      6000001
 grad_b=   0.6031290932509634        8.2089801754531899E-002 
  -0.1478854913488381     
 bsub=  -5.2433217642750232E-002  -5.1708818621369959E-004 
    1.254237712392354     
 bsup=    0.000000000000000       -0.1194743931218800      
   0.9932914073173277     
 b_abs=    1.116139180036641     
 g=  -1.4692317357933729E-002
 j=    0.000000000000000        -97.95059959106209      
    193.7422177960192     
 v_perp_2=    1350936144.487845     
 b_n=  -1.0837464236747806E-003  -0.1115876459507509      
   0.9932493108897255     
 b_para_n=    1.116139132767677     
 dxdt=    53.48242083527753         1583.526426632393      
   -16398.92000849809     
 dudt=    84964880.12722749     
 ---------------------
 rk4
 istep=      7000001
 grad_b=  -0.2754765996688295        3.6610242581749011E-002 
   5.6052470345414780E-002
 bsub=  -4.3794202693344372E-002  -3.2814321723546147E-002 
   0.9037945997801866     
 bsup=    0.000000000000000       -4.8800912199872037E-002 
    1.144102219940517     
 b_abs=    1.017335692680437     
 g=  -1.0774448224674389E-002
 j=    0.000000000000000        -699.4576626264957      
    115.6948115920890     
 v_perp_2=    1231347597.780394     
 b_n=  -7.0219239747978436E-004  -5.3756821670612340E-002 
    1.143888219905280     
 b_para_n=    1.017335657969957     
 dxdt=    34.62153535089685         1272.324959986073      
   -24089.43746188322     
 dudt=   -37086093.87746155     
 ---------------------
 Elapsed time (seconds):     44.29497400000000     

real	0m44.308s
user	0m44.150s
sys	0m0.022s
>>> [PID 1251033] DONE  u=1.07E+04, v_perp=3.97E+04, out=GC2/dat8.dat
