>>> [PID 1251820] START u=1.74E+04, v_perp=1.93E+05, out=GC3/dat3.dat, steps=8.00E+06
 outer boundary:   8.3000000000000462E-002
 rk4
 istep=            1
 grad_b=  -0.5608189000748359        4.6605893355637674E-002 
  -4.5843670989744706E-002
 bsub=  -3.4489435776562109E-003  -0.2117258508266809      
    1.554788915541407     
 bsup=    0.000000000000000        -1.291331357876138      
   0.9146265211479679     
 b_abs=    1.302157918362116     
 g=  -1.6292225133765419E-002
 j=    0.000000000000000         736.5040561732437      
   -249.6285001175315     
 v_perp_2=    37248980484.35666     
 b_n=   4.1353041037615277E-004   -1.285584445883104      
   0.9154099718697927     
 b_para_n=    1.302157844963770     
 dxdt=    345.4369349229111        -12455.39042817192      
    12876.51245685507     
 dudt=    1121606323.673175     
 ---------------------
 Particle has exited the domain at step         55683  s =  
   8.3000444647947577E-002
 Elapsed time (seconds):    0.3809890000000000     

real	0m0.392s
user	0m0.374s
sys	0m0.017s
>>> [PID 1251820] DONE  u=1.74E+04, v_perp=1.93E+05, out=GC3/dat3.dat
